#-----------------------------------------------------------
# Vivado v2025.1 (64-bit)
# SW Build 6140274 on Wed May 21 22:58:25 MDT 2025
# IP Build 6138677 on Thu May 22 03:10:11 MDT 2025
# SharedData Build 6139179 on Tue May 20 17:58:58 MDT 2025
# Start of session at: Wed Jul  2 01:26:47 2025
# Process ID         : 1248709
# Current directory  : /home/noy00y/Documents/Github/Drone
# Command line       : vivado -mode batch -source /scripts/vitis_hls/hls.tcl -tclargs -f hls_run.tcl
# Log file           : /home/noy00y/Documents/Github/Drone/vivado.log
# Journal file       : /home/noy00y/Documents/Github/Drone/vivado.jou
# Running On         : noy00y
# Platform           : Ubuntu
# Operating System   : Ubuntu 24.04.2 LTS
# Processor Detail   : 11th Gen Intel(R) Core(TM) i5-1135G7 @ 2.40GHz
# CPU Frequency      : 3418.640 MHz
# CPU Physical cores : 4
# CPU Logical cores  : 8
# Host memory        : 16450 MB
# Swap memory        : 4294 MB
# Total Virtual      : 20745 MB
# Available Virtual  : 11193 MB
#-----------------------------------------------------------
source /scripts/vitis_hls/hls.tcl
couldn't read file "/scripts/vitis_hls/hls.tcl": no such file or directory
INFO: [Common 17-206] Exiting Vivado at Wed Jul  2 01:26:49 2025...
