

================================================================
== Vitis HLS Report for 'Block_entry_proc'
================================================================
* Date:           Wed Jul  9 22:27:38 2025

* Version:        2025.1 (Build 6135595 on May 21 2025)
* Project:        cnn_accel
* Solution:       hls (Vivado IP Flow Target)
* Product family: artix7
* Target device:  xc7a100t-fgg484-2L


================================================================
== Performance Estimates
================================================================
+ Timing: 
    * Summary: 
    +--------+----------+----------+------------+
    |  Clock |  Target  | Estimated| Uncertainty|
    +--------+----------+----------+------------+
    |ap_clk  |  10.00 ns|  7.300 ns|     2.70 ns|
    +--------+----------+----------+------------+

+ Latency: 
    * Summary: 
    +---------+---------+-----------+-----------+-----+---------+---------+
    |  Latency (cycles) |   Latency (absolute)  |    Interval   | Pipeline|
    |   min   |   max   |    min    |    max    | min |   max   |   Type  |
    +---------+---------+-----------+-----------+-----+---------+---------+
    |        2|  7337000|  20.000 ns|  73.370 ms|    2|  7337000|       no|
    +---------+---------+-----------+-----------+-----+---------+---------+

    + Detail: 
        * Instance: 
        +---------------------------+----------------+---------+---------+-----------+-----------+---------+---------+------------------------------------------------+
        |                           |                |  Latency (cycles) |   Latency (absolute)  |      Interval     |                    Pipeline                    |
        |          Instance         |     Module     |   min   |   max   |    min    |    max    |   min   |   max   |                      Type                      |
        +---------------------------+----------------+---------+---------+-----------+-----------+---------+---------+------------------------------------------------+
        |grp_stream_img_fu_112      |stream_img      |   230412|   230412|   2.304 ms|   2.304 ms|   230412|   230412|                                              no|
        |grp_fc2_fu_121             |fc2             |        6|        6|  60.000 ns|  60.000 ns|        6|        6|                                              no|
        |grp_conv1_stream_fu_129    |conv1_stream    |   922081|  2304481|   9.221 ms|  23.045 ms|   922081|  2304481|                                              no|
        |grp_pool1_stream_fu_135    |pool1_stream    |  2421891|  2421891|  24.219 ms|  24.219 ms|  2421890|  2421890|  loop auto-rewind stp (delay=0 clock cycles(s))|
        |grp_conv2_stream_fu_143    |conv2_stream    |   416501|  1059815|   4.165 ms|  10.598 ms|   416501|  1059815|                                              no|
        |grp_pool2_stream_fu_149    |pool2_stream    |  1175619|  1175619|  11.756 ms|  11.756 ms|  1175618|  1175618|  loop auto-rewind stp (delay=0 clock cycles(s))|
        |grp_flatten_stream_fu_157  |flatten_stream  |   144770|   144770|   1.448 ms|   1.448 ms|   144769|   144769|  loop auto-rewind stp (delay=0 clock cycles(s))|
        +---------------------------+----------------+---------+---------+-----------+-----------+---------+---------+------------------------------------------------+

        * Loop: 
        N/A

============================================================
+ Verbose Summary: Synthesis Manager
============================================================
InlineROM: 1
ExposeGlobal: 0
============================================================
+ Verbose Summary: CDFG Model
============================================================
IsTopModel: 0
ResetActiveHigh: 1
IsCombinational: 2
IsDatapathOnly: 0
HasWiredReturn: 1
HasMFsm: 0
HasVarLatency: 1
IsPipeline: 0
IsRtlPipelined: 0
IsInstanceOverlapped: 0
IsDontTouch: 0
HasImplIP: 0
IsGatedGlobalClock: 0


============================================================
+ Verbose Summary: Schedule
============================================================
* Number of FSM states : 13
* Pipeline : 0
* Dataflow Pipeline: 0

* FSM state transitions: 
1 --> 2 
2 --> 3 13 
3 --> 4 
4 --> 5 
5 --> 6 
6 --> 7 
7 --> 8 
8 --> 9 
9 --> 10 
10 --> 11 
11 --> 12 
12 --> 13 
13 --> 

* FSM state operations: 

State 1 <SV = 0> <Delay = 2.18>
ST_1 : Operation 14 [1/1] (0.00ns)   --->   "%ctrl_read = read i32 @_ssdm_op_Read.ap_auto.i32, i32 %ctrl"   --->   Operation 14 'read' 'ctrl_read' <Predicate = true> <Delay = 0.00>
ST_1 : Operation 15 [1/1] (0.00ns)   --->   "%feat2_p_strm = alloca i64 1"   --->   Operation 15 'alloca' 'feat2_p_strm' <Predicate = true> <Delay = 0.00> <CoreInst = "FIFO_SRL">   --->   Core 80 'FIFO_SRL' <Latency = 0> <II = 1> <Delay = 3.18> <Storage> <Opcode : 'read' 'write' 'nbread' 'nbwrite'> <Ports = 0> <Width = 16> <Depth = 2> <FIFO>
ST_1 : Operation 16 [1/1] (0.00ns)   --->   "%feat2_strm = alloca i64 1"   --->   Operation 16 'alloca' 'feat2_strm' <Predicate = true> <Delay = 0.00> <CoreInst = "FIFO_SRL">   --->   Core 80 'FIFO_SRL' <Latency = 0> <II = 1> <Delay = 3.18> <Storage> <Opcode : 'read' 'write' 'nbread' 'nbwrite'> <Ports = 0> <Width = 16> <Depth = 2> <FIFO>
ST_1 : Operation 17 [1/1] (0.00ns)   --->   "%feat1_p_strm = alloca i64 1"   --->   Operation 17 'alloca' 'feat1_p_strm' <Predicate = true> <Delay = 0.00> <CoreInst = "FIFO_SRL">   --->   Core 80 'FIFO_SRL' <Latency = 0> <II = 1> <Delay = 3.18> <Storage> <Opcode : 'read' 'write' 'nbread' 'nbwrite'> <Ports = 0> <Width = 16> <Depth = 2> <FIFO>
ST_1 : Operation 18 [1/1] (0.00ns)   --->   "%feat1_strm = alloca i64 1"   --->   Operation 18 'alloca' 'feat1_strm' <Predicate = true> <Delay = 0.00> <CoreInst = "FIFO_SRL">   --->   Core 80 'FIFO_SRL' <Latency = 0> <II = 1> <Delay = 3.18> <Storage> <Opcode : 'read' 'write' 'nbread' 'nbwrite'> <Ports = 0> <Width = 16> <Depth = 2> <FIFO>
ST_1 : Operation 19 [1/1] (0.00ns)   --->   "%img_strm = alloca i64 1"   --->   Operation 19 'alloca' 'img_strm' <Predicate = true> <Delay = 0.00> <CoreInst = "FIFO_SRL">   --->   Core 80 'FIFO_SRL' <Latency = 0> <II = 1> <Delay = 3.18> <Storage> <Opcode : 'read' 'write' 'nbread' 'nbwrite'> <Ports = 0> <Width = 16> <Depth = 2> <FIFO>
ST_1 : Operation 20 [1/1] (2.18ns)   --->   "%icmp_ln291 = icmp_eq  i32 %ctrl_read, i32 1" [../hls_files/conv_pool.cpp:291->../hls_files/conv_pool.cpp:291]   --->   Operation 20 'icmp' 'icmp_ln291' <Predicate = true> <Delay = 2.18> <CoreInst = "Cmp">   --->   Core 9 'Cmp' <Latency = 0> <II = 1> <Delay = 2.18> <FuncUnit> <Opcode : 'seteq' 'setne' 'setle' 'setge' 'setlt' 'setgt'> <InPorts = 2> <OutPorts = 1>

State 2 <SV = 1> <Delay = 7.30>
ST_2 : Operation 21 [1/1] (0.00ns)   --->   "%specinterface_ln0 = specinterface void @_ssdm_op_SpecInterface, i8 %Foutmem, void @empty_29, i32 0, i32 0, void @empty_20, i32 0, i32 1, void @empty_38, void @empty_32, void @empty_20, i32 16, i32 16, i32 16, i32 16, void @empty_20, void @empty_20, i32 4294967295, i32 0, i32 0"   --->   Operation 21 'specinterface' 'specinterface_ln0' <Predicate = true> <Delay = 0.00>
ST_2 : Operation 22 [1/1] (0.00ns)   --->   "%specinterface_ln0 = specinterface void @_ssdm_op_SpecInterface, i16 %IMGmem, void @empty_29, i32 0, i32 0, void @empty_20, i32 0, i32 230400, void @empty_25, void @empty_32, void @empty_20, i32 16, i32 16, i32 16, i32 16, void @empty_20, void @empty_20, i32 4294967295, i32 0, i32 0"   --->   Operation 22 'specinterface' 'specinterface_ln0' <Predicate = true> <Delay = 0.00>
ST_2 : Operation 23 [1/1] (0.00ns)   --->   "%flag_out_read = read i64 @_ssdm_op_Read.ap_auto.i64, i64 %flag_out"   --->   Operation 23 'read' 'flag_out_read' <Predicate = true> <Delay = 0.00>
ST_2 : Operation 24 [1/1] (0.00ns)   --->   "%img_in_read = read i64 @_ssdm_op_Read.ap_auto.i64, i64 %img_in"   --->   Operation 24 'read' 'img_in_read' <Predicate = true> <Delay = 0.00>
ST_2 : Operation 25 [1/1] (0.00ns)   --->   "%empty = specchannel i32 @_ssdm_op_SpecChannel, void @feat2_p_strm_str, i32 1, void @p_str, void @p_str, i32 2, i32 2, i16 %feat2_p_strm, i16 %feat2_p_strm"   --->   Operation 25 'specchannel' 'empty' <Predicate = true> <Delay = 0.00>
ST_2 : Operation 26 [1/1] (0.00ns)   --->   "%empty_85 = specchannel i32 @_ssdm_op_SpecChannel, void @feat2_strm_str, i32 1, void @p_str, void @p_str, i32 2, i32 2, i16 %feat2_strm, i16 %feat2_strm"   --->   Operation 26 'specchannel' 'empty_85' <Predicate = true> <Delay = 0.00>
ST_2 : Operation 27 [1/1] (0.00ns)   --->   "%empty_86 = specchannel i32 @_ssdm_op_SpecChannel, void @feat1_p_strm_str, i32 1, void @p_str, void @p_str, i32 2, i32 2, i16 %feat1_p_strm, i16 %feat1_p_strm"   --->   Operation 27 'specchannel' 'empty_86' <Predicate = true> <Delay = 0.00>
ST_2 : Operation 28 [1/1] (0.00ns)   --->   "%empty_87 = specchannel i32 @_ssdm_op_SpecChannel, void @feat1_strm_str, i32 1, void @p_str, void @p_str, i32 2, i32 2, i16 %feat1_strm, i16 %feat1_strm"   --->   Operation 28 'specchannel' 'empty_87' <Predicate = true> <Delay = 0.00>
ST_2 : Operation 29 [1/1] (0.00ns)   --->   "%empty_88 = specchannel i32 @_ssdm_op_SpecChannel, void @img_strm_str, i32 1, void @p_str, void @p_str, i32 2, i32 2, i16 %img_strm, i16 %img_strm"   --->   Operation 29 'specchannel' 'empty_88' <Predicate = true> <Delay = 0.00>
ST_2 : Operation 30 [1/1] (0.00ns)   --->   "%specinterface_ln0 = specinterface void @_ssdm_op_SpecInterface, i16 %img_strm, void @empty_33, i32 0, i32 0, void @empty_20, i32 0, i32 0, void @empty_20, void @empty_20, void @empty_20, i32 0, i32 0, i32 0, i32 0, void @empty_20, void @empty_20, i32 4294967295, i32 0, i32 0"   --->   Operation 30 'specinterface' 'specinterface_ln0' <Predicate = true> <Delay = 0.00>
ST_2 : Operation 31 [1/1] (0.00ns)   --->   "%specinterface_ln0 = specinterface void @_ssdm_op_SpecInterface, i16 %feat1_strm, void @empty_33, i32 0, i32 0, void @empty_20, i32 0, i32 0, void @empty_20, void @empty_20, void @empty_20, i32 0, i32 0, i32 0, i32 0, void @empty_20, void @empty_20, i32 4294967295, i32 0, i32 0"   --->   Operation 31 'specinterface' 'specinterface_ln0' <Predicate = true> <Delay = 0.00>
ST_2 : Operation 32 [1/1] (0.00ns)   --->   "%specinterface_ln0 = specinterface void @_ssdm_op_SpecInterface, i16 %feat1_p_strm, void @empty_33, i32 0, i32 0, void @empty_20, i32 0, i32 0, void @empty_20, void @empty_20, void @empty_20, i32 0, i32 0, i32 0, i32 0, void @empty_20, void @empty_20, i32 4294967295, i32 0, i32 0"   --->   Operation 32 'specinterface' 'specinterface_ln0' <Predicate = true> <Delay = 0.00>
ST_2 : Operation 33 [1/1] (0.00ns)   --->   "%specinterface_ln0 = specinterface void @_ssdm_op_SpecInterface, i16 %feat2_strm, void @empty_33, i32 0, i32 0, void @empty_20, i32 0, i32 0, void @empty_20, void @empty_20, void @empty_20, i32 0, i32 0, i32 0, i32 0, void @empty_20, void @empty_20, i32 4294967295, i32 0, i32 0"   --->   Operation 33 'specinterface' 'specinterface_ln0' <Predicate = true> <Delay = 0.00>
ST_2 : Operation 34 [1/1] (0.00ns)   --->   "%specinterface_ln0 = specinterface void @_ssdm_op_SpecInterface, i16 %feat2_p_strm, void @empty_33, i32 0, i32 0, void @empty_20, i32 0, i32 0, void @empty_20, void @empty_20, void @empty_20, i32 0, i32 0, i32 0, i32 0, void @empty_20, void @empty_20, i32 4294967295, i32 0, i32 0"   --->   Operation 34 'specinterface' 'specinterface_ln0' <Predicate = true> <Delay = 0.00>
ST_2 : Operation 35 [1/1] (0.00ns)   --->   "%br_ln291 = br i1 %icmp_ln291, void %if.end.i, void %.exitStub" [../hls_files/conv_pool.cpp:291->../hls_files/conv_pool.cpp:291]   --->   Operation 35 'br' 'br_ln291' <Predicate = true> <Delay = 0.00>
ST_2 : Operation 36 [2/2] (7.30ns)   --->   "%call_ln308 = call void @stream_img, i16 %IMGmem, i64 %img_in_read, i16 %img_strm" [../hls_files/conv_pool.cpp:308->../hls_files/conv_pool.cpp:291]   --->   Operation 36 'call' 'call_ln308' <Predicate = (!icmp_ln291)> <Delay = 7.30> <CoreType = "Generic">   --->   Generic Core
ST_2 : Operation 37 [2/2] (7.30ns)   --->   "%call_ln315 = call void @fc2, i8 %Foutmem, i64 %flag_out_read" [../hls_files/conv_pool.cpp:315->../hls_files/conv_pool.cpp:291]   --->   Operation 37 'call' 'call_ln315' <Predicate = (!icmp_ln291)> <Delay = 7.30> <CoreType = "Generic">   --->   Generic Core

State 3 <SV = 2> <Delay = 0.00>
ST_3 : Operation 38 [1/2] (0.00ns)   --->   "%call_ln308 = call void @stream_img, i16 %IMGmem, i64 %img_in_read, i16 %img_strm" [../hls_files/conv_pool.cpp:308->../hls_files/conv_pool.cpp:291]   --->   Operation 38 'call' 'call_ln308' <Predicate = true> <Delay = 0.00> <CoreType = "Generic">   --->   Generic Core
ST_3 : Operation 39 [1/2] (0.00ns)   --->   "%call_ln315 = call void @fc2, i8 %Foutmem, i64 %flag_out_read" [../hls_files/conv_pool.cpp:315->../hls_files/conv_pool.cpp:291]   --->   Operation 39 'call' 'call_ln315' <Predicate = true> <Delay = 0.00> <CoreType = "Generic">   --->   Generic Core

State 4 <SV = 3> <Delay = 0.00>
ST_4 : Operation 40 [2/2] (0.00ns)   --->   "%call_ln309 = call void @conv1_stream, i16 %img_strm, i16 %feat1_strm" [../hls_files/conv_pool.cpp:309->../hls_files/conv_pool.cpp:291]   --->   Operation 40 'call' 'call_ln309' <Predicate = true> <Delay = 0.00> <CoreType = "Generic">   --->   Generic Core

State 5 <SV = 4> <Delay = 1.71>
ST_5 : Operation 41 [1/2] (1.71ns)   --->   "%call_ln309 = call void @conv1_stream, i16 %img_strm, i16 %feat1_strm" [../hls_files/conv_pool.cpp:309->../hls_files/conv_pool.cpp:291]   --->   Operation 41 'call' 'call_ln309' <Predicate = true> <Delay = 1.71> <CoreType = "Generic">   --->   Generic Core

State 6 <SV = 5> <Delay = 0.00>
ST_6 : Operation 42 [2/2] (0.00ns)   --->   "%call_ln310 = call void @pool1_stream, i16 %feat1_strm, i16 %feat1_p_strm, i16 %buf_1" [../hls_files/conv_pool.cpp:310->../hls_files/conv_pool.cpp:291]   --->   Operation 42 'call' 'call_ln310' <Predicate = true> <Delay = 0.00> <CoreType = "Generic">   --->   Generic Core

State 7 <SV = 6> <Delay = 0.00>
ST_7 : Operation 43 [1/2] (0.00ns)   --->   "%call_ln310 = call void @pool1_stream, i16 %feat1_strm, i16 %feat1_p_strm, i16 %buf_1" [../hls_files/conv_pool.cpp:310->../hls_files/conv_pool.cpp:291]   --->   Operation 43 'call' 'call_ln310' <Predicate = true> <Delay = 0.00> <CoreType = "Generic">   --->   Generic Core

State 8 <SV = 7> <Delay = 0.00>
ST_8 : Operation 44 [2/2] (0.00ns)   --->   "%call_ln311 = call void @conv2_stream, i16 %feat1_p_strm, i16 %feat2_strm" [../hls_files/conv_pool.cpp:311->../hls_files/conv_pool.cpp:291]   --->   Operation 44 'call' 'call_ln311' <Predicate = true> <Delay = 0.00> <CoreType = "Generic">   --->   Generic Core

State 9 <SV = 8> <Delay = 1.66>
ST_9 : Operation 45 [1/2] (1.66ns)   --->   "%call_ln311 = call void @conv2_stream, i16 %feat1_p_strm, i16 %feat2_strm" [../hls_files/conv_pool.cpp:311->../hls_files/conv_pool.cpp:291]   --->   Operation 45 'call' 'call_ln311' <Predicate = true> <Delay = 1.66> <CoreType = "Generic">   --->   Generic Core

State 10 <SV = 9> <Delay = 0.00>
ST_10 : Operation 46 [2/2] (0.00ns)   --->   "%call_ln312 = call void @pool2_stream, i16 %feat2_strm, i16 %feat2_p_strm, i16 %buf_r" [../hls_files/conv_pool.cpp:312->../hls_files/conv_pool.cpp:291]   --->   Operation 46 'call' 'call_ln312' <Predicate = true> <Delay = 0.00> <CoreType = "Generic">   --->   Generic Core

State 11 <SV = 10> <Delay = 0.00>
ST_11 : Operation 47 [1/2] (0.00ns)   --->   "%call_ln312 = call void @pool2_stream, i16 %feat2_strm, i16 %feat2_p_strm, i16 %buf_r" [../hls_files/conv_pool.cpp:312->../hls_files/conv_pool.cpp:291]   --->   Operation 47 'call' 'call_ln312' <Predicate = true> <Delay = 0.00> <CoreType = "Generic">   --->   Generic Core

State 12 <SV = 11> <Delay = 0.00>
ST_12 : Operation 48 [2/2] (0.00ns)   --->   "%call_ln313 = call void @flatten_stream, i16 %feat2_p_strm" [../hls_files/conv_pool.cpp:313->../hls_files/conv_pool.cpp:291]   --->   Operation 48 'call' 'call_ln313' <Predicate = true> <Delay = 0.00> <CoreType = "Generic">   --->   Generic Core

State 13 <SV = 12> <Delay = 4.50>
ST_13 : Operation 49 [1/2] (4.50ns)   --->   "%call_ln313 = call void @flatten_stream, i16 %feat2_p_strm" [../hls_files/conv_pool.cpp:313->../hls_files/conv_pool.cpp:291]   --->   Operation 49 'call' 'call_ln313' <Predicate = (!icmp_ln291)> <Delay = 4.50> <CoreType = "Generic">   --->   Generic Core
ST_13 : Operation 50 [1/1] (0.00ns)   --->   "%br_ln316 = br void %.exitStub" [../hls_files/conv_pool.cpp:316->../hls_files/conv_pool.cpp:291]   --->   Operation 50 'br' 'br_ln316' <Predicate = (!icmp_ln291)> <Delay = 0.00>
ST_13 : Operation 51 [1/1] (0.00ns)   --->   "%ret_ln0 = ret"   --->   Operation 51 'ret' 'ret_ln0' <Predicate = true> <Delay = 0.00>


============================================================
+ Verbose Summary: Binding
============================================================
STG Binding: 
---------------- STG Properties BEGIN ----------------
- Is combinational: 0
- Is one-state seq: 0
- Is datapath-only: 0
- Is pipelined: 0
- Is top level: 0
Port [ Return ] is wired: 1; IO mode=ap_ctrl_hs:ce=0
Port [ ctrl]:  wired=1; compound=0; hidden=0; nouse=0; global=0; static=0; extern=0; dir=0; type=0; pingpong=0; private_global=0; IO mode=ap_none:ce=0
Port [ IMGmem]:  wired=1; compound=1; hidden=0; nouse=0; global=0; static=0; extern=0; dir=0; type=4; pingpong=0; private_global=0; IO mode=m_axi:ce=0
Port [ img_in]:  wired=1; compound=0; hidden=0; nouse=0; global=0; static=0; extern=0; dir=0; type=0; pingpong=0; private_global=0; IO mode=ap_none:ce=0
Port [ Foutmem]:  wired=1; compound=1; hidden=0; nouse=0; global=0; static=0; extern=0; dir=1; type=4; pingpong=0; private_global=0; IO mode=m_axi:ce=0
Port [ flag_out]:  wired=1; compound=0; hidden=0; nouse=0; global=0; static=0; extern=0; dir=0; type=0; pingpong=0; private_global=0; IO mode=ap_none:ce=0
Port [ buf_1]:  wired=0; compound=1; hidden=1; nouse=1; global=1; static=1; extern=0; dir=2; type=1; pingpong=0; private_global=0; MemPort=[21]; IO mode=ap_memory:ce=0
Port [ buf_r]:  wired=0; compound=1; hidden=1; nouse=1; global=1; static=1; extern=0; dir=2; type=1; pingpong=0; private_global=0; MemPort=[21]; IO mode=ap_memory:ce=0
---------------- STG Properties END ------------------

---------------- Datapath Model BEGIN ----------------

<LifeTime>
<method=bitvector/>
ctrl_read         (read         ) [ 00000000000000]
feat2_p_strm      (alloca       ) [ 00111111111111]
feat2_strm        (alloca       ) [ 00111111111100]
feat1_p_strm      (alloca       ) [ 00111111110000]
feat1_strm        (alloca       ) [ 00111111000000]
img_strm          (alloca       ) [ 00111100000000]
icmp_ln291        (icmp         ) [ 00111111111111]
specinterface_ln0 (specinterface) [ 00000000000000]
specinterface_ln0 (specinterface) [ 00000000000000]
flag_out_read     (read         ) [ 00010000000000]
img_in_read       (read         ) [ 00010000000000]
empty             (specchannel  ) [ 00000000000000]
empty_85          (specchannel  ) [ 00000000000000]
empty_86          (specchannel  ) [ 00000000000000]
empty_87          (specchannel  ) [ 00000000000000]
empty_88          (specchannel  ) [ 00000000000000]
specinterface_ln0 (specinterface) [ 00000000000000]
specinterface_ln0 (specinterface) [ 00000000000000]
specinterface_ln0 (specinterface) [ 00000000000000]
specinterface_ln0 (specinterface) [ 00000000000000]
specinterface_ln0 (specinterface) [ 00000000000000]
br_ln291          (br           ) [ 00000000000000]
call_ln308        (call         ) [ 00000000000000]
call_ln315        (call         ) [ 00000000000000]
call_ln309        (call         ) [ 00000000000000]
call_ln310        (call         ) [ 00000000000000]
call_ln311        (call         ) [ 00000000000000]
call_ln312        (call         ) [ 00000000000000]
call_ln313        (call         ) [ 00000000000000]
br_ln316          (br           ) [ 00000000000000]
ret_ln0           (ret          ) [ 00000000000000]
</LifeTime>

<model>

<comp_list>
<comp id="0" class="1000" name="ctrl">
<pin_list>
<pin id="1" dir="1" index="0" bw="1" slack="0"/>
</pin_list>
<bind>
<StgValue><ssdm name="ctrl"/></StgValue>
</bind>
</comp>

<comp id="2" class="1000" name="IMGmem">
<pin_list>
<pin id="3" dir="1" index="0" bw="1" slack="0"/>
</pin_list>
<bind>
<StgValue><ssdm name="IMGmem"/><MemPortTyVec>0 </MemPortTyVec>
</StgValue>
</bind>
</comp>

<comp id="4" class="1000" name="img_in">
<pin_list>
<pin id="5" dir="1" index="0" bw="1" slack="0"/>
</pin_list>
<bind>
<StgValue><ssdm name="img_in"/></StgValue>
</bind>
</comp>

<comp id="6" class="1000" name="Foutmem">
<pin_list>
<pin id="7" dir="1" index="0" bw="1" slack="0"/>
</pin_list>
<bind>
<StgValue><ssdm name="Foutmem"/><MemPortTyVec>1 </MemPortTyVec>
</StgValue>
</bind>
</comp>

<comp id="8" class="1000" name="flag_out">
<pin_list>
<pin id="9" dir="1" index="0" bw="1" slack="0"/>
</pin_list>
<bind>
<StgValue><ssdm name="flag_out"/></StgValue>
</bind>
</comp>

<comp id="10" class="1000" name="buf_1">
<pin_list>
<pin id="11" dir="1" index="0" bw="1" slack="0"/>
</pin_list>
<bind>
<StgValue><ssdm name="buf_1"/><MemPortTyVec>2 1 </MemPortTyVec>
</StgValue>
</bind>
</comp>

<comp id="12" class="1000" name="buf_r">
<pin_list>
<pin id="13" dir="1" index="0" bw="1" slack="0"/>
</pin_list>
<bind>
<StgValue><ssdm name="buf_r"/><MemPortTyVec>2 1 </MemPortTyVec>
</StgValue>
</bind>
</comp>

<comp id="14" class="1001" name="const_14">
<pin_list>
<pin id="15" dir="1" index="0" bw="1" slack="0"/>
</pin_list>
<bind>
<StgValue><ssdm name="_ssdm_op_Read.ap_auto.i32"/></StgValue>
</bind>
</comp>

<comp id="16" class="1001" name="const_16">
<pin_list>
<pin id="17" dir="1" index="0" bw="1" slack="0"/>
</pin_list>
<bind>
<StgValue><ssdm name=""/></StgValue>
</bind>
</comp>

<comp id="18" class="1001" name="const_18">
<pin_list>
<pin id="19" dir="1" index="0" bw="1" slack="0"/>
</pin_list>
<bind>
<StgValue><ssdm name=""/></StgValue>
</bind>
</comp>

<comp id="20" class="1001" name="const_20">
<pin_list>
<pin id="21" dir="1" index="0" bw="1" slack="2147483647"/>
</pin_list>
<bind>
<StgValue><ssdm name="_ssdm_op_SpecInterface"/></StgValue>
</bind>
</comp>

<comp id="22" class="1001" name="const_22">
<pin_list>
<pin id="23" dir="1" index="0" bw="1" slack="2147483647"/>
</pin_list>
<bind>
<StgValue><ssdm name="empty_29"/></StgValue>
</bind>
</comp>

<comp id="24" class="1001" name="const_24">
<pin_list>
<pin id="25" dir="1" index="0" bw="1" slack="2147483647"/>
</pin_list>
<bind>
<StgValue><ssdm name=""/></StgValue>
</bind>
</comp>

<comp id="26" class="1001" name="const_26">
<pin_list>
<pin id="27" dir="1" index="0" bw="1" slack="2147483647"/>
</pin_list>
<bind>
<StgValue><ssdm name="empty_20"/></StgValue>
</bind>
</comp>

<comp id="28" class="1001" name="const_28">
<pin_list>
<pin id="29" dir="1" index="0" bw="1" slack="2147483647"/>
</pin_list>
<bind>
<StgValue><ssdm name="empty_38"/></StgValue>
</bind>
</comp>

<comp id="30" class="1001" name="const_30">
<pin_list>
<pin id="31" dir="1" index="0" bw="1" slack="2147483647"/>
</pin_list>
<bind>
<StgValue><ssdm name="empty_32"/></StgValue>
</bind>
</comp>

<comp id="32" class="1001" name="const_32">
<pin_list>
<pin id="33" dir="1" index="0" bw="1" slack="2147483647"/>
</pin_list>
<bind>
<StgValue><ssdm name=""/></StgValue>
</bind>
</comp>

<comp id="34" class="1001" name="const_34">
<pin_list>
<pin id="35" dir="1" index="0" bw="1" slack="2147483647"/>
</pin_list>
<bind>
<StgValue><ssdm name=""/></StgValue>
</bind>
</comp>

<comp id="36" class="1001" name="const_36">
<pin_list>
<pin id="37" dir="1" index="0" bw="1" slack="2147483647"/>
</pin_list>
<bind>
<StgValue><ssdm name=""/></StgValue>
</bind>
</comp>

<comp id="38" class="1001" name="const_38">
<pin_list>
<pin id="39" dir="1" index="0" bw="1" slack="2147483647"/>
</pin_list>
<bind>
<StgValue><ssdm name="empty_25"/></StgValue>
</bind>
</comp>

<comp id="40" class="1001" name="const_40">
<pin_list>
<pin id="41" dir="1" index="0" bw="1" slack="0"/>
</pin_list>
<bind>
<StgValue><ssdm name="_ssdm_op_Read.ap_auto.i64"/></StgValue>
</bind>
</comp>

<comp id="42" class="1001" name="const_42">
<pin_list>
<pin id="43" dir="1" index="0" bw="1" slack="2147483647"/>
</pin_list>
<bind>
<StgValue><ssdm name="_ssdm_op_SpecChannel"/></StgValue>
</bind>
</comp>

<comp id="44" class="1001" name="const_44">
<pin_list>
<pin id="45" dir="1" index="0" bw="1" slack="2147483647"/>
</pin_list>
<bind>
<StgValue><ssdm name="feat2_p_strm_str"/></StgValue>
</bind>
</comp>

<comp id="46" class="1001" name="const_46">
<pin_list>
<pin id="47" dir="1" index="0" bw="1" slack="2147483647"/>
</pin_list>
<bind>
<StgValue><ssdm name="p_str"/></StgValue>
</bind>
</comp>

<comp id="48" class="1001" name="const_48">
<pin_list>
<pin id="49" dir="1" index="0" bw="1" slack="2147483647"/>
</pin_list>
<bind>
<StgValue><ssdm name=""/></StgValue>
</bind>
</comp>

<comp id="50" class="1001" name="const_50">
<pin_list>
<pin id="51" dir="1" index="0" bw="1" slack="2147483647"/>
</pin_list>
<bind>
<StgValue><ssdm name="feat2_strm_str"/></StgValue>
</bind>
</comp>

<comp id="52" class="1001" name="const_52">
<pin_list>
<pin id="53" dir="1" index="0" bw="1" slack="2147483647"/>
</pin_list>
<bind>
<StgValue><ssdm name="feat1_p_strm_str"/></StgValue>
</bind>
</comp>

<comp id="54" class="1001" name="const_54">
<pin_list>
<pin id="55" dir="1" index="0" bw="1" slack="2147483647"/>
</pin_list>
<bind>
<StgValue><ssdm name="feat1_strm_str"/></StgValue>
</bind>
</comp>

<comp id="56" class="1001" name="const_56">
<pin_list>
<pin id="57" dir="1" index="0" bw="1" slack="2147483647"/>
</pin_list>
<bind>
<StgValue><ssdm name="img_strm_str"/></StgValue>
</bind>
</comp>

<comp id="58" class="1001" name="const_58">
<pin_list>
<pin id="59" dir="1" index="0" bw="1" slack="2147483647"/>
</pin_list>
<bind>
<StgValue><ssdm name="empty_33"/></StgValue>
</bind>
</comp>

<comp id="60" class="1001" name="const_60">
<pin_list>
<pin id="61" dir="1" index="0" bw="1" slack="0"/>
</pin_list>
<bind>
<StgValue><ssdm name="stream_img"/></StgValue>
</bind>
</comp>

<comp id="62" class="1001" name="const_62">
<pin_list>
<pin id="63" dir="1" index="0" bw="1" slack="0"/>
</pin_list>
<bind>
<StgValue><ssdm name="fc2"/></StgValue>
</bind>
</comp>

<comp id="64" class="1001" name="const_64">
<pin_list>
<pin id="65" dir="1" index="0" bw="1" slack="0"/>
</pin_list>
<bind>
<StgValue><ssdm name="conv1_stream"/></StgValue>
</bind>
</comp>

<comp id="66" class="1001" name="const_66">
<pin_list>
<pin id="67" dir="1" index="0" bw="1" slack="0"/>
</pin_list>
<bind>
<StgValue><ssdm name="pool1_stream"/></StgValue>
</bind>
</comp>

<comp id="68" class="1001" name="const_68">
<pin_list>
<pin id="69" dir="1" index="0" bw="1" slack="0"/>
</pin_list>
<bind>
<StgValue><ssdm name="conv2_stream"/></StgValue>
</bind>
</comp>

<comp id="70" class="1001" name="const_70">
<pin_list>
<pin id="71" dir="1" index="0" bw="1" slack="0"/>
</pin_list>
<bind>
<StgValue><ssdm name="pool2_stream"/></StgValue>
</bind>
</comp>

<comp id="72" class="1001" name="const_72">
<pin_list>
<pin id="73" dir="1" index="0" bw="1" slack="0"/>
</pin_list>
<bind>
<StgValue><ssdm name="flatten_stream"/></StgValue>
</bind>
</comp>

<comp id="74" class="1004" name="feat2_p_strm_fu_74">
<pin_list>
<pin id="75" dir="0" index="0" bw="1" slack="0"/>
<pin id="76" dir="1" index="1" bw="16" slack="1"/>
</pin_list>
<bind>
<opcode="alloca(26) " fcode="alloca"/>
<opset="feat2_p_strm/1 "/>
</bind>
</comp>

<comp id="78" class="1004" name="feat2_strm_fu_78">
<pin_list>
<pin id="79" dir="0" index="0" bw="1" slack="0"/>
<pin id="80" dir="1" index="1" bw="16" slack="1"/>
</pin_list>
<bind>
<opcode="alloca(26) " fcode="alloca"/>
<opset="feat2_strm/1 "/>
</bind>
</comp>

<comp id="82" class="1004" name="feat1_p_strm_fu_82">
<pin_list>
<pin id="83" dir="0" index="0" bw="1" slack="0"/>
<pin id="84" dir="1" index="1" bw="16" slack="1"/>
</pin_list>
<bind>
<opcode="alloca(26) " fcode="alloca"/>
<opset="feat1_p_strm/1 "/>
</bind>
</comp>

<comp id="86" class="1004" name="feat1_strm_fu_86">
<pin_list>
<pin id="87" dir="0" index="0" bw="1" slack="0"/>
<pin id="88" dir="1" index="1" bw="16" slack="1"/>
</pin_list>
<bind>
<opcode="alloca(26) " fcode="alloca"/>
<opset="feat1_strm/1 "/>
</bind>
</comp>

<comp id="90" class="1004" name="img_strm_fu_90">
<pin_list>
<pin id="91" dir="0" index="0" bw="1" slack="0"/>
<pin id="92" dir="1" index="1" bw="16" slack="1"/>
</pin_list>
<bind>
<opcode="alloca(26) " fcode="alloca"/>
<opset="img_strm/1 "/>
</bind>
</comp>

<comp id="94" class="1004" name="ctrl_read_read_fu_94">
<pin_list>
<pin id="95" dir="0" index="0" bw="32" slack="0"/>
<pin id="96" dir="0" index="1" bw="32" slack="0"/>
<pin id="97" dir="1" index="2" bw="32" slack="0"/>
</pin_list>
<bind>
<opcode="read(1150) " fcode="read"/>
<opset="ctrl_read/1 "/>
</bind>
</comp>

<comp id="100" class="1004" name="flag_out_read_read_fu_100">
<pin_list>
<pin id="101" dir="0" index="0" bw="64" slack="0"/>
<pin id="102" dir="0" index="1" bw="64" slack="0"/>
<pin id="103" dir="1" index="2" bw="64" slack="0"/>
</pin_list>
<bind>
<opcode="read(1150) " fcode="read"/>
<opset="flag_out_read/2 "/>
</bind>
</comp>

<comp id="106" class="1004" name="img_in_read_read_fu_106">
<pin_list>
<pin id="107" dir="0" index="0" bw="64" slack="0"/>
<pin id="108" dir="0" index="1" bw="64" slack="0"/>
<pin id="109" dir="1" index="2" bw="64" slack="0"/>
</pin_list>
<bind>
<opcode="read(1150) " fcode="read"/>
<opset="img_in_read/2 "/>
</bind>
</comp>

<comp id="112" class="1004" name="grp_stream_img_fu_112">
<pin_list>
<pin id="113" dir="0" index="0" bw="0" slack="0"/>
<pin id="114" dir="0" index="1" bw="16" slack="0"/>
<pin id="115" dir="0" index="2" bw="64" slack="0"/>
<pin id="116" dir="0" index="3" bw="16" slack="1"/>
<pin id="117" dir="1" index="4" bw="0" slack="2147483647"/>
</pin_list>
<bind>
<opcode="call(48) " fcode="call"/>
<opset="call_ln308/2 "/>
</bind>
</comp>

<comp id="121" class="1004" name="grp_fc2_fu_121">
<pin_list>
<pin id="122" dir="0" index="0" bw="0" slack="0"/>
<pin id="123" dir="0" index="1" bw="8" slack="0"/>
<pin id="124" dir="0" index="2" bw="64" slack="0"/>
<pin id="125" dir="1" index="3" bw="0" slack="2147483647"/>
</pin_list>
<bind>
<opcode="call(48) " fcode="call"/>
<opset="call_ln315/2 "/>
</bind>
</comp>

<comp id="129" class="1004" name="grp_conv1_stream_fu_129">
<pin_list>
<pin id="130" dir="0" index="0" bw="0" slack="0"/>
<pin id="131" dir="0" index="1" bw="16" slack="3"/>
<pin id="132" dir="0" index="2" bw="16" slack="3"/>
<pin id="133" dir="1" index="3" bw="0" slack="2147483647"/>
</pin_list>
<bind>
<opcode="call(48) " fcode="call"/>
<opset="call_ln309/4 "/>
</bind>
</comp>

<comp id="135" class="1004" name="grp_pool1_stream_fu_135">
<pin_list>
<pin id="136" dir="0" index="0" bw="0" slack="0"/>
<pin id="137" dir="0" index="1" bw="16" slack="5"/>
<pin id="138" dir="0" index="2" bw="16" slack="5"/>
<pin id="139" dir="0" index="3" bw="16" slack="0"/>
<pin id="140" dir="1" index="4" bw="0" slack="2147483647"/>
</pin_list>
<bind>
<opcode="call(48) " fcode="call"/>
<opset="call_ln310/6 "/>
</bind>
</comp>

<comp id="143" class="1004" name="grp_conv2_stream_fu_143">
<pin_list>
<pin id="144" dir="0" index="0" bw="0" slack="0"/>
<pin id="145" dir="0" index="1" bw="16" slack="7"/>
<pin id="146" dir="0" index="2" bw="16" slack="7"/>
<pin id="147" dir="1" index="3" bw="0" slack="2147483647"/>
</pin_list>
<bind>
<opcode="call(48) " fcode="call"/>
<opset="call_ln311/8 "/>
</bind>
</comp>

<comp id="149" class="1004" name="grp_pool2_stream_fu_149">
<pin_list>
<pin id="150" dir="0" index="0" bw="0" slack="0"/>
<pin id="151" dir="0" index="1" bw="16" slack="9"/>
<pin id="152" dir="0" index="2" bw="16" slack="9"/>
<pin id="153" dir="0" index="3" bw="16" slack="0"/>
<pin id="154" dir="1" index="4" bw="0" slack="2147483647"/>
</pin_list>
<bind>
<opcode="call(48) " fcode="call"/>
<opset="call_ln312/10 "/>
</bind>
</comp>

<comp id="157" class="1004" name="grp_flatten_stream_fu_157">
<pin_list>
<pin id="158" dir="0" index="0" bw="0" slack="0"/>
<pin id="159" dir="0" index="1" bw="16" slack="11"/>
<pin id="160" dir="1" index="2" bw="0" slack="2147483647"/>
</pin_list>
<bind>
<opcode="call(48) " fcode="call"/>
<opset="call_ln313/12 "/>
</bind>
</comp>

<comp id="162" class="1004" name="icmp_ln291_fu_162">
<pin_list>
<pin id="163" dir="0" index="0" bw="32" slack="0"/>
<pin id="164" dir="0" index="1" bw="1" slack="0"/>
<pin id="165" dir="1" index="2" bw="1" slack="1"/>
</pin_list>
<bind>
<opcode="icmp(45) " fcode="icmp"/>
<opset="icmp_ln291/1 "/>
</bind>
</comp>

<comp id="168" class="1005" name="feat2_p_strm_reg_168">
<pin_list>
<pin id="169" dir="0" index="0" bw="16" slack="1"/>
<pin id="170" dir="1" index="1" bw="16" slack="9"/>
</pin_list>
<bind>
<opset="feat2_p_strm "/>
</bind>
</comp>

<comp id="174" class="1005" name="feat2_strm_reg_174">
<pin_list>
<pin id="175" dir="0" index="0" bw="16" slack="1"/>
<pin id="176" dir="1" index="1" bw="16" slack="7"/>
</pin_list>
<bind>
<opset="feat2_strm "/>
</bind>
</comp>

<comp id="180" class="1005" name="feat1_p_strm_reg_180">
<pin_list>
<pin id="181" dir="0" index="0" bw="16" slack="1"/>
<pin id="182" dir="1" index="1" bw="16" slack="5"/>
</pin_list>
<bind>
<opset="feat1_p_strm "/>
</bind>
</comp>

<comp id="186" class="1005" name="feat1_strm_reg_186">
<pin_list>
<pin id="187" dir="0" index="0" bw="16" slack="1"/>
<pin id="188" dir="1" index="1" bw="16" slack="3"/>
</pin_list>
<bind>
<opset="feat1_strm "/>
</bind>
</comp>

<comp id="192" class="1005" name="img_strm_reg_192">
<pin_list>
<pin id="193" dir="0" index="0" bw="16" slack="1"/>
<pin id="194" dir="1" index="1" bw="16" slack="1"/>
</pin_list>
<bind>
<opset="img_strm "/>
</bind>
</comp>

<comp id="198" class="1005" name="icmp_ln291_reg_198">
<pin_list>
<pin id="199" dir="0" index="0" bw="1" slack="1"/>
<pin id="200" dir="1" index="1" bw="1" slack="2147483647"/>
</pin_list>
<bind>
<opset="icmp_ln291 "/>
</bind>
</comp>

<comp id="202" class="1005" name="flag_out_read_reg_202">
<pin_list>
<pin id="203" dir="0" index="0" bw="64" slack="1"/>
<pin id="204" dir="1" index="1" bw="64" slack="1"/>
</pin_list>
<bind>
<opset="flag_out_read "/>
</bind>
</comp>

<comp id="207" class="1005" name="img_in_read_reg_207">
<pin_list>
<pin id="208" dir="0" index="0" bw="64" slack="1"/>
<pin id="209" dir="1" index="1" bw="64" slack="1"/>
</pin_list>
<bind>
<opset="img_in_read "/>
</bind>
</comp>

</comp_list>

<net_list>
<net id="77"><net_src comp="16" pin="0"/><net_sink comp="74" pin=0"/></net>

<net id="81"><net_src comp="16" pin="0"/><net_sink comp="78" pin=0"/></net>

<net id="85"><net_src comp="16" pin="0"/><net_sink comp="82" pin=0"/></net>

<net id="89"><net_src comp="16" pin="0"/><net_sink comp="86" pin=0"/></net>

<net id="93"><net_src comp="16" pin="0"/><net_sink comp="90" pin=0"/></net>

<net id="98"><net_src comp="14" pin="0"/><net_sink comp="94" pin=0"/></net>

<net id="99"><net_src comp="0" pin="0"/><net_sink comp="94" pin=1"/></net>

<net id="104"><net_src comp="40" pin="0"/><net_sink comp="100" pin=0"/></net>

<net id="105"><net_src comp="8" pin="0"/><net_sink comp="100" pin=1"/></net>

<net id="110"><net_src comp="40" pin="0"/><net_sink comp="106" pin=0"/></net>

<net id="111"><net_src comp="4" pin="0"/><net_sink comp="106" pin=1"/></net>

<net id="118"><net_src comp="60" pin="0"/><net_sink comp="112" pin=0"/></net>

<net id="119"><net_src comp="2" pin="0"/><net_sink comp="112" pin=1"/></net>

<net id="120"><net_src comp="106" pin="2"/><net_sink comp="112" pin=2"/></net>

<net id="126"><net_src comp="62" pin="0"/><net_sink comp="121" pin=0"/></net>

<net id="127"><net_src comp="6" pin="0"/><net_sink comp="121" pin=1"/></net>

<net id="128"><net_src comp="100" pin="2"/><net_sink comp="121" pin=2"/></net>

<net id="134"><net_src comp="64" pin="0"/><net_sink comp="129" pin=0"/></net>

<net id="141"><net_src comp="66" pin="0"/><net_sink comp="135" pin=0"/></net>

<net id="142"><net_src comp="10" pin="0"/><net_sink comp="135" pin=3"/></net>

<net id="148"><net_src comp="68" pin="0"/><net_sink comp="143" pin=0"/></net>

<net id="155"><net_src comp="70" pin="0"/><net_sink comp="149" pin=0"/></net>

<net id="156"><net_src comp="12" pin="0"/><net_sink comp="149" pin=3"/></net>

<net id="161"><net_src comp="72" pin="0"/><net_sink comp="157" pin=0"/></net>

<net id="166"><net_src comp="94" pin="2"/><net_sink comp="162" pin=0"/></net>

<net id="167"><net_src comp="18" pin="0"/><net_sink comp="162" pin=1"/></net>

<net id="171"><net_src comp="74" pin="1"/><net_sink comp="168" pin=0"/></net>

<net id="172"><net_src comp="168" pin="1"/><net_sink comp="149" pin=2"/></net>

<net id="173"><net_src comp="168" pin="1"/><net_sink comp="157" pin=1"/></net>

<net id="177"><net_src comp="78" pin="1"/><net_sink comp="174" pin=0"/></net>

<net id="178"><net_src comp="174" pin="1"/><net_sink comp="143" pin=2"/></net>

<net id="179"><net_src comp="174" pin="1"/><net_sink comp="149" pin=1"/></net>

<net id="183"><net_src comp="82" pin="1"/><net_sink comp="180" pin=0"/></net>

<net id="184"><net_src comp="180" pin="1"/><net_sink comp="135" pin=2"/></net>

<net id="185"><net_src comp="180" pin="1"/><net_sink comp="143" pin=1"/></net>

<net id="189"><net_src comp="86" pin="1"/><net_sink comp="186" pin=0"/></net>

<net id="190"><net_src comp="186" pin="1"/><net_sink comp="129" pin=2"/></net>

<net id="191"><net_src comp="186" pin="1"/><net_sink comp="135" pin=1"/></net>

<net id="195"><net_src comp="90" pin="1"/><net_sink comp="192" pin=0"/></net>

<net id="196"><net_src comp="192" pin="1"/><net_sink comp="112" pin=3"/></net>

<net id="197"><net_src comp="192" pin="1"/><net_sink comp="129" pin=1"/></net>

<net id="201"><net_src comp="162" pin="2"/><net_sink comp="198" pin=0"/></net>

<net id="205"><net_src comp="100" pin="2"/><net_sink comp="202" pin=0"/></net>

<net id="206"><net_src comp="202" pin="1"/><net_sink comp="121" pin=2"/></net>

<net id="210"><net_src comp="106" pin="2"/><net_sink comp="207" pin=0"/></net>

<net id="211"><net_src comp="207" pin="1"/><net_sink comp="112" pin=2"/></net>

</net_list>

</model> 
---------------- Datapath Model END ------------------

* FSMD analyzer results:
  - Output states:
	Port: Foutmem | {2 3 }
	Port: buf_1 | {6 7 }
	Port: buf_r | {10 11 }
 - Input state : 
	Port: Block_entry_proc : ctrl | {1 }
	Port: Block_entry_proc : IMGmem | {2 3 }
	Port: Block_entry_proc : img_in | {2 }
	Port: Block_entry_proc : flag_out | {2 }
	Port: Block_entry_proc : buf_1 | {6 7 }
	Port: Block_entry_proc : buf_r | {10 11 }
  - Chain level:
	State 1
	State 2
	State 3
	State 4
	State 5
	State 6
	State 7
	State 8
	State 9
	State 10
	State 11
	State 12
	State 13


============================================================
+ Verbose Summary: Datapath Resource usage 
============================================================

* Functional unit list:
|----------|---------------------------|---------|---------|---------|
| Operation|      Functional Unit      |  Delay  |    FF   |   LUT   |
|----------|---------------------------|---------|---------|---------|
|          |   grp_stream_img_fu_112   |  1.324  |   178   |    59   |
|          |       grp_fc2_fu_121      |    0    |    8    |    0    |
|          |  grp_conv1_stream_fu_129  |    0    |    42   |   139   |
|   call   |  grp_pool1_stream_fu_135  | 2.77407 |   156   |   385   |
|          |  grp_conv2_stream_fu_143  |    0    |    41   |   140   |
|          |  grp_pool2_stream_fu_149  | 2.77407 |   175   |   381   |
|          | grp_flatten_stream_fu_157 |    0    |    17   |    48   |
|----------|---------------------------|---------|---------|---------|
|   icmp   |     icmp_ln291_fu_162     |    0    |    0    |    39   |
|----------|---------------------------|---------|---------|---------|
|          |    ctrl_read_read_fu_94   |    0    |    0    |    0    |
|   read   | flag_out_read_read_fu_100 |    0    |    0    |    0    |
|          |  img_in_read_read_fu_106  |    0    |    0    |    0    |
|----------|---------------------------|---------|---------|---------|
|   Total  |                           | 6.87214 |   617   |   1191  |
|----------|---------------------------|---------|---------|---------|

Memories:
N/A

* Register list:
+---------------------+--------+
|                     |   FF   |
+---------------------+--------+
| feat1_p_strm_reg_180|   16   |
|  feat1_strm_reg_186 |   16   |
| feat2_p_strm_reg_168|   16   |
|  feat2_strm_reg_174 |   16   |
|flag_out_read_reg_202|   64   |
|  icmp_ln291_reg_198 |    1   |
| img_in_read_reg_207 |   64   |
|   img_strm_reg_192  |   16   |
+---------------------+--------+
|        Total        |   209  |
+---------------------+--------+

* Multiplexer (MUX) list: 
|-----------------------|------|------|------|--------||---------||---------||---------|
|          Comp         |  Pin | Size |  BW  | S x BW ||  Delay  ||    FF   ||   LUT   |
|-----------------------|------|------|------|--------||---------||---------||---------|
| grp_stream_img_fu_112 |  p2  |   2  |  64  |   128  ||    0    ||    9    |
|     grp_fc2_fu_121    |  p2  |   2  |  64  |   128  ||    0    ||    9    |
|-----------------------|------|------|------|--------||---------||---------||---------|
|         Total         |      |      |      |   256  ||  2.648  ||    0    ||    18   |
|-----------------------|------|------|------|--------||---------||---------||---------|



* Summary:
+-----------+--------+--------+--------+
|           |  Delay |   FF   |   LUT  |
+-----------+--------+--------+--------+
|  Function |    6   |   617  |  1191  |
|   Memory  |    -   |    -   |    -   |
|Multiplexer|    2   |    0   |   18   |
|  Register |    -   |   209  |    -   |
+-----------+--------+--------+--------+
|   Total   |    9   |   826  |  1209  |
+-----------+--------+--------+--------+
