

================================================================
== Vitis HLS Report for 'Block_entry_proc_Pipeline_LOAD_B2'
================================================================
* Date:           Tue Jul  8 02:25:59 2025

* Version:        2025.1 (Build 6135595 on May 21 2025)
* Project:        cnn_accel
* Solution:       hls (Vivado IP Flow Target)
* Product family: artix7
* Target device:  xc7a100t-fgg484-2L


================================================================
== Performance Estimates
================================================================
+ Timing: 
    * Summary: 
    +--------+----------+----------+------------+
    |  Clock |  Target  | Estimated| Uncertainty|
    +--------+----------+----------+------------+
    |ap_clk  |  10.00 ns|  7.300 ns|     2.70 ns|
    +--------+----------+----------+------------+

+ Latency: 
    * Summary: 
    +---------+---------+----------+----------+-----+-----+------------------------------------------------+
    |  Latency (cycles) |  Latency (absolute) |  Interval |                    Pipeline                    |
    |   min   |   max   |    min   |    max   | min | max |                      Type                      |
    +---------+---------+----------+----------+-----+-----+------------------------------------------------+
    |       34|       34|  0.340 us|  0.340 us|   33|   33|  loop auto-rewind stp (delay=0 clock cycles(s))|
    +---------+---------+----------+----------+-----+-----+------------------------------------------------+

    + Detail: 
        * Instance: 
        N/A

        * Loop: 
        +-----------+---------+---------+----------+-----------+-----------+------+----------+
        |           |  Latency (cycles) | Iteration|  Initiation Interval  | Trip |          |
        | Loop Name |   min   |   max   |  Latency |  achieved |   target  | Count| Pipelined|
        +-----------+---------+---------+----------+-----------+-----------+------+----------+
        |- LOAD_B2  |       32|       32|         2|          2|          3|    16|       yes|
        +-----------+---------+---------+----------+-----------+-----------+------+----------+

============================================================
+ Verbose Summary: Synthesis Manager
============================================================
InlineROM: 1
ExposeGlobal: 0
============================================================
+ Verbose Summary: CDFG Model
============================================================
IsTopModel: 0
ResetActiveHigh: 1
IsCombinational: 0
IsDatapathOnly: 0
HasWiredReturn: 1
HasMFsm: 2
HasVarLatency: 1
IsPipeline: 0
IsRtlPipelined: 0
IsInstanceOverlapped: 0
IsDontTouch: 0
HasImplIP: 0
IsGatedGlobalClock: 0

+ Individual pipeline summary: 
  * Pipeline-0: initiation interval (II) = 2, depth = 2


============================================================
+ Verbose Summary: Schedule
============================================================
* Number of FSM states : 2
* Pipeline : 1
  Pipeline-0 : II = 2, D = 2, States = { 1 2 }
* Dataflow Pipeline: 0

* FSM state transitions: 
1 --> 2 
2 --> 

* FSM state operations: 

State 1 <SV = 0> <Delay = 2.87>
ST_1 : Operation 5 [1/1] (0.00ns)   --->   "%i_3 = alloca i32 1" [../hls_files/conv_pool.cpp:136->../hls_files/conv_pool.cpp:123]   --->   Operation 5 'alloca' 'i_3' <Predicate = true> <Delay = 0.00>
ST_1 : Operation 6 [1/1] (0.00ns)   --->   "%sext_ln136_read = read i62 @_ssdm_op_Read.ap_auto.i62, i62 %sext_ln136"   --->   Operation 6 'read' 'sext_ln136_read' <Predicate = true> <Delay = 0.00>
ST_1 : Operation 7 [1/1] (0.00ns)   --->   "%sext_ln136_cast = sext i62 %sext_ln136_read"   --->   Operation 7 'sext' 'sext_ln136_cast' <Predicate = true> <Delay = 0.00>
ST_1 : Operation 8 [1/1] (0.00ns)   --->   "%specinterface_ln0 = specinterface void @_ssdm_op_SpecInterface, i32 %B2mem, void @empty_37, i32 0, i32 0, void @empty_38, i32 0, i32 16, void @empty_8, void @empty_23, void @empty_38, i32 16, i32 16, i32 16, i32 16, void @empty_38, void @empty_38, i32 4294967295, i32 0, i32 0"   --->   Operation 8 'specinterface' 'specinterface_ln0' <Predicate = true> <Delay = 0.00>
ST_1 : Operation 9 [1/1] (1.32ns)   --->   "%store_ln136 = store i5 0, i5 %i_3" [../hls_files/conv_pool.cpp:136->../hls_files/conv_pool.cpp:123]   --->   Operation 9 'store' 'store_ln136' <Predicate = true> <Delay = 1.32>
ST_1 : Operation 10 [1/1] (0.00ns)   --->   "%br_ln0 = br void %for.inc37.i"   --->   Operation 10 'br' 'br_ln0' <Predicate = true> <Delay = 0.00>
ST_1 : Operation 11 [1/1] (0.00ns)   --->   "%i = load i5 %i_3" [../hls_files/conv_pool.cpp:136->../hls_files/conv_pool.cpp:123]   --->   Operation 11 'load' 'i' <Predicate = true> <Delay = 0.00>
ST_1 : Operation 12 [1/1] (1.54ns)   --->   "%icmp_ln136 = icmp_eq  i5 %i, i5 16" [../hls_files/conv_pool.cpp:136->../hls_files/conv_pool.cpp:123]   --->   Operation 12 'icmp' 'icmp_ln136' <Predicate = true> <Delay = 1.54> <CoreInst = "Cmp">   --->   Core 9 'Cmp' <Latency = 0> <II = 1> <Delay = 1.54> <FuncUnit> <Opcode : 'seteq' 'setne' 'setle' 'setge' 'setlt' 'setgt'> <InPorts = 2> <OutPorts = 1>
ST_1 : Operation 13 [1/1] (1.54ns)   --->   "%add_ln136 = add i5 %i, i5 1" [../hls_files/conv_pool.cpp:136->../hls_files/conv_pool.cpp:123]   --->   Operation 13 'add' 'add_ln136' <Predicate = true> <Delay = 1.54> <CoreInst = "Adder">   --->   Core 1 'Adder' <Latency = 0> <II = 1> <Delay = 1.54> <FuncUnit> <Opcode : 'add' 'sub'> <InPorts = 2> <OutPorts = 1>
ST_1 : Operation 14 [1/1] (0.00ns)   --->   "%br_ln136 = br i1 %icmp_ln136, void %for.inc37.split.i, void %LOAD_FC1W.i.exitStub" [../hls_files/conv_pool.cpp:136->../hls_files/conv_pool.cpp:123]   --->   Operation 14 'br' 'br_ln136' <Predicate = true> <Delay = 0.00>
ST_1 : Operation 15 [1/1] (0.00ns)   --->   "%B2mem_addr = getelementptr i32 %B2mem, i64 %sext_ln136_cast" [../hls_files/conv_pool.cpp:136->../hls_files/conv_pool.cpp:123]   --->   Operation 15 'getelementptr' 'B2mem_addr' <Predicate = (!icmp_ln136)> <Delay = 0.00>
ST_1 : Operation 16 [1/1] (0.00ns)   --->   "%trunc_ln136 = trunc i5 %i" [../hls_files/conv_pool.cpp:136->../hls_files/conv_pool.cpp:123]   --->   Operation 16 'trunc' 'trunc_ln136' <Predicate = (!icmp_ln136)> <Delay = 0.00>
ST_1 : Operation 57 [1/1] (1.32ns)   --->   "%ret_ln0 = ret"   --->   Operation 57 'ret' 'ret_ln0' <Predicate = (icmp_ln136)> <Delay = 1.32>

State 2 <SV = 1> <Delay = 7.30>
ST_2 : Operation 17 [1/1] (0.00ns)   --->   "%specpipeline_ln137 = specpipeline void @_ssdm_op_SpecPipeline, i32 3, i32 0, i32 0, i32 0, void @empty_38" [../hls_files/conv_pool.cpp:137->../hls_files/conv_pool.cpp:123]   --->   Operation 17 'specpipeline' 'specpipeline_ln137' <Predicate = true> <Delay = 0.00>
ST_2 : Operation 18 [1/1] (0.00ns)   --->   "%speclooptripcount_ln136 = speclooptripcount void @_ssdm_op_SpecLoopTripCount, i64 16, i64 16, i64 16" [../hls_files/conv_pool.cpp:136->../hls_files/conv_pool.cpp:123]   --->   Operation 18 'speclooptripcount' 'speclooptripcount_ln136' <Predicate = true> <Delay = 0.00>
ST_2 : Operation 19 [1/1] (0.00ns)   --->   "%specloopname_ln136 = specloopname void @_ssdm_op_SpecLoopName, void @empty_0" [../hls_files/conv_pool.cpp:136->../hls_files/conv_pool.cpp:123]   --->   Operation 19 'specloopname' 'specloopname_ln136' <Predicate = true> <Delay = 0.00>
ST_2 : Operation 20 [1/1] (7.30ns)   --->   "%B2mem_addr_read = read i32 @_ssdm_op_Read.m_axi.p1i32, i32 %B2mem_addr" [../hls_files/conv_pool.cpp:138->../hls_files/conv_pool.cpp:123]   --->   Operation 20 'read' 'B2mem_addr_read' <Predicate = true> <Delay = 7.30> <CoreInst = "m_axi">   --->   Core 111 'm_axi' <Latency = 3> <II = 1> <Delay = 1.00> <Adapter> <Opcode : 'read' 'write' 'readreq' 'writereq' 'writeresp'>
ST_2 : Operation 21 [1/1] (0.00ns)   --->   "%bitcast_ln138 = bitcast i32 %B2mem_addr_read" [../hls_files/conv_pool.cpp:138->../hls_files/conv_pool.cpp:123]   --->   Operation 21 'bitcast' 'bitcast_ln138' <Predicate = true> <Delay = 0.00>
ST_2 : Operation 22 [1/1] (1.49ns)   --->   "%switch_ln138 = switch i4 %trunc_ln136, void %arrayidx36.case.15.i, i4 0, void %arrayidx36.case.0.i, i4 1, void %arrayidx36.case.1.i, i4 2, void %arrayidx36.case.2.i, i4 3, void %arrayidx36.case.3.i, i4 4, void %arrayidx36.case.4.i, i4 5, void %arrayidx36.case.5.i, i4 6, void %arrayidx36.case.6.i, i4 7, void %arrayidx36.case.7.i, i4 8, void %arrayidx36.case.8.i, i4 9, void %arrayidx36.case.9.i, i4 10, void %arrayidx36.case.10.i, i4 11, void %arrayidx36.case.11.i, i4 12, void %arrayidx36.case.12.i, i4 13, void %arrayidx36.case.13.i, i4 14, void %arrayidx36.case.14.i" [../hls_files/conv_pool.cpp:138->../hls_files/conv_pool.cpp:123]   --->   Operation 22 'switch' 'switch_ln138' <Predicate = true> <Delay = 1.49>
ST_2 : Operation 23 [1/1] (0.00ns)   --->   "%store_ln138 = store i32 %bitcast_ln138, i32 %p_ZZ9cnn_accelE8b2_local_14" [../hls_files/conv_pool.cpp:138->../hls_files/conv_pool.cpp:123]   --->   Operation 23 'store' 'store_ln138' <Predicate = (trunc_ln136 == 14)> <Delay = 0.00>
ST_2 : Operation 24 [1/1] (0.00ns)   --->   "%br_ln138 = br void %arrayidx36.exit.i" [../hls_files/conv_pool.cpp:138->../hls_files/conv_pool.cpp:123]   --->   Operation 24 'br' 'br_ln138' <Predicate = (trunc_ln136 == 14)> <Delay = 0.00>
ST_2 : Operation 25 [1/1] (0.00ns)   --->   "%store_ln138 = store i32 %bitcast_ln138, i32 %p_ZZ9cnn_accelE8b2_local_13" [../hls_files/conv_pool.cpp:138->../hls_files/conv_pool.cpp:123]   --->   Operation 25 'store' 'store_ln138' <Predicate = (trunc_ln136 == 13)> <Delay = 0.00>
ST_2 : Operation 26 [1/1] (0.00ns)   --->   "%br_ln138 = br void %arrayidx36.exit.i" [../hls_files/conv_pool.cpp:138->../hls_files/conv_pool.cpp:123]   --->   Operation 26 'br' 'br_ln138' <Predicate = (trunc_ln136 == 13)> <Delay = 0.00>
ST_2 : Operation 27 [1/1] (0.00ns)   --->   "%store_ln138 = store i32 %bitcast_ln138, i32 %p_ZZ9cnn_accelE8b2_local_12" [../hls_files/conv_pool.cpp:138->../hls_files/conv_pool.cpp:123]   --->   Operation 27 'store' 'store_ln138' <Predicate = (trunc_ln136 == 12)> <Delay = 0.00>
ST_2 : Operation 28 [1/1] (0.00ns)   --->   "%br_ln138 = br void %arrayidx36.exit.i" [../hls_files/conv_pool.cpp:138->../hls_files/conv_pool.cpp:123]   --->   Operation 28 'br' 'br_ln138' <Predicate = (trunc_ln136 == 12)> <Delay = 0.00>
ST_2 : Operation 29 [1/1] (0.00ns)   --->   "%store_ln138 = store i32 %bitcast_ln138, i32 %p_ZZ9cnn_accelE8b2_local_11" [../hls_files/conv_pool.cpp:138->../hls_files/conv_pool.cpp:123]   --->   Operation 29 'store' 'store_ln138' <Predicate = (trunc_ln136 == 11)> <Delay = 0.00>
ST_2 : Operation 30 [1/1] (0.00ns)   --->   "%br_ln138 = br void %arrayidx36.exit.i" [../hls_files/conv_pool.cpp:138->../hls_files/conv_pool.cpp:123]   --->   Operation 30 'br' 'br_ln138' <Predicate = (trunc_ln136 == 11)> <Delay = 0.00>
ST_2 : Operation 31 [1/1] (0.00ns)   --->   "%store_ln138 = store i32 %bitcast_ln138, i32 %p_ZZ9cnn_accelE8b2_local_10" [../hls_files/conv_pool.cpp:138->../hls_files/conv_pool.cpp:123]   --->   Operation 31 'store' 'store_ln138' <Predicate = (trunc_ln136 == 10)> <Delay = 0.00>
ST_2 : Operation 32 [1/1] (0.00ns)   --->   "%br_ln138 = br void %arrayidx36.exit.i" [../hls_files/conv_pool.cpp:138->../hls_files/conv_pool.cpp:123]   --->   Operation 32 'br' 'br_ln138' <Predicate = (trunc_ln136 == 10)> <Delay = 0.00>
ST_2 : Operation 33 [1/1] (0.00ns)   --->   "%store_ln138 = store i32 %bitcast_ln138, i32 %b2_local_34" [../hls_files/conv_pool.cpp:138->../hls_files/conv_pool.cpp:123]   --->   Operation 33 'store' 'store_ln138' <Predicate = (trunc_ln136 == 9)> <Delay = 0.00>
ST_2 : Operation 34 [1/1] (0.00ns)   --->   "%br_ln138 = br void %arrayidx36.exit.i" [../hls_files/conv_pool.cpp:138->../hls_files/conv_pool.cpp:123]   --->   Operation 34 'br' 'br_ln138' <Predicate = (trunc_ln136 == 9)> <Delay = 0.00>
ST_2 : Operation 35 [1/1] (0.00ns)   --->   "%store_ln138 = store i32 %bitcast_ln138, i32 %b2_local_33" [../hls_files/conv_pool.cpp:138->../hls_files/conv_pool.cpp:123]   --->   Operation 35 'store' 'store_ln138' <Predicate = (trunc_ln136 == 8)> <Delay = 0.00>
ST_2 : Operation 36 [1/1] (0.00ns)   --->   "%br_ln138 = br void %arrayidx36.exit.i" [../hls_files/conv_pool.cpp:138->../hls_files/conv_pool.cpp:123]   --->   Operation 36 'br' 'br_ln138' <Predicate = (trunc_ln136 == 8)> <Delay = 0.00>
ST_2 : Operation 37 [1/1] (0.00ns)   --->   "%store_ln138 = store i32 %bitcast_ln138, i32 %b2_local_32" [../hls_files/conv_pool.cpp:138->../hls_files/conv_pool.cpp:123]   --->   Operation 37 'store' 'store_ln138' <Predicate = (trunc_ln136 == 7)> <Delay = 0.00>
ST_2 : Operation 38 [1/1] (0.00ns)   --->   "%br_ln138 = br void %arrayidx36.exit.i" [../hls_files/conv_pool.cpp:138->../hls_files/conv_pool.cpp:123]   --->   Operation 38 'br' 'br_ln138' <Predicate = (trunc_ln136 == 7)> <Delay = 0.00>
ST_2 : Operation 39 [1/1] (0.00ns)   --->   "%store_ln138 = store i32 %bitcast_ln138, i32 %b2_local_31" [../hls_files/conv_pool.cpp:138->../hls_files/conv_pool.cpp:123]   --->   Operation 39 'store' 'store_ln138' <Predicate = (trunc_ln136 == 6)> <Delay = 0.00>
ST_2 : Operation 40 [1/1] (0.00ns)   --->   "%br_ln138 = br void %arrayidx36.exit.i" [../hls_files/conv_pool.cpp:138->../hls_files/conv_pool.cpp:123]   --->   Operation 40 'br' 'br_ln138' <Predicate = (trunc_ln136 == 6)> <Delay = 0.00>
ST_2 : Operation 41 [1/1] (0.00ns)   --->   "%store_ln138 = store i32 %bitcast_ln138, i32 %b2_local_30" [../hls_files/conv_pool.cpp:138->../hls_files/conv_pool.cpp:123]   --->   Operation 41 'store' 'store_ln138' <Predicate = (trunc_ln136 == 5)> <Delay = 0.00>
ST_2 : Operation 42 [1/1] (0.00ns)   --->   "%br_ln138 = br void %arrayidx36.exit.i" [../hls_files/conv_pool.cpp:138->../hls_files/conv_pool.cpp:123]   --->   Operation 42 'br' 'br_ln138' <Predicate = (trunc_ln136 == 5)> <Delay = 0.00>
ST_2 : Operation 43 [1/1] (0.00ns)   --->   "%store_ln138 = store i32 %bitcast_ln138, i32 %b2_local_29" [../hls_files/conv_pool.cpp:138->../hls_files/conv_pool.cpp:123]   --->   Operation 43 'store' 'store_ln138' <Predicate = (trunc_ln136 == 4)> <Delay = 0.00>
ST_2 : Operation 44 [1/1] (0.00ns)   --->   "%br_ln138 = br void %arrayidx36.exit.i" [../hls_files/conv_pool.cpp:138->../hls_files/conv_pool.cpp:123]   --->   Operation 44 'br' 'br_ln138' <Predicate = (trunc_ln136 == 4)> <Delay = 0.00>
ST_2 : Operation 45 [1/1] (0.00ns)   --->   "%store_ln138 = store i32 %bitcast_ln138, i32 %b2_local_28" [../hls_files/conv_pool.cpp:138->../hls_files/conv_pool.cpp:123]   --->   Operation 45 'store' 'store_ln138' <Predicate = (trunc_ln136 == 3)> <Delay = 0.00>
ST_2 : Operation 46 [1/1] (0.00ns)   --->   "%br_ln138 = br void %arrayidx36.exit.i" [../hls_files/conv_pool.cpp:138->../hls_files/conv_pool.cpp:123]   --->   Operation 46 'br' 'br_ln138' <Predicate = (trunc_ln136 == 3)> <Delay = 0.00>
ST_2 : Operation 47 [1/1] (0.00ns)   --->   "%store_ln138 = store i32 %bitcast_ln138, i32 %b2_local_27" [../hls_files/conv_pool.cpp:138->../hls_files/conv_pool.cpp:123]   --->   Operation 47 'store' 'store_ln138' <Predicate = (trunc_ln136 == 2)> <Delay = 0.00>
ST_2 : Operation 48 [1/1] (0.00ns)   --->   "%br_ln138 = br void %arrayidx36.exit.i" [../hls_files/conv_pool.cpp:138->../hls_files/conv_pool.cpp:123]   --->   Operation 48 'br' 'br_ln138' <Predicate = (trunc_ln136 == 2)> <Delay = 0.00>
ST_2 : Operation 49 [1/1] (0.00ns)   --->   "%store_ln138 = store i32 %bitcast_ln138, i32 %b2_local_26" [../hls_files/conv_pool.cpp:138->../hls_files/conv_pool.cpp:123]   --->   Operation 49 'store' 'store_ln138' <Predicate = (trunc_ln136 == 1)> <Delay = 0.00>
ST_2 : Operation 50 [1/1] (0.00ns)   --->   "%br_ln138 = br void %arrayidx36.exit.i" [../hls_files/conv_pool.cpp:138->../hls_files/conv_pool.cpp:123]   --->   Operation 50 'br' 'br_ln138' <Predicate = (trunc_ln136 == 1)> <Delay = 0.00>
ST_2 : Operation 51 [1/1] (0.00ns)   --->   "%store_ln138 = store i32 %bitcast_ln138, i32 %b2_local" [../hls_files/conv_pool.cpp:138->../hls_files/conv_pool.cpp:123]   --->   Operation 51 'store' 'store_ln138' <Predicate = (trunc_ln136 == 0)> <Delay = 0.00>
ST_2 : Operation 52 [1/1] (0.00ns)   --->   "%br_ln138 = br void %arrayidx36.exit.i" [../hls_files/conv_pool.cpp:138->../hls_files/conv_pool.cpp:123]   --->   Operation 52 'br' 'br_ln138' <Predicate = (trunc_ln136 == 0)> <Delay = 0.00>
ST_2 : Operation 53 [1/1] (0.00ns)   --->   "%store_ln138 = store i32 %bitcast_ln138, i32 %p_ZZ9cnn_accelE8b2_local_15" [../hls_files/conv_pool.cpp:138->../hls_files/conv_pool.cpp:123]   --->   Operation 53 'store' 'store_ln138' <Predicate = (trunc_ln136 == 15)> <Delay = 0.00>
ST_2 : Operation 54 [1/1] (0.00ns)   --->   "%br_ln138 = br void %arrayidx36.exit.i" [../hls_files/conv_pool.cpp:138->../hls_files/conv_pool.cpp:123]   --->   Operation 54 'br' 'br_ln138' <Predicate = (trunc_ln136 == 15)> <Delay = 0.00>
ST_2 : Operation 55 [1/1] (1.32ns)   --->   "%store_ln136 = store i5 %add_ln136, i5 %i_3" [../hls_files/conv_pool.cpp:136->../hls_files/conv_pool.cpp:123]   --->   Operation 55 'store' 'store_ln136' <Predicate = true> <Delay = 1.32>
ST_2 : Operation 56 [1/1] (0.00ns)   --->   "%br_ln136 = br void %for.inc37.i" [../hls_files/conv_pool.cpp:136->../hls_files/conv_pool.cpp:123]   --->   Operation 56 'br' 'br_ln136' <Predicate = true> <Delay = 0.00>


============================================================
+ Verbose Summary: Timing violations
============================================================
Target clock period: 10.000ns, clock uncertainty: 2.700ns.

 <State 1>: 2.872ns
The critical path consists of the following:
	'store' operation 0 bit ('store_ln136', ../hls_files/conv_pool.cpp:136->../hls_files/conv_pool.cpp:123) of constant 0 on local variable 'i', ../hls_files/conv_pool.cpp:136->../hls_files/conv_pool.cpp:123 [23]  (1.324 ns)
	'load' operation 5 bit ('i', ../hls_files/conv_pool.cpp:136->../hls_files/conv_pool.cpp:123) on local variable 'i', ../hls_files/conv_pool.cpp:136->../hls_files/conv_pool.cpp:123 [26]  (0.000 ns)
	'icmp' operation 1 bit ('icmp_ln136', ../hls_files/conv_pool.cpp:136->../hls_files/conv_pool.cpp:123) [27]  (1.548 ns)

 <State 2>: 7.300ns
The critical path consists of the following:
	bus read operation ('B2mem_addr_read', ../hls_files/conv_pool.cpp:138->../hls_files/conv_pool.cpp:123) on port 'B2mem' (../hls_files/conv_pool.cpp:138->../hls_files/conv_pool.cpp:123) [36]  (7.300 ns)
	'store' operation 0 bit ('store_ln138', ../hls_files/conv_pool.cpp:138->../hls_files/conv_pool.cpp:123) of variable 'bitcast_ln138', ../hls_files/conv_pool.cpp:138->../hls_files/conv_pool.cpp:123 on static variable 'b2_local_27' [76]  (0.000 ns)


============================================================
+ Verbose Summary: Binding
============================================================
N/A
* FSMD analyzer results:
  - Output states:
 - Input state : 
  - Chain level:
	State 1
	State 2


============================================================
+ Verbose Summary: Datapath Resource usage 
============================================================
N/A
