

================================================================
== Vitis HLS Report for 'Block_entry_proc_Pipeline_LOAD_FC2W'
================================================================
* Date:           Wed Jul  9 07:45:42 2025

* Version:        2025.1 (Build 6135595 on May 21 2025)
* Project:        cnn_accel
* Solution:       hls (Vivado IP Flow Target)
* Product family: artix7
* Target device:  xc7a100t-fgg484-2L


================================================================
== Performance Estimates
================================================================
+ Timing: 
    * Summary: 
    +--------+----------+----------+------------+
    |  Clock |  Target  | Estimated| Uncertainty|
    +--------+----------+----------+------------+
    |ap_clk  |  10.00 ns|  7.300 ns|     2.70 ns|
    +--------+----------+----------+------------+

+ Latency: 
    * Summary: 
    +---------+---------+----------+----------+-----+-----+------------------------------------------------+
    |  Latency (cycles) |  Latency (absolute) |  Interval |                    Pipeline                    |
    |   min   |   max   |    min   |    max   | min | max |                      Type                      |
    +---------+---------+----------+----------+-----+-----+------------------------------------------------+
    |       66|       66|  0.660 us|  0.660 us|   65|   65|  loop auto-rewind stp (delay=0 clock cycles(s))|
    +---------+---------+----------+----------+-----+-----+------------------------------------------------+

    + Detail: 
        * Instance: 
        N/A

        * Loop: 
        +-------------+---------+---------+----------+-----------+-----------+------+----------+
        |             |  Latency (cycles) | Iteration|  Initiation Interval  | Trip |          |
        |  Loop Name  |   min   |   max   |  Latency |  achieved |   target  | Count| Pipelined|
        +-------------+---------+---------+----------+-----------+-----------+------+----------+
        |- LOAD_FC2W  |       64|       64|         2|          2|          3|    32|       yes|
        +-------------+---------+---------+----------+-----------+-----------+------+----------+

============================================================
+ Verbose Summary: Synthesis Manager
============================================================
InlineROM: 1
ExposeGlobal: 0
============================================================
+ Verbose Summary: CDFG Model
============================================================
IsTopModel: 0
ResetActiveHigh: 1
IsCombinational: 0
IsDatapathOnly: 0
HasWiredReturn: 1
HasMFsm: 2
HasVarLatency: 1
IsPipeline: 0
IsRtlPipelined: 0
IsInstanceOverlapped: 0
IsDontTouch: 0
HasImplIP: 0
IsGatedGlobalClock: 0

+ Individual pipeline summary: 
  * Pipeline-0: initiation interval (II) = 2, depth = 2


============================================================
+ Verbose Summary: Schedule
============================================================
* Number of FSM states : 2
* Pipeline : 1
  Pipeline-0 : II = 2, D = 2, States = { 1 2 }
* Dataflow Pipeline: 0

* FSM state transitions: 
1 --> 2 
2 --> 

* FSM state operations: 

State 1 <SV = 0> <Delay = 2.92>
ST_1 : Operation 5 [1/1] (0.00ns)   --->   "%i = alloca i32 1" [../hls_files/conv_pool.cpp:148->../hls_files/conv_pool.cpp:123]   --->   Operation 5 'alloca' 'i' <Predicate = true> <Delay = 0.00>
ST_1 : Operation 6 [1/1] (0.00ns)   --->   "%sext_ln148_read = read i62 @_ssdm_op_Read.ap_auto.i62, i62 %sext_ln148"   --->   Operation 6 'read' 'sext_ln148_read' <Predicate = true> <Delay = 0.00>
ST_1 : Operation 7 [1/1] (0.00ns)   --->   "%sext_ln148_cast = sext i62 %sext_ln148_read"   --->   Operation 7 'sext' 'sext_ln148_cast' <Predicate = true> <Delay = 0.00>
ST_1 : Operation 8 [1/1] (0.00ns)   --->   "%specinterface_ln0 = specinterface void @_ssdm_op_SpecInterface, i32 %W4mem, void @empty_17, i32 0, i32 0, void @empty_19, i32 0, i32 32, void @empty_27, void @empty_20, void @empty_19, i32 16, i32 16, i32 16, i32 16, void @empty_19, void @empty_19, i32 4294967295, i32 0, i32 0"   --->   Operation 8 'specinterface' 'specinterface_ln0' <Predicate = true> <Delay = 0.00>
ST_1 : Operation 9 [1/1] (1.32ns)   --->   "%store_ln148 = store i6 0, i6 %i" [../hls_files/conv_pool.cpp:148->../hls_files/conv_pool.cpp:123]   --->   Operation 9 'store' 'store_ln148' <Predicate = true> <Delay = 1.32>
ST_1 : Operation 10 [1/1] (0.00ns)   --->   "%br_ln0 = br void %for.inc73.i"   --->   Operation 10 'br' 'br_ln0' <Predicate = true> <Delay = 0.00>
ST_1 : Operation 11 [1/1] (0.00ns)   --->   "%i_4 = load i6 %i" [../hls_files/conv_pool.cpp:148->../hls_files/conv_pool.cpp:123]   --->   Operation 11 'load' 'i_4' <Predicate = true> <Delay = 0.00>
ST_1 : Operation 12 [1/1] (1.60ns)   --->   "%icmp_ln148 = icmp_eq  i6 %i_4, i6 32" [../hls_files/conv_pool.cpp:148->../hls_files/conv_pool.cpp:123]   --->   Operation 12 'icmp' 'icmp_ln148' <Predicate = true> <Delay = 1.60> <CoreInst = "Cmp">   --->   Core 9 'Cmp' <Latency = 0> <II = 1> <Delay = 1.60> <FuncUnit> <Opcode : 'seteq' 'setne' 'setle' 'setge' 'setlt' 'setgt'> <InPorts = 2> <OutPorts = 1>
ST_1 : Operation 13 [1/1] (1.60ns)   --->   "%add_ln148 = add i6 %i_4, i6 1" [../hls_files/conv_pool.cpp:148->../hls_files/conv_pool.cpp:123]   --->   Operation 13 'add' 'add_ln148' <Predicate = true> <Delay = 1.60> <CoreInst = "Adder">   --->   Core 1 'Adder' <Latency = 0> <II = 1> <Delay = 1.60> <FuncUnit> <Opcode : 'add' 'sub'> <InPorts = 2> <OutPorts = 1>
ST_1 : Operation 14 [1/1] (0.00ns)   --->   "%br_ln148 = br i1 %icmp_ln148, void %for.inc73.split.i, void %for.inc85.i.exitStub" [../hls_files/conv_pool.cpp:148->../hls_files/conv_pool.cpp:123]   --->   Operation 14 'br' 'br_ln148' <Predicate = true> <Delay = 0.00>
ST_1 : Operation 15 [1/1] (0.00ns)   --->   "%W4mem_addr = getelementptr i32 %W4mem, i64 %sext_ln148_cast" [../hls_files/conv_pool.cpp:148->../hls_files/conv_pool.cpp:123]   --->   Operation 15 'getelementptr' 'W4mem_addr' <Predicate = (!icmp_ln148)> <Delay = 0.00>
ST_1 : Operation 16 [1/1] (0.00ns)   --->   "%trunc_ln148 = trunc i6 %i_4" [../hls_files/conv_pool.cpp:148->../hls_files/conv_pool.cpp:123]   --->   Operation 16 'trunc' 'trunc_ln148' <Predicate = (!icmp_ln148)> <Delay = 0.00>
ST_1 : Operation 89 [1/1] (1.32ns)   --->   "%ret_ln0 = ret"   --->   Operation 89 'ret' 'ret_ln0' <Predicate = (icmp_ln148)> <Delay = 1.32>

State 2 <SV = 1> <Delay = 7.30>
ST_2 : Operation 17 [1/1] (0.00ns)   --->   "%specpipeline_ln149 = specpipeline void @_ssdm_op_SpecPipeline, i32 3, i32 0, i32 0, i32 0, void @empty_19" [../hls_files/conv_pool.cpp:149->../hls_files/conv_pool.cpp:123]   --->   Operation 17 'specpipeline' 'specpipeline_ln149' <Predicate = true> <Delay = 0.00>
ST_2 : Operation 18 [1/1] (0.00ns)   --->   "%speclooptripcount_ln148 = speclooptripcount void @_ssdm_op_SpecLoopTripCount, i64 32, i64 32, i64 32" [../hls_files/conv_pool.cpp:148->../hls_files/conv_pool.cpp:123]   --->   Operation 18 'speclooptripcount' 'speclooptripcount_ln148' <Predicate = true> <Delay = 0.00>
ST_2 : Operation 19 [1/1] (0.00ns)   --->   "%specloopname_ln148 = specloopname void @_ssdm_op_SpecLoopName, void @empty_4" [../hls_files/conv_pool.cpp:148->../hls_files/conv_pool.cpp:123]   --->   Operation 19 'specloopname' 'specloopname_ln148' <Predicate = true> <Delay = 0.00>
ST_2 : Operation 20 [1/1] (7.30ns)   --->   "%W4mem_addr_read = read i32 @_ssdm_op_Read.m_axi.p1i32, i32 %W4mem_addr" [../hls_files/conv_pool.cpp:150->../hls_files/conv_pool.cpp:123]   --->   Operation 20 'read' 'W4mem_addr_read' <Predicate = true> <Delay = 7.30> <CoreInst = "m_axi">   --->   Core 111 'm_axi' <Latency = 3> <II = 1> <Delay = 1.00> <Adapter> <Opcode : 'read' 'write' 'readreq' 'writereq' 'writeresp'>
ST_2 : Operation 21 [1/1] (0.00ns)   --->   "%bitcast_ln150 = bitcast i32 %W4mem_addr_read" [../hls_files/conv_pool.cpp:150->../hls_files/conv_pool.cpp:123]   --->   Operation 21 'bitcast' 'bitcast_ln150' <Predicate = true> <Delay = 0.00>
ST_2 : Operation 22 [1/1] (1.54ns)   --->   "%switch_ln150 = switch i5 %trunc_ln148, void %arrayidx72.case.31.i, i5 0, void %arrayidx72.case.0.i, i5 1, void %arrayidx72.case.1.i, i5 2, void %arrayidx72.case.2.i, i5 3, void %arrayidx72.case.3.i, i5 4, void %arrayidx72.case.4.i, i5 5, void %arrayidx72.case.5.i, i5 6, void %arrayidx72.case.6.i, i5 7, void %arrayidx72.case.7.i, i5 8, void %arrayidx72.case.8.i, i5 9, void %arrayidx72.case.9.i, i5 10, void %arrayidx72.case.10.i, i5 11, void %arrayidx72.case.11.i, i5 12, void %arrayidx72.case.12.i, i5 13, void %arrayidx72.case.13.i, i5 14, void %arrayidx72.case.14.i, i5 15, void %arrayidx72.case.15.i, i5 16, void %arrayidx72.case.16.i, i5 17, void %arrayidx72.case.17.i, i5 18, void %arrayidx72.case.18.i, i5 19, void %arrayidx72.case.19.i, i5 20, void %arrayidx72.case.20.i, i5 21, void %arrayidx72.case.21.i, i5 22, void %arrayidx72.case.22.i, i5 23, void %arrayidx72.case.23.i, i5 24, void %arrayidx72.case.24.i, i5 25, void %arrayidx72.case.25.i, i5 26, void %arrayidx72.case.26.i, i5 27, void %arrayidx72.case.27.i, i5 28, void %arrayidx72.case.28.i, i5 29, void %arrayidx72.case.29.i, i5 30, void %arrayidx72.case.30.i" [../hls_files/conv_pool.cpp:150->../hls_files/conv_pool.cpp:123]   --->   Operation 22 'switch' 'switch_ln150' <Predicate = true> <Delay = 1.54>
ST_2 : Operation 23 [1/1] (0.00ns)   --->   "%store_ln150 = store i32 %bitcast_ln150, i32 %p_ZZ9cnn_accelE11fc2_w_local_30" [../hls_files/conv_pool.cpp:150->../hls_files/conv_pool.cpp:123]   --->   Operation 23 'store' 'store_ln150' <Predicate = (trunc_ln148 == 30)> <Delay = 0.00>
ST_2 : Operation 24 [1/1] (0.00ns)   --->   "%br_ln150 = br void %arrayidx72.exit.i" [../hls_files/conv_pool.cpp:150->../hls_files/conv_pool.cpp:123]   --->   Operation 24 'br' 'br_ln150' <Predicate = (trunc_ln148 == 30)> <Delay = 0.00>
ST_2 : Operation 25 [1/1] (0.00ns)   --->   "%store_ln150 = store i32 %bitcast_ln150, i32 %p_ZZ9cnn_accelE11fc2_w_local_29" [../hls_files/conv_pool.cpp:150->../hls_files/conv_pool.cpp:123]   --->   Operation 25 'store' 'store_ln150' <Predicate = (trunc_ln148 == 29)> <Delay = 0.00>
ST_2 : Operation 26 [1/1] (0.00ns)   --->   "%br_ln150 = br void %arrayidx72.exit.i" [../hls_files/conv_pool.cpp:150->../hls_files/conv_pool.cpp:123]   --->   Operation 26 'br' 'br_ln150' <Predicate = (trunc_ln148 == 29)> <Delay = 0.00>
ST_2 : Operation 27 [1/1] (0.00ns)   --->   "%store_ln150 = store i32 %bitcast_ln150, i32 %p_ZZ9cnn_accelE11fc2_w_local_28" [../hls_files/conv_pool.cpp:150->../hls_files/conv_pool.cpp:123]   --->   Operation 27 'store' 'store_ln150' <Predicate = (trunc_ln148 == 28)> <Delay = 0.00>
ST_2 : Operation 28 [1/1] (0.00ns)   --->   "%br_ln150 = br void %arrayidx72.exit.i" [../hls_files/conv_pool.cpp:150->../hls_files/conv_pool.cpp:123]   --->   Operation 28 'br' 'br_ln150' <Predicate = (trunc_ln148 == 28)> <Delay = 0.00>
ST_2 : Operation 29 [1/1] (0.00ns)   --->   "%store_ln150 = store i32 %bitcast_ln150, i32 %p_ZZ9cnn_accelE11fc2_w_local_27" [../hls_files/conv_pool.cpp:150->../hls_files/conv_pool.cpp:123]   --->   Operation 29 'store' 'store_ln150' <Predicate = (trunc_ln148 == 27)> <Delay = 0.00>
ST_2 : Operation 30 [1/1] (0.00ns)   --->   "%br_ln150 = br void %arrayidx72.exit.i" [../hls_files/conv_pool.cpp:150->../hls_files/conv_pool.cpp:123]   --->   Operation 30 'br' 'br_ln150' <Predicate = (trunc_ln148 == 27)> <Delay = 0.00>
ST_2 : Operation 31 [1/1] (0.00ns)   --->   "%store_ln150 = store i32 %bitcast_ln150, i32 %p_ZZ9cnn_accelE11fc2_w_local_26" [../hls_files/conv_pool.cpp:150->../hls_files/conv_pool.cpp:123]   --->   Operation 31 'store' 'store_ln150' <Predicate = (trunc_ln148 == 26)> <Delay = 0.00>
ST_2 : Operation 32 [1/1] (0.00ns)   --->   "%br_ln150 = br void %arrayidx72.exit.i" [../hls_files/conv_pool.cpp:150->../hls_files/conv_pool.cpp:123]   --->   Operation 32 'br' 'br_ln150' <Predicate = (trunc_ln148 == 26)> <Delay = 0.00>
ST_2 : Operation 33 [1/1] (0.00ns)   --->   "%store_ln150 = store i32 %bitcast_ln150, i32 %p_ZZ9cnn_accelE11fc2_w_local_25" [../hls_files/conv_pool.cpp:150->../hls_files/conv_pool.cpp:123]   --->   Operation 33 'store' 'store_ln150' <Predicate = (trunc_ln148 == 25)> <Delay = 0.00>
ST_2 : Operation 34 [1/1] (0.00ns)   --->   "%br_ln150 = br void %arrayidx72.exit.i" [../hls_files/conv_pool.cpp:150->../hls_files/conv_pool.cpp:123]   --->   Operation 34 'br' 'br_ln150' <Predicate = (trunc_ln148 == 25)> <Delay = 0.00>
ST_2 : Operation 35 [1/1] (0.00ns)   --->   "%store_ln150 = store i32 %bitcast_ln150, i32 %p_ZZ9cnn_accelE11fc2_w_local_24" [../hls_files/conv_pool.cpp:150->../hls_files/conv_pool.cpp:123]   --->   Operation 35 'store' 'store_ln150' <Predicate = (trunc_ln148 == 24)> <Delay = 0.00>
ST_2 : Operation 36 [1/1] (0.00ns)   --->   "%br_ln150 = br void %arrayidx72.exit.i" [../hls_files/conv_pool.cpp:150->../hls_files/conv_pool.cpp:123]   --->   Operation 36 'br' 'br_ln150' <Predicate = (trunc_ln148 == 24)> <Delay = 0.00>
ST_2 : Operation 37 [1/1] (0.00ns)   --->   "%store_ln150 = store i32 %bitcast_ln150, i32 %p_ZZ9cnn_accelE11fc2_w_local_23" [../hls_files/conv_pool.cpp:150->../hls_files/conv_pool.cpp:123]   --->   Operation 37 'store' 'store_ln150' <Predicate = (trunc_ln148 == 23)> <Delay = 0.00>
ST_2 : Operation 38 [1/1] (0.00ns)   --->   "%br_ln150 = br void %arrayidx72.exit.i" [../hls_files/conv_pool.cpp:150->../hls_files/conv_pool.cpp:123]   --->   Operation 38 'br' 'br_ln150' <Predicate = (trunc_ln148 == 23)> <Delay = 0.00>
ST_2 : Operation 39 [1/1] (0.00ns)   --->   "%store_ln150 = store i32 %bitcast_ln150, i32 %p_ZZ9cnn_accelE11fc2_w_local_22" [../hls_files/conv_pool.cpp:150->../hls_files/conv_pool.cpp:123]   --->   Operation 39 'store' 'store_ln150' <Predicate = (trunc_ln148 == 22)> <Delay = 0.00>
ST_2 : Operation 40 [1/1] (0.00ns)   --->   "%br_ln150 = br void %arrayidx72.exit.i" [../hls_files/conv_pool.cpp:150->../hls_files/conv_pool.cpp:123]   --->   Operation 40 'br' 'br_ln150' <Predicate = (trunc_ln148 == 22)> <Delay = 0.00>
ST_2 : Operation 41 [1/1] (0.00ns)   --->   "%store_ln150 = store i32 %bitcast_ln150, i32 %p_ZZ9cnn_accelE11fc2_w_local_21" [../hls_files/conv_pool.cpp:150->../hls_files/conv_pool.cpp:123]   --->   Operation 41 'store' 'store_ln150' <Predicate = (trunc_ln148 == 21)> <Delay = 0.00>
ST_2 : Operation 42 [1/1] (0.00ns)   --->   "%br_ln150 = br void %arrayidx72.exit.i" [../hls_files/conv_pool.cpp:150->../hls_files/conv_pool.cpp:123]   --->   Operation 42 'br' 'br_ln150' <Predicate = (trunc_ln148 == 21)> <Delay = 0.00>
ST_2 : Operation 43 [1/1] (0.00ns)   --->   "%store_ln150 = store i32 %bitcast_ln150, i32 %p_ZZ9cnn_accelE11fc2_w_local_20" [../hls_files/conv_pool.cpp:150->../hls_files/conv_pool.cpp:123]   --->   Operation 43 'store' 'store_ln150' <Predicate = (trunc_ln148 == 20)> <Delay = 0.00>
ST_2 : Operation 44 [1/1] (0.00ns)   --->   "%br_ln150 = br void %arrayidx72.exit.i" [../hls_files/conv_pool.cpp:150->../hls_files/conv_pool.cpp:123]   --->   Operation 44 'br' 'br_ln150' <Predicate = (trunc_ln148 == 20)> <Delay = 0.00>
ST_2 : Operation 45 [1/1] (0.00ns)   --->   "%store_ln150 = store i32 %bitcast_ln150, i32 %p_ZZ9cnn_accelE11fc2_w_local_19" [../hls_files/conv_pool.cpp:150->../hls_files/conv_pool.cpp:123]   --->   Operation 45 'store' 'store_ln150' <Predicate = (trunc_ln148 == 19)> <Delay = 0.00>
ST_2 : Operation 46 [1/1] (0.00ns)   --->   "%br_ln150 = br void %arrayidx72.exit.i" [../hls_files/conv_pool.cpp:150->../hls_files/conv_pool.cpp:123]   --->   Operation 46 'br' 'br_ln150' <Predicate = (trunc_ln148 == 19)> <Delay = 0.00>
ST_2 : Operation 47 [1/1] (0.00ns)   --->   "%store_ln150 = store i32 %bitcast_ln150, i32 %p_ZZ9cnn_accelE11fc2_w_local_18" [../hls_files/conv_pool.cpp:150->../hls_files/conv_pool.cpp:123]   --->   Operation 47 'store' 'store_ln150' <Predicate = (trunc_ln148 == 18)> <Delay = 0.00>
ST_2 : Operation 48 [1/1] (0.00ns)   --->   "%br_ln150 = br void %arrayidx72.exit.i" [../hls_files/conv_pool.cpp:150->../hls_files/conv_pool.cpp:123]   --->   Operation 48 'br' 'br_ln150' <Predicate = (trunc_ln148 == 18)> <Delay = 0.00>
ST_2 : Operation 49 [1/1] (0.00ns)   --->   "%store_ln150 = store i32 %bitcast_ln150, i32 %p_ZZ9cnn_accelE11fc2_w_local_17" [../hls_files/conv_pool.cpp:150->../hls_files/conv_pool.cpp:123]   --->   Operation 49 'store' 'store_ln150' <Predicate = (trunc_ln148 == 17)> <Delay = 0.00>
ST_2 : Operation 50 [1/1] (0.00ns)   --->   "%br_ln150 = br void %arrayidx72.exit.i" [../hls_files/conv_pool.cpp:150->../hls_files/conv_pool.cpp:123]   --->   Operation 50 'br' 'br_ln150' <Predicate = (trunc_ln148 == 17)> <Delay = 0.00>
ST_2 : Operation 51 [1/1] (0.00ns)   --->   "%store_ln150 = store i32 %bitcast_ln150, i32 %p_ZZ9cnn_accelE11fc2_w_local_16" [../hls_files/conv_pool.cpp:150->../hls_files/conv_pool.cpp:123]   --->   Operation 51 'store' 'store_ln150' <Predicate = (trunc_ln148 == 16)> <Delay = 0.00>
ST_2 : Operation 52 [1/1] (0.00ns)   --->   "%br_ln150 = br void %arrayidx72.exit.i" [../hls_files/conv_pool.cpp:150->../hls_files/conv_pool.cpp:123]   --->   Operation 52 'br' 'br_ln150' <Predicate = (trunc_ln148 == 16)> <Delay = 0.00>
ST_2 : Operation 53 [1/1] (0.00ns)   --->   "%store_ln150 = store i32 %bitcast_ln150, i32 %p_ZZ9cnn_accelE11fc2_w_local_15" [../hls_files/conv_pool.cpp:150->../hls_files/conv_pool.cpp:123]   --->   Operation 53 'store' 'store_ln150' <Predicate = (trunc_ln148 == 15)> <Delay = 0.00>
ST_2 : Operation 54 [1/1] (0.00ns)   --->   "%br_ln150 = br void %arrayidx72.exit.i" [../hls_files/conv_pool.cpp:150->../hls_files/conv_pool.cpp:123]   --->   Operation 54 'br' 'br_ln150' <Predicate = (trunc_ln148 == 15)> <Delay = 0.00>
ST_2 : Operation 55 [1/1] (0.00ns)   --->   "%store_ln150 = store i32 %bitcast_ln150, i32 %p_ZZ9cnn_accelE11fc2_w_local_14" [../hls_files/conv_pool.cpp:150->../hls_files/conv_pool.cpp:123]   --->   Operation 55 'store' 'store_ln150' <Predicate = (trunc_ln148 == 14)> <Delay = 0.00>
ST_2 : Operation 56 [1/1] (0.00ns)   --->   "%br_ln150 = br void %arrayidx72.exit.i" [../hls_files/conv_pool.cpp:150->../hls_files/conv_pool.cpp:123]   --->   Operation 56 'br' 'br_ln150' <Predicate = (trunc_ln148 == 14)> <Delay = 0.00>
ST_2 : Operation 57 [1/1] (0.00ns)   --->   "%store_ln150 = store i32 %bitcast_ln150, i32 %p_ZZ9cnn_accelE11fc2_w_local_13" [../hls_files/conv_pool.cpp:150->../hls_files/conv_pool.cpp:123]   --->   Operation 57 'store' 'store_ln150' <Predicate = (trunc_ln148 == 13)> <Delay = 0.00>
ST_2 : Operation 58 [1/1] (0.00ns)   --->   "%br_ln150 = br void %arrayidx72.exit.i" [../hls_files/conv_pool.cpp:150->../hls_files/conv_pool.cpp:123]   --->   Operation 58 'br' 'br_ln150' <Predicate = (trunc_ln148 == 13)> <Delay = 0.00>
ST_2 : Operation 59 [1/1] (0.00ns)   --->   "%store_ln150 = store i32 %bitcast_ln150, i32 %p_ZZ9cnn_accelE11fc2_w_local_12" [../hls_files/conv_pool.cpp:150->../hls_files/conv_pool.cpp:123]   --->   Operation 59 'store' 'store_ln150' <Predicate = (trunc_ln148 == 12)> <Delay = 0.00>
ST_2 : Operation 60 [1/1] (0.00ns)   --->   "%br_ln150 = br void %arrayidx72.exit.i" [../hls_files/conv_pool.cpp:150->../hls_files/conv_pool.cpp:123]   --->   Operation 60 'br' 'br_ln150' <Predicate = (trunc_ln148 == 12)> <Delay = 0.00>
ST_2 : Operation 61 [1/1] (0.00ns)   --->   "%store_ln150 = store i32 %bitcast_ln150, i32 %p_ZZ9cnn_accelE11fc2_w_local_11" [../hls_files/conv_pool.cpp:150->../hls_files/conv_pool.cpp:123]   --->   Operation 61 'store' 'store_ln150' <Predicate = (trunc_ln148 == 11)> <Delay = 0.00>
ST_2 : Operation 62 [1/1] (0.00ns)   --->   "%br_ln150 = br void %arrayidx72.exit.i" [../hls_files/conv_pool.cpp:150->../hls_files/conv_pool.cpp:123]   --->   Operation 62 'br' 'br_ln150' <Predicate = (trunc_ln148 == 11)> <Delay = 0.00>
ST_2 : Operation 63 [1/1] (0.00ns)   --->   "%store_ln150 = store i32 %bitcast_ln150, i32 %p_ZZ9cnn_accelE11fc2_w_local_10" [../hls_files/conv_pool.cpp:150->../hls_files/conv_pool.cpp:123]   --->   Operation 63 'store' 'store_ln150' <Predicate = (trunc_ln148 == 10)> <Delay = 0.00>
ST_2 : Operation 64 [1/1] (0.00ns)   --->   "%br_ln150 = br void %arrayidx72.exit.i" [../hls_files/conv_pool.cpp:150->../hls_files/conv_pool.cpp:123]   --->   Operation 64 'br' 'br_ln150' <Predicate = (trunc_ln148 == 10)> <Delay = 0.00>
ST_2 : Operation 65 [1/1] (0.00ns)   --->   "%store_ln150 = store i32 %bitcast_ln150, i32 %fc2_w_local_59" [../hls_files/conv_pool.cpp:150->../hls_files/conv_pool.cpp:123]   --->   Operation 65 'store' 'store_ln150' <Predicate = (trunc_ln148 == 9)> <Delay = 0.00>
ST_2 : Operation 66 [1/1] (0.00ns)   --->   "%br_ln150 = br void %arrayidx72.exit.i" [../hls_files/conv_pool.cpp:150->../hls_files/conv_pool.cpp:123]   --->   Operation 66 'br' 'br_ln150' <Predicate = (trunc_ln148 == 9)> <Delay = 0.00>
ST_2 : Operation 67 [1/1] (0.00ns)   --->   "%store_ln150 = store i32 %bitcast_ln150, i32 %fc2_w_local_58" [../hls_files/conv_pool.cpp:150->../hls_files/conv_pool.cpp:123]   --->   Operation 67 'store' 'store_ln150' <Predicate = (trunc_ln148 == 8)> <Delay = 0.00>
ST_2 : Operation 68 [1/1] (0.00ns)   --->   "%br_ln150 = br void %arrayidx72.exit.i" [../hls_files/conv_pool.cpp:150->../hls_files/conv_pool.cpp:123]   --->   Operation 68 'br' 'br_ln150' <Predicate = (trunc_ln148 == 8)> <Delay = 0.00>
ST_2 : Operation 69 [1/1] (0.00ns)   --->   "%store_ln150 = store i32 %bitcast_ln150, i32 %fc2_w_local_57" [../hls_files/conv_pool.cpp:150->../hls_files/conv_pool.cpp:123]   --->   Operation 69 'store' 'store_ln150' <Predicate = (trunc_ln148 == 7)> <Delay = 0.00>
ST_2 : Operation 70 [1/1] (0.00ns)   --->   "%br_ln150 = br void %arrayidx72.exit.i" [../hls_files/conv_pool.cpp:150->../hls_files/conv_pool.cpp:123]   --->   Operation 70 'br' 'br_ln150' <Predicate = (trunc_ln148 == 7)> <Delay = 0.00>
ST_2 : Operation 71 [1/1] (0.00ns)   --->   "%store_ln150 = store i32 %bitcast_ln150, i32 %fc2_w_local_56" [../hls_files/conv_pool.cpp:150->../hls_files/conv_pool.cpp:123]   --->   Operation 71 'store' 'store_ln150' <Predicate = (trunc_ln148 == 6)> <Delay = 0.00>
ST_2 : Operation 72 [1/1] (0.00ns)   --->   "%br_ln150 = br void %arrayidx72.exit.i" [../hls_files/conv_pool.cpp:150->../hls_files/conv_pool.cpp:123]   --->   Operation 72 'br' 'br_ln150' <Predicate = (trunc_ln148 == 6)> <Delay = 0.00>
ST_2 : Operation 73 [1/1] (0.00ns)   --->   "%store_ln150 = store i32 %bitcast_ln150, i32 %fc2_w_local_55" [../hls_files/conv_pool.cpp:150->../hls_files/conv_pool.cpp:123]   --->   Operation 73 'store' 'store_ln150' <Predicate = (trunc_ln148 == 5)> <Delay = 0.00>
ST_2 : Operation 74 [1/1] (0.00ns)   --->   "%br_ln150 = br void %arrayidx72.exit.i" [../hls_files/conv_pool.cpp:150->../hls_files/conv_pool.cpp:123]   --->   Operation 74 'br' 'br_ln150' <Predicate = (trunc_ln148 == 5)> <Delay = 0.00>
ST_2 : Operation 75 [1/1] (0.00ns)   --->   "%store_ln150 = store i32 %bitcast_ln150, i32 %fc2_w_local_54" [../hls_files/conv_pool.cpp:150->../hls_files/conv_pool.cpp:123]   --->   Operation 75 'store' 'store_ln150' <Predicate = (trunc_ln148 == 4)> <Delay = 0.00>
ST_2 : Operation 76 [1/1] (0.00ns)   --->   "%br_ln150 = br void %arrayidx72.exit.i" [../hls_files/conv_pool.cpp:150->../hls_files/conv_pool.cpp:123]   --->   Operation 76 'br' 'br_ln150' <Predicate = (trunc_ln148 == 4)> <Delay = 0.00>
ST_2 : Operation 77 [1/1] (0.00ns)   --->   "%store_ln150 = store i32 %bitcast_ln150, i32 %fc2_w_local_53" [../hls_files/conv_pool.cpp:150->../hls_files/conv_pool.cpp:123]   --->   Operation 77 'store' 'store_ln150' <Predicate = (trunc_ln148 == 3)> <Delay = 0.00>
ST_2 : Operation 78 [1/1] (0.00ns)   --->   "%br_ln150 = br void %arrayidx72.exit.i" [../hls_files/conv_pool.cpp:150->../hls_files/conv_pool.cpp:123]   --->   Operation 78 'br' 'br_ln150' <Predicate = (trunc_ln148 == 3)> <Delay = 0.00>
ST_2 : Operation 79 [1/1] (0.00ns)   --->   "%store_ln150 = store i32 %bitcast_ln150, i32 %fc2_w_local_52" [../hls_files/conv_pool.cpp:150->../hls_files/conv_pool.cpp:123]   --->   Operation 79 'store' 'store_ln150' <Predicate = (trunc_ln148 == 2)> <Delay = 0.00>
ST_2 : Operation 80 [1/1] (0.00ns)   --->   "%br_ln150 = br void %arrayidx72.exit.i" [../hls_files/conv_pool.cpp:150->../hls_files/conv_pool.cpp:123]   --->   Operation 80 'br' 'br_ln150' <Predicate = (trunc_ln148 == 2)> <Delay = 0.00>
ST_2 : Operation 81 [1/1] (0.00ns)   --->   "%store_ln150 = store i32 %bitcast_ln150, i32 %fc2_w_local_51" [../hls_files/conv_pool.cpp:150->../hls_files/conv_pool.cpp:123]   --->   Operation 81 'store' 'store_ln150' <Predicate = (trunc_ln148 == 1)> <Delay = 0.00>
ST_2 : Operation 82 [1/1] (0.00ns)   --->   "%br_ln150 = br void %arrayidx72.exit.i" [../hls_files/conv_pool.cpp:150->../hls_files/conv_pool.cpp:123]   --->   Operation 82 'br' 'br_ln150' <Predicate = (trunc_ln148 == 1)> <Delay = 0.00>
ST_2 : Operation 83 [1/1] (0.00ns)   --->   "%store_ln150 = store i32 %bitcast_ln150, i32 %fc2_w_local" [../hls_files/conv_pool.cpp:150->../hls_files/conv_pool.cpp:123]   --->   Operation 83 'store' 'store_ln150' <Predicate = (trunc_ln148 == 0)> <Delay = 0.00>
ST_2 : Operation 84 [1/1] (0.00ns)   --->   "%br_ln150 = br void %arrayidx72.exit.i" [../hls_files/conv_pool.cpp:150->../hls_files/conv_pool.cpp:123]   --->   Operation 84 'br' 'br_ln150' <Predicate = (trunc_ln148 == 0)> <Delay = 0.00>
ST_2 : Operation 85 [1/1] (0.00ns)   --->   "%store_ln150 = store i32 %bitcast_ln150, i32 %p_ZZ9cnn_accelE11fc2_w_local_31" [../hls_files/conv_pool.cpp:150->../hls_files/conv_pool.cpp:123]   --->   Operation 85 'store' 'store_ln150' <Predicate = (trunc_ln148 == 31)> <Delay = 0.00>
ST_2 : Operation 86 [1/1] (0.00ns)   --->   "%br_ln150 = br void %arrayidx72.exit.i" [../hls_files/conv_pool.cpp:150->../hls_files/conv_pool.cpp:123]   --->   Operation 86 'br' 'br_ln150' <Predicate = (trunc_ln148 == 31)> <Delay = 0.00>
ST_2 : Operation 87 [1/1] (1.32ns)   --->   "%store_ln148 = store i6 %add_ln148, i6 %i" [../hls_files/conv_pool.cpp:148->../hls_files/conv_pool.cpp:123]   --->   Operation 87 'store' 'store_ln148' <Predicate = true> <Delay = 1.32>
ST_2 : Operation 88 [1/1] (0.00ns)   --->   "%br_ln148 = br void %for.inc73.i" [../hls_files/conv_pool.cpp:148->../hls_files/conv_pool.cpp:123]   --->   Operation 88 'br' 'br_ln148' <Predicate = true> <Delay = 0.00>


============================================================
+ Verbose Summary: Timing violations
============================================================
Target clock period: 10.000ns, clock uncertainty: 2.700ns.

 <State 1>: 2.929ns
The critical path consists of the following:
	'store' operation 0 bit ('store_ln148', ../hls_files/conv_pool.cpp:148->../hls_files/conv_pool.cpp:123) of constant 0 on local variable 'i', ../hls_files/conv_pool.cpp:148->../hls_files/conv_pool.cpp:123 [39]  (1.324 ns)
	'load' operation 6 bit ('i', ../hls_files/conv_pool.cpp:148->../hls_files/conv_pool.cpp:123) on local variable 'i', ../hls_files/conv_pool.cpp:148->../hls_files/conv_pool.cpp:123 [42]  (0.000 ns)
	'icmp' operation 1 bit ('icmp_ln148', ../hls_files/conv_pool.cpp:148->../hls_files/conv_pool.cpp:123) [43]  (1.605 ns)

 <State 2>: 7.300ns
The critical path consists of the following:
	bus read operation ('W4mem_addr_read', ../hls_files/conv_pool.cpp:150->../hls_files/conv_pool.cpp:123) on port 'W4mem' (../hls_files/conv_pool.cpp:150->../hls_files/conv_pool.cpp:123) [52]  (7.300 ns)
	'store' operation 0 bit ('store_ln150', ../hls_files/conv_pool.cpp:150->../hls_files/conv_pool.cpp:123) of variable 'bitcast_ln150', ../hls_files/conv_pool.cpp:150->../hls_files/conv_pool.cpp:123 on static variable 'p_ZZ9cnn_accelE11fc2_w_local_30' [56]  (0.000 ns)


============================================================
+ Verbose Summary: Binding
============================================================
N/A
* FSMD analyzer results:
  - Output states:
 - Input state : 
  - Chain level:
	State 1
	State 2


============================================================
+ Verbose Summary: Datapath Resource usage 
============================================================
N/A
