

================================================================
== Vitis HLS Report for 'Block_entry_proc_Pipeline_LOAD_B2'
================================================================
* Date:           Tue Jul  8 02:25:59 2025

* Version:        2025.1 (Build 6135595 on May 21 2025)
* Project:        cnn_accel
* Solution:       hls (Vivado IP Flow Target)
* Product family: artix7
* Target device:  xc7a100t-fgg484-2L


================================================================
== Performance Estimates
================================================================
+ Timing: 
    * Summary: 
    +--------+----------+----------+------------+
    |  Clock |  Target  | Estimated| Uncertainty|
    +--------+----------+----------+------------+
    |ap_clk  |  10.00 ns|  7.300 ns|     2.70 ns|
    +--------+----------+----------+------------+

+ Latency: 
    * Summary: 
    +---------+---------+----------+----------+-----+-----+------------------------------------------------+
    |  Latency (cycles) |  Latency (absolute) |  Interval |                    Pipeline                    |
    |   min   |   max   |    min   |    max   | min | max |                      Type                      |
    +---------+---------+----------+----------+-----+-----+------------------------------------------------+
    |       34|       34|  0.340 us|  0.340 us|   33|   33|  loop auto-rewind stp (delay=0 clock cycles(s))|
    +---------+---------+----------+----------+-----+-----+------------------------------------------------+

    + Detail: 
        * Instance: 
        N/A

        * Loop: 
        +-----------+---------+---------+----------+-----------+-----------+------+----------+
        |           |  Latency (cycles) | Iteration|  Initiation Interval  | Trip |          |
        | Loop Name |   min   |   max   |  Latency |  achieved |   target  | Count| Pipelined|
        +-----------+---------+---------+----------+-----------+-----------+------+----------+
        |- LOAD_B2  |       32|       32|         2|          2|          3|    16|       yes|
        +-----------+---------+---------+----------+-----------+-----------+------+----------+

============================================================
+ Verbose Summary: Synthesis Manager
============================================================
InlineROM: 1
ExposeGlobal: 0
============================================================
+ Verbose Summary: CDFG Model
============================================================
IsTopModel: 0
ResetActiveHigh: 1
IsCombinational: 0
IsDatapathOnly: 0
HasWiredReturn: 1
HasMFsm: 2
HasVarLatency: 1
IsPipeline: 0
IsRtlPipelined: 0
IsInstanceOverlapped: 0
IsDontTouch: 0
HasImplIP: 0
IsGatedGlobalClock: 0

+ Individual pipeline summary: 
  * Pipeline-0: initiation interval (II) = 2, depth = 2


============================================================
+ Verbose Summary: Schedule
============================================================
* Number of FSM states : 2
* Pipeline : 1
  Pipeline-0 : II = 2, D = 2, States = { 1 2 }
* Dataflow Pipeline: 0

* FSM state transitions: 
1 --> 2 
2 --> 

* FSM state operations: 

State 1 <SV = 0> <Delay = 2.87>
ST_1 : Operation 5 [1/1] (0.00ns)   --->   "%i_3 = alloca i32 1" [../hls_files/conv_pool.cpp:136->../hls_files/conv_pool.cpp:123]   --->   Operation 5 'alloca' 'i_3' <Predicate = true> <Delay = 0.00>
ST_1 : Operation 6 [1/1] (0.00ns)   --->   "%sext_ln136_read = read i62 @_ssdm_op_Read.ap_auto.i62, i62 %sext_ln136"   --->   Operation 6 'read' 'sext_ln136_read' <Predicate = true> <Delay = 0.00>
ST_1 : Operation 7 [1/1] (0.00ns)   --->   "%sext_ln136_cast = sext i62 %sext_ln136_read"   --->   Operation 7 'sext' 'sext_ln136_cast' <Predicate = true> <Delay = 0.00>
ST_1 : Operation 8 [1/1] (0.00ns)   --->   "%specinterface_ln0 = specinterface void @_ssdm_op_SpecInterface, i32 %B2mem, void @empty_37, i32 0, i32 0, void @empty_38, i32 0, i32 16, void @empty_8, void @empty_23, void @empty_38, i32 16, i32 16, i32 16, i32 16, void @empty_38, void @empty_38, i32 4294967295, i32 0, i32 0"   --->   Operation 8 'specinterface' 'specinterface_ln0' <Predicate = true> <Delay = 0.00>
ST_1 : Operation 9 [1/1] (1.32ns)   --->   "%store_ln136 = store i5 0, i5 %i_3" [../hls_files/conv_pool.cpp:136->../hls_files/conv_pool.cpp:123]   --->   Operation 9 'store' 'store_ln136' <Predicate = true> <Delay = 1.32>
ST_1 : Operation 10 [1/1] (0.00ns)   --->   "%br_ln0 = br void %for.inc37.i"   --->   Operation 10 'br' 'br_ln0' <Predicate = true> <Delay = 0.00>
ST_1 : Operation 11 [1/1] (0.00ns)   --->   "%i = load i5 %i_3" [../hls_files/conv_pool.cpp:136->../hls_files/conv_pool.cpp:123]   --->   Operation 11 'load' 'i' <Predicate = true> <Delay = 0.00>
ST_1 : Operation 12 [1/1] (1.54ns)   --->   "%icmp_ln136 = icmp_eq  i5 %i, i5 16" [../hls_files/conv_pool.cpp:136->../hls_files/conv_pool.cpp:123]   --->   Operation 12 'icmp' 'icmp_ln136' <Predicate = true> <Delay = 1.54> <CoreInst = "Cmp">   --->   Core 9 'Cmp' <Latency = 0> <II = 1> <Delay = 1.54> <FuncUnit> <Opcode : 'seteq' 'setne' 'setle' 'setge' 'setlt' 'setgt'> <InPorts = 2> <OutPorts = 1>
ST_1 : Operation 13 [1/1] (1.54ns)   --->   "%add_ln136 = add i5 %i, i5 1" [../hls_files/conv_pool.cpp:136->../hls_files/conv_pool.cpp:123]   --->   Operation 13 'add' 'add_ln136' <Predicate = true> <Delay = 1.54> <CoreInst = "Adder">   --->   Core 1 'Adder' <Latency = 0> <II = 1> <Delay = 1.54> <FuncUnit> <Opcode : 'add' 'sub'> <InPorts = 2> <OutPorts = 1>
ST_1 : Operation 14 [1/1] (0.00ns)   --->   "%br_ln136 = br i1 %icmp_ln136, void %for.inc37.split.i, void %LOAD_FC1W.i.exitStub" [../hls_files/conv_pool.cpp:136->../hls_files/conv_pool.cpp:123]   --->   Operation 14 'br' 'br_ln136' <Predicate = true> <Delay = 0.00>
ST_1 : Operation 15 [1/1] (0.00ns)   --->   "%B2mem_addr = getelementptr i32 %B2mem, i64 %sext_ln136_cast" [../hls_files/conv_pool.cpp:136->../hls_files/conv_pool.cpp:123]   --->   Operation 15 'getelementptr' 'B2mem_addr' <Predicate = (!icmp_ln136)> <Delay = 0.00>
ST_1 : Operation 16 [1/1] (0.00ns)   --->   "%trunc_ln136 = trunc i5 %i" [../hls_files/conv_pool.cpp:136->../hls_files/conv_pool.cpp:123]   --->   Operation 16 'trunc' 'trunc_ln136' <Predicate = (!icmp_ln136)> <Delay = 0.00>
ST_1 : Operation 57 [1/1] (1.32ns)   --->   "%ret_ln0 = ret"   --->   Operation 57 'ret' 'ret_ln0' <Predicate = (icmp_ln136)> <Delay = 1.32>

State 2 <SV = 1> <Delay = 7.30>
ST_2 : Operation 17 [1/1] (0.00ns)   --->   "%specpipeline_ln137 = specpipeline void @_ssdm_op_SpecPipeline, i32 3, i32 0, i32 0, i32 0, void @empty_38" [../hls_files/conv_pool.cpp:137->../hls_files/conv_pool.cpp:123]   --->   Operation 17 'specpipeline' 'specpipeline_ln137' <Predicate = true> <Delay = 0.00>
ST_2 : Operation 18 [1/1] (0.00ns)   --->   "%speclooptripcount_ln136 = speclooptripcount void @_ssdm_op_SpecLoopTripCount, i64 16, i64 16, i64 16" [../hls_files/conv_pool.cpp:136->../hls_files/conv_pool.cpp:123]   --->   Operation 18 'speclooptripcount' 'speclooptripcount_ln136' <Predicate = true> <Delay = 0.00>
ST_2 : Operation 19 [1/1] (0.00ns)   --->   "%specloopname_ln136 = specloopname void @_ssdm_op_SpecLoopName, void @empty_0" [../hls_files/conv_pool.cpp:136->../hls_files/conv_pool.cpp:123]   --->   Operation 19 'specloopname' 'specloopname_ln136' <Predicate = true> <Delay = 0.00>
ST_2 : Operation 20 [1/1] (7.30ns)   --->   "%B2mem_addr_read = read i32 @_ssdm_op_Read.m_axi.p1i32, i32 %B2mem_addr" [../hls_files/conv_pool.cpp:138->../hls_files/conv_pool.cpp:123]   --->   Operation 20 'read' 'B2mem_addr_read' <Predicate = true> <Delay = 7.30> <CoreInst = "m_axi">   --->   Core 111 'm_axi' <Latency = 3> <II = 1> <Delay = 1.00> <Adapter> <Opcode : 'read' 'write' 'readreq' 'writereq' 'writeresp'>
ST_2 : Operation 21 [1/1] (0.00ns)   --->   "%bitcast_ln138 = bitcast i32 %B2mem_addr_read" [../hls_files/conv_pool.cpp:138->../hls_files/conv_pool.cpp:123]   --->   Operation 21 'bitcast' 'bitcast_ln138' <Predicate = true> <Delay = 0.00>
ST_2 : Operation 22 [1/1] (1.49ns)   --->   "%switch_ln138 = switch i4 %trunc_ln136, void %arrayidx36.case.15.i, i4 0, void %arrayidx36.case.0.i, i4 1, void %arrayidx36.case.1.i, i4 2, void %arrayidx36.case.2.i, i4 3, void %arrayidx36.case.3.i, i4 4, void %arrayidx36.case.4.i, i4 5, void %arrayidx36.case.5.i, i4 6, void %arrayidx36.case.6.i, i4 7, void %arrayidx36.case.7.i, i4 8, void %arrayidx36.case.8.i, i4 9, void %arrayidx36.case.9.i, i4 10, void %arrayidx36.case.10.i, i4 11, void %arrayidx36.case.11.i, i4 12, void %arrayidx36.case.12.i, i4 13, void %arrayidx36.case.13.i, i4 14, void %arrayidx36.case.14.i" [../hls_files/conv_pool.cpp:138->../hls_files/conv_pool.cpp:123]   --->   Operation 22 'switch' 'switch_ln138' <Predicate = true> <Delay = 1.49>
ST_2 : Operation 23 [1/1] (0.00ns)   --->   "%store_ln138 = store i32 %bitcast_ln138, i32 %p_ZZ9cnn_accelE8b2_local_14" [../hls_files/conv_pool.cpp:138->../hls_files/conv_pool.cpp:123]   --->   Operation 23 'store' 'store_ln138' <Predicate = (trunc_ln136 == 14)> <Delay = 0.00>
ST_2 : Operation 24 [1/1] (0.00ns)   --->   "%br_ln138 = br void %arrayidx36.exit.i" [../hls_files/conv_pool.cpp:138->../hls_files/conv_pool.cpp:123]   --->   Operation 24 'br' 'br_ln138' <Predicate = (trunc_ln136 == 14)> <Delay = 0.00>
ST_2 : Operation 25 [1/1] (0.00ns)   --->   "%store_ln138 = store i32 %bitcast_ln138, i32 %p_ZZ9cnn_accelE8b2_local_13" [../hls_files/conv_pool.cpp:138->../hls_files/conv_pool.cpp:123]   --->   Operation 25 'store' 'store_ln138' <Predicate = (trunc_ln136 == 13)> <Delay = 0.00>
ST_2 : Operation 26 [1/1] (0.00ns)   --->   "%br_ln138 = br void %arrayidx36.exit.i" [../hls_files/conv_pool.cpp:138->../hls_files/conv_pool.cpp:123]   --->   Operation 26 'br' 'br_ln138' <Predicate = (trunc_ln136 == 13)> <Delay = 0.00>
ST_2 : Operation 27 [1/1] (0.00ns)   --->   "%store_ln138 = store i32 %bitcast_ln138, i32 %p_ZZ9cnn_accelE8b2_local_12" [../hls_files/conv_pool.cpp:138->../hls_files/conv_pool.cpp:123]   --->   Operation 27 'store' 'store_ln138' <Predicate = (trunc_ln136 == 12)> <Delay = 0.00>
ST_2 : Operation 28 [1/1] (0.00ns)   --->   "%br_ln138 = br void %arrayidx36.exit.i" [../hls_files/conv_pool.cpp:138->../hls_files/conv_pool.cpp:123]   --->   Operation 28 'br' 'br_ln138' <Predicate = (trunc_ln136 == 12)> <Delay = 0.00>
ST_2 : Operation 29 [1/1] (0.00ns)   --->   "%store_ln138 = store i32 %bitcast_ln138, i32 %p_ZZ9cnn_accelE8b2_local_11" [../hls_files/conv_pool.cpp:138->../hls_files/conv_pool.cpp:123]   --->   Operation 29 'store' 'store_ln138' <Predicate = (trunc_ln136 == 11)> <Delay = 0.00>
ST_2 : Operation 30 [1/1] (0.00ns)   --->   "%br_ln138 = br void %arrayidx36.exit.i" [../hls_files/conv_pool.cpp:138->../hls_files/conv_pool.cpp:123]   --->   Operation 30 'br' 'br_ln138' <Predicate = (trunc_ln136 == 11)> <Delay = 0.00>
ST_2 : Operation 31 [1/1] (0.00ns)   --->   "%store_ln138 = store i32 %bitcast_ln138, i32 %p_ZZ9cnn_accelE8b2_local_10" [../hls_files/conv_pool.cpp:138->../hls_files/conv_pool.cpp:123]   --->   Operation 31 'store' 'store_ln138' <Predicate = (trunc_ln136 == 10)> <Delay = 0.00>
ST_2 : Operation 32 [1/1] (0.00ns)   --->   "%br_ln138 = br void %arrayidx36.exit.i" [../hls_files/conv_pool.cpp:138->../hls_files/conv_pool.cpp:123]   --->   Operation 32 'br' 'br_ln138' <Predicate = (trunc_ln136 == 10)> <Delay = 0.00>
ST_2 : Operation 33 [1/1] (0.00ns)   --->   "%store_ln138 = store i32 %bitcast_ln138, i32 %b2_local_34" [../hls_files/conv_pool.cpp:138->../hls_files/conv_pool.cpp:123]   --->   Operation 33 'store' 'store_ln138' <Predicate = (trunc_ln136 == 9)> <Delay = 0.00>
ST_2 : Operation 34 [1/1] (0.00ns)   --->   "%br_ln138 = br void %arrayidx36.exit.i" [../hls_files/conv_pool.cpp:138->../hls_files/conv_pool.cpp:123]   --->   Operation 34 'br' 'br_ln138' <Predicate = (trunc_ln136 == 9)> <Delay = 0.00>
ST_2 : Operation 35 [1/1] (0.00ns)   --->   "%store_ln138 = store i32 %bitcast_ln138, i32 %b2_local_33" [../hls_files/conv_pool.cpp:138->../hls_files/conv_pool.cpp:123]   --->   Operation 35 'store' 'store_ln138' <Predicate = (trunc_ln136 == 8)> <Delay = 0.00>
ST_2 : Operation 36 [1/1] (0.00ns)   --->   "%br_ln138 = br void %arrayidx36.exit.i" [../hls_files/conv_pool.cpp:138->../hls_files/conv_pool.cpp:123]   --->   Operation 36 'br' 'br_ln138' <Predicate = (trunc_ln136 == 8)> <Delay = 0.00>
ST_2 : Operation 37 [1/1] (0.00ns)   --->   "%store_ln138 = store i32 %bitcast_ln138, i32 %b2_local_32" [../hls_files/conv_pool.cpp:138->../hls_files/conv_pool.cpp:123]   --->   Operation 37 'store' 'store_ln138' <Predicate = (trunc_ln136 == 7)> <Delay = 0.00>
ST_2 : Operation 38 [1/1] (0.00ns)   --->   "%br_ln138 = br void %arrayidx36.exit.i" [../hls_files/conv_pool.cpp:138->../hls_files/conv_pool.cpp:123]   --->   Operation 38 'br' 'br_ln138' <Predicate = (trunc_ln136 == 7)> <Delay = 0.00>
ST_2 : Operation 39 [1/1] (0.00ns)   --->   "%store_ln138 = store i32 %bitcast_ln138, i32 %b2_local_31" [../hls_files/conv_pool.cpp:138->../hls_files/conv_pool.cpp:123]   --->   Operation 39 'store' 'store_ln138' <Predicate = (trunc_ln136 == 6)> <Delay = 0.00>
ST_2 : Operation 40 [1/1] (0.00ns)   --->   "%br_ln138 = br void %arrayidx36.exit.i" [../hls_files/conv_pool.cpp:138->../hls_files/conv_pool.cpp:123]   --->   Operation 40 'br' 'br_ln138' <Predicate = (trunc_ln136 == 6)> <Delay = 0.00>
ST_2 : Operation 41 [1/1] (0.00ns)   --->   "%store_ln138 = store i32 %bitcast_ln138, i32 %b2_local_30" [../hls_files/conv_pool.cpp:138->../hls_files/conv_pool.cpp:123]   --->   Operation 41 'store' 'store_ln138' <Predicate = (trunc_ln136 == 5)> <Delay = 0.00>
ST_2 : Operation 42 [1/1] (0.00ns)   --->   "%br_ln138 = br void %arrayidx36.exit.i" [../hls_files/conv_pool.cpp:138->../hls_files/conv_pool.cpp:123]   --->   Operation 42 'br' 'br_ln138' <Predicate = (trunc_ln136 == 5)> <Delay = 0.00>
ST_2 : Operation 43 [1/1] (0.00ns)   --->   "%store_ln138 = store i32 %bitcast_ln138, i32 %b2_local_29" [../hls_files/conv_pool.cpp:138->../hls_files/conv_pool.cpp:123]   --->   Operation 43 'store' 'store_ln138' <Predicate = (trunc_ln136 == 4)> <Delay = 0.00>
ST_2 : Operation 44 [1/1] (0.00ns)   --->   "%br_ln138 = br void %arrayidx36.exit.i" [../hls_files/conv_pool.cpp:138->../hls_files/conv_pool.cpp:123]   --->   Operation 44 'br' 'br_ln138' <Predicate = (trunc_ln136 == 4)> <Delay = 0.00>
ST_2 : Operation 45 [1/1] (0.00ns)   --->   "%store_ln138 = store i32 %bitcast_ln138, i32 %b2_local_28" [../hls_files/conv_pool.cpp:138->../hls_files/conv_pool.cpp:123]   --->   Operation 45 'store' 'store_ln138' <Predicate = (trunc_ln136 == 3)> <Delay = 0.00>
ST_2 : Operation 46 [1/1] (0.00ns)   --->   "%br_ln138 = br void %arrayidx36.exit.i" [../hls_files/conv_pool.cpp:138->../hls_files/conv_pool.cpp:123]   --->   Operation 46 'br' 'br_ln138' <Predicate = (trunc_ln136 == 3)> <Delay = 0.00>
ST_2 : Operation 47 [1/1] (0.00ns)   --->   "%store_ln138 = store i32 %bitcast_ln138, i32 %b2_local_27" [../hls_files/conv_pool.cpp:138->../hls_files/conv_pool.cpp:123]   --->   Operation 47 'store' 'store_ln138' <Predicate = (trunc_ln136 == 2)> <Delay = 0.00>
ST_2 : Operation 48 [1/1] (0.00ns)   --->   "%br_ln138 = br void %arrayidx36.exit.i" [../hls_files/conv_pool.cpp:138->../hls_files/conv_pool.cpp:123]   --->   Operation 48 'br' 'br_ln138' <Predicate = (trunc_ln136 == 2)> <Delay = 0.00>
ST_2 : Operation 49 [1/1] (0.00ns)   --->   "%store_ln138 = store i32 %bitcast_ln138, i32 %b2_local_26" [../hls_files/conv_pool.cpp:138->../hls_files/conv_pool.cpp:123]   --->   Operation 49 'store' 'store_ln138' <Predicate = (trunc_ln136 == 1)> <Delay = 0.00>
ST_2 : Operation 50 [1/1] (0.00ns)   --->   "%br_ln138 = br void %arrayidx36.exit.i" [../hls_files/conv_pool.cpp:138->../hls_files/conv_pool.cpp:123]   --->   Operation 50 'br' 'br_ln138' <Predicate = (trunc_ln136 == 1)> <Delay = 0.00>
ST_2 : Operation 51 [1/1] (0.00ns)   --->   "%store_ln138 = store i32 %bitcast_ln138, i32 %b2_local" [../hls_files/conv_pool.cpp:138->../hls_files/conv_pool.cpp:123]   --->   Operation 51 'store' 'store_ln138' <Predicate = (trunc_ln136 == 0)> <Delay = 0.00>
ST_2 : Operation 52 [1/1] (0.00ns)   --->   "%br_ln138 = br void %arrayidx36.exit.i" [../hls_files/conv_pool.cpp:138->../hls_files/conv_pool.cpp:123]   --->   Operation 52 'br' 'br_ln138' <Predicate = (trunc_ln136 == 0)> <Delay = 0.00>
ST_2 : Operation 53 [1/1] (0.00ns)   --->   "%store_ln138 = store i32 %bitcast_ln138, i32 %p_ZZ9cnn_accelE8b2_local_15" [../hls_files/conv_pool.cpp:138->../hls_files/conv_pool.cpp:123]   --->   Operation 53 'store' 'store_ln138' <Predicate = (trunc_ln136 == 15)> <Delay = 0.00>
ST_2 : Operation 54 [1/1] (0.00ns)   --->   "%br_ln138 = br void %arrayidx36.exit.i" [../hls_files/conv_pool.cpp:138->../hls_files/conv_pool.cpp:123]   --->   Operation 54 'br' 'br_ln138' <Predicate = (trunc_ln136 == 15)> <Delay = 0.00>
ST_2 : Operation 55 [1/1] (1.32ns)   --->   "%store_ln136 = store i5 %add_ln136, i5 %i_3" [../hls_files/conv_pool.cpp:136->../hls_files/conv_pool.cpp:123]   --->   Operation 55 'store' 'store_ln136' <Predicate = true> <Delay = 1.32>
ST_2 : Operation 56 [1/1] (0.00ns)   --->   "%br_ln136 = br void %for.inc37.i" [../hls_files/conv_pool.cpp:136->../hls_files/conv_pool.cpp:123]   --->   Operation 56 'br' 'br_ln136' <Predicate = true> <Delay = 0.00>


============================================================
+ Verbose Summary: Binding
============================================================
STG Binding: 
---------------- STG Properties BEGIN ----------------
- Is combinational: 0
- Is one-state seq: 0
- Is datapath-only: 0
- Is pipelined: 0
- Is top level: 0
Port [ Return ] is wired: 1; IO mode=ap_ctrl_hs:ce=0
Port [ B2mem]:  wired=1; compound=1; hidden=0; nouse=0; global=0; static=0; extern=0; dir=0; type=4; pingpong=0; private_global=0; IO mode=m_axi:ce=0
Port [ sext_ln136]:  wired=1; compound=0; hidden=0; nouse=0; global=0; static=0; extern=0; dir=0; type=0; pingpong=0; private_global=0; IO mode=ap_none:ce=0
Port [ p_ZZ9cnn_accelE8b2_local_14]:  wired=1; compound=0; hidden=0; nouse=0; global=1; static=1; extern=0; dir=1; type=0; pingpong=0; private_global=0; IO mode=ap_vld:ce=0
Port [ p_ZZ9cnn_accelE8b2_local_13]:  wired=1; compound=0; hidden=0; nouse=0; global=1; static=1; extern=0; dir=1; type=0; pingpong=0; private_global=0; IO mode=ap_vld:ce=0
Port [ p_ZZ9cnn_accelE8b2_local_12]:  wired=1; compound=0; hidden=0; nouse=0; global=1; static=1; extern=0; dir=1; type=0; pingpong=0; private_global=0; IO mode=ap_vld:ce=0
Port [ p_ZZ9cnn_accelE8b2_local_11]:  wired=1; compound=0; hidden=0; nouse=0; global=1; static=1; extern=0; dir=1; type=0; pingpong=0; private_global=0; IO mode=ap_vld:ce=0
Port [ p_ZZ9cnn_accelE8b2_local_10]:  wired=1; compound=0; hidden=0; nouse=0; global=1; static=1; extern=0; dir=1; type=0; pingpong=0; private_global=0; IO mode=ap_vld:ce=0
Port [ b2_local_34]:  wired=1; compound=0; hidden=0; nouse=0; global=1; static=1; extern=0; dir=1; type=0; pingpong=0; private_global=0; IO mode=ap_vld:ce=0
Port [ b2_local_33]:  wired=1; compound=0; hidden=0; nouse=0; global=1; static=1; extern=0; dir=1; type=0; pingpong=0; private_global=0; IO mode=ap_vld:ce=0
Port [ b2_local_32]:  wired=1; compound=0; hidden=0; nouse=0; global=1; static=1; extern=0; dir=1; type=0; pingpong=0; private_global=0; IO mode=ap_vld:ce=0
Port [ b2_local_31]:  wired=1; compound=0; hidden=0; nouse=0; global=1; static=1; extern=0; dir=1; type=0; pingpong=0; private_global=0; IO mode=ap_vld:ce=0
Port [ b2_local_30]:  wired=1; compound=0; hidden=0; nouse=0; global=1; static=1; extern=0; dir=1; type=0; pingpong=0; private_global=0; IO mode=ap_vld:ce=0
Port [ b2_local_29]:  wired=1; compound=0; hidden=0; nouse=0; global=1; static=1; extern=0; dir=1; type=0; pingpong=0; private_global=0; IO mode=ap_vld:ce=0
Port [ b2_local_28]:  wired=1; compound=0; hidden=0; nouse=0; global=1; static=1; extern=0; dir=1; type=0; pingpong=0; private_global=0; IO mode=ap_vld:ce=0
Port [ b2_local_27]:  wired=1; compound=0; hidden=0; nouse=0; global=1; static=1; extern=0; dir=1; type=0; pingpong=0; private_global=0; IO mode=ap_vld:ce=0
Port [ b2_local_26]:  wired=1; compound=0; hidden=0; nouse=0; global=1; static=1; extern=0; dir=1; type=0; pingpong=0; private_global=0; IO mode=ap_vld:ce=0
Port [ b2_local]:  wired=1; compound=0; hidden=0; nouse=0; global=1; static=1; extern=0; dir=1; type=0; pingpong=0; private_global=0; IO mode=ap_vld:ce=0
Port [ p_ZZ9cnn_accelE8b2_local_15]:  wired=1; compound=0; hidden=0; nouse=0; global=1; static=1; extern=0; dir=1; type=0; pingpong=0; private_global=0; IO mode=ap_vld:ce=0
---------------- STG Properties END ------------------

---------------- Datapath Model BEGIN ----------------

<LifeTime>
<method=bitvector/>
i_3                     (alloca           ) [ 011]
sext_ln136_read         (read             ) [ 000]
sext_ln136_cast         (sext             ) [ 000]
specinterface_ln0       (specinterface    ) [ 000]
store_ln136             (store            ) [ 000]
br_ln0                  (br               ) [ 000]
i                       (load             ) [ 000]
icmp_ln136              (icmp             ) [ 010]
add_ln136               (add              ) [ 001]
br_ln136                (br               ) [ 000]
B2mem_addr              (getelementptr    ) [ 001]
trunc_ln136             (trunc            ) [ 001]
specpipeline_ln137      (specpipeline     ) [ 000]
speclooptripcount_ln136 (speclooptripcount) [ 000]
specloopname_ln136      (specloopname     ) [ 000]
B2mem_addr_read         (read             ) [ 000]
bitcast_ln138           (bitcast          ) [ 000]
switch_ln138            (switch           ) [ 000]
store_ln138             (store            ) [ 000]
br_ln138                (br               ) [ 000]
store_ln138             (store            ) [ 000]
br_ln138                (br               ) [ 000]
store_ln138             (store            ) [ 000]
br_ln138                (br               ) [ 000]
store_ln138             (store            ) [ 000]
br_ln138                (br               ) [ 000]
store_ln138             (store            ) [ 000]
br_ln138                (br               ) [ 000]
store_ln138             (store            ) [ 000]
br_ln138                (br               ) [ 000]
store_ln138             (store            ) [ 000]
br_ln138                (br               ) [ 000]
store_ln138             (store            ) [ 000]
br_ln138                (br               ) [ 000]
store_ln138             (store            ) [ 000]
br_ln138                (br               ) [ 000]
store_ln138             (store            ) [ 000]
br_ln138                (br               ) [ 000]
store_ln138             (store            ) [ 000]
br_ln138                (br               ) [ 000]
store_ln138             (store            ) [ 000]
br_ln138                (br               ) [ 000]
store_ln138             (store            ) [ 000]
br_ln138                (br               ) [ 000]
store_ln138             (store            ) [ 000]
br_ln138                (br               ) [ 000]
store_ln138             (store            ) [ 000]
br_ln138                (br               ) [ 000]
store_ln138             (store            ) [ 000]
br_ln138                (br               ) [ 000]
store_ln136             (store            ) [ 000]
br_ln136                (br               ) [ 000]
ret_ln0                 (ret              ) [ 000]
</LifeTime>

<model>

<comp_list>
<comp id="0" class="1000" name="B2mem">
<pin_list>
<pin id="1" dir="1" index="0" bw="1" slack="0"/>
</pin_list>
<bind>
<StgValue><ssdm name="B2mem"/><MemPortTyVec>0 </MemPortTyVec>
</StgValue>
</bind>
</comp>

<comp id="2" class="1000" name="sext_ln136">
<pin_list>
<pin id="3" dir="1" index="0" bw="1" slack="0"/>
</pin_list>
<bind>
<StgValue><ssdm name="sext_ln136"/></StgValue>
</bind>
</comp>

<comp id="4" class="1000" name="p_ZZ9cnn_accelE8b2_local_14">
<pin_list>
<pin id="5" dir="1" index="0" bw="1" slack="0"/>
</pin_list>
<bind>
<StgValue><ssdm name="p_ZZ9cnn_accelE8b2_local_14"/></StgValue>
</bind>
</comp>

<comp id="6" class="1000" name="p_ZZ9cnn_accelE8b2_local_13">
<pin_list>
<pin id="7" dir="1" index="0" bw="1" slack="0"/>
</pin_list>
<bind>
<StgValue><ssdm name="p_ZZ9cnn_accelE8b2_local_13"/></StgValue>
</bind>
</comp>

<comp id="8" class="1000" name="p_ZZ9cnn_accelE8b2_local_12">
<pin_list>
<pin id="9" dir="1" index="0" bw="1" slack="0"/>
</pin_list>
<bind>
<StgValue><ssdm name="p_ZZ9cnn_accelE8b2_local_12"/></StgValue>
</bind>
</comp>

<comp id="10" class="1000" name="p_ZZ9cnn_accelE8b2_local_11">
<pin_list>
<pin id="11" dir="1" index="0" bw="1" slack="0"/>
</pin_list>
<bind>
<StgValue><ssdm name="p_ZZ9cnn_accelE8b2_local_11"/></StgValue>
</bind>
</comp>

<comp id="12" class="1000" name="p_ZZ9cnn_accelE8b2_local_10">
<pin_list>
<pin id="13" dir="1" index="0" bw="1" slack="0"/>
</pin_list>
<bind>
<StgValue><ssdm name="p_ZZ9cnn_accelE8b2_local_10"/></StgValue>
</bind>
</comp>

<comp id="14" class="1000" name="b2_local_34">
<pin_list>
<pin id="15" dir="1" index="0" bw="1" slack="0"/>
</pin_list>
<bind>
<StgValue><ssdm name="b2_local_34"/></StgValue>
</bind>
</comp>

<comp id="16" class="1000" name="b2_local_33">
<pin_list>
<pin id="17" dir="1" index="0" bw="1" slack="0"/>
</pin_list>
<bind>
<StgValue><ssdm name="b2_local_33"/></StgValue>
</bind>
</comp>

<comp id="18" class="1000" name="b2_local_32">
<pin_list>
<pin id="19" dir="1" index="0" bw="1" slack="0"/>
</pin_list>
<bind>
<StgValue><ssdm name="b2_local_32"/></StgValue>
</bind>
</comp>

<comp id="20" class="1000" name="b2_local_31">
<pin_list>
<pin id="21" dir="1" index="0" bw="1" slack="0"/>
</pin_list>
<bind>
<StgValue><ssdm name="b2_local_31"/></StgValue>
</bind>
</comp>

<comp id="22" class="1000" name="b2_local_30">
<pin_list>
<pin id="23" dir="1" index="0" bw="1" slack="0"/>
</pin_list>
<bind>
<StgValue><ssdm name="b2_local_30"/></StgValue>
</bind>
</comp>

<comp id="24" class="1000" name="b2_local_29">
<pin_list>
<pin id="25" dir="1" index="0" bw="1" slack="0"/>
</pin_list>
<bind>
<StgValue><ssdm name="b2_local_29"/></StgValue>
</bind>
</comp>

<comp id="26" class="1000" name="b2_local_28">
<pin_list>
<pin id="27" dir="1" index="0" bw="1" slack="0"/>
</pin_list>
<bind>
<StgValue><ssdm name="b2_local_28"/></StgValue>
</bind>
</comp>

<comp id="28" class="1000" name="b2_local_27">
<pin_list>
<pin id="29" dir="1" index="0" bw="1" slack="0"/>
</pin_list>
<bind>
<StgValue><ssdm name="b2_local_27"/></StgValue>
</bind>
</comp>

<comp id="30" class="1000" name="b2_local_26">
<pin_list>
<pin id="31" dir="1" index="0" bw="1" slack="0"/>
</pin_list>
<bind>
<StgValue><ssdm name="b2_local_26"/></StgValue>
</bind>
</comp>

<comp id="32" class="1000" name="b2_local">
<pin_list>
<pin id="33" dir="1" index="0" bw="1" slack="0"/>
</pin_list>
<bind>
<StgValue><ssdm name="b2_local"/></StgValue>
</bind>
</comp>

<comp id="34" class="1000" name="p_ZZ9cnn_accelE8b2_local_15">
<pin_list>
<pin id="35" dir="1" index="0" bw="1" slack="0"/>
</pin_list>
<bind>
<StgValue><ssdm name="p_ZZ9cnn_accelE8b2_local_15"/></StgValue>
</bind>
</comp>

<comp id="36" class="1001" name="const_36">
<pin_list>
<pin id="37" dir="1" index="0" bw="1" slack="0"/>
</pin_list>
<bind>
<StgValue><ssdm name=""/></StgValue>
</bind>
</comp>

<comp id="38" class="1001" name="const_38">
<pin_list>
<pin id="39" dir="1" index="0" bw="1" slack="0"/>
</pin_list>
<bind>
<StgValue><ssdm name="_ssdm_op_Read.ap_auto.i62"/></StgValue>
</bind>
</comp>

<comp id="40" class="1001" name="const_40">
<pin_list>
<pin id="41" dir="1" index="0" bw="1" slack="2147483647"/>
</pin_list>
<bind>
<StgValue><ssdm name="_ssdm_op_SpecInterface"/></StgValue>
</bind>
</comp>

<comp id="42" class="1001" name="const_42">
<pin_list>
<pin id="43" dir="1" index="0" bw="1" slack="2147483647"/>
</pin_list>
<bind>
<StgValue><ssdm name="empty_37"/></StgValue>
</bind>
</comp>

<comp id="44" class="1001" name="const_44">
<pin_list>
<pin id="45" dir="1" index="0" bw="1" slack="2147483647"/>
</pin_list>
<bind>
<StgValue><ssdm name=""/></StgValue>
</bind>
</comp>

<comp id="46" class="1001" name="const_46">
<pin_list>
<pin id="47" dir="1" index="0" bw="1" slack="2147483647"/>
</pin_list>
<bind>
<StgValue><ssdm name="empty_38"/></StgValue>
</bind>
</comp>

<comp id="48" class="1001" name="const_48">
<pin_list>
<pin id="49" dir="1" index="0" bw="1" slack="2147483647"/>
</pin_list>
<bind>
<StgValue><ssdm name=""/></StgValue>
</bind>
</comp>

<comp id="50" class="1001" name="const_50">
<pin_list>
<pin id="51" dir="1" index="0" bw="1" slack="2147483647"/>
</pin_list>
<bind>
<StgValue><ssdm name="empty_8"/></StgValue>
</bind>
</comp>

<comp id="52" class="1001" name="const_52">
<pin_list>
<pin id="53" dir="1" index="0" bw="1" slack="2147483647"/>
</pin_list>
<bind>
<StgValue><ssdm name="empty_23"/></StgValue>
</bind>
</comp>

<comp id="54" class="1001" name="const_54">
<pin_list>
<pin id="55" dir="1" index="0" bw="1" slack="2147483647"/>
</pin_list>
<bind>
<StgValue><ssdm name=""/></StgValue>
</bind>
</comp>

<comp id="56" class="1001" name="const_56">
<pin_list>
<pin id="57" dir="1" index="0" bw="1" slack="0"/>
</pin_list>
<bind>
<StgValue><ssdm name=""/></StgValue>
</bind>
</comp>

<comp id="58" class="1001" name="const_58">
<pin_list>
<pin id="59" dir="1" index="0" bw="1" slack="0"/>
</pin_list>
<bind>
<StgValue><ssdm name=""/></StgValue>
</bind>
</comp>

<comp id="60" class="1001" name="const_60">
<pin_list>
<pin id="61" dir="1" index="0" bw="1" slack="0"/>
</pin_list>
<bind>
<StgValue><ssdm name=""/></StgValue>
</bind>
</comp>

<comp id="62" class="1001" name="const_62">
<pin_list>
<pin id="63" dir="1" index="0" bw="1" slack="2147483647"/>
</pin_list>
<bind>
<StgValue><ssdm name="_ssdm_op_SpecPipeline"/></StgValue>
</bind>
</comp>

<comp id="64" class="1001" name="const_64">
<pin_list>
<pin id="65" dir="1" index="0" bw="1" slack="2147483647"/>
</pin_list>
<bind>
<StgValue><ssdm name=""/></StgValue>
</bind>
</comp>

<comp id="66" class="1001" name="const_66">
<pin_list>
<pin id="67" dir="1" index="0" bw="1" slack="2147483647"/>
</pin_list>
<bind>
<StgValue><ssdm name="_ssdm_op_SpecLoopTripCount"/></StgValue>
</bind>
</comp>

<comp id="68" class="1001" name="const_68">
<pin_list>
<pin id="69" dir="1" index="0" bw="1" slack="2147483647"/>
</pin_list>
<bind>
<StgValue><ssdm name=""/></StgValue>
</bind>
</comp>

<comp id="70" class="1001" name="const_70">
<pin_list>
<pin id="71" dir="1" index="0" bw="1" slack="2147483647"/>
</pin_list>
<bind>
<StgValue><ssdm name="_ssdm_op_SpecLoopName"/></StgValue>
</bind>
</comp>

<comp id="72" class="1001" name="const_72">
<pin_list>
<pin id="73" dir="1" index="0" bw="1" slack="2147483647"/>
</pin_list>
<bind>
<StgValue><ssdm name="empty_0"/></StgValue>
</bind>
</comp>

<comp id="74" class="1001" name="const_74">
<pin_list>
<pin id="75" dir="1" index="0" bw="1" slack="0"/>
</pin_list>
<bind>
<StgValue><ssdm name="_ssdm_op_Read.m_axi.p1i32"/></StgValue>
</bind>
</comp>

<comp id="76" class="1001" name="const_76">
<pin_list>
<pin id="77" dir="1" index="0" bw="1" slack="0"/>
</pin_list>
<bind>
<StgValue><ssdm name=""/></StgValue>
</bind>
</comp>

<comp id="78" class="1001" name="const_78">
<pin_list>
<pin id="79" dir="1" index="0" bw="1" slack="0"/>
</pin_list>
<bind>
<StgValue><ssdm name=""/></StgValue>
</bind>
</comp>

<comp id="80" class="1001" name="const_80">
<pin_list>
<pin id="81" dir="1" index="0" bw="1" slack="0"/>
</pin_list>
<bind>
<StgValue><ssdm name=""/></StgValue>
</bind>
</comp>

<comp id="82" class="1001" name="const_82">
<pin_list>
<pin id="83" dir="1" index="0" bw="1" slack="0"/>
</pin_list>
<bind>
<StgValue><ssdm name=""/></StgValue>
</bind>
</comp>

<comp id="84" class="1001" name="const_84">
<pin_list>
<pin id="85" dir="1" index="0" bw="1" slack="0"/>
</pin_list>
<bind>
<StgValue><ssdm name=""/></StgValue>
</bind>
</comp>

<comp id="86" class="1001" name="const_86">
<pin_list>
<pin id="87" dir="1" index="0" bw="1" slack="0"/>
</pin_list>
<bind>
<StgValue><ssdm name=""/></StgValue>
</bind>
</comp>

<comp id="88" class="1001" name="const_88">
<pin_list>
<pin id="89" dir="1" index="0" bw="1" slack="0"/>
</pin_list>
<bind>
<StgValue><ssdm name=""/></StgValue>
</bind>
</comp>

<comp id="90" class="1001" name="const_90">
<pin_list>
<pin id="91" dir="1" index="0" bw="1" slack="0"/>
</pin_list>
<bind>
<StgValue><ssdm name=""/></StgValue>
</bind>
</comp>

<comp id="92" class="1001" name="const_92">
<pin_list>
<pin id="93" dir="1" index="0" bw="1" slack="0"/>
</pin_list>
<bind>
<StgValue><ssdm name=""/></StgValue>
</bind>
</comp>

<comp id="94" class="1001" name="const_94">
<pin_list>
<pin id="95" dir="1" index="0" bw="1" slack="0"/>
</pin_list>
<bind>
<StgValue><ssdm name=""/></StgValue>
</bind>
</comp>

<comp id="96" class="1001" name="const_96">
<pin_list>
<pin id="97" dir="1" index="0" bw="1" slack="0"/>
</pin_list>
<bind>
<StgValue><ssdm name=""/></StgValue>
</bind>
</comp>

<comp id="98" class="1001" name="const_98">
<pin_list>
<pin id="99" dir="1" index="0" bw="1" slack="0"/>
</pin_list>
<bind>
<StgValue><ssdm name=""/></StgValue>
</bind>
</comp>

<comp id="100" class="1001" name="const_100">
<pin_list>
<pin id="101" dir="1" index="0" bw="1" slack="0"/>
</pin_list>
<bind>
<StgValue><ssdm name=""/></StgValue>
</bind>
</comp>

<comp id="102" class="1001" name="const_102">
<pin_list>
<pin id="103" dir="1" index="0" bw="1" slack="0"/>
</pin_list>
<bind>
<StgValue><ssdm name=""/></StgValue>
</bind>
</comp>

<comp id="104" class="1001" name="const_104">
<pin_list>
<pin id="105" dir="1" index="0" bw="1" slack="0"/>
</pin_list>
<bind>
<StgValue><ssdm name=""/></StgValue>
</bind>
</comp>

<comp id="106" class="1004" name="i_3_fu_106">
<pin_list>
<pin id="107" dir="0" index="0" bw="1" slack="0"/>
<pin id="108" dir="1" index="1" bw="5" slack="0"/>
</pin_list>
<bind>
<opcode="alloca(26) " fcode="alloca"/>
<opset="i_3/1 "/>
</bind>
</comp>

<comp id="110" class="1004" name="sext_ln136_read_read_fu_110">
<pin_list>
<pin id="111" dir="0" index="0" bw="62" slack="0"/>
<pin id="112" dir="0" index="1" bw="62" slack="0"/>
<pin id="113" dir="1" index="2" bw="62" slack="0"/>
</pin_list>
<bind>
<opcode="read(1150) " fcode="read"/>
<opset="sext_ln136_read/1 "/>
</bind>
</comp>

<comp id="116" class="1004" name="B2mem_addr_read_read_fu_116">
<pin_list>
<pin id="117" dir="0" index="0" bw="32" slack="0"/>
<pin id="118" dir="0" index="1" bw="32" slack="1"/>
<pin id="119" dir="1" index="2" bw="32" slack="0"/>
</pin_list>
<bind>
<opcode="read(1150) " fcode="read"/>
<opset="B2mem_addr_read/2 "/>
</bind>
</comp>

<comp id="121" class="1004" name="sext_ln136_cast_fu_121">
<pin_list>
<pin id="122" dir="0" index="0" bw="62" slack="0"/>
<pin id="123" dir="1" index="1" bw="64" slack="0"/>
</pin_list>
<bind>
<opcode="sext(35) " fcode="sext"/>
<opset="sext_ln136_cast/1 "/>
</bind>
</comp>

<comp id="125" class="1004" name="store_ln136_store_fu_125">
<pin_list>
<pin id="126" dir="0" index="0" bw="1" slack="0"/>
<pin id="127" dir="0" index="1" bw="5" slack="0"/>
<pin id="128" dir="1" index="2" bw="0" slack="2147483647"/>
</pin_list>
<bind>
<opcode="store(28) " fcode="store"/>
<opset="store_ln136/1 "/>
</bind>
</comp>

<comp id="130" class="1004" name="i_load_fu_130">
<pin_list>
<pin id="131" dir="0" index="0" bw="5" slack="0"/>
<pin id="132" dir="1" index="1" bw="5" slack="0"/>
</pin_list>
<bind>
<opcode="load(27) " fcode="load"/>
<opset="i/1 "/>
</bind>
</comp>

<comp id="133" class="1004" name="icmp_ln136_fu_133">
<pin_list>
<pin id="134" dir="0" index="0" bw="5" slack="0"/>
<pin id="135" dir="0" index="1" bw="5" slack="0"/>
<pin id="136" dir="1" index="2" bw="1" slack="2147483647"/>
</pin_list>
<bind>
<opcode="icmp(45) " fcode="icmp"/>
<opset="icmp_ln136/1 "/>
</bind>
</comp>

<comp id="139" class="1004" name="add_ln136_fu_139">
<pin_list>
<pin id="140" dir="0" index="0" bw="5" slack="0"/>
<pin id="141" dir="0" index="1" bw="1" slack="0"/>
<pin id="142" dir="1" index="2" bw="5" slack="1"/>
</pin_list>
<bind>
<opcode="add(8) " fcode="add"/>
<opset="add_ln136/1 "/>
</bind>
</comp>

<comp id="145" class="1004" name="B2mem_addr_fu_145">
<pin_list>
<pin id="146" dir="0" index="0" bw="32" slack="0"/>
<pin id="147" dir="0" index="1" bw="62" slack="0"/>
<pin id="148" dir="1" index="2" bw="32" slack="1"/>
</pin_list>
<bind>
<opcode="getelementptr(29) " fcode="getelementptr"/>
<opset="B2mem_addr/1 "/>
</bind>
</comp>

<comp id="151" class="1004" name="trunc_ln136_fu_151">
<pin_list>
<pin id="152" dir="0" index="0" bw="5" slack="0"/>
<pin id="153" dir="1" index="1" bw="4" slack="1"/>
</pin_list>
<bind>
<opcode="trunc(33) " fcode="trunc"/>
<opset="trunc_ln136/1 "/>
</bind>
</comp>

<comp id="155" class="1004" name="bitcast_ln138_fu_155">
<pin_list>
<pin id="156" dir="0" index="0" bw="32" slack="0"/>
<pin id="157" dir="1" index="1" bw="32" slack="0"/>
</pin_list>
<bind>
<opcode="bitcast(44) " fcode="bitcast"/>
<opset="bitcast_ln138/2 "/>
</bind>
</comp>

<comp id="159" class="1004" name="switch_ln138_fu_159">
<pin_list>
<pin id="160" dir="0" index="0" bw="4" slack="1"/>
<pin id="161" dir="0" index="1" bw="1" slack="0"/>
<pin id="162" dir="0" index="2" bw="1" slack="0"/>
<pin id="163" dir="0" index="3" bw="3" slack="0"/>
<pin id="164" dir="0" index="4" bw="3" slack="0"/>
<pin id="165" dir="0" index="5" bw="4" slack="0"/>
<pin id="166" dir="0" index="6" bw="4" slack="0"/>
<pin id="167" dir="0" index="7" bw="4" slack="0"/>
<pin id="168" dir="0" index="8" bw="4" slack="0"/>
<pin id="169" dir="0" index="9" bw="4" slack="0"/>
<pin id="170" dir="0" index="10" bw="4" slack="0"/>
<pin id="171" dir="0" index="11" bw="4" slack="0"/>
<pin id="172" dir="0" index="12" bw="4" slack="0"/>
<pin id="173" dir="0" index="13" bw="3" slack="0"/>
<pin id="174" dir="0" index="14" bw="3" slack="0"/>
<pin id="175" dir="0" index="15" bw="2" slack="0"/>
<pin id="176" dir="1" index="16" bw="0" slack="2147483647"/>
</pin_list>
<bind>
<opcode="switch(3) " fcode="switch"/>
<opset="switch_ln138/2 "/>
</bind>
</comp>

<comp id="192" class="1004" name="store_ln138_store_fu_192">
<pin_list>
<pin id="193" dir="0" index="0" bw="32" slack="0"/>
<pin id="194" dir="0" index="1" bw="32" slack="0"/>
<pin id="195" dir="1" index="2" bw="0" slack="2147483647"/>
</pin_list>
<bind>
<opcode="store(28) " fcode="store"/>
<opset="store_ln138/2 "/>
</bind>
</comp>

<comp id="198" class="1004" name="store_ln138_store_fu_198">
<pin_list>
<pin id="199" dir="0" index="0" bw="32" slack="0"/>
<pin id="200" dir="0" index="1" bw="32" slack="0"/>
<pin id="201" dir="1" index="2" bw="0" slack="2147483647"/>
</pin_list>
<bind>
<opcode="store(28) " fcode="store"/>
<opset="store_ln138/2 "/>
</bind>
</comp>

<comp id="204" class="1004" name="store_ln138_store_fu_204">
<pin_list>
<pin id="205" dir="0" index="0" bw="32" slack="0"/>
<pin id="206" dir="0" index="1" bw="32" slack="0"/>
<pin id="207" dir="1" index="2" bw="0" slack="2147483647"/>
</pin_list>
<bind>
<opcode="store(28) " fcode="store"/>
<opset="store_ln138/2 "/>
</bind>
</comp>

<comp id="210" class="1004" name="store_ln138_store_fu_210">
<pin_list>
<pin id="211" dir="0" index="0" bw="32" slack="0"/>
<pin id="212" dir="0" index="1" bw="32" slack="0"/>
<pin id="213" dir="1" index="2" bw="0" slack="2147483647"/>
</pin_list>
<bind>
<opcode="store(28) " fcode="store"/>
<opset="store_ln138/2 "/>
</bind>
</comp>

<comp id="216" class="1004" name="store_ln138_store_fu_216">
<pin_list>
<pin id="217" dir="0" index="0" bw="32" slack="0"/>
<pin id="218" dir="0" index="1" bw="32" slack="0"/>
<pin id="219" dir="1" index="2" bw="0" slack="2147483647"/>
</pin_list>
<bind>
<opcode="store(28) " fcode="store"/>
<opset="store_ln138/2 "/>
</bind>
</comp>

<comp id="222" class="1004" name="store_ln138_store_fu_222">
<pin_list>
<pin id="223" dir="0" index="0" bw="32" slack="0"/>
<pin id="224" dir="0" index="1" bw="32" slack="0"/>
<pin id="225" dir="1" index="2" bw="0" slack="2147483647"/>
</pin_list>
<bind>
<opcode="store(28) " fcode="store"/>
<opset="store_ln138/2 "/>
</bind>
</comp>

<comp id="228" class="1004" name="store_ln138_store_fu_228">
<pin_list>
<pin id="229" dir="0" index="0" bw="32" slack="0"/>
<pin id="230" dir="0" index="1" bw="32" slack="0"/>
<pin id="231" dir="1" index="2" bw="0" slack="2147483647"/>
</pin_list>
<bind>
<opcode="store(28) " fcode="store"/>
<opset="store_ln138/2 "/>
</bind>
</comp>

<comp id="234" class="1004" name="store_ln138_store_fu_234">
<pin_list>
<pin id="235" dir="0" index="0" bw="32" slack="0"/>
<pin id="236" dir="0" index="1" bw="32" slack="0"/>
<pin id="237" dir="1" index="2" bw="0" slack="2147483647"/>
</pin_list>
<bind>
<opcode="store(28) " fcode="store"/>
<opset="store_ln138/2 "/>
</bind>
</comp>

<comp id="240" class="1004" name="store_ln138_store_fu_240">
<pin_list>
<pin id="241" dir="0" index="0" bw="32" slack="0"/>
<pin id="242" dir="0" index="1" bw="32" slack="0"/>
<pin id="243" dir="1" index="2" bw="0" slack="2147483647"/>
</pin_list>
<bind>
<opcode="store(28) " fcode="store"/>
<opset="store_ln138/2 "/>
</bind>
</comp>

<comp id="246" class="1004" name="store_ln138_store_fu_246">
<pin_list>
<pin id="247" dir="0" index="0" bw="32" slack="0"/>
<pin id="248" dir="0" index="1" bw="32" slack="0"/>
<pin id="249" dir="1" index="2" bw="0" slack="2147483647"/>
</pin_list>
<bind>
<opcode="store(28) " fcode="store"/>
<opset="store_ln138/2 "/>
</bind>
</comp>

<comp id="252" class="1004" name="store_ln138_store_fu_252">
<pin_list>
<pin id="253" dir="0" index="0" bw="32" slack="0"/>
<pin id="254" dir="0" index="1" bw="32" slack="0"/>
<pin id="255" dir="1" index="2" bw="0" slack="2147483647"/>
</pin_list>
<bind>
<opcode="store(28) " fcode="store"/>
<opset="store_ln138/2 "/>
</bind>
</comp>

<comp id="258" class="1004" name="store_ln138_store_fu_258">
<pin_list>
<pin id="259" dir="0" index="0" bw="32" slack="0"/>
<pin id="260" dir="0" index="1" bw="32" slack="0"/>
<pin id="261" dir="1" index="2" bw="0" slack="2147483647"/>
</pin_list>
<bind>
<opcode="store(28) " fcode="store"/>
<opset="store_ln138/2 "/>
</bind>
</comp>

<comp id="264" class="1004" name="store_ln138_store_fu_264">
<pin_list>
<pin id="265" dir="0" index="0" bw="32" slack="0"/>
<pin id="266" dir="0" index="1" bw="32" slack="0"/>
<pin id="267" dir="1" index="2" bw="0" slack="2147483647"/>
</pin_list>
<bind>
<opcode="store(28) " fcode="store"/>
<opset="store_ln138/2 "/>
</bind>
</comp>

<comp id="270" class="1004" name="store_ln138_store_fu_270">
<pin_list>
<pin id="271" dir="0" index="0" bw="32" slack="0"/>
<pin id="272" dir="0" index="1" bw="32" slack="0"/>
<pin id="273" dir="1" index="2" bw="0" slack="2147483647"/>
</pin_list>
<bind>
<opcode="store(28) " fcode="store"/>
<opset="store_ln138/2 "/>
</bind>
</comp>

<comp id="276" class="1004" name="store_ln138_store_fu_276">
<pin_list>
<pin id="277" dir="0" index="0" bw="32" slack="0"/>
<pin id="278" dir="0" index="1" bw="32" slack="0"/>
<pin id="279" dir="1" index="2" bw="0" slack="2147483647"/>
</pin_list>
<bind>
<opcode="store(28) " fcode="store"/>
<opset="store_ln138/2 "/>
</bind>
</comp>

<comp id="282" class="1004" name="store_ln138_store_fu_282">
<pin_list>
<pin id="283" dir="0" index="0" bw="32" slack="0"/>
<pin id="284" dir="0" index="1" bw="32" slack="0"/>
<pin id="285" dir="1" index="2" bw="0" slack="2147483647"/>
</pin_list>
<bind>
<opcode="store(28) " fcode="store"/>
<opset="store_ln138/2 "/>
</bind>
</comp>

<comp id="288" class="1004" name="store_ln136_store_fu_288">
<pin_list>
<pin id="289" dir="0" index="0" bw="5" slack="1"/>
<pin id="290" dir="0" index="1" bw="5" slack="1"/>
<pin id="291" dir="1" index="2" bw="0" slack="2147483647"/>
</pin_list>
<bind>
<opcode="store(28) " fcode="store"/>
<opset="store_ln136/2 "/>
</bind>
</comp>

<comp id="292" class="1005" name="i_3_reg_292">
<pin_list>
<pin id="293" dir="0" index="0" bw="5" slack="0"/>
<pin id="294" dir="1" index="1" bw="5" slack="0"/>
</pin_list>
<bind>
<opset="i_3 "/>
</bind>
</comp>

<comp id="302" class="1005" name="add_ln136_reg_302">
<pin_list>
<pin id="303" dir="0" index="0" bw="5" slack="1"/>
<pin id="304" dir="1" index="1" bw="5" slack="1"/>
</pin_list>
<bind>
<opset="add_ln136 "/>
</bind>
</comp>

<comp id="307" class="1005" name="B2mem_addr_reg_307">
<pin_list>
<pin id="308" dir="0" index="0" bw="32" slack="1"/>
<pin id="309" dir="1" index="1" bw="32" slack="1"/>
</pin_list>
<bind>
<opset="B2mem_addr "/>
</bind>
</comp>

<comp id="312" class="1005" name="trunc_ln136_reg_312">
<pin_list>
<pin id="313" dir="0" index="0" bw="4" slack="1"/>
<pin id="314" dir="1" index="1" bw="4" slack="1"/>
</pin_list>
<bind>
<opset="trunc_ln136 "/>
</bind>
</comp>

</comp_list>

<net_list>
<net id="109"><net_src comp="36" pin="0"/><net_sink comp="106" pin=0"/></net>

<net id="114"><net_src comp="38" pin="0"/><net_sink comp="110" pin=0"/></net>

<net id="115"><net_src comp="2" pin="0"/><net_sink comp="110" pin=1"/></net>

<net id="120"><net_src comp="74" pin="0"/><net_sink comp="116" pin=0"/></net>

<net id="124"><net_src comp="110" pin="2"/><net_sink comp="121" pin=0"/></net>

<net id="129"><net_src comp="56" pin="0"/><net_sink comp="125" pin=0"/></net>

<net id="137"><net_src comp="130" pin="1"/><net_sink comp="133" pin=0"/></net>

<net id="138"><net_src comp="58" pin="0"/><net_sink comp="133" pin=1"/></net>

<net id="143"><net_src comp="130" pin="1"/><net_sink comp="139" pin=0"/></net>

<net id="144"><net_src comp="60" pin="0"/><net_sink comp="139" pin=1"/></net>

<net id="149"><net_src comp="0" pin="0"/><net_sink comp="145" pin=0"/></net>

<net id="150"><net_src comp="121" pin="1"/><net_sink comp="145" pin=1"/></net>

<net id="154"><net_src comp="130" pin="1"/><net_sink comp="151" pin=0"/></net>

<net id="158"><net_src comp="116" pin="2"/><net_sink comp="155" pin=0"/></net>

<net id="177"><net_src comp="76" pin="0"/><net_sink comp="159" pin=1"/></net>

<net id="178"><net_src comp="78" pin="0"/><net_sink comp="159" pin=2"/></net>

<net id="179"><net_src comp="80" pin="0"/><net_sink comp="159" pin=3"/></net>

<net id="180"><net_src comp="82" pin="0"/><net_sink comp="159" pin=4"/></net>

<net id="181"><net_src comp="84" pin="0"/><net_sink comp="159" pin=5"/></net>

<net id="182"><net_src comp="86" pin="0"/><net_sink comp="159" pin=6"/></net>

<net id="183"><net_src comp="88" pin="0"/><net_sink comp="159" pin=7"/></net>

<net id="184"><net_src comp="90" pin="0"/><net_sink comp="159" pin=8"/></net>

<net id="185"><net_src comp="92" pin="0"/><net_sink comp="159" pin=9"/></net>

<net id="186"><net_src comp="94" pin="0"/><net_sink comp="159" pin=10"/></net>

<net id="187"><net_src comp="96" pin="0"/><net_sink comp="159" pin=11"/></net>

<net id="188"><net_src comp="98" pin="0"/><net_sink comp="159" pin=12"/></net>

<net id="189"><net_src comp="100" pin="0"/><net_sink comp="159" pin=13"/></net>

<net id="190"><net_src comp="102" pin="0"/><net_sink comp="159" pin=14"/></net>

<net id="191"><net_src comp="104" pin="0"/><net_sink comp="159" pin=15"/></net>

<net id="196"><net_src comp="155" pin="1"/><net_sink comp="192" pin=0"/></net>

<net id="197"><net_src comp="4" pin="0"/><net_sink comp="192" pin=1"/></net>

<net id="202"><net_src comp="155" pin="1"/><net_sink comp="198" pin=0"/></net>

<net id="203"><net_src comp="6" pin="0"/><net_sink comp="198" pin=1"/></net>

<net id="208"><net_src comp="155" pin="1"/><net_sink comp="204" pin=0"/></net>

<net id="209"><net_src comp="8" pin="0"/><net_sink comp="204" pin=1"/></net>

<net id="214"><net_src comp="155" pin="1"/><net_sink comp="210" pin=0"/></net>

<net id="215"><net_src comp="10" pin="0"/><net_sink comp="210" pin=1"/></net>

<net id="220"><net_src comp="155" pin="1"/><net_sink comp="216" pin=0"/></net>

<net id="221"><net_src comp="12" pin="0"/><net_sink comp="216" pin=1"/></net>

<net id="226"><net_src comp="155" pin="1"/><net_sink comp="222" pin=0"/></net>

<net id="227"><net_src comp="14" pin="0"/><net_sink comp="222" pin=1"/></net>

<net id="232"><net_src comp="155" pin="1"/><net_sink comp="228" pin=0"/></net>

<net id="233"><net_src comp="16" pin="0"/><net_sink comp="228" pin=1"/></net>

<net id="238"><net_src comp="155" pin="1"/><net_sink comp="234" pin=0"/></net>

<net id="239"><net_src comp="18" pin="0"/><net_sink comp="234" pin=1"/></net>

<net id="244"><net_src comp="155" pin="1"/><net_sink comp="240" pin=0"/></net>

<net id="245"><net_src comp="20" pin="0"/><net_sink comp="240" pin=1"/></net>

<net id="250"><net_src comp="155" pin="1"/><net_sink comp="246" pin=0"/></net>

<net id="251"><net_src comp="22" pin="0"/><net_sink comp="246" pin=1"/></net>

<net id="256"><net_src comp="155" pin="1"/><net_sink comp="252" pin=0"/></net>

<net id="257"><net_src comp="24" pin="0"/><net_sink comp="252" pin=1"/></net>

<net id="262"><net_src comp="155" pin="1"/><net_sink comp="258" pin=0"/></net>

<net id="263"><net_src comp="26" pin="0"/><net_sink comp="258" pin=1"/></net>

<net id="268"><net_src comp="155" pin="1"/><net_sink comp="264" pin=0"/></net>

<net id="269"><net_src comp="28" pin="0"/><net_sink comp="264" pin=1"/></net>

<net id="274"><net_src comp="155" pin="1"/><net_sink comp="270" pin=0"/></net>

<net id="275"><net_src comp="30" pin="0"/><net_sink comp="270" pin=1"/></net>

<net id="280"><net_src comp="155" pin="1"/><net_sink comp="276" pin=0"/></net>

<net id="281"><net_src comp="32" pin="0"/><net_sink comp="276" pin=1"/></net>

<net id="286"><net_src comp="155" pin="1"/><net_sink comp="282" pin=0"/></net>

<net id="287"><net_src comp="34" pin="0"/><net_sink comp="282" pin=1"/></net>

<net id="295"><net_src comp="106" pin="1"/><net_sink comp="292" pin=0"/></net>

<net id="296"><net_src comp="292" pin="1"/><net_sink comp="125" pin=1"/></net>

<net id="297"><net_src comp="292" pin="1"/><net_sink comp="130" pin=0"/></net>

<net id="298"><net_src comp="292" pin="1"/><net_sink comp="288" pin=1"/></net>

<net id="305"><net_src comp="139" pin="2"/><net_sink comp="302" pin=0"/></net>

<net id="306"><net_src comp="302" pin="1"/><net_sink comp="288" pin=0"/></net>

<net id="310"><net_src comp="145" pin="2"/><net_sink comp="307" pin=0"/></net>

<net id="311"><net_src comp="307" pin="1"/><net_sink comp="116" pin=1"/></net>

<net id="315"><net_src comp="151" pin="1"/><net_sink comp="312" pin=0"/></net>

<net id="316"><net_src comp="312" pin="1"/><net_sink comp="159" pin=0"/></net>

</net_list>

</model> 
---------------- Datapath Model END ------------------

* FSMD analyzer results:
  - Output states:
	Port: p_ZZ9cnn_accelE8b2_local_14 | {2 }
	Port: p_ZZ9cnn_accelE8b2_local_13 | {2 }
	Port: p_ZZ9cnn_accelE8b2_local_12 | {2 }
	Port: p_ZZ9cnn_accelE8b2_local_11 | {2 }
	Port: p_ZZ9cnn_accelE8b2_local_10 | {2 }
	Port: b2_local_34 | {2 }
	Port: b2_local_33 | {2 }
	Port: b2_local_32 | {2 }
	Port: b2_local_31 | {2 }
	Port: b2_local_30 | {2 }
	Port: b2_local_29 | {2 }
	Port: b2_local_28 | {2 }
	Port: b2_local_27 | {2 }
	Port: b2_local_26 | {2 }
	Port: b2_local | {2 }
	Port: p_ZZ9cnn_accelE8b2_local_15 | {2 }
 - Input state : 
	Port: Block_entry_proc_Pipeline_LOAD_B2 : B2mem | {2 }
	Port: Block_entry_proc_Pipeline_LOAD_B2 : sext_ln136 | {1 }
  - Chain level:
	State 1
		store_ln136 : 1
		i : 1
		icmp_ln136 : 2
		add_ln136 : 2
		br_ln136 : 3
		B2mem_addr : 1
		trunc_ln136 : 2
	State 2
		store_ln138 : 1
		store_ln138 : 1
		store_ln138 : 1
		store_ln138 : 1
		store_ln138 : 1
		store_ln138 : 1
		store_ln138 : 1
		store_ln138 : 1
		store_ln138 : 1
		store_ln138 : 1
		store_ln138 : 1
		store_ln138 : 1
		store_ln138 : 1
		store_ln138 : 1
		store_ln138 : 1
		store_ln138 : 1


============================================================
+ Verbose Summary: Datapath Resource usage 
============================================================

* Functional unit list:
|----------|-----------------------------|---------|---------|
| Operation|       Functional Unit       |    FF   |   LUT   |
|----------|-----------------------------|---------|---------|
|   icmp   |      icmp_ln136_fu_133      |    0    |    13   |
|----------|-----------------------------|---------|---------|
|    add   |       add_ln136_fu_139      |    0    |    13   |
|----------|-----------------------------|---------|---------|
|   read   | sext_ln136_read_read_fu_110 |    0    |    0    |
|          | B2mem_addr_read_read_fu_116 |    0    |    0    |
|----------|-----------------------------|---------|---------|
|   sext   |    sext_ln136_cast_fu_121   |    0    |    0    |
|----------|-----------------------------|---------|---------|
|   trunc  |      trunc_ln136_fu_151     |    0    |    0    |
|----------|-----------------------------|---------|---------|
|  switch  |     switch_ln138_fu_159     |    0    |    0    |
|----------|-----------------------------|---------|---------|
|   Total  |                             |    0    |    26   |
|----------|-----------------------------|---------|---------|

Memories:
N/A

* Register list:
+-------------------+--------+
|                   |   FF   |
+-------------------+--------+
| B2mem_addr_reg_307|   32   |
| add_ln136_reg_302 |    5   |
|    i_3_reg_292    |    5   |
|trunc_ln136_reg_312|    4   |
+-------------------+--------+
|       Total       |   46   |
+-------------------+--------+

* Multiplexer (MUX) list: 
|--------|------|------|------|--------|
|  Comp  |  Pin | Size |  BW  | S x BW |
|--------|------|------|------|--------|
|  Total |      |      |      |    0   |
|--------|------|------|------|--------|



* Summary:
+-----------+--------+--------+
|           |   FF   |   LUT  |
+-----------+--------+--------+
|  Function |    0   |   26   |
|   Memory  |    -   |    -   |
|Multiplexer|    -   |    -   |
|  Register |   46   |    -   |
+-----------+--------+--------+
|   Total   |   46   |   26   |
+-----------+--------+--------+
