

================================================================
== Vitis HLS Report for 'Block_entry_proc_Pipeline_LOAD_FC1W'
================================================================
* Date:           Tue Jul  8 02:25:59 2025

* Version:        2025.1 (Build 6135595 on May 21 2025)
* Project:        cnn_accel
* Solution:       hls (Vivado IP Flow Target)
* Product family: artix7
* Target device:  xc7a100t-fgg484-2L


================================================================
== Performance Estimates
================================================================
+ Timing: 
    * Summary: 
    +--------+----------+----------+------------+
    |  Clock |  Target  | Estimated| Uncertainty|
    +--------+----------+----------+------------+
    |ap_clk  |  10.00 ns|  7.300 ns|     2.70 ns|
    +--------+----------+----------+------------+

+ Latency: 
    * Summary: 
    +---------+---------+-----------+-----------+---------+---------+------------------------------------------------+
    |  Latency (cycles) |   Latency (absolute)  |      Interval     |                    Pipeline                    |
    |   min   |   max   |    min    |    max    |   min   |   max   |                      Type                      |
    +---------+---------+-----------+-----------+---------+---------+------------------------------------------------+
    |  6948867|  6948867|  69.489 ms|  69.489 ms|  6948866|  6948866|  loop auto-rewind stp (delay=0 clock cycles(s))|
    +---------+---------+-----------+-----------+---------+---------+------------------------------------------------+

    + Detail: 
        * Instance: 
        N/A

        * Loop: 
        +-------------+---------+---------+----------+-----------+-----------+---------+----------+
        |             |  Latency (cycles) | Iteration|  Initiation Interval  |   Trip  |          |
        |  Loop Name  |   min   |   max   |  Latency |  achieved |   target  |  Count  | Pipelined|
        +-------------+---------+---------+----------+-----------+-----------+---------+----------+
        |- LOAD_FC1W  |  6948865|  6948865|         3|          3|          3|  2316288|       yes|
        +-------------+---------+---------+----------+-----------+-----------+---------+----------+

============================================================
+ Verbose Summary: Synthesis Manager
============================================================
InlineROM: 1
ExposeGlobal: 0
============================================================
+ Verbose Summary: CDFG Model
============================================================
IsTopModel: 0
ResetActiveHigh: 1
IsCombinational: 0
IsDatapathOnly: 0
HasWiredReturn: 1
HasMFsm: 2
HasVarLatency: 1
IsPipeline: 0
IsRtlPipelined: 0
IsInstanceOverlapped: 0
IsDontTouch: 0
HasImplIP: 0
IsGatedGlobalClock: 0

+ Individual pipeline summary: 
  * Pipeline-0: initiation interval (II) = 3, depth = 3


============================================================
+ Verbose Summary: Schedule
============================================================
* Number of FSM states : 3
* Pipeline : 1
  Pipeline-0 : II = 3, D = 3, States = { 1 2 3 }
* Dataflow Pipeline: 0

* FSM state transitions: 
1 --> 2 
2 --> 3 
3 --> 

* FSM state operations: 

State 1 <SV = 0> <Delay = 3.29>
ST_1 : Operation 6 [1/1] (0.00ns)   --->   "%i_4 = alloca i32 1" [../hls_files/conv_pool.cpp:140->../hls_files/conv_pool.cpp:123]   --->   Operation 6 'alloca' 'i_4' <Predicate = true> <Delay = 0.00>
ST_1 : Operation 7 [1/1] (0.00ns)   --->   "%sext_ln140_read = read i62 @_ssdm_op_Read.ap_auto.i62, i62 %sext_ln140"   --->   Operation 7 'read' 'sext_ln140_read' <Predicate = true> <Delay = 0.00>
ST_1 : Operation 8 [1/1] (0.00ns)   --->   "%sext_ln140_cast = sext i62 %sext_ln140_read"   --->   Operation 8 'sext' 'sext_ln140_cast' <Predicate = true> <Delay = 0.00>
ST_1 : Operation 9 [1/1] (0.00ns)   --->   "%specinterface_ln0 = specinterface void @_ssdm_op_SpecInterface, i32 %W3mem, void @empty_37, i32 0, i32 0, void @empty_38, i32 0, i32 2316288, void @empty_9, void @empty_23, void @empty_38, i32 16, i32 16, i32 16, i32 16, void @empty_38, void @empty_38, i32 4294967295, i32 0, i32 0"   --->   Operation 9 'specinterface' 'specinterface_ln0' <Predicate = true> <Delay = 0.00>
ST_1 : Operation 10 [1/1] (1.32ns)   --->   "%store_ln140 = store i22 0, i22 %i_4" [../hls_files/conv_pool.cpp:140->../hls_files/conv_pool.cpp:123]   --->   Operation 10 'store' 'store_ln140' <Predicate = true> <Delay = 1.32>
ST_1 : Operation 11 [1/1] (0.00ns)   --->   "%br_ln0 = br void %for.inc49.i"   --->   Operation 11 'br' 'br_ln0' <Predicate = true> <Delay = 0.00>
ST_1 : Operation 12 [1/1] (0.00ns)   --->   "%i = load i22 %i_4" [../hls_files/conv_pool.cpp:140->../hls_files/conv_pool.cpp:123]   --->   Operation 12 'load' 'i' <Predicate = true> <Delay = 0.00>
ST_1 : Operation 13 [1/1] (1.96ns)   --->   "%icmp_ln140 = icmp_eq  i22 %i, i22 2316288" [../hls_files/conv_pool.cpp:140->../hls_files/conv_pool.cpp:123]   --->   Operation 13 'icmp' 'icmp_ln140' <Predicate = true> <Delay = 1.96> <CoreInst = "Cmp">   --->   Core 9 'Cmp' <Latency = 0> <II = 1> <Delay = 1.96> <FuncUnit> <Opcode : 'seteq' 'setne' 'setle' 'setge' 'setlt' 'setgt'> <InPorts = 2> <OutPorts = 1>

State 2 <SV = 1> <Delay = 7.30>
ST_2 : Operation 14 [1/1] (1.96ns)   --->   "%add_ln140 = add i22 %i, i22 1" [../hls_files/conv_pool.cpp:140->../hls_files/conv_pool.cpp:123]   --->   Operation 14 'add' 'add_ln140' <Predicate = true> <Delay = 1.96> <CoreInst = "Adder">   --->   Core 1 'Adder' <Latency = 0> <II = 1> <Delay = 1.96> <FuncUnit> <Opcode : 'add' 'sub'> <InPorts = 2> <OutPorts = 1>
ST_2 : Operation 15 [1/1] (0.00ns)   --->   "%br_ln140 = br i1 %icmp_ln140, void %for.inc49.split.i, void %LOAD_FC1B.i.exitStub" [../hls_files/conv_pool.cpp:140->../hls_files/conv_pool.cpp:123]   --->   Operation 15 'br' 'br_ln140' <Predicate = true> <Delay = 0.00>
ST_2 : Operation 16 [1/1] (0.00ns)   --->   "%W3mem_addr = getelementptr i32 %W3mem, i64 %sext_ln140_cast" [../hls_files/conv_pool.cpp:140->../hls_files/conv_pool.cpp:123]   --->   Operation 16 'getelementptr' 'W3mem_addr' <Predicate = (!icmp_ln140)> <Delay = 0.00>
ST_2 : Operation 17 [1/1] (7.30ns)   --->   "%W3mem_addr_read = read i32 @_ssdm_op_Read.m_axi.p1i32, i32 %W3mem_addr" [../hls_files/conv_pool.cpp:142->../hls_files/conv_pool.cpp:123]   --->   Operation 17 'read' 'W3mem_addr_read' <Predicate = (!icmp_ln140)> <Delay = 7.30> <CoreInst = "m_axi">   --->   Core 111 'm_axi' <Latency = 3> <II = 1> <Delay = 1.00> <Adapter> <Opcode : 'read' 'write' 'readreq' 'writereq' 'writeresp'>
ST_2 : Operation 18 [1/1] (0.00ns)   --->   "%bitcast_ln142 = bitcast i32 %W3mem_addr_read" [../hls_files/conv_pool.cpp:142->../hls_files/conv_pool.cpp:123]   --->   Operation 18 'bitcast' 'bitcast_ln142' <Predicate = (!icmp_ln140)> <Delay = 0.00>
ST_2 : Operation 52 [1/1] (1.32ns)   --->   "%ret_ln0 = ret"   --->   Operation 52 'ret' 'ret_ln0' <Predicate = (icmp_ln140)> <Delay = 1.32>

State 3 <SV = 2> <Delay = 4.11>
ST_3 : Operation 19 [1/1] (0.00ns)   --->   "%trunc_ln140 = trunc i22 %i" [../hls_files/conv_pool.cpp:140->../hls_files/conv_pool.cpp:123]   --->   Operation 19 'trunc' 'trunc_ln140' <Predicate = true> <Delay = 0.00>
ST_3 : Operation 20 [1/1] (0.00ns)   --->   "%specpipeline_ln141 = specpipeline void @_ssdm_op_SpecPipeline, i32 3, i32 0, i32 0, i32 0, void @empty_38" [../hls_files/conv_pool.cpp:141->../hls_files/conv_pool.cpp:123]   --->   Operation 20 'specpipeline' 'specpipeline_ln141' <Predicate = true> <Delay = 0.00>
ST_3 : Operation 21 [1/1] (0.00ns)   --->   "%speclooptripcount_ln140 = speclooptripcount void @_ssdm_op_SpecLoopTripCount, i64 2316288, i64 2316288, i64 2316288" [../hls_files/conv_pool.cpp:140->../hls_files/conv_pool.cpp:123]   --->   Operation 21 'speclooptripcount' 'speclooptripcount_ln140' <Predicate = true> <Delay = 0.00>
ST_3 : Operation 22 [1/1] (0.00ns)   --->   "%specloopname_ln140 = specloopname void @_ssdm_op_SpecLoopName, void @empty" [../hls_files/conv_pool.cpp:140->../hls_files/conv_pool.cpp:123]   --->   Operation 22 'specloopname' 'specloopname_ln140' <Predicate = true> <Delay = 0.00>
ST_3 : Operation 23 [1/1] (0.00ns)   --->   "%lshr_ln = partselect i19 @_ssdm_op_PartSelect.i19.i22.i32.i32, i22 %i, i32 3, i32 21" [../hls_files/conv_pool.cpp:140->../hls_files/conv_pool.cpp:123]   --->   Operation 23 'partselect' 'lshr_ln' <Predicate = true> <Delay = 0.00>
ST_3 : Operation 24 [1/1] (0.00ns)   --->   "%zext_ln140 = zext i19 %lshr_ln" [../hls_files/conv_pool.cpp:140->../hls_files/conv_pool.cpp:123]   --->   Operation 24 'zext' 'zext_ln140' <Predicate = true> <Delay = 0.00>
ST_3 : Operation 25 [1/1] (0.00ns)   --->   "%fc1_w_local_addr = getelementptr i32 %fc1_w_local, i64 0, i64 %zext_ln140" [../hls_files/conv_pool.cpp:142->../hls_files/conv_pool.cpp:123]   --->   Operation 25 'getelementptr' 'fc1_w_local_addr' <Predicate = true> <Delay = 0.00>
ST_3 : Operation 26 [1/1] (0.00ns)   --->   "%fc1_w_local_35_addr = getelementptr i32 %fc1_w_local_35, i64 0, i64 %zext_ln140" [../hls_files/conv_pool.cpp:142->../hls_files/conv_pool.cpp:123]   --->   Operation 26 'getelementptr' 'fc1_w_local_35_addr' <Predicate = true> <Delay = 0.00>
ST_3 : Operation 27 [1/1] (0.00ns)   --->   "%fc1_w_local_36_addr = getelementptr i32 %fc1_w_local_36, i64 0, i64 %zext_ln140" [../hls_files/conv_pool.cpp:142->../hls_files/conv_pool.cpp:123]   --->   Operation 27 'getelementptr' 'fc1_w_local_36_addr' <Predicate = true> <Delay = 0.00>
ST_3 : Operation 28 [1/1] (0.00ns)   --->   "%fc1_w_local_37_addr = getelementptr i32 %fc1_w_local_37, i64 0, i64 %zext_ln140" [../hls_files/conv_pool.cpp:142->../hls_files/conv_pool.cpp:123]   --->   Operation 28 'getelementptr' 'fc1_w_local_37_addr' <Predicate = true> <Delay = 0.00>
ST_3 : Operation 29 [1/1] (0.00ns)   --->   "%fc1_w_local_38_addr = getelementptr i32 %fc1_w_local_38, i64 0, i64 %zext_ln140" [../hls_files/conv_pool.cpp:142->../hls_files/conv_pool.cpp:123]   --->   Operation 29 'getelementptr' 'fc1_w_local_38_addr' <Predicate = true> <Delay = 0.00>
ST_3 : Operation 30 [1/1] (0.00ns)   --->   "%fc1_w_local_39_addr = getelementptr i32 %fc1_w_local_39, i64 0, i64 %zext_ln140" [../hls_files/conv_pool.cpp:142->../hls_files/conv_pool.cpp:123]   --->   Operation 30 'getelementptr' 'fc1_w_local_39_addr' <Predicate = true> <Delay = 0.00>
ST_3 : Operation 31 [1/1] (0.00ns)   --->   "%fc1_w_local_40_addr = getelementptr i32 %fc1_w_local_40, i64 0, i64 %zext_ln140" [../hls_files/conv_pool.cpp:142->../hls_files/conv_pool.cpp:123]   --->   Operation 31 'getelementptr' 'fc1_w_local_40_addr' <Predicate = true> <Delay = 0.00>
ST_3 : Operation 32 [1/1] (0.00ns)   --->   "%fc1_w_local_41_addr = getelementptr i32 %fc1_w_local_41, i64 0, i64 %zext_ln140" [../hls_files/conv_pool.cpp:142->../hls_files/conv_pool.cpp:123]   --->   Operation 32 'getelementptr' 'fc1_w_local_41_addr' <Predicate = true> <Delay = 0.00>
ST_3 : Operation 33 [1/1] (1.34ns)   --->   "%switch_ln142 = switch i3 %trunc_ln140, void %arrayidx48.case.7.i, i3 0, void %arrayidx48.case.0.i, i3 1, void %arrayidx48.case.1.i, i3 2, void %arrayidx48.case.2.i, i3 3, void %arrayidx48.case.3.i, i3 4, void %arrayidx48.case.4.i, i3 5, void %arrayidx48.case.5.i, i3 6, void %arrayidx48.case.6.i" [../hls_files/conv_pool.cpp:142->../hls_files/conv_pool.cpp:123]   --->   Operation 33 'switch' 'switch_ln142' <Predicate = true> <Delay = 1.34>
ST_3 : Operation 34 [1/1] ( I:2.77ns O:2.77ns )   --->   "%store_ln142 = store i32 %bitcast_ln142, i19 %fc1_w_local_40_addr" [../hls_files/conv_pool.cpp:142->../hls_files/conv_pool.cpp:123]   --->   Operation 34 'store' 'store_ln142' <Predicate = (trunc_ln140 == 6)> <Delay = 2.77> <CoreInst = "RAM">   --->   Core 81 'RAM' <Latency = 1> <II = 1> <Delay = 2.77> <Storage> <Opcode : 'load' 'store'> <Ports = 2> <Width = 32> <Depth = 289536> <RAM>
ST_3 : Operation 35 [1/1] (0.00ns)   --->   "%br_ln142 = br void %arrayidx48.exit.i" [../hls_files/conv_pool.cpp:142->../hls_files/conv_pool.cpp:123]   --->   Operation 35 'br' 'br_ln142' <Predicate = (trunc_ln140 == 6)> <Delay = 0.00>
ST_3 : Operation 36 [1/1] ( I:2.77ns O:2.77ns )   --->   "%store_ln142 = store i32 %bitcast_ln142, i19 %fc1_w_local_39_addr" [../hls_files/conv_pool.cpp:142->../hls_files/conv_pool.cpp:123]   --->   Operation 36 'store' 'store_ln142' <Predicate = (trunc_ln140 == 5)> <Delay = 2.77> <CoreInst = "RAM">   --->   Core 81 'RAM' <Latency = 1> <II = 1> <Delay = 2.77> <Storage> <Opcode : 'load' 'store'> <Ports = 2> <Width = 32> <Depth = 289536> <RAM>
ST_3 : Operation 37 [1/1] (0.00ns)   --->   "%br_ln142 = br void %arrayidx48.exit.i" [../hls_files/conv_pool.cpp:142->../hls_files/conv_pool.cpp:123]   --->   Operation 37 'br' 'br_ln142' <Predicate = (trunc_ln140 == 5)> <Delay = 0.00>
ST_3 : Operation 38 [1/1] ( I:2.77ns O:2.77ns )   --->   "%store_ln142 = store i32 %bitcast_ln142, i19 %fc1_w_local_38_addr" [../hls_files/conv_pool.cpp:142->../hls_files/conv_pool.cpp:123]   --->   Operation 38 'store' 'store_ln142' <Predicate = (trunc_ln140 == 4)> <Delay = 2.77> <CoreInst = "RAM">   --->   Core 81 'RAM' <Latency = 1> <II = 1> <Delay = 2.77> <Storage> <Opcode : 'load' 'store'> <Ports = 2> <Width = 32> <Depth = 289536> <RAM>
ST_3 : Operation 39 [1/1] (0.00ns)   --->   "%br_ln142 = br void %arrayidx48.exit.i" [../hls_files/conv_pool.cpp:142->../hls_files/conv_pool.cpp:123]   --->   Operation 39 'br' 'br_ln142' <Predicate = (trunc_ln140 == 4)> <Delay = 0.00>
ST_3 : Operation 40 [1/1] ( I:2.77ns O:2.77ns )   --->   "%store_ln142 = store i32 %bitcast_ln142, i19 %fc1_w_local_37_addr" [../hls_files/conv_pool.cpp:142->../hls_files/conv_pool.cpp:123]   --->   Operation 40 'store' 'store_ln142' <Predicate = (trunc_ln140 == 3)> <Delay = 2.77> <CoreInst = "RAM">   --->   Core 81 'RAM' <Latency = 1> <II = 1> <Delay = 2.77> <Storage> <Opcode : 'load' 'store'> <Ports = 2> <Width = 32> <Depth = 289536> <RAM>
ST_3 : Operation 41 [1/1] (0.00ns)   --->   "%br_ln142 = br void %arrayidx48.exit.i" [../hls_files/conv_pool.cpp:142->../hls_files/conv_pool.cpp:123]   --->   Operation 41 'br' 'br_ln142' <Predicate = (trunc_ln140 == 3)> <Delay = 0.00>
ST_3 : Operation 42 [1/1] ( I:2.77ns O:2.77ns )   --->   "%store_ln142 = store i32 %bitcast_ln142, i19 %fc1_w_local_36_addr" [../hls_files/conv_pool.cpp:142->../hls_files/conv_pool.cpp:123]   --->   Operation 42 'store' 'store_ln142' <Predicate = (trunc_ln140 == 2)> <Delay = 2.77> <CoreInst = "RAM">   --->   Core 81 'RAM' <Latency = 1> <II = 1> <Delay = 2.77> <Storage> <Opcode : 'load' 'store'> <Ports = 2> <Width = 32> <Depth = 289536> <RAM>
ST_3 : Operation 43 [1/1] (0.00ns)   --->   "%br_ln142 = br void %arrayidx48.exit.i" [../hls_files/conv_pool.cpp:142->../hls_files/conv_pool.cpp:123]   --->   Operation 43 'br' 'br_ln142' <Predicate = (trunc_ln140 == 2)> <Delay = 0.00>
ST_3 : Operation 44 [1/1] ( I:2.77ns O:2.77ns )   --->   "%store_ln142 = store i32 %bitcast_ln142, i19 %fc1_w_local_35_addr" [../hls_files/conv_pool.cpp:142->../hls_files/conv_pool.cpp:123]   --->   Operation 44 'store' 'store_ln142' <Predicate = (trunc_ln140 == 1)> <Delay = 2.77> <CoreInst = "RAM">   --->   Core 81 'RAM' <Latency = 1> <II = 1> <Delay = 2.77> <Storage> <Opcode : 'load' 'store'> <Ports = 2> <Width = 32> <Depth = 289536> <RAM>
ST_3 : Operation 45 [1/1] (0.00ns)   --->   "%br_ln142 = br void %arrayidx48.exit.i" [../hls_files/conv_pool.cpp:142->../hls_files/conv_pool.cpp:123]   --->   Operation 45 'br' 'br_ln142' <Predicate = (trunc_ln140 == 1)> <Delay = 0.00>
ST_3 : Operation 46 [1/1] ( I:2.77ns O:2.77ns )   --->   "%store_ln142 = store i32 %bitcast_ln142, i19 %fc1_w_local_addr" [../hls_files/conv_pool.cpp:142->../hls_files/conv_pool.cpp:123]   --->   Operation 46 'store' 'store_ln142' <Predicate = (trunc_ln140 == 0)> <Delay = 2.77> <CoreInst = "RAM">   --->   Core 81 'RAM' <Latency = 1> <II = 1> <Delay = 2.77> <Storage> <Opcode : 'load' 'store'> <Ports = 2> <Width = 32> <Depth = 289536> <RAM>
ST_3 : Operation 47 [1/1] (0.00ns)   --->   "%br_ln142 = br void %arrayidx48.exit.i" [../hls_files/conv_pool.cpp:142->../hls_files/conv_pool.cpp:123]   --->   Operation 47 'br' 'br_ln142' <Predicate = (trunc_ln140 == 0)> <Delay = 0.00>
ST_3 : Operation 48 [1/1] ( I:2.77ns O:2.77ns )   --->   "%store_ln142 = store i32 %bitcast_ln142, i19 %fc1_w_local_41_addr" [../hls_files/conv_pool.cpp:142->../hls_files/conv_pool.cpp:123]   --->   Operation 48 'store' 'store_ln142' <Predicate = (trunc_ln140 == 7)> <Delay = 2.77> <CoreInst = "RAM">   --->   Core 81 'RAM' <Latency = 1> <II = 1> <Delay = 2.77> <Storage> <Opcode : 'load' 'store'> <Ports = 2> <Width = 32> <Depth = 289536> <RAM>
ST_3 : Operation 49 [1/1] (0.00ns)   --->   "%br_ln142 = br void %arrayidx48.exit.i" [../hls_files/conv_pool.cpp:142->../hls_files/conv_pool.cpp:123]   --->   Operation 49 'br' 'br_ln142' <Predicate = (trunc_ln140 == 7)> <Delay = 0.00>
ST_3 : Operation 50 [1/1] (1.32ns)   --->   "%store_ln140 = store i22 %add_ln140, i22 %i_4" [../hls_files/conv_pool.cpp:140->../hls_files/conv_pool.cpp:123]   --->   Operation 50 'store' 'store_ln140' <Predicate = true> <Delay = 1.32>
ST_3 : Operation 51 [1/1] (0.00ns)   --->   "%br_ln140 = br void %for.inc49.i" [../hls_files/conv_pool.cpp:140->../hls_files/conv_pool.cpp:123]   --->   Operation 51 'br' 'br_ln140' <Predicate = true> <Delay = 0.00>


============================================================
+ Verbose Summary: Timing violations
============================================================
Target clock period: 10.000ns, clock uncertainty: 2.700ns.

 <State 1>: 3.292ns
The critical path consists of the following:
	'store' operation 0 bit ('store_ln140', ../hls_files/conv_pool.cpp:140->../hls_files/conv_pool.cpp:123) of constant 0 on local variable 'i', ../hls_files/conv_pool.cpp:140->../hls_files/conv_pool.cpp:123 [15]  (1.324 ns)
	'load' operation 22 bit ('i', ../hls_files/conv_pool.cpp:140->../hls_files/conv_pool.cpp:123) on local variable 'i', ../hls_files/conv_pool.cpp:140->../hls_files/conv_pool.cpp:123 [18]  (0.000 ns)
	'icmp' operation 1 bit ('icmp_ln140', ../hls_files/conv_pool.cpp:140->../hls_files/conv_pool.cpp:123) [19]  (1.968 ns)

 <State 2>: 7.300ns
The critical path consists of the following:
	'getelementptr' operation 32 bit ('W3mem_addr', ../hls_files/conv_pool.cpp:140->../hls_files/conv_pool.cpp:123) [23]  (0.000 ns)
	bus read operation ('W3mem_addr_read', ../hls_files/conv_pool.cpp:142->../hls_files/conv_pool.cpp:123) on port 'W3mem' (../hls_files/conv_pool.cpp:142->../hls_files/conv_pool.cpp:123) [30]  (7.300 ns)

 <State 3>: 4.119ns
The critical path consists of the following:
	'store' operation 0 bit ('store_ln142', ../hls_files/conv_pool.cpp:142->../hls_files/conv_pool.cpp:123) of variable 'bitcast_ln142', ../hls_files/conv_pool.cpp:142->../hls_files/conv_pool.cpp:123 on array 'fc1_w_local_38' [48]  (2.772 ns)
	blocking operation 1.3465 ns on control path)


============================================================
+ Verbose Summary: Binding
============================================================
N/A
* FSMD analyzer results:
  - Output states:
 - Input state : 
  - Chain level:
	State 1
	State 2
	State 3


============================================================
+ Verbose Summary: Datapath Resource usage 
============================================================
N/A
