

================================================================
== Vitis HLS Report for 'Block_entry_proc_Pipeline_LOAD_FC1W'
================================================================
* Date:           Tue Jul  8 02:26:25 2025

* Version:        2025.1 (Build 6135595 on May 21 2025)
* Project:        cnn_accel
* Solution:       hls (Vivado IP Flow Target)
* Product family: artix7
* Target device:  xc7a100t-fgg484-2L


================================================================
== Performance Estimates
================================================================
+ Timing: 
    * Summary: 
    +--------+----------+----------+------------+
    |  Clock |  Target  | Estimated| Uncertainty|
    +--------+----------+----------+------------+
    |ap_clk  |  10.00 ns|  7.300 ns|     2.70 ns|
    +--------+----------+----------+------------+

+ Latency: 
    * Summary: 
    +---------+---------+-----------+-----------+---------+---------+------------------------------------------------+
    |  Latency (cycles) |   Latency (absolute)  |      Interval     |                    Pipeline                    |
    |   min   |   max   |    min    |    max    |   min   |   max   |                      Type                      |
    +---------+---------+-----------+-----------+---------+---------+------------------------------------------------+
    |  6948867|  6948867|  69.489 ms|  69.489 ms|  6948866|  6948866|  loop auto-rewind stp (delay=0 clock cycles(s))|
    +---------+---------+-----------+-----------+---------+---------+------------------------------------------------+

    + Detail: 
        * Instance: 
        N/A

        * Loop: 
        +-------------+---------+---------+----------+-----------+-----------+---------+----------+
        |             |  Latency (cycles) | Iteration|  Initiation Interval  |   Trip  |          |
        |  Loop Name  |   min   |   max   |  Latency |  achieved |   target  |  Count  | Pipelined|
        +-------------+---------+---------+----------+-----------+-----------+---------+----------+
        |- LOAD_FC1W  |  6948865|  6948865|         3|          3|          3|  2316288|       yes|
        +-------------+---------+---------+----------+-----------+-----------+---------+----------+



================================================================
== Utilization Estimates
================================================================
* Summary: 
+-----------------+---------+-----+--------+-------+-----+
|       Name      | BRAM_18K| DSP |   FF   |  LUT  | URAM|
+-----------------+---------+-----+--------+-------+-----+
|DSP              |        -|    -|       -|      -|    -|
|Expression       |        -|    -|       0|     60|    -|
|FIFO             |        -|    -|       -|      -|    -|
|Instance         |        -|    -|       -|      -|    -|
|Memory           |        -|    -|       -|      -|    -|
|Multiplexer      |        -|    -|       0|     53|    -|
|Register         |        -|    -|     103|      -|    -|
+-----------------+---------+-----+--------+-------+-----+
|Total            |        0|    0|     103|    113|    0|
+-----------------+---------+-----+--------+-------+-----+
|Available        |      270|  240|  126800|  63400|    0|
+-----------------+---------+-----+--------+-------+-----+
|Utilization (%)  |        0|    0|      ~0|     ~0|    0|
+-----------------+---------+-----+--------+-------+-----+

+ Detail: 
    * Instance: 
    N/A

    * DSP: 
    N/A

    * Memory: 
    N/A

    * FIFO: 
    N/A

    * Expression: 
    +----------------------------------+----------+----+---+----+------------+------------+
    |           Variable Name          | Operation| DSP| FF| LUT| Bitwidth P0| Bitwidth P1|
    +----------------------------------+----------+----+---+----+------------+------------+
    |add_ln140_fu_219_p2               |         +|   0|  0|  29|          22|           1|
    |ap_block_state2_pp0_stage1_iter0  |       and|   0|  0|   2|           1|           1|
    |icmp_ln140_fu_213_p2              |      icmp|   0|  0|  29|          22|          22|
    +----------------------------------+----------+----+---+----+------------+------------+
    |Total                             |          |   0|  0|  60|          45|          24|
    +----------------------------------+----------+----+---+----+------------+------------+

    * Multiplexer: 
    +--------------------+----+-----------+-----+-----------+
    |        Name        | LUT| Input Size| Bits| Total Bits|
    +--------------------+----+-----------+-----+-----------+
    |W3mem_blk_n_R       |   9|          2|    1|          2|
    |ap_NS_fsm           |  17|          4|    1|          4|
    |ap_done_int         |   9|          2|    1|          2|
    |ap_sig_allocacmp_i  |   9|          2|   22|         44|
    |i_4_fu_82           |   9|          2|   22|         44|
    +--------------------+----+-----------+-----+-----------+
    |Total               |  53|         12|   47|         96|
    +--------------------+----+-----------+-----+-----------+

    * Register: 
    +-----------------------+----+----+-----+-----------+
    |          Name         | FF | LUT| Bits| Const Bits|
    +-----------------------+----+----+-----+-----------+
    |add_ln140_reg_303      |  22|   0|   22|          0|
    |ap_CS_fsm              |   3|   0|    3|          0|
    |ap_done_reg            |   1|   0|    1|          0|
    |bitcast_ln142_reg_308  |  32|   0|   32|          0|
    |i_4_fu_82              |  22|   0|   22|          0|
    |i_reg_292              |  22|   0|   22|          0|
    |icmp_ln140_reg_299     |   1|   0|    1|          0|
    +-----------------------+----+----+-----+-----------+
    |Total                  | 103|   0|  103|          0|
    +-----------------------+----+----+-----+-----------+



================================================================
== Interface
================================================================
* Summary: 
+-------------------------+-----+-----+------------+-------------------------------------+--------------+
|        RTL Ports        | Dir | Bits|  Protocol  |            Source Object            |    C Type    |
+-------------------------+-----+-----+------------+-------------------------------------+--------------+
|ap_clk                   |   in|    1|  ap_ctrl_hs|  Block_entry_proc_Pipeline_LOAD_FC1W|  return value|
|ap_rst                   |   in|    1|  ap_ctrl_hs|  Block_entry_proc_Pipeline_LOAD_FC1W|  return value|
|ap_start                 |   in|    1|  ap_ctrl_hs|  Block_entry_proc_Pipeline_LOAD_FC1W|  return value|
|ap_done                  |  out|    1|  ap_ctrl_hs|  Block_entry_proc_Pipeline_LOAD_FC1W|  return value|
|ap_idle                  |  out|    1|  ap_ctrl_hs|  Block_entry_proc_Pipeline_LOAD_FC1W|  return value|
|ap_ready                 |  out|    1|  ap_ctrl_hs|  Block_entry_proc_Pipeline_LOAD_FC1W|  return value|
|m_axi_W3mem_0_AWVALID    |  out|    1|       m_axi|                                W3mem|       pointer|
|m_axi_W3mem_0_AWREADY    |   in|    1|       m_axi|                                W3mem|       pointer|
|m_axi_W3mem_0_AWADDR     |  out|   64|       m_axi|                                W3mem|       pointer|
|m_axi_W3mem_0_AWID       |  out|    1|       m_axi|                                W3mem|       pointer|
|m_axi_W3mem_0_AWLEN      |  out|   32|       m_axi|                                W3mem|       pointer|
|m_axi_W3mem_0_AWSIZE     |  out|    3|       m_axi|                                W3mem|       pointer|
|m_axi_W3mem_0_AWBURST    |  out|    2|       m_axi|                                W3mem|       pointer|
|m_axi_W3mem_0_AWLOCK     |  out|    2|       m_axi|                                W3mem|       pointer|
|m_axi_W3mem_0_AWCACHE    |  out|    4|       m_axi|                                W3mem|       pointer|
|m_axi_W3mem_0_AWPROT     |  out|    3|       m_axi|                                W3mem|       pointer|
|m_axi_W3mem_0_AWQOS      |  out|    4|       m_axi|                                W3mem|       pointer|
|m_axi_W3mem_0_AWREGION   |  out|    4|       m_axi|                                W3mem|       pointer|
|m_axi_W3mem_0_AWUSER     |  out|    1|       m_axi|                                W3mem|       pointer|
|m_axi_W3mem_0_WVALID     |  out|    1|       m_axi|                                W3mem|       pointer|
|m_axi_W3mem_0_WREADY     |   in|    1|       m_axi|                                W3mem|       pointer|
|m_axi_W3mem_0_WDATA      |  out|   32|       m_axi|                                W3mem|       pointer|
|m_axi_W3mem_0_WSTRB      |  out|    4|       m_axi|                                W3mem|       pointer|
|m_axi_W3mem_0_WLAST      |  out|    1|       m_axi|                                W3mem|       pointer|
|m_axi_W3mem_0_WID        |  out|    1|       m_axi|                                W3mem|       pointer|
|m_axi_W3mem_0_WUSER      |  out|    1|       m_axi|                                W3mem|       pointer|
|m_axi_W3mem_0_ARVALID    |  out|    1|       m_axi|                                W3mem|       pointer|
|m_axi_W3mem_0_ARREADY    |   in|    1|       m_axi|                                W3mem|       pointer|
|m_axi_W3mem_0_ARADDR     |  out|   64|       m_axi|                                W3mem|       pointer|
|m_axi_W3mem_0_ARID       |  out|    1|       m_axi|                                W3mem|       pointer|
|m_axi_W3mem_0_ARLEN      |  out|   32|       m_axi|                                W3mem|       pointer|
|m_axi_W3mem_0_ARSIZE     |  out|    3|       m_axi|                                W3mem|       pointer|
|m_axi_W3mem_0_ARBURST    |  out|    2|       m_axi|                                W3mem|       pointer|
|m_axi_W3mem_0_ARLOCK     |  out|    2|       m_axi|                                W3mem|       pointer|
|m_axi_W3mem_0_ARCACHE    |  out|    4|       m_axi|                                W3mem|       pointer|
|m_axi_W3mem_0_ARPROT     |  out|    3|       m_axi|                                W3mem|       pointer|
|m_axi_W3mem_0_ARQOS      |  out|    4|       m_axi|                                W3mem|       pointer|
|m_axi_W3mem_0_ARREGION   |  out|    4|       m_axi|                                W3mem|       pointer|
|m_axi_W3mem_0_ARUSER     |  out|    1|       m_axi|                                W3mem|       pointer|
|m_axi_W3mem_0_RVALID     |   in|    1|       m_axi|                                W3mem|       pointer|
|m_axi_W3mem_0_RREADY     |  out|    1|       m_axi|                                W3mem|       pointer|
|m_axi_W3mem_0_RDATA      |   in|   32|       m_axi|                                W3mem|       pointer|
|m_axi_W3mem_0_RLAST      |   in|    1|       m_axi|                                W3mem|       pointer|
|m_axi_W3mem_0_RID        |   in|    1|       m_axi|                                W3mem|       pointer|
|m_axi_W3mem_0_RFIFONUM   |   in|    9|       m_axi|                                W3mem|       pointer|
|m_axi_W3mem_0_RUSER      |   in|    1|       m_axi|                                W3mem|       pointer|
|m_axi_W3mem_0_RRESP      |   in|    2|       m_axi|                                W3mem|       pointer|
|m_axi_W3mem_0_BVALID     |   in|    1|       m_axi|                                W3mem|       pointer|
|m_axi_W3mem_0_BREADY     |  out|    1|       m_axi|                                W3mem|       pointer|
|m_axi_W3mem_0_BRESP      |   in|    2|       m_axi|                                W3mem|       pointer|
|m_axi_W3mem_0_BID        |   in|    1|       m_axi|                                W3mem|       pointer|
|m_axi_W3mem_0_BUSER      |   in|    1|       m_axi|                                W3mem|       pointer|
|sext_ln140               |   in|   62|     ap_none|                           sext_ln140|        scalar|
|fc1_w_local_40_address0  |  out|   19|   ap_memory|                       fc1_w_local_40|         array|
|fc1_w_local_40_ce0       |  out|    1|   ap_memory|                       fc1_w_local_40|         array|
|fc1_w_local_40_we0       |  out|    1|   ap_memory|                       fc1_w_local_40|         array|
|fc1_w_local_40_d0        |  out|   32|   ap_memory|                       fc1_w_local_40|         array|
|fc1_w_local_39_address0  |  out|   19|   ap_memory|                       fc1_w_local_39|         array|
|fc1_w_local_39_ce0       |  out|    1|   ap_memory|                       fc1_w_local_39|         array|
|fc1_w_local_39_we0       |  out|    1|   ap_memory|                       fc1_w_local_39|         array|
|fc1_w_local_39_d0        |  out|   32|   ap_memory|                       fc1_w_local_39|         array|
|fc1_w_local_38_address0  |  out|   19|   ap_memory|                       fc1_w_local_38|         array|
|fc1_w_local_38_ce0       |  out|    1|   ap_memory|                       fc1_w_local_38|         array|
|fc1_w_local_38_we0       |  out|    1|   ap_memory|                       fc1_w_local_38|         array|
|fc1_w_local_38_d0        |  out|   32|   ap_memory|                       fc1_w_local_38|         array|
|fc1_w_local_37_address0  |  out|   19|   ap_memory|                       fc1_w_local_37|         array|
|fc1_w_local_37_ce0       |  out|    1|   ap_memory|                       fc1_w_local_37|         array|
|fc1_w_local_37_we0       |  out|    1|   ap_memory|                       fc1_w_local_37|         array|
|fc1_w_local_37_d0        |  out|   32|   ap_memory|                       fc1_w_local_37|         array|
|fc1_w_local_36_address0  |  out|   19|   ap_memory|                       fc1_w_local_36|         array|
|fc1_w_local_36_ce0       |  out|    1|   ap_memory|                       fc1_w_local_36|         array|
|fc1_w_local_36_we0       |  out|    1|   ap_memory|                       fc1_w_local_36|         array|
|fc1_w_local_36_d0        |  out|   32|   ap_memory|                       fc1_w_local_36|         array|
|fc1_w_local_35_address0  |  out|   19|   ap_memory|                       fc1_w_local_35|         array|
|fc1_w_local_35_ce0       |  out|    1|   ap_memory|                       fc1_w_local_35|         array|
|fc1_w_local_35_we0       |  out|    1|   ap_memory|                       fc1_w_local_35|         array|
|fc1_w_local_35_d0        |  out|   32|   ap_memory|                       fc1_w_local_35|         array|
|fc1_w_local_address0     |  out|   19|   ap_memory|                          fc1_w_local|         array|
|fc1_w_local_ce0          |  out|    1|   ap_memory|                          fc1_w_local|         array|
|fc1_w_local_we0          |  out|    1|   ap_memory|                          fc1_w_local|         array|
|fc1_w_local_d0           |  out|   32|   ap_memory|                          fc1_w_local|         array|
|fc1_w_local_41_address0  |  out|   19|   ap_memory|                       fc1_w_local_41|         array|
|fc1_w_local_41_ce0       |  out|    1|   ap_memory|                       fc1_w_local_41|         array|
|fc1_w_local_41_we0       |  out|    1|   ap_memory|                       fc1_w_local_41|         array|
|fc1_w_local_41_d0        |  out|   32|   ap_memory|                       fc1_w_local_41|         array|
+-------------------------+-----+-----+------------+-------------------------------------+--------------+

============================================================
+ Verbose Summary: Synthesis Manager
============================================================
InlineROM: 1
ExposeGlobal: 0
============================================================
+ Verbose Summary: CDFG Model
============================================================
IsTopModel: 0
ResetActiveHigh: 1
IsCombinational: 2
IsDatapathOnly: 2
HasWiredReturn: 1
HasMFsm: 2
HasVarLatency: 1
IsPipeline: 0
IsRtlPipelined: 0
IsInstanceOverlapped: 0
IsDontTouch: 0
HasImplIP: 0
IsGatedGlobalClock: 0

+ Individual pipeline summary: 
  * Pipeline-0: initiation interval (II) = 3, depth = 3


============================================================
+ Verbose Summary: Schedule
============================================================
* Number of FSM states : 3
* Pipeline : 1
  Pipeline-0 : II = 3, D = 3, States = { 1 2 3 }
* Dataflow Pipeline: 0

* FSM state transitions: 
1 --> 2 
2 --> 3 
3 --> 

* FSM state operations: 

State 1 <SV = 0> <Delay = 3.29>
ST_1 : Operation 6 [1/1] (0.00ns)   --->   "%i_4 = alloca i32 1" [../hls_files/conv_pool.cpp:140->../hls_files/conv_pool.cpp:123]   --->   Operation 6 'alloca' 'i_4' <Predicate = true> <Delay = 0.00>
ST_1 : Operation 7 [1/1] (0.00ns)   --->   "%sext_ln140_read = read i62 @_ssdm_op_Read.ap_auto.i62, i62 %sext_ln140"   --->   Operation 7 'read' 'sext_ln140_read' <Predicate = true> <Delay = 0.00>
ST_1 : Operation 8 [1/1] (0.00ns)   --->   "%sext_ln140_cast = sext i62 %sext_ln140_read"   --->   Operation 8 'sext' 'sext_ln140_cast' <Predicate = true> <Delay = 0.00>
ST_1 : Operation 9 [1/1] (0.00ns)   --->   "%specinterface_ln0 = specinterface void @_ssdm_op_SpecInterface, i32 %W3mem, void @empty_37, i32 0, i32 0, void @empty_38, i32 0, i32 2316288, void @empty_9, void @empty_23, void @empty_38, i32 16, i32 16, i32 16, i32 16, void @empty_38, void @empty_38, i32 4294967295, i32 0, i32 0"   --->   Operation 9 'specinterface' 'specinterface_ln0' <Predicate = true> <Delay = 0.00>
ST_1 : Operation 10 [1/1] (1.32ns)   --->   "%store_ln140 = store i22 0, i22 %i_4" [../hls_files/conv_pool.cpp:140->../hls_files/conv_pool.cpp:123]   --->   Operation 10 'store' 'store_ln140' <Predicate = true> <Delay = 1.32>
ST_1 : Operation 11 [1/1] (0.00ns)   --->   "%br_ln0 = br void %for.inc49.i"   --->   Operation 11 'br' 'br_ln0' <Predicate = true> <Delay = 0.00>
ST_1 : Operation 12 [1/1] (0.00ns)   --->   "%i = load i22 %i_4" [../hls_files/conv_pool.cpp:140->../hls_files/conv_pool.cpp:123]   --->   Operation 12 'load' 'i' <Predicate = true> <Delay = 0.00>
ST_1 : Operation 13 [1/1] (1.96ns)   --->   "%icmp_ln140 = icmp_eq  i22 %i, i22 2316288" [../hls_files/conv_pool.cpp:140->../hls_files/conv_pool.cpp:123]   --->   Operation 13 'icmp' 'icmp_ln140' <Predicate = true> <Delay = 1.96> <CoreInst = "Cmp">   --->   Core 9 'Cmp' <Latency = 0> <II = 1> <Delay = 1.96> <FuncUnit> <Opcode : 'seteq' 'setne' 'setle' 'setge' 'setlt' 'setgt'> <InPorts = 2> <OutPorts = 1>

State 2 <SV = 1> <Delay = 7.30>
ST_2 : Operation 14 [1/1] (1.96ns)   --->   "%add_ln140 = add i22 %i, i22 1" [../hls_files/conv_pool.cpp:140->../hls_files/conv_pool.cpp:123]   --->   Operation 14 'add' 'add_ln140' <Predicate = true> <Delay = 1.96> <CoreInst = "Adder">   --->   Core 1 'Adder' <Latency = 0> <II = 1> <Delay = 1.96> <FuncUnit> <Opcode : 'add' 'sub'> <InPorts = 2> <OutPorts = 1>
ST_2 : Operation 15 [1/1] (0.00ns)   --->   "%br_ln140 = br i1 %icmp_ln140, void %for.inc49.split.i, void %LOAD_FC1B.i.exitStub" [../hls_files/conv_pool.cpp:140->../hls_files/conv_pool.cpp:123]   --->   Operation 15 'br' 'br_ln140' <Predicate = true> <Delay = 0.00>
ST_2 : Operation 16 [1/1] (0.00ns)   --->   "%W3mem_addr = getelementptr i32 %W3mem, i64 %sext_ln140_cast" [../hls_files/conv_pool.cpp:140->../hls_files/conv_pool.cpp:123]   --->   Operation 16 'getelementptr' 'W3mem_addr' <Predicate = (!icmp_ln140)> <Delay = 0.00>
ST_2 : Operation 17 [1/1] (7.30ns)   --->   "%W3mem_addr_read = read i32 @_ssdm_op_Read.m_axi.p1i32, i64 %W3mem_addr" [../hls_files/conv_pool.cpp:142->../hls_files/conv_pool.cpp:123]   --->   Operation 17 'read' 'W3mem_addr_read' <Predicate = (!icmp_ln140)> <Delay = 7.30> <CoreInst = "m_axi">   --->   Core 111 'm_axi' <Latency = 3> <II = 1> <Delay = 1.00> <Adapter> <Opcode : 'read' 'write' 'readreq' 'writereq' 'writeresp'>
ST_2 : Operation 18 [1/1] (0.00ns)   --->   "%bitcast_ln142 = bitcast i32 %W3mem_addr_read" [../hls_files/conv_pool.cpp:142->../hls_files/conv_pool.cpp:123]   --->   Operation 18 'bitcast' 'bitcast_ln142' <Predicate = (!icmp_ln140)> <Delay = 0.00>
ST_2 : Operation 52 [1/1] (1.32ns)   --->   "%ret_ln0 = ret"   --->   Operation 52 'ret' 'ret_ln0' <Predicate = (icmp_ln140)> <Delay = 1.32>

State 3 <SV = 2> <Delay = 4.11>
ST_3 : Operation 19 [1/1] (0.00ns)   --->   "%trunc_ln140 = trunc i22 %i" [../hls_files/conv_pool.cpp:140->../hls_files/conv_pool.cpp:123]   --->   Operation 19 'trunc' 'trunc_ln140' <Predicate = true> <Delay = 0.00>
ST_3 : Operation 20 [1/1] (0.00ns)   --->   "%specpipeline_ln141 = specpipeline void @_ssdm_op_SpecPipeline, i32 3, i32 0, i32 0, i32 0, void @empty_38" [../hls_files/conv_pool.cpp:141->../hls_files/conv_pool.cpp:123]   --->   Operation 20 'specpipeline' 'specpipeline_ln141' <Predicate = true> <Delay = 0.00>
ST_3 : Operation 21 [1/1] (0.00ns)   --->   "%speclooptripcount_ln140 = speclooptripcount void @_ssdm_op_SpecLoopTripCount, i64 2316288, i64 2316288, i64 2316288" [../hls_files/conv_pool.cpp:140->../hls_files/conv_pool.cpp:123]   --->   Operation 21 'speclooptripcount' 'speclooptripcount_ln140' <Predicate = true> <Delay = 0.00>
ST_3 : Operation 22 [1/1] (0.00ns)   --->   "%specloopname_ln140 = specloopname void @_ssdm_op_SpecLoopName, void @empty" [../hls_files/conv_pool.cpp:140->../hls_files/conv_pool.cpp:123]   --->   Operation 22 'specloopname' 'specloopname_ln140' <Predicate = true> <Delay = 0.00>
ST_3 : Operation 23 [1/1] (0.00ns)   --->   "%lshr_ln = partselect i19 @_ssdm_op_PartSelect.i19.i22.i32.i32, i22 %i, i32 3, i32 21" [../hls_files/conv_pool.cpp:140->../hls_files/conv_pool.cpp:123]   --->   Operation 23 'partselect' 'lshr_ln' <Predicate = true> <Delay = 0.00>
ST_3 : Operation 24 [1/1] (0.00ns)   --->   "%zext_ln140 = zext i19 %lshr_ln" [../hls_files/conv_pool.cpp:140->../hls_files/conv_pool.cpp:123]   --->   Operation 24 'zext' 'zext_ln140' <Predicate = true> <Delay = 0.00>
ST_3 : Operation 25 [1/1] (0.00ns)   --->   "%fc1_w_local_addr = getelementptr i32 %fc1_w_local, i64 0, i64 %zext_ln140" [../hls_files/conv_pool.cpp:142->../hls_files/conv_pool.cpp:123]   --->   Operation 25 'getelementptr' 'fc1_w_local_addr' <Predicate = true> <Delay = 0.00>
ST_3 : Operation 26 [1/1] (0.00ns)   --->   "%fc1_w_local_35_addr = getelementptr i32 %fc1_w_local_35, i64 0, i64 %zext_ln140" [../hls_files/conv_pool.cpp:142->../hls_files/conv_pool.cpp:123]   --->   Operation 26 'getelementptr' 'fc1_w_local_35_addr' <Predicate = true> <Delay = 0.00>
ST_3 : Operation 27 [1/1] (0.00ns)   --->   "%fc1_w_local_36_addr = getelementptr i32 %fc1_w_local_36, i64 0, i64 %zext_ln140" [../hls_files/conv_pool.cpp:142->../hls_files/conv_pool.cpp:123]   --->   Operation 27 'getelementptr' 'fc1_w_local_36_addr' <Predicate = true> <Delay = 0.00>
ST_3 : Operation 28 [1/1] (0.00ns)   --->   "%fc1_w_local_37_addr = getelementptr i32 %fc1_w_local_37, i64 0, i64 %zext_ln140" [../hls_files/conv_pool.cpp:142->../hls_files/conv_pool.cpp:123]   --->   Operation 28 'getelementptr' 'fc1_w_local_37_addr' <Predicate = true> <Delay = 0.00>
ST_3 : Operation 29 [1/1] (0.00ns)   --->   "%fc1_w_local_38_addr = getelementptr i32 %fc1_w_local_38, i64 0, i64 %zext_ln140" [../hls_files/conv_pool.cpp:142->../hls_files/conv_pool.cpp:123]   --->   Operation 29 'getelementptr' 'fc1_w_local_38_addr' <Predicate = true> <Delay = 0.00>
ST_3 : Operation 30 [1/1] (0.00ns)   --->   "%fc1_w_local_39_addr = getelementptr i32 %fc1_w_local_39, i64 0, i64 %zext_ln140" [../hls_files/conv_pool.cpp:142->../hls_files/conv_pool.cpp:123]   --->   Operation 30 'getelementptr' 'fc1_w_local_39_addr' <Predicate = true> <Delay = 0.00>
ST_3 : Operation 31 [1/1] (0.00ns)   --->   "%fc1_w_local_40_addr = getelementptr i32 %fc1_w_local_40, i64 0, i64 %zext_ln140" [../hls_files/conv_pool.cpp:142->../hls_files/conv_pool.cpp:123]   --->   Operation 31 'getelementptr' 'fc1_w_local_40_addr' <Predicate = true> <Delay = 0.00>
ST_3 : Operation 32 [1/1] (0.00ns)   --->   "%fc1_w_local_41_addr = getelementptr i32 %fc1_w_local_41, i64 0, i64 %zext_ln140" [../hls_files/conv_pool.cpp:142->../hls_files/conv_pool.cpp:123]   --->   Operation 32 'getelementptr' 'fc1_w_local_41_addr' <Predicate = true> <Delay = 0.00>
ST_3 : Operation 33 [1/1] (1.34ns)   --->   "%switch_ln142 = switch i3 %trunc_ln140, void %arrayidx48.case.7.i, i3 0, void %arrayidx48.case.0.i, i3 1, void %arrayidx48.case.1.i, i3 2, void %arrayidx48.case.2.i, i3 3, void %arrayidx48.case.3.i, i3 4, void %arrayidx48.case.4.i, i3 5, void %arrayidx48.case.5.i, i3 6, void %arrayidx48.case.6.i" [../hls_files/conv_pool.cpp:142->../hls_files/conv_pool.cpp:123]   --->   Operation 33 'switch' 'switch_ln142' <Predicate = true> <Delay = 1.34>
ST_3 : Operation 34 [1/1] ( I:2.77ns O:2.77ns )   --->   "%store_ln142 = store i32 %bitcast_ln142, i19 %fc1_w_local_40_addr" [../hls_files/conv_pool.cpp:142->../hls_files/conv_pool.cpp:123]   --->   Operation 34 'store' 'store_ln142' <Predicate = (trunc_ln140 == 6)> <Delay = 2.77> <CoreInst = "RAM">   --->   Core 81 'RAM' <Latency = 1> <II = 1> <Delay = 2.77> <Storage> <Opcode : 'load' 'store'> <Ports = 2> <Width = 32> <Depth = 289536> <RAM>
ST_3 : Operation 35 [1/1] (0.00ns)   --->   "%br_ln142 = br void %arrayidx48.exit.i" [../hls_files/conv_pool.cpp:142->../hls_files/conv_pool.cpp:123]   --->   Operation 35 'br' 'br_ln142' <Predicate = (trunc_ln140 == 6)> <Delay = 0.00>
ST_3 : Operation 36 [1/1] ( I:2.77ns O:2.77ns )   --->   "%store_ln142 = store i32 %bitcast_ln142, i19 %fc1_w_local_39_addr" [../hls_files/conv_pool.cpp:142->../hls_files/conv_pool.cpp:123]   --->   Operation 36 'store' 'store_ln142' <Predicate = (trunc_ln140 == 5)> <Delay = 2.77> <CoreInst = "RAM">   --->   Core 81 'RAM' <Latency = 1> <II = 1> <Delay = 2.77> <Storage> <Opcode : 'load' 'store'> <Ports = 2> <Width = 32> <Depth = 289536> <RAM>
ST_3 : Operation 37 [1/1] (0.00ns)   --->   "%br_ln142 = br void %arrayidx48.exit.i" [../hls_files/conv_pool.cpp:142->../hls_files/conv_pool.cpp:123]   --->   Operation 37 'br' 'br_ln142' <Predicate = (trunc_ln140 == 5)> <Delay = 0.00>
ST_3 : Operation 38 [1/1] ( I:2.77ns O:2.77ns )   --->   "%store_ln142 = store i32 %bitcast_ln142, i19 %fc1_w_local_38_addr" [../hls_files/conv_pool.cpp:142->../hls_files/conv_pool.cpp:123]   --->   Operation 38 'store' 'store_ln142' <Predicate = (trunc_ln140 == 4)> <Delay = 2.77> <CoreInst = "RAM">   --->   Core 81 'RAM' <Latency = 1> <II = 1> <Delay = 2.77> <Storage> <Opcode : 'load' 'store'> <Ports = 2> <Width = 32> <Depth = 289536> <RAM>
ST_3 : Operation 39 [1/1] (0.00ns)   --->   "%br_ln142 = br void %arrayidx48.exit.i" [../hls_files/conv_pool.cpp:142->../hls_files/conv_pool.cpp:123]   --->   Operation 39 'br' 'br_ln142' <Predicate = (trunc_ln140 == 4)> <Delay = 0.00>
ST_3 : Operation 40 [1/1] ( I:2.77ns O:2.77ns )   --->   "%store_ln142 = store i32 %bitcast_ln142, i19 %fc1_w_local_37_addr" [../hls_files/conv_pool.cpp:142->../hls_files/conv_pool.cpp:123]   --->   Operation 40 'store' 'store_ln142' <Predicate = (trunc_ln140 == 3)> <Delay = 2.77> <CoreInst = "RAM">   --->   Core 81 'RAM' <Latency = 1> <II = 1> <Delay = 2.77> <Storage> <Opcode : 'load' 'store'> <Ports = 2> <Width = 32> <Depth = 289536> <RAM>
ST_3 : Operation 41 [1/1] (0.00ns)   --->   "%br_ln142 = br void %arrayidx48.exit.i" [../hls_files/conv_pool.cpp:142->../hls_files/conv_pool.cpp:123]   --->   Operation 41 'br' 'br_ln142' <Predicate = (trunc_ln140 == 3)> <Delay = 0.00>
ST_3 : Operation 42 [1/1] ( I:2.77ns O:2.77ns )   --->   "%store_ln142 = store i32 %bitcast_ln142, i19 %fc1_w_local_36_addr" [../hls_files/conv_pool.cpp:142->../hls_files/conv_pool.cpp:123]   --->   Operation 42 'store' 'store_ln142' <Predicate = (trunc_ln140 == 2)> <Delay = 2.77> <CoreInst = "RAM">   --->   Core 81 'RAM' <Latency = 1> <II = 1> <Delay = 2.77> <Storage> <Opcode : 'load' 'store'> <Ports = 2> <Width = 32> <Depth = 289536> <RAM>
ST_3 : Operation 43 [1/1] (0.00ns)   --->   "%br_ln142 = br void %arrayidx48.exit.i" [../hls_files/conv_pool.cpp:142->../hls_files/conv_pool.cpp:123]   --->   Operation 43 'br' 'br_ln142' <Predicate = (trunc_ln140 == 2)> <Delay = 0.00>
ST_3 : Operation 44 [1/1] ( I:2.77ns O:2.77ns )   --->   "%store_ln142 = store i32 %bitcast_ln142, i19 %fc1_w_local_35_addr" [../hls_files/conv_pool.cpp:142->../hls_files/conv_pool.cpp:123]   --->   Operation 44 'store' 'store_ln142' <Predicate = (trunc_ln140 == 1)> <Delay = 2.77> <CoreInst = "RAM">   --->   Core 81 'RAM' <Latency = 1> <II = 1> <Delay = 2.77> <Storage> <Opcode : 'load' 'store'> <Ports = 2> <Width = 32> <Depth = 289536> <RAM>
ST_3 : Operation 45 [1/1] (0.00ns)   --->   "%br_ln142 = br void %arrayidx48.exit.i" [../hls_files/conv_pool.cpp:142->../hls_files/conv_pool.cpp:123]   --->   Operation 45 'br' 'br_ln142' <Predicate = (trunc_ln140 == 1)> <Delay = 0.00>
ST_3 : Operation 46 [1/1] ( I:2.77ns O:2.77ns )   --->   "%store_ln142 = store i32 %bitcast_ln142, i19 %fc1_w_local_addr" [../hls_files/conv_pool.cpp:142->../hls_files/conv_pool.cpp:123]   --->   Operation 46 'store' 'store_ln142' <Predicate = (trunc_ln140 == 0)> <Delay = 2.77> <CoreInst = "RAM">   --->   Core 81 'RAM' <Latency = 1> <II = 1> <Delay = 2.77> <Storage> <Opcode : 'load' 'store'> <Ports = 2> <Width = 32> <Depth = 289536> <RAM>
ST_3 : Operation 47 [1/1] (0.00ns)   --->   "%br_ln142 = br void %arrayidx48.exit.i" [../hls_files/conv_pool.cpp:142->../hls_files/conv_pool.cpp:123]   --->   Operation 47 'br' 'br_ln142' <Predicate = (trunc_ln140 == 0)> <Delay = 0.00>
ST_3 : Operation 48 [1/1] ( I:2.77ns O:2.77ns )   --->   "%store_ln142 = store i32 %bitcast_ln142, i19 %fc1_w_local_41_addr" [../hls_files/conv_pool.cpp:142->../hls_files/conv_pool.cpp:123]   --->   Operation 48 'store' 'store_ln142' <Predicate = (trunc_ln140 == 7)> <Delay = 2.77> <CoreInst = "RAM">   --->   Core 81 'RAM' <Latency = 1> <II = 1> <Delay = 2.77> <Storage> <Opcode : 'load' 'store'> <Ports = 2> <Width = 32> <Depth = 289536> <RAM>
ST_3 : Operation 49 [1/1] (0.00ns)   --->   "%br_ln142 = br void %arrayidx48.exit.i" [../hls_files/conv_pool.cpp:142->../hls_files/conv_pool.cpp:123]   --->   Operation 49 'br' 'br_ln142' <Predicate = (trunc_ln140 == 7)> <Delay = 0.00>
ST_3 : Operation 50 [1/1] (1.32ns)   --->   "%store_ln140 = store i22 %add_ln140, i22 %i_4" [../hls_files/conv_pool.cpp:140->../hls_files/conv_pool.cpp:123]   --->   Operation 50 'store' 'store_ln140' <Predicate = true> <Delay = 1.32>
ST_3 : Operation 51 [1/1] (0.00ns)   --->   "%br_ln140 = br void %for.inc49.i" [../hls_files/conv_pool.cpp:140->../hls_files/conv_pool.cpp:123]   --->   Operation 51 'br' 'br_ln140' <Predicate = true> <Delay = 0.00>


============================================================
+ Verbose Summary: Binding
============================================================
STG Binding: 
---------------- STG Properties BEGIN ----------------
- Is combinational: 0
- Is one-state seq: 0
- Is datapath-only: 0
- Is pipelined: 0
- Is top level: 0
Port [ Return ] is wired: 1; IO mode=ap_ctrl_hs:ce=0
Port [ W3mem]:  wired=1; compound=1; hidden=0; nouse=0; global=0; static=0; extern=0; dir=0; type=4; pingpong=0; private_global=0; IO mode=m_axi:ce=0
Port [ sext_ln140]:  wired=1; compound=0; hidden=0; nouse=0; global=0; static=0; extern=0; dir=0; type=0; pingpong=0; private_global=0; IO mode=ap_none:ce=0
Port [ fc1_w_local_40]:  wired=1; compound=1; hidden=0; nouse=0; global=1; static=1; extern=0; dir=1; type=1; pingpong=0; private_global=0; MemPort=[03]; IO mode=ap_memory:ce=0
Port [ fc1_w_local_39]:  wired=1; compound=1; hidden=0; nouse=0; global=1; static=1; extern=0; dir=1; type=1; pingpong=0; private_global=0; MemPort=[03]; IO mode=ap_memory:ce=0
Port [ fc1_w_local_38]:  wired=1; compound=1; hidden=0; nouse=0; global=1; static=1; extern=0; dir=1; type=1; pingpong=0; private_global=0; MemPort=[03]; IO mode=ap_memory:ce=0
Port [ fc1_w_local_37]:  wired=1; compound=1; hidden=0; nouse=0; global=1; static=1; extern=0; dir=1; type=1; pingpong=0; private_global=0; MemPort=[03]; IO mode=ap_memory:ce=0
Port [ fc1_w_local_36]:  wired=1; compound=1; hidden=0; nouse=0; global=1; static=1; extern=0; dir=1; type=1; pingpong=0; private_global=0; MemPort=[03]; IO mode=ap_memory:ce=0
Port [ fc1_w_local_35]:  wired=1; compound=1; hidden=0; nouse=0; global=1; static=1; extern=0; dir=1; type=1; pingpong=0; private_global=0; MemPort=[03]; IO mode=ap_memory:ce=0
Port [ fc1_w_local]:  wired=1; compound=1; hidden=0; nouse=0; global=1; static=1; extern=0; dir=1; type=1; pingpong=0; private_global=0; MemPort=[03]; IO mode=ap_memory:ce=0
Port [ fc1_w_local_41]:  wired=1; compound=1; hidden=0; nouse=0; global=1; static=1; extern=0; dir=1; type=1; pingpong=0; private_global=0; MemPort=[03]; IO mode=ap_memory:ce=0
---------------- STG Properties END ------------------

---------------- Datapath Model BEGIN ----------------

<LifeTime>
<method=bitvector/>
i_4                     (alloca           ) [ 0111]
sext_ln140_read         (read             ) [ 0000]
sext_ln140_cast         (sext             ) [ 0010]
specinterface_ln0       (specinterface    ) [ 0000]
store_ln140             (store            ) [ 0000]
br_ln0                  (br               ) [ 0000]
i                       (load             ) [ 0011]
icmp_ln140              (icmp             ) [ 0010]
add_ln140               (add              ) [ 0001]
br_ln140                (br               ) [ 0000]
W3mem_addr              (getelementptr    ) [ 0000]
W3mem_addr_read         (read             ) [ 0000]
bitcast_ln142           (bitcast          ) [ 0001]
trunc_ln140             (trunc            ) [ 0001]
specpipeline_ln141      (specpipeline     ) [ 0000]
speclooptripcount_ln140 (speclooptripcount) [ 0000]
specloopname_ln140      (specloopname     ) [ 0000]
lshr_ln                 (partselect       ) [ 0000]
zext_ln140              (zext             ) [ 0000]
fc1_w_local_addr        (getelementptr    ) [ 0000]
fc1_w_local_35_addr     (getelementptr    ) [ 0000]
fc1_w_local_36_addr     (getelementptr    ) [ 0000]
fc1_w_local_37_addr     (getelementptr    ) [ 0000]
fc1_w_local_38_addr     (getelementptr    ) [ 0000]
fc1_w_local_39_addr     (getelementptr    ) [ 0000]
fc1_w_local_40_addr     (getelementptr    ) [ 0000]
fc1_w_local_41_addr     (getelementptr    ) [ 0000]
switch_ln142            (switch           ) [ 0000]
store_ln142             (store            ) [ 0000]
br_ln142                (br               ) [ 0000]
store_ln142             (store            ) [ 0000]
br_ln142                (br               ) [ 0000]
store_ln142             (store            ) [ 0000]
br_ln142                (br               ) [ 0000]
store_ln142             (store            ) [ 0000]
br_ln142                (br               ) [ 0000]
store_ln142             (store            ) [ 0000]
br_ln142                (br               ) [ 0000]
store_ln142             (store            ) [ 0000]
br_ln142                (br               ) [ 0000]
store_ln142             (store            ) [ 0000]
br_ln142                (br               ) [ 0000]
store_ln142             (store            ) [ 0000]
br_ln142                (br               ) [ 0000]
store_ln140             (store            ) [ 0000]
br_ln140                (br               ) [ 0000]
ret_ln0                 (ret              ) [ 0000]
</LifeTime>

<model>

<comp_list>
<comp id="0" class="1000" name="W3mem">
<pin_list>
<pin id="1" dir="1" index="0" bw="1" slack="0"/>
</pin_list>
<bind>
<StgValue><ssdm name="W3mem"/><MemPortTyVec>0 </MemPortTyVec>
</StgValue>
</bind>
</comp>

<comp id="2" class="1000" name="sext_ln140">
<pin_list>
<pin id="3" dir="1" index="0" bw="1" slack="0"/>
</pin_list>
<bind>
<StgValue><ssdm name="sext_ln140"/></StgValue>
</bind>
</comp>

<comp id="4" class="1000" name="fc1_w_local_40">
<pin_list>
<pin id="5" dir="1" index="0" bw="1" slack="0"/>
</pin_list>
<bind>
<StgValue><ssdm name="fc1_w_local_40"/><MemPortTyVec>0 3 </MemPortTyVec>
</StgValue>
</bind>
</comp>

<comp id="6" class="1000" name="fc1_w_local_39">
<pin_list>
<pin id="7" dir="1" index="0" bw="1" slack="0"/>
</pin_list>
<bind>
<StgValue><ssdm name="fc1_w_local_39"/><MemPortTyVec>0 3 </MemPortTyVec>
</StgValue>
</bind>
</comp>

<comp id="8" class="1000" name="fc1_w_local_38">
<pin_list>
<pin id="9" dir="1" index="0" bw="1" slack="0"/>
</pin_list>
<bind>
<StgValue><ssdm name="fc1_w_local_38"/><MemPortTyVec>0 3 </MemPortTyVec>
</StgValue>
</bind>
</comp>

<comp id="10" class="1000" name="fc1_w_local_37">
<pin_list>
<pin id="11" dir="1" index="0" bw="1" slack="0"/>
</pin_list>
<bind>
<StgValue><ssdm name="fc1_w_local_37"/><MemPortTyVec>0 3 </MemPortTyVec>
</StgValue>
</bind>
</comp>

<comp id="12" class="1000" name="fc1_w_local_36">
<pin_list>
<pin id="13" dir="1" index="0" bw="1" slack="0"/>
</pin_list>
<bind>
<StgValue><ssdm name="fc1_w_local_36"/><MemPortTyVec>0 3 </MemPortTyVec>
</StgValue>
</bind>
</comp>

<comp id="14" class="1000" name="fc1_w_local_35">
<pin_list>
<pin id="15" dir="1" index="0" bw="1" slack="0"/>
</pin_list>
<bind>
<StgValue><ssdm name="fc1_w_local_35"/><MemPortTyVec>0 3 </MemPortTyVec>
</StgValue>
</bind>
</comp>

<comp id="16" class="1000" name="fc1_w_local">
<pin_list>
<pin id="17" dir="1" index="0" bw="1" slack="0"/>
</pin_list>
<bind>
<StgValue><ssdm name="fc1_w_local"/><MemPortTyVec>0 3 </MemPortTyVec>
</StgValue>
</bind>
</comp>

<comp id="18" class="1000" name="fc1_w_local_41">
<pin_list>
<pin id="19" dir="1" index="0" bw="1" slack="0"/>
</pin_list>
<bind>
<StgValue><ssdm name="fc1_w_local_41"/><MemPortTyVec>0 3 </MemPortTyVec>
</StgValue>
</bind>
</comp>

<comp id="20" class="1001" name="const_20">
<pin_list>
<pin id="21" dir="1" index="0" bw="1" slack="0"/>
</pin_list>
<bind>
<StgValue><ssdm name=""/></StgValue>
</bind>
</comp>

<comp id="22" class="1001" name="const_22">
<pin_list>
<pin id="23" dir="1" index="0" bw="1" slack="0"/>
</pin_list>
<bind>
<StgValue><ssdm name="_ssdm_op_Read.ap_auto.i62"/></StgValue>
</bind>
</comp>

<comp id="24" class="1001" name="const_24">
<pin_list>
<pin id="25" dir="1" index="0" bw="1" slack="2147483647"/>
</pin_list>
<bind>
<StgValue><ssdm name="_ssdm_op_SpecInterface"/></StgValue>
</bind>
</comp>

<comp id="26" class="1001" name="const_26">
<pin_list>
<pin id="27" dir="1" index="0" bw="1" slack="2147483647"/>
</pin_list>
<bind>
<StgValue><ssdm name="empty_37"/></StgValue>
</bind>
</comp>

<comp id="28" class="1001" name="const_28">
<pin_list>
<pin id="29" dir="1" index="0" bw="1" slack="2147483647"/>
</pin_list>
<bind>
<StgValue><ssdm name=""/></StgValue>
</bind>
</comp>

<comp id="30" class="1001" name="const_30">
<pin_list>
<pin id="31" dir="1" index="0" bw="1" slack="2147483647"/>
</pin_list>
<bind>
<StgValue><ssdm name="empty_38"/></StgValue>
</bind>
</comp>

<comp id="32" class="1001" name="const_32">
<pin_list>
<pin id="33" dir="1" index="0" bw="1" slack="2147483647"/>
</pin_list>
<bind>
<StgValue><ssdm name=""/></StgValue>
</bind>
</comp>

<comp id="34" class="1001" name="const_34">
<pin_list>
<pin id="35" dir="1" index="0" bw="1" slack="2147483647"/>
</pin_list>
<bind>
<StgValue><ssdm name="empty_9"/></StgValue>
</bind>
</comp>

<comp id="36" class="1001" name="const_36">
<pin_list>
<pin id="37" dir="1" index="0" bw="1" slack="2147483647"/>
</pin_list>
<bind>
<StgValue><ssdm name="empty_23"/></StgValue>
</bind>
</comp>

<comp id="38" class="1001" name="const_38">
<pin_list>
<pin id="39" dir="1" index="0" bw="1" slack="2147483647"/>
</pin_list>
<bind>
<StgValue><ssdm name=""/></StgValue>
</bind>
</comp>

<comp id="40" class="1001" name="const_40">
<pin_list>
<pin id="41" dir="1" index="0" bw="1" slack="2147483647"/>
</pin_list>
<bind>
<StgValue><ssdm name=""/></StgValue>
</bind>
</comp>

<comp id="42" class="1001" name="const_42">
<pin_list>
<pin id="43" dir="1" index="0" bw="1" slack="0"/>
</pin_list>
<bind>
<StgValue><ssdm name=""/></StgValue>
</bind>
</comp>

<comp id="44" class="1001" name="const_44">
<pin_list>
<pin id="45" dir="1" index="0" bw="1" slack="0"/>
</pin_list>
<bind>
<StgValue><ssdm name=""/></StgValue>
</bind>
</comp>

<comp id="46" class="1001" name="const_46">
<pin_list>
<pin id="47" dir="1" index="0" bw="1" slack="0"/>
</pin_list>
<bind>
<StgValue><ssdm name=""/></StgValue>
</bind>
</comp>

<comp id="48" class="1001" name="const_48">
<pin_list>
<pin id="49" dir="1" index="0" bw="1" slack="0"/>
</pin_list>
<bind>
<StgValue><ssdm name="_ssdm_op_Read.m_axi.p1i32"/></StgValue>
</bind>
</comp>

<comp id="50" class="1001" name="const_50">
<pin_list>
<pin id="51" dir="1" index="0" bw="1" slack="2147483647"/>
</pin_list>
<bind>
<StgValue><ssdm name="_ssdm_op_SpecPipeline"/></StgValue>
</bind>
</comp>

<comp id="52" class="1001" name="const_52">
<pin_list>
<pin id="53" dir="1" index="0" bw="1" slack="0"/>
</pin_list>
<bind>
<StgValue><ssdm name=""/></StgValue>
</bind>
</comp>

<comp id="54" class="1001" name="const_54">
<pin_list>
<pin id="55" dir="1" index="0" bw="1" slack="2147483647"/>
</pin_list>
<bind>
<StgValue><ssdm name="_ssdm_op_SpecLoopTripCount"/></StgValue>
</bind>
</comp>

<comp id="56" class="1001" name="const_56">
<pin_list>
<pin id="57" dir="1" index="0" bw="1" slack="2147483647"/>
</pin_list>
<bind>
<StgValue><ssdm name=""/></StgValue>
</bind>
</comp>

<comp id="58" class="1001" name="const_58">
<pin_list>
<pin id="59" dir="1" index="0" bw="1" slack="2147483647"/>
</pin_list>
<bind>
<StgValue><ssdm name="_ssdm_op_SpecLoopName"/></StgValue>
</bind>
</comp>

<comp id="60" class="1001" name="const_60">
<pin_list>
<pin id="61" dir="1" index="0" bw="1" slack="2147483647"/>
</pin_list>
<bind>
<StgValue><ssdm name="empty"/></StgValue>
</bind>
</comp>

<comp id="62" class="1001" name="const_62">
<pin_list>
<pin id="63" dir="1" index="0" bw="1" slack="0"/>
</pin_list>
<bind>
<StgValue><ssdm name="_ssdm_op_PartSelect.i19.i22.i32.i32"/></StgValue>
</bind>
</comp>

<comp id="64" class="1001" name="const_64">
<pin_list>
<pin id="65" dir="1" index="0" bw="1" slack="0"/>
</pin_list>
<bind>
<StgValue><ssdm name=""/></StgValue>
</bind>
</comp>

<comp id="66" class="1001" name="const_66">
<pin_list>
<pin id="67" dir="1" index="0" bw="1" slack="0"/>
</pin_list>
<bind>
<StgValue><ssdm name=""/></StgValue>
</bind>
</comp>

<comp id="68" class="1001" name="const_68">
<pin_list>
<pin id="69" dir="1" index="0" bw="1" slack="0"/>
</pin_list>
<bind>
<StgValue><ssdm name=""/></StgValue>
</bind>
</comp>

<comp id="70" class="1001" name="const_70">
<pin_list>
<pin id="71" dir="1" index="0" bw="1" slack="0"/>
</pin_list>
<bind>
<StgValue><ssdm name=""/></StgValue>
</bind>
</comp>

<comp id="72" class="1001" name="const_72">
<pin_list>
<pin id="73" dir="1" index="0" bw="1" slack="0"/>
</pin_list>
<bind>
<StgValue><ssdm name=""/></StgValue>
</bind>
</comp>

<comp id="74" class="1001" name="const_74">
<pin_list>
<pin id="75" dir="1" index="0" bw="1" slack="0"/>
</pin_list>
<bind>
<StgValue><ssdm name=""/></StgValue>
</bind>
</comp>

<comp id="76" class="1001" name="const_76">
<pin_list>
<pin id="77" dir="1" index="0" bw="1" slack="0"/>
</pin_list>
<bind>
<StgValue><ssdm name=""/></StgValue>
</bind>
</comp>

<comp id="78" class="1001" name="const_78">
<pin_list>
<pin id="79" dir="1" index="0" bw="1" slack="0"/>
</pin_list>
<bind>
<StgValue><ssdm name=""/></StgValue>
</bind>
</comp>

<comp id="80" class="1001" name="const_80">
<pin_list>
<pin id="81" dir="1" index="0" bw="1" slack="0"/>
</pin_list>
<bind>
<StgValue><ssdm name=""/></StgValue>
</bind>
</comp>

<comp id="82" class="1004" name="i_4_fu_82">
<pin_list>
<pin id="83" dir="0" index="0" bw="1" slack="0"/>
<pin id="84" dir="1" index="1" bw="22" slack="0"/>
</pin_list>
<bind>
<opcode="alloca(26) " fcode="alloca"/>
<opset="i_4/1 "/>
</bind>
</comp>

<comp id="86" class="1004" name="sext_ln140_read_read_fu_86">
<pin_list>
<pin id="87" dir="0" index="0" bw="62" slack="0"/>
<pin id="88" dir="0" index="1" bw="62" slack="0"/>
<pin id="89" dir="1" index="2" bw="62" slack="0"/>
</pin_list>
<bind>
<opcode="read(1150) " fcode="read"/>
<opset="sext_ln140_read/1 "/>
</bind>
</comp>

<comp id="92" class="1004" name="fc1_w_local_addr_gep_fu_92">
<pin_list>
<pin id="93" dir="0" index="0" bw="32" slack="0"/>
<pin id="94" dir="0" index="1" bw="1" slack="0"/>
<pin id="95" dir="0" index="2" bw="19" slack="0"/>
<pin id="96" dir="1" index="3" bw="19" slack="0"/>
</pin_list>
<bind>
<opcode="getelementptr(29) " fcode="getelementptr"/>
<opset="fc1_w_local_addr/3 "/>
</bind>
</comp>

<comp id="99" class="1004" name="fc1_w_local_35_addr_gep_fu_99">
<pin_list>
<pin id="100" dir="0" index="0" bw="32" slack="0"/>
<pin id="101" dir="0" index="1" bw="1" slack="0"/>
<pin id="102" dir="0" index="2" bw="19" slack="0"/>
<pin id="103" dir="1" index="3" bw="19" slack="0"/>
</pin_list>
<bind>
<opcode="getelementptr(29) " fcode="getelementptr"/>
<opset="fc1_w_local_35_addr/3 "/>
</bind>
</comp>

<comp id="106" class="1004" name="fc1_w_local_36_addr_gep_fu_106">
<pin_list>
<pin id="107" dir="0" index="0" bw="32" slack="0"/>
<pin id="108" dir="0" index="1" bw="1" slack="0"/>
<pin id="109" dir="0" index="2" bw="19" slack="0"/>
<pin id="110" dir="1" index="3" bw="19" slack="0"/>
</pin_list>
<bind>
<opcode="getelementptr(29) " fcode="getelementptr"/>
<opset="fc1_w_local_36_addr/3 "/>
</bind>
</comp>

<comp id="113" class="1004" name="fc1_w_local_37_addr_gep_fu_113">
<pin_list>
<pin id="114" dir="0" index="0" bw="32" slack="0"/>
<pin id="115" dir="0" index="1" bw="1" slack="0"/>
<pin id="116" dir="0" index="2" bw="19" slack="0"/>
<pin id="117" dir="1" index="3" bw="19" slack="0"/>
</pin_list>
<bind>
<opcode="getelementptr(29) " fcode="getelementptr"/>
<opset="fc1_w_local_37_addr/3 "/>
</bind>
</comp>

<comp id="120" class="1004" name="fc1_w_local_38_addr_gep_fu_120">
<pin_list>
<pin id="121" dir="0" index="0" bw="32" slack="0"/>
<pin id="122" dir="0" index="1" bw="1" slack="0"/>
<pin id="123" dir="0" index="2" bw="19" slack="0"/>
<pin id="124" dir="1" index="3" bw="19" slack="0"/>
</pin_list>
<bind>
<opcode="getelementptr(29) " fcode="getelementptr"/>
<opset="fc1_w_local_38_addr/3 "/>
</bind>
</comp>

<comp id="127" class="1004" name="fc1_w_local_39_addr_gep_fu_127">
<pin_list>
<pin id="128" dir="0" index="0" bw="32" slack="0"/>
<pin id="129" dir="0" index="1" bw="1" slack="0"/>
<pin id="130" dir="0" index="2" bw="19" slack="0"/>
<pin id="131" dir="1" index="3" bw="19" slack="0"/>
</pin_list>
<bind>
<opcode="getelementptr(29) " fcode="getelementptr"/>
<opset="fc1_w_local_39_addr/3 "/>
</bind>
</comp>

<comp id="134" class="1004" name="fc1_w_local_40_addr_gep_fu_134">
<pin_list>
<pin id="135" dir="0" index="0" bw="32" slack="0"/>
<pin id="136" dir="0" index="1" bw="1" slack="0"/>
<pin id="137" dir="0" index="2" bw="19" slack="0"/>
<pin id="138" dir="1" index="3" bw="19" slack="0"/>
</pin_list>
<bind>
<opcode="getelementptr(29) " fcode="getelementptr"/>
<opset="fc1_w_local_40_addr/3 "/>
</bind>
</comp>

<comp id="141" class="1004" name="fc1_w_local_41_addr_gep_fu_141">
<pin_list>
<pin id="142" dir="0" index="0" bw="32" slack="0"/>
<pin id="143" dir="0" index="1" bw="1" slack="0"/>
<pin id="144" dir="0" index="2" bw="19" slack="0"/>
<pin id="145" dir="1" index="3" bw="19" slack="0"/>
</pin_list>
<bind>
<opcode="getelementptr(29) " fcode="getelementptr"/>
<opset="fc1_w_local_41_addr/3 "/>
</bind>
</comp>

<comp id="148" class="1004" name="store_ln142_access_fu_148">
<pin_list>
<pin id="149" dir="0" index="0" bw="19" slack="0"/>
<pin id="150" dir="0" index="1" bw="32" slack="1"/>
<pin id="151" dir="0" index="2" bw="0" slack="2147483647"/>
<pin id="152" dir="1" index="3" bw="32" slack="2147483647"/>
</pin_list>
<bind>
<opcode="store(28) " fcode="store"/>
<opset="store_ln142/3 "/>
</bind>
</comp>

<comp id="154" class="1004" name="store_ln142_access_fu_154">
<pin_list>
<pin id="155" dir="0" index="0" bw="19" slack="0"/>
<pin id="156" dir="0" index="1" bw="32" slack="1"/>
<pin id="157" dir="0" index="2" bw="0" slack="2147483647"/>
<pin id="158" dir="1" index="3" bw="32" slack="2147483647"/>
</pin_list>
<bind>
<opcode="store(28) " fcode="store"/>
<opset="store_ln142/3 "/>
</bind>
</comp>

<comp id="160" class="1004" name="store_ln142_access_fu_160">
<pin_list>
<pin id="161" dir="0" index="0" bw="19" slack="0"/>
<pin id="162" dir="0" index="1" bw="32" slack="1"/>
<pin id="163" dir="0" index="2" bw="0" slack="2147483647"/>
<pin id="164" dir="1" index="3" bw="32" slack="2147483647"/>
</pin_list>
<bind>
<opcode="store(28) " fcode="store"/>
<opset="store_ln142/3 "/>
</bind>
</comp>

<comp id="166" class="1004" name="store_ln142_access_fu_166">
<pin_list>
<pin id="167" dir="0" index="0" bw="19" slack="0"/>
<pin id="168" dir="0" index="1" bw="32" slack="1"/>
<pin id="169" dir="0" index="2" bw="0" slack="2147483647"/>
<pin id="170" dir="1" index="3" bw="32" slack="2147483647"/>
</pin_list>
<bind>
<opcode="store(28) " fcode="store"/>
<opset="store_ln142/3 "/>
</bind>
</comp>

<comp id="172" class="1004" name="store_ln142_access_fu_172">
<pin_list>
<pin id="173" dir="0" index="0" bw="19" slack="0"/>
<pin id="174" dir="0" index="1" bw="32" slack="1"/>
<pin id="175" dir="0" index="2" bw="0" slack="2147483647"/>
<pin id="176" dir="1" index="3" bw="32" slack="2147483647"/>
</pin_list>
<bind>
<opcode="store(28) " fcode="store"/>
<opset="store_ln142/3 "/>
</bind>
</comp>

<comp id="178" class="1004" name="store_ln142_access_fu_178">
<pin_list>
<pin id="179" dir="0" index="0" bw="19" slack="0"/>
<pin id="180" dir="0" index="1" bw="32" slack="1"/>
<pin id="181" dir="0" index="2" bw="0" slack="2147483647"/>
<pin id="182" dir="1" index="3" bw="32" slack="2147483647"/>
</pin_list>
<bind>
<opcode="store(28) " fcode="store"/>
<opset="store_ln142/3 "/>
</bind>
</comp>

<comp id="184" class="1004" name="store_ln142_access_fu_184">
<pin_list>
<pin id="185" dir="0" index="0" bw="19" slack="0"/>
<pin id="186" dir="0" index="1" bw="32" slack="1"/>
<pin id="187" dir="0" index="2" bw="0" slack="2147483647"/>
<pin id="188" dir="1" index="3" bw="32" slack="2147483647"/>
</pin_list>
<bind>
<opcode="store(28) " fcode="store"/>
<opset="store_ln142/3 "/>
</bind>
</comp>

<comp id="190" class="1004" name="store_ln142_access_fu_190">
<pin_list>
<pin id="191" dir="0" index="0" bw="19" slack="0"/>
<pin id="192" dir="0" index="1" bw="32" slack="1"/>
<pin id="193" dir="0" index="2" bw="0" slack="2147483647"/>
<pin id="194" dir="1" index="3" bw="32" slack="2147483647"/>
</pin_list>
<bind>
<opcode="store(28) " fcode="store"/>
<opset="store_ln142/3 "/>
</bind>
</comp>

<comp id="196" class="1004" name="W3mem_addr_read_read_fu_196">
<pin_list>
<pin id="197" dir="0" index="0" bw="32" slack="0"/>
<pin id="198" dir="0" index="1" bw="32" slack="0"/>
<pin id="199" dir="1" index="2" bw="32" slack="0"/>
</pin_list>
<bind>
<opcode="read(1150) " fcode="read"/>
<opset="W3mem_addr_read/2 "/>
</bind>
</comp>

<comp id="201" class="1004" name="sext_ln140_cast_fu_201">
<pin_list>
<pin id="202" dir="0" index="0" bw="62" slack="0"/>
<pin id="203" dir="1" index="1" bw="64" slack="1"/>
</pin_list>
<bind>
<opcode="sext(35) " fcode="sext"/>
<opset="sext_ln140_cast/1 "/>
</bind>
</comp>

<comp id="205" class="1004" name="store_ln140_store_fu_205">
<pin_list>
<pin id="206" dir="0" index="0" bw="1" slack="0"/>
<pin id="207" dir="0" index="1" bw="22" slack="0"/>
<pin id="208" dir="1" index="2" bw="0" slack="2147483647"/>
</pin_list>
<bind>
<opcode="store(28) " fcode="store"/>
<opset="store_ln140/1 "/>
</bind>
</comp>

<comp id="210" class="1004" name="i_load_fu_210">
<pin_list>
<pin id="211" dir="0" index="0" bw="22" slack="0"/>
<pin id="212" dir="1" index="1" bw="22" slack="0"/>
</pin_list>
<bind>
<opcode="load(27) " fcode="load"/>
<opset="i/1 "/>
</bind>
</comp>

<comp id="213" class="1004" name="icmp_ln140_fu_213">
<pin_list>
<pin id="214" dir="0" index="0" bw="22" slack="0"/>
<pin id="215" dir="0" index="1" bw="22" slack="0"/>
<pin id="216" dir="1" index="2" bw="1" slack="1"/>
</pin_list>
<bind>
<opcode="icmp(45) " fcode="icmp"/>
<opset="icmp_ln140/1 "/>
</bind>
</comp>

<comp id="219" class="1004" name="add_ln140_fu_219">
<pin_list>
<pin id="220" dir="0" index="0" bw="22" slack="1"/>
<pin id="221" dir="0" index="1" bw="1" slack="0"/>
<pin id="222" dir="1" index="2" bw="22" slack="1"/>
</pin_list>
<bind>
<opcode="add(8) " fcode="add"/>
<opset="add_ln140/2 "/>
</bind>
</comp>

<comp id="224" class="1004" name="W3mem_addr_fu_224">
<pin_list>
<pin id="225" dir="0" index="0" bw="64" slack="0"/>
<pin id="226" dir="0" index="1" bw="64" slack="1"/>
<pin id="227" dir="1" index="2" bw="64" slack="0"/>
</pin_list>
<bind>
<opcode="getelementptr(29) " fcode="getelementptr"/>
<opset="W3mem_addr/2 "/>
</bind>
</comp>

<comp id="230" class="1004" name="bitcast_ln142_fu_230">
<pin_list>
<pin id="231" dir="0" index="0" bw="32" slack="0"/>
<pin id="232" dir="1" index="1" bw="32" slack="1"/>
</pin_list>
<bind>
<opcode="bitcast(44) " fcode="bitcast"/>
<opset="bitcast_ln142/2 "/>
</bind>
</comp>

<comp id="234" class="1004" name="trunc_ln140_fu_234">
<pin_list>
<pin id="235" dir="0" index="0" bw="22" slack="2"/>
<pin id="236" dir="1" index="1" bw="3" slack="0"/>
</pin_list>
<bind>
<opcode="trunc(33) " fcode="trunc"/>
<opset="trunc_ln140/3 "/>
</bind>
</comp>

<comp id="237" class="1004" name="lshr_ln_fu_237">
<pin_list>
<pin id="238" dir="0" index="0" bw="19" slack="0"/>
<pin id="239" dir="0" index="1" bw="22" slack="2"/>
<pin id="240" dir="0" index="2" bw="3" slack="0"/>
<pin id="241" dir="0" index="3" bw="6" slack="0"/>
<pin id="242" dir="1" index="4" bw="19" slack="0"/>
</pin_list>
<bind>
<opcode="partselect(1002) " fcode="partselect"/>
<opset="lshr_ln/3 "/>
</bind>
</comp>

<comp id="246" class="1004" name="zext_ln140_fu_246">
<pin_list>
<pin id="247" dir="0" index="0" bw="19" slack="0"/>
<pin id="248" dir="1" index="1" bw="64" slack="0"/>
</pin_list>
<bind>
<opcode="zext(34) " fcode="zext"/>
<opset="zext_ln140/3 "/>
</bind>
</comp>

<comp id="258" class="1004" name="switch_ln142_fu_258">
<pin_list>
<pin id="259" dir="0" index="0" bw="3" slack="0"/>
<pin id="260" dir="0" index="1" bw="1" slack="0"/>
<pin id="261" dir="0" index="2" bw="1" slack="0"/>
<pin id="262" dir="0" index="3" bw="3" slack="0"/>
<pin id="263" dir="0" index="4" bw="3" slack="0"/>
<pin id="264" dir="0" index="5" bw="3" slack="0"/>
<pin id="265" dir="0" index="6" bw="3" slack="0"/>
<pin id="266" dir="0" index="7" bw="2" slack="0"/>
<pin id="267" dir="1" index="8" bw="0" slack="2147483647"/>
</pin_list>
<bind>
<opcode="switch(3) " fcode="switch"/>
<opset="switch_ln142/3 "/>
</bind>
</comp>

<comp id="276" class="1004" name="store_ln140_store_fu_276">
<pin_list>
<pin id="277" dir="0" index="0" bw="22" slack="1"/>
<pin id="278" dir="0" index="1" bw="22" slack="2"/>
<pin id="279" dir="1" index="2" bw="0" slack="2147483647"/>
</pin_list>
<bind>
<opcode="store(28) " fcode="store"/>
<opset="store_ln140/3 "/>
</bind>
</comp>

<comp id="280" class="1005" name="i_4_reg_280">
<pin_list>
<pin id="281" dir="0" index="0" bw="22" slack="0"/>
<pin id="282" dir="1" index="1" bw="22" slack="0"/>
</pin_list>
<bind>
<opset="i_4 "/>
</bind>
</comp>

<comp id="287" class="1005" name="sext_ln140_cast_reg_287">
<pin_list>
<pin id="288" dir="0" index="0" bw="64" slack="1"/>
<pin id="289" dir="1" index="1" bw="64" slack="1"/>
</pin_list>
<bind>
<opset="sext_ln140_cast "/>
</bind>
</comp>

<comp id="292" class="1005" name="i_reg_292">
<pin_list>
<pin id="293" dir="0" index="0" bw="22" slack="1"/>
<pin id="294" dir="1" index="1" bw="22" slack="1"/>
</pin_list>
<bind>
<opset="i "/>
</bind>
</comp>

<comp id="299" class="1005" name="icmp_ln140_reg_299">
<pin_list>
<pin id="300" dir="0" index="0" bw="1" slack="1"/>
<pin id="301" dir="1" index="1" bw="1" slack="2147483647"/>
</pin_list>
<bind>
<opset="icmp_ln140 "/>
</bind>
</comp>

<comp id="303" class="1005" name="add_ln140_reg_303">
<pin_list>
<pin id="304" dir="0" index="0" bw="22" slack="1"/>
<pin id="305" dir="1" index="1" bw="22" slack="1"/>
</pin_list>
<bind>
<opset="add_ln140 "/>
</bind>
</comp>

<comp id="308" class="1005" name="bitcast_ln142_reg_308">
<pin_list>
<pin id="309" dir="0" index="0" bw="32" slack="1"/>
<pin id="310" dir="1" index="1" bw="32" slack="1"/>
</pin_list>
<bind>
<opset="bitcast_ln142 "/>
</bind>
</comp>

</comp_list>

<net_list>
<net id="85"><net_src comp="20" pin="0"/><net_sink comp="82" pin=0"/></net>

<net id="90"><net_src comp="22" pin="0"/><net_sink comp="86" pin=0"/></net>

<net id="91"><net_src comp="2" pin="0"/><net_sink comp="86" pin=1"/></net>

<net id="97"><net_src comp="16" pin="0"/><net_sink comp="92" pin=0"/></net>

<net id="98"><net_src comp="66" pin="0"/><net_sink comp="92" pin=1"/></net>

<net id="104"><net_src comp="14" pin="0"/><net_sink comp="99" pin=0"/></net>

<net id="105"><net_src comp="66" pin="0"/><net_sink comp="99" pin=1"/></net>

<net id="111"><net_src comp="12" pin="0"/><net_sink comp="106" pin=0"/></net>

<net id="112"><net_src comp="66" pin="0"/><net_sink comp="106" pin=1"/></net>

<net id="118"><net_src comp="10" pin="0"/><net_sink comp="113" pin=0"/></net>

<net id="119"><net_src comp="66" pin="0"/><net_sink comp="113" pin=1"/></net>

<net id="125"><net_src comp="8" pin="0"/><net_sink comp="120" pin=0"/></net>

<net id="126"><net_src comp="66" pin="0"/><net_sink comp="120" pin=1"/></net>

<net id="132"><net_src comp="6" pin="0"/><net_sink comp="127" pin=0"/></net>

<net id="133"><net_src comp="66" pin="0"/><net_sink comp="127" pin=1"/></net>

<net id="139"><net_src comp="4" pin="0"/><net_sink comp="134" pin=0"/></net>

<net id="140"><net_src comp="66" pin="0"/><net_sink comp="134" pin=1"/></net>

<net id="146"><net_src comp="18" pin="0"/><net_sink comp="141" pin=0"/></net>

<net id="147"><net_src comp="66" pin="0"/><net_sink comp="141" pin=1"/></net>

<net id="153"><net_src comp="134" pin="3"/><net_sink comp="148" pin=0"/></net>

<net id="159"><net_src comp="127" pin="3"/><net_sink comp="154" pin=0"/></net>

<net id="165"><net_src comp="120" pin="3"/><net_sink comp="160" pin=0"/></net>

<net id="171"><net_src comp="113" pin="3"/><net_sink comp="166" pin=0"/></net>

<net id="177"><net_src comp="106" pin="3"/><net_sink comp="172" pin=0"/></net>

<net id="183"><net_src comp="99" pin="3"/><net_sink comp="178" pin=0"/></net>

<net id="189"><net_src comp="92" pin="3"/><net_sink comp="184" pin=0"/></net>

<net id="195"><net_src comp="141" pin="3"/><net_sink comp="190" pin=0"/></net>

<net id="200"><net_src comp="48" pin="0"/><net_sink comp="196" pin=0"/></net>

<net id="204"><net_src comp="86" pin="2"/><net_sink comp="201" pin=0"/></net>

<net id="209"><net_src comp="42" pin="0"/><net_sink comp="205" pin=0"/></net>

<net id="217"><net_src comp="210" pin="1"/><net_sink comp="213" pin=0"/></net>

<net id="218"><net_src comp="44" pin="0"/><net_sink comp="213" pin=1"/></net>

<net id="223"><net_src comp="46" pin="0"/><net_sink comp="219" pin=1"/></net>

<net id="228"><net_src comp="0" pin="0"/><net_sink comp="224" pin=0"/></net>

<net id="229"><net_src comp="224" pin="2"/><net_sink comp="196" pin=1"/></net>

<net id="233"><net_src comp="196" pin="2"/><net_sink comp="230" pin=0"/></net>

<net id="243"><net_src comp="62" pin="0"/><net_sink comp="237" pin=0"/></net>

<net id="244"><net_src comp="52" pin="0"/><net_sink comp="237" pin=2"/></net>

<net id="245"><net_src comp="64" pin="0"/><net_sink comp="237" pin=3"/></net>

<net id="249"><net_src comp="237" pin="4"/><net_sink comp="246" pin=0"/></net>

<net id="250"><net_src comp="246" pin="1"/><net_sink comp="92" pin=2"/></net>

<net id="251"><net_src comp="246" pin="1"/><net_sink comp="99" pin=2"/></net>

<net id="252"><net_src comp="246" pin="1"/><net_sink comp="106" pin=2"/></net>

<net id="253"><net_src comp="246" pin="1"/><net_sink comp="113" pin=2"/></net>

<net id="254"><net_src comp="246" pin="1"/><net_sink comp="120" pin=2"/></net>

<net id="255"><net_src comp="246" pin="1"/><net_sink comp="127" pin=2"/></net>

<net id="256"><net_src comp="246" pin="1"/><net_sink comp="134" pin=2"/></net>

<net id="257"><net_src comp="246" pin="1"/><net_sink comp="141" pin=2"/></net>

<net id="268"><net_src comp="234" pin="1"/><net_sink comp="258" pin=0"/></net>

<net id="269"><net_src comp="68" pin="0"/><net_sink comp="258" pin=1"/></net>

<net id="270"><net_src comp="70" pin="0"/><net_sink comp="258" pin=2"/></net>

<net id="271"><net_src comp="72" pin="0"/><net_sink comp="258" pin=3"/></net>

<net id="272"><net_src comp="74" pin="0"/><net_sink comp="258" pin=4"/></net>

<net id="273"><net_src comp="76" pin="0"/><net_sink comp="258" pin=5"/></net>

<net id="274"><net_src comp="78" pin="0"/><net_sink comp="258" pin=6"/></net>

<net id="275"><net_src comp="80" pin="0"/><net_sink comp="258" pin=7"/></net>

<net id="283"><net_src comp="82" pin="1"/><net_sink comp="280" pin=0"/></net>

<net id="284"><net_src comp="280" pin="1"/><net_sink comp="205" pin=1"/></net>

<net id="285"><net_src comp="280" pin="1"/><net_sink comp="210" pin=0"/></net>

<net id="286"><net_src comp="280" pin="1"/><net_sink comp="276" pin=1"/></net>

<net id="290"><net_src comp="201" pin="1"/><net_sink comp="287" pin=0"/></net>

<net id="291"><net_src comp="287" pin="1"/><net_sink comp="224" pin=1"/></net>

<net id="295"><net_src comp="210" pin="1"/><net_sink comp="292" pin=0"/></net>

<net id="296"><net_src comp="292" pin="1"/><net_sink comp="219" pin=0"/></net>

<net id="297"><net_src comp="292" pin="1"/><net_sink comp="234" pin=0"/></net>

<net id="298"><net_src comp="292" pin="1"/><net_sink comp="237" pin=1"/></net>

<net id="302"><net_src comp="213" pin="2"/><net_sink comp="299" pin=0"/></net>

<net id="306"><net_src comp="219" pin="2"/><net_sink comp="303" pin=0"/></net>

<net id="307"><net_src comp="303" pin="1"/><net_sink comp="276" pin=0"/></net>

<net id="311"><net_src comp="230" pin="1"/><net_sink comp="308" pin=0"/></net>

<net id="312"><net_src comp="308" pin="1"/><net_sink comp="148" pin=1"/></net>

<net id="313"><net_src comp="308" pin="1"/><net_sink comp="154" pin=1"/></net>

<net id="314"><net_src comp="308" pin="1"/><net_sink comp="160" pin=1"/></net>

<net id="315"><net_src comp="308" pin="1"/><net_sink comp="166" pin=1"/></net>

<net id="316"><net_src comp="308" pin="1"/><net_sink comp="172" pin=1"/></net>

<net id="317"><net_src comp="308" pin="1"/><net_sink comp="178" pin=1"/></net>

<net id="318"><net_src comp="308" pin="1"/><net_sink comp="184" pin=1"/></net>

<net id="319"><net_src comp="308" pin="1"/><net_sink comp="190" pin=1"/></net>

</net_list>

</model> 
---------------- Datapath Model END ------------------

* FSMD analyzer results:
  - Output states:
	Port: W3mem | {}
	Port: fc1_w_local_40 | {3 }
	Port: fc1_w_local_39 | {3 }
	Port: fc1_w_local_38 | {3 }
	Port: fc1_w_local_37 | {3 }
	Port: fc1_w_local_36 | {3 }
	Port: fc1_w_local_35 | {3 }
	Port: fc1_w_local | {3 }
	Port: fc1_w_local_41 | {3 }
 - Input state : 
	Port: Block_entry_proc_Pipeline_LOAD_FC1W : W3mem | {2 }
	Port: Block_entry_proc_Pipeline_LOAD_FC1W : sext_ln140 | {1 }
	Port: Block_entry_proc_Pipeline_LOAD_FC1W : fc1_w_local_40 | {}
	Port: Block_entry_proc_Pipeline_LOAD_FC1W : fc1_w_local_39 | {}
	Port: Block_entry_proc_Pipeline_LOAD_FC1W : fc1_w_local_38 | {}
	Port: Block_entry_proc_Pipeline_LOAD_FC1W : fc1_w_local_37 | {}
	Port: Block_entry_proc_Pipeline_LOAD_FC1W : fc1_w_local_36 | {}
	Port: Block_entry_proc_Pipeline_LOAD_FC1W : fc1_w_local_35 | {}
	Port: Block_entry_proc_Pipeline_LOAD_FC1W : fc1_w_local | {}
	Port: Block_entry_proc_Pipeline_LOAD_FC1W : fc1_w_local_41 | {}
  - Chain level:
	State 1
		store_ln140 : 1
		i : 1
		icmp_ln140 : 2
	State 2
		W3mem_addr_read : 1
		bitcast_ln142 : 1
	State 3
		zext_ln140 : 1
		fc1_w_local_addr : 2
		fc1_w_local_35_addr : 2
		fc1_w_local_36_addr : 2
		fc1_w_local_37_addr : 2
		fc1_w_local_38_addr : 2
		fc1_w_local_39_addr : 2
		fc1_w_local_40_addr : 2
		fc1_w_local_41_addr : 2
		switch_ln142 : 1
		store_ln142 : 3
		store_ln142 : 3
		store_ln142 : 3
		store_ln142 : 3
		store_ln142 : 3
		store_ln142 : 3
		store_ln142 : 3
		store_ln142 : 3


============================================================
+ Verbose Summary: Datapath Resource usage 
============================================================

* Functional unit list:
|----------|-----------------------------|---------|---------|
| Operation|       Functional Unit       |    FF   |   LUT   |
|----------|-----------------------------|---------|---------|
|   icmp   |      icmp_ln140_fu_213      |    0    |    29   |
|----------|-----------------------------|---------|---------|
|    add   |       add_ln140_fu_219      |    0    |    29   |
|----------|-----------------------------|---------|---------|
|   read   |  sext_ln140_read_read_fu_86 |    0    |    0    |
|          | W3mem_addr_read_read_fu_196 |    0    |    0    |
|----------|-----------------------------|---------|---------|
|   sext   |    sext_ln140_cast_fu_201   |    0    |    0    |
|----------|-----------------------------|---------|---------|
|   trunc  |      trunc_ln140_fu_234     |    0    |    0    |
|----------|-----------------------------|---------|---------|
|partselect|        lshr_ln_fu_237       |    0    |    0    |
|----------|-----------------------------|---------|---------|
|   zext   |      zext_ln140_fu_246      |    0    |    0    |
|----------|-----------------------------|---------|---------|
|  switch  |     switch_ln142_fu_258     |    0    |    0    |
|----------|-----------------------------|---------|---------|
|   Total  |                             |    0    |    58   |
|----------|-----------------------------|---------|---------|

Memories:
N/A

* Register list:
+-----------------------+--------+
|                       |   FF   |
+-----------------------+--------+
|   add_ln140_reg_303   |   22   |
| bitcast_ln142_reg_308 |   32   |
|      i_4_reg_280      |   22   |
|       i_reg_292       |   22   |
|   icmp_ln140_reg_299  |    1   |
|sext_ln140_cast_reg_287|   64   |
+-----------------------+--------+
|         Total         |   163  |
+-----------------------+--------+

* Multiplexer (MUX) list: 
|--------|------|------|------|--------|
|  Comp  |  Pin | Size |  BW  | S x BW |
|--------|------|------|------|--------|
|  Total |      |      |      |    0   |
|--------|------|------|------|--------|



* Summary:
+-----------+--------+--------+
|           |   FF   |   LUT  |
+-----------+--------+--------+
|  Function |    0   |   58   |
|   Memory  |    -   |    -   |
|Multiplexer|    -   |    -   |
|  Register |   163  |    -   |
+-----------+--------+--------+
|   Total   |   163  |   58   |
+-----------+--------+--------+
