

================================================================
== Vitis HLS Report for 'cnn_accel'
================================================================
* Date:           Tue Jul  8 00:40:00 2025

* Version:        2025.1 (Build 6135595 on May 21 2025)
* Project:        cnn_accel
* Solution:       hls (Vivado IP Flow Target)
* Product family: artix7
* Target device:  xc7a100t-fgg484-2L


================================================================
== Performance Estimates
================================================================
+ Timing: 
    * Summary: 
    +--------+----------+----------+------------+
    |  Clock |  Target  | Estimated| Uncertainty|
    +--------+----------+----------+------------+
    |ap_clk  |  10.00 ns|  8.133 ns|     2.70 ns|
    +--------+----------+----------+------------+

+ Latency: 
    * Summary: 
    +----------+----------+-----------+-----------+----------+----------+----------+
    |   Latency (cycles)  |   Latency (absolute)  |       Interval      | Pipeline |
    |    min   |    max   |    min    |    max    |    min   |    max   |   Type   |
    +----------+----------+-----------+-----------+----------+----------+----------+
    |  64570463|  64570463|  0.646 sec|  0.646 sec|  25481290|  25481290|  dataflow|
    +----------+----------+-----------+-----------+----------+----------+----------+

    + Detail: 
        * Instance: 
        +---------------------+----------+----------+----------+-----------+-----------+----------+----------+------------------------------------------------+
        |                     |          |   Latency (cycles)  |   Latency (absolute)  |       Interval      |                    Pipeline                    |
        |       Instance      |  Module  |    min   |    max   |    min    |    max    |    min   |    max   |                      Type                      |
        +---------------------+----------+----------+----------+-----------+-----------+----------+----------+------------------------------------------------+
        |grp_load_img_fu_254  |load_img  |    691209|    691209|   6.912 ms|   6.912 ms|    691208|    691208|  loop auto-rewind stp (delay=8 clock cycles(s))|
        |grp_conv1_fu_266     |conv1     |  16347889|  16347889|  0.163 sec|  0.163 sec|  16347744|  16347744|  loop auto-rewind stp (delay=0 clock cycles(s))|
        |grp_pool1_fu_288     |pool1     |    454115|    454115|   4.541 ms|   4.541 ms|    454109|    454109|  loop auto-rewind stp (delay=5 clock cycles(s))|
        |grp_conv2_fu_308     |conv2     |  21161458|  21161458|  0.212 sec|  0.212 sec|  21161088|  21161088|  loop auto-rewind stp (delay=0 clock cycles(s))|
        |grp_pool2_fu_334     |pool2     |    217162|    217162|   2.172 ms|   2.172 ms|    217152|    217152|  loop auto-rewind stp (delay=0 clock cycles(s))|
        |grp_flatten_fu_354   |flatten   |    217155|    217155|   2.172 ms|   2.172 ms|    217156|    217156|  loop auto-rewind stp (delay=4 clock cycles(s))|
        |grp_fc1_fu_368       |fc1       |  25481289|  25481289|  0.255 sec|  0.255 sec|  25481289|  25481289|                                              no|
        |grp_fc2_fu_388       |fc2       |       179|       179|   1.790 us|   1.790 us|       179|       179|                                              no|
        +---------------------+----------+----------+----------+-----------+-----------+----------+----------+------------------------------------------------+

        * Loop: 
        N/A

============================================================
+ Verbose Summary: Synthesis Manager
============================================================
InlineROM: 1
ExposeGlobal: 0
============================================================
+ Verbose Summary: CDFG Model
============================================================
IsTopModel: 1
ResetActiveHigh: 1
IsCombinational: 2
IsDatapathOnly: 0
HasWiredReturn: 1
HasMFsm: 0
HasVarLatency: 1
IsPipeline: 0
IsRtlPipelined: 0
IsInstanceOverlapped: 0
IsDontTouch: 0
HasImplIP: 0
IsGatedGlobalClock: 0


============================================================
+ Verbose Summary: Schedule
============================================================
* Number of FSM states : 16
* Pipeline : 0
* Dataflow Pipeline: 1
  DF-Pipeline-0: Size = 16, States = { 1 2 3 4 5 6 7 8 9 10 11 12 13 14 15 16 }

* FSM state transitions: 
1 --> 2 
2 --> 3 
3 --> 4 
4 --> 5 
5 --> 6 
6 --> 7 
7 --> 8 
8 --> 9 
9 --> 10 
10 --> 11 
11 --> 12 
12 --> 13 
13 --> 14 
14 --> 15 
15 --> 16 
16 --> 

* FSM state operations: 

State 1 <SV = 0> <Delay = 1.00>
ST_1 : Operation 17 [1/1] (1.00ns)   --->   "%flag_out_read = read i64 @_ssdm_op_Read.s_axilite.i64, i64 %flag_out" [../hls_files/conv_pool.cpp:54]   --->   Operation 17 'read' 'flag_out_read' <Predicate = true> <Delay = 1.00> <CoreInst = "s_axilite">   --->   Core 112 's_axilite' <Latency = 0> <II = 1> <Delay = 1.00> <Adapter> <Opcode : 'read' 'write'>
ST_1 : Operation 18 [1/1] (1.00ns)   --->   "%FC2_B_read = read i64 @_ssdm_op_Read.s_axilite.i64, i64 %FC2_B" [../hls_files/conv_pool.cpp:54]   --->   Operation 18 'read' 'FC2_B_read' <Predicate = true> <Delay = 1.00> <CoreInst = "s_axilite">   --->   Core 112 's_axilite' <Latency = 0> <II = 1> <Delay = 1.00> <Adapter> <Opcode : 'read' 'write'>
ST_1 : Operation 19 [1/1] (1.00ns)   --->   "%FC2_W_read = read i64 @_ssdm_op_Read.s_axilite.i64, i64 %FC2_W" [../hls_files/conv_pool.cpp:54]   --->   Operation 19 'read' 'FC2_W_read' <Predicate = true> <Delay = 1.00> <CoreInst = "s_axilite">   --->   Core 112 's_axilite' <Latency = 0> <II = 1> <Delay = 1.00> <Adapter> <Opcode : 'read' 'write'>
ST_1 : Operation 20 [1/1] (1.00ns)   --->   "%FC1_B_read = read i64 @_ssdm_op_Read.s_axilite.i64, i64 %FC1_B" [../hls_files/conv_pool.cpp:54]   --->   Operation 20 'read' 'FC1_B_read' <Predicate = true> <Delay = 1.00> <CoreInst = "s_axilite">   --->   Core 112 's_axilite' <Latency = 0> <II = 1> <Delay = 1.00> <Adapter> <Opcode : 'read' 'write'>
ST_1 : Operation 21 [1/1] (1.00ns)   --->   "%FC1_W_read = read i64 @_ssdm_op_Read.s_axilite.i64, i64 %FC1_W" [../hls_files/conv_pool.cpp:54]   --->   Operation 21 'read' 'FC1_W_read' <Predicate = true> <Delay = 1.00> <CoreInst = "s_axilite">   --->   Core 112 's_axilite' <Latency = 0> <II = 1> <Delay = 1.00> <Adapter> <Opcode : 'read' 'write'>
ST_1 : Operation 22 [1/1] (1.00ns)   --->   "%bias2_read = read i64 @_ssdm_op_Read.s_axilite.i64, i64 %bias2" [../hls_files/conv_pool.cpp:54]   --->   Operation 22 'read' 'bias2_read' <Predicate = true> <Delay = 1.00> <CoreInst = "s_axilite">   --->   Core 112 's_axilite' <Latency = 0> <II = 1> <Delay = 1.00> <Adapter> <Opcode : 'read' 'write'>
ST_1 : Operation 23 [1/1] (1.00ns)   --->   "%weights2_read = read i64 @_ssdm_op_Read.s_axilite.i64, i64 %weights2" [../hls_files/conv_pool.cpp:54]   --->   Operation 23 'read' 'weights2_read' <Predicate = true> <Delay = 1.00> <CoreInst = "s_axilite">   --->   Core 112 's_axilite' <Latency = 0> <II = 1> <Delay = 1.00> <Adapter> <Opcode : 'read' 'write'>
ST_1 : Operation 24 [1/1] (1.00ns)   --->   "%bias1_read = read i64 @_ssdm_op_Read.s_axilite.i64, i64 %bias1" [../hls_files/conv_pool.cpp:54]   --->   Operation 24 'read' 'bias1_read' <Predicate = true> <Delay = 1.00> <CoreInst = "s_axilite">   --->   Core 112 's_axilite' <Latency = 0> <II = 1> <Delay = 1.00> <Adapter> <Opcode : 'read' 'write'>
ST_1 : Operation 25 [1/1] (1.00ns)   --->   "%weights1_read = read i64 @_ssdm_op_Read.s_axilite.i64, i64 %weights1" [../hls_files/conv_pool.cpp:54]   --->   Operation 25 'read' 'weights1_read' <Predicate = true> <Delay = 1.00> <CoreInst = "s_axilite">   --->   Core 112 's_axilite' <Latency = 0> <II = 1> <Delay = 1.00> <Adapter> <Opcode : 'read' 'write'>
ST_1 : Operation 26 [1/1] (1.00ns)   --->   "%img_in_read = read i64 @_ssdm_op_Read.s_axilite.i64, i64 %img_in" [../hls_files/conv_pool.cpp:54]   --->   Operation 26 'read' 'img_in_read' <Predicate = true> <Delay = 1.00> <CoreInst = "s_axilite">   --->   Core 112 's_axilite' <Latency = 0> <II = 1> <Delay = 1.00> <Adapter> <Opcode : 'read' 'write'>
ST_1 : Operation 27 [2/2] (0.00ns)   --->   "%call_ln111 = call void @load_img, i32 %IMGmem, i64 %img_in_read, i32 %local_img, i32 %local_img_1" [../hls_files/conv_pool.cpp:111]   --->   Operation 27 'call' 'call_ln111' <Predicate = true> <Delay = 0.00> <CoreType = "Generic">   --->   Generic Core

State 2 <SV = 1> <Delay = 0.00>
ST_2 : Operation 28 [1/2] (0.00ns)   --->   "%call_ln111 = call void @load_img, i32 %IMGmem, i64 %img_in_read, i32 %local_img, i32 %local_img_1" [../hls_files/conv_pool.cpp:111]   --->   Operation 28 'call' 'call_ln111' <Predicate = true> <Delay = 0.00> <CoreType = "Generic">   --->   Generic Core

State 3 <SV = 2> <Delay = 0.00>
ST_3 : Operation 29 [2/2] (0.00ns)   --->   "%call_ln114 = call void @conv1, i32 %W1mem, i64 %weights1_read, i32 %B1mem, i64 %bias1_read, i32 %feat1, i32 %feat1_2, i32 %feat1_3, i32 %feat1_4, i32 %local_img, i32 %local_img_1" [../hls_files/conv_pool.cpp:114]   --->   Operation 29 'call' 'call_ln114' <Predicate = true> <Delay = 0.00> <CoreType = "Generic">   --->   Generic Core

State 4 <SV = 3> <Delay = 0.00>
ST_4 : Operation 30 [1/2] (0.00ns)   --->   "%call_ln114 = call void @conv1, i32 %W1mem, i64 %weights1_read, i32 %B1mem, i64 %bias1_read, i32 %feat1, i32 %feat1_2, i32 %feat1_3, i32 %feat1_4, i32 %local_img, i32 %local_img_1" [../hls_files/conv_pool.cpp:114]   --->   Operation 30 'call' 'call_ln114' <Predicate = true> <Delay = 0.00> <CoreType = "Generic">   --->   Generic Core

State 5 <SV = 4> <Delay = 0.00>
ST_5 : Operation 31 [2/2] (0.00ns)   --->   "%call_ln117 = call void @pool1, i32 %feat1_p, i32 %feat1_p_5, i32 %feat1_p_6, i32 %feat1_p_7, i32 %feat1, i32 %feat1_2, i32 %feat1_3, i32 %feat1_4" [../hls_files/conv_pool.cpp:117]   --->   Operation 31 'call' 'call_ln117' <Predicate = true> <Delay = 0.00> <CoreType = "Generic">   --->   Generic Core

State 6 <SV = 5> <Delay = 0.00>
ST_6 : Operation 32 [1/2] (0.00ns)   --->   "%call_ln117 = call void @pool1, i32 %feat1_p, i32 %feat1_p_5, i32 %feat1_p_6, i32 %feat1_p_7, i32 %feat1, i32 %feat1_2, i32 %feat1_3, i32 %feat1_4" [../hls_files/conv_pool.cpp:117]   --->   Operation 32 'call' 'call_ln117' <Predicate = true> <Delay = 0.00> <CoreType = "Generic">   --->   Generic Core

State 7 <SV = 6> <Delay = 0.00>
ST_7 : Operation 33 [2/2] (0.00ns)   --->   "%call_ln120 = call void @conv2, i32 %W2mem, i64 %weights2_read, i32 %B2mem, i64 %bias2_read, i32 %feat1_p, i32 %feat1_p_5, i32 %feat1_p_6, i32 %feat1_p_7, i32 %feat2, i32 %feat2_10, i32 %feat2_8, i32 %feat2_9" [../hls_files/conv_pool.cpp:120]   --->   Operation 33 'call' 'call_ln120' <Predicate = true> <Delay = 0.00> <CoreType = "Generic">   --->   Generic Core

State 8 <SV = 7> <Delay = 0.00>
ST_8 : Operation 34 [1/2] (0.00ns)   --->   "%call_ln120 = call void @conv2, i32 %W2mem, i64 %weights2_read, i32 %B2mem, i64 %bias2_read, i32 %feat1_p, i32 %feat1_p_5, i32 %feat1_p_6, i32 %feat1_p_7, i32 %feat2, i32 %feat2_10, i32 %feat2_8, i32 %feat2_9" [../hls_files/conv_pool.cpp:120]   --->   Operation 34 'call' 'call_ln120' <Predicate = true> <Delay = 0.00> <CoreType = "Generic">   --->   Generic Core

State 9 <SV = 8> <Delay = 0.00>
ST_9 : Operation 35 [2/2] (0.00ns)   --->   "%call_ln123 = call void @pool2, i32 %feat2_p, i32 %feat2_p_11, i32 %feat2_p_12, i32 %feat2_p_13, i32 %feat2, i32 %feat2_8, i32 %feat2_9, i32 %feat2_10" [../hls_files/conv_pool.cpp:123]   --->   Operation 35 'call' 'call_ln123' <Predicate = true> <Delay = 0.00> <CoreType = "Generic">   --->   Generic Core

State 10 <SV = 9> <Delay = 0.00>
ST_10 : Operation 36 [1/2] (0.00ns)   --->   "%call_ln123 = call void @pool2, i32 %feat2_p, i32 %feat2_p_11, i32 %feat2_p_12, i32 %feat2_p_13, i32 %feat2, i32 %feat2_8, i32 %feat2_9, i32 %feat2_10" [../hls_files/conv_pool.cpp:123]   --->   Operation 36 'call' 'call_ln123' <Predicate = true> <Delay = 0.00> <CoreType = "Generic">   --->   Generic Core

State 11 <SV = 10> <Delay = 0.00>
ST_11 : Operation 37 [2/2] (0.00ns)   --->   "%call_ln126 = call void @flatten, i32 %feat2_p, i32 %feat2_p_11, i32 %feat2_p_12, i32 %feat2_p_13, i32 %vec1" [../hls_files/conv_pool.cpp:126]   --->   Operation 37 'call' 'call_ln126' <Predicate = true> <Delay = 0.00> <CoreType = "Generic">   --->   Generic Core

State 12 <SV = 11> <Delay = 0.00>
ST_12 : Operation 38 [1/2] (0.00ns)   --->   "%call_ln126 = call void @flatten, i32 %feat2_p, i32 %feat2_p_11, i32 %feat2_p_12, i32 %feat2_p_13, i32 %vec1" [../hls_files/conv_pool.cpp:126]   --->   Operation 38 'call' 'call_ln126' <Predicate = true> <Delay = 0.00> <CoreType = "Generic">   --->   Generic Core

State 13 <SV = 12> <Delay = 7.30>
ST_13 : Operation 39 [2/2] (7.30ns)   --->   "%call_ln129 = call void @fc1, i32 %W3mem, i64 %FC1_W_read, i32 %B3mem, i64 %FC1_B_read, i32 %vec1, i32 %vec2, i58 %table_exp_Z1_ap_ufixed_58_1_ap_q_mode_5_ap_o_mode_3_0_array, i26 %table_f_Z3_ap_ufixed_59_0_ap_q_mode_5_ap_o_mode_3_0_array, i42 %table_f_Z2_ap_ufixed_59_0_ap_q_mode_5_ap_o_mode_3_0_array" [../hls_files/conv_pool.cpp:129]   --->   Operation 39 'call' 'call_ln129' <Predicate = true> <Delay = 7.30> <CoreType = "Generic">   --->   Generic Core

State 14 <SV = 13> <Delay = 0.00>
ST_14 : Operation 40 [1/2] (0.00ns)   --->   "%call_ln129 = call void @fc1, i32 %W3mem, i64 %FC1_W_read, i32 %B3mem, i64 %FC1_B_read, i32 %vec1, i32 %vec2, i58 %table_exp_Z1_ap_ufixed_58_1_ap_q_mode_5_ap_o_mode_3_0_array, i26 %table_f_Z3_ap_ufixed_59_0_ap_q_mode_5_ap_o_mode_3_0_array, i42 %table_f_Z2_ap_ufixed_59_0_ap_q_mode_5_ap_o_mode_3_0_array" [../hls_files/conv_pool.cpp:129]   --->   Operation 40 'call' 'call_ln129' <Predicate = true> <Delay = 0.00> <CoreType = "Generic">   --->   Generic Core

State 15 <SV = 14> <Delay = 7.30>
ST_15 : Operation 41 [2/2] (7.30ns)   --->   "%call_ln132 = call void @fc2, i64 %FC2_B_read, i32 %B4mem, i32 %W4mem, i64 %FC2_W_read, i8 %Foutmem, i64 %flag_out_read, i32 %vec2" [../hls_files/conv_pool.cpp:132]   --->   Operation 41 'call' 'call_ln132' <Predicate = true> <Delay = 7.30> <CoreType = "Generic">   --->   Generic Core

State 16 <SV = 15> <Delay = 0.00>
ST_16 : Operation 42 [1/1] (0.00ns)   --->   "%specdataflowpipeline_ln108 = specdataflowpipeline void @_ssdm_op_SpecDataflowPipeline, i32 4294967295, i32 0, void @empty_17" [../hls_files/conv_pool.cpp:108]   --->   Operation 42 'specdataflowpipeline' 'specdataflowpipeline_ln108' <Predicate = true> <Delay = 0.00>
ST_16 : Operation 43 [1/1] (0.00ns)   --->   "%spectopmodule_ln52 = spectopmodule void @_ssdm_op_SpecTopModule, void @empty_27" [../hls_files/conv_pool.cpp:52]   --->   Operation 43 'spectopmodule' 'spectopmodule_ln52' <Predicate = true> <Delay = 0.00>
ST_16 : Operation 44 [1/1] (0.00ns)   --->   "%specinterface_ln0 = specinterface void @_ssdm_op_SpecInterface, i32 %IMGmem, void @empty_0, i32 0, i32 0, void @empty_17, i32 0, i32 230400, void @empty_9, void @empty_10, void @empty_17, i32 16, i32 16, i32 16, i32 16, void @empty_17, void @empty_17, i32 4294967295, i32 0, i32 0"   --->   Operation 44 'specinterface' 'specinterface_ln0' <Predicate = true> <Delay = 0.00>
ST_16 : Operation 45 [1/1] (0.00ns)   --->   "%specbitsmap_ln0 = specbitsmap void @_ssdm_op_SpecBitsMap, i32 %IMGmem"   --->   Operation 45 'specbitsmap' 'specbitsmap_ln0' <Predicate = true> <Delay = 0.00>
ST_16 : Operation 46 [1/1] (0.00ns)   --->   "%specinterface_ln0 = specinterface void @_ssdm_op_SpecInterface, i32 %W1mem, void @empty_0, i32 0, i32 0, void @empty_17, i32 0, i32 216, void @empty_3, void @empty_10, void @empty_17, i32 16, i32 16, i32 16, i32 16, void @empty_17, void @empty_17, i32 4294967295, i32 0, i32 0"   --->   Operation 46 'specinterface' 'specinterface_ln0' <Predicate = true> <Delay = 0.00>
ST_16 : Operation 47 [1/1] (0.00ns)   --->   "%specbitsmap_ln0 = specbitsmap void @_ssdm_op_SpecBitsMap, i32 %W1mem"   --->   Operation 47 'specbitsmap' 'specbitsmap_ln0' <Predicate = true> <Delay = 0.00>
ST_16 : Operation 48 [1/1] (0.00ns)   --->   "%specinterface_ln0 = specinterface void @_ssdm_op_SpecInterface, i32 %B1mem, void @empty_0, i32 0, i32 0, void @empty_17, i32 0, i32 8, void @empty_11, void @empty_10, void @empty_17, i32 16, i32 16, i32 16, i32 16, void @empty_17, void @empty_17, i32 4294967295, i32 0, i32 0"   --->   Operation 48 'specinterface' 'specinterface_ln0' <Predicate = true> <Delay = 0.00>
ST_16 : Operation 49 [1/1] (0.00ns)   --->   "%specbitsmap_ln0 = specbitsmap void @_ssdm_op_SpecBitsMap, i32 %B1mem"   --->   Operation 49 'specbitsmap' 'specbitsmap_ln0' <Predicate = true> <Delay = 0.00>
ST_16 : Operation 50 [1/1] (0.00ns)   --->   "%specinterface_ln0 = specinterface void @_ssdm_op_SpecInterface, i32 %W2mem, void @empty_0, i32 0, i32 0, void @empty_17, i32 0, i32 1152, void @empty_12, void @empty_10, void @empty_17, i32 16, i32 16, i32 16, i32 16, void @empty_17, void @empty_17, i32 4294967295, i32 0, i32 0"   --->   Operation 50 'specinterface' 'specinterface_ln0' <Predicate = true> <Delay = 0.00>
ST_16 : Operation 51 [1/1] (0.00ns)   --->   "%specbitsmap_ln0 = specbitsmap void @_ssdm_op_SpecBitsMap, i32 %W2mem"   --->   Operation 51 'specbitsmap' 'specbitsmap_ln0' <Predicate = true> <Delay = 0.00>
ST_16 : Operation 52 [1/1] (0.00ns)   --->   "%specinterface_ln0 = specinterface void @_ssdm_op_SpecInterface, i32 %B2mem, void @empty_0, i32 0, i32 0, void @empty_17, i32 0, i32 16, void @empty_13, void @empty_10, void @empty_17, i32 16, i32 16, i32 16, i32 16, void @empty_17, void @empty_17, i32 4294967295, i32 0, i32 0"   --->   Operation 52 'specinterface' 'specinterface_ln0' <Predicate = true> <Delay = 0.00>
ST_16 : Operation 53 [1/1] (0.00ns)   --->   "%specbitsmap_ln0 = specbitsmap void @_ssdm_op_SpecBitsMap, i32 %B2mem"   --->   Operation 53 'specbitsmap' 'specbitsmap_ln0' <Predicate = true> <Delay = 0.00>
ST_16 : Operation 54 [1/1] (0.00ns)   --->   "%specinterface_ln0 = specinterface void @_ssdm_op_SpecInterface, i32 %W3mem, void @empty_0, i32 0, i32 0, void @empty_17, i32 0, i32 2316288, void @empty_14, void @empty_10, void @empty_17, i32 16, i32 16, i32 16, i32 16, void @empty_17, void @empty_17, i32 4294967295, i32 0, i32 0"   --->   Operation 54 'specinterface' 'specinterface_ln0' <Predicate = true> <Delay = 0.00>
ST_16 : Operation 55 [1/1] (0.00ns)   --->   "%specbitsmap_ln0 = specbitsmap void @_ssdm_op_SpecBitsMap, i32 %W3mem"   --->   Operation 55 'specbitsmap' 'specbitsmap_ln0' <Predicate = true> <Delay = 0.00>
ST_16 : Operation 56 [1/1] (0.00ns)   --->   "%specinterface_ln0 = specinterface void @_ssdm_op_SpecInterface, i32 %B3mem, void @empty_0, i32 0, i32 0, void @empty_17, i32 0, i32 32, void @empty_15, void @empty_10, void @empty_17, i32 16, i32 16, i32 16, i32 16, void @empty_17, void @empty_17, i32 4294967295, i32 0, i32 0"   --->   Operation 56 'specinterface' 'specinterface_ln0' <Predicate = true> <Delay = 0.00>
ST_16 : Operation 57 [1/1] (0.00ns)   --->   "%specbitsmap_ln0 = specbitsmap void @_ssdm_op_SpecBitsMap, i32 %B3mem"   --->   Operation 57 'specbitsmap' 'specbitsmap_ln0' <Predicate = true> <Delay = 0.00>
ST_16 : Operation 58 [1/1] (0.00ns)   --->   "%specinterface_ln0 = specinterface void @_ssdm_op_SpecInterface, i32 %W4mem, void @empty_0, i32 0, i32 0, void @empty_17, i32 0, i32 32, void @empty_16, void @empty_10, void @empty_17, i32 16, i32 16, i32 16, i32 16, void @empty_17, void @empty_17, i32 4294967295, i32 0, i32 0"   --->   Operation 58 'specinterface' 'specinterface_ln0' <Predicate = true> <Delay = 0.00>
ST_16 : Operation 59 [1/1] (0.00ns)   --->   "%specbitsmap_ln0 = specbitsmap void @_ssdm_op_SpecBitsMap, i32 %W4mem"   --->   Operation 59 'specbitsmap' 'specbitsmap_ln0' <Predicate = true> <Delay = 0.00>
ST_16 : Operation 60 [1/1] (0.00ns)   --->   "%specinterface_ln0 = specinterface void @_ssdm_op_SpecInterface, i32 %B4mem, void @empty_0, i32 0, i32 0, void @empty_17, i32 0, i32 1, void @empty_7, void @empty_10, void @empty_17, i32 16, i32 16, i32 16, i32 16, void @empty_17, void @empty_17, i32 4294967295, i32 0, i32 0"   --->   Operation 60 'specinterface' 'specinterface_ln0' <Predicate = true> <Delay = 0.00>
ST_16 : Operation 61 [1/1] (0.00ns)   --->   "%specbitsmap_ln0 = specbitsmap void @_ssdm_op_SpecBitsMap, i32 %B4mem"   --->   Operation 61 'specbitsmap' 'specbitsmap_ln0' <Predicate = true> <Delay = 0.00>
ST_16 : Operation 62 [1/1] (0.00ns)   --->   "%specinterface_ln0 = specinterface void @_ssdm_op_SpecInterface, i8 %Foutmem, void @empty_0, i32 0, i32 0, void @empty_17, i32 0, i32 1, void @empty_18, void @empty_10, void @empty_17, i32 16, i32 16, i32 16, i32 16, void @empty_17, void @empty_17, i32 4294967295, i32 0, i32 0"   --->   Operation 62 'specinterface' 'specinterface_ln0' <Predicate = true> <Delay = 0.00>
ST_16 : Operation 63 [1/1] (0.00ns)   --->   "%specbitsmap_ln0 = specbitsmap void @_ssdm_op_SpecBitsMap, i8 %Foutmem"   --->   Operation 63 'specbitsmap' 'specbitsmap_ln0' <Predicate = true> <Delay = 0.00>
ST_16 : Operation 64 [1/1] (0.00ns)   --->   "%specinterface_ln0 = specinterface void @_ssdm_op_SpecInterface, i64 %img_in, void @empty_2, i32 4294967295, i32 4294967295, void @empty_19, i32 0, i32 0, void @empty_21, void @empty_20, void @empty_17, i32 0, i32 0, i32 0, i32 0, void @empty_17, void @empty_22, i32 4294967295, i32 0, i32 0"   --->   Operation 64 'specinterface' 'specinterface_ln0' <Predicate = true> <Delay = 0.00>
ST_16 : Operation 65 [1/1] (0.00ns)   --->   "%specinterface_ln0 = specinterface void @_ssdm_op_SpecInterface, i64 %img_in, void @empty_23, i32 4294967295, i32 4294967295, void @empty_17, i32 0, i32 0, void @empty_17, void @empty_17, void @empty_17, i32 0, i32 0, i32 0, i32 0, void @empty_17, void @empty_22, i32 4294967295, i32 0, i32 0"   --->   Operation 65 'specinterface' 'specinterface_ln0' <Predicate = true> <Delay = 0.00>
ST_16 : Operation 66 [1/1] (0.00ns)   --->   "%specinterface_ln0 = specinterface void @_ssdm_op_SpecInterface, i64 %weights1, void @empty_2, i32 4294967295, i32 4294967295, void @empty_19, i32 0, i32 0, void @empty_21, void @empty_25, void @empty_17, i32 0, i32 0, i32 0, i32 0, void @empty_17, void @empty_22, i32 4294967295, i32 0, i32 0"   --->   Operation 66 'specinterface' 'specinterface_ln0' <Predicate = true> <Delay = 0.00>
ST_16 : Operation 67 [1/1] (0.00ns)   --->   "%specinterface_ln0 = specinterface void @_ssdm_op_SpecInterface, i64 %weights1, void @empty_23, i32 4294967295, i32 4294967295, void @empty_17, i32 0, i32 0, void @empty_17, void @empty_17, void @empty_17, i32 0, i32 0, i32 0, i32 0, void @empty_17, void @empty_22, i32 4294967295, i32 0, i32 0"   --->   Operation 67 'specinterface' 'specinterface_ln0' <Predicate = true> <Delay = 0.00>
ST_16 : Operation 68 [1/1] (0.00ns)   --->   "%specinterface_ln0 = specinterface void @_ssdm_op_SpecInterface, i64 %bias1, void @empty_2, i32 4294967295, i32 4294967295, void @empty_19, i32 0, i32 0, void @empty_21, void @empty_26, void @empty_17, i32 0, i32 0, i32 0, i32 0, void @empty_17, void @empty_22, i32 4294967295, i32 0, i32 0"   --->   Operation 68 'specinterface' 'specinterface_ln0' <Predicate = true> <Delay = 0.00>
ST_16 : Operation 69 [1/1] (0.00ns)   --->   "%specinterface_ln0 = specinterface void @_ssdm_op_SpecInterface, i64 %bias1, void @empty_23, i32 4294967295, i32 4294967295, void @empty_17, i32 0, i32 0, void @empty_17, void @empty_17, void @empty_17, i32 0, i32 0, i32 0, i32 0, void @empty_17, void @empty_22, i32 4294967295, i32 0, i32 0"   --->   Operation 69 'specinterface' 'specinterface_ln0' <Predicate = true> <Delay = 0.00>
ST_16 : Operation 70 [1/1] (0.00ns)   --->   "%specinterface_ln0 = specinterface void @_ssdm_op_SpecInterface, i64 %weights2, void @empty_2, i32 4294967295, i32 4294967295, void @empty_19, i32 0, i32 0, void @empty_21, void @empty_1, void @empty_17, i32 0, i32 0, i32 0, i32 0, void @empty_17, void @empty_22, i32 4294967295, i32 0, i32 0"   --->   Operation 70 'specinterface' 'specinterface_ln0' <Predicate = true> <Delay = 0.00>
ST_16 : Operation 71 [1/1] (0.00ns)   --->   "%specinterface_ln0 = specinterface void @_ssdm_op_SpecInterface, i64 %weights2, void @empty_23, i32 4294967295, i32 4294967295, void @empty_17, i32 0, i32 0, void @empty_17, void @empty_17, void @empty_17, i32 0, i32 0, i32 0, i32 0, void @empty_17, void @empty_22, i32 4294967295, i32 0, i32 0"   --->   Operation 71 'specinterface' 'specinterface_ln0' <Predicate = true> <Delay = 0.00>
ST_16 : Operation 72 [1/1] (0.00ns)   --->   "%specinterface_ln0 = specinterface void @_ssdm_op_SpecInterface, i64 %bias2, void @empty_2, i32 4294967295, i32 4294967295, void @empty_19, i32 0, i32 0, void @empty_21, void @empty_24, void @empty_17, i32 0, i32 0, i32 0, i32 0, void @empty_17, void @empty_22, i32 4294967295, i32 0, i32 0"   --->   Operation 72 'specinterface' 'specinterface_ln0' <Predicate = true> <Delay = 0.00>
ST_16 : Operation 73 [1/1] (0.00ns)   --->   "%specinterface_ln0 = specinterface void @_ssdm_op_SpecInterface, i64 %bias2, void @empty_23, i32 4294967295, i32 4294967295, void @empty_17, i32 0, i32 0, void @empty_17, void @empty_17, void @empty_17, i32 0, i32 0, i32 0, i32 0, void @empty_17, void @empty_22, i32 4294967295, i32 0, i32 0"   --->   Operation 73 'specinterface' 'specinterface_ln0' <Predicate = true> <Delay = 0.00>
ST_16 : Operation 74 [1/1] (0.00ns)   --->   "%specinterface_ln0 = specinterface void @_ssdm_op_SpecInterface, i64 %FC1_W, void @empty_2, i32 4294967295, i32 4294967295, void @empty_19, i32 0, i32 0, void @empty_21, void @empty_28, void @empty_17, i32 0, i32 0, i32 0, i32 0, void @empty_17, void @empty_22, i32 4294967295, i32 0, i32 0"   --->   Operation 74 'specinterface' 'specinterface_ln0' <Predicate = true> <Delay = 0.00>
ST_16 : Operation 75 [1/1] (0.00ns)   --->   "%specinterface_ln0 = specinterface void @_ssdm_op_SpecInterface, i64 %FC1_W, void @empty_23, i32 4294967295, i32 4294967295, void @empty_17, i32 0, i32 0, void @empty_17, void @empty_17, void @empty_17, i32 0, i32 0, i32 0, i32 0, void @empty_17, void @empty_22, i32 4294967295, i32 0, i32 0"   --->   Operation 75 'specinterface' 'specinterface_ln0' <Predicate = true> <Delay = 0.00>
ST_16 : Operation 76 [1/1] (0.00ns)   --->   "%specinterface_ln0 = specinterface void @_ssdm_op_SpecInterface, i64 %FC1_B, void @empty_2, i32 4294967295, i32 4294967295, void @empty_19, i32 0, i32 0, void @empty_21, void @empty_29, void @empty_17, i32 0, i32 0, i32 0, i32 0, void @empty_17, void @empty_22, i32 4294967295, i32 0, i32 0"   --->   Operation 76 'specinterface' 'specinterface_ln0' <Predicate = true> <Delay = 0.00>
ST_16 : Operation 77 [1/1] (0.00ns)   --->   "%specinterface_ln0 = specinterface void @_ssdm_op_SpecInterface, i64 %FC1_B, void @empty_23, i32 4294967295, i32 4294967295, void @empty_17, i32 0, i32 0, void @empty_17, void @empty_17, void @empty_17, i32 0, i32 0, i32 0, i32 0, void @empty_17, void @empty_22, i32 4294967295, i32 0, i32 0"   --->   Operation 77 'specinterface' 'specinterface_ln0' <Predicate = true> <Delay = 0.00>
ST_16 : Operation 78 [1/1] (0.00ns)   --->   "%specinterface_ln0 = specinterface void @_ssdm_op_SpecInterface, i64 %FC2_W, void @empty_2, i32 4294967295, i32 4294967295, void @empty_19, i32 0, i32 0, void @empty_21, void @empty_30, void @empty_17, i32 0, i32 0, i32 0, i32 0, void @empty_17, void @empty_22, i32 4294967295, i32 0, i32 0"   --->   Operation 78 'specinterface' 'specinterface_ln0' <Predicate = true> <Delay = 0.00>
ST_16 : Operation 79 [1/1] (0.00ns)   --->   "%specinterface_ln0 = specinterface void @_ssdm_op_SpecInterface, i64 %FC2_W, void @empty_23, i32 4294967295, i32 4294967295, void @empty_17, i32 0, i32 0, void @empty_17, void @empty_17, void @empty_17, i32 0, i32 0, i32 0, i32 0, void @empty_17, void @empty_22, i32 4294967295, i32 0, i32 0"   --->   Operation 79 'specinterface' 'specinterface_ln0' <Predicate = true> <Delay = 0.00>
ST_16 : Operation 80 [1/1] (0.00ns)   --->   "%specinterface_ln0 = specinterface void @_ssdm_op_SpecInterface, i64 %FC2_B, void @empty_2, i32 4294967295, i32 4294967295, void @empty_19, i32 0, i32 0, void @empty_21, void @empty_31, void @empty_17, i32 0, i32 0, i32 0, i32 0, void @empty_17, void @empty_22, i32 4294967295, i32 0, i32 0"   --->   Operation 80 'specinterface' 'specinterface_ln0' <Predicate = true> <Delay = 0.00>
ST_16 : Operation 81 [1/1] (0.00ns)   --->   "%specinterface_ln0 = specinterface void @_ssdm_op_SpecInterface, i64 %FC2_B, void @empty_23, i32 4294967295, i32 4294967295, void @empty_17, i32 0, i32 0, void @empty_17, void @empty_17, void @empty_17, i32 0, i32 0, i32 0, i32 0, void @empty_17, void @empty_22, i32 4294967295, i32 0, i32 0"   --->   Operation 81 'specinterface' 'specinterface_ln0' <Predicate = true> <Delay = 0.00>
ST_16 : Operation 82 [1/1] (0.00ns)   --->   "%specinterface_ln0 = specinterface void @_ssdm_op_SpecInterface, i64 %flag_out, void @empty_2, i32 4294967295, i32 4294967295, void @empty_19, i32 0, i32 0, void @empty_21, void @empty, void @empty_17, i32 0, i32 0, i32 0, i32 0, void @empty_17, void @empty_22, i32 4294967295, i32 0, i32 0"   --->   Operation 82 'specinterface' 'specinterface_ln0' <Predicate = true> <Delay = 0.00>
ST_16 : Operation 83 [1/1] (0.00ns)   --->   "%specinterface_ln0 = specinterface void @_ssdm_op_SpecInterface, i64 %flag_out, void @empty_23, i32 4294967295, i32 4294967295, void @empty_17, i32 0, i32 0, void @empty_17, void @empty_17, void @empty_17, i32 0, i32 0, i32 0, i32 0, void @empty_17, void @empty_22, i32 4294967295, i32 0, i32 0"   --->   Operation 83 'specinterface' 'specinterface_ln0' <Predicate = true> <Delay = 0.00>
ST_16 : Operation 84 [1/1] (0.00ns)   --->   "%specbitsmap_ln0 = specbitsmap void @_ssdm_op_SpecBitsMap, i32 %ctrl"   --->   Operation 84 'specbitsmap' 'specbitsmap_ln0' <Predicate = true> <Delay = 0.00>
ST_16 : Operation 85 [1/1] (0.00ns)   --->   "%specinterface_ln0 = specinterface void @_ssdm_op_SpecInterface, i32 %ctrl, void @empty_2, i32 4294967295, i32 4294967295, void @empty_19, i32 0, i32 0, void @empty_21, void @empty_8, void @empty_17, i32 0, i32 0, i32 0, i32 0, void @empty_17, void @empty_17, i32 4294967295, i32 0, i32 0"   --->   Operation 85 'specinterface' 'specinterface_ln0' <Predicate = true> <Delay = 0.00>
ST_16 : Operation 86 [1/1] (0.00ns)   --->   "%specinterface_ln0 = specinterface void @_ssdm_op_SpecInterface, i32 %ctrl, void @empty_23, i32 4294967295, i32 4294967295, void @empty_17, i32 0, i32 0, void @empty_17, void @empty_17, void @empty_17, i32 0, i32 0, i32 0, i32 0, void @empty_17, void @empty_17, i32 4294967295, i32 0, i32 0"   --->   Operation 86 'specinterface' 'specinterface_ln0' <Predicate = true> <Delay = 0.00>
ST_16 : Operation 87 [1/1] (0.00ns)   --->   "%specinterface_ln0 = specinterface void @_ssdm_op_SpecInterface, i32 0, void @empty_2, i32 0, i32 0, void @empty_17, i32 0, i32 0, void @empty_21, void @empty_17, void @empty_17, i32 0, i32 0, i32 0, i32 0, void @empty_17, void @empty_17, i32 4294967295, i32 0, i32 0"   --->   Operation 87 'specinterface' 'specinterface_ln0' <Predicate = true> <Delay = 0.00>
ST_16 : Operation 88 [1/2] (0.00ns)   --->   "%call_ln132 = call void @fc2, i64 %FC2_B_read, i32 %B4mem, i32 %W4mem, i64 %FC2_W_read, i8 %Foutmem, i64 %flag_out_read, i32 %vec2" [../hls_files/conv_pool.cpp:132]   --->   Operation 88 'call' 'call_ln132' <Predicate = true> <Delay = 0.00> <CoreType = "Generic">   --->   Generic Core
ST_16 : Operation 89 [1/1] (0.00ns)   --->   "%ret_ln133 = ret" [../hls_files/conv_pool.cpp:133]   --->   Operation 89 'ret' 'ret_ln133' <Predicate = true> <Delay = 0.00>


============================================================
+ Verbose Summary: Binding
============================================================
STG Binding: 
---------------- STG Properties BEGIN ----------------
- Is combinational: 0
- Is one-state seq: 0
- Is datapath-only: 0
- Is pipelined: 0
- Is top level: 1
Port [ Return ] is wired: 1; IO mode=ap_ctrl_hs:ce=0
Port [ IMGmem]:  wired=1; compound=1; hidden=0; nouse=0; global=0; static=0; extern=0; dir=0; type=4; pingpong=0; private_global=0; IO mode=m_axi:ce=0
Port [ W1mem]:  wired=1; compound=1; hidden=0; nouse=0; global=0; static=0; extern=0; dir=0; type=4; pingpong=0; private_global=0; IO mode=m_axi:ce=0
Port [ B1mem]:  wired=1; compound=1; hidden=0; nouse=0; global=0; static=0; extern=0; dir=0; type=4; pingpong=0; private_global=0; IO mode=m_axi:ce=0
Port [ W2mem]:  wired=1; compound=1; hidden=0; nouse=0; global=0; static=0; extern=0; dir=0; type=4; pingpong=0; private_global=0; IO mode=m_axi:ce=0
Port [ B2mem]:  wired=1; compound=1; hidden=0; nouse=0; global=0; static=0; extern=0; dir=0; type=4; pingpong=0; private_global=0; IO mode=m_axi:ce=0
Port [ W3mem]:  wired=1; compound=1; hidden=0; nouse=0; global=0; static=0; extern=0; dir=0; type=4; pingpong=0; private_global=0; IO mode=m_axi:ce=0
Port [ B3mem]:  wired=1; compound=1; hidden=0; nouse=0; global=0; static=0; extern=0; dir=0; type=4; pingpong=0; private_global=0; IO mode=m_axi:ce=0
Port [ W4mem]:  wired=1; compound=1; hidden=0; nouse=0; global=0; static=0; extern=0; dir=0; type=4; pingpong=0; private_global=0; IO mode=m_axi:ce=0
Port [ B4mem]:  wired=1; compound=1; hidden=0; nouse=0; global=0; static=0; extern=0; dir=0; type=4; pingpong=0; private_global=0; IO mode=m_axi:ce=0
Port [ Foutmem]:  wired=1; compound=1; hidden=0; nouse=0; global=0; static=0; extern=0; dir=1; type=4; pingpong=0; private_global=0; IO mode=m_axi:ce=0
Port [ img_in]:  wired=1; compound=0; hidden=0; nouse=0; global=0; static=0; extern=0; dir=0; type=0; pingpong=0; private_global=0; IO mode=ap_none:ce=0
Port [ weights1]:  wired=1; compound=0; hidden=0; nouse=0; global=0; static=0; extern=0; dir=0; type=0; pingpong=0; private_global=0; IO mode=ap_none:ce=0
Port [ bias1]:  wired=1; compound=0; hidden=0; nouse=0; global=0; static=0; extern=0; dir=0; type=0; pingpong=0; private_global=0; IO mode=ap_none:ce=0
Port [ weights2]:  wired=1; compound=0; hidden=0; nouse=0; global=0; static=0; extern=0; dir=0; type=0; pingpong=0; private_global=0; IO mode=ap_none:ce=0
Port [ bias2]:  wired=1; compound=0; hidden=0; nouse=0; global=0; static=0; extern=0; dir=0; type=0; pingpong=0; private_global=0; IO mode=ap_none:ce=0
Port [ FC1_W]:  wired=1; compound=0; hidden=0; nouse=0; global=0; static=0; extern=0; dir=0; type=0; pingpong=0; private_global=0; IO mode=ap_none:ce=0
Port [ FC1_B]:  wired=1; compound=0; hidden=0; nouse=0; global=0; static=0; extern=0; dir=0; type=0; pingpong=0; private_global=0; IO mode=ap_none:ce=0
Port [ FC2_W]:  wired=1; compound=0; hidden=0; nouse=0; global=0; static=0; extern=0; dir=0; type=0; pingpong=0; private_global=0; IO mode=ap_none:ce=0
Port [ FC2_B]:  wired=1; compound=0; hidden=0; nouse=0; global=0; static=0; extern=0; dir=0; type=0; pingpong=0; private_global=0; IO mode=ap_none:ce=0
Port [ flag_out]:  wired=1; compound=0; hidden=0; nouse=0; global=0; static=0; extern=0; dir=0; type=0; pingpong=0; private_global=0; IO mode=ap_none:ce=0
Port [ ctrl]:  wired=1; compound=0; hidden=0; nouse=1; global=0; static=0; extern=0; dir=0; type=0; pingpong=0; private_global=0; IO mode=ap_none:ce=0
Port [ local_img]:  wired=0; compound=1; hidden=1; nouse=0; global=1; static=1; extern=0; dir=2; type=1; pingpong=0; private_global=1; MemPort=[21]; IO mode=ap_memory:ce=0
Port [ local_img_1]:  wired=0; compound=1; hidden=1; nouse=0; global=1; static=1; extern=0; dir=2; type=1; pingpong=0; private_global=1; MemPort=[21]; IO mode=ap_memory:ce=0
Port [ feat1]:  wired=0; compound=1; hidden=1; nouse=0; global=1; static=1; extern=0; dir=2; type=1; pingpong=0; private_global=1; MemPort=[21]; IO mode=ap_memory:ce=0
Port [ feat1_2]:  wired=0; compound=1; hidden=1; nouse=0; global=1; static=1; extern=0; dir=2; type=1; pingpong=0; private_global=1; MemPort=[21]; IO mode=ap_memory:ce=0
Port [ feat1_3]:  wired=0; compound=1; hidden=1; nouse=0; global=1; static=1; extern=0; dir=2; type=1; pingpong=0; private_global=1; MemPort=[21]; IO mode=ap_memory:ce=0
Port [ feat1_4]:  wired=0; compound=1; hidden=1; nouse=0; global=1; static=1; extern=0; dir=2; type=1; pingpong=0; private_global=1; MemPort=[21]; IO mode=ap_memory:ce=0
Port [ feat1_p]:  wired=0; compound=1; hidden=1; nouse=0; global=1; static=1; extern=0; dir=2; type=1; pingpong=0; private_global=1; MemPort=[21]; IO mode=ap_memory:ce=0
Port [ feat1_p_5]:  wired=0; compound=1; hidden=1; nouse=0; global=1; static=1; extern=0; dir=2; type=1; pingpong=0; private_global=1; MemPort=[21]; IO mode=ap_memory:ce=0
Port [ feat1_p_6]:  wired=0; compound=1; hidden=1; nouse=0; global=1; static=1; extern=0; dir=2; type=1; pingpong=0; private_global=1; MemPort=[21]; IO mode=ap_memory:ce=0
Port [ feat1_p_7]:  wired=0; compound=1; hidden=1; nouse=0; global=1; static=1; extern=0; dir=2; type=1; pingpong=0; private_global=1; MemPort=[21]; IO mode=ap_memory:ce=0
Port [ feat2]:  wired=0; compound=1; hidden=1; nouse=0; global=1; static=1; extern=0; dir=2; type=1; pingpong=0; private_global=1; MemPort=[21]; IO mode=ap_memory:ce=0
Port [ feat2_10]:  wired=0; compound=1; hidden=1; nouse=0; global=1; static=1; extern=0; dir=2; type=1; pingpong=0; private_global=1; MemPort=[21]; IO mode=ap_memory:ce=0
Port [ feat2_8]:  wired=0; compound=1; hidden=1; nouse=0; global=1; static=1; extern=0; dir=2; type=1; pingpong=0; private_global=1; MemPort=[21]; IO mode=ap_memory:ce=0
Port [ feat2_9]:  wired=0; compound=1; hidden=1; nouse=0; global=1; static=1; extern=0; dir=2; type=1; pingpong=0; private_global=1; MemPort=[21]; IO mode=ap_memory:ce=0
Port [ feat2_p]:  wired=0; compound=1; hidden=1; nouse=0; global=1; static=1; extern=0; dir=2; type=1; pingpong=0; private_global=1; MemPort=[23]; IO mode=ap_memory:ce=0
Port [ feat2_p_11]:  wired=0; compound=1; hidden=1; nouse=0; global=1; static=1; extern=0; dir=2; type=1; pingpong=0; private_global=1; MemPort=[23]; IO mode=ap_memory:ce=0
Port [ feat2_p_12]:  wired=0; compound=1; hidden=1; nouse=0; global=1; static=1; extern=0; dir=2; type=1; pingpong=0; private_global=1; MemPort=[23]; IO mode=ap_memory:ce=0
Port [ feat2_p_13]:  wired=0; compound=1; hidden=1; nouse=0; global=1; static=1; extern=0; dir=2; type=1; pingpong=0; private_global=1; MemPort=[23]; IO mode=ap_memory:ce=0
Port [ vec1]:  wired=0; compound=1; hidden=1; nouse=0; global=1; static=1; extern=0; dir=2; type=1; pingpong=0; private_global=1; MemPort=[23]; IO mode=ap_memory:ce=0
Port [ table_exp_Z1_ap_ufixed_58_1_ap_q_mode_5_ap_o_mode_3_0_array]:  wired=0; compound=1; hidden=1; nouse=1; global=1; static=1; extern=0; dir=0; type=1; pingpong=0; private_global=0; MemPort=[1]; IO mode=ap_memory:ce=0
Port [ table_f_Z3_ap_ufixed_59_0_ap_q_mode_5_ap_o_mode_3_0_array]:  wired=0; compound=1; hidden=1; nouse=1; global=1; static=1; extern=0; dir=0; type=1; pingpong=0; private_global=0; MemPort=[11]; IO mode=ap_memory:ce=0
Port [ table_f_Z2_ap_ufixed_59_0_ap_q_mode_5_ap_o_mode_3_0_array]:  wired=0; compound=1; hidden=1; nouse=1; global=1; static=1; extern=0; dir=0; type=1; pingpong=0; private_global=0; MemPort=[1]; IO mode=ap_memory:ce=0
Port [ vec2]:  wired=0; compound=1; hidden=1; nouse=0; global=1; static=1; extern=0; dir=2; type=1; pingpong=0; private_global=1; MemPort=[23]; IO mode=ap_memory:ce=0
---------------- STG Properties END ------------------

---------------- Datapath Model BEGIN ----------------

<LifeTime>
<method=bitvector/>
flag_out_read              (read                ) [ 00111111111111111]
FC2_B_read                 (read                ) [ 00111111111111111]
FC2_W_read                 (read                ) [ 00111111111111111]
FC1_B_read                 (read                ) [ 00111111111111100]
FC1_W_read                 (read                ) [ 00111111111111100]
bias2_read                 (read                ) [ 00111111100000000]
weights2_read              (read                ) [ 00111111100000000]
bias1_read                 (read                ) [ 00111000000000000]
weights1_read              (read                ) [ 00111000000000000]
img_in_read                (read                ) [ 00100000000000000]
call_ln111                 (call                ) [ 00000000000000000]
call_ln114                 (call                ) [ 00000000000000000]
call_ln117                 (call                ) [ 00000000000000000]
call_ln120                 (call                ) [ 00000000000000000]
call_ln123                 (call                ) [ 00000000000000000]
call_ln126                 (call                ) [ 00000000000000000]
call_ln129                 (call                ) [ 00000000000000000]
specdataflowpipeline_ln108 (specdataflowpipeline) [ 00000000000000000]
spectopmodule_ln52         (spectopmodule       ) [ 00000000000000000]
specinterface_ln0          (specinterface       ) [ 00000000000000000]
specbitsmap_ln0            (specbitsmap         ) [ 00000000000000000]
specinterface_ln0          (specinterface       ) [ 00000000000000000]
specbitsmap_ln0            (specbitsmap         ) [ 00000000000000000]
specinterface_ln0          (specinterface       ) [ 00000000000000000]
specbitsmap_ln0            (specbitsmap         ) [ 00000000000000000]
specinterface_ln0          (specinterface       ) [ 00000000000000000]
specbitsmap_ln0            (specbitsmap         ) [ 00000000000000000]
specinterface_ln0          (specinterface       ) [ 00000000000000000]
specbitsmap_ln0            (specbitsmap         ) [ 00000000000000000]
specinterface_ln0          (specinterface       ) [ 00000000000000000]
specbitsmap_ln0            (specbitsmap         ) [ 00000000000000000]
specinterface_ln0          (specinterface       ) [ 00000000000000000]
specbitsmap_ln0            (specbitsmap         ) [ 00000000000000000]
specinterface_ln0          (specinterface       ) [ 00000000000000000]
specbitsmap_ln0            (specbitsmap         ) [ 00000000000000000]
specinterface_ln0          (specinterface       ) [ 00000000000000000]
specbitsmap_ln0            (specbitsmap         ) [ 00000000000000000]
specinterface_ln0          (specinterface       ) [ 00000000000000000]
specbitsmap_ln0            (specbitsmap         ) [ 00000000000000000]
specinterface_ln0          (specinterface       ) [ 00000000000000000]
specinterface_ln0          (specinterface       ) [ 00000000000000000]
specinterface_ln0          (specinterface       ) [ 00000000000000000]
specinterface_ln0          (specinterface       ) [ 00000000000000000]
specinterface_ln0          (specinterface       ) [ 00000000000000000]
specinterface_ln0          (specinterface       ) [ 00000000000000000]
specinterface_ln0          (specinterface       ) [ 00000000000000000]
specinterface_ln0          (specinterface       ) [ 00000000000000000]
specinterface_ln0          (specinterface       ) [ 00000000000000000]
specinterface_ln0          (specinterface       ) [ 00000000000000000]
specinterface_ln0          (specinterface       ) [ 00000000000000000]
specinterface_ln0          (specinterface       ) [ 00000000000000000]
specinterface_ln0          (specinterface       ) [ 00000000000000000]
specinterface_ln0          (specinterface       ) [ 00000000000000000]
specinterface_ln0          (specinterface       ) [ 00000000000000000]
specinterface_ln0          (specinterface       ) [ 00000000000000000]
specinterface_ln0          (specinterface       ) [ 00000000000000000]
specinterface_ln0          (specinterface       ) [ 00000000000000000]
specinterface_ln0          (specinterface       ) [ 00000000000000000]
specinterface_ln0          (specinterface       ) [ 00000000000000000]
specbitsmap_ln0            (specbitsmap         ) [ 00000000000000000]
specinterface_ln0          (specinterface       ) [ 00000000000000000]
specinterface_ln0          (specinterface       ) [ 00000000000000000]
specinterface_ln0          (specinterface       ) [ 00000000000000000]
call_ln132                 (call                ) [ 00000000000000000]
ret_ln133                  (ret                 ) [ 00000000000000000]
</LifeTime>

<model>

<comp_list>
<comp id="0" class="1000" name="IMGmem">
<pin_list>
<pin id="1" dir="1" index="0" bw="1" slack="0"/>
</pin_list>
<bind>
<StgValue><ssdm name="IMGmem"/><MemPortTyVec>0 </MemPortTyVec>
</StgValue>
</bind>
</comp>

<comp id="2" class="1000" name="W1mem">
<pin_list>
<pin id="3" dir="1" index="0" bw="1" slack="0"/>
</pin_list>
<bind>
<StgValue><ssdm name="W1mem"/><MemPortTyVec>0 </MemPortTyVec>
</StgValue>
</bind>
</comp>

<comp id="4" class="1000" name="B1mem">
<pin_list>
<pin id="5" dir="1" index="0" bw="1" slack="0"/>
</pin_list>
<bind>
<StgValue><ssdm name="B1mem"/><MemPortTyVec>0 </MemPortTyVec>
</StgValue>
</bind>
</comp>

<comp id="6" class="1000" name="W2mem">
<pin_list>
<pin id="7" dir="1" index="0" bw="1" slack="0"/>
</pin_list>
<bind>
<StgValue><ssdm name="W2mem"/><MemPortTyVec>0 </MemPortTyVec>
</StgValue>
</bind>
</comp>

<comp id="8" class="1000" name="B2mem">
<pin_list>
<pin id="9" dir="1" index="0" bw="1" slack="0"/>
</pin_list>
<bind>
<StgValue><ssdm name="B2mem"/><MemPortTyVec>0 </MemPortTyVec>
</StgValue>
</bind>
</comp>

<comp id="10" class="1000" name="W3mem">
<pin_list>
<pin id="11" dir="1" index="0" bw="1" slack="0"/>
</pin_list>
<bind>
<StgValue><ssdm name="W3mem"/><MemPortTyVec>0 </MemPortTyVec>
</StgValue>
</bind>
</comp>

<comp id="12" class="1000" name="B3mem">
<pin_list>
<pin id="13" dir="1" index="0" bw="1" slack="0"/>
</pin_list>
<bind>
<StgValue><ssdm name="B3mem"/><MemPortTyVec>0 </MemPortTyVec>
</StgValue>
</bind>
</comp>

<comp id="14" class="1000" name="W4mem">
<pin_list>
<pin id="15" dir="1" index="0" bw="1" slack="0"/>
</pin_list>
<bind>
<StgValue><ssdm name="W4mem"/><MemPortTyVec>0 </MemPortTyVec>
</StgValue>
</bind>
</comp>

<comp id="16" class="1000" name="B4mem">
<pin_list>
<pin id="17" dir="1" index="0" bw="1" slack="0"/>
</pin_list>
<bind>
<StgValue><ssdm name="B4mem"/><MemPortTyVec>0 </MemPortTyVec>
</StgValue>
</bind>
</comp>

<comp id="18" class="1000" name="Foutmem">
<pin_list>
<pin id="19" dir="1" index="0" bw="1" slack="0"/>
</pin_list>
<bind>
<StgValue><ssdm name="Foutmem"/><MemPortTyVec>1 </MemPortTyVec>
</StgValue>
</bind>
</comp>

<comp id="20" class="1000" name="img_in">
<pin_list>
<pin id="21" dir="1" index="0" bw="1" slack="0"/>
</pin_list>
<bind>
<StgValue><ssdm name="img_in"/></StgValue>
</bind>
</comp>

<comp id="22" class="1000" name="weights1">
<pin_list>
<pin id="23" dir="1" index="0" bw="1" slack="0"/>
</pin_list>
<bind>
<StgValue><ssdm name="weights1"/></StgValue>
</bind>
</comp>

<comp id="24" class="1000" name="bias1">
<pin_list>
<pin id="25" dir="1" index="0" bw="1" slack="0"/>
</pin_list>
<bind>
<StgValue><ssdm name="bias1"/></StgValue>
</bind>
</comp>

<comp id="26" class="1000" name="weights2">
<pin_list>
<pin id="27" dir="1" index="0" bw="1" slack="0"/>
</pin_list>
<bind>
<StgValue><ssdm name="weights2"/></StgValue>
</bind>
</comp>

<comp id="28" class="1000" name="bias2">
<pin_list>
<pin id="29" dir="1" index="0" bw="1" slack="0"/>
</pin_list>
<bind>
<StgValue><ssdm name="bias2"/></StgValue>
</bind>
</comp>

<comp id="30" class="1000" name="FC1_W">
<pin_list>
<pin id="31" dir="1" index="0" bw="1" slack="0"/>
</pin_list>
<bind>
<StgValue><ssdm name="FC1_W"/></StgValue>
</bind>
</comp>

<comp id="32" class="1000" name="FC1_B">
<pin_list>
<pin id="33" dir="1" index="0" bw="1" slack="0"/>
</pin_list>
<bind>
<StgValue><ssdm name="FC1_B"/></StgValue>
</bind>
</comp>

<comp id="34" class="1000" name="FC2_W">
<pin_list>
<pin id="35" dir="1" index="0" bw="1" slack="0"/>
</pin_list>
<bind>
<StgValue><ssdm name="FC2_W"/></StgValue>
</bind>
</comp>

<comp id="36" class="1000" name="FC2_B">
<pin_list>
<pin id="37" dir="1" index="0" bw="1" slack="0"/>
</pin_list>
<bind>
<StgValue><ssdm name="FC2_B"/></StgValue>
</bind>
</comp>

<comp id="38" class="1000" name="flag_out">
<pin_list>
<pin id="39" dir="1" index="0" bw="1" slack="0"/>
</pin_list>
<bind>
<StgValue><ssdm name="flag_out"/></StgValue>
</bind>
</comp>

<comp id="40" class="1000" name="ctrl">
<pin_list>
<pin id="41" dir="1" index="0" bw="1" slack="2147483647"/>
</pin_list>
<bind>
<StgValue><ssdm name="ctrl"/></StgValue>
</bind>
</comp>

<comp id="42" class="1000" name="local_img">
<pin_list>
<pin id="43" dir="1" index="0" bw="1" slack="0"/>
</pin_list>
<bind>
<StgValue><ssdm name="local_img"/><MemPortTyVec>2 1 </MemPortTyVec>
</StgValue>
</bind>
</comp>

<comp id="44" class="1000" name="local_img_1">
<pin_list>
<pin id="45" dir="1" index="0" bw="1" slack="0"/>
</pin_list>
<bind>
<StgValue><ssdm name="local_img_1"/><MemPortTyVec>2 1 </MemPortTyVec>
</StgValue>
</bind>
</comp>

<comp id="46" class="1000" name="feat1">
<pin_list>
<pin id="47" dir="1" index="0" bw="1" slack="0"/>
</pin_list>
<bind>
<StgValue><ssdm name="feat1"/><MemPortTyVec>2 1 </MemPortTyVec>
</StgValue>
</bind>
</comp>

<comp id="48" class="1000" name="feat1_2">
<pin_list>
<pin id="49" dir="1" index="0" bw="1" slack="0"/>
</pin_list>
<bind>
<StgValue><ssdm name="feat1_2"/><MemPortTyVec>2 1 </MemPortTyVec>
</StgValue>
</bind>
</comp>

<comp id="50" class="1000" name="feat1_3">
<pin_list>
<pin id="51" dir="1" index="0" bw="1" slack="0"/>
</pin_list>
<bind>
<StgValue><ssdm name="feat1_3"/><MemPortTyVec>2 1 </MemPortTyVec>
</StgValue>
</bind>
</comp>

<comp id="52" class="1000" name="feat1_4">
<pin_list>
<pin id="53" dir="1" index="0" bw="1" slack="0"/>
</pin_list>
<bind>
<StgValue><ssdm name="feat1_4"/><MemPortTyVec>2 1 </MemPortTyVec>
</StgValue>
</bind>
</comp>

<comp id="54" class="1000" name="feat1_p">
<pin_list>
<pin id="55" dir="1" index="0" bw="1" slack="0"/>
</pin_list>
<bind>
<StgValue><ssdm name="feat1_p"/><MemPortTyVec>2 1 </MemPortTyVec>
</StgValue>
</bind>
</comp>

<comp id="56" class="1000" name="feat1_p_5">
<pin_list>
<pin id="57" dir="1" index="0" bw="1" slack="0"/>
</pin_list>
<bind>
<StgValue><ssdm name="feat1_p_5"/><MemPortTyVec>2 1 </MemPortTyVec>
</StgValue>
</bind>
</comp>

<comp id="58" class="1000" name="feat1_p_6">
<pin_list>
<pin id="59" dir="1" index="0" bw="1" slack="0"/>
</pin_list>
<bind>
<StgValue><ssdm name="feat1_p_6"/><MemPortTyVec>2 1 </MemPortTyVec>
</StgValue>
</bind>
</comp>

<comp id="60" class="1000" name="feat1_p_7">
<pin_list>
<pin id="61" dir="1" index="0" bw="1" slack="0"/>
</pin_list>
<bind>
<StgValue><ssdm name="feat1_p_7"/><MemPortTyVec>2 1 </MemPortTyVec>
</StgValue>
</bind>
</comp>

<comp id="62" class="1000" name="feat2">
<pin_list>
<pin id="63" dir="1" index="0" bw="1" slack="0"/>
</pin_list>
<bind>
<StgValue><ssdm name="feat2"/><MemPortTyVec>2 1 </MemPortTyVec>
</StgValue>
</bind>
</comp>

<comp id="64" class="1000" name="feat2_10">
<pin_list>
<pin id="65" dir="1" index="0" bw="1" slack="0"/>
</pin_list>
<bind>
<StgValue><ssdm name="feat2_10"/><MemPortTyVec>2 1 </MemPortTyVec>
</StgValue>
</bind>
</comp>

<comp id="66" class="1000" name="feat2_8">
<pin_list>
<pin id="67" dir="1" index="0" bw="1" slack="0"/>
</pin_list>
<bind>
<StgValue><ssdm name="feat2_8"/><MemPortTyVec>2 1 </MemPortTyVec>
</StgValue>
</bind>
</comp>

<comp id="68" class="1000" name="feat2_9">
<pin_list>
<pin id="69" dir="1" index="0" bw="1" slack="0"/>
</pin_list>
<bind>
<StgValue><ssdm name="feat2_9"/><MemPortTyVec>2 1 </MemPortTyVec>
</StgValue>
</bind>
</comp>

<comp id="70" class="1000" name="feat2_p">
<pin_list>
<pin id="71" dir="1" index="0" bw="1" slack="0"/>
</pin_list>
<bind>
<StgValue><ssdm name="feat2_p"/><MemPortTyVec>2 3 </MemPortTyVec>
</StgValue>
</bind>
</comp>

<comp id="72" class="1000" name="feat2_p_11">
<pin_list>
<pin id="73" dir="1" index="0" bw="1" slack="0"/>
</pin_list>
<bind>
<StgValue><ssdm name="feat2_p_11"/><MemPortTyVec>2 3 </MemPortTyVec>
</StgValue>
</bind>
</comp>

<comp id="74" class="1000" name="feat2_p_12">
<pin_list>
<pin id="75" dir="1" index="0" bw="1" slack="0"/>
</pin_list>
<bind>
<StgValue><ssdm name="feat2_p_12"/><MemPortTyVec>2 3 </MemPortTyVec>
</StgValue>
</bind>
</comp>

<comp id="76" class="1000" name="feat2_p_13">
<pin_list>
<pin id="77" dir="1" index="0" bw="1" slack="0"/>
</pin_list>
<bind>
<StgValue><ssdm name="feat2_p_13"/><MemPortTyVec>2 3 </MemPortTyVec>
</StgValue>
</bind>
</comp>

<comp id="78" class="1000" name="vec1">
<pin_list>
<pin id="79" dir="1" index="0" bw="1" slack="0"/>
</pin_list>
<bind>
<StgValue><ssdm name="vec1"/><MemPortTyVec>2 3 </MemPortTyVec>
</StgValue>
</bind>
</comp>

<comp id="80" class="1000" name="table_exp_Z1_ap_ufixed_58_1_ap_q_mode_5_ap_o_mode_3_0_array">
<pin_list>
<pin id="81" dir="1" index="0" bw="1" slack="0"/>
</pin_list>
<bind>
<StgValue><ssdm name="table_exp_Z1_ap_ufixed_58_1_ap_q_mode_5_ap_o_mode_3_0_array"/><MemPortTyVec>1 </MemPortTyVec>
</StgValue>
</bind>
</comp>

<comp id="82" class="1000" name="table_f_Z3_ap_ufixed_59_0_ap_q_mode_5_ap_o_mode_3_0_array">
<pin_list>
<pin id="83" dir="1" index="0" bw="1" slack="0"/>
</pin_list>
<bind>
<StgValue><ssdm name="table_f_Z3_ap_ufixed_59_0_ap_q_mode_5_ap_o_mode_3_0_array"/><MemPortTyVec>1 1 </MemPortTyVec>
</StgValue>
</bind>
</comp>

<comp id="84" class="1000" name="table_f_Z2_ap_ufixed_59_0_ap_q_mode_5_ap_o_mode_3_0_array">
<pin_list>
<pin id="85" dir="1" index="0" bw="1" slack="0"/>
</pin_list>
<bind>
<StgValue><ssdm name="table_f_Z2_ap_ufixed_59_0_ap_q_mode_5_ap_o_mode_3_0_array"/><MemPortTyVec>1 </MemPortTyVec>
</StgValue>
</bind>
</comp>

<comp id="86" class="1000" name="vec2">
<pin_list>
<pin id="87" dir="1" index="0" bw="1" slack="0"/>
</pin_list>
<bind>
<StgValue><ssdm name="vec2"/><MemPortTyVec>2 3 </MemPortTyVec>
</StgValue>
</bind>
</comp>

<comp id="88" class="1001" name="const_88">
<pin_list>
<pin id="89" dir="1" index="0" bw="1" slack="0"/>
</pin_list>
<bind>
<StgValue><ssdm name="_ssdm_op_Read.s_axilite.i64"/></StgValue>
</bind>
</comp>

<comp id="90" class="1001" name="const_90">
<pin_list>
<pin id="91" dir="1" index="0" bw="1" slack="0"/>
</pin_list>
<bind>
<StgValue><ssdm name="load_img"/></StgValue>
</bind>
</comp>

<comp id="92" class="1001" name="const_92">
<pin_list>
<pin id="93" dir="1" index="0" bw="1" slack="0"/>
</pin_list>
<bind>
<StgValue><ssdm name="conv1"/></StgValue>
</bind>
</comp>

<comp id="94" class="1001" name="const_94">
<pin_list>
<pin id="95" dir="1" index="0" bw="1" slack="0"/>
</pin_list>
<bind>
<StgValue><ssdm name="pool1"/></StgValue>
</bind>
</comp>

<comp id="96" class="1001" name="const_96">
<pin_list>
<pin id="97" dir="1" index="0" bw="1" slack="0"/>
</pin_list>
<bind>
<StgValue><ssdm name="conv2"/></StgValue>
</bind>
</comp>

<comp id="98" class="1001" name="const_98">
<pin_list>
<pin id="99" dir="1" index="0" bw="1" slack="0"/>
</pin_list>
<bind>
<StgValue><ssdm name="pool2"/></StgValue>
</bind>
</comp>

<comp id="100" class="1001" name="const_100">
<pin_list>
<pin id="101" dir="1" index="0" bw="1" slack="0"/>
</pin_list>
<bind>
<StgValue><ssdm name="flatten"/></StgValue>
</bind>
</comp>

<comp id="102" class="1001" name="const_102">
<pin_list>
<pin id="103" dir="1" index="0" bw="1" slack="0"/>
</pin_list>
<bind>
<StgValue><ssdm name="fc1"/></StgValue>
</bind>
</comp>

<comp id="104" class="1001" name="const_104">
<pin_list>
<pin id="105" dir="1" index="0" bw="1" slack="0"/>
</pin_list>
<bind>
<StgValue><ssdm name="fc2"/></StgValue>
</bind>
</comp>

<comp id="106" class="1001" name="const_106">
<pin_list>
<pin id="107" dir="1" index="0" bw="1" slack="2147483647"/>
</pin_list>
<bind>
<StgValue><ssdm name="_ssdm_op_SpecDataflowPipeline"/></StgValue>
</bind>
</comp>

<comp id="108" class="1001" name="const_108">
<pin_list>
<pin id="109" dir="1" index="0" bw="1" slack="2147483647"/>
</pin_list>
<bind>
<StgValue><ssdm name=""/></StgValue>
</bind>
</comp>

<comp id="110" class="1001" name="const_110">
<pin_list>
<pin id="111" dir="1" index="0" bw="1" slack="2147483647"/>
</pin_list>
<bind>
<StgValue><ssdm name=""/></StgValue>
</bind>
</comp>

<comp id="112" class="1001" name="const_112">
<pin_list>
<pin id="113" dir="1" index="0" bw="1" slack="2147483647"/>
</pin_list>
<bind>
<StgValue><ssdm name="empty_17"/></StgValue>
</bind>
</comp>

<comp id="114" class="1001" name="const_114">
<pin_list>
<pin id="115" dir="1" index="0" bw="1" slack="2147483647"/>
</pin_list>
<bind>
<StgValue><ssdm name="_ssdm_op_SpecTopModule"/></StgValue>
</bind>
</comp>

<comp id="116" class="1001" name="const_116">
<pin_list>
<pin id="117" dir="1" index="0" bw="1" slack="2147483647"/>
</pin_list>
<bind>
<StgValue><ssdm name="empty_27"/></StgValue>
</bind>
</comp>

<comp id="118" class="1001" name="const_118">
<pin_list>
<pin id="119" dir="1" index="0" bw="1" slack="2147483647"/>
</pin_list>
<bind>
<StgValue><ssdm name="_ssdm_op_SpecInterface"/></StgValue>
</bind>
</comp>

<comp id="120" class="1001" name="const_120">
<pin_list>
<pin id="121" dir="1" index="0" bw="1" slack="2147483647"/>
</pin_list>
<bind>
<StgValue><ssdm name="empty_0"/></StgValue>
</bind>
</comp>

<comp id="122" class="1001" name="const_122">
<pin_list>
<pin id="123" dir="1" index="0" bw="1" slack="2147483647"/>
</pin_list>
<bind>
<StgValue><ssdm name=""/></StgValue>
</bind>
</comp>

<comp id="124" class="1001" name="const_124">
<pin_list>
<pin id="125" dir="1" index="0" bw="1" slack="2147483647"/>
</pin_list>
<bind>
<StgValue><ssdm name="empty_9"/></StgValue>
</bind>
</comp>

<comp id="126" class="1001" name="const_126">
<pin_list>
<pin id="127" dir="1" index="0" bw="1" slack="2147483647"/>
</pin_list>
<bind>
<StgValue><ssdm name="empty_10"/></StgValue>
</bind>
</comp>

<comp id="128" class="1001" name="const_128">
<pin_list>
<pin id="129" dir="1" index="0" bw="1" slack="2147483647"/>
</pin_list>
<bind>
<StgValue><ssdm name=""/></StgValue>
</bind>
</comp>

<comp id="130" class="1001" name="const_130">
<pin_list>
<pin id="131" dir="1" index="0" bw="1" slack="2147483647"/>
</pin_list>
<bind>
<StgValue><ssdm name="_ssdm_op_SpecBitsMap"/></StgValue>
</bind>
</comp>

<comp id="132" class="1001" name="const_132">
<pin_list>
<pin id="133" dir="1" index="0" bw="1" slack="2147483647"/>
</pin_list>
<bind>
<StgValue><ssdm name=""/></StgValue>
</bind>
</comp>

<comp id="134" class="1001" name="const_134">
<pin_list>
<pin id="135" dir="1" index="0" bw="1" slack="2147483647"/>
</pin_list>
<bind>
<StgValue><ssdm name="empty_3"/></StgValue>
</bind>
</comp>

<comp id="136" class="1001" name="const_136">
<pin_list>
<pin id="137" dir="1" index="0" bw="1" slack="2147483647"/>
</pin_list>
<bind>
<StgValue><ssdm name=""/></StgValue>
</bind>
</comp>

<comp id="138" class="1001" name="const_138">
<pin_list>
<pin id="139" dir="1" index="0" bw="1" slack="2147483647"/>
</pin_list>
<bind>
<StgValue><ssdm name="empty_11"/></StgValue>
</bind>
</comp>

<comp id="140" class="1001" name="const_140">
<pin_list>
<pin id="141" dir="1" index="0" bw="1" slack="2147483647"/>
</pin_list>
<bind>
<StgValue><ssdm name=""/></StgValue>
</bind>
</comp>

<comp id="142" class="1001" name="const_142">
<pin_list>
<pin id="143" dir="1" index="0" bw="1" slack="2147483647"/>
</pin_list>
<bind>
<StgValue><ssdm name="empty_12"/></StgValue>
</bind>
</comp>

<comp id="144" class="1001" name="const_144">
<pin_list>
<pin id="145" dir="1" index="0" bw="1" slack="2147483647"/>
</pin_list>
<bind>
<StgValue><ssdm name="empty_13"/></StgValue>
</bind>
</comp>

<comp id="146" class="1001" name="const_146">
<pin_list>
<pin id="147" dir="1" index="0" bw="1" slack="2147483647"/>
</pin_list>
<bind>
<StgValue><ssdm name=""/></StgValue>
</bind>
</comp>

<comp id="148" class="1001" name="const_148">
<pin_list>
<pin id="149" dir="1" index="0" bw="1" slack="2147483647"/>
</pin_list>
<bind>
<StgValue><ssdm name="empty_14"/></StgValue>
</bind>
</comp>

<comp id="150" class="1001" name="const_150">
<pin_list>
<pin id="151" dir="1" index="0" bw="1" slack="2147483647"/>
</pin_list>
<bind>
<StgValue><ssdm name=""/></StgValue>
</bind>
</comp>

<comp id="152" class="1001" name="const_152">
<pin_list>
<pin id="153" dir="1" index="0" bw="1" slack="2147483647"/>
</pin_list>
<bind>
<StgValue><ssdm name="empty_15"/></StgValue>
</bind>
</comp>

<comp id="154" class="1001" name="const_154">
<pin_list>
<pin id="155" dir="1" index="0" bw="1" slack="2147483647"/>
</pin_list>
<bind>
<StgValue><ssdm name="empty_16"/></StgValue>
</bind>
</comp>

<comp id="156" class="1001" name="const_156">
<pin_list>
<pin id="157" dir="1" index="0" bw="1" slack="2147483647"/>
</pin_list>
<bind>
<StgValue><ssdm name=""/></StgValue>
</bind>
</comp>

<comp id="158" class="1001" name="const_158">
<pin_list>
<pin id="159" dir="1" index="0" bw="1" slack="2147483647"/>
</pin_list>
<bind>
<StgValue><ssdm name="empty_7"/></StgValue>
</bind>
</comp>

<comp id="160" class="1001" name="const_160">
<pin_list>
<pin id="161" dir="1" index="0" bw="1" slack="2147483647"/>
</pin_list>
<bind>
<StgValue><ssdm name="empty_18"/></StgValue>
</bind>
</comp>

<comp id="162" class="1001" name="const_162">
<pin_list>
<pin id="163" dir="1" index="0" bw="1" slack="2147483647"/>
</pin_list>
<bind>
<StgValue><ssdm name="empty_2"/></StgValue>
</bind>
</comp>

<comp id="164" class="1001" name="const_164">
<pin_list>
<pin id="165" dir="1" index="0" bw="1" slack="2147483647"/>
</pin_list>
<bind>
<StgValue><ssdm name="empty_19"/></StgValue>
</bind>
</comp>

<comp id="166" class="1001" name="const_166">
<pin_list>
<pin id="167" dir="1" index="0" bw="1" slack="2147483647"/>
</pin_list>
<bind>
<StgValue><ssdm name="empty_21"/></StgValue>
</bind>
</comp>

<comp id="168" class="1001" name="const_168">
<pin_list>
<pin id="169" dir="1" index="0" bw="1" slack="2147483647"/>
</pin_list>
<bind>
<StgValue><ssdm name="empty_20"/></StgValue>
</bind>
</comp>

<comp id="170" class="1001" name="const_170">
<pin_list>
<pin id="171" dir="1" index="0" bw="1" slack="2147483647"/>
</pin_list>
<bind>
<StgValue><ssdm name="empty_22"/></StgValue>
</bind>
</comp>

<comp id="172" class="1001" name="const_172">
<pin_list>
<pin id="173" dir="1" index="0" bw="1" slack="2147483647"/>
</pin_list>
<bind>
<StgValue><ssdm name="empty_23"/></StgValue>
</bind>
</comp>

<comp id="174" class="1001" name="const_174">
<pin_list>
<pin id="175" dir="1" index="0" bw="1" slack="2147483647"/>
</pin_list>
<bind>
<StgValue><ssdm name="empty_25"/></StgValue>
</bind>
</comp>

<comp id="176" class="1001" name="const_176">
<pin_list>
<pin id="177" dir="1" index="0" bw="1" slack="2147483647"/>
</pin_list>
<bind>
<StgValue><ssdm name="empty_26"/></StgValue>
</bind>
</comp>

<comp id="178" class="1001" name="const_178">
<pin_list>
<pin id="179" dir="1" index="0" bw="1" slack="2147483647"/>
</pin_list>
<bind>
<StgValue><ssdm name="empty_1"/></StgValue>
</bind>
</comp>

<comp id="180" class="1001" name="const_180">
<pin_list>
<pin id="181" dir="1" index="0" bw="1" slack="2147483647"/>
</pin_list>
<bind>
<StgValue><ssdm name="empty_24"/></StgValue>
</bind>
</comp>

<comp id="182" class="1001" name="const_182">
<pin_list>
<pin id="183" dir="1" index="0" bw="1" slack="2147483647"/>
</pin_list>
<bind>
<StgValue><ssdm name="empty_28"/></StgValue>
</bind>
</comp>

<comp id="184" class="1001" name="const_184">
<pin_list>
<pin id="185" dir="1" index="0" bw="1" slack="2147483647"/>
</pin_list>
<bind>
<StgValue><ssdm name="empty_29"/></StgValue>
</bind>
</comp>

<comp id="186" class="1001" name="const_186">
<pin_list>
<pin id="187" dir="1" index="0" bw="1" slack="2147483647"/>
</pin_list>
<bind>
<StgValue><ssdm name="empty_30"/></StgValue>
</bind>
</comp>

<comp id="188" class="1001" name="const_188">
<pin_list>
<pin id="189" dir="1" index="0" bw="1" slack="2147483647"/>
</pin_list>
<bind>
<StgValue><ssdm name="empty_31"/></StgValue>
</bind>
</comp>

<comp id="190" class="1001" name="const_190">
<pin_list>
<pin id="191" dir="1" index="0" bw="1" slack="2147483647"/>
</pin_list>
<bind>
<StgValue><ssdm name="empty"/></StgValue>
</bind>
</comp>

<comp id="192" class="1001" name="const_192">
<pin_list>
<pin id="193" dir="1" index="0" bw="1" slack="2147483647"/>
</pin_list>
<bind>
<StgValue><ssdm name="empty_8"/></StgValue>
</bind>
</comp>

<comp id="194" class="1004" name="flag_out_read_read_fu_194">
<pin_list>
<pin id="195" dir="0" index="0" bw="64" slack="0"/>
<pin id="196" dir="0" index="1" bw="64" slack="0"/>
<pin id="197" dir="1" index="2" bw="64" slack="14"/>
</pin_list>
<bind>
<opcode="read(1150) " fcode="read"/>
<opset="flag_out_read/1 "/>
</bind>
</comp>

<comp id="200" class="1004" name="FC2_B_read_read_fu_200">
<pin_list>
<pin id="201" dir="0" index="0" bw="64" slack="0"/>
<pin id="202" dir="0" index="1" bw="64" slack="0"/>
<pin id="203" dir="1" index="2" bw="64" slack="14"/>
</pin_list>
<bind>
<opcode="read(1150) " fcode="read"/>
<opset="FC2_B_read/1 "/>
</bind>
</comp>

<comp id="206" class="1004" name="FC2_W_read_read_fu_206">
<pin_list>
<pin id="207" dir="0" index="0" bw="64" slack="0"/>
<pin id="208" dir="0" index="1" bw="64" slack="0"/>
<pin id="209" dir="1" index="2" bw="64" slack="14"/>
</pin_list>
<bind>
<opcode="read(1150) " fcode="read"/>
<opset="FC2_W_read/1 "/>
</bind>
</comp>

<comp id="212" class="1004" name="FC1_B_read_read_fu_212">
<pin_list>
<pin id="213" dir="0" index="0" bw="64" slack="0"/>
<pin id="214" dir="0" index="1" bw="64" slack="0"/>
<pin id="215" dir="1" index="2" bw="64" slack="12"/>
</pin_list>
<bind>
<opcode="read(1150) " fcode="read"/>
<opset="FC1_B_read/1 "/>
</bind>
</comp>

<comp id="218" class="1004" name="FC1_W_read_read_fu_218">
<pin_list>
<pin id="219" dir="0" index="0" bw="64" slack="0"/>
<pin id="220" dir="0" index="1" bw="64" slack="0"/>
<pin id="221" dir="1" index="2" bw="64" slack="12"/>
</pin_list>
<bind>
<opcode="read(1150) " fcode="read"/>
<opset="FC1_W_read/1 "/>
</bind>
</comp>

<comp id="224" class="1004" name="bias2_read_read_fu_224">
<pin_list>
<pin id="225" dir="0" index="0" bw="64" slack="0"/>
<pin id="226" dir="0" index="1" bw="64" slack="0"/>
<pin id="227" dir="1" index="2" bw="64" slack="6"/>
</pin_list>
<bind>
<opcode="read(1150) " fcode="read"/>
<opset="bias2_read/1 "/>
</bind>
</comp>

<comp id="230" class="1004" name="weights2_read_read_fu_230">
<pin_list>
<pin id="231" dir="0" index="0" bw="64" slack="0"/>
<pin id="232" dir="0" index="1" bw="64" slack="0"/>
<pin id="233" dir="1" index="2" bw="64" slack="6"/>
</pin_list>
<bind>
<opcode="read(1150) " fcode="read"/>
<opset="weights2_read/1 "/>
</bind>
</comp>

<comp id="236" class="1004" name="bias1_read_read_fu_236">
<pin_list>
<pin id="237" dir="0" index="0" bw="64" slack="0"/>
<pin id="238" dir="0" index="1" bw="64" slack="0"/>
<pin id="239" dir="1" index="2" bw="64" slack="2"/>
</pin_list>
<bind>
<opcode="read(1150) " fcode="read"/>
<opset="bias1_read/1 "/>
</bind>
</comp>

<comp id="242" class="1004" name="weights1_read_read_fu_242">
<pin_list>
<pin id="243" dir="0" index="0" bw="64" slack="0"/>
<pin id="244" dir="0" index="1" bw="64" slack="0"/>
<pin id="245" dir="1" index="2" bw="64" slack="2"/>
</pin_list>
<bind>
<opcode="read(1150) " fcode="read"/>
<opset="weights1_read/1 "/>
</bind>
</comp>

<comp id="248" class="1004" name="img_in_read_read_fu_248">
<pin_list>
<pin id="249" dir="0" index="0" bw="64" slack="0"/>
<pin id="250" dir="0" index="1" bw="64" slack="0"/>
<pin id="251" dir="1" index="2" bw="64" slack="0"/>
</pin_list>
<bind>
<opcode="read(1150) " fcode="read"/>
<opset="img_in_read/1 "/>
</bind>
</comp>

<comp id="254" class="1004" name="grp_load_img_fu_254">
<pin_list>
<pin id="255" dir="0" index="0" bw="0" slack="0"/>
<pin id="256" dir="0" index="1" bw="32" slack="0"/>
<pin id="257" dir="0" index="2" bw="64" slack="0"/>
<pin id="258" dir="0" index="3" bw="32" slack="0"/>
<pin id="259" dir="0" index="4" bw="32" slack="0"/>
<pin id="260" dir="1" index="5" bw="0" slack="2147483647"/>
</pin_list>
<bind>
<opcode="call(48) " fcode="call"/>
<opset="call_ln111/1 "/>
</bind>
</comp>

<comp id="266" class="1004" name="grp_conv1_fu_266">
<pin_list>
<pin id="267" dir="0" index="0" bw="0" slack="0"/>
<pin id="268" dir="0" index="1" bw="32" slack="0"/>
<pin id="269" dir="0" index="2" bw="64" slack="2"/>
<pin id="270" dir="0" index="3" bw="32" slack="0"/>
<pin id="271" dir="0" index="4" bw="64" slack="2"/>
<pin id="272" dir="0" index="5" bw="32" slack="0"/>
<pin id="273" dir="0" index="6" bw="32" slack="0"/>
<pin id="274" dir="0" index="7" bw="32" slack="0"/>
<pin id="275" dir="0" index="8" bw="32" slack="0"/>
<pin id="276" dir="0" index="9" bw="32" slack="0"/>
<pin id="277" dir="0" index="10" bw="32" slack="0"/>
<pin id="278" dir="1" index="11" bw="0" slack="2147483647"/>
</pin_list>
<bind>
<opcode="call(48) " fcode="call"/>
<opset="call_ln114/3 "/>
</bind>
</comp>

<comp id="288" class="1004" name="grp_pool1_fu_288">
<pin_list>
<pin id="289" dir="0" index="0" bw="0" slack="0"/>
<pin id="290" dir="0" index="1" bw="32" slack="0"/>
<pin id="291" dir="0" index="2" bw="32" slack="0"/>
<pin id="292" dir="0" index="3" bw="32" slack="0"/>
<pin id="293" dir="0" index="4" bw="32" slack="0"/>
<pin id="294" dir="0" index="5" bw="32" slack="0"/>
<pin id="295" dir="0" index="6" bw="32" slack="0"/>
<pin id="296" dir="0" index="7" bw="32" slack="0"/>
<pin id="297" dir="0" index="8" bw="32" slack="0"/>
<pin id="298" dir="1" index="9" bw="0" slack="2147483647"/>
</pin_list>
<bind>
<opcode="call(48) " fcode="call"/>
<opset="call_ln117/5 "/>
</bind>
</comp>

<comp id="308" class="1004" name="grp_conv2_fu_308">
<pin_list>
<pin id="309" dir="0" index="0" bw="0" slack="0"/>
<pin id="310" dir="0" index="1" bw="32" slack="0"/>
<pin id="311" dir="0" index="2" bw="64" slack="6"/>
<pin id="312" dir="0" index="3" bw="32" slack="0"/>
<pin id="313" dir="0" index="4" bw="64" slack="6"/>
<pin id="314" dir="0" index="5" bw="32" slack="0"/>
<pin id="315" dir="0" index="6" bw="32" slack="0"/>
<pin id="316" dir="0" index="7" bw="32" slack="0"/>
<pin id="317" dir="0" index="8" bw="32" slack="0"/>
<pin id="318" dir="0" index="9" bw="32" slack="0"/>
<pin id="319" dir="0" index="10" bw="32" slack="0"/>
<pin id="320" dir="0" index="11" bw="32" slack="0"/>
<pin id="321" dir="0" index="12" bw="32" slack="0"/>
<pin id="322" dir="1" index="13" bw="0" slack="2147483647"/>
</pin_list>
<bind>
<opcode="call(48) " fcode="call"/>
<opset="call_ln120/7 "/>
</bind>
</comp>

<comp id="334" class="1004" name="grp_pool2_fu_334">
<pin_list>
<pin id="335" dir="0" index="0" bw="0" slack="0"/>
<pin id="336" dir="0" index="1" bw="32" slack="0"/>
<pin id="337" dir="0" index="2" bw="32" slack="0"/>
<pin id="338" dir="0" index="3" bw="32" slack="0"/>
<pin id="339" dir="0" index="4" bw="32" slack="0"/>
<pin id="340" dir="0" index="5" bw="32" slack="0"/>
<pin id="341" dir="0" index="6" bw="32" slack="0"/>
<pin id="342" dir="0" index="7" bw="32" slack="0"/>
<pin id="343" dir="0" index="8" bw="32" slack="0"/>
<pin id="344" dir="1" index="9" bw="0" slack="2147483647"/>
</pin_list>
<bind>
<opcode="call(48) " fcode="call"/>
<opset="call_ln123/9 "/>
</bind>
</comp>

<comp id="354" class="1004" name="grp_flatten_fu_354">
<pin_list>
<pin id="355" dir="0" index="0" bw="0" slack="0"/>
<pin id="356" dir="0" index="1" bw="32" slack="0"/>
<pin id="357" dir="0" index="2" bw="32" slack="0"/>
<pin id="358" dir="0" index="3" bw="32" slack="0"/>
<pin id="359" dir="0" index="4" bw="32" slack="0"/>
<pin id="360" dir="0" index="5" bw="32" slack="0"/>
<pin id="361" dir="1" index="6" bw="0" slack="2147483647"/>
</pin_list>
<bind>
<opcode="call(48) " fcode="call"/>
<opset="call_ln126/11 "/>
</bind>
</comp>

<comp id="368" class="1004" name="grp_fc1_fu_368">
<pin_list>
<pin id="369" dir="0" index="0" bw="0" slack="0"/>
<pin id="370" dir="0" index="1" bw="32" slack="0"/>
<pin id="371" dir="0" index="2" bw="64" slack="12"/>
<pin id="372" dir="0" index="3" bw="32" slack="0"/>
<pin id="373" dir="0" index="4" bw="64" slack="12"/>
<pin id="374" dir="0" index="5" bw="32" slack="0"/>
<pin id="375" dir="0" index="6" bw="32" slack="0"/>
<pin id="376" dir="0" index="7" bw="58" slack="0"/>
<pin id="377" dir="0" index="8" bw="26" slack="0"/>
<pin id="378" dir="0" index="9" bw="42" slack="0"/>
<pin id="379" dir="1" index="10" bw="0" slack="2147483647"/>
</pin_list>
<bind>
<opcode="call(48) " fcode="call"/>
<opset="call_ln129/13 "/>
</bind>
</comp>

<comp id="388" class="1004" name="grp_fc2_fu_388">
<pin_list>
<pin id="389" dir="0" index="0" bw="0" slack="0"/>
<pin id="390" dir="0" index="1" bw="64" slack="14"/>
<pin id="391" dir="0" index="2" bw="32" slack="0"/>
<pin id="392" dir="0" index="3" bw="32" slack="0"/>
<pin id="393" dir="0" index="4" bw="64" slack="14"/>
<pin id="394" dir="0" index="5" bw="8" slack="0"/>
<pin id="395" dir="0" index="6" bw="64" slack="14"/>
<pin id="396" dir="0" index="7" bw="32" slack="0"/>
<pin id="397" dir="1" index="8" bw="0" slack="2147483647"/>
</pin_list>
<bind>
<opcode="call(48) " fcode="call"/>
<opset="call_ln132/15 "/>
</bind>
</comp>

<comp id="403" class="1005" name="flag_out_read_reg_403">
<pin_list>
<pin id="404" dir="0" index="0" bw="64" slack="14"/>
<pin id="405" dir="1" index="1" bw="64" slack="14"/>
</pin_list>
<bind>
<opset="flag_out_read "/>
</bind>
</comp>

<comp id="408" class="1005" name="FC2_B_read_reg_408">
<pin_list>
<pin id="409" dir="0" index="0" bw="64" slack="14"/>
<pin id="410" dir="1" index="1" bw="64" slack="14"/>
</pin_list>
<bind>
<opset="FC2_B_read "/>
</bind>
</comp>

<comp id="413" class="1005" name="FC2_W_read_reg_413">
<pin_list>
<pin id="414" dir="0" index="0" bw="64" slack="14"/>
<pin id="415" dir="1" index="1" bw="64" slack="14"/>
</pin_list>
<bind>
<opset="FC2_W_read "/>
</bind>
</comp>

<comp id="418" class="1005" name="FC1_B_read_reg_418">
<pin_list>
<pin id="419" dir="0" index="0" bw="64" slack="12"/>
<pin id="420" dir="1" index="1" bw="64" slack="12"/>
</pin_list>
<bind>
<opset="FC1_B_read "/>
</bind>
</comp>

<comp id="423" class="1005" name="FC1_W_read_reg_423">
<pin_list>
<pin id="424" dir="0" index="0" bw="64" slack="12"/>
<pin id="425" dir="1" index="1" bw="64" slack="12"/>
</pin_list>
<bind>
<opset="FC1_W_read "/>
</bind>
</comp>

<comp id="428" class="1005" name="bias2_read_reg_428">
<pin_list>
<pin id="429" dir="0" index="0" bw="64" slack="6"/>
<pin id="430" dir="1" index="1" bw="64" slack="6"/>
</pin_list>
<bind>
<opset="bias2_read "/>
</bind>
</comp>

<comp id="433" class="1005" name="weights2_read_reg_433">
<pin_list>
<pin id="434" dir="0" index="0" bw="64" slack="6"/>
<pin id="435" dir="1" index="1" bw="64" slack="6"/>
</pin_list>
<bind>
<opset="weights2_read "/>
</bind>
</comp>

<comp id="438" class="1005" name="bias1_read_reg_438">
<pin_list>
<pin id="439" dir="0" index="0" bw="64" slack="2"/>
<pin id="440" dir="1" index="1" bw="64" slack="2"/>
</pin_list>
<bind>
<opset="bias1_read "/>
</bind>
</comp>

<comp id="443" class="1005" name="weights1_read_reg_443">
<pin_list>
<pin id="444" dir="0" index="0" bw="64" slack="2"/>
<pin id="445" dir="1" index="1" bw="64" slack="2"/>
</pin_list>
<bind>
<opset="weights1_read "/>
</bind>
</comp>

<comp id="448" class="1005" name="img_in_read_reg_448">
<pin_list>
<pin id="449" dir="0" index="0" bw="64" slack="1"/>
<pin id="450" dir="1" index="1" bw="64" slack="1"/>
</pin_list>
<bind>
<opset="img_in_read "/>
</bind>
</comp>

</comp_list>

<net_list>
<net id="198"><net_src comp="88" pin="0"/><net_sink comp="194" pin=0"/></net>

<net id="199"><net_src comp="38" pin="0"/><net_sink comp="194" pin=1"/></net>

<net id="204"><net_src comp="88" pin="0"/><net_sink comp="200" pin=0"/></net>

<net id="205"><net_src comp="36" pin="0"/><net_sink comp="200" pin=1"/></net>

<net id="210"><net_src comp="88" pin="0"/><net_sink comp="206" pin=0"/></net>

<net id="211"><net_src comp="34" pin="0"/><net_sink comp="206" pin=1"/></net>

<net id="216"><net_src comp="88" pin="0"/><net_sink comp="212" pin=0"/></net>

<net id="217"><net_src comp="32" pin="0"/><net_sink comp="212" pin=1"/></net>

<net id="222"><net_src comp="88" pin="0"/><net_sink comp="218" pin=0"/></net>

<net id="223"><net_src comp="30" pin="0"/><net_sink comp="218" pin=1"/></net>

<net id="228"><net_src comp="88" pin="0"/><net_sink comp="224" pin=0"/></net>

<net id="229"><net_src comp="28" pin="0"/><net_sink comp="224" pin=1"/></net>

<net id="234"><net_src comp="88" pin="0"/><net_sink comp="230" pin=0"/></net>

<net id="235"><net_src comp="26" pin="0"/><net_sink comp="230" pin=1"/></net>

<net id="240"><net_src comp="88" pin="0"/><net_sink comp="236" pin=0"/></net>

<net id="241"><net_src comp="24" pin="0"/><net_sink comp="236" pin=1"/></net>

<net id="246"><net_src comp="88" pin="0"/><net_sink comp="242" pin=0"/></net>

<net id="247"><net_src comp="22" pin="0"/><net_sink comp="242" pin=1"/></net>

<net id="252"><net_src comp="88" pin="0"/><net_sink comp="248" pin=0"/></net>

<net id="253"><net_src comp="20" pin="0"/><net_sink comp="248" pin=1"/></net>

<net id="261"><net_src comp="90" pin="0"/><net_sink comp="254" pin=0"/></net>

<net id="262"><net_src comp="0" pin="0"/><net_sink comp="254" pin=1"/></net>

<net id="263"><net_src comp="248" pin="2"/><net_sink comp="254" pin=2"/></net>

<net id="264"><net_src comp="42" pin="0"/><net_sink comp="254" pin=3"/></net>

<net id="265"><net_src comp="44" pin="0"/><net_sink comp="254" pin=4"/></net>

<net id="279"><net_src comp="92" pin="0"/><net_sink comp="266" pin=0"/></net>

<net id="280"><net_src comp="2" pin="0"/><net_sink comp="266" pin=1"/></net>

<net id="281"><net_src comp="4" pin="0"/><net_sink comp="266" pin=3"/></net>

<net id="282"><net_src comp="46" pin="0"/><net_sink comp="266" pin=5"/></net>

<net id="283"><net_src comp="48" pin="0"/><net_sink comp="266" pin=6"/></net>

<net id="284"><net_src comp="50" pin="0"/><net_sink comp="266" pin=7"/></net>

<net id="285"><net_src comp="52" pin="0"/><net_sink comp="266" pin=8"/></net>

<net id="286"><net_src comp="42" pin="0"/><net_sink comp="266" pin=9"/></net>

<net id="287"><net_src comp="44" pin="0"/><net_sink comp="266" pin=10"/></net>

<net id="299"><net_src comp="94" pin="0"/><net_sink comp="288" pin=0"/></net>

<net id="300"><net_src comp="54" pin="0"/><net_sink comp="288" pin=1"/></net>

<net id="301"><net_src comp="56" pin="0"/><net_sink comp="288" pin=2"/></net>

<net id="302"><net_src comp="58" pin="0"/><net_sink comp="288" pin=3"/></net>

<net id="303"><net_src comp="60" pin="0"/><net_sink comp="288" pin=4"/></net>

<net id="304"><net_src comp="46" pin="0"/><net_sink comp="288" pin=5"/></net>

<net id="305"><net_src comp="48" pin="0"/><net_sink comp="288" pin=6"/></net>

<net id="306"><net_src comp="50" pin="0"/><net_sink comp="288" pin=7"/></net>

<net id="307"><net_src comp="52" pin="0"/><net_sink comp="288" pin=8"/></net>

<net id="323"><net_src comp="96" pin="0"/><net_sink comp="308" pin=0"/></net>

<net id="324"><net_src comp="6" pin="0"/><net_sink comp="308" pin=1"/></net>

<net id="325"><net_src comp="8" pin="0"/><net_sink comp="308" pin=3"/></net>

<net id="326"><net_src comp="54" pin="0"/><net_sink comp="308" pin=5"/></net>

<net id="327"><net_src comp="56" pin="0"/><net_sink comp="308" pin=6"/></net>

<net id="328"><net_src comp="58" pin="0"/><net_sink comp="308" pin=7"/></net>

<net id="329"><net_src comp="60" pin="0"/><net_sink comp="308" pin=8"/></net>

<net id="330"><net_src comp="62" pin="0"/><net_sink comp="308" pin=9"/></net>

<net id="331"><net_src comp="64" pin="0"/><net_sink comp="308" pin=10"/></net>

<net id="332"><net_src comp="66" pin="0"/><net_sink comp="308" pin=11"/></net>

<net id="333"><net_src comp="68" pin="0"/><net_sink comp="308" pin=12"/></net>

<net id="345"><net_src comp="98" pin="0"/><net_sink comp="334" pin=0"/></net>

<net id="346"><net_src comp="70" pin="0"/><net_sink comp="334" pin=1"/></net>

<net id="347"><net_src comp="72" pin="0"/><net_sink comp="334" pin=2"/></net>

<net id="348"><net_src comp="74" pin="0"/><net_sink comp="334" pin=3"/></net>

<net id="349"><net_src comp="76" pin="0"/><net_sink comp="334" pin=4"/></net>

<net id="350"><net_src comp="62" pin="0"/><net_sink comp="334" pin=5"/></net>

<net id="351"><net_src comp="66" pin="0"/><net_sink comp="334" pin=6"/></net>

<net id="352"><net_src comp="68" pin="0"/><net_sink comp="334" pin=7"/></net>

<net id="353"><net_src comp="64" pin="0"/><net_sink comp="334" pin=8"/></net>

<net id="362"><net_src comp="100" pin="0"/><net_sink comp="354" pin=0"/></net>

<net id="363"><net_src comp="70" pin="0"/><net_sink comp="354" pin=1"/></net>

<net id="364"><net_src comp="72" pin="0"/><net_sink comp="354" pin=2"/></net>

<net id="365"><net_src comp="74" pin="0"/><net_sink comp="354" pin=3"/></net>

<net id="366"><net_src comp="76" pin="0"/><net_sink comp="354" pin=4"/></net>

<net id="367"><net_src comp="78" pin="0"/><net_sink comp="354" pin=5"/></net>

<net id="380"><net_src comp="102" pin="0"/><net_sink comp="368" pin=0"/></net>

<net id="381"><net_src comp="10" pin="0"/><net_sink comp="368" pin=1"/></net>

<net id="382"><net_src comp="12" pin="0"/><net_sink comp="368" pin=3"/></net>

<net id="383"><net_src comp="78" pin="0"/><net_sink comp="368" pin=5"/></net>

<net id="384"><net_src comp="86" pin="0"/><net_sink comp="368" pin=6"/></net>

<net id="385"><net_src comp="80" pin="0"/><net_sink comp="368" pin=7"/></net>

<net id="386"><net_src comp="82" pin="0"/><net_sink comp="368" pin=8"/></net>

<net id="387"><net_src comp="84" pin="0"/><net_sink comp="368" pin=9"/></net>

<net id="398"><net_src comp="104" pin="0"/><net_sink comp="388" pin=0"/></net>

<net id="399"><net_src comp="16" pin="0"/><net_sink comp="388" pin=2"/></net>

<net id="400"><net_src comp="14" pin="0"/><net_sink comp="388" pin=3"/></net>

<net id="401"><net_src comp="18" pin="0"/><net_sink comp="388" pin=5"/></net>

<net id="402"><net_src comp="86" pin="0"/><net_sink comp="388" pin=7"/></net>

<net id="406"><net_src comp="194" pin="2"/><net_sink comp="403" pin=0"/></net>

<net id="407"><net_src comp="403" pin="1"/><net_sink comp="388" pin=6"/></net>

<net id="411"><net_src comp="200" pin="2"/><net_sink comp="408" pin=0"/></net>

<net id="412"><net_src comp="408" pin="1"/><net_sink comp="388" pin=1"/></net>

<net id="416"><net_src comp="206" pin="2"/><net_sink comp="413" pin=0"/></net>

<net id="417"><net_src comp="413" pin="1"/><net_sink comp="388" pin=4"/></net>

<net id="421"><net_src comp="212" pin="2"/><net_sink comp="418" pin=0"/></net>

<net id="422"><net_src comp="418" pin="1"/><net_sink comp="368" pin=4"/></net>

<net id="426"><net_src comp="218" pin="2"/><net_sink comp="423" pin=0"/></net>

<net id="427"><net_src comp="423" pin="1"/><net_sink comp="368" pin=2"/></net>

<net id="431"><net_src comp="224" pin="2"/><net_sink comp="428" pin=0"/></net>

<net id="432"><net_src comp="428" pin="1"/><net_sink comp="308" pin=4"/></net>

<net id="436"><net_src comp="230" pin="2"/><net_sink comp="433" pin=0"/></net>

<net id="437"><net_src comp="433" pin="1"/><net_sink comp="308" pin=2"/></net>

<net id="441"><net_src comp="236" pin="2"/><net_sink comp="438" pin=0"/></net>

<net id="442"><net_src comp="438" pin="1"/><net_sink comp="266" pin=4"/></net>

<net id="446"><net_src comp="242" pin="2"/><net_sink comp="443" pin=0"/></net>

<net id="447"><net_src comp="443" pin="1"/><net_sink comp="266" pin=2"/></net>

<net id="451"><net_src comp="248" pin="2"/><net_sink comp="448" pin=0"/></net>

<net id="452"><net_src comp="448" pin="1"/><net_sink comp="254" pin=2"/></net>

</net_list>

</model> 
---------------- Datapath Model END ------------------

* FSMD analyzer results:
  - Output states:
	Port: Foutmem | {15 16 }
	Port: local_img | {1 2 }
	Port: local_img_1 | {1 2 }
	Port: feat1 | {3 4 }
	Port: feat1_2 | {3 4 }
	Port: feat1_3 | {3 4 }
	Port: feat1_4 | {3 4 }
	Port: feat1_p | {5 6 }
	Port: feat1_p_5 | {5 6 }
	Port: feat1_p_6 | {5 6 }
	Port: feat1_p_7 | {5 6 }
	Port: feat2 | {7 8 }
	Port: feat2_10 | {7 8 }
	Port: feat2_8 | {7 8 }
	Port: feat2_9 | {7 8 }
	Port: feat2_p | {9 10 }
	Port: feat2_p_11 | {9 10 }
	Port: feat2_p_12 | {9 10 }
	Port: feat2_p_13 | {9 10 }
	Port: vec1 | {11 12 }
	Port: vec2 | {13 14 }
 - Input state : 
	Port: cnn_accel : IMGmem | {1 2 }
	Port: cnn_accel : W1mem | {3 4 }
	Port: cnn_accel : B1mem | {3 4 }
	Port: cnn_accel : W2mem | {7 8 }
	Port: cnn_accel : B2mem | {7 8 }
	Port: cnn_accel : W3mem | {13 14 }
	Port: cnn_accel : B3mem | {13 14 }
	Port: cnn_accel : W4mem | {15 16 }
	Port: cnn_accel : B4mem | {15 16 }
	Port: cnn_accel : img_in | {1 }
	Port: cnn_accel : weights1 | {1 }
	Port: cnn_accel : bias1 | {1 }
	Port: cnn_accel : weights2 | {1 }
	Port: cnn_accel : bias2 | {1 }
	Port: cnn_accel : FC1_W | {1 }
	Port: cnn_accel : FC1_B | {1 }
	Port: cnn_accel : FC2_W | {1 }
	Port: cnn_accel : FC2_B | {1 }
	Port: cnn_accel : flag_out | {1 }
	Port: cnn_accel : local_img | {3 4 }
	Port: cnn_accel : local_img_1 | {3 4 }
	Port: cnn_accel : feat1 | {5 6 }
	Port: cnn_accel : feat1_2 | {5 6 }
	Port: cnn_accel : feat1_3 | {5 6 }
	Port: cnn_accel : feat1_4 | {5 6 }
	Port: cnn_accel : feat1_p | {7 8 }
	Port: cnn_accel : feat1_p_5 | {7 8 }
	Port: cnn_accel : feat1_p_6 | {7 8 }
	Port: cnn_accel : feat1_p_7 | {7 8 }
	Port: cnn_accel : feat2 | {9 10 }
	Port: cnn_accel : feat2_10 | {9 10 }
	Port: cnn_accel : feat2_8 | {9 10 }
	Port: cnn_accel : feat2_9 | {9 10 }
	Port: cnn_accel : feat2_p | {11 12 }
	Port: cnn_accel : feat2_p_11 | {11 12 }
	Port: cnn_accel : feat2_p_12 | {11 12 }
	Port: cnn_accel : feat2_p_13 | {11 12 }
	Port: cnn_accel : vec1 | {13 14 }
	Port: cnn_accel : table_exp_Z1_ap_ufixed_58_1_ap_q_mode_5_ap_o_mode_3_0_array | {13 14 }
	Port: cnn_accel : table_f_Z3_ap_ufixed_59_0_ap_q_mode_5_ap_o_mode_3_0_array | {13 14 }
	Port: cnn_accel : table_f_Z2_ap_ufixed_59_0_ap_q_mode_5_ap_o_mode_3_0_array | {13 14 }
	Port: cnn_accel : vec2 | {15 16 }
  - Chain level:
	State 1
	State 2
	State 3
	State 4
	State 5
	State 6
	State 7
	State 8
	State 9
	State 10
	State 11
	State 12
	State 13
	State 14
	State 15
	State 16


============================================================
+ Verbose Summary: Datapath Resource usage 
============================================================

* Functional unit list:
|----------|---------------------------|---------|---------|---------|---------|
| Operation|      Functional Unit      |   DSP   |  Delay  |    FF   |   LUT   |
|----------|---------------------------|---------|---------|---------|---------|
|          |    grp_load_img_fu_254    |    0    |  3.972  |   202   |   242   |
|          |      grp_conv1_fu_266     |    6    | 19.8398 |   5083  |   1870  |
|          |      grp_pool1_fu_288     |    1    | 16.3419 |   666   |   1014  |
|   call   |      grp_conv2_fu_308     |    6    | 31.2154 |  11195  |   3609  |
|          |      grp_pool2_fu_334     |    1    | 16.3419 |   644   |   1009  |
|          |     grp_flatten_fu_354    |    1    |  7.944  |   226   |   411   |
|          |       grp_fc1_fu_368      |    44   | 33.2261 |   5312  |   5007  |
|          |       grp_fc2_fu_388      |    14   |  10.592 |   1473  |   1593  |
|----------|---------------------------|---------|---------|---------|---------|
|          | flag_out_read_read_fu_194 |    0    |    0    |    0    |    0    |
|          |   FC2_B_read_read_fu_200  |    0    |    0    |    0    |    0    |
|          |   FC2_W_read_read_fu_206  |    0    |    0    |    0    |    0    |
|          |   FC1_B_read_read_fu_212  |    0    |    0    |    0    |    0    |
|   read   |   FC1_W_read_read_fu_218  |    0    |    0    |    0    |    0    |
|          |   bias2_read_read_fu_224  |    0    |    0    |    0    |    0    |
|          | weights2_read_read_fu_230 |    0    |    0    |    0    |    0    |
|          |   bias1_read_read_fu_236  |    0    |    0    |    0    |    0    |
|          | weights1_read_read_fu_242 |    0    |    0    |    0    |    0    |
|          |  img_in_read_read_fu_248  |    0    |    0    |    0    |    0    |
|----------|---------------------------|---------|---------|---------|---------|
|   Total  |                           |    73   | 139.473 |  24801  |  14755  |
|----------|---------------------------|---------|---------|---------|---------|

Memories:
+-----------------------------------------------------------+--------+--------+--------+--------+
|                                                           |  BRAM  |   FF   |   LUT  |  URAM  |
+-----------------------------------------------------------+--------+--------+--------+--------+
|                           feat1                           |  1024  |    0   |    0   |    0   |
|                          feat1_2                          |  1024  |    0   |    0   |    0   |
|                          feat1_3                          |  1024  |    0   |    0   |    0   |
|                          feat1_4                          |  1024  |    0   |    0   |    0   |
|                          feat1_p                          |   256  |    0   |    0   |    0   |
|                         feat1_p_5                         |   256  |    0   |    0   |    0   |
|                         feat1_p_6                         |   256  |    0   |    0   |    0   |
|                         feat1_p_7                         |   256  |    0   |    0   |    0   |
|                           feat2                           |   512  |    0   |    0   |    0   |
|                          feat2_10                         |   512  |    0   |    0   |    0   |
|                          feat2_8                          |   512  |    0   |    0   |    0   |
|                          feat2_9                          |   512  |    0   |    0   |    0   |
|                          feat2_p                          |   128  |    0   |    0   |    0   |
|                         feat2_p_11                        |   128  |    0   |    0   |    0   |
|                         feat2_p_12                        |   128  |    0   |    0   |    0   |
|                         feat2_p_13                        |   128  |    0   |    0   |    0   |
|                         local_img                         |  1024  |    0   |    0   |    0   |
|                        local_img_1                        |  1024  |    0   |    0   |    0   |
|table_exp_Z1_ap_ufixed_58_1_ap_q_mode_5_ap_o_mode_3_0_array|    2   |    0   |    0   |    -   |
| table_f_Z2_ap_ufixed_59_0_ap_q_mode_5_ap_o_mode_3_0_array |    2   |    0   |    0   |    -   |
| table_f_Z3_ap_ufixed_59_0_ap_q_mode_5_ap_o_mode_3_0_array |    1   |    0   |    0   |    -   |
|                            vec1                           |   512  |    0   |    0   |    0   |
|                            vec2                           |    2   |    0   |    0   |    0   |
+-----------------------------------------------------------+--------+--------+--------+--------+
|                           Total                           |  10247 |    0   |    0   |    0   |
+-----------------------------------------------------------+--------+--------+--------+--------+

* Register list:
+---------------------+--------+
|                     |   FF   |
+---------------------+--------+
|  FC1_B_read_reg_418 |   64   |
|  FC1_W_read_reg_423 |   64   |
|  FC2_B_read_reg_408 |   64   |
|  FC2_W_read_reg_413 |   64   |
|  bias1_read_reg_438 |   64   |
|  bias2_read_reg_428 |   64   |
|flag_out_read_reg_403|   64   |
| img_in_read_reg_448 |   64   |
|weights1_read_reg_443|   64   |
|weights2_read_reg_433|   64   |
+---------------------+--------+
|        Total        |   640  |
+---------------------+--------+

* Multiplexer (MUX) list: 
|---------------------|------|------|------|--------||---------||---------||---------|
|         Comp        |  Pin | Size |  BW  | S x BW ||  Delay  ||    FF   ||   LUT   |
|---------------------|------|------|------|--------||---------||---------||---------|
| grp_load_img_fu_254 |  p2  |   2  |  64  |   128  ||    0    ||    9    |
|---------------------|------|------|------|--------||---------||---------||---------|
|        Total        |      |      |      |   128  ||  1.324  ||    0    ||    9    |
|---------------------|------|------|------|--------||---------||---------||---------|



* Summary:
+-----------+--------+--------+--------+--------+--------+--------+
|           |  BRAM  |   DSP  |  Delay |   FF   |   LUT  |  URAM  |
+-----------+--------+--------+--------+--------+--------+--------+
|  Function |    -   |   73   |   139  |  24801 |  14755 |    -   |
|   Memory  |  10247 |    -   |    -   |    0   |    0   |    0   |
|Multiplexer|    -   |    -   |    1   |    0   |    9   |    -   |
|  Register |    -   |    -   |    -   |   640  |    -   |    -   |
+-----------+--------+--------+--------+--------+--------+--------+
|   Total   |  10247 |   73   |   140  |  25441 |  14764 |    0   |
+-----------+--------+--------+--------+--------+--------+--------+
