

================================================================
== Vitis HLS Report for 'cnn_accel_Pipeline_VITIS_LOOP_202_3'
================================================================
* Date:           Fri Jul  4 17:05:21 2025

* Version:        2025.1 (Build 6135595 on May 21 2025)
* Project:        cnn_accel
* Solution:       hls (Vivado IP Flow Target)
* Product family: artix7
* Target device:  xc7a100t-fgg484-2L


================================================================
== Performance Estimates
================================================================
+ Timing: 
    * Summary: 
    +--------+----------+-----------+------------+
    |  Clock |  Target  | Estimated | Uncertainty|
    +--------+----------+-----------+------------+
    |ap_clk  |  20.00 ns|  14.600 ns|     5.40 ns|
    +--------+----------+-----------+------------+

+ Latency: 
    * Summary: 
    +---------+---------+----------+----------+--------+--------+------------------------------------------------+
    |  Latency (cycles) |  Latency (absolute) |     Interval    |                    Pipeline                    |
    |   min   |   max   |    min   |    max   |   min  |   max  |                      Type                      |
    +---------+---------+----------+----------+--------+--------+------------------------------------------------+
    |   289549|   289549|  5.791 ms|  5.791 ms|  289540|  289540|  loop auto-rewind stp (delay=0 clock cycles(s))|
    +---------+---------+----------+----------+--------+--------+------------------------------------------------+

    + Detail: 
        * Instance: 
        N/A

        * Loop: 
        +--------------------+---------+---------+----------+-----------+-----------+-------+----------+
        |                    |  Latency (cycles) | Iteration|  Initiation Interval  |  Trip |          |
        |      Loop Name     |   min   |   max   |  Latency |  achieved |   target  | Count | Pipelined|
        +--------------------+---------+---------+----------+-----------+-----------+-------+----------+
        |- VITIS_LOOP_202_3  |   289547|   289547|        16|          4|          1|  72384|       yes|
        +--------------------+---------+---------+----------+-----------+-----------+-------+----------+

============================================================
+ Verbose Summary: Synthesis Manager
============================================================
InlineROM: 1
ExposeGlobal: 0
============================================================
+ Verbose Summary: CDFG Model
============================================================
IsTopModel: 0
ResetActiveHigh: 1
IsCombinational: 0
IsDatapathOnly: 0
HasWiredReturn: 1
HasMFsm: 2
HasVarLatency: 1
IsPipeline: 0
IsRtlPipelined: 0
IsInstanceOverlapped: 0
IsDontTouch: 0
HasImplIP: 0
IsGatedGlobalClock: 0

+ Individual pipeline summary: 
  * Pipeline-0: initiation interval (II) = 4, depth = 16


============================================================
+ Verbose Summary: Schedule
============================================================
* Number of FSM states : 16
* Pipeline : 1
  Pipeline-0 : II = 4, D = 16, States = { 1 2 3 4 5 6 7 8 9 10 11 12 13 14 15 16 }
* Dataflow Pipeline: 0

* FSM state transitions: 
1 --> 2 
2 --> 3 
3 --> 4 
4 --> 5 
5 --> 6 
6 --> 7 
7 --> 8 
8 --> 9 
9 --> 10 
10 --> 11 
11 --> 12 
12 --> 13 
13 --> 14 
14 --> 15 
15 --> 16 
16 --> 

* FSM state operations: 

State 1 <SV = 0> <Delay = 5.81>
ST_1 : Operation 19 [1/1] (0.00ns)   --->   "%acc = alloca i32 1" [../hls_files/conv_pool.cpp:201]   --->   Operation 19 'alloca' 'acc' <Predicate = true> <Delay = 0.00>
ST_1 : Operation 20 [1/1] (0.00ns)   --->   "%i = alloca i32 1" [../hls_files/conv_pool.cpp:202]   --->   Operation 20 'alloca' 'i' <Predicate = true> <Delay = 0.00>
ST_1 : Operation 21 [1/1] (0.00ns)   --->   "%zext_ln201_read = read i22 @_ssdm_op_Read.ap_auto.i22, i22 %zext_ln201"   --->   Operation 21 'read' 'zext_ln201_read' <Predicate = true> <Delay = 0.00>
ST_1 : Operation 22 [1/1] (0.00ns)   --->   "%sext_ln199_read = read i62 @_ssdm_op_Read.ap_auto.i62, i62 %sext_ln199"   --->   Operation 22 'read' 'sext_ln199_read' <Predicate = true> <Delay = 0.00>
ST_1 : Operation 23 [1/1] (0.00ns)   --->   "%acc_33_read = read i32 @_ssdm_op_Read.ap_auto.float, i32 %acc_33"   --->   Operation 23 'read' 'acc_33_read' <Predicate = true> <Delay = 0.00>
ST_1 : Operation 24 [1/1] (0.00ns)   --->   "%zext_ln201_cast = zext i22 %zext_ln201_read"   --->   Operation 24 'zext' 'zext_ln201_cast' <Predicate = true> <Delay = 0.00>
ST_1 : Operation 25 [1/1] (0.00ns)   --->   "%sext_ln199_cast = sext i62 %sext_ln199_read"   --->   Operation 25 'sext' 'sext_ln199_cast' <Predicate = true> <Delay = 0.00>
ST_1 : Operation 26 [1/1] (0.00ns)   --->   "%specinterface_ln0 = specinterface void @_ssdm_op_SpecInterface, i32 %gmem, void @empty_24, i32 0, i32 0, void @empty_23, i32 0, i32 0, void @empty_22, void @empty_21, void @empty_23, i32 16, i32 16, i32 16, i32 16, void @empty_23, void @empty_23, i32 4294967295, i32 0, i32 0"   --->   Operation 26 'specinterface' 'specinterface_ln0' <Predicate = true> <Delay = 0.00>
ST_1 : Operation 27 [1/1] (1.32ns)   --->   "%store_ln202 = store i17 0, i17 %i" [../hls_files/conv_pool.cpp:202]   --->   Operation 27 'store' 'store_ln202' <Predicate = true> <Delay = 1.32>
ST_1 : Operation 28 [1/1] (1.32ns)   --->   "%store_ln201 = store i32 %acc_33_read, i32 %acc" [../hls_files/conv_pool.cpp:201]   --->   Operation 28 'store' 'store_ln201' <Predicate = true> <Delay = 1.32>
ST_1 : Operation 29 [1/1] (0.00ns)   --->   "%br_ln0 = br void %for.inc397"   --->   Operation 29 'br' 'br_ln0' <Predicate = true> <Delay = 0.00>
ST_1 : Operation 30 [1/1] (0.00ns)   --->   "%i_1 = load i17 %i" [../hls_files/conv_pool.cpp:202]   --->   Operation 30 'load' 'i_1' <Predicate = true> <Delay = 0.00>
ST_1 : Operation 31 [1/1] (0.00ns)   --->   "%specbitsmap_ln0 = specbitsmap void @_ssdm_op_SpecBitsMap, i32 %gmem"   --->   Operation 31 'specbitsmap' 'specbitsmap_ln0' <Predicate = true> <Delay = 0.00>
ST_1 : Operation 32 [1/1] (1.86ns)   --->   "%icmp_ln202 = icmp_eq  i17 %i_1, i17 72384" [../hls_files/conv_pool.cpp:202]   --->   Operation 32 'icmp' 'icmp_ln202' <Predicate = true> <Delay = 1.86> <CoreInst = "Cmp">   --->   Core 9 'Cmp' <Latency = 0> <II = 1> <Delay = 1.86> <FuncUnit> <Opcode : 'seteq' 'setne' 'setle' 'setge' 'setlt' 'setgt'> <InPorts = 2> <OutPorts = 1>
ST_1 : Operation 33 [1/1] (0.00ns)   --->   "%speclooptripcount_ln0 = speclooptripcount void @_ssdm_op_SpecLoopTripCount, i64 72384, i64 72384, i64 72384"   --->   Operation 33 'speclooptripcount' 'speclooptripcount_ln0' <Predicate = true> <Delay = 0.00>
ST_1 : Operation 34 [1/1] (1.86ns)   --->   "%add_ln202 = add i17 %i_1, i17 1" [../hls_files/conv_pool.cpp:202]   --->   Operation 34 'add' 'add_ln202' <Predicate = true> <Delay = 1.86> <CoreInst = "Adder">   --->   Core 1 'Adder' <Latency = 0> <II = 1> <Delay = 1.86> <FuncUnit> <Opcode : 'add' 'sub'> <InPorts = 2> <OutPorts = 1>
ST_1 : Operation 35 [1/1] (0.00ns)   --->   "%br_ln202 = br i1 %icmp_ln202, void %for.inc397.split, void %for.inc402.exitStub" [../hls_files/conv_pool.cpp:202]   --->   Operation 35 'br' 'br_ln202' <Predicate = true> <Delay = 0.00>
ST_1 : Operation 36 [1/1] (0.00ns)   --->   "%zext_ln202_1 = zext i17 %i_1" [../hls_files/conv_pool.cpp:202]   --->   Operation 36 'zext' 'zext_ln202_1' <Predicate = (!icmp_ln202)> <Delay = 0.00>
ST_1 : Operation 37 [1/1] (0.00ns) (grouped into TernaryAdder)   --->   "%add_ln203 = add i63 %zext_ln202_1, i63 %sext_ln199_cast" [../hls_files/conv_pool.cpp:203]   --->   Operation 37 'add' 'add_ln203' <Predicate = (!icmp_ln202)> <Delay = 0.00> <CoreInst = "TAddSub">   --->   Core 10 'TAddSub' <Latency = 0> <II = 1> <Delay = 2.24> <IPBlock> <Opcode : 'add' 'sub'> <InPorts = 3> <OutPorts = 1> <Sync> <CReg>
ST_1 : Operation 38 [1/1] (4.49ns) (root node of TernaryAdder)   --->   "%add_ln203_1 = add i63 %add_ln203, i63 %zext_ln201_cast" [../hls_files/conv_pool.cpp:203]   --->   Operation 38 'add' 'add_ln203_1' <Predicate = (!icmp_ln202)> <Delay = 4.49> <CoreInst = "TAddSub">   --->   Core 10 'TAddSub' <Latency = 0> <II = 1> <Delay = 2.24> <IPBlock> <Opcode : 'add' 'sub'> <InPorts = 3> <OutPorts = 1> <Sync> <CReg>
ST_1 : Operation 39 [1/1] (0.00ns)   --->   "%sext_ln203 = sext i63 %add_ln203_1" [../hls_files/conv_pool.cpp:203]   --->   Operation 39 'sext' 'sext_ln203' <Predicate = (!icmp_ln202)> <Delay = 0.00>
ST_1 : Operation 40 [1/1] (0.00ns)   --->   "%gmem_addr = getelementptr i32 %gmem, i64 %sext_ln203" [../hls_files/conv_pool.cpp:203]   --->   Operation 40 'getelementptr' 'gmem_addr' <Predicate = (!icmp_ln202)> <Delay = 0.00>
ST_1 : Operation 41 [1/1] (1.32ns)   --->   "%store_ln202 = store i17 %add_ln202, i17 %i" [../hls_files/conv_pool.cpp:202]   --->   Operation 41 'store' 'store_ln202' <Predicate = (!icmp_ln202)> <Delay = 1.32>

State 2 <SV = 1> <Delay = 14.6>
ST_2 : Operation 42 [8/8] (14.6ns)   --->   "%gmem_load_31_req = readreq i1 @_ssdm_op_ReadReq.m_axi.i32P1A, i32 %gmem_addr, i64 1" [../hls_files/conv_pool.cpp:203]   --->   Operation 42 'readreq' 'gmem_load_31_req' <Predicate = (!icmp_ln202)> <Delay = 14.6> <CoreInst = "m_axi">   --->   Core 111 'm_axi' <Latency = 6> <II = 1> <Delay = 1.00> <Adapter> <Opcode : 'read' 'write' 'readreq' 'writereq' 'writeresp'>

State 3 <SV = 2> <Delay = 14.6>
ST_3 : Operation 43 [7/8] (14.6ns)   --->   "%gmem_load_31_req = readreq i1 @_ssdm_op_ReadReq.m_axi.i32P1A, i32 %gmem_addr, i64 1" [../hls_files/conv_pool.cpp:203]   --->   Operation 43 'readreq' 'gmem_load_31_req' <Predicate = (!icmp_ln202)> <Delay = 14.6> <CoreInst = "m_axi">   --->   Core 111 'm_axi' <Latency = 6> <II = 1> <Delay = 1.00> <Adapter> <Opcode : 'read' 'write' 'readreq' 'writereq' 'writeresp'>

State 4 <SV = 3> <Delay = 14.6>
ST_4 : Operation 44 [6/8] (14.6ns)   --->   "%gmem_load_31_req = readreq i1 @_ssdm_op_ReadReq.m_axi.i32P1A, i32 %gmem_addr, i64 1" [../hls_files/conv_pool.cpp:203]   --->   Operation 44 'readreq' 'gmem_load_31_req' <Predicate = (!icmp_ln202)> <Delay = 14.6> <CoreInst = "m_axi">   --->   Core 111 'm_axi' <Latency = 6> <II = 1> <Delay = 1.00> <Adapter> <Opcode : 'read' 'write' 'readreq' 'writereq' 'writeresp'>

State 5 <SV = 4> <Delay = 14.6>
ST_5 : Operation 45 [5/8] (14.6ns)   --->   "%gmem_load_31_req = readreq i1 @_ssdm_op_ReadReq.m_axi.i32P1A, i32 %gmem_addr, i64 1" [../hls_files/conv_pool.cpp:203]   --->   Operation 45 'readreq' 'gmem_load_31_req' <Predicate = true> <Delay = 14.6> <CoreInst = "m_axi">   --->   Core 111 'm_axi' <Latency = 6> <II = 1> <Delay = 1.00> <Adapter> <Opcode : 'read' 'write' 'readreq' 'writereq' 'writeresp'>

State 6 <SV = 5> <Delay = 14.6>
ST_6 : Operation 46 [4/8] (14.6ns)   --->   "%gmem_load_31_req = readreq i1 @_ssdm_op_ReadReq.m_axi.i32P1A, i32 %gmem_addr, i64 1" [../hls_files/conv_pool.cpp:203]   --->   Operation 46 'readreq' 'gmem_load_31_req' <Predicate = true> <Delay = 14.6> <CoreInst = "m_axi">   --->   Core 111 'm_axi' <Latency = 6> <II = 1> <Delay = 1.00> <Adapter> <Opcode : 'read' 'write' 'readreq' 'writereq' 'writeresp'>

State 7 <SV = 6> <Delay = 14.6>
ST_7 : Operation 47 [3/8] (14.6ns)   --->   "%gmem_load_31_req = readreq i1 @_ssdm_op_ReadReq.m_axi.i32P1A, i32 %gmem_addr, i64 1" [../hls_files/conv_pool.cpp:203]   --->   Operation 47 'readreq' 'gmem_load_31_req' <Predicate = true> <Delay = 14.6> <CoreInst = "m_axi">   --->   Core 111 'm_axi' <Latency = 6> <II = 1> <Delay = 1.00> <Adapter> <Opcode : 'read' 'write' 'readreq' 'writereq' 'writeresp'>

State 8 <SV = 7> <Delay = 14.6>
ST_8 : Operation 48 [2/8] (14.6ns)   --->   "%gmem_load_31_req = readreq i1 @_ssdm_op_ReadReq.m_axi.i32P1A, i32 %gmem_addr, i64 1" [../hls_files/conv_pool.cpp:203]   --->   Operation 48 'readreq' 'gmem_load_31_req' <Predicate = true> <Delay = 14.6> <CoreInst = "m_axi">   --->   Core 111 'm_axi' <Latency = 6> <II = 1> <Delay = 1.00> <Adapter> <Opcode : 'read' 'write' 'readreq' 'writereq' 'writeresp'>

State 9 <SV = 8> <Delay = 14.6>
ST_9 : Operation 49 [1/1] (0.00ns)   --->   "%zext_ln202 = zext i17 %i_1" [../hls_files/conv_pool.cpp:202]   --->   Operation 49 'zext' 'zext_ln202' <Predicate = true> <Delay = 0.00>
ST_9 : Operation 50 [1/1] (0.00ns)   --->   "%vec1_addr = getelementptr i32 %vec1, i64 0, i64 %zext_ln202" [../hls_files/conv_pool.cpp:203]   --->   Operation 50 'getelementptr' 'vec1_addr' <Predicate = true> <Delay = 0.00>
ST_9 : Operation 51 [2/2] (2.77ns)   --->   "%vec1_load = load i17 %vec1_addr" [../hls_files/conv_pool.cpp:203]   --->   Operation 51 'load' 'vec1_load' <Predicate = true> <Delay = 2.77> <CoreInst = "RAM">   --->   Core 81 'RAM' <Latency = 1> <II = 1> <Delay = 2.77> <Storage> <Opcode : 'load' 'store'> <Ports = 2> <Width = 32> <Depth = 72384> <RAM>
ST_9 : Operation 52 [1/8] (14.6ns)   --->   "%gmem_load_31_req = readreq i1 @_ssdm_op_ReadReq.m_axi.i32P1A, i32 %gmem_addr, i64 1" [../hls_files/conv_pool.cpp:203]   --->   Operation 52 'readreq' 'gmem_load_31_req' <Predicate = true> <Delay = 14.6> <CoreInst = "m_axi">   --->   Core 111 'm_axi' <Latency = 6> <II = 1> <Delay = 1.00> <Adapter> <Opcode : 'read' 'write' 'readreq' 'writereq' 'writeresp'>

State 10 <SV = 9> <Delay = 14.6>
ST_10 : Operation 53 [1/2] ( I:2.77ns O:2.77ns )   --->   "%vec1_load = load i17 %vec1_addr" [../hls_files/conv_pool.cpp:203]   --->   Operation 53 'load' 'vec1_load' <Predicate = true> <Delay = 2.77> <CoreInst = "RAM">   --->   Core 81 'RAM' <Latency = 1> <II = 1> <Delay = 2.77> <Storage> <Opcode : 'load' 'store'> <Ports = 2> <Width = 32> <Depth = 72384> <RAM>
ST_10 : Operation 54 [1/1] (14.6ns)   --->   "%gmem_addr_read = read i32 @_ssdm_op_Read.m_axi.i32P1A, i32 %gmem_addr" [../hls_files/conv_pool.cpp:203]   --->   Operation 54 'read' 'gmem_addr_read' <Predicate = true> <Delay = 14.6> <CoreInst = "m_axi">   --->   Core 111 'm_axi' <Latency = 3> <II = 1> <Delay = 1.00> <Adapter> <Opcode : 'read' 'write' 'readreq' 'writereq' 'writeresp'>

State 11 <SV = 10> <Delay = 10.2>
ST_11 : Operation 55 [1/1] (0.00ns)   --->   "%bitcast_ln203 = bitcast i32 %gmem_addr_read" [../hls_files/conv_pool.cpp:203]   --->   Operation 55 'bitcast' 'bitcast_ln203' <Predicate = true> <Delay = 0.00>
ST_11 : Operation 56 [2/2] (10.2ns)   --->   "%mul2 = fmul i32 %vec1_load, i32 %bitcast_ln203" [../hls_files/conv_pool.cpp:203]   --->   Operation 56 'fmul' 'mul2' <Predicate = true> <Delay = 10.2> <CoreInst = "FMul_maxdsp">   --->   Core 30 'FMul_maxdsp' <Latency = 1> <II = 1> <Delay = 10.2> <FuncUnit> <Opcode : 'fmul'> <InPorts = 2> <OutPorts = 1>

State 12 <SV = 11> <Delay = 10.2>
ST_12 : Operation 57 [1/2] (10.2ns)   --->   "%mul2 = fmul i32 %vec1_load, i32 %bitcast_ln203" [../hls_files/conv_pool.cpp:203]   --->   Operation 57 'fmul' 'mul2' <Predicate = true> <Delay = 10.2> <CoreInst = "FMul_maxdsp">   --->   Core 30 'FMul_maxdsp' <Latency = 1> <II = 1> <Delay = 10.2> <FuncUnit> <Opcode : 'fmul'> <InPorts = 2> <OutPorts = 1>
ST_12 : Operation 66 [1/1] (0.00ns)   --->   "%acc_load = load i32 %acc"   --->   Operation 66 'load' 'acc_load' <Predicate = (icmp_ln202)> <Delay = 0.00>
ST_12 : Operation 67 [1/1] (0.00ns)   --->   "%write_ln0 = write void @_ssdm_op_Write.ap_auto.floatP0A, i32 %acc_31_out, i32 %acc_load"   --->   Operation 67 'write' 'write_ln0' <Predicate = (icmp_ln202)> <Delay = 0.00>
ST_12 : Operation 68 [1/1] (1.32ns)   --->   "%ret_ln0 = ret"   --->   Operation 68 'ret' 'ret_ln0' <Predicate = (icmp_ln202)> <Delay = 1.32>

State 13 <SV = 12> <Delay = 14.5>
ST_13 : Operation 58 [1/1] (0.00ns)   --->   "%acc_load_1 = load i32 %acc" [../hls_files/conv_pool.cpp:203]   --->   Operation 58 'load' 'acc_load_1' <Predicate = true> <Delay = 0.00>
ST_13 : Operation 59 [3/3] (14.5ns)   --->   "%acc_1 = fadd i32 %acc_load_1, i32 %mul2" [../hls_files/conv_pool.cpp:203]   --->   Operation 59 'fadd' 'acc_1' <Predicate = true> <Delay = 14.5> <CoreInst = "FAddSub_fulldsp">   --->   Core 18 'FAddSub_fulldsp' <Latency = 2> <II = 1> <Delay = 14.5> <FuncUnit> <Opcode : 'fadd' 'fsub'> <InPorts = 2> <OutPorts = 1>

State 14 <SV = 13> <Delay = 14.5>
ST_14 : Operation 60 [2/3] (14.5ns)   --->   "%acc_1 = fadd i32 %acc_load_1, i32 %mul2" [../hls_files/conv_pool.cpp:203]   --->   Operation 60 'fadd' 'acc_1' <Predicate = true> <Delay = 14.5> <CoreInst = "FAddSub_fulldsp">   --->   Core 18 'FAddSub_fulldsp' <Latency = 2> <II = 1> <Delay = 14.5> <FuncUnit> <Opcode : 'fadd' 'fsub'> <InPorts = 2> <OutPorts = 1>

State 15 <SV = 14> <Delay = 14.5>
ST_15 : Operation 61 [1/3] (14.5ns)   --->   "%acc_1 = fadd i32 %acc_load_1, i32 %mul2" [../hls_files/conv_pool.cpp:203]   --->   Operation 61 'fadd' 'acc_1' <Predicate = true> <Delay = 14.5> <CoreInst = "FAddSub_fulldsp">   --->   Core 18 'FAddSub_fulldsp' <Latency = 2> <II = 1> <Delay = 14.5> <FuncUnit> <Opcode : 'fadd' 'fsub'> <InPorts = 2> <OutPorts = 1>

State 16 <SV = 15> <Delay = 1.32>
ST_16 : Operation 62 [1/1] (0.00ns)   --->   "%specpipeline_ln201 = specpipeline void @_ssdm_op_SpecPipeline, i32 4294967295, i32 0, i32 0, i32 0, void @empty_23" [../hls_files/conv_pool.cpp:201]   --->   Operation 62 'specpipeline' 'specpipeline_ln201' <Predicate = true> <Delay = 0.00>
ST_16 : Operation 63 [1/1] (0.00ns)   --->   "%specloopname_ln202 = specloopname void @_ssdm_op_SpecLoopName, void @empty_2" [../hls_files/conv_pool.cpp:202]   --->   Operation 63 'specloopname' 'specloopname_ln202' <Predicate = true> <Delay = 0.00>
ST_16 : Operation 64 [1/1] (1.32ns)   --->   "%store_ln201 = store i32 %acc_1, i32 %acc" [../hls_files/conv_pool.cpp:201]   --->   Operation 64 'store' 'store_ln201' <Predicate = true> <Delay = 1.32>
ST_16 : Operation 65 [1/1] (0.00ns)   --->   "%br_ln202 = br void %for.inc397" [../hls_files/conv_pool.cpp:202]   --->   Operation 65 'br' 'br_ln202' <Predicate = true> <Delay = 0.00>


============================================================
+ Verbose Summary: Binding
============================================================
STG Binding: 
---------------- STG Properties BEGIN ----------------
- Is combinational: 0
- Is one-state seq: 0
- Is datapath-only: 0
- Is pipelined: 0
- Is top level: 0
Port [ Return ] is wired: 1; IO mode=ap_ctrl_hs:ce=0
Port [ acc_33]:  wired=1; compound=0; hidden=0; nouse=0; global=0; static=0; extern=0; dir=0; type=0; pingpong=0; private_global=0; IO mode=ap_none:ce=0
Port [ gmem]:  wired=1; compound=1; hidden=0; nouse=0; global=0; static=0; extern=0; dir=0; type=4; pingpong=0; private_global=0; IO mode=m_axi:ce=0
Port [ sext_ln199]:  wired=1; compound=0; hidden=0; nouse=0; global=0; static=0; extern=0; dir=0; type=0; pingpong=0; private_global=0; IO mode=ap_none:ce=0
Port [ zext_ln201]:  wired=1; compound=0; hidden=0; nouse=0; global=0; static=0; extern=0; dir=0; type=0; pingpong=0; private_global=0; IO mode=ap_none:ce=0
Port [ acc_31_out]:  wired=1; compound=0; hidden=0; nouse=0; global=0; static=0; extern=0; dir=1; type=0; pingpong=0; private_global=0; IO mode=ap_vld:ce=0
Port [ vec1]:  wired=1; compound=1; hidden=0; nouse=0; global=1; static=1; extern=0; dir=0; type=1; pingpong=0; private_global=0; MemPort=[13]; IO mode=ap_memory:ce=0
---------------- STG Properties END ------------------

---------------- Datapath Model BEGIN ----------------

<LifeTime>
<method=bitvector/>
acc                   (alloca           ) [ 01111111111111111]
i                     (alloca           ) [ 01000000000000000]
zext_ln201_read       (read             ) [ 00000000000000000]
sext_ln199_read       (read             ) [ 00000000000000000]
acc_33_read           (read             ) [ 00000000000000000]
zext_ln201_cast       (zext             ) [ 00000000000000000]
sext_ln199_cast       (sext             ) [ 00000000000000000]
specinterface_ln0     (specinterface    ) [ 00000000000000000]
store_ln202           (store            ) [ 00000000000000000]
store_ln201           (store            ) [ 00000000000000000]
br_ln0                (br               ) [ 00000000000000000]
i_1                   (load             ) [ 01111111110000000]
specbitsmap_ln0       (specbitsmap      ) [ 00000000000000000]
icmp_ln202            (icmp             ) [ 01111111111110000]
speclooptripcount_ln0 (speclooptripcount) [ 00000000000000000]
add_ln202             (add              ) [ 00000000000000000]
br_ln202              (br               ) [ 00000000000000000]
zext_ln202_1          (zext             ) [ 00000000000000000]
add_ln203             (add              ) [ 00000000000000000]
add_ln203_1           (add              ) [ 00000000000000000]
sext_ln203            (sext             ) [ 00000000000000000]
gmem_addr             (getelementptr    ) [ 01111111111000000]
store_ln202           (store            ) [ 00000000000000000]
zext_ln202            (zext             ) [ 00000000000000000]
vec1_addr             (getelementptr    ) [ 00100000001000000]
gmem_load_31_req      (readreq          ) [ 00000000000000000]
vec1_load             (load             ) [ 00011000000110000]
gmem_addr_read        (read             ) [ 00010000000100000]
bitcast_ln203         (bitcast          ) [ 00001000000010000]
mul2                  (fmul             ) [ 01110000000001110]
acc_load_1            (load             ) [ 00110000000000110]
acc_1                 (fadd             ) [ 00001000000000001]
specpipeline_ln201    (specpipeline     ) [ 00000000000000000]
specloopname_ln202    (specloopname     ) [ 00000000000000000]
store_ln201           (store            ) [ 00000000000000000]
br_ln202              (br               ) [ 00000000000000000]
acc_load              (load             ) [ 00000000000000000]
write_ln0             (write            ) [ 00000000000000000]
ret_ln0               (ret              ) [ 00000000000000000]
</LifeTime>

<model>

<comp_list>
<comp id="0" class="1000" name="acc_33">
<pin_list>
<pin id="1" dir="1" index="0" bw="1" slack="0"/>
</pin_list>
<bind>
<StgValue><ssdm name="acc_33"/></StgValue>
</bind>
</comp>

<comp id="2" class="1000" name="gmem">
<pin_list>
<pin id="3" dir="1" index="0" bw="1" slack="0"/>
</pin_list>
<bind>
<StgValue><ssdm name="gmem"/><MemPortTyVec>0 </MemPortTyVec>
</StgValue>
</bind>
</comp>

<comp id="4" class="1000" name="sext_ln199">
<pin_list>
<pin id="5" dir="1" index="0" bw="1" slack="0"/>
</pin_list>
<bind>
<StgValue><ssdm name="sext_ln199"/></StgValue>
</bind>
</comp>

<comp id="6" class="1000" name="zext_ln201">
<pin_list>
<pin id="7" dir="1" index="0" bw="1" slack="0"/>
</pin_list>
<bind>
<StgValue><ssdm name="zext_ln201"/></StgValue>
</bind>
</comp>

<comp id="8" class="1000" name="acc_31_out">
<pin_list>
<pin id="9" dir="1" index="0" bw="1" slack="0"/>
</pin_list>
<bind>
<StgValue><ssdm name="acc_31_out"/></StgValue>
</bind>
</comp>

<comp id="10" class="1000" name="vec1">
<pin_list>
<pin id="11" dir="1" index="0" bw="1" slack="0"/>
</pin_list>
<bind>
<StgValue><ssdm name="vec1"/><MemPortTyVec>1 3 </MemPortTyVec>
</StgValue>
</bind>
</comp>

<comp id="12" class="1001" name="const_12">
<pin_list>
<pin id="13" dir="1" index="0" bw="1" slack="0"/>
</pin_list>
<bind>
<StgValue><ssdm name=""/></StgValue>
</bind>
</comp>

<comp id="14" class="1001" name="const_14">
<pin_list>
<pin id="15" dir="1" index="0" bw="1" slack="0"/>
</pin_list>
<bind>
<StgValue><ssdm name="_ssdm_op_Read.ap_auto.i22"/></StgValue>
</bind>
</comp>

<comp id="16" class="1001" name="const_16">
<pin_list>
<pin id="17" dir="1" index="0" bw="1" slack="0"/>
</pin_list>
<bind>
<StgValue><ssdm name="_ssdm_op_Read.ap_auto.i62"/></StgValue>
</bind>
</comp>

<comp id="18" class="1001" name="const_18">
<pin_list>
<pin id="19" dir="1" index="0" bw="1" slack="0"/>
</pin_list>
<bind>
<StgValue><ssdm name="_ssdm_op_Read.ap_auto.float"/></StgValue>
</bind>
</comp>

<comp id="20" class="1001" name="const_20">
<pin_list>
<pin id="21" dir="1" index="0" bw="1" slack="2147483647"/>
</pin_list>
<bind>
<StgValue><ssdm name="_ssdm_op_SpecInterface"/></StgValue>
</bind>
</comp>

<comp id="22" class="1001" name="const_22">
<pin_list>
<pin id="23" dir="1" index="0" bw="1" slack="2147483647"/>
</pin_list>
<bind>
<StgValue><ssdm name="empty_24"/></StgValue>
</bind>
</comp>

<comp id="24" class="1001" name="const_24">
<pin_list>
<pin id="25" dir="1" index="0" bw="1" slack="2147483647"/>
</pin_list>
<bind>
<StgValue><ssdm name=""/></StgValue>
</bind>
</comp>

<comp id="26" class="1001" name="const_26">
<pin_list>
<pin id="27" dir="1" index="0" bw="1" slack="2147483647"/>
</pin_list>
<bind>
<StgValue><ssdm name="empty_23"/></StgValue>
</bind>
</comp>

<comp id="28" class="1001" name="const_28">
<pin_list>
<pin id="29" dir="1" index="0" bw="1" slack="2147483647"/>
</pin_list>
<bind>
<StgValue><ssdm name="empty_22"/></StgValue>
</bind>
</comp>

<comp id="30" class="1001" name="const_30">
<pin_list>
<pin id="31" dir="1" index="0" bw="1" slack="2147483647"/>
</pin_list>
<bind>
<StgValue><ssdm name="empty_21"/></StgValue>
</bind>
</comp>

<comp id="32" class="1001" name="const_32">
<pin_list>
<pin id="33" dir="1" index="0" bw="1" slack="2147483647"/>
</pin_list>
<bind>
<StgValue><ssdm name=""/></StgValue>
</bind>
</comp>

<comp id="34" class="1001" name="const_34">
<pin_list>
<pin id="35" dir="1" index="0" bw="1" slack="2147483647"/>
</pin_list>
<bind>
<StgValue><ssdm name=""/></StgValue>
</bind>
</comp>

<comp id="36" class="1001" name="const_36">
<pin_list>
<pin id="37" dir="1" index="0" bw="1" slack="0"/>
</pin_list>
<bind>
<StgValue><ssdm name=""/></StgValue>
</bind>
</comp>

<comp id="38" class="1001" name="const_38">
<pin_list>
<pin id="39" dir="1" index="0" bw="1" slack="2147483647"/>
</pin_list>
<bind>
<StgValue><ssdm name="_ssdm_op_SpecBitsMap"/></StgValue>
</bind>
</comp>

<comp id="40" class="1001" name="const_40">
<pin_list>
<pin id="41" dir="1" index="0" bw="1" slack="0"/>
</pin_list>
<bind>
<StgValue><ssdm name=""/></StgValue>
</bind>
</comp>

<comp id="42" class="1001" name="const_42">
<pin_list>
<pin id="43" dir="1" index="0" bw="1" slack="2147483647"/>
</pin_list>
<bind>
<StgValue><ssdm name="_ssdm_op_SpecLoopTripCount"/></StgValue>
</bind>
</comp>

<comp id="44" class="1001" name="const_44">
<pin_list>
<pin id="45" dir="1" index="0" bw="1" slack="2147483647"/>
</pin_list>
<bind>
<StgValue><ssdm name=""/></StgValue>
</bind>
</comp>

<comp id="46" class="1001" name="const_46">
<pin_list>
<pin id="47" dir="1" index="0" bw="1" slack="0"/>
</pin_list>
<bind>
<StgValue><ssdm name=""/></StgValue>
</bind>
</comp>

<comp id="48" class="1001" name="const_48">
<pin_list>
<pin id="49" dir="1" index="0" bw="1" slack="0"/>
</pin_list>
<bind>
<StgValue><ssdm name="_ssdm_op_ReadReq.m_axi.i32P1A"/></StgValue>
</bind>
</comp>

<comp id="50" class="1001" name="const_50">
<pin_list>
<pin id="51" dir="1" index="0" bw="1" slack="0"/>
</pin_list>
<bind>
<StgValue><ssdm name=""/></StgValue>
</bind>
</comp>

<comp id="52" class="1001" name="const_52">
<pin_list>
<pin id="53" dir="1" index="0" bw="1" slack="0"/>
</pin_list>
<bind>
<StgValue><ssdm name=""/></StgValue>
</bind>
</comp>

<comp id="54" class="1001" name="const_54">
<pin_list>
<pin id="55" dir="1" index="0" bw="1" slack="0"/>
</pin_list>
<bind>
<StgValue><ssdm name="_ssdm_op_Read.m_axi.i32P1A"/></StgValue>
</bind>
</comp>

<comp id="56" class="1001" name="const_56">
<pin_list>
<pin id="57" dir="1" index="0" bw="1" slack="2147483647"/>
</pin_list>
<bind>
<StgValue><ssdm name="_ssdm_op_SpecPipeline"/></StgValue>
</bind>
</comp>

<comp id="58" class="1001" name="const_58">
<pin_list>
<pin id="59" dir="1" index="0" bw="1" slack="2147483647"/>
</pin_list>
<bind>
<StgValue><ssdm name="_ssdm_op_SpecLoopName"/></StgValue>
</bind>
</comp>

<comp id="60" class="1001" name="const_60">
<pin_list>
<pin id="61" dir="1" index="0" bw="1" slack="2147483647"/>
</pin_list>
<bind>
<StgValue><ssdm name="empty_2"/></StgValue>
</bind>
</comp>

<comp id="62" class="1001" name="const_62">
<pin_list>
<pin id="63" dir="1" index="0" bw="1" slack="0"/>
</pin_list>
<bind>
<StgValue><ssdm name="_ssdm_op_Write.ap_auto.floatP0A"/></StgValue>
</bind>
</comp>

<comp id="64" class="1004" name="acc_fu_64">
<pin_list>
<pin id="65" dir="0" index="0" bw="1" slack="0"/>
<pin id="66" dir="1" index="1" bw="32" slack="0"/>
</pin_list>
<bind>
<opcode="alloca(26) " fcode="alloca"/>
<opset="acc/1 "/>
</bind>
</comp>

<comp id="68" class="1004" name="i_fu_68">
<pin_list>
<pin id="69" dir="0" index="0" bw="1" slack="0"/>
<pin id="70" dir="1" index="1" bw="17" slack="0"/>
</pin_list>
<bind>
<opcode="alloca(26) " fcode="alloca"/>
<opset="i/1 "/>
</bind>
</comp>

<comp id="72" class="1004" name="zext_ln201_read_read_fu_72">
<pin_list>
<pin id="73" dir="0" index="0" bw="22" slack="0"/>
<pin id="74" dir="0" index="1" bw="22" slack="0"/>
<pin id="75" dir="1" index="2" bw="22" slack="0"/>
</pin_list>
<bind>
<opcode="read(1150) " fcode="read"/>
<opset="zext_ln201_read/1 "/>
</bind>
</comp>

<comp id="78" class="1004" name="sext_ln199_read_read_fu_78">
<pin_list>
<pin id="79" dir="0" index="0" bw="62" slack="0"/>
<pin id="80" dir="0" index="1" bw="62" slack="0"/>
<pin id="81" dir="1" index="2" bw="62" slack="0"/>
</pin_list>
<bind>
<opcode="read(1150) " fcode="read"/>
<opset="sext_ln199_read/1 "/>
</bind>
</comp>

<comp id="84" class="1004" name="acc_33_read_read_fu_84">
<pin_list>
<pin id="85" dir="0" index="0" bw="32" slack="0"/>
<pin id="86" dir="0" index="1" bw="32" slack="0"/>
<pin id="87" dir="1" index="2" bw="32" slack="0"/>
</pin_list>
<bind>
<opcode="read(1150) " fcode="read"/>
<opset="acc_33_read/1 "/>
</bind>
</comp>

<comp id="90" class="1004" name="write_ln0_write_fu_90">
<pin_list>
<pin id="91" dir="0" index="0" bw="0" slack="0"/>
<pin id="92" dir="0" index="1" bw="32" slack="0"/>
<pin id="93" dir="0" index="2" bw="32" slack="0"/>
<pin id="94" dir="1" index="3" bw="0" slack="2147483647"/>
</pin_list>
<bind>
<opcode="write(1151) " fcode="write"/>
<opset="write_ln0/12 "/>
</bind>
</comp>

<comp id="97" class="1004" name="vec1_addr_gep_fu_97">
<pin_list>
<pin id="98" dir="0" index="0" bw="32" slack="0"/>
<pin id="99" dir="0" index="1" bw="1" slack="0"/>
<pin id="100" dir="0" index="2" bw="17" slack="0"/>
<pin id="101" dir="1" index="3" bw="17" slack="0"/>
</pin_list>
<bind>
<opcode="getelementptr(29) " fcode="getelementptr"/>
<opset="vec1_addr/9 "/>
</bind>
</comp>

<comp id="104" class="1004" name="grp_access_fu_104">
<pin_list>
<pin id="105" dir="0" index="0" bw="17" slack="0"/>
<pin id="106" dir="0" index="1" bw="32" slack="2147483647"/>
<pin id="107" dir="0" index="2" bw="0" slack="2147483647"/>
<pin id="108" dir="1" index="3" bw="32" slack="1"/>
</pin_list>
<bind>
<opcode="load(27) " fcode="load"/>
<opset="vec1_load/9 "/>
</bind>
</comp>

<comp id="110" class="1004" name="grp_readreq_fu_110">
<pin_list>
<pin id="111" dir="0" index="0" bw="1" slack="0"/>
<pin id="112" dir="0" index="1" bw="32" slack="1"/>
<pin id="113" dir="0" index="2" bw="1" slack="0"/>
<pin id="114" dir="1" index="3" bw="1" slack="2147483647"/>
</pin_list>
<bind>
<opcode="readreq(1154) " fcode="readreq"/>
<opset="gmem_load_31_req/2 "/>
</bind>
</comp>

<comp id="117" class="1004" name="gmem_addr_read_read_fu_117">
<pin_list>
<pin id="118" dir="0" index="0" bw="32" slack="0"/>
<pin id="119" dir="0" index="1" bw="32" slack="9"/>
<pin id="120" dir="1" index="2" bw="32" slack="1"/>
</pin_list>
<bind>
<opcode="read(1150) " fcode="read"/>
<opset="gmem_addr_read/10 "/>
</bind>
</comp>

<comp id="122" class="1004" name="grp_fu_122">
<pin_list>
<pin id="123" dir="0" index="0" bw="32" slack="0"/>
<pin id="124" dir="0" index="1" bw="32" slack="1"/>
<pin id="125" dir="1" index="2" bw="32" slack="1"/>
</pin_list>
<bind>
<opcode="fadd(9) " fcode="fadd"/>
<opset="acc_1/13 "/>
</bind>
</comp>

<comp id="126" class="1004" name="grp_fu_126">
<pin_list>
<pin id="127" dir="0" index="0" bw="32" slack="1"/>
<pin id="128" dir="0" index="1" bw="32" slack="0"/>
<pin id="129" dir="1" index="2" bw="32" slack="1"/>
</pin_list>
<bind>
<opcode="fmul(13) " fcode="fmul"/>
<opset="mul2/11 "/>
</bind>
</comp>

<comp id="130" class="1004" name="zext_ln201_cast_fu_130">
<pin_list>
<pin id="131" dir="0" index="0" bw="22" slack="0"/>
<pin id="132" dir="1" index="1" bw="63" slack="0"/>
</pin_list>
<bind>
<opcode="zext(34) " fcode="zext"/>
<opset="zext_ln201_cast/1 "/>
</bind>
</comp>

<comp id="134" class="1004" name="sext_ln199_cast_fu_134">
<pin_list>
<pin id="135" dir="0" index="0" bw="62" slack="0"/>
<pin id="136" dir="1" index="1" bw="63" slack="0"/>
</pin_list>
<bind>
<opcode="sext(35) " fcode="sext"/>
<opset="sext_ln199_cast/1 "/>
</bind>
</comp>

<comp id="138" class="1004" name="store_ln202_store_fu_138">
<pin_list>
<pin id="139" dir="0" index="0" bw="1" slack="0"/>
<pin id="140" dir="0" index="1" bw="17" slack="0"/>
<pin id="141" dir="1" index="2" bw="0" slack="2147483647"/>
</pin_list>
<bind>
<opcode="store(28) " fcode="store"/>
<opset="store_ln202/1 "/>
</bind>
</comp>

<comp id="143" class="1004" name="store_ln201_store_fu_143">
<pin_list>
<pin id="144" dir="0" index="0" bw="32" slack="0"/>
<pin id="145" dir="0" index="1" bw="32" slack="0"/>
<pin id="146" dir="1" index="2" bw="0" slack="2147483647"/>
</pin_list>
<bind>
<opcode="store(28) " fcode="store"/>
<opset="store_ln201/1 "/>
</bind>
</comp>

<comp id="148" class="1004" name="i_1_load_fu_148">
<pin_list>
<pin id="149" dir="0" index="0" bw="17" slack="0"/>
<pin id="150" dir="1" index="1" bw="17" slack="0"/>
</pin_list>
<bind>
<opcode="load(27) " fcode="load"/>
<opset="i_1/1 "/>
</bind>
</comp>

<comp id="151" class="1004" name="icmp_ln202_fu_151">
<pin_list>
<pin id="152" dir="0" index="0" bw="17" slack="0"/>
<pin id="153" dir="0" index="1" bw="17" slack="0"/>
<pin id="154" dir="1" index="2" bw="1" slack="1"/>
</pin_list>
<bind>
<opcode="icmp(45) " fcode="icmp"/>
<opset="icmp_ln202/1 "/>
</bind>
</comp>

<comp id="157" class="1004" name="add_ln202_fu_157">
<pin_list>
<pin id="158" dir="0" index="0" bw="17" slack="0"/>
<pin id="159" dir="0" index="1" bw="1" slack="0"/>
<pin id="160" dir="1" index="2" bw="17" slack="0"/>
</pin_list>
<bind>
<opcode="add(8) " fcode="add"/>
<opset="add_ln202/1 "/>
</bind>
</comp>

<comp id="163" class="1004" name="zext_ln202_1_fu_163">
<pin_list>
<pin id="164" dir="0" index="0" bw="17" slack="0"/>
<pin id="165" dir="1" index="1" bw="63" slack="0"/>
</pin_list>
<bind>
<opcode="zext(34) " fcode="zext"/>
<opset="zext_ln202_1/1 "/>
</bind>
</comp>

<comp id="167" class="1004" name="add_ln203_fu_167">
<pin_list>
<pin id="168" dir="0" index="0" bw="17" slack="0"/>
<pin id="169" dir="0" index="1" bw="62" slack="0"/>
<pin id="170" dir="1" index="2" bw="63" slack="0"/>
</pin_list>
<bind>
<opcode="add(8) " fcode="add"/>
<opset="add_ln203/1 "/>
</bind>
</comp>

<comp id="173" class="1004" name="add_ln203_1_fu_173">
<pin_list>
<pin id="174" dir="0" index="0" bw="63" slack="0"/>
<pin id="175" dir="0" index="1" bw="22" slack="0"/>
<pin id="176" dir="1" index="2" bw="63" slack="0"/>
</pin_list>
<bind>
<opcode="add(8) " fcode="add"/>
<opset="add_ln203_1/1 "/>
</bind>
</comp>

<comp id="179" class="1004" name="sext_ln203_fu_179">
<pin_list>
<pin id="180" dir="0" index="0" bw="63" slack="0"/>
<pin id="181" dir="1" index="1" bw="64" slack="0"/>
</pin_list>
<bind>
<opcode="sext(35) " fcode="sext"/>
<opset="sext_ln203/1 "/>
</bind>
</comp>

<comp id="183" class="1004" name="gmem_addr_fu_183">
<pin_list>
<pin id="184" dir="0" index="0" bw="32" slack="0"/>
<pin id="185" dir="0" index="1" bw="63" slack="0"/>
<pin id="186" dir="1" index="2" bw="32" slack="1"/>
</pin_list>
<bind>
<opcode="getelementptr(29) " fcode="getelementptr"/>
<opset="gmem_addr/1 "/>
</bind>
</comp>

<comp id="189" class="1004" name="store_ln202_store_fu_189">
<pin_list>
<pin id="190" dir="0" index="0" bw="17" slack="0"/>
<pin id="191" dir="0" index="1" bw="17" slack="0"/>
<pin id="192" dir="1" index="2" bw="0" slack="2147483647"/>
</pin_list>
<bind>
<opcode="store(28) " fcode="store"/>
<opset="store_ln202/1 "/>
</bind>
</comp>

<comp id="194" class="1004" name="zext_ln202_fu_194">
<pin_list>
<pin id="195" dir="0" index="0" bw="17" slack="8"/>
<pin id="196" dir="1" index="1" bw="64" slack="0"/>
</pin_list>
<bind>
<opcode="zext(34) " fcode="zext"/>
<opset="zext_ln202/9 "/>
</bind>
</comp>

<comp id="198" class="1004" name="bitcast_ln203_fu_198">
<pin_list>
<pin id="199" dir="0" index="0" bw="32" slack="1"/>
<pin id="200" dir="1" index="1" bw="32" slack="0"/>
</pin_list>
<bind>
<opcode="bitcast(44) " fcode="bitcast"/>
<opset="bitcast_ln203/11 "/>
</bind>
</comp>

<comp id="202" class="1004" name="acc_load_1_load_fu_202">
<pin_list>
<pin id="203" dir="0" index="0" bw="32" slack="12"/>
<pin id="204" dir="1" index="1" bw="32" slack="0"/>
</pin_list>
<bind>
<opcode="load(27) " fcode="load"/>
<opset="acc_load_1/13 "/>
</bind>
</comp>

<comp id="206" class="1004" name="store_ln201_store_fu_206">
<pin_list>
<pin id="207" dir="0" index="0" bw="32" slack="1"/>
<pin id="208" dir="0" index="1" bw="32" slack="15"/>
<pin id="209" dir="1" index="2" bw="0" slack="2147483647"/>
</pin_list>
<bind>
<opcode="store(28) " fcode="store"/>
<opset="store_ln201/16 "/>
</bind>
</comp>

<comp id="210" class="1004" name="acc_load_load_fu_210">
<pin_list>
<pin id="211" dir="0" index="0" bw="32" slack="11"/>
<pin id="212" dir="1" index="1" bw="32" slack="0"/>
</pin_list>
<bind>
<opcode="load(27) " fcode="load"/>
<opset="acc_load/12 "/>
</bind>
</comp>

<comp id="214" class="1005" name="acc_reg_214">
<pin_list>
<pin id="215" dir="0" index="0" bw="32" slack="0"/>
<pin id="216" dir="1" index="1" bw="32" slack="0"/>
</pin_list>
<bind>
<opset="acc "/>
</bind>
</comp>

<comp id="222" class="1005" name="i_reg_222">
<pin_list>
<pin id="223" dir="0" index="0" bw="17" slack="0"/>
<pin id="224" dir="1" index="1" bw="17" slack="0"/>
</pin_list>
<bind>
<opset="i "/>
</bind>
</comp>

<comp id="229" class="1005" name="i_1_reg_229">
<pin_list>
<pin id="230" dir="0" index="0" bw="17" slack="8"/>
<pin id="231" dir="1" index="1" bw="17" slack="8"/>
</pin_list>
<bind>
<opset="i_1 "/>
</bind>
</comp>

<comp id="234" class="1005" name="icmp_ln202_reg_234">
<pin_list>
<pin id="235" dir="0" index="0" bw="1" slack="1"/>
<pin id="236" dir="1" index="1" bw="1" slack="2147483647"/>
</pin_list>
<bind>
<opset="icmp_ln202 "/>
</bind>
</comp>

<comp id="238" class="1005" name="gmem_addr_reg_238">
<pin_list>
<pin id="239" dir="0" index="0" bw="32" slack="1"/>
<pin id="240" dir="1" index="1" bw="32" slack="1"/>
</pin_list>
<bind>
<opset="gmem_addr "/>
</bind>
</comp>

<comp id="244" class="1005" name="vec1_addr_reg_244">
<pin_list>
<pin id="245" dir="0" index="0" bw="17" slack="1"/>
<pin id="246" dir="1" index="1" bw="17" slack="1"/>
</pin_list>
<bind>
<opset="vec1_addr "/>
</bind>
</comp>

<comp id="249" class="1005" name="vec1_load_reg_249">
<pin_list>
<pin id="250" dir="0" index="0" bw="32" slack="1"/>
<pin id="251" dir="1" index="1" bw="32" slack="1"/>
</pin_list>
<bind>
<opset="vec1_load "/>
</bind>
</comp>

<comp id="254" class="1005" name="gmem_addr_read_reg_254">
<pin_list>
<pin id="255" dir="0" index="0" bw="32" slack="1"/>
<pin id="256" dir="1" index="1" bw="32" slack="1"/>
</pin_list>
<bind>
<opset="gmem_addr_read "/>
</bind>
</comp>

<comp id="259" class="1005" name="bitcast_ln203_reg_259">
<pin_list>
<pin id="260" dir="0" index="0" bw="32" slack="1"/>
<pin id="261" dir="1" index="1" bw="32" slack="1"/>
</pin_list>
<bind>
<opset="bitcast_ln203 "/>
</bind>
</comp>

<comp id="264" class="1005" name="mul2_reg_264">
<pin_list>
<pin id="265" dir="0" index="0" bw="32" slack="1"/>
<pin id="266" dir="1" index="1" bw="32" slack="1"/>
</pin_list>
<bind>
<opset="mul2 "/>
</bind>
</comp>

<comp id="269" class="1005" name="acc_load_1_reg_269">
<pin_list>
<pin id="270" dir="0" index="0" bw="32" slack="1"/>
<pin id="271" dir="1" index="1" bw="32" slack="1"/>
</pin_list>
<bind>
<opset="acc_load_1 "/>
</bind>
</comp>

<comp id="274" class="1005" name="acc_1_reg_274">
<pin_list>
<pin id="275" dir="0" index="0" bw="32" slack="1"/>
<pin id="276" dir="1" index="1" bw="32" slack="1"/>
</pin_list>
<bind>
<opset="acc_1 "/>
</bind>
</comp>

</comp_list>

<net_list>
<net id="67"><net_src comp="12" pin="0"/><net_sink comp="64" pin=0"/></net>

<net id="71"><net_src comp="12" pin="0"/><net_sink comp="68" pin=0"/></net>

<net id="76"><net_src comp="14" pin="0"/><net_sink comp="72" pin=0"/></net>

<net id="77"><net_src comp="6" pin="0"/><net_sink comp="72" pin=1"/></net>

<net id="82"><net_src comp="16" pin="0"/><net_sink comp="78" pin=0"/></net>

<net id="83"><net_src comp="4" pin="0"/><net_sink comp="78" pin=1"/></net>

<net id="88"><net_src comp="18" pin="0"/><net_sink comp="84" pin=0"/></net>

<net id="89"><net_src comp="0" pin="0"/><net_sink comp="84" pin=1"/></net>

<net id="95"><net_src comp="62" pin="0"/><net_sink comp="90" pin=0"/></net>

<net id="96"><net_src comp="8" pin="0"/><net_sink comp="90" pin=1"/></net>

<net id="102"><net_src comp="10" pin="0"/><net_sink comp="97" pin=0"/></net>

<net id="103"><net_src comp="52" pin="0"/><net_sink comp="97" pin=1"/></net>

<net id="109"><net_src comp="97" pin="3"/><net_sink comp="104" pin=0"/></net>

<net id="115"><net_src comp="48" pin="0"/><net_sink comp="110" pin=0"/></net>

<net id="116"><net_src comp="50" pin="0"/><net_sink comp="110" pin=2"/></net>

<net id="121"><net_src comp="54" pin="0"/><net_sink comp="117" pin=0"/></net>

<net id="133"><net_src comp="72" pin="2"/><net_sink comp="130" pin=0"/></net>

<net id="137"><net_src comp="78" pin="2"/><net_sink comp="134" pin=0"/></net>

<net id="142"><net_src comp="36" pin="0"/><net_sink comp="138" pin=0"/></net>

<net id="147"><net_src comp="84" pin="2"/><net_sink comp="143" pin=0"/></net>

<net id="155"><net_src comp="148" pin="1"/><net_sink comp="151" pin=0"/></net>

<net id="156"><net_src comp="40" pin="0"/><net_sink comp="151" pin=1"/></net>

<net id="161"><net_src comp="148" pin="1"/><net_sink comp="157" pin=0"/></net>

<net id="162"><net_src comp="46" pin="0"/><net_sink comp="157" pin=1"/></net>

<net id="166"><net_src comp="148" pin="1"/><net_sink comp="163" pin=0"/></net>

<net id="171"><net_src comp="163" pin="1"/><net_sink comp="167" pin=0"/></net>

<net id="172"><net_src comp="134" pin="1"/><net_sink comp="167" pin=1"/></net>

<net id="177"><net_src comp="167" pin="2"/><net_sink comp="173" pin=0"/></net>

<net id="178"><net_src comp="130" pin="1"/><net_sink comp="173" pin=1"/></net>

<net id="182"><net_src comp="173" pin="2"/><net_sink comp="179" pin=0"/></net>

<net id="187"><net_src comp="2" pin="0"/><net_sink comp="183" pin=0"/></net>

<net id="188"><net_src comp="179" pin="1"/><net_sink comp="183" pin=1"/></net>

<net id="193"><net_src comp="157" pin="2"/><net_sink comp="189" pin=0"/></net>

<net id="197"><net_src comp="194" pin="1"/><net_sink comp="97" pin=2"/></net>

<net id="201"><net_src comp="198" pin="1"/><net_sink comp="126" pin=1"/></net>

<net id="205"><net_src comp="202" pin="1"/><net_sink comp="122" pin=0"/></net>

<net id="213"><net_src comp="210" pin="1"/><net_sink comp="90" pin=2"/></net>

<net id="217"><net_src comp="64" pin="1"/><net_sink comp="214" pin=0"/></net>

<net id="218"><net_src comp="214" pin="1"/><net_sink comp="143" pin=1"/></net>

<net id="219"><net_src comp="214" pin="1"/><net_sink comp="202" pin=0"/></net>

<net id="220"><net_src comp="214" pin="1"/><net_sink comp="206" pin=1"/></net>

<net id="221"><net_src comp="214" pin="1"/><net_sink comp="210" pin=0"/></net>

<net id="225"><net_src comp="68" pin="1"/><net_sink comp="222" pin=0"/></net>

<net id="226"><net_src comp="222" pin="1"/><net_sink comp="138" pin=1"/></net>

<net id="227"><net_src comp="222" pin="1"/><net_sink comp="148" pin=0"/></net>

<net id="228"><net_src comp="222" pin="1"/><net_sink comp="189" pin=1"/></net>

<net id="232"><net_src comp="148" pin="1"/><net_sink comp="229" pin=0"/></net>

<net id="233"><net_src comp="229" pin="1"/><net_sink comp="194" pin=0"/></net>

<net id="237"><net_src comp="151" pin="2"/><net_sink comp="234" pin=0"/></net>

<net id="241"><net_src comp="183" pin="2"/><net_sink comp="238" pin=0"/></net>

<net id="242"><net_src comp="238" pin="1"/><net_sink comp="110" pin=1"/></net>

<net id="243"><net_src comp="238" pin="1"/><net_sink comp="117" pin=1"/></net>

<net id="247"><net_src comp="97" pin="3"/><net_sink comp="244" pin=0"/></net>

<net id="248"><net_src comp="244" pin="1"/><net_sink comp="104" pin=0"/></net>

<net id="252"><net_src comp="104" pin="3"/><net_sink comp="249" pin=0"/></net>

<net id="253"><net_src comp="249" pin="1"/><net_sink comp="126" pin=0"/></net>

<net id="257"><net_src comp="117" pin="2"/><net_sink comp="254" pin=0"/></net>

<net id="258"><net_src comp="254" pin="1"/><net_sink comp="198" pin=0"/></net>

<net id="262"><net_src comp="198" pin="1"/><net_sink comp="259" pin=0"/></net>

<net id="263"><net_src comp="259" pin="1"/><net_sink comp="126" pin=1"/></net>

<net id="267"><net_src comp="126" pin="2"/><net_sink comp="264" pin=0"/></net>

<net id="268"><net_src comp="264" pin="1"/><net_sink comp="122" pin=1"/></net>

<net id="272"><net_src comp="202" pin="1"/><net_sink comp="269" pin=0"/></net>

<net id="273"><net_src comp="269" pin="1"/><net_sink comp="122" pin=0"/></net>

<net id="277"><net_src comp="122" pin="2"/><net_sink comp="274" pin=0"/></net>

<net id="278"><net_src comp="274" pin="1"/><net_sink comp="206" pin=0"/></net>

</net_list>

</model> 
---------------- Datapath Model END ------------------

* FSMD analyzer results:
  - Output states:
	Port: acc_31_out | {12 }
 - Input state : 
	Port: cnn_accel_Pipeline_VITIS_LOOP_202_3 : acc_33 | {1 }
	Port: cnn_accel_Pipeline_VITIS_LOOP_202_3 : gmem | {2 3 4 5 6 7 8 9 10 }
	Port: cnn_accel_Pipeline_VITIS_LOOP_202_3 : sext_ln199 | {1 }
	Port: cnn_accel_Pipeline_VITIS_LOOP_202_3 : zext_ln201 | {1 }
	Port: cnn_accel_Pipeline_VITIS_LOOP_202_3 : vec1 | {9 10 }
  - Chain level:
	State 1
		store_ln202 : 1
		i_1 : 1
		icmp_ln202 : 2
		add_ln202 : 2
		br_ln202 : 3
		zext_ln202_1 : 2
		add_ln203 : 3
		add_ln203_1 : 4
		sext_ln203 : 5
		gmem_addr : 6
		store_ln202 : 3
	State 2
	State 3
	State 4
	State 5
	State 6
	State 7
	State 8
	State 9
		vec1_addr : 1
		vec1_load : 2
	State 10
	State 11
		mul2 : 1
	State 12
		write_ln0 : 1
	State 13
		acc_1 : 1
	State 14
	State 15
	State 16


============================================================
+ Verbose Summary: Datapath Resource usage 
============================================================

* Functional unit list:
|----------|----------------------------|---------|---------|---------|
| Operation|       Functional Unit      |   DSP   |    FF   |   LUT   |
|----------|----------------------------|---------|---------|---------|
|   fadd   |         grp_fu_122         |    2    |   177   |   197   |
|----------|----------------------------|---------|---------|---------|
|   fmul   |         grp_fu_126         |    3    |   128   |   129   |
|----------|----------------------------|---------|---------|---------|
|          |      add_ln202_fu_157      |    0    |    0    |    24   |
|    add   |      add_ln203_fu_167      |    0    |    0    |    62   |
|          |     add_ln203_1_fu_173     |    0    |    0    |    63   |
|----------|----------------------------|---------|---------|---------|
|   icmp   |      icmp_ln202_fu_151     |    0    |    0    |    24   |
|----------|----------------------------|---------|---------|---------|
|          | zext_ln201_read_read_fu_72 |    0    |    0    |    0    |
|   read   | sext_ln199_read_read_fu_78 |    0    |    0    |    0    |
|          |   acc_33_read_read_fu_84   |    0    |    0    |    0    |
|          | gmem_addr_read_read_fu_117 |    0    |    0    |    0    |
|----------|----------------------------|---------|---------|---------|
|   write  |    write_ln0_write_fu_90   |    0    |    0    |    0    |
|----------|----------------------------|---------|---------|---------|
|  readreq |     grp_readreq_fu_110     |    0    |    0    |    0    |
|----------|----------------------------|---------|---------|---------|
|          |   zext_ln201_cast_fu_130   |    0    |    0    |    0    |
|   zext   |     zext_ln202_1_fu_163    |    0    |    0    |    0    |
|          |      zext_ln202_fu_194     |    0    |    0    |    0    |
|----------|----------------------------|---------|---------|---------|
|   sext   |   sext_ln199_cast_fu_134   |    0    |    0    |    0    |
|          |      sext_ln203_fu_179     |    0    |    0    |    0    |
|----------|----------------------------|---------|---------|---------|
|   Total  |                            |    5    |   305   |   499   |
|----------|----------------------------|---------|---------|---------|

Memories:
N/A

* Register list:
+----------------------+--------+
|                      |   FF   |
+----------------------+--------+
|     acc_1_reg_274    |   32   |
|  acc_load_1_reg_269  |   32   |
|      acc_reg_214     |   32   |
| bitcast_ln203_reg_259|   32   |
|gmem_addr_read_reg_254|   32   |
|   gmem_addr_reg_238  |   32   |
|      i_1_reg_229     |   17   |
|       i_reg_222      |   17   |
|  icmp_ln202_reg_234  |    1   |
|     mul2_reg_264     |   32   |
|   vec1_addr_reg_244  |   17   |
|   vec1_load_reg_249  |   32   |
+----------------------+--------+
|         Total        |   308  |
+----------------------+--------+

* Multiplexer (MUX) list: 
|-------------------|------|------|------|--------||---------||---------||---------|
|        Comp       |  Pin | Size |  BW  | S x BW ||  Delay  ||    FF   ||   LUT   |
|-------------------|------|------|------|--------||---------||---------||---------|
| grp_access_fu_104 |  p0  |   2  |  17  |   34   ||    0    ||    9    |
|     grp_fu_122    |  p0  |   2  |  32  |   64   ||    0    ||    9    |
|     grp_fu_126    |  p1  |   2  |  32  |   64   ||    0    ||    9    |
|-------------------|------|------|------|--------||---------||---------||---------|
|       Total       |      |      |      |   162  ||  3.972  ||    0    ||    27   |
|-------------------|------|------|------|--------||---------||---------||---------|



* Summary:
+-----------+--------+--------+--------+--------+
|           |   DSP  |  Delay |   FF   |   LUT  |
+-----------+--------+--------+--------+--------+
|  Function |    5   |    -   |   305  |   499  |
|   Memory  |    -   |    -   |    -   |    -   |
|Multiplexer|    -   |    3   |    0   |   27   |
|  Register |    -   |    -   |   308  |    -   |
+-----------+--------+--------+--------+--------+
|   Total   |    5   |    3   |   613  |   526  |
+-----------+--------+--------+--------+--------+
