

================================================================
== Vitis HLS Report for 'cnn_accel_Pipeline_POOL1_ROW_POOL1_COL_POOL1_CH'
================================================================
* Date:           Fri Jul  4 17:05:18 2025

* Version:        2025.1 (Build 6135595 on May 21 2025)
* Project:        cnn_accel
* Solution:       hls (Vivado IP Flow Target)
* Product family: artix7
* Target device:  xc7a100t-fgg484-2L


================================================================
== Performance Estimates
================================================================
+ Timing: 
    * Summary: 
    +--------+----------+-----------+------------+
    |  Clock |  Target  | Estimated | Uncertainty|
    +--------+----------+-----------+------------+
    |ap_clk  |  20.00 ns|  10.999 ns|     5.40 ns|
    +--------+----------+-----------+------------+

+ Latency: 
    * Summary: 
    +---------+---------+----------+----------+--------+--------+------------------------------------------------+
    |  Latency (cycles) |  Latency (absolute) |     Interval    |                    Pipeline                    |
    |   min   |   max   |    min   |    max   |   min  |   max  |                      Type                      |
    +---------+---------+----------+----------+--------+--------+------------------------------------------------+
    |   302740|   302740|  6.055 ms|  6.055 ms|  302738|  302738|  loop auto-rewind stp (delay=0 clock cycles(s))|
    +---------+---------+----------+----------+--------+--------+------------------------------------------------+

    + Detail: 
        * Instance: 
        N/A

        * Loop: 
        +--------------------------------+---------+---------+----------+-----------+-----------+--------+----------+
        |                                |  Latency (cycles) | Iteration|  Initiation Interval  |  Trip  |          |
        |            Loop Name           |   min   |   max   |  Latency |  achieved |   target  |  Count | Pipelined|
        +--------------------------------+---------+---------+----------+-----------+-----------+--------+----------+
        |- POOL1_ROW_POOL1_COL_POOL1_CH  |   302738|   302738|         5|          2|          1|  151368|       yes|
        +--------------------------------+---------+---------+----------+-----------+-----------+--------+----------+

============================================================
+ Verbose Summary: Synthesis Manager
============================================================
InlineROM: 1
ExposeGlobal: 0
============================================================
+ Verbose Summary: CDFG Model
============================================================
IsTopModel: 0
ResetActiveHigh: 1
IsCombinational: 0
IsDatapathOnly: 0
HasWiredReturn: 1
HasMFsm: 2
HasVarLatency: 1
IsPipeline: 0
IsRtlPipelined: 0
IsInstanceOverlapped: 0
IsDontTouch: 0
HasImplIP: 0
IsGatedGlobalClock: 0

+ Individual pipeline summary: 
  * Pipeline-0: initiation interval (II) = 2, depth = 6


============================================================
+ Verbose Summary: Schedule
============================================================
* Number of FSM states : 6
* Pipeline : 1
  Pipeline-0 : II = 2, D = 6, States = { 1 2 3 4 5 6 }
* Dataflow Pipeline: 0

* FSM state transitions: 
1 --> 2 
2 --> 3 
3 --> 4 
4 --> 5 
5 --> 6 
6 --> 

* FSM state operations: 

State 1 <SV = 0> <Delay = 1.32>
ST_1 : Operation 8 [1/1] (0.00ns)   --->   "%m = alloca i32 1" [../hls_files/conv_pool.cpp:128]   --->   Operation 8 'alloca' 'm' <Predicate = true> <Delay = 0.00>
ST_1 : Operation 9 [1/1] (0.00ns)   --->   "%j = alloca i32 1" [../hls_files/conv_pool.cpp:126]   --->   Operation 9 'alloca' 'j' <Predicate = true> <Delay = 0.00>
ST_1 : Operation 10 [1/1] (0.00ns)   --->   "%indvar_flatten55 = alloca i32 1"   --->   Operation 10 'alloca' 'indvar_flatten55' <Predicate = true> <Delay = 0.00>
ST_1 : Operation 11 [1/1] (0.00ns)   --->   "%i = alloca i32 1" [../hls_files/conv_pool.cpp:124]   --->   Operation 11 'alloca' 'i' <Predicate = true> <Delay = 0.00>
ST_1 : Operation 12 [1/1] (0.00ns)   --->   "%indvar_flatten68 = alloca i32 1"   --->   Operation 12 'alloca' 'indvar_flatten68' <Predicate = true> <Delay = 0.00>
ST_1 : Operation 13 [1/1] (1.32ns)   --->   "%store_ln0 = store i18 0, i18 %indvar_flatten68"   --->   Operation 13 'store' 'store_ln0' <Predicate = true> <Delay = 1.32>
ST_1 : Operation 14 [1/1] (1.32ns)   --->   "%store_ln124 = store i7 0, i7 %i" [../hls_files/conv_pool.cpp:124]   --->   Operation 14 'store' 'store_ln124' <Predicate = true> <Delay = 1.32>
ST_1 : Operation 15 [1/1] (1.32ns)   --->   "%store_ln0 = store i12 0, i12 %indvar_flatten55"   --->   Operation 15 'store' 'store_ln0' <Predicate = true> <Delay = 1.32>
ST_1 : Operation 16 [1/1] (1.32ns)   --->   "%store_ln126 = store i8 0, i8 %j" [../hls_files/conv_pool.cpp:126]   --->   Operation 16 'store' 'store_ln126' <Predicate = true> <Delay = 1.32>
ST_1 : Operation 17 [1/1] (1.32ns)   --->   "%store_ln128 = store i4 0, i4 %m" [../hls_files/conv_pool.cpp:128]   --->   Operation 17 'store' 'store_ln128' <Predicate = true> <Delay = 1.32>
ST_1 : Operation 18 [1/1] (0.00ns)   --->   "%br_ln0 = br void %for.body109"   --->   Operation 18 'br' 'br_ln0' <Predicate = true> <Delay = 0.00>

State 2 <SV = 1> <Delay = 10.9>
ST_2 : Operation 19 [1/1] (0.00ns)   --->   "%indvar_flatten55_load = load i12 %indvar_flatten55" [../hls_files/conv_pool.cpp:126]   --->   Operation 19 'load' 'indvar_flatten55_load' <Predicate = true> <Delay = 0.00>
ST_2 : Operation 20 [1/1] (0.00ns)   --->   "%indvar_flatten68_load = load i18 %indvar_flatten68" [../hls_files/conv_pool.cpp:124]   --->   Operation 20 'load' 'indvar_flatten68_load' <Predicate = true> <Delay = 0.00>
ST_2 : Operation 21 [1/1] (1.88ns)   --->   "%icmp_ln124 = icmp_eq  i18 %indvar_flatten68_load, i18 151368" [../hls_files/conv_pool.cpp:124]   --->   Operation 21 'icmp' 'icmp_ln124' <Predicate = true> <Delay = 1.88> <CoreInst = "Cmp">   --->   Core 9 'Cmp' <Latency = 0> <II = 1> <Delay = 1.88> <FuncUnit> <Opcode : 'seteq' 'setne' 'setle' 'setge' 'setlt' 'setgt'> <InPorts = 2> <OutPorts = 1>
ST_2 : Operation 22 [1/1] (1.88ns)   --->   "%add_ln124_1 = add i18 %indvar_flatten68_load, i18 1" [../hls_files/conv_pool.cpp:124]   --->   Operation 22 'add' 'add_ln124_1' <Predicate = true> <Delay = 1.88> <CoreInst = "Adder">   --->   Core 1 'Adder' <Latency = 0> <II = 1> <Delay = 1.88> <FuncUnit> <Opcode : 'add' 'sub'> <InPorts = 2> <OutPorts = 1>
ST_2 : Operation 23 [1/1] (0.00ns)   --->   "%br_ln124 = br i1 %icmp_ln124, void %for.inc173, void %CONV2_ROW.exitStub" [../hls_files/conv_pool.cpp:124]   --->   Operation 23 'br' 'br_ln124' <Predicate = true> <Delay = 0.00>
ST_2 : Operation 24 [1/1] (0.00ns)   --->   "%m_load = load i4 %m" [../hls_files/conv_pool.cpp:128]   --->   Operation 24 'load' 'm_load' <Predicate = (!icmp_ln124)> <Delay = 0.00>
ST_2 : Operation 25 [1/1] (0.00ns)   --->   "%j_load = load i8 %j" [../hls_files/conv_pool.cpp:124]   --->   Operation 25 'load' 'j_load' <Predicate = (!icmp_ln124)> <Delay = 0.00>
ST_2 : Operation 26 [1/1] (0.00ns)   --->   "%i_load = load i7 %i" [../hls_files/conv_pool.cpp:124]   --->   Operation 26 'load' 'i_load' <Predicate = (!icmp_ln124)> <Delay = 0.00>
ST_2 : Operation 27 [1/1] (1.66ns)   --->   "%add_ln124 = add i7 %i_load, i7 1" [../hls_files/conv_pool.cpp:124]   --->   Operation 27 'add' 'add_ln124' <Predicate = (!icmp_ln124)> <Delay = 1.66> <CoreInst = "Adder">   --->   Core 1 'Adder' <Latency = 0> <II = 1> <Delay = 1.66> <FuncUnit> <Opcode : 'add' 'sub'> <InPorts = 2> <OutPorts = 1>
ST_2 : Operation 28 [1/1] (1.77ns)   --->   "%icmp_ln126 = icmp_eq  i12 %indvar_flatten55_load, i12 1272" [../hls_files/conv_pool.cpp:126]   --->   Operation 28 'icmp' 'icmp_ln126' <Predicate = (!icmp_ln124)> <Delay = 1.77> <CoreInst = "Cmp">   --->   Core 9 'Cmp' <Latency = 0> <II = 1> <Delay = 1.77> <FuncUnit> <Opcode : 'seteq' 'setne' 'setle' 'setge' 'setlt' 'setgt'> <InPorts = 2> <OutPorts = 1>
ST_2 : Operation 29 [1/1] (1.07ns)   --->   "%select_ln124 = select i1 %icmp_ln126, i8 0, i8 %j_load" [../hls_files/conv_pool.cpp:124]   --->   Operation 29 'select' 'select_ln124' <Predicate = (!icmp_ln124)> <Delay = 1.07> <CoreInst = "Sel">   --->   Core 73 'Sel' <Latency = 0> <II = 1> <Delay = 1.07> <FuncUnit> <Opcode : 'select'> <InPorts = 3> <OutPorts = 1>
ST_2 : Operation 30 [1/1] (0.00ns) (grouped into LUT with out node and_ln124)   --->   "%xor_ln124 = xor i1 %icmp_ln126, i1 1" [../hls_files/conv_pool.cpp:124]   --->   Operation 30 'xor' 'xor_ln124' <Predicate = (!icmp_ln124)> <Delay = 0.00> <CoreInst = "LogicGate">   --->   Core 74 'LogicGate' <Latency = 0> <II = 1> <Delay = 0.80> <FuncUnit> <Opcode : 'and' 'or' 'xor'> <InPorts = 2> <OutPorts = 1>
ST_2 : Operation 31 [1/1] (1.49ns)   --->   "%icmp_ln128 = icmp_eq  i4 %m_load, i4 8" [../hls_files/conv_pool.cpp:128]   --->   Operation 31 'icmp' 'icmp_ln128' <Predicate = (!icmp_ln124)> <Delay = 1.49> <CoreInst = "Cmp">   --->   Core 9 'Cmp' <Latency = 0> <II = 1> <Delay = 1.49> <FuncUnit> <Opcode : 'seteq' 'setne' 'setle' 'setge' 'setlt' 'setgt'> <InPorts = 2> <OutPorts = 1>
ST_2 : Operation 32 [1/1] (0.80ns) (out node of the LUT)   --->   "%and_ln124 = and i1 %icmp_ln128, i1 %xor_ln124" [../hls_files/conv_pool.cpp:124]   --->   Operation 32 'and' 'and_ln124' <Predicate = (!icmp_ln124)> <Delay = 0.80> <CoreInst = "LogicGate">   --->   Core 74 'LogicGate' <Latency = 0> <II = 1> <Delay = 0.80> <FuncUnit> <Opcode : 'and' 'or' 'xor'> <InPorts = 2> <OutPorts = 1>
ST_2 : Operation 33 [1/1] (0.80ns)   --->   "%select_ln124_1 = select i1 %icmp_ln126, i7 %add_ln124, i7 %i_load" [../hls_files/conv_pool.cpp:124]   --->   Operation 33 'select' 'select_ln124_1' <Predicate = (!icmp_ln124)> <Delay = 0.80> <CoreInst = "Sel">   --->   Core 73 'Sel' <Latency = 0> <II = 1> <Delay = 0.80> <FuncUnit> <Opcode : 'select'> <InPorts = 3> <OutPorts = 1>
ST_2 : Operation 34 [1/1] (1.71ns)   --->   "%add_ln126 = add i8 %select_ln124, i8 1" [../hls_files/conv_pool.cpp:126]   --->   Operation 34 'add' 'add_ln126' <Predicate = (!icmp_ln124)> <Delay = 1.71> <CoreInst = "Adder">   --->   Core 1 'Adder' <Latency = 0> <II = 1> <Delay = 1.71> <FuncUnit> <Opcode : 'add' 'sub'> <InPorts = 2> <OutPorts = 1>
ST_2 : Operation 35 [1/1] (0.00ns) (grouped into LUT with out node m_1_mid2)   --->   "%empty = or i1 %and_ln124, i1 %icmp_ln126" [../hls_files/conv_pool.cpp:124]   --->   Operation 35 'or' 'empty' <Predicate = (!icmp_ln124)> <Delay = 0.00> <CoreInst = "LogicGate">   --->   Core 74 'LogicGate' <Latency = 0> <II = 1> <Delay = 0.80> <FuncUnit> <Opcode : 'and' 'or' 'xor'> <InPorts = 2> <OutPorts = 1>
ST_2 : Operation 36 [1/1] (0.80ns) (out node of the LUT)   --->   "%m_1_mid2 = select i1 %empty, i4 0, i4 %m_load" [../hls_files/conv_pool.cpp:124]   --->   Operation 36 'select' 'm_1_mid2' <Predicate = (!icmp_ln124)> <Delay = 0.80> <CoreInst = "Sel">   --->   Core 73 'Sel' <Latency = 0> <II = 1> <Delay = 0.80> <FuncUnit> <Opcode : 'select'> <InPorts = 3> <OutPorts = 1>
ST_2 : Operation 37 [1/1] (1.07ns)   --->   "%select_ln126 = select i1 %and_ln124, i8 %add_ln126, i8 %select_ln124" [../hls_files/conv_pool.cpp:126]   --->   Operation 37 'select' 'select_ln126' <Predicate = (!icmp_ln124)> <Delay = 1.07> <CoreInst = "Sel">   --->   Core 73 'Sel' <Latency = 0> <II = 1> <Delay = 1.07> <FuncUnit> <Opcode : 'select'> <InPorts = 3> <OutPorts = 1>
ST_2 : Operation 38 [1/1] (0.00ns)   --->   "%tmp_s = bitconcatenate i8 @_ssdm_op_BitConcatenate.i8.i7.i1, i7 %select_ln124_1, i1 0" [../hls_files/conv_pool.cpp:124]   --->   Operation 38 'bitconcatenate' 'tmp_s' <Predicate = (!icmp_ln124)> <Delay = 0.00>
ST_2 : Operation 39 [1/1] (0.00ns)   --->   "%tmp_33_cast = zext i8 %tmp_s" [../hls_files/conv_pool.cpp:124]   --->   Operation 39 'zext' 'tmp_33_cast' <Predicate = (!icmp_ln124)> <Delay = 0.00>
ST_2 : Operation 40 [1/1] (3.78ns)   --->   "%empty_72 = mul i17 %tmp_33_cast, i17 318" [../hls_files/conv_pool.cpp:124]   --->   Operation 40 'mul' 'empty_72' <Predicate = (!icmp_ln124)> <Delay = 3.78> <CoreInst = "Multiplier">   --->   Core 3 'Multiplier' <Latency = 0> <II = 1> <Delay = 3.78> <FuncUnit> <Opcode : 'mul'> <InPorts = 2> <OutPorts = 1>
ST_2 : Operation 41 [1/1] (0.00ns)   --->   "%tmp_15 = bitconcatenate i9 @_ssdm_op_BitConcatenate.i9.i8.i1, i8 %select_ln126, i1 0" [../hls_files/conv_pool.cpp:126]   --->   Operation 41 'bitconcatenate' 'tmp_15' <Predicate = (!icmp_ln124)> <Delay = 0.00>
ST_2 : Operation 42 [1/1] (0.00ns)   --->   "%tmp_35_cast = zext i9 %tmp_15" [../hls_files/conv_pool.cpp:126]   --->   Operation 42 'zext' 'tmp_35_cast' <Predicate = (!icmp_ln124)> <Delay = 0.00>
ST_2 : Operation 43 [1/1] (1.86ns)   --->   "%empty_75 = add i17 %empty_72, i17 %tmp_35_cast" [../hls_files/conv_pool.cpp:124]   --->   Operation 43 'add' 'empty_75' <Predicate = (!icmp_ln124)> <Delay = 1.86> <CoreInst = "Adder">   --->   Core 1 'Adder' <Latency = 0> <II = 1> <Delay = 1.86> <FuncUnit> <Opcode : 'add' 'sub'> <InPorts = 2> <OutPorts = 1>
ST_2 : Operation 44 [1/1] (0.00ns)   --->   "%p_cast1 = zext i17 %empty_75" [../hls_files/conv_pool.cpp:124]   --->   Operation 44 'zext' 'p_cast1' <Predicate = (!icmp_ln124)> <Delay = 0.00>
ST_2 : Operation 45 [1/1] (0.00ns)   --->   "%feat1_addr = getelementptr i32 %feat1, i64 0, i64 %p_cast1" [../hls_files/conv_pool.cpp:124]   --->   Operation 45 'getelementptr' 'feat1_addr' <Predicate = (!icmp_ln124)> <Delay = 0.00>
ST_2 : Operation 46 [1/1] (0.00ns)   --->   "%feat1_3_addr = getelementptr i32 %feat1_3, i64 0, i64 %p_cast1" [../hls_files/conv_pool.cpp:124]   --->   Operation 46 'getelementptr' 'feat1_3_addr' <Predicate = (!icmp_ln124)> <Delay = 0.00>
ST_2 : Operation 47 [1/1] (0.00ns)   --->   "%feat1_4_addr = getelementptr i32 %feat1_4, i64 0, i64 %p_cast1" [../hls_files/conv_pool.cpp:124]   --->   Operation 47 'getelementptr' 'feat1_4_addr' <Predicate = (!icmp_ln124)> <Delay = 0.00>
ST_2 : Operation 48 [1/1] (0.00ns)   --->   "%feat1_5_addr = getelementptr i32 %feat1_5, i64 0, i64 %p_cast1" [../hls_files/conv_pool.cpp:124]   --->   Operation 48 'getelementptr' 'feat1_5_addr' <Predicate = (!icmp_ln124)> <Delay = 0.00>
ST_2 : Operation 49 [1/1] (0.00ns)   --->   "%feat1_6_addr = getelementptr i32 %feat1_6, i64 0, i64 %p_cast1" [../hls_files/conv_pool.cpp:124]   --->   Operation 49 'getelementptr' 'feat1_6_addr' <Predicate = (!icmp_ln124)> <Delay = 0.00>
ST_2 : Operation 50 [1/1] (0.00ns)   --->   "%feat1_7_addr = getelementptr i32 %feat1_7, i64 0, i64 %p_cast1" [../hls_files/conv_pool.cpp:124]   --->   Operation 50 'getelementptr' 'feat1_7_addr' <Predicate = (!icmp_ln124)> <Delay = 0.00>
ST_2 : Operation 51 [1/1] (0.00ns)   --->   "%feat1_8_addr = getelementptr i32 %feat1_8, i64 0, i64 %p_cast1" [../hls_files/conv_pool.cpp:124]   --->   Operation 51 'getelementptr' 'feat1_8_addr' <Predicate = (!icmp_ln124)> <Delay = 0.00>
ST_2 : Operation 52 [1/1] (0.00ns)   --->   "%feat1_9_addr = getelementptr i32 %feat1_9, i64 0, i64 %p_cast1" [../hls_files/conv_pool.cpp:124]   --->   Operation 52 'getelementptr' 'feat1_9_addr' <Predicate = (!icmp_ln124)> <Delay = 0.00>
ST_2 : Operation 53 [1/1] (0.00ns)   --->   "%tmp_16 = bitconcatenate i9 @_ssdm_op_BitConcatenate.i9.i8.i1, i8 %select_ln126, i1 1" [../hls_files/conv_pool.cpp:126]   --->   Operation 53 'bitconcatenate' 'tmp_16' <Predicate = (!icmp_ln124)> <Delay = 0.00>
ST_2 : Operation 54 [1/1] (0.00ns)   --->   "%tmp_36_cast = zext i9 %tmp_16" [../hls_files/conv_pool.cpp:126]   --->   Operation 54 'zext' 'tmp_36_cast' <Predicate = (!icmp_ln124)> <Delay = 0.00>
ST_2 : Operation 55 [1/1] (1.86ns)   --->   "%empty_77 = add i17 %empty_72, i17 %tmp_36_cast" [../hls_files/conv_pool.cpp:124]   --->   Operation 55 'add' 'empty_77' <Predicate = (!icmp_ln124)> <Delay = 1.86> <CoreInst = "Adder">   --->   Core 1 'Adder' <Latency = 0> <II = 1> <Delay = 1.86> <FuncUnit> <Opcode : 'add' 'sub'> <InPorts = 2> <OutPorts = 1>
ST_2 : Operation 56 [1/1] (0.00ns)   --->   "%p_cast3 = zext i17 %empty_77" [../hls_files/conv_pool.cpp:124]   --->   Operation 56 'zext' 'p_cast3' <Predicate = (!icmp_ln124)> <Delay = 0.00>
ST_2 : Operation 57 [1/1] (0.00ns)   --->   "%feat1_addr_2 = getelementptr i32 %feat1, i64 0, i64 %p_cast3" [../hls_files/conv_pool.cpp:124]   --->   Operation 57 'getelementptr' 'feat1_addr_2' <Predicate = (!icmp_ln124)> <Delay = 0.00>
ST_2 : Operation 58 [1/1] (0.00ns)   --->   "%feat1_3_addr_2 = getelementptr i32 %feat1_3, i64 0, i64 %p_cast3" [../hls_files/conv_pool.cpp:124]   --->   Operation 58 'getelementptr' 'feat1_3_addr_2' <Predicate = (!icmp_ln124)> <Delay = 0.00>
ST_2 : Operation 59 [1/1] (0.00ns)   --->   "%feat1_4_addr_2 = getelementptr i32 %feat1_4, i64 0, i64 %p_cast3" [../hls_files/conv_pool.cpp:124]   --->   Operation 59 'getelementptr' 'feat1_4_addr_2' <Predicate = (!icmp_ln124)> <Delay = 0.00>
ST_2 : Operation 60 [1/1] (0.00ns)   --->   "%feat1_5_addr_2 = getelementptr i32 %feat1_5, i64 0, i64 %p_cast3" [../hls_files/conv_pool.cpp:124]   --->   Operation 60 'getelementptr' 'feat1_5_addr_2' <Predicate = (!icmp_ln124)> <Delay = 0.00>
ST_2 : Operation 61 [1/1] (0.00ns)   --->   "%feat1_6_addr_2 = getelementptr i32 %feat1_6, i64 0, i64 %p_cast3" [../hls_files/conv_pool.cpp:124]   --->   Operation 61 'getelementptr' 'feat1_6_addr_2' <Predicate = (!icmp_ln124)> <Delay = 0.00>
ST_2 : Operation 62 [1/1] (0.00ns)   --->   "%feat1_7_addr_2 = getelementptr i32 %feat1_7, i64 0, i64 %p_cast3" [../hls_files/conv_pool.cpp:124]   --->   Operation 62 'getelementptr' 'feat1_7_addr_2' <Predicate = (!icmp_ln124)> <Delay = 0.00>
ST_2 : Operation 63 [1/1] (0.00ns)   --->   "%feat1_8_addr_2 = getelementptr i32 %feat1_8, i64 0, i64 %p_cast3" [../hls_files/conv_pool.cpp:124]   --->   Operation 63 'getelementptr' 'feat1_8_addr_2' <Predicate = (!icmp_ln124)> <Delay = 0.00>
ST_2 : Operation 64 [1/1] (0.00ns)   --->   "%feat1_9_addr_2 = getelementptr i32 %feat1_9, i64 0, i64 %p_cast3" [../hls_files/conv_pool.cpp:124]   --->   Operation 64 'getelementptr' 'feat1_9_addr_2' <Predicate = (!icmp_ln124)> <Delay = 0.00>
ST_2 : Operation 65 [2/2] (2.77ns)   --->   "%feat1_load = load i17 %feat1_addr" [../hls_files/conv_pool.cpp:124]   --->   Operation 65 'load' 'feat1_load' <Predicate = (!icmp_ln124)> <Delay = 2.77> <CoreInst = "RAM">   --->   Core 81 'RAM' <Latency = 1> <II = 1> <Delay = 2.77> <Storage> <Opcode : 'load' 'store'> <Ports = 2> <Width = 32> <Depth = 75684> <RAM>
ST_2 : Operation 66 [2/2] (2.77ns)   --->   "%feat1_3_load = load i17 %feat1_3_addr" [../hls_files/conv_pool.cpp:124]   --->   Operation 66 'load' 'feat1_3_load' <Predicate = (!icmp_ln124)> <Delay = 2.77> <CoreInst = "RAM">   --->   Core 81 'RAM' <Latency = 1> <II = 1> <Delay = 2.77> <Storage> <Opcode : 'load' 'store'> <Ports = 2> <Width = 32> <Depth = 75684> <RAM>
ST_2 : Operation 67 [2/2] (2.77ns)   --->   "%feat1_4_load = load i17 %feat1_4_addr" [../hls_files/conv_pool.cpp:124]   --->   Operation 67 'load' 'feat1_4_load' <Predicate = (!icmp_ln124)> <Delay = 2.77> <CoreInst = "RAM">   --->   Core 81 'RAM' <Latency = 1> <II = 1> <Delay = 2.77> <Storage> <Opcode : 'load' 'store'> <Ports = 2> <Width = 32> <Depth = 75684> <RAM>
ST_2 : Operation 68 [2/2] (2.77ns)   --->   "%feat1_5_load = load i17 %feat1_5_addr" [../hls_files/conv_pool.cpp:124]   --->   Operation 68 'load' 'feat1_5_load' <Predicate = (!icmp_ln124)> <Delay = 2.77> <CoreInst = "RAM">   --->   Core 81 'RAM' <Latency = 1> <II = 1> <Delay = 2.77> <Storage> <Opcode : 'load' 'store'> <Ports = 2> <Width = 32> <Depth = 75684> <RAM>
ST_2 : Operation 69 [2/2] (2.77ns)   --->   "%feat1_6_load = load i17 %feat1_6_addr" [../hls_files/conv_pool.cpp:124]   --->   Operation 69 'load' 'feat1_6_load' <Predicate = (!icmp_ln124)> <Delay = 2.77> <CoreInst = "RAM">   --->   Core 81 'RAM' <Latency = 1> <II = 1> <Delay = 2.77> <Storage> <Opcode : 'load' 'store'> <Ports = 2> <Width = 32> <Depth = 75684> <RAM>
ST_2 : Operation 70 [2/2] (2.77ns)   --->   "%feat1_7_load = load i17 %feat1_7_addr" [../hls_files/conv_pool.cpp:124]   --->   Operation 70 'load' 'feat1_7_load' <Predicate = (!icmp_ln124)> <Delay = 2.77> <CoreInst = "RAM">   --->   Core 81 'RAM' <Latency = 1> <II = 1> <Delay = 2.77> <Storage> <Opcode : 'load' 'store'> <Ports = 2> <Width = 32> <Depth = 75684> <RAM>
ST_2 : Operation 71 [2/2] (2.77ns)   --->   "%feat1_8_load = load i17 %feat1_8_addr" [../hls_files/conv_pool.cpp:124]   --->   Operation 71 'load' 'feat1_8_load' <Predicate = (!icmp_ln124)> <Delay = 2.77> <CoreInst = "RAM">   --->   Core 81 'RAM' <Latency = 1> <II = 1> <Delay = 2.77> <Storage> <Opcode : 'load' 'store'> <Ports = 2> <Width = 32> <Depth = 75684> <RAM>
ST_2 : Operation 72 [2/2] (2.77ns)   --->   "%feat1_9_load = load i17 %feat1_9_addr" [../hls_files/conv_pool.cpp:124]   --->   Operation 72 'load' 'feat1_9_load' <Predicate = (!icmp_ln124)> <Delay = 2.77> <CoreInst = "RAM">   --->   Core 81 'RAM' <Latency = 1> <II = 1> <Delay = 2.77> <Storage> <Opcode : 'load' 'store'> <Ports = 2> <Width = 32> <Depth = 75684> <RAM>
ST_2 : Operation 73 [2/2] (2.77ns)   --->   "%feat1_load_2 = load i17 %feat1_addr_2" [../hls_files/conv_pool.cpp:124]   --->   Operation 73 'load' 'feat1_load_2' <Predicate = (!icmp_ln124)> <Delay = 2.77> <CoreInst = "RAM">   --->   Core 81 'RAM' <Latency = 1> <II = 1> <Delay = 2.77> <Storage> <Opcode : 'load' 'store'> <Ports = 2> <Width = 32> <Depth = 75684> <RAM>
ST_2 : Operation 74 [2/2] (2.77ns)   --->   "%feat1_3_load_2 = load i17 %feat1_3_addr_2" [../hls_files/conv_pool.cpp:124]   --->   Operation 74 'load' 'feat1_3_load_2' <Predicate = (!icmp_ln124)> <Delay = 2.77> <CoreInst = "RAM">   --->   Core 81 'RAM' <Latency = 1> <II = 1> <Delay = 2.77> <Storage> <Opcode : 'load' 'store'> <Ports = 2> <Width = 32> <Depth = 75684> <RAM>
ST_2 : Operation 75 [2/2] (2.77ns)   --->   "%feat1_4_load_2 = load i17 %feat1_4_addr_2" [../hls_files/conv_pool.cpp:124]   --->   Operation 75 'load' 'feat1_4_load_2' <Predicate = (!icmp_ln124)> <Delay = 2.77> <CoreInst = "RAM">   --->   Core 81 'RAM' <Latency = 1> <II = 1> <Delay = 2.77> <Storage> <Opcode : 'load' 'store'> <Ports = 2> <Width = 32> <Depth = 75684> <RAM>
ST_2 : Operation 76 [2/2] (2.77ns)   --->   "%feat1_5_load_2 = load i17 %feat1_5_addr_2" [../hls_files/conv_pool.cpp:124]   --->   Operation 76 'load' 'feat1_5_load_2' <Predicate = (!icmp_ln124)> <Delay = 2.77> <CoreInst = "RAM">   --->   Core 81 'RAM' <Latency = 1> <II = 1> <Delay = 2.77> <Storage> <Opcode : 'load' 'store'> <Ports = 2> <Width = 32> <Depth = 75684> <RAM>
ST_2 : Operation 77 [2/2] (2.77ns)   --->   "%feat1_6_load_2 = load i17 %feat1_6_addr_2" [../hls_files/conv_pool.cpp:124]   --->   Operation 77 'load' 'feat1_6_load_2' <Predicate = (!icmp_ln124)> <Delay = 2.77> <CoreInst = "RAM">   --->   Core 81 'RAM' <Latency = 1> <II = 1> <Delay = 2.77> <Storage> <Opcode : 'load' 'store'> <Ports = 2> <Width = 32> <Depth = 75684> <RAM>
ST_2 : Operation 78 [2/2] (2.77ns)   --->   "%feat1_7_load_2 = load i17 %feat1_7_addr_2" [../hls_files/conv_pool.cpp:124]   --->   Operation 78 'load' 'feat1_7_load_2' <Predicate = (!icmp_ln124)> <Delay = 2.77> <CoreInst = "RAM">   --->   Core 81 'RAM' <Latency = 1> <II = 1> <Delay = 2.77> <Storage> <Opcode : 'load' 'store'> <Ports = 2> <Width = 32> <Depth = 75684> <RAM>
ST_2 : Operation 79 [2/2] (2.77ns)   --->   "%feat1_8_load_2 = load i17 %feat1_8_addr_2" [../hls_files/conv_pool.cpp:124]   --->   Operation 79 'load' 'feat1_8_load_2' <Predicate = (!icmp_ln124)> <Delay = 2.77> <CoreInst = "RAM">   --->   Core 81 'RAM' <Latency = 1> <II = 1> <Delay = 2.77> <Storage> <Opcode : 'load' 'store'> <Ports = 2> <Width = 32> <Depth = 75684> <RAM>
ST_2 : Operation 80 [2/2] (2.77ns)   --->   "%feat1_9_load_2 = load i17 %feat1_9_addr_2" [../hls_files/conv_pool.cpp:124]   --->   Operation 80 'load' 'feat1_9_load_2' <Predicate = (!icmp_ln124)> <Delay = 2.77> <CoreInst = "RAM">   --->   Core 81 'RAM' <Latency = 1> <II = 1> <Delay = 2.77> <Storage> <Opcode : 'load' 'store'> <Ports = 2> <Width = 32> <Depth = 75684> <RAM>
ST_2 : Operation 81 [1/1] (0.00ns)   --->   "%trunc_ln128 = trunc i4 %m_1_mid2" [../hls_files/conv_pool.cpp:128]   --->   Operation 81 'trunc' 'trunc_ln128' <Predicate = (!icmp_ln124)> <Delay = 0.00>
ST_2 : Operation 82 [1/1] (1.34ns)   --->   "%switch_ln136 = switch i3 %trunc_ln128, void %arrayidx16626.case.7, i3 0, void %arrayidx16626.case.0, i3 1, void %arrayidx16626.case.1, i3 2, void %arrayidx16626.case.2, i3 3, void %arrayidx16626.case.3, i3 4, void %arrayidx16626.case.4, i3 5, void %arrayidx16626.case.5, i3 6, void %arrayidx16626.case.6" [../hls_files/conv_pool.cpp:136]   --->   Operation 82 'switch' 'switch_ln136' <Predicate = (!icmp_ln124)> <Delay = 1.34>
ST_2 : Operation 83 [1/1] (0.00ns)   --->   "%br_ln136 = br void %arrayidx16626.exit" [../hls_files/conv_pool.cpp:136]   --->   Operation 83 'br' 'br_ln136' <Predicate = (!icmp_ln124 & trunc_ln128 == 6)> <Delay = 0.00>
ST_2 : Operation 84 [1/1] (0.00ns)   --->   "%br_ln136 = br void %arrayidx16626.exit" [../hls_files/conv_pool.cpp:136]   --->   Operation 84 'br' 'br_ln136' <Predicate = (!icmp_ln124 & trunc_ln128 == 5)> <Delay = 0.00>
ST_2 : Operation 85 [1/1] (0.00ns)   --->   "%br_ln136 = br void %arrayidx16626.exit" [../hls_files/conv_pool.cpp:136]   --->   Operation 85 'br' 'br_ln136' <Predicate = (!icmp_ln124 & trunc_ln128 == 4)> <Delay = 0.00>
ST_2 : Operation 86 [1/1] (0.00ns)   --->   "%br_ln136 = br void %arrayidx16626.exit" [../hls_files/conv_pool.cpp:136]   --->   Operation 86 'br' 'br_ln136' <Predicate = (!icmp_ln124 & trunc_ln128 == 3)> <Delay = 0.00>
ST_2 : Operation 87 [1/1] (0.00ns)   --->   "%br_ln136 = br void %arrayidx16626.exit" [../hls_files/conv_pool.cpp:136]   --->   Operation 87 'br' 'br_ln136' <Predicate = (!icmp_ln124 & trunc_ln128 == 2)> <Delay = 0.00>
ST_2 : Operation 88 [1/1] (0.00ns)   --->   "%br_ln136 = br void %arrayidx16626.exit" [../hls_files/conv_pool.cpp:136]   --->   Operation 88 'br' 'br_ln136' <Predicate = (!icmp_ln124 & trunc_ln128 == 1)> <Delay = 0.00>
ST_2 : Operation 89 [1/1] (0.00ns)   --->   "%br_ln136 = br void %arrayidx16626.exit" [../hls_files/conv_pool.cpp:136]   --->   Operation 89 'br' 'br_ln136' <Predicate = (!icmp_ln124 & trunc_ln128 == 0)> <Delay = 0.00>
ST_2 : Operation 90 [1/1] (0.00ns)   --->   "%br_ln136 = br void %arrayidx16626.exit" [../hls_files/conv_pool.cpp:136]   --->   Operation 90 'br' 'br_ln136' <Predicate = (!icmp_ln124 & trunc_ln128 == 7)> <Delay = 0.00>

State 3 <SV = 2> <Delay = 8.41>
ST_3 : Operation 91 [1/1] (0.00ns)   --->   "%select_ln124_1_cast = zext i7 %select_ln124_1" [../hls_files/conv_pool.cpp:124]   --->   Operation 91 'zext' 'select_ln124_1_cast' <Predicate = (!icmp_ln124)> <Delay = 0.00>
ST_3 : Operation 92 [3/3] (1.38ns) (grouped into DSP with root node empty_74)   --->   "%empty_71 = mul i15 %select_ln124_1_cast, i15 159" [../hls_files/conv_pool.cpp:124]   --->   Operation 92 'mul' 'empty_71' <Predicate = (!icmp_ln124)> <Delay = 1.38> <CoreInst = "DSP48">   --->   Core 116 'DSP48' <Latency = 3> <II = 1> <Delay = 1.82> <IPBlock> <Opcode : 'add' 'sub' 'mul' 'select'> <InPorts = 0> <OutPorts = 1> <Sync> <CReg>
ST_3 : Operation 93 [1/1] (0.00ns)   --->   "%tmp_14 = bitconcatenate i8 @_ssdm_op_BitConcatenate.i8.i7.i1, i7 %select_ln124_1, i1 1" [../hls_files/conv_pool.cpp:124]   --->   Operation 93 'bitconcatenate' 'tmp_14' <Predicate = (!icmp_ln124)> <Delay = 0.00>
ST_3 : Operation 94 [1/1] (0.00ns)   --->   "%tmp_34_cast = zext i8 %tmp_14" [../hls_files/conv_pool.cpp:124]   --->   Operation 94 'zext' 'tmp_34_cast' <Predicate = (!icmp_ln124)> <Delay = 0.00>
ST_3 : Operation 95 [1/1] (3.78ns)   --->   "%empty_73 = mul i17 %tmp_34_cast, i17 318" [../hls_files/conv_pool.cpp:124]   --->   Operation 95 'mul' 'empty_73' <Predicate = (!icmp_ln124)> <Delay = 3.78> <CoreInst = "Multiplier">   --->   Core 3 'Multiplier' <Latency = 0> <II = 1> <Delay = 3.78> <FuncUnit> <Opcode : 'mul'> <InPorts = 2> <OutPorts = 1>
ST_3 : Operation 96 [1/1] (1.86ns)   --->   "%empty_76 = add i17 %empty_73, i17 %tmp_35_cast" [../hls_files/conv_pool.cpp:124]   --->   Operation 96 'add' 'empty_76' <Predicate = (!icmp_ln124)> <Delay = 1.86> <CoreInst = "Adder">   --->   Core 1 'Adder' <Latency = 0> <II = 1> <Delay = 1.86> <FuncUnit> <Opcode : 'add' 'sub'> <InPorts = 2> <OutPorts = 1>
ST_3 : Operation 97 [1/1] (0.00ns)   --->   "%p_cast2 = zext i17 %empty_76" [../hls_files/conv_pool.cpp:124]   --->   Operation 97 'zext' 'p_cast2' <Predicate = (!icmp_ln124)> <Delay = 0.00>
ST_3 : Operation 98 [1/1] (0.00ns)   --->   "%feat1_addr_1 = getelementptr i32 %feat1, i64 0, i64 %p_cast2" [../hls_files/conv_pool.cpp:124]   --->   Operation 98 'getelementptr' 'feat1_addr_1' <Predicate = (!icmp_ln124 & trunc_ln128 == 0)> <Delay = 0.00>
ST_3 : Operation 99 [1/1] (0.00ns)   --->   "%feat1_3_addr_1 = getelementptr i32 %feat1_3, i64 0, i64 %p_cast2" [../hls_files/conv_pool.cpp:124]   --->   Operation 99 'getelementptr' 'feat1_3_addr_1' <Predicate = (!icmp_ln124 & trunc_ln128 == 1)> <Delay = 0.00>
ST_3 : Operation 100 [1/1] (0.00ns)   --->   "%feat1_4_addr_1 = getelementptr i32 %feat1_4, i64 0, i64 %p_cast2" [../hls_files/conv_pool.cpp:124]   --->   Operation 100 'getelementptr' 'feat1_4_addr_1' <Predicate = (!icmp_ln124 & trunc_ln128 == 2)> <Delay = 0.00>
ST_3 : Operation 101 [1/1] (0.00ns)   --->   "%feat1_5_addr_1 = getelementptr i32 %feat1_5, i64 0, i64 %p_cast2" [../hls_files/conv_pool.cpp:124]   --->   Operation 101 'getelementptr' 'feat1_5_addr_1' <Predicate = (!icmp_ln124 & trunc_ln128 == 3)> <Delay = 0.00>
ST_3 : Operation 102 [1/1] (0.00ns)   --->   "%feat1_6_addr_1 = getelementptr i32 %feat1_6, i64 0, i64 %p_cast2" [../hls_files/conv_pool.cpp:124]   --->   Operation 102 'getelementptr' 'feat1_6_addr_1' <Predicate = (!icmp_ln124 & trunc_ln128 == 4)> <Delay = 0.00>
ST_3 : Operation 103 [1/1] (0.00ns)   --->   "%feat1_7_addr_1 = getelementptr i32 %feat1_7, i64 0, i64 %p_cast2" [../hls_files/conv_pool.cpp:124]   --->   Operation 103 'getelementptr' 'feat1_7_addr_1' <Predicate = (!icmp_ln124 & trunc_ln128 == 5)> <Delay = 0.00>
ST_3 : Operation 104 [1/1] (0.00ns)   --->   "%feat1_8_addr_1 = getelementptr i32 %feat1_8, i64 0, i64 %p_cast2" [../hls_files/conv_pool.cpp:124]   --->   Operation 104 'getelementptr' 'feat1_8_addr_1' <Predicate = (!icmp_ln124 & trunc_ln128 == 6)> <Delay = 0.00>
ST_3 : Operation 105 [1/1] (0.00ns)   --->   "%feat1_9_addr_1 = getelementptr i32 %feat1_9, i64 0, i64 %p_cast2" [../hls_files/conv_pool.cpp:124]   --->   Operation 105 'getelementptr' 'feat1_9_addr_1' <Predicate = (!icmp_ln124 & trunc_ln128 == 7)> <Delay = 0.00>
ST_3 : Operation 106 [1/1] (1.86ns)   --->   "%empty_78 = add i17 %empty_73, i17 %tmp_36_cast" [../hls_files/conv_pool.cpp:124]   --->   Operation 106 'add' 'empty_78' <Predicate = (!icmp_ln124)> <Delay = 1.86> <CoreInst = "Adder">   --->   Core 1 'Adder' <Latency = 0> <II = 1> <Delay = 1.86> <FuncUnit> <Opcode : 'add' 'sub'> <InPorts = 2> <OutPorts = 1>
ST_3 : Operation 107 [1/1] (0.00ns)   --->   "%p_cast4 = zext i17 %empty_78" [../hls_files/conv_pool.cpp:124]   --->   Operation 107 'zext' 'p_cast4' <Predicate = (!icmp_ln124)> <Delay = 0.00>
ST_3 : Operation 108 [1/1] (0.00ns)   --->   "%feat1_addr_3 = getelementptr i32 %feat1, i64 0, i64 %p_cast4" [../hls_files/conv_pool.cpp:124]   --->   Operation 108 'getelementptr' 'feat1_addr_3' <Predicate = (!icmp_ln124 & trunc_ln128 == 0)> <Delay = 0.00>
ST_3 : Operation 109 [1/1] (0.00ns)   --->   "%feat1_3_addr_3 = getelementptr i32 %feat1_3, i64 0, i64 %p_cast4" [../hls_files/conv_pool.cpp:124]   --->   Operation 109 'getelementptr' 'feat1_3_addr_3' <Predicate = (!icmp_ln124 & trunc_ln128 == 1)> <Delay = 0.00>
ST_3 : Operation 110 [1/1] (0.00ns)   --->   "%feat1_4_addr_3 = getelementptr i32 %feat1_4, i64 0, i64 %p_cast4" [../hls_files/conv_pool.cpp:124]   --->   Operation 110 'getelementptr' 'feat1_4_addr_3' <Predicate = (!icmp_ln124 & trunc_ln128 == 2)> <Delay = 0.00>
ST_3 : Operation 111 [1/1] (0.00ns)   --->   "%feat1_5_addr_3 = getelementptr i32 %feat1_5, i64 0, i64 %p_cast4" [../hls_files/conv_pool.cpp:124]   --->   Operation 111 'getelementptr' 'feat1_5_addr_3' <Predicate = (!icmp_ln124 & trunc_ln128 == 3)> <Delay = 0.00>
ST_3 : Operation 112 [1/1] (0.00ns)   --->   "%feat1_6_addr_3 = getelementptr i32 %feat1_6, i64 0, i64 %p_cast4" [../hls_files/conv_pool.cpp:124]   --->   Operation 112 'getelementptr' 'feat1_6_addr_3' <Predicate = (!icmp_ln124 & trunc_ln128 == 4)> <Delay = 0.00>
ST_3 : Operation 113 [1/1] (0.00ns)   --->   "%feat1_7_addr_3 = getelementptr i32 %feat1_7, i64 0, i64 %p_cast4" [../hls_files/conv_pool.cpp:124]   --->   Operation 113 'getelementptr' 'feat1_7_addr_3' <Predicate = (!icmp_ln124 & trunc_ln128 == 5)> <Delay = 0.00>
ST_3 : Operation 114 [1/1] (0.00ns)   --->   "%feat1_8_addr_3 = getelementptr i32 %feat1_8, i64 0, i64 %p_cast4" [../hls_files/conv_pool.cpp:124]   --->   Operation 114 'getelementptr' 'feat1_8_addr_3' <Predicate = (!icmp_ln124 & trunc_ln128 == 6)> <Delay = 0.00>
ST_3 : Operation 115 [1/1] (0.00ns)   --->   "%feat1_9_addr_3 = getelementptr i32 %feat1_9, i64 0, i64 %p_cast4" [../hls_files/conv_pool.cpp:124]   --->   Operation 115 'getelementptr' 'feat1_9_addr_3' <Predicate = (!icmp_ln124 & trunc_ln128 == 7)> <Delay = 0.00>
ST_3 : Operation 116 [1/2] ( I:2.77ns O:2.77ns )   --->   "%feat1_load = load i17 %feat1_addr" [../hls_files/conv_pool.cpp:124]   --->   Operation 116 'load' 'feat1_load' <Predicate = (!icmp_ln124)> <Delay = 2.77> <CoreInst = "RAM">   --->   Core 81 'RAM' <Latency = 1> <II = 1> <Delay = 2.77> <Storage> <Opcode : 'load' 'store'> <Ports = 2> <Width = 32> <Depth = 75684> <RAM>
ST_3 : Operation 117 [1/2] ( I:2.77ns O:2.77ns )   --->   "%feat1_3_load = load i17 %feat1_3_addr" [../hls_files/conv_pool.cpp:124]   --->   Operation 117 'load' 'feat1_3_load' <Predicate = (!icmp_ln124)> <Delay = 2.77> <CoreInst = "RAM">   --->   Core 81 'RAM' <Latency = 1> <II = 1> <Delay = 2.77> <Storage> <Opcode : 'load' 'store'> <Ports = 2> <Width = 32> <Depth = 75684> <RAM>
ST_3 : Operation 118 [1/2] ( I:2.77ns O:2.77ns )   --->   "%feat1_4_load = load i17 %feat1_4_addr" [../hls_files/conv_pool.cpp:124]   --->   Operation 118 'load' 'feat1_4_load' <Predicate = (!icmp_ln124)> <Delay = 2.77> <CoreInst = "RAM">   --->   Core 81 'RAM' <Latency = 1> <II = 1> <Delay = 2.77> <Storage> <Opcode : 'load' 'store'> <Ports = 2> <Width = 32> <Depth = 75684> <RAM>
ST_3 : Operation 119 [1/2] ( I:2.77ns O:2.77ns )   --->   "%feat1_5_load = load i17 %feat1_5_addr" [../hls_files/conv_pool.cpp:124]   --->   Operation 119 'load' 'feat1_5_load' <Predicate = (!icmp_ln124)> <Delay = 2.77> <CoreInst = "RAM">   --->   Core 81 'RAM' <Latency = 1> <II = 1> <Delay = 2.77> <Storage> <Opcode : 'load' 'store'> <Ports = 2> <Width = 32> <Depth = 75684> <RAM>
ST_3 : Operation 120 [1/2] ( I:2.77ns O:2.77ns )   --->   "%feat1_6_load = load i17 %feat1_6_addr" [../hls_files/conv_pool.cpp:124]   --->   Operation 120 'load' 'feat1_6_load' <Predicate = (!icmp_ln124)> <Delay = 2.77> <CoreInst = "RAM">   --->   Core 81 'RAM' <Latency = 1> <II = 1> <Delay = 2.77> <Storage> <Opcode : 'load' 'store'> <Ports = 2> <Width = 32> <Depth = 75684> <RAM>
ST_3 : Operation 121 [1/2] ( I:2.77ns O:2.77ns )   --->   "%feat1_7_load = load i17 %feat1_7_addr" [../hls_files/conv_pool.cpp:124]   --->   Operation 121 'load' 'feat1_7_load' <Predicate = (!icmp_ln124)> <Delay = 2.77> <CoreInst = "RAM">   --->   Core 81 'RAM' <Latency = 1> <II = 1> <Delay = 2.77> <Storage> <Opcode : 'load' 'store'> <Ports = 2> <Width = 32> <Depth = 75684> <RAM>
ST_3 : Operation 122 [1/2] ( I:2.77ns O:2.77ns )   --->   "%feat1_8_load = load i17 %feat1_8_addr" [../hls_files/conv_pool.cpp:124]   --->   Operation 122 'load' 'feat1_8_load' <Predicate = (!icmp_ln124)> <Delay = 2.77> <CoreInst = "RAM">   --->   Core 81 'RAM' <Latency = 1> <II = 1> <Delay = 2.77> <Storage> <Opcode : 'load' 'store'> <Ports = 2> <Width = 32> <Depth = 75684> <RAM>
ST_3 : Operation 123 [1/2] ( I:2.77ns O:2.77ns )   --->   "%feat1_9_load = load i17 %feat1_9_addr" [../hls_files/conv_pool.cpp:124]   --->   Operation 123 'load' 'feat1_9_load' <Predicate = (!icmp_ln124)> <Delay = 2.77> <CoreInst = "RAM">   --->   Core 81 'RAM' <Latency = 1> <II = 1> <Delay = 2.77> <Storage> <Opcode : 'load' 'store'> <Ports = 2> <Width = 32> <Depth = 75684> <RAM>
ST_3 : Operation 124 [2/2] (2.77ns)   --->   "%feat1_load_1 = load i17 %feat1_addr_1" [../hls_files/conv_pool.cpp:124]   --->   Operation 124 'load' 'feat1_load_1' <Predicate = (!icmp_ln124 & trunc_ln128 == 0)> <Delay = 2.77> <CoreInst = "RAM">   --->   Core 81 'RAM' <Latency = 1> <II = 1> <Delay = 2.77> <Storage> <Opcode : 'load' 'store'> <Ports = 2> <Width = 32> <Depth = 75684> <RAM>
ST_3 : Operation 125 [2/2] (2.77ns)   --->   "%feat1_3_load_1 = load i17 %feat1_3_addr_1" [../hls_files/conv_pool.cpp:124]   --->   Operation 125 'load' 'feat1_3_load_1' <Predicate = (!icmp_ln124 & trunc_ln128 == 1)> <Delay = 2.77> <CoreInst = "RAM">   --->   Core 81 'RAM' <Latency = 1> <II = 1> <Delay = 2.77> <Storage> <Opcode : 'load' 'store'> <Ports = 2> <Width = 32> <Depth = 75684> <RAM>
ST_3 : Operation 126 [2/2] (2.77ns)   --->   "%feat1_4_load_1 = load i17 %feat1_4_addr_1" [../hls_files/conv_pool.cpp:124]   --->   Operation 126 'load' 'feat1_4_load_1' <Predicate = (!icmp_ln124 & trunc_ln128 == 2)> <Delay = 2.77> <CoreInst = "RAM">   --->   Core 81 'RAM' <Latency = 1> <II = 1> <Delay = 2.77> <Storage> <Opcode : 'load' 'store'> <Ports = 2> <Width = 32> <Depth = 75684> <RAM>
ST_3 : Operation 127 [2/2] (2.77ns)   --->   "%feat1_5_load_1 = load i17 %feat1_5_addr_1" [../hls_files/conv_pool.cpp:124]   --->   Operation 127 'load' 'feat1_5_load_1' <Predicate = (!icmp_ln124 & trunc_ln128 == 3)> <Delay = 2.77> <CoreInst = "RAM">   --->   Core 81 'RAM' <Latency = 1> <II = 1> <Delay = 2.77> <Storage> <Opcode : 'load' 'store'> <Ports = 2> <Width = 32> <Depth = 75684> <RAM>
ST_3 : Operation 128 [2/2] (2.77ns)   --->   "%feat1_6_load_1 = load i17 %feat1_6_addr_1" [../hls_files/conv_pool.cpp:124]   --->   Operation 128 'load' 'feat1_6_load_1' <Predicate = (!icmp_ln124 & trunc_ln128 == 4)> <Delay = 2.77> <CoreInst = "RAM">   --->   Core 81 'RAM' <Latency = 1> <II = 1> <Delay = 2.77> <Storage> <Opcode : 'load' 'store'> <Ports = 2> <Width = 32> <Depth = 75684> <RAM>
ST_3 : Operation 129 [2/2] (2.77ns)   --->   "%feat1_7_load_1 = load i17 %feat1_7_addr_1" [../hls_files/conv_pool.cpp:124]   --->   Operation 129 'load' 'feat1_7_load_1' <Predicate = (!icmp_ln124 & trunc_ln128 == 5)> <Delay = 2.77> <CoreInst = "RAM">   --->   Core 81 'RAM' <Latency = 1> <II = 1> <Delay = 2.77> <Storage> <Opcode : 'load' 'store'> <Ports = 2> <Width = 32> <Depth = 75684> <RAM>
ST_3 : Operation 130 [2/2] (2.77ns)   --->   "%feat1_8_load_1 = load i17 %feat1_8_addr_1" [../hls_files/conv_pool.cpp:124]   --->   Operation 130 'load' 'feat1_8_load_1' <Predicate = (!icmp_ln124 & trunc_ln128 == 6)> <Delay = 2.77> <CoreInst = "RAM">   --->   Core 81 'RAM' <Latency = 1> <II = 1> <Delay = 2.77> <Storage> <Opcode : 'load' 'store'> <Ports = 2> <Width = 32> <Depth = 75684> <RAM>
ST_3 : Operation 131 [2/2] (2.77ns)   --->   "%feat1_9_load_1 = load i17 %feat1_9_addr_1" [../hls_files/conv_pool.cpp:124]   --->   Operation 131 'load' 'feat1_9_load_1' <Predicate = (!icmp_ln124 & trunc_ln128 == 7)> <Delay = 2.77> <CoreInst = "RAM">   --->   Core 81 'RAM' <Latency = 1> <II = 1> <Delay = 2.77> <Storage> <Opcode : 'load' 'store'> <Ports = 2> <Width = 32> <Depth = 75684> <RAM>
ST_3 : Operation 132 [1/2] ( I:2.77ns O:2.77ns )   --->   "%feat1_load_2 = load i17 %feat1_addr_2" [../hls_files/conv_pool.cpp:124]   --->   Operation 132 'load' 'feat1_load_2' <Predicate = (!icmp_ln124)> <Delay = 2.77> <CoreInst = "RAM">   --->   Core 81 'RAM' <Latency = 1> <II = 1> <Delay = 2.77> <Storage> <Opcode : 'load' 'store'> <Ports = 2> <Width = 32> <Depth = 75684> <RAM>
ST_3 : Operation 133 [1/2] ( I:2.77ns O:2.77ns )   --->   "%feat1_3_load_2 = load i17 %feat1_3_addr_2" [../hls_files/conv_pool.cpp:124]   --->   Operation 133 'load' 'feat1_3_load_2' <Predicate = (!icmp_ln124)> <Delay = 2.77> <CoreInst = "RAM">   --->   Core 81 'RAM' <Latency = 1> <II = 1> <Delay = 2.77> <Storage> <Opcode : 'load' 'store'> <Ports = 2> <Width = 32> <Depth = 75684> <RAM>
ST_3 : Operation 134 [1/2] ( I:2.77ns O:2.77ns )   --->   "%feat1_4_load_2 = load i17 %feat1_4_addr_2" [../hls_files/conv_pool.cpp:124]   --->   Operation 134 'load' 'feat1_4_load_2' <Predicate = (!icmp_ln124)> <Delay = 2.77> <CoreInst = "RAM">   --->   Core 81 'RAM' <Latency = 1> <II = 1> <Delay = 2.77> <Storage> <Opcode : 'load' 'store'> <Ports = 2> <Width = 32> <Depth = 75684> <RAM>
ST_3 : Operation 135 [1/2] ( I:2.77ns O:2.77ns )   --->   "%feat1_5_load_2 = load i17 %feat1_5_addr_2" [../hls_files/conv_pool.cpp:124]   --->   Operation 135 'load' 'feat1_5_load_2' <Predicate = (!icmp_ln124)> <Delay = 2.77> <CoreInst = "RAM">   --->   Core 81 'RAM' <Latency = 1> <II = 1> <Delay = 2.77> <Storage> <Opcode : 'load' 'store'> <Ports = 2> <Width = 32> <Depth = 75684> <RAM>
ST_3 : Operation 136 [1/2] ( I:2.77ns O:2.77ns )   --->   "%feat1_6_load_2 = load i17 %feat1_6_addr_2" [../hls_files/conv_pool.cpp:124]   --->   Operation 136 'load' 'feat1_6_load_2' <Predicate = (!icmp_ln124)> <Delay = 2.77> <CoreInst = "RAM">   --->   Core 81 'RAM' <Latency = 1> <II = 1> <Delay = 2.77> <Storage> <Opcode : 'load' 'store'> <Ports = 2> <Width = 32> <Depth = 75684> <RAM>
ST_3 : Operation 137 [1/2] ( I:2.77ns O:2.77ns )   --->   "%feat1_7_load_2 = load i17 %feat1_7_addr_2" [../hls_files/conv_pool.cpp:124]   --->   Operation 137 'load' 'feat1_7_load_2' <Predicate = (!icmp_ln124)> <Delay = 2.77> <CoreInst = "RAM">   --->   Core 81 'RAM' <Latency = 1> <II = 1> <Delay = 2.77> <Storage> <Opcode : 'load' 'store'> <Ports = 2> <Width = 32> <Depth = 75684> <RAM>
ST_3 : Operation 138 [1/2] ( I:2.77ns O:2.77ns )   --->   "%feat1_8_load_2 = load i17 %feat1_8_addr_2" [../hls_files/conv_pool.cpp:124]   --->   Operation 138 'load' 'feat1_8_load_2' <Predicate = (!icmp_ln124)> <Delay = 2.77> <CoreInst = "RAM">   --->   Core 81 'RAM' <Latency = 1> <II = 1> <Delay = 2.77> <Storage> <Opcode : 'load' 'store'> <Ports = 2> <Width = 32> <Depth = 75684> <RAM>
ST_3 : Operation 139 [1/2] ( I:2.77ns O:2.77ns )   --->   "%feat1_9_load_2 = load i17 %feat1_9_addr_2" [../hls_files/conv_pool.cpp:124]   --->   Operation 139 'load' 'feat1_9_load_2' <Predicate = (!icmp_ln124)> <Delay = 2.77> <CoreInst = "RAM">   --->   Core 81 'RAM' <Latency = 1> <II = 1> <Delay = 2.77> <Storage> <Opcode : 'load' 'store'> <Ports = 2> <Width = 32> <Depth = 75684> <RAM>
ST_3 : Operation 140 [2/2] (2.77ns)   --->   "%feat1_load_3 = load i17 %feat1_addr_3" [../hls_files/conv_pool.cpp:124]   --->   Operation 140 'load' 'feat1_load_3' <Predicate = (!icmp_ln124 & trunc_ln128 == 0)> <Delay = 2.77> <CoreInst = "RAM">   --->   Core 81 'RAM' <Latency = 1> <II = 1> <Delay = 2.77> <Storage> <Opcode : 'load' 'store'> <Ports = 2> <Width = 32> <Depth = 75684> <RAM>
ST_3 : Operation 141 [2/2] (2.77ns)   --->   "%feat1_3_load_3 = load i17 %feat1_3_addr_3" [../hls_files/conv_pool.cpp:124]   --->   Operation 141 'load' 'feat1_3_load_3' <Predicate = (!icmp_ln124 & trunc_ln128 == 1)> <Delay = 2.77> <CoreInst = "RAM">   --->   Core 81 'RAM' <Latency = 1> <II = 1> <Delay = 2.77> <Storage> <Opcode : 'load' 'store'> <Ports = 2> <Width = 32> <Depth = 75684> <RAM>
ST_3 : Operation 142 [2/2] (2.77ns)   --->   "%feat1_4_load_3 = load i17 %feat1_4_addr_3" [../hls_files/conv_pool.cpp:124]   --->   Operation 142 'load' 'feat1_4_load_3' <Predicate = (!icmp_ln124 & trunc_ln128 == 2)> <Delay = 2.77> <CoreInst = "RAM">   --->   Core 81 'RAM' <Latency = 1> <II = 1> <Delay = 2.77> <Storage> <Opcode : 'load' 'store'> <Ports = 2> <Width = 32> <Depth = 75684> <RAM>
ST_3 : Operation 143 [2/2] (2.77ns)   --->   "%feat1_5_load_3 = load i17 %feat1_5_addr_3" [../hls_files/conv_pool.cpp:124]   --->   Operation 143 'load' 'feat1_5_load_3' <Predicate = (!icmp_ln124 & trunc_ln128 == 3)> <Delay = 2.77> <CoreInst = "RAM">   --->   Core 81 'RAM' <Latency = 1> <II = 1> <Delay = 2.77> <Storage> <Opcode : 'load' 'store'> <Ports = 2> <Width = 32> <Depth = 75684> <RAM>
ST_3 : Operation 144 [2/2] (2.77ns)   --->   "%feat1_6_load_3 = load i17 %feat1_6_addr_3" [../hls_files/conv_pool.cpp:124]   --->   Operation 144 'load' 'feat1_6_load_3' <Predicate = (!icmp_ln124 & trunc_ln128 == 4)> <Delay = 2.77> <CoreInst = "RAM">   --->   Core 81 'RAM' <Latency = 1> <II = 1> <Delay = 2.77> <Storage> <Opcode : 'load' 'store'> <Ports = 2> <Width = 32> <Depth = 75684> <RAM>
ST_3 : Operation 145 [2/2] (2.77ns)   --->   "%feat1_7_load_3 = load i17 %feat1_7_addr_3" [../hls_files/conv_pool.cpp:124]   --->   Operation 145 'load' 'feat1_7_load_3' <Predicate = (!icmp_ln124 & trunc_ln128 == 5)> <Delay = 2.77> <CoreInst = "RAM">   --->   Core 81 'RAM' <Latency = 1> <II = 1> <Delay = 2.77> <Storage> <Opcode : 'load' 'store'> <Ports = 2> <Width = 32> <Depth = 75684> <RAM>
ST_3 : Operation 146 [2/2] (2.77ns)   --->   "%feat1_8_load_3 = load i17 %feat1_8_addr_3" [../hls_files/conv_pool.cpp:124]   --->   Operation 146 'load' 'feat1_8_load_3' <Predicate = (!icmp_ln124 & trunc_ln128 == 6)> <Delay = 2.77> <CoreInst = "RAM">   --->   Core 81 'RAM' <Latency = 1> <II = 1> <Delay = 2.77> <Storage> <Opcode : 'load' 'store'> <Ports = 2> <Width = 32> <Depth = 75684> <RAM>
ST_3 : Operation 147 [2/2] (2.77ns)   --->   "%feat1_9_load_3 = load i17 %feat1_9_addr_3" [../hls_files/conv_pool.cpp:124]   --->   Operation 147 'load' 'feat1_9_load_3' <Predicate = (!icmp_ln124 & trunc_ln128 == 7)> <Delay = 2.77> <CoreInst = "RAM">   --->   Core 81 'RAM' <Latency = 1> <II = 1> <Delay = 2.77> <Storage> <Opcode : 'load' 'store'> <Ports = 2> <Width = 32> <Depth = 75684> <RAM>
ST_3 : Operation 148 [1/1] (1.47ns)   --->   "%m0 = sparsemux i32 @_ssdm_op_SparseMux.ap_auto.8float.float.i3, i3 0, i32 %feat1_load, i3 1, i32 %feat1_3_load, i3 2, i32 %feat1_4_load, i3 3, i32 %feat1_5_load, i3 4, i32 %feat1_6_load, i3 5, i32 %feat1_7_load, i3 6, i32 %feat1_8_load, i3 7, i32 %feat1_9_load, i32 <undef>, i3 %trunc_ln128" [../hls_files/conv_pool.cpp:130]   --->   Operation 148 'sparsemux' 'm0' <Predicate = (!icmp_ln124)> <Delay = 1.47> <CoreInst = "BinarySparseMux_DontCare">   --->   Core 137 'BinarySparseMux_DontCare' <Latency = 0> <II = 1> <Delay = 1.47> <FuncUnit> <Opcode : 'sparsemux'> <InPorts = 2> <OutPorts = 1>
ST_3 : Operation 149 [1/1] (1.47ns)   --->   "%m2 = sparsemux i32 @_ssdm_op_SparseMux.ap_auto.8float.float.i3, i3 0, i32 %feat1_load_2, i3 1, i32 %feat1_3_load_2, i3 2, i32 %feat1_4_load_2, i3 3, i32 %feat1_5_load_2, i3 4, i32 %feat1_6_load_2, i3 5, i32 %feat1_7_load_2, i3 6, i32 %feat1_8_load_2, i3 7, i32 %feat1_9_load_2, i32 <undef>, i3 %trunc_ln128" [../hls_files/conv_pool.cpp:132]   --->   Operation 149 'sparsemux' 'm2' <Predicate = (!icmp_ln124)> <Delay = 1.47> <CoreInst = "BinarySparseMux_DontCare">   --->   Core 137 'BinarySparseMux_DontCare' <Latency = 0> <II = 1> <Delay = 1.47> <FuncUnit> <Opcode : 'sparsemux'> <InPorts = 2> <OutPorts = 1>
ST_3 : Operation 150 [1/1] (1.49ns)   --->   "%add_ln128 = add i4 %m_1_mid2, i4 1" [../hls_files/conv_pool.cpp:128]   --->   Operation 150 'add' 'add_ln128' <Predicate = (!icmp_ln124)> <Delay = 1.49> <CoreInst = "Adder">   --->   Core 1 'Adder' <Latency = 0> <II = 1> <Delay = 1.49> <FuncUnit> <Opcode : 'add' 'sub'> <InPorts = 2> <OutPorts = 1>
ST_3 : Operation 151 [1/1] (1.77ns)   --->   "%add_ln126_2 = add i12 %indvar_flatten55_load, i12 1" [../hls_files/conv_pool.cpp:126]   --->   Operation 151 'add' 'add_ln126_2' <Predicate = (!icmp_ln124 & !icmp_ln126)> <Delay = 1.77> <CoreInst = "Adder">   --->   Core 1 'Adder' <Latency = 0> <II = 1> <Delay = 1.77> <FuncUnit> <Opcode : 'add' 'sub'> <InPorts = 2> <OutPorts = 1>
ST_3 : Operation 152 [1/1] (0.59ns)   --->   "%select_ln126_1 = select i1 %icmp_ln126, i12 1, i12 %add_ln126_2" [../hls_files/conv_pool.cpp:126]   --->   Operation 152 'select' 'select_ln126_1' <Predicate = (!icmp_ln124)> <Delay = 0.59> <CoreInst = "Sel">   --->   Core 73 'Sel' <Latency = 0> <II = 1> <Delay = 0.59> <FuncUnit> <Opcode : 'select'> <InPorts = 3> <OutPorts = 1>
ST_3 : Operation 153 [1/1] (1.32ns)   --->   "%store_ln124 = store i18 %add_ln124_1, i18 %indvar_flatten68" [../hls_files/conv_pool.cpp:124]   --->   Operation 153 'store' 'store_ln124' <Predicate = (!icmp_ln124)> <Delay = 1.32>
ST_3 : Operation 154 [1/1] (1.32ns)   --->   "%store_ln124 = store i7 %select_ln124_1, i7 %i" [../hls_files/conv_pool.cpp:124]   --->   Operation 154 'store' 'store_ln124' <Predicate = (!icmp_ln124)> <Delay = 1.32>
ST_3 : Operation 155 [1/1] (1.32ns)   --->   "%store_ln126 = store i12 %select_ln126_1, i12 %indvar_flatten55" [../hls_files/conv_pool.cpp:126]   --->   Operation 155 'store' 'store_ln126' <Predicate = (!icmp_ln124)> <Delay = 1.32>
ST_3 : Operation 156 [1/1] (1.32ns)   --->   "%store_ln126 = store i8 %select_ln126, i8 %j" [../hls_files/conv_pool.cpp:126]   --->   Operation 156 'store' 'store_ln126' <Predicate = (!icmp_ln124)> <Delay = 1.32>
ST_3 : Operation 157 [1/1] (1.32ns)   --->   "%store_ln128 = store i4 %add_ln128, i4 %m" [../hls_files/conv_pool.cpp:128]   --->   Operation 157 'store' 'store_ln128' <Predicate = (!icmp_ln124)> <Delay = 1.32>
ST_3 : Operation 158 [1/1] (0.00ns)   --->   "%br_ln128 = br void %for.body109" [../hls_files/conv_pool.cpp:128]   --->   Operation 158 'br' 'br_ln128' <Predicate = (!icmp_ln124)> <Delay = 0.00>

State 4 <SV = 3> <Delay = 8.49>
ST_4 : Operation 159 [2/3] (1.38ns) (grouped into DSP with root node empty_74)   --->   "%empty_71 = mul i15 %select_ln124_1_cast, i15 159" [../hls_files/conv_pool.cpp:124]   --->   Operation 159 'mul' 'empty_71' <Predicate = true> <Delay = 1.38> <CoreInst = "DSP48">   --->   Core 116 'DSP48' <Latency = 3> <II = 1> <Delay = 1.82> <IPBlock> <Opcode : 'add' 'sub' 'mul' 'select'> <InPorts = 0> <OutPorts = 1> <Sync> <CReg>
ST_4 : Operation 160 [1/2] ( I:2.77ns O:2.77ns )   --->   "%feat1_load_1 = load i17 %feat1_addr_1" [../hls_files/conv_pool.cpp:124]   --->   Operation 160 'load' 'feat1_load_1' <Predicate = (trunc_ln128 == 0)> <Delay = 2.77> <CoreInst = "RAM">   --->   Core 81 'RAM' <Latency = 1> <II = 1> <Delay = 2.77> <Storage> <Opcode : 'load' 'store'> <Ports = 2> <Width = 32> <Depth = 75684> <RAM>
ST_4 : Operation 161 [1/2] ( I:2.77ns O:2.77ns )   --->   "%feat1_3_load_1 = load i17 %feat1_3_addr_1" [../hls_files/conv_pool.cpp:124]   --->   Operation 161 'load' 'feat1_3_load_1' <Predicate = (trunc_ln128 == 1)> <Delay = 2.77> <CoreInst = "RAM">   --->   Core 81 'RAM' <Latency = 1> <II = 1> <Delay = 2.77> <Storage> <Opcode : 'load' 'store'> <Ports = 2> <Width = 32> <Depth = 75684> <RAM>
ST_4 : Operation 162 [1/2] ( I:2.77ns O:2.77ns )   --->   "%feat1_4_load_1 = load i17 %feat1_4_addr_1" [../hls_files/conv_pool.cpp:124]   --->   Operation 162 'load' 'feat1_4_load_1' <Predicate = (trunc_ln128 == 2)> <Delay = 2.77> <CoreInst = "RAM">   --->   Core 81 'RAM' <Latency = 1> <II = 1> <Delay = 2.77> <Storage> <Opcode : 'load' 'store'> <Ports = 2> <Width = 32> <Depth = 75684> <RAM>
ST_4 : Operation 163 [1/2] ( I:2.77ns O:2.77ns )   --->   "%feat1_5_load_1 = load i17 %feat1_5_addr_1" [../hls_files/conv_pool.cpp:124]   --->   Operation 163 'load' 'feat1_5_load_1' <Predicate = (trunc_ln128 == 3)> <Delay = 2.77> <CoreInst = "RAM">   --->   Core 81 'RAM' <Latency = 1> <II = 1> <Delay = 2.77> <Storage> <Opcode : 'load' 'store'> <Ports = 2> <Width = 32> <Depth = 75684> <RAM>
ST_4 : Operation 164 [1/2] ( I:2.77ns O:2.77ns )   --->   "%feat1_6_load_1 = load i17 %feat1_6_addr_1" [../hls_files/conv_pool.cpp:124]   --->   Operation 164 'load' 'feat1_6_load_1' <Predicate = (trunc_ln128 == 4)> <Delay = 2.77> <CoreInst = "RAM">   --->   Core 81 'RAM' <Latency = 1> <II = 1> <Delay = 2.77> <Storage> <Opcode : 'load' 'store'> <Ports = 2> <Width = 32> <Depth = 75684> <RAM>
ST_4 : Operation 165 [1/2] ( I:2.77ns O:2.77ns )   --->   "%feat1_7_load_1 = load i17 %feat1_7_addr_1" [../hls_files/conv_pool.cpp:124]   --->   Operation 165 'load' 'feat1_7_load_1' <Predicate = (trunc_ln128 == 5)> <Delay = 2.77> <CoreInst = "RAM">   --->   Core 81 'RAM' <Latency = 1> <II = 1> <Delay = 2.77> <Storage> <Opcode : 'load' 'store'> <Ports = 2> <Width = 32> <Depth = 75684> <RAM>
ST_4 : Operation 166 [1/2] ( I:2.77ns O:2.77ns )   --->   "%feat1_8_load_1 = load i17 %feat1_8_addr_1" [../hls_files/conv_pool.cpp:124]   --->   Operation 166 'load' 'feat1_8_load_1' <Predicate = (trunc_ln128 == 6)> <Delay = 2.77> <CoreInst = "RAM">   --->   Core 81 'RAM' <Latency = 1> <II = 1> <Delay = 2.77> <Storage> <Opcode : 'load' 'store'> <Ports = 2> <Width = 32> <Depth = 75684> <RAM>
ST_4 : Operation 167 [1/2] ( I:2.77ns O:2.77ns )   --->   "%feat1_9_load_1 = load i17 %feat1_9_addr_1" [../hls_files/conv_pool.cpp:124]   --->   Operation 167 'load' 'feat1_9_load_1' <Predicate = (trunc_ln128 == 7)> <Delay = 2.77> <CoreInst = "RAM">   --->   Core 81 'RAM' <Latency = 1> <II = 1> <Delay = 2.77> <Storage> <Opcode : 'load' 'store'> <Ports = 2> <Width = 32> <Depth = 75684> <RAM>
ST_4 : Operation 168 [1/2] ( I:2.77ns O:2.77ns )   --->   "%feat1_load_3 = load i17 %feat1_addr_3" [../hls_files/conv_pool.cpp:124]   --->   Operation 168 'load' 'feat1_load_3' <Predicate = (trunc_ln128 == 0)> <Delay = 2.77> <CoreInst = "RAM">   --->   Core 81 'RAM' <Latency = 1> <II = 1> <Delay = 2.77> <Storage> <Opcode : 'load' 'store'> <Ports = 2> <Width = 32> <Depth = 75684> <RAM>
ST_4 : Operation 169 [1/2] ( I:2.77ns O:2.77ns )   --->   "%feat1_3_load_3 = load i17 %feat1_3_addr_3" [../hls_files/conv_pool.cpp:124]   --->   Operation 169 'load' 'feat1_3_load_3' <Predicate = (trunc_ln128 == 1)> <Delay = 2.77> <CoreInst = "RAM">   --->   Core 81 'RAM' <Latency = 1> <II = 1> <Delay = 2.77> <Storage> <Opcode : 'load' 'store'> <Ports = 2> <Width = 32> <Depth = 75684> <RAM>
ST_4 : Operation 170 [1/2] ( I:2.77ns O:2.77ns )   --->   "%feat1_4_load_3 = load i17 %feat1_4_addr_3" [../hls_files/conv_pool.cpp:124]   --->   Operation 170 'load' 'feat1_4_load_3' <Predicate = (trunc_ln128 == 2)> <Delay = 2.77> <CoreInst = "RAM">   --->   Core 81 'RAM' <Latency = 1> <II = 1> <Delay = 2.77> <Storage> <Opcode : 'load' 'store'> <Ports = 2> <Width = 32> <Depth = 75684> <RAM>
ST_4 : Operation 171 [1/2] ( I:2.77ns O:2.77ns )   --->   "%feat1_5_load_3 = load i17 %feat1_5_addr_3" [../hls_files/conv_pool.cpp:124]   --->   Operation 171 'load' 'feat1_5_load_3' <Predicate = (trunc_ln128 == 3)> <Delay = 2.77> <CoreInst = "RAM">   --->   Core 81 'RAM' <Latency = 1> <II = 1> <Delay = 2.77> <Storage> <Opcode : 'load' 'store'> <Ports = 2> <Width = 32> <Depth = 75684> <RAM>
ST_4 : Operation 172 [1/2] ( I:2.77ns O:2.77ns )   --->   "%feat1_6_load_3 = load i17 %feat1_6_addr_3" [../hls_files/conv_pool.cpp:124]   --->   Operation 172 'load' 'feat1_6_load_3' <Predicate = (trunc_ln128 == 4)> <Delay = 2.77> <CoreInst = "RAM">   --->   Core 81 'RAM' <Latency = 1> <II = 1> <Delay = 2.77> <Storage> <Opcode : 'load' 'store'> <Ports = 2> <Width = 32> <Depth = 75684> <RAM>
ST_4 : Operation 173 [1/2] ( I:2.77ns O:2.77ns )   --->   "%feat1_7_load_3 = load i17 %feat1_7_addr_3" [../hls_files/conv_pool.cpp:124]   --->   Operation 173 'load' 'feat1_7_load_3' <Predicate = (trunc_ln128 == 5)> <Delay = 2.77> <CoreInst = "RAM">   --->   Core 81 'RAM' <Latency = 1> <II = 1> <Delay = 2.77> <Storage> <Opcode : 'load' 'store'> <Ports = 2> <Width = 32> <Depth = 75684> <RAM>
ST_4 : Operation 174 [1/2] ( I:2.77ns O:2.77ns )   --->   "%feat1_8_load_3 = load i17 %feat1_8_addr_3" [../hls_files/conv_pool.cpp:124]   --->   Operation 174 'load' 'feat1_8_load_3' <Predicate = (trunc_ln128 == 6)> <Delay = 2.77> <CoreInst = "RAM">   --->   Core 81 'RAM' <Latency = 1> <II = 1> <Delay = 2.77> <Storage> <Opcode : 'load' 'store'> <Ports = 2> <Width = 32> <Depth = 75684> <RAM>
ST_4 : Operation 175 [1/2] ( I:2.77ns O:2.77ns )   --->   "%feat1_9_load_3 = load i17 %feat1_9_addr_3" [../hls_files/conv_pool.cpp:124]   --->   Operation 175 'load' 'feat1_9_load_3' <Predicate = (trunc_ln128 == 7)> <Delay = 2.77> <CoreInst = "RAM">   --->   Core 81 'RAM' <Latency = 1> <II = 1> <Delay = 2.77> <Storage> <Opcode : 'load' 'store'> <Ports = 2> <Width = 32> <Depth = 75684> <RAM>
ST_4 : Operation 176 [1/1] (1.47ns)   --->   "%m1 = sparsemux i32 @_ssdm_op_SparseMux.ap_auto.8float.float.i3, i3 0, i32 %feat1_load_1, i3 1, i32 %feat1_3_load_1, i3 2, i32 %feat1_4_load_1, i3 3, i32 %feat1_5_load_1, i3 4, i32 %feat1_6_load_1, i3 5, i32 %feat1_7_load_1, i3 6, i32 %feat1_8_load_1, i3 7, i32 %feat1_9_load_1, i32 <undef>, i3 %trunc_ln128" [../hls_files/conv_pool.cpp:131]   --->   Operation 176 'sparsemux' 'm1' <Predicate = true> <Delay = 1.47> <CoreInst = "BinarySparseMux_DontCare">   --->   Core 137 'BinarySparseMux_DontCare' <Latency = 0> <II = 1> <Delay = 1.47> <FuncUnit> <Opcode : 'sparsemux'> <InPorts = 2> <OutPorts = 1>
ST_4 : Operation 177 [1/1] (1.47ns)   --->   "%m3 = sparsemux i32 @_ssdm_op_SparseMux.ap_auto.8float.float.i3, i3 0, i32 %feat1_load_3, i3 1, i32 %feat1_3_load_3, i3 2, i32 %feat1_4_load_3, i3 3, i32 %feat1_5_load_3, i3 4, i32 %feat1_6_load_3, i3 5, i32 %feat1_7_load_3, i3 6, i32 %feat1_8_load_3, i3 7, i32 %feat1_9_load_3, i32 <undef>, i3 %trunc_ln128" [../hls_files/conv_pool.cpp:133]   --->   Operation 177 'sparsemux' 'm3' <Predicate = true> <Delay = 1.47> <CoreInst = "BinarySparseMux_DontCare">   --->   Core 137 'BinarySparseMux_DontCare' <Latency = 0> <II = 1> <Delay = 1.47> <FuncUnit> <Opcode : 'sparsemux'> <InPorts = 2> <OutPorts = 1>
ST_4 : Operation 178 [2/2] (4.24ns)   --->   "%tmp_4 = fcmp_ogt  i32 %m0, i32 %m1" [../hls_files/conv_pool.cpp:134]   --->   Operation 178 'fcmp' 'tmp_4' <Predicate = true> <Delay = 4.24> <CoreInst = "FCompare">   --->   Core 19 'FCompare' <Latency = 1> <II = 1> <Delay = 4.24> <FuncUnit> <Opcode : 'fcmp'> <InPorts = 2> <OutPorts = 1>
ST_4 : Operation 179 [2/2] (4.24ns)   --->   "%tmp_10 = fcmp_ogt  i32 %m2, i32 %m3" [../hls_files/conv_pool.cpp:135]   --->   Operation 179 'fcmp' 'tmp_10' <Predicate = true> <Delay = 4.24> <CoreInst = "FCompare">   --->   Core 19 'FCompare' <Latency = 1> <II = 1> <Delay = 4.24> <FuncUnit> <Opcode : 'fcmp'> <InPorts = 2> <OutPorts = 1>
ST_4 : Operation 253 [1/1] (1.32ns)   --->   "%ret_ln0 = ret"   --->   Operation 253 'ret' 'ret_ln0' <Predicate = (icmp_ln124)> <Delay = 1.32>

State 5 <SV = 4> <Delay = 10.0>
ST_5 : Operation 180 [1/3] (0.00ns) (grouped into DSP with root node empty_74)   --->   "%empty_71 = mul i15 %select_ln124_1_cast, i15 159" [../hls_files/conv_pool.cpp:124]   --->   Operation 180 'mul' 'empty_71' <Predicate = true> <Delay = 0.00> <CoreInst = "DSP48">   --->   Core 116 'DSP48' <Latency = 3> <II = 1> <Delay = 1.82> <IPBlock> <Opcode : 'add' 'sub' 'mul' 'select'> <InPorts = 0> <OutPorts = 1> <Sync> <CReg>
ST_5 : Operation 181 [1/1] (0.00ns)   --->   "%select_ln126_cast = zext i8 %select_ln126" [../hls_files/conv_pool.cpp:126]   --->   Operation 181 'zext' 'select_ln126_cast' <Predicate = true> <Delay = 0.00>
ST_5 : Operation 182 [2/2] (1.76ns) (root node of the DSP)   --->   "%empty_74 = add i15 %empty_71, i15 %select_ln126_cast" [../hls_files/conv_pool.cpp:124]   --->   Operation 182 'add' 'empty_74' <Predicate = true> <Delay = 1.76> <CoreInst = "DSP48">   --->   Core 116 'DSP48' <Latency = 3> <II = 1> <Delay = 1.82> <IPBlock> <Opcode : 'add' 'sub' 'mul' 'select'> <InPorts = 0> <OutPorts = 1> <Sync> <CReg>
ST_5 : Operation 183 [1/1] (0.00ns)   --->   "%bitcast_ln134 = bitcast i32 %m0" [../hls_files/conv_pool.cpp:134]   --->   Operation 183 'bitcast' 'bitcast_ln134' <Predicate = true> <Delay = 0.00>
ST_5 : Operation 184 [1/1] (0.00ns)   --->   "%tmp_2 = partselect i8 @_ssdm_op_PartSelect.i8.i32.i32.i32, i32 %bitcast_ln134, i32 23, i32 30" [../hls_files/conv_pool.cpp:134]   --->   Operation 184 'partselect' 'tmp_2' <Predicate = true> <Delay = 0.00>
ST_5 : Operation 185 [1/1] (0.00ns)   --->   "%trunc_ln134 = trunc i32 %bitcast_ln134" [../hls_files/conv_pool.cpp:134]   --->   Operation 185 'trunc' 'trunc_ln134' <Predicate = true> <Delay = 0.00>
ST_5 : Operation 186 [1/1] (0.00ns)   --->   "%bitcast_ln134_1 = bitcast i32 %m1" [../hls_files/conv_pool.cpp:134]   --->   Operation 186 'bitcast' 'bitcast_ln134_1' <Predicate = true> <Delay = 0.00>
ST_5 : Operation 187 [1/1] (0.00ns)   --->   "%tmp_3 = partselect i8 @_ssdm_op_PartSelect.i8.i32.i32.i32, i32 %bitcast_ln134_1, i32 23, i32 30" [../hls_files/conv_pool.cpp:134]   --->   Operation 187 'partselect' 'tmp_3' <Predicate = true> <Delay = 0.00>
ST_5 : Operation 188 [1/1] (0.00ns)   --->   "%trunc_ln134_1 = trunc i32 %bitcast_ln134_1" [../hls_files/conv_pool.cpp:134]   --->   Operation 188 'trunc' 'trunc_ln134_1' <Predicate = true> <Delay = 0.00>
ST_5 : Operation 189 [1/1] (1.71ns)   --->   "%icmp_ln134 = icmp_ne  i8 %tmp_2, i8 255" [../hls_files/conv_pool.cpp:134]   --->   Operation 189 'icmp' 'icmp_ln134' <Predicate = true> <Delay = 1.71> <CoreInst = "Cmp">   --->   Core 9 'Cmp' <Latency = 0> <II = 1> <Delay = 1.71> <FuncUnit> <Opcode : 'seteq' 'setne' 'setle' 'setge' 'setlt' 'setgt'> <InPorts = 2> <OutPorts = 1>
ST_5 : Operation 190 [1/1] (1.98ns)   --->   "%icmp_ln134_1 = icmp_eq  i23 %trunc_ln134, i23 0" [../hls_files/conv_pool.cpp:134]   --->   Operation 190 'icmp' 'icmp_ln134_1' <Predicate = true> <Delay = 1.98> <CoreInst = "Cmp">   --->   Core 9 'Cmp' <Latency = 0> <II = 1> <Delay = 1.98> <FuncUnit> <Opcode : 'seteq' 'setne' 'setle' 'setge' 'setlt' 'setgt'> <InPorts = 2> <OutPorts = 1>
ST_5 : Operation 191 [1/1] (0.00ns) (grouped into LUT with out node and_ln134_1)   --->   "%or_ln134 = or i1 %icmp_ln134_1, i1 %icmp_ln134" [../hls_files/conv_pool.cpp:134]   --->   Operation 191 'or' 'or_ln134' <Predicate = true> <Delay = 0.00> <CoreInst = "LogicGate">   --->   Core 74 'LogicGate' <Latency = 0> <II = 1> <Delay = 0.80> <FuncUnit> <Opcode : 'and' 'or' 'xor'> <InPorts = 2> <OutPorts = 1>
ST_5 : Operation 192 [1/1] (1.71ns)   --->   "%icmp_ln134_2 = icmp_ne  i8 %tmp_3, i8 255" [../hls_files/conv_pool.cpp:134]   --->   Operation 192 'icmp' 'icmp_ln134_2' <Predicate = true> <Delay = 1.71> <CoreInst = "Cmp">   --->   Core 9 'Cmp' <Latency = 0> <II = 1> <Delay = 1.71> <FuncUnit> <Opcode : 'seteq' 'setne' 'setle' 'setge' 'setlt' 'setgt'> <InPorts = 2> <OutPorts = 1>
ST_5 : Operation 193 [1/1] (1.98ns)   --->   "%icmp_ln134_3 = icmp_eq  i23 %trunc_ln134_1, i23 0" [../hls_files/conv_pool.cpp:134]   --->   Operation 193 'icmp' 'icmp_ln134_3' <Predicate = true> <Delay = 1.98> <CoreInst = "Cmp">   --->   Core 9 'Cmp' <Latency = 0> <II = 1> <Delay = 1.98> <FuncUnit> <Opcode : 'seteq' 'setne' 'setle' 'setge' 'setlt' 'setgt'> <InPorts = 2> <OutPorts = 1>
ST_5 : Operation 194 [1/1] (0.00ns) (grouped into LUT with out node and_ln134_1)   --->   "%or_ln134_1 = or i1 %icmp_ln134_3, i1 %icmp_ln134_2" [../hls_files/conv_pool.cpp:134]   --->   Operation 194 'or' 'or_ln134_1' <Predicate = true> <Delay = 0.00> <CoreInst = "LogicGate">   --->   Core 74 'LogicGate' <Latency = 0> <II = 1> <Delay = 0.80> <FuncUnit> <Opcode : 'and' 'or' 'xor'> <InPorts = 2> <OutPorts = 1>
ST_5 : Operation 195 [1/1] (0.00ns) (grouped into LUT with out node and_ln134_1)   --->   "%and_ln134 = and i1 %or_ln134, i1 %or_ln134_1" [../hls_files/conv_pool.cpp:134]   --->   Operation 195 'and' 'and_ln134' <Predicate = true> <Delay = 0.00> <CoreInst = "LogicGate">   --->   Core 74 'LogicGate' <Latency = 0> <II = 1> <Delay = 0.80> <FuncUnit> <Opcode : 'and' 'or' 'xor'> <InPorts = 2> <OutPorts = 1>
ST_5 : Operation 196 [1/2] (4.24ns)   --->   "%tmp_4 = fcmp_ogt  i32 %m0, i32 %m1" [../hls_files/conv_pool.cpp:134]   --->   Operation 196 'fcmp' 'tmp_4' <Predicate = true> <Delay = 4.24> <CoreInst = "FCompare">   --->   Core 19 'FCompare' <Latency = 1> <II = 1> <Delay = 4.24> <FuncUnit> <Opcode : 'fcmp'> <InPorts = 2> <OutPorts = 1>
ST_5 : Operation 197 [1/1] (0.80ns) (out node of the LUT)   --->   "%and_ln134_1 = and i1 %and_ln134, i1 %tmp_4" [../hls_files/conv_pool.cpp:134]   --->   Operation 197 'and' 'and_ln134_1' <Predicate = true> <Delay = 0.80> <CoreInst = "LogicGate">   --->   Core 74 'LogicGate' <Latency = 0> <II = 1> <Delay = 0.80> <FuncUnit> <Opcode : 'and' 'or' 'xor'> <InPorts = 2> <OutPorts = 1>
ST_5 : Operation 198 [1/1] (0.77ns) (out node of the LUT)   --->   "%mx = select i1 %and_ln134_1, i32 %m0, i32 %m1" [../hls_files/conv_pool.cpp:134]   --->   Operation 198 'select' 'mx' <Predicate = true> <Delay = 0.77> <CoreInst = "Sel">   --->   Core 73 'Sel' <Latency = 0> <II = 1> <Delay = 0.77> <FuncUnit> <Opcode : 'select'> <InPorts = 3> <OutPorts = 1>
ST_5 : Operation 199 [1/1] (0.00ns)   --->   "%bitcast_ln135 = bitcast i32 %m2" [../hls_files/conv_pool.cpp:135]   --->   Operation 199 'bitcast' 'bitcast_ln135' <Predicate = true> <Delay = 0.00>
ST_5 : Operation 200 [1/1] (0.00ns)   --->   "%tmp_5 = partselect i8 @_ssdm_op_PartSelect.i8.i32.i32.i32, i32 %bitcast_ln135, i32 23, i32 30" [../hls_files/conv_pool.cpp:135]   --->   Operation 200 'partselect' 'tmp_5' <Predicate = true> <Delay = 0.00>
ST_5 : Operation 201 [1/1] (0.00ns)   --->   "%trunc_ln135 = trunc i32 %bitcast_ln135" [../hls_files/conv_pool.cpp:135]   --->   Operation 201 'trunc' 'trunc_ln135' <Predicate = true> <Delay = 0.00>
ST_5 : Operation 202 [1/1] (0.00ns)   --->   "%bitcast_ln135_1 = bitcast i32 %m3" [../hls_files/conv_pool.cpp:135]   --->   Operation 202 'bitcast' 'bitcast_ln135_1' <Predicate = true> <Delay = 0.00>
ST_5 : Operation 203 [1/1] (0.00ns)   --->   "%tmp_6 = partselect i8 @_ssdm_op_PartSelect.i8.i32.i32.i32, i32 %bitcast_ln135_1, i32 23, i32 30" [../hls_files/conv_pool.cpp:135]   --->   Operation 203 'partselect' 'tmp_6' <Predicate = true> <Delay = 0.00>
ST_5 : Operation 204 [1/1] (0.00ns)   --->   "%trunc_ln135_1 = trunc i32 %bitcast_ln135_1" [../hls_files/conv_pool.cpp:135]   --->   Operation 204 'trunc' 'trunc_ln135_1' <Predicate = true> <Delay = 0.00>
ST_5 : Operation 205 [1/1] (1.71ns)   --->   "%icmp_ln135 = icmp_ne  i8 %tmp_5, i8 255" [../hls_files/conv_pool.cpp:135]   --->   Operation 205 'icmp' 'icmp_ln135' <Predicate = true> <Delay = 1.71> <CoreInst = "Cmp">   --->   Core 9 'Cmp' <Latency = 0> <II = 1> <Delay = 1.71> <FuncUnit> <Opcode : 'seteq' 'setne' 'setle' 'setge' 'setlt' 'setgt'> <InPorts = 2> <OutPorts = 1>
ST_5 : Operation 206 [1/1] (1.98ns)   --->   "%icmp_ln135_1 = icmp_eq  i23 %trunc_ln135, i23 0" [../hls_files/conv_pool.cpp:135]   --->   Operation 206 'icmp' 'icmp_ln135_1' <Predicate = true> <Delay = 1.98> <CoreInst = "Cmp">   --->   Core 9 'Cmp' <Latency = 0> <II = 1> <Delay = 1.98> <FuncUnit> <Opcode : 'seteq' 'setne' 'setle' 'setge' 'setlt' 'setgt'> <InPorts = 2> <OutPorts = 1>
ST_5 : Operation 207 [1/1] (0.00ns) (grouped into LUT with out node and_ln135_1)   --->   "%or_ln135 = or i1 %icmp_ln135_1, i1 %icmp_ln135" [../hls_files/conv_pool.cpp:135]   --->   Operation 207 'or' 'or_ln135' <Predicate = true> <Delay = 0.00> <CoreInst = "LogicGate">   --->   Core 74 'LogicGate' <Latency = 0> <II = 1> <Delay = 0.80> <FuncUnit> <Opcode : 'and' 'or' 'xor'> <InPorts = 2> <OutPorts = 1>
ST_5 : Operation 208 [1/1] (1.71ns)   --->   "%icmp_ln135_2 = icmp_ne  i8 %tmp_6, i8 255" [../hls_files/conv_pool.cpp:135]   --->   Operation 208 'icmp' 'icmp_ln135_2' <Predicate = true> <Delay = 1.71> <CoreInst = "Cmp">   --->   Core 9 'Cmp' <Latency = 0> <II = 1> <Delay = 1.71> <FuncUnit> <Opcode : 'seteq' 'setne' 'setle' 'setge' 'setlt' 'setgt'> <InPorts = 2> <OutPorts = 1>
ST_5 : Operation 209 [1/1] (1.98ns)   --->   "%icmp_ln135_3 = icmp_eq  i23 %trunc_ln135_1, i23 0" [../hls_files/conv_pool.cpp:135]   --->   Operation 209 'icmp' 'icmp_ln135_3' <Predicate = true> <Delay = 1.98> <CoreInst = "Cmp">   --->   Core 9 'Cmp' <Latency = 0> <II = 1> <Delay = 1.98> <FuncUnit> <Opcode : 'seteq' 'setne' 'setle' 'setge' 'setlt' 'setgt'> <InPorts = 2> <OutPorts = 1>
ST_5 : Operation 210 [1/1] (0.00ns) (grouped into LUT with out node and_ln135_1)   --->   "%or_ln135_1 = or i1 %icmp_ln135_3, i1 %icmp_ln135_2" [../hls_files/conv_pool.cpp:135]   --->   Operation 210 'or' 'or_ln135_1' <Predicate = true> <Delay = 0.00> <CoreInst = "LogicGate">   --->   Core 74 'LogicGate' <Latency = 0> <II = 1> <Delay = 0.80> <FuncUnit> <Opcode : 'and' 'or' 'xor'> <InPorts = 2> <OutPorts = 1>
ST_5 : Operation 211 [1/1] (0.00ns) (grouped into LUT with out node and_ln135_1)   --->   "%and_ln135 = and i1 %or_ln135, i1 %or_ln135_1" [../hls_files/conv_pool.cpp:135]   --->   Operation 211 'and' 'and_ln135' <Predicate = true> <Delay = 0.00> <CoreInst = "LogicGate">   --->   Core 74 'LogicGate' <Latency = 0> <II = 1> <Delay = 0.80> <FuncUnit> <Opcode : 'and' 'or' 'xor'> <InPorts = 2> <OutPorts = 1>
ST_5 : Operation 212 [1/2] (4.24ns)   --->   "%tmp_10 = fcmp_ogt  i32 %m2, i32 %m3" [../hls_files/conv_pool.cpp:135]   --->   Operation 212 'fcmp' 'tmp_10' <Predicate = true> <Delay = 4.24> <CoreInst = "FCompare">   --->   Core 19 'FCompare' <Latency = 1> <II = 1> <Delay = 4.24> <FuncUnit> <Opcode : 'fcmp'> <InPorts = 2> <OutPorts = 1>
ST_5 : Operation 213 [1/1] (0.80ns) (out node of the LUT)   --->   "%and_ln135_1 = and i1 %and_ln135, i1 %tmp_10" [../hls_files/conv_pool.cpp:135]   --->   Operation 213 'and' 'and_ln135_1' <Predicate = true> <Delay = 0.80> <CoreInst = "LogicGate">   --->   Core 74 'LogicGate' <Latency = 0> <II = 1> <Delay = 0.80> <FuncUnit> <Opcode : 'and' 'or' 'xor'> <InPorts = 2> <OutPorts = 1>
ST_5 : Operation 214 [1/1] (0.77ns) (out node of the LUT)   --->   "%my = select i1 %and_ln135_1, i32 %m2, i32 %m3" [../hls_files/conv_pool.cpp:135]   --->   Operation 214 'select' 'my' <Predicate = true> <Delay = 0.77> <CoreInst = "Sel">   --->   Core 73 'Sel' <Latency = 0> <II = 1> <Delay = 0.77> <FuncUnit> <Opcode : 'select'> <InPorts = 3> <OutPorts = 1>
ST_5 : Operation 215 [2/2] (4.24ns)   --->   "%tmp_13 = fcmp_ogt  i32 %mx, i32 %my" [../hls_files/conv_pool.cpp:136]   --->   Operation 215 'fcmp' 'tmp_13' <Predicate = true> <Delay = 4.24> <CoreInst = "FCompare">   --->   Core 19 'FCompare' <Latency = 1> <II = 1> <Delay = 4.24> <FuncUnit> <Opcode : 'fcmp'> <InPorts = 2> <OutPorts = 1>

State 6 <SV = 5> <Delay = 8.59>
ST_6 : Operation 216 [1/1] (0.00ns)   --->   "%specloopname_ln0 = specloopname void @_ssdm_op_SpecLoopName, void @POOL1_ROW_POOL1_COL_POOL1_CH_str"   --->   Operation 216 'specloopname' 'specloopname_ln0' <Predicate = true> <Delay = 0.00>
ST_6 : Operation 217 [1/1] (0.00ns)   --->   "%speclooptripcount_ln0 = speclooptripcount void @_ssdm_op_SpecLoopTripCount, i64 151368, i64 151368, i64 151368"   --->   Operation 217 'speclooptripcount' 'speclooptripcount_ln0' <Predicate = true> <Delay = 0.00>
ST_6 : Operation 218 [1/2] (1.76ns) (root node of the DSP)   --->   "%empty_74 = add i15 %empty_71, i15 %select_ln126_cast" [../hls_files/conv_pool.cpp:124]   --->   Operation 218 'add' 'empty_74' <Predicate = true> <Delay = 1.76> <CoreInst = "DSP48">   --->   Core 116 'DSP48' <Latency = 3> <II = 1> <Delay = 1.82> <IPBlock> <Opcode : 'add' 'sub' 'mul' 'select'> <InPorts = 0> <OutPorts = 1> <Sync> <CReg>
ST_6 : Operation 219 [1/1] (0.00ns)   --->   "%p_cast = zext i15 %empty_74" [../hls_files/conv_pool.cpp:124]   --->   Operation 219 'zext' 'p_cast' <Predicate = true> <Delay = 0.00>
ST_6 : Operation 220 [1/1] (0.00ns)   --->   "%feat1_p_addr = getelementptr i32 %feat1_p, i64 0, i64 %p_cast" [../hls_files/conv_pool.cpp:124]   --->   Operation 220 'getelementptr' 'feat1_p_addr' <Predicate = true> <Delay = 0.00>
ST_6 : Operation 221 [1/1] (0.00ns)   --->   "%feat1_p_10_addr = getelementptr i32 %feat1_p_10, i64 0, i64 %p_cast" [../hls_files/conv_pool.cpp:124]   --->   Operation 221 'getelementptr' 'feat1_p_10_addr' <Predicate = true> <Delay = 0.00>
ST_6 : Operation 222 [1/1] (0.00ns)   --->   "%feat1_p_11_addr = getelementptr i32 %feat1_p_11, i64 0, i64 %p_cast" [../hls_files/conv_pool.cpp:124]   --->   Operation 222 'getelementptr' 'feat1_p_11_addr' <Predicate = true> <Delay = 0.00>
ST_6 : Operation 223 [1/1] (0.00ns)   --->   "%feat1_p_12_addr = getelementptr i32 %feat1_p_12, i64 0, i64 %p_cast" [../hls_files/conv_pool.cpp:124]   --->   Operation 223 'getelementptr' 'feat1_p_12_addr' <Predicate = true> <Delay = 0.00>
ST_6 : Operation 224 [1/1] (0.00ns)   --->   "%feat1_p_13_addr = getelementptr i32 %feat1_p_13, i64 0, i64 %p_cast" [../hls_files/conv_pool.cpp:124]   --->   Operation 224 'getelementptr' 'feat1_p_13_addr' <Predicate = true> <Delay = 0.00>
ST_6 : Operation 225 [1/1] (0.00ns)   --->   "%feat1_p_14_addr = getelementptr i32 %feat1_p_14, i64 0, i64 %p_cast" [../hls_files/conv_pool.cpp:124]   --->   Operation 225 'getelementptr' 'feat1_p_14_addr' <Predicate = true> <Delay = 0.00>
ST_6 : Operation 226 [1/1] (0.00ns)   --->   "%feat1_p_15_addr = getelementptr i32 %feat1_p_15, i64 0, i64 %p_cast" [../hls_files/conv_pool.cpp:124]   --->   Operation 226 'getelementptr' 'feat1_p_15_addr' <Predicate = true> <Delay = 0.00>
ST_6 : Operation 227 [1/1] (0.00ns)   --->   "%feat1_p_16_addr = getelementptr i32 %feat1_p_16, i64 0, i64 %p_cast" [../hls_files/conv_pool.cpp:124]   --->   Operation 227 'getelementptr' 'feat1_p_16_addr' <Predicate = true> <Delay = 0.00>
ST_6 : Operation 228 [1/1] (0.00ns)   --->   "%specpipeline_ln128 = specpipeline void @_ssdm_op_SpecPipeline, i32 4294967295, i32 0, i32 0, i32 0, void @empty_23" [../hls_files/conv_pool.cpp:128]   --->   Operation 228 'specpipeline' 'specpipeline_ln128' <Predicate = true> <Delay = 0.00>
ST_6 : Operation 229 [1/1] (0.00ns)   --->   "%bitcast_ln136 = bitcast i32 %mx" [../hls_files/conv_pool.cpp:136]   --->   Operation 229 'bitcast' 'bitcast_ln136' <Predicate = true> <Delay = 0.00>
ST_6 : Operation 230 [1/1] (0.00ns)   --->   "%tmp_11 = partselect i8 @_ssdm_op_PartSelect.i8.i32.i32.i32, i32 %bitcast_ln136, i32 23, i32 30" [../hls_files/conv_pool.cpp:136]   --->   Operation 230 'partselect' 'tmp_11' <Predicate = true> <Delay = 0.00>
ST_6 : Operation 231 [1/1] (0.00ns)   --->   "%trunc_ln136 = trunc i32 %bitcast_ln136" [../hls_files/conv_pool.cpp:136]   --->   Operation 231 'trunc' 'trunc_ln136' <Predicate = true> <Delay = 0.00>
ST_6 : Operation 232 [1/1] (0.00ns)   --->   "%bitcast_ln136_1 = bitcast i32 %my" [../hls_files/conv_pool.cpp:136]   --->   Operation 232 'bitcast' 'bitcast_ln136_1' <Predicate = true> <Delay = 0.00>
ST_6 : Operation 233 [1/1] (0.00ns)   --->   "%tmp_12 = partselect i8 @_ssdm_op_PartSelect.i8.i32.i32.i32, i32 %bitcast_ln136_1, i32 23, i32 30" [../hls_files/conv_pool.cpp:136]   --->   Operation 233 'partselect' 'tmp_12' <Predicate = true> <Delay = 0.00>
ST_6 : Operation 234 [1/1] (0.00ns)   --->   "%trunc_ln136_1 = trunc i32 %bitcast_ln136_1" [../hls_files/conv_pool.cpp:136]   --->   Operation 234 'trunc' 'trunc_ln136_1' <Predicate = true> <Delay = 0.00>
ST_6 : Operation 235 [1/1] (1.71ns)   --->   "%icmp_ln136_1 = icmp_ne  i8 %tmp_11, i8 255" [../hls_files/conv_pool.cpp:136]   --->   Operation 235 'icmp' 'icmp_ln136_1' <Predicate = true> <Delay = 1.71> <CoreInst = "Cmp">   --->   Core 9 'Cmp' <Latency = 0> <II = 1> <Delay = 1.71> <FuncUnit> <Opcode : 'seteq' 'setne' 'setle' 'setge' 'setlt' 'setgt'> <InPorts = 2> <OutPorts = 1>
ST_6 : Operation 236 [1/1] (1.98ns)   --->   "%icmp_ln136_2 = icmp_eq  i23 %trunc_ln136, i23 0" [../hls_files/conv_pool.cpp:136]   --->   Operation 236 'icmp' 'icmp_ln136_2' <Predicate = true> <Delay = 1.98> <CoreInst = "Cmp">   --->   Core 9 'Cmp' <Latency = 0> <II = 1> <Delay = 1.98> <FuncUnit> <Opcode : 'seteq' 'setne' 'setle' 'setge' 'setlt' 'setgt'> <InPorts = 2> <OutPorts = 1>
ST_6 : Operation 237 [1/1] (0.00ns) (grouped into LUT with out node and_ln136_1)   --->   "%or_ln136 = or i1 %icmp_ln136_2, i1 %icmp_ln136_1" [../hls_files/conv_pool.cpp:136]   --->   Operation 237 'or' 'or_ln136' <Predicate = true> <Delay = 0.00> <CoreInst = "LogicGate">   --->   Core 74 'LogicGate' <Latency = 0> <II = 1> <Delay = 0.80> <FuncUnit> <Opcode : 'and' 'or' 'xor'> <InPorts = 2> <OutPorts = 1>
ST_6 : Operation 238 [1/1] (1.71ns)   --->   "%icmp_ln136_3 = icmp_ne  i8 %tmp_12, i8 255" [../hls_files/conv_pool.cpp:136]   --->   Operation 238 'icmp' 'icmp_ln136_3' <Predicate = true> <Delay = 1.71> <CoreInst = "Cmp">   --->   Core 9 'Cmp' <Latency = 0> <II = 1> <Delay = 1.71> <FuncUnit> <Opcode : 'seteq' 'setne' 'setle' 'setge' 'setlt' 'setgt'> <InPorts = 2> <OutPorts = 1>
ST_6 : Operation 239 [1/1] (1.98ns)   --->   "%icmp_ln136_4 = icmp_eq  i23 %trunc_ln136_1, i23 0" [../hls_files/conv_pool.cpp:136]   --->   Operation 239 'icmp' 'icmp_ln136_4' <Predicate = true> <Delay = 1.98> <CoreInst = "Cmp">   --->   Core 9 'Cmp' <Latency = 0> <II = 1> <Delay = 1.98> <FuncUnit> <Opcode : 'seteq' 'setne' 'setle' 'setge' 'setlt' 'setgt'> <InPorts = 2> <OutPorts = 1>
ST_6 : Operation 240 [1/1] (0.00ns) (grouped into LUT with out node and_ln136_1)   --->   "%or_ln136_1 = or i1 %icmp_ln136_4, i1 %icmp_ln136_3" [../hls_files/conv_pool.cpp:136]   --->   Operation 240 'or' 'or_ln136_1' <Predicate = true> <Delay = 0.00> <CoreInst = "LogicGate">   --->   Core 74 'LogicGate' <Latency = 0> <II = 1> <Delay = 0.80> <FuncUnit> <Opcode : 'and' 'or' 'xor'> <InPorts = 2> <OutPorts = 1>
ST_6 : Operation 241 [1/1] (0.00ns) (grouped into LUT with out node and_ln136_1)   --->   "%and_ln136 = and i1 %or_ln136, i1 %or_ln136_1" [../hls_files/conv_pool.cpp:136]   --->   Operation 241 'and' 'and_ln136' <Predicate = true> <Delay = 0.00> <CoreInst = "LogicGate">   --->   Core 74 'LogicGate' <Latency = 0> <II = 1> <Delay = 0.80> <FuncUnit> <Opcode : 'and' 'or' 'xor'> <InPorts = 2> <OutPorts = 1>
ST_6 : Operation 242 [1/2] (4.24ns)   --->   "%tmp_13 = fcmp_ogt  i32 %mx, i32 %my" [../hls_files/conv_pool.cpp:136]   --->   Operation 242 'fcmp' 'tmp_13' <Predicate = true> <Delay = 4.24> <CoreInst = "FCompare">   --->   Core 19 'FCompare' <Latency = 1> <II = 1> <Delay = 4.24> <FuncUnit> <Opcode : 'fcmp'> <InPorts = 2> <OutPorts = 1>
ST_6 : Operation 243 [1/1] (0.80ns) (out node of the LUT)   --->   "%and_ln136_1 = and i1 %and_ln136, i1 %tmp_13" [../hls_files/conv_pool.cpp:136]   --->   Operation 243 'and' 'and_ln136_1' <Predicate = true> <Delay = 0.80> <CoreInst = "LogicGate">   --->   Core 74 'LogicGate' <Latency = 0> <II = 1> <Delay = 0.80> <FuncUnit> <Opcode : 'and' 'or' 'xor'> <InPorts = 2> <OutPorts = 1>
ST_6 : Operation 244 [1/1] (0.77ns) (out node of the LUT)   --->   "%select_ln136 = select i1 %and_ln136_1, i32 %mx, i32 %my" [../hls_files/conv_pool.cpp:136]   --->   Operation 244 'select' 'select_ln136' <Predicate = true> <Delay = 0.77> <CoreInst = "Sel">   --->   Core 73 'Sel' <Latency = 0> <II = 1> <Delay = 0.77> <FuncUnit> <Opcode : 'select'> <InPorts = 3> <OutPorts = 1>
ST_6 : Operation 245 [1/1] ( I:2.77ns O:2.77ns )   --->   "%store_ln136 = store i32 %select_ln136, i15 %feat1_p_15_addr" [../hls_files/conv_pool.cpp:136]   --->   Operation 245 'store' 'store_ln136' <Predicate = (trunc_ln128 == 6)> <Delay = 2.77> <CoreInst = "RAM">   --->   Core 81 'RAM' <Latency = 1> <II = 1> <Delay = 2.77> <Storage> <Opcode : 'load' 'store'> <Ports = 2> <Width = 32> <Depth = 18921> <RAM>
ST_6 : Operation 246 [1/1] ( I:2.77ns O:2.77ns )   --->   "%store_ln136 = store i32 %select_ln136, i15 %feat1_p_14_addr" [../hls_files/conv_pool.cpp:136]   --->   Operation 246 'store' 'store_ln136' <Predicate = (trunc_ln128 == 5)> <Delay = 2.77> <CoreInst = "RAM">   --->   Core 81 'RAM' <Latency = 1> <II = 1> <Delay = 2.77> <Storage> <Opcode : 'load' 'store'> <Ports = 2> <Width = 32> <Depth = 18921> <RAM>
ST_6 : Operation 247 [1/1] ( I:2.77ns O:2.77ns )   --->   "%store_ln136 = store i32 %select_ln136, i15 %feat1_p_13_addr" [../hls_files/conv_pool.cpp:136]   --->   Operation 247 'store' 'store_ln136' <Predicate = (trunc_ln128 == 4)> <Delay = 2.77> <CoreInst = "RAM">   --->   Core 81 'RAM' <Latency = 1> <II = 1> <Delay = 2.77> <Storage> <Opcode : 'load' 'store'> <Ports = 2> <Width = 32> <Depth = 18921> <RAM>
ST_6 : Operation 248 [1/1] ( I:2.77ns O:2.77ns )   --->   "%store_ln136 = store i32 %select_ln136, i15 %feat1_p_12_addr" [../hls_files/conv_pool.cpp:136]   --->   Operation 248 'store' 'store_ln136' <Predicate = (trunc_ln128 == 3)> <Delay = 2.77> <CoreInst = "RAM">   --->   Core 81 'RAM' <Latency = 1> <II = 1> <Delay = 2.77> <Storage> <Opcode : 'load' 'store'> <Ports = 2> <Width = 32> <Depth = 18921> <RAM>
ST_6 : Operation 249 [1/1] ( I:2.77ns O:2.77ns )   --->   "%store_ln136 = store i32 %select_ln136, i15 %feat1_p_11_addr" [../hls_files/conv_pool.cpp:136]   --->   Operation 249 'store' 'store_ln136' <Predicate = (trunc_ln128 == 2)> <Delay = 2.77> <CoreInst = "RAM">   --->   Core 81 'RAM' <Latency = 1> <II = 1> <Delay = 2.77> <Storage> <Opcode : 'load' 'store'> <Ports = 2> <Width = 32> <Depth = 18921> <RAM>
ST_6 : Operation 250 [1/1] ( I:2.77ns O:2.77ns )   --->   "%store_ln136 = store i32 %select_ln136, i15 %feat1_p_10_addr" [../hls_files/conv_pool.cpp:136]   --->   Operation 250 'store' 'store_ln136' <Predicate = (trunc_ln128 == 1)> <Delay = 2.77> <CoreInst = "RAM">   --->   Core 81 'RAM' <Latency = 1> <II = 1> <Delay = 2.77> <Storage> <Opcode : 'load' 'store'> <Ports = 2> <Width = 32> <Depth = 18921> <RAM>
ST_6 : Operation 251 [1/1] ( I:2.77ns O:2.77ns )   --->   "%store_ln136 = store i32 %select_ln136, i15 %feat1_p_addr" [../hls_files/conv_pool.cpp:136]   --->   Operation 251 'store' 'store_ln136' <Predicate = (trunc_ln128 == 0)> <Delay = 2.77> <CoreInst = "RAM">   --->   Core 81 'RAM' <Latency = 1> <II = 1> <Delay = 2.77> <Storage> <Opcode : 'load' 'store'> <Ports = 2> <Width = 32> <Depth = 18921> <RAM>
ST_6 : Operation 252 [1/1] ( I:2.77ns O:2.77ns )   --->   "%store_ln136 = store i32 %select_ln136, i15 %feat1_p_16_addr" [../hls_files/conv_pool.cpp:136]   --->   Operation 252 'store' 'store_ln136' <Predicate = (trunc_ln128 == 7)> <Delay = 2.77> <CoreInst = "RAM">   --->   Core 81 'RAM' <Latency = 1> <II = 1> <Delay = 2.77> <Storage> <Opcode : 'load' 'store'> <Ports = 2> <Width = 32> <Depth = 18921> <RAM>


============================================================
+ Verbose Summary: Timing violations
============================================================
Target clock period: 20.000ns, clock uncertainty: 5.400ns.

 <State 1>: 1.324ns
The critical path consists of the following:
	'alloca' operation 18 bit ('indvar_flatten68') [21]  (0.000 ns)
	'store' operation 0 bit ('store_ln0') of constant 0 on local variable 'indvar_flatten68' [22]  (1.324 ns)

 <State 2>: 10.999ns
The critical path consists of the following:
	'load' operation 12 bit ('indvar_flatten55_load', ../hls_files/conv_pool.cpp:126) on local variable 'indvar_flatten55' [29]  (0.000 ns)
	'icmp' operation 1 bit ('icmp_ln126', ../hls_files/conv_pool.cpp:126) [41]  (1.780 ns)
	'select' operation 7 bit ('select_ln124_1', ../hls_files/conv_pool.cpp:124) [46]  (0.806 ns)
	'mul' operation 17 bit ('empty_72', ../hls_files/conv_pool.cpp:124) [55]  (3.780 ns)
	'add' operation 17 bit ('empty_75', ../hls_files/conv_pool.cpp:124) [72]  (1.861 ns)
	'getelementptr' operation 17 bit ('feat1_addr', ../hls_files/conv_pool.cpp:124) [74]  (0.000 ns)
	'load' operation 32 bit ('feat1_load', ../hls_files/conv_pool.cpp:124) on array 'feat1' [114]  (2.772 ns)

 <State 3>: 8.413ns
The critical path consists of the following:
	'mul' operation 17 bit ('empty_73', ../hls_files/conv_pool.cpp:124) [58]  (3.780 ns)
	'add' operation 17 bit ('empty_76', ../hls_files/conv_pool.cpp:124) [75]  (1.861 ns)
	'getelementptr' operation 17 bit ('feat1_addr_1', ../hls_files/conv_pool.cpp:124) [77]  (0.000 ns)
	'load' operation 32 bit ('feat1_load_1', ../hls_files/conv_pool.cpp:124) on array 'feat1' [122]  (2.772 ns)

 <State 4>: 8.494ns
The critical path consists of the following:
	'load' operation 32 bit ('feat1_load_1', ../hls_files/conv_pool.cpp:124) on array 'feat1' [122]  (2.772 ns)
	'sparsemux' operation 32 bit ('m1', ../hls_files/conv_pool.cpp:131) [149]  (1.475 ns)
	'fcmp' operation 1 bit ('tmp_4', ../hls_files/conv_pool.cpp:134) [165]  (4.247 ns)

 <State 5>: 10.067ns
The critical path consists of the following:
	'fcmp' operation 1 bit ('tmp_4', ../hls_files/conv_pool.cpp:134) [165]  (4.247 ns)
	'and' operation 1 bit ('and_ln134_1', ../hls_files/conv_pool.cpp:134) [166]  (0.800 ns)
	'select' operation 32 bit ('mx', ../hls_files/conv_pool.cpp:134) [167]  (0.773 ns)
	'fcmp' operation 1 bit ('tmp_13', ../hls_files/conv_pool.cpp:136) [197]  (4.247 ns)

 <State 6>: 8.592ns
The critical path consists of the following:
	'fcmp' operation 1 bit ('tmp_13', ../hls_files/conv_pool.cpp:136) [197]  (4.247 ns)
	'and' operation 1 bit ('and_ln136_1', ../hls_files/conv_pool.cpp:136) [198]  (0.800 ns)
	'select' operation 32 bit ('select_ln136', ../hls_files/conv_pool.cpp:136) [199]  (0.773 ns)
	'store' operation 0 bit ('store_ln136', ../hls_files/conv_pool.cpp:136) of variable 'select_ln136', ../hls_files/conv_pool.cpp:136 on array 'feat1_p_11' [214]  (2.772 ns)


============================================================
+ Verbose Summary: Binding
============================================================
N/A
* FSMD analyzer results:
  - Output states:
 - Input state : 
  - Chain level:
	State 1
	State 2
	State 3
	State 4
	State 5
	State 6


============================================================
+ Verbose Summary: Datapath Resource usage 
============================================================
N/A
