

================================================================
== Vitis HLS Report for 'cnn_accel_Pipeline_FLATTEN_VITIS_LOOP_189_1_VITIS_LOOP_190_2'
================================================================
* Date:           Fri Jul  4 17:05:21 2025

* Version:        2025.1 (Build 6135595 on May 21 2025)
* Project:        cnn_accel
* Solution:       hls (Vivado IP Flow Target)
* Product family: artix7
* Target device:  xc7a100t-fgg484-2L


================================================================
== Performance Estimates
================================================================
+ Timing: 
    * Summary: 
    +--------+----------+----------+------------+
    |  Clock |  Target  | Estimated| Uncertainty|
    +--------+----------+----------+------------+
    |ap_clk  |  20.00 ns|  7.221 ns|     5.40 ns|
    +--------+----------+----------+------------+

+ Latency: 
    * Summary: 
    +---------+---------+----------+----------+-------+-------+------------------------------------------------+
    |  Latency (cycles) |  Latency (absolute) |    Interval   |                    Pipeline                    |
    |   min   |   max   |    min   |    max   |  min  |  max  |                      Type                      |
    +---------+---------+----------+----------+-------+-------+------------------------------------------------+
    |    72389|    72389|  1.448 ms|  1.448 ms|  72385|  72385|  loop auto-rewind stp (delay=0 clock cycles(s))|
    +---------+---------+----------+----------+-------+-------+------------------------------------------------+

    + Detail: 
        * Instance: 
        N/A

        * Loop: 
        +---------------------------------------------+---------+---------+----------+-----------+-----------+-------+----------+
        |                                             |  Latency (cycles) | Iteration|  Initiation Interval  |  Trip |          |
        |                  Loop Name                  |   min   |   max   |  Latency |  achieved |   target  | Count | Pipelined|
        +---------------------------------------------+---------+---------+----------+-----------+-----------+-------+----------+
        |- FLATTEN_VITIS_LOOP_189_1_VITIS_LOOP_190_2  |    72387|    72387|         5|          1|          1|  72384|       yes|
        +---------------------------------------------+---------+---------+----------+-----------+-----------+-------+----------+

============================================================
+ Verbose Summary: Synthesis Manager
============================================================
InlineROM: 1
ExposeGlobal: 0
============================================================
+ Verbose Summary: CDFG Model
============================================================
IsTopModel: 0
ResetActiveHigh: 1
IsCombinational: 0
IsDatapathOnly: 0
HasWiredReturn: 1
HasMFsm: 2
HasVarLatency: 1
IsPipeline: 0
IsRtlPipelined: 0
IsInstanceOverlapped: 0
IsDontTouch: 0
HasImplIP: 0
IsGatedGlobalClock: 0

+ Individual pipeline summary: 
  * Pipeline-0: initiation interval (II) = 1, depth = 6


============================================================
+ Verbose Summary: Schedule
============================================================
* Number of FSM states : 6
* Pipeline : 1
  Pipeline-0 : II = 1, D = 6, States = { 1 2 3 4 5 6 }
* Dataflow Pipeline: 0

* FSM state transitions: 
1 --> 2 
2 --> 3 
3 --> 4 
4 --> 5 
5 --> 6 
6 --> 

* FSM state operations: 

State 1 <SV = 0> <Delay = 1.32>
ST_1 : Operation 8 [1/1] (0.00ns)   --->   "%m = alloca i32 1" [../hls_files/conv_pool.cpp:190]   --->   Operation 8 'alloca' 'm' <Predicate = true> <Delay = 0.00>
ST_1 : Operation 9 [1/1] (0.00ns)   --->   "%cnt_1 = alloca i32 1" [../hls_files/conv_pool.cpp:186]   --->   Operation 9 'alloca' 'cnt_1' <Predicate = true> <Delay = 0.00>
ST_1 : Operation 10 [1/1] (0.00ns)   --->   "%add_ln188_134 = alloca i32 1"   --->   Operation 10 'alloca' 'add_ln188_134' <Predicate = true> <Delay = 0.00>
ST_1 : Operation 11 [1/1] (0.00ns)   --->   "%cnt = alloca i32 1" [../hls_files/conv_pool.cpp:186]   --->   Operation 11 'alloca' 'cnt' <Predicate = true> <Delay = 0.00>
ST_1 : Operation 12 [1/1] (0.00ns)   --->   "%add_ln19036 = alloca i32 1"   --->   Operation 12 'alloca' 'add_ln19036' <Predicate = true> <Delay = 0.00>
ST_1 : Operation 13 [1/1] (0.00ns)   --->   "%j = alloca i32 1" [../hls_files/conv_pool.cpp:189]   --->   Operation 13 'alloca' 'j' <Predicate = true> <Delay = 0.00>
ST_1 : Operation 14 [1/1] (0.00ns)   --->   "%indvar_flatten117 = alloca i32 1"   --->   Operation 14 'alloca' 'indvar_flatten117' <Predicate = true> <Delay = 0.00>
ST_1 : Operation 15 [1/1] (0.00ns)   --->   "%i = alloca i32 1" [../hls_files/conv_pool.cpp:188]   --->   Operation 15 'alloca' 'i' <Predicate = true> <Delay = 0.00>
ST_1 : Operation 16 [1/1] (0.00ns)   --->   "%indvars_iv182 = alloca i32 1"   --->   Operation 16 'alloca' 'indvars_iv182' <Predicate = true> <Delay = 0.00>
ST_1 : Operation 17 [1/1] (0.00ns)   --->   "%indvar_flatten135 = alloca i32 1"   --->   Operation 17 'alloca' 'indvar_flatten135' <Predicate = true> <Delay = 0.00>
ST_1 : Operation 18 [1/1] (1.32ns)   --->   "%store_ln0 = store i17 0, i17 %indvar_flatten135"   --->   Operation 18 'store' 'store_ln0' <Predicate = true> <Delay = 1.32>
ST_1 : Operation 19 [1/1] (1.32ns)   --->   "%store_ln0 = store i17 0, i17 %indvars_iv182"   --->   Operation 19 'store' 'store_ln0' <Predicate = true> <Delay = 1.32>
ST_1 : Operation 20 [1/1] (1.32ns)   --->   "%store_ln188 = store i6 0, i6 %i" [../hls_files/conv_pool.cpp:188]   --->   Operation 20 'store' 'store_ln188' <Predicate = true> <Delay = 1.32>
ST_1 : Operation 21 [1/1] (1.32ns)   --->   "%store_ln0 = store i12 0, i12 %indvar_flatten117"   --->   Operation 21 'store' 'store_ln0' <Predicate = true> <Delay = 1.32>
ST_1 : Operation 22 [1/1] (1.32ns)   --->   "%store_ln189 = store i7 0, i7 %j" [../hls_files/conv_pool.cpp:189]   --->   Operation 22 'store' 'store_ln189' <Predicate = true> <Delay = 1.32>
ST_1 : Operation 23 [1/1] (1.32ns)   --->   "%store_ln186 = store i17 0, i17 %cnt" [../hls_files/conv_pool.cpp:186]   --->   Operation 23 'store' 'store_ln186' <Predicate = true> <Delay = 1.32>
ST_1 : Operation 24 [1/1] (1.32ns)   --->   "%store_ln186 = store i17 0, i17 %cnt_1" [../hls_files/conv_pool.cpp:186]   --->   Operation 24 'store' 'store_ln186' <Predicate = true> <Delay = 1.32>
ST_1 : Operation 25 [1/1] (1.32ns)   --->   "%store_ln190 = store i5 0, i5 %m" [../hls_files/conv_pool.cpp:190]   --->   Operation 25 'store' 'store_ln190' <Predicate = true> <Delay = 1.32>
ST_1 : Operation 26 [1/1] (0.00ns)   --->   "%br_ln0 = br void %for.inc368"   --->   Operation 26 'br' 'br_ln0' <Predicate = true> <Delay = 0.00>

State 2 <SV = 1> <Delay = 3.74>
ST_2 : Operation 27 [1/1] (0.00ns)   --->   "%indvar_flatten135_load = load i17 %indvar_flatten135" [../hls_files/conv_pool.cpp:188]   --->   Operation 27 'load' 'indvar_flatten135_load' <Predicate = true> <Delay = 0.00>
ST_2 : Operation 28 [1/1] (1.86ns)   --->   "%icmp_ln188 = icmp_eq  i17 %indvar_flatten135_load, i17 72384" [../hls_files/conv_pool.cpp:188]   --->   Operation 28 'icmp' 'icmp_ln188' <Predicate = true> <Delay = 1.86> <CoreInst = "Cmp">   --->   Core 9 'Cmp' <Latency = 0> <II = 1> <Delay = 1.86> <FuncUnit> <Opcode : 'seteq' 'setne' 'setle' 'setge' 'setlt' 'setgt'> <InPorts = 2> <OutPorts = 1>
ST_2 : Operation 29 [1/1] (1.86ns)   --->   "%add_ln188_2 = add i17 %indvar_flatten135_load, i17 1" [../hls_files/conv_pool.cpp:188]   --->   Operation 29 'add' 'add_ln188_2' <Predicate = true> <Delay = 1.86> <CoreInst = "Adder">   --->   Core 1 'Adder' <Latency = 0> <II = 1> <Delay = 1.86> <FuncUnit> <Opcode : 'add' 'sub'> <InPorts = 2> <OutPorts = 1>
ST_2 : Operation 30 [1/1] (0.00ns)   --->   "%br_ln188 = br i1 %icmp_ln188, void %for.inc374, void %FC1_OUT.exitStub" [../hls_files/conv_pool.cpp:188]   --->   Operation 30 'br' 'br_ln188' <Predicate = true> <Delay = 0.00>
ST_2 : Operation 31 [1/1] (0.00ns)   --->   "%indvar_flatten117_load = load i12 %indvar_flatten117" [../hls_files/conv_pool.cpp:189]   --->   Operation 31 'load' 'indvar_flatten117_load' <Predicate = (!icmp_ln188)> <Delay = 0.00>
ST_2 : Operation 32 [1/1] (0.00ns)   --->   "%i_load = load i6 %i" [../hls_files/conv_pool.cpp:188]   --->   Operation 32 'load' 'i_load' <Predicate = (!icmp_ln188)> <Delay = 0.00>
ST_2 : Operation 33 [1/1] (1.60ns)   --->   "%add_ln188 = add i6 %i_load, i6 1" [../hls_files/conv_pool.cpp:188]   --->   Operation 33 'add' 'add_ln188' <Predicate = (!icmp_ln188)> <Delay = 1.60> <CoreInst = "Adder">   --->   Core 1 'Adder' <Latency = 0> <II = 1> <Delay = 1.60> <FuncUnit> <Opcode : 'add' 'sub'> <InPorts = 2> <OutPorts = 1>
ST_2 : Operation 34 [1/1] (1.77ns)   --->   "%icmp_ln189 = icmp_eq  i12 %indvar_flatten117_load, i12 1248" [../hls_files/conv_pool.cpp:189]   --->   Operation 34 'icmp' 'icmp_ln189' <Predicate = (!icmp_ln188)> <Delay = 1.77> <CoreInst = "Cmp">   --->   Core 9 'Cmp' <Latency = 0> <II = 1> <Delay = 1.77> <FuncUnit> <Opcode : 'seteq' 'setne' 'setle' 'setge' 'setlt' 'setgt'> <InPorts = 2> <OutPorts = 1>
ST_2 : Operation 35 [1/1] (0.58ns)   --->   "%select_ln188_4 = select i1 %icmp_ln189, i6 %add_ln188, i6 %i_load" [../hls_files/conv_pool.cpp:188]   --->   Operation 35 'select' 'select_ln188_4' <Predicate = (!icmp_ln188)> <Delay = 0.58> <CoreInst = "Sel">   --->   Core 73 'Sel' <Latency = 0> <II = 1> <Delay = 0.58> <FuncUnit> <Opcode : 'select'> <InPorts = 3> <OutPorts = 1>
ST_2 : Operation 36 [1/1] (0.00ns)   --->   "%select_ln188_4_cast = zext i6 %select_ln188_4" [../hls_files/conv_pool.cpp:188]   --->   Operation 36 'zext' 'select_ln188_4_cast' <Predicate = (!icmp_ln188)> <Delay = 0.00>
ST_2 : Operation 37 [3/3] (1.38ns) (grouped into DSP with root node empty_82)   --->   "%empty_81 = mul i13 %select_ln188_4_cast, i13 78" [../hls_files/conv_pool.cpp:188]   --->   Operation 37 'mul' 'empty_81' <Predicate = (!icmp_ln188)> <Delay = 1.38> <CoreInst = "DSP48">   --->   Core 116 'DSP48' <Latency = 3> <II = 1> <Delay = 1.82> <IPBlock> <Opcode : 'add' 'sub' 'mul' 'select'> <InPorts = 0> <OutPorts = 1> <Sync> <CReg>
ST_2 : Operation 38 [1/1] (1.77ns)   --->   "%add_ln189_1 = add i12 %indvar_flatten117_load, i12 1" [../hls_files/conv_pool.cpp:189]   --->   Operation 38 'add' 'add_ln189_1' <Predicate = (!icmp_ln188)> <Delay = 1.77> <CoreInst = "Adder">   --->   Core 1 'Adder' <Latency = 0> <II = 1> <Delay = 1.77> <FuncUnit> <Opcode : 'add' 'sub'> <InPorts = 2> <OutPorts = 1>
ST_2 : Operation 39 [1/1] (0.59ns)   --->   "%select_ln189_2 = select i1 %icmp_ln189, i12 1, i12 %add_ln189_1" [../hls_files/conv_pool.cpp:189]   --->   Operation 39 'select' 'select_ln189_2' <Predicate = (!icmp_ln188)> <Delay = 0.59> <CoreInst = "Sel">   --->   Core 73 'Sel' <Latency = 0> <II = 1> <Delay = 0.59> <FuncUnit> <Opcode : 'select'> <InPorts = 3> <OutPorts = 1>
ST_2 : Operation 40 [1/1] (1.32ns)   --->   "%store_ln188 = store i17 %add_ln188_2, i17 %indvar_flatten135" [../hls_files/conv_pool.cpp:188]   --->   Operation 40 'store' 'store_ln188' <Predicate = (!icmp_ln188)> <Delay = 1.32>
ST_2 : Operation 41 [1/1] (1.32ns)   --->   "%store_ln188 = store i6 %select_ln188_4, i6 %i" [../hls_files/conv_pool.cpp:188]   --->   Operation 41 'store' 'store_ln188' <Predicate = (!icmp_ln188)> <Delay = 1.32>
ST_2 : Operation 42 [1/1] (1.32ns)   --->   "%store_ln189 = store i12 %select_ln189_2, i12 %indvar_flatten117" [../hls_files/conv_pool.cpp:189]   --->   Operation 42 'store' 'store_ln189' <Predicate = (!icmp_ln188)> <Delay = 1.32>

State 3 <SV = 2> <Delay = 1.38>
ST_3 : Operation 43 [2/3] (1.38ns) (grouped into DSP with root node empty_82)   --->   "%empty_81 = mul i13 %select_ln188_4_cast, i13 78" [../hls_files/conv_pool.cpp:188]   --->   Operation 43 'mul' 'empty_81' <Predicate = true> <Delay = 1.38> <CoreInst = "DSP48">   --->   Core 116 'DSP48' <Latency = 3> <II = 1> <Delay = 1.82> <IPBlock> <Opcode : 'add' 'sub' 'mul' 'select'> <InPorts = 0> <OutPorts = 1> <Sync> <CReg>

State 4 <SV = 3> <Delay = 6.20>
ST_4 : Operation 44 [1/1] (0.00ns)   --->   "%m_load = load i5 %m" [../hls_files/conv_pool.cpp:190]   --->   Operation 44 'load' 'm_load' <Predicate = true> <Delay = 0.00>
ST_4 : Operation 45 [1/1] (0.00ns)   --->   "%j_load = load i7 %j" [../hls_files/conv_pool.cpp:188]   --->   Operation 45 'load' 'j_load' <Predicate = (!icmp_ln189)> <Delay = 0.00>
ST_4 : Operation 46 [1/1] (0.80ns)   --->   "%select_ln188_1 = select i1 %icmp_ln189, i7 0, i7 %j_load" [../hls_files/conv_pool.cpp:188]   --->   Operation 46 'select' 'select_ln188_1' <Predicate = true> <Delay = 0.80> <CoreInst = "Sel">   --->   Core 73 'Sel' <Latency = 0> <II = 1> <Delay = 0.80> <FuncUnit> <Opcode : 'select'> <InPorts = 3> <OutPorts = 1>
ST_4 : Operation 47 [1/1] (0.00ns) (grouped into LUT with out node and_ln188)   --->   "%xor_ln188 = xor i1 %icmp_ln189, i1 1" [../hls_files/conv_pool.cpp:188]   --->   Operation 47 'xor' 'xor_ln188' <Predicate = true> <Delay = 0.00> <CoreInst = "LogicGate">   --->   Core 74 'LogicGate' <Latency = 0> <II = 1> <Delay = 0.80> <FuncUnit> <Opcode : 'and' 'or' 'xor'> <InPorts = 2> <OutPorts = 1>
ST_4 : Operation 48 [1/1] (1.54ns)   --->   "%icmp_ln190 = icmp_eq  i5 %m_load, i5 16" [../hls_files/conv_pool.cpp:190]   --->   Operation 48 'icmp' 'icmp_ln190' <Predicate = true> <Delay = 1.54> <CoreInst = "Cmp">   --->   Core 9 'Cmp' <Latency = 0> <II = 1> <Delay = 1.54> <FuncUnit> <Opcode : 'seteq' 'setne' 'setle' 'setge' 'setlt' 'setgt'> <InPorts = 2> <OutPorts = 1>
ST_4 : Operation 49 [1/1] (0.80ns) (out node of the LUT)   --->   "%and_ln188 = and i1 %icmp_ln190, i1 %xor_ln188" [../hls_files/conv_pool.cpp:188]   --->   Operation 49 'and' 'and_ln188' <Predicate = true> <Delay = 0.80> <CoreInst = "LogicGate">   --->   Core 74 'LogicGate' <Latency = 0> <II = 1> <Delay = 0.80> <FuncUnit> <Opcode : 'and' 'or' 'xor'> <InPorts = 2> <OutPorts = 1>
ST_4 : Operation 50 [1/1] (1.66ns)   --->   "%add_ln189 = add i7 %select_ln188_1, i7 1" [../hls_files/conv_pool.cpp:189]   --->   Operation 50 'add' 'add_ln189' <Predicate = true> <Delay = 1.66> <CoreInst = "Adder">   --->   Core 1 'Adder' <Latency = 0> <II = 1> <Delay = 1.66> <FuncUnit> <Opcode : 'add' 'sub'> <InPorts = 2> <OutPorts = 1>
ST_4 : Operation 51 [1/1] (0.00ns) (grouped into LUT with out node m_4_mid2)   --->   "%empty = or i1 %and_ln188, i1 %icmp_ln189" [../hls_files/conv_pool.cpp:188]   --->   Operation 51 'or' 'empty' <Predicate = true> <Delay = 0.00> <CoreInst = "LogicGate">   --->   Core 74 'LogicGate' <Latency = 0> <II = 1> <Delay = 0.80> <FuncUnit> <Opcode : 'and' 'or' 'xor'> <InPorts = 2> <OutPorts = 1>
ST_4 : Operation 52 [1/1] (0.98ns) (out node of the LUT)   --->   "%m_4_mid2 = select i1 %empty, i5 0, i5 %m_load" [../hls_files/conv_pool.cpp:188]   --->   Operation 52 'select' 'm_4_mid2' <Predicate = true> <Delay = 0.98> <CoreInst = "Sel">   --->   Core 73 'Sel' <Latency = 0> <II = 1> <Delay = 0.98> <FuncUnit> <Opcode : 'select'> <InPorts = 3> <OutPorts = 1>
ST_4 : Operation 53 [1/1] (0.80ns)   --->   "%select_ln189_1 = select i1 %and_ln188, i7 %add_ln189, i7 %select_ln188_1" [../hls_files/conv_pool.cpp:189]   --->   Operation 53 'select' 'select_ln189_1' <Predicate = true> <Delay = 0.80> <CoreInst = "Sel">   --->   Core 73 'Sel' <Latency = 0> <II = 1> <Delay = 0.80> <FuncUnit> <Opcode : 'select'> <InPorts = 3> <OutPorts = 1>
ST_4 : Operation 54 [1/3] (0.00ns) (grouped into DSP with root node empty_82)   --->   "%empty_81 = mul i13 %select_ln188_4_cast, i13 78" [../hls_files/conv_pool.cpp:188]   --->   Operation 54 'mul' 'empty_81' <Predicate = true> <Delay = 0.00> <CoreInst = "DSP48">   --->   Core 116 'DSP48' <Latency = 3> <II = 1> <Delay = 1.82> <IPBlock> <Opcode : 'add' 'sub' 'mul' 'select'> <InPorts = 0> <OutPorts = 1> <Sync> <CReg>
ST_4 : Operation 55 [1/1] (0.00ns)   --->   "%select_ln189_1_cast = zext i7 %select_ln189_1" [../hls_files/conv_pool.cpp:189]   --->   Operation 55 'zext' 'select_ln189_1_cast' <Predicate = true> <Delay = 0.00>
ST_4 : Operation 56 [2/2] (1.76ns) (root node of the DSP)   --->   "%empty_82 = add i13 %empty_81, i13 %select_ln189_1_cast" [../hls_files/conv_pool.cpp:188]   --->   Operation 56 'add' 'empty_82' <Predicate = true> <Delay = 1.76> <CoreInst = "DSP48">   --->   Core 116 'DSP48' <Latency = 3> <II = 1> <Delay = 1.82> <IPBlock> <Opcode : 'add' 'sub' 'mul' 'select'> <InPorts = 0> <OutPorts = 1> <Sync> <CReg>
ST_4 : Operation 57 [1/1] (0.00ns)   --->   "%trunc_ln190 = trunc i5 %m_4_mid2" [../hls_files/conv_pool.cpp:190]   --->   Operation 57 'trunc' 'trunc_ln190' <Predicate = true> <Delay = 0.00>
ST_4 : Operation 58 [1/1] (1.54ns)   --->   "%add_ln190_1 = add i5 %m_4_mid2, i5 1" [../hls_files/conv_pool.cpp:190]   --->   Operation 58 'add' 'add_ln190_1' <Predicate = true> <Delay = 1.54> <CoreInst = "Adder">   --->   Core 1 'Adder' <Latency = 0> <II = 1> <Delay = 1.54> <FuncUnit> <Opcode : 'add' 'sub'> <InPorts = 2> <OutPorts = 1>
ST_4 : Operation 59 [1/1] (1.32ns)   --->   "%store_ln189 = store i7 %select_ln189_1, i7 %j" [../hls_files/conv_pool.cpp:189]   --->   Operation 59 'store' 'store_ln189' <Predicate = true> <Delay = 1.32>
ST_4 : Operation 60 [1/1] (1.32ns)   --->   "%store_ln190 = store i5 %add_ln190_1, i5 %m" [../hls_files/conv_pool.cpp:190]   --->   Operation 60 'store' 'store_ln190' <Predicate = true> <Delay = 1.32>

State 5 <SV = 4> <Delay = 4.53>
ST_5 : Operation 61 [1/2] (1.76ns) (root node of the DSP)   --->   "%empty_82 = add i13 %empty_81, i13 %select_ln189_1_cast" [../hls_files/conv_pool.cpp:188]   --->   Operation 61 'add' 'empty_82' <Predicate = true> <Delay = 1.76> <CoreInst = "DSP48">   --->   Core 116 'DSP48' <Latency = 3> <II = 1> <Delay = 1.82> <IPBlock> <Opcode : 'add' 'sub' 'mul' 'select'> <InPorts = 0> <OutPorts = 1> <Sync> <CReg>
ST_5 : Operation 62 [1/1] (0.00ns)   --->   "%p_cast = zext i13 %empty_82" [../hls_files/conv_pool.cpp:188]   --->   Operation 62 'zext' 'p_cast' <Predicate = true> <Delay = 0.00>
ST_5 : Operation 63 [1/1] (0.00ns)   --->   "%p_ZZ9cnn_accelE7feat2_p_10_addr = getelementptr i32 %p_ZZ9cnn_accelE7feat2_p_10, i64 0, i64 %p_cast" [../hls_files/conv_pool.cpp:188]   --->   Operation 63 'getelementptr' 'p_ZZ9cnn_accelE7feat2_p_10_addr' <Predicate = (trunc_ln190 == 10)> <Delay = 0.00>
ST_5 : Operation 64 [1/1] (0.00ns)   --->   "%p_ZZ9cnn_accelE7feat2_p_11_addr = getelementptr i32 %p_ZZ9cnn_accelE7feat2_p_11, i64 0, i64 %p_cast" [../hls_files/conv_pool.cpp:188]   --->   Operation 64 'getelementptr' 'p_ZZ9cnn_accelE7feat2_p_11_addr' <Predicate = (trunc_ln190 == 11)> <Delay = 0.00>
ST_5 : Operation 65 [1/1] (0.00ns)   --->   "%p_ZZ9cnn_accelE7feat2_p_12_addr = getelementptr i32 %p_ZZ9cnn_accelE7feat2_p_12, i64 0, i64 %p_cast" [../hls_files/conv_pool.cpp:188]   --->   Operation 65 'getelementptr' 'p_ZZ9cnn_accelE7feat2_p_12_addr' <Predicate = (trunc_ln190 == 12)> <Delay = 0.00>
ST_5 : Operation 66 [1/1] (0.00ns)   --->   "%p_ZZ9cnn_accelE7feat2_p_13_addr = getelementptr i32 %p_ZZ9cnn_accelE7feat2_p_13, i64 0, i64 %p_cast" [../hls_files/conv_pool.cpp:188]   --->   Operation 66 'getelementptr' 'p_ZZ9cnn_accelE7feat2_p_13_addr' <Predicate = (trunc_ln190 == 13)> <Delay = 0.00>
ST_5 : Operation 67 [1/1] (0.00ns)   --->   "%p_ZZ9cnn_accelE7feat2_p_14_addr = getelementptr i32 %p_ZZ9cnn_accelE7feat2_p_14, i64 0, i64 %p_cast" [../hls_files/conv_pool.cpp:188]   --->   Operation 67 'getelementptr' 'p_ZZ9cnn_accelE7feat2_p_14_addr' <Predicate = (trunc_ln190 == 14)> <Delay = 0.00>
ST_5 : Operation 68 [1/1] (0.00ns)   --->   "%cnn_accel_feat2_p = getelementptr i32 %p_ZZ9cnn_accelE7feat2_p_15, i64 0, i64 %p_cast" [../hls_files/conv_pool.cpp:188]   --->   Operation 68 'getelementptr' 'cnn_accel_feat2_p' <Predicate = (trunc_ln190 == 15)> <Delay = 0.00>
ST_5 : Operation 69 [1/1] (0.00ns)   --->   "%feat2_p_addr = getelementptr i32 %feat2_p, i64 0, i64 %p_cast" [../hls_files/conv_pool.cpp:188]   --->   Operation 69 'getelementptr' 'feat2_p_addr' <Predicate = (trunc_ln190 == 0)> <Delay = 0.00>
ST_5 : Operation 70 [1/1] (0.00ns)   --->   "%feat2_p_26_addr = getelementptr i32 %feat2_p_26, i64 0, i64 %p_cast" [../hls_files/conv_pool.cpp:188]   --->   Operation 70 'getelementptr' 'feat2_p_26_addr' <Predicate = (trunc_ln190 == 1)> <Delay = 0.00>
ST_5 : Operation 71 [1/1] (0.00ns)   --->   "%feat2_p_27_addr = getelementptr i32 %feat2_p_27, i64 0, i64 %p_cast" [../hls_files/conv_pool.cpp:188]   --->   Operation 71 'getelementptr' 'feat2_p_27_addr' <Predicate = (trunc_ln190 == 2)> <Delay = 0.00>
ST_5 : Operation 72 [1/1] (0.00ns)   --->   "%feat2_p_28_addr = getelementptr i32 %feat2_p_28, i64 0, i64 %p_cast" [../hls_files/conv_pool.cpp:188]   --->   Operation 72 'getelementptr' 'feat2_p_28_addr' <Predicate = (trunc_ln190 == 3)> <Delay = 0.00>
ST_5 : Operation 73 [1/1] (0.00ns)   --->   "%feat2_p_29_addr = getelementptr i32 %feat2_p_29, i64 0, i64 %p_cast" [../hls_files/conv_pool.cpp:188]   --->   Operation 73 'getelementptr' 'feat2_p_29_addr' <Predicate = (trunc_ln190 == 4)> <Delay = 0.00>
ST_5 : Operation 74 [1/1] (0.00ns)   --->   "%feat2_p_30_addr = getelementptr i32 %feat2_p_30, i64 0, i64 %p_cast" [../hls_files/conv_pool.cpp:188]   --->   Operation 74 'getelementptr' 'feat2_p_30_addr' <Predicate = (trunc_ln190 == 5)> <Delay = 0.00>
ST_5 : Operation 75 [1/1] (0.00ns)   --->   "%feat2_p_31_addr = getelementptr i32 %feat2_p_31, i64 0, i64 %p_cast" [../hls_files/conv_pool.cpp:188]   --->   Operation 75 'getelementptr' 'feat2_p_31_addr' <Predicate = (trunc_ln190 == 6)> <Delay = 0.00>
ST_5 : Operation 76 [1/1] (0.00ns)   --->   "%feat2_p_32_addr = getelementptr i32 %feat2_p_32, i64 0, i64 %p_cast" [../hls_files/conv_pool.cpp:188]   --->   Operation 76 'getelementptr' 'feat2_p_32_addr' <Predicate = (trunc_ln190 == 7)> <Delay = 0.00>
ST_5 : Operation 77 [1/1] (0.00ns)   --->   "%feat2_p_33_addr = getelementptr i32 %feat2_p_33, i64 0, i64 %p_cast" [../hls_files/conv_pool.cpp:188]   --->   Operation 77 'getelementptr' 'feat2_p_33_addr' <Predicate = (trunc_ln190 == 8)> <Delay = 0.00>
ST_5 : Operation 78 [1/1] (0.00ns)   --->   "%feat2_p_34_addr = getelementptr i32 %feat2_p_34, i64 0, i64 %p_cast" [../hls_files/conv_pool.cpp:188]   --->   Operation 78 'getelementptr' 'feat2_p_34_addr' <Predicate = (trunc_ln190 == 9)> <Delay = 0.00>
ST_5 : Operation 79 [2/2] (2.77ns)   --->   "%feat2_p_load = load i13 %feat2_p_addr" [../hls_files/conv_pool.cpp:188]   --->   Operation 79 'load' 'feat2_p_load' <Predicate = (trunc_ln190 == 0)> <Delay = 2.77> <CoreInst = "RAM">   --->   Core 81 'RAM' <Latency = 1> <II = 1> <Delay = 2.77> <Storage> <Opcode : 'load' 'store'> <Ports = 2> <Width = 32> <Depth = 4524> <RAM>
ST_5 : Operation 80 [2/2] (2.77ns)   --->   "%feat2_p_26_load = load i13 %feat2_p_26_addr" [../hls_files/conv_pool.cpp:188]   --->   Operation 80 'load' 'feat2_p_26_load' <Predicate = (trunc_ln190 == 1)> <Delay = 2.77> <CoreInst = "RAM">   --->   Core 81 'RAM' <Latency = 1> <II = 1> <Delay = 2.77> <Storage> <Opcode : 'load' 'store'> <Ports = 2> <Width = 32> <Depth = 4524> <RAM>
ST_5 : Operation 81 [2/2] (2.77ns)   --->   "%feat2_p_27_load = load i13 %feat2_p_27_addr" [../hls_files/conv_pool.cpp:188]   --->   Operation 81 'load' 'feat2_p_27_load' <Predicate = (trunc_ln190 == 2)> <Delay = 2.77> <CoreInst = "RAM">   --->   Core 81 'RAM' <Latency = 1> <II = 1> <Delay = 2.77> <Storage> <Opcode : 'load' 'store'> <Ports = 2> <Width = 32> <Depth = 4524> <RAM>
ST_5 : Operation 82 [2/2] (2.77ns)   --->   "%feat2_p_28_load = load i13 %feat2_p_28_addr" [../hls_files/conv_pool.cpp:188]   --->   Operation 82 'load' 'feat2_p_28_load' <Predicate = (trunc_ln190 == 3)> <Delay = 2.77> <CoreInst = "RAM">   --->   Core 81 'RAM' <Latency = 1> <II = 1> <Delay = 2.77> <Storage> <Opcode : 'load' 'store'> <Ports = 2> <Width = 32> <Depth = 4524> <RAM>
ST_5 : Operation 83 [2/2] (2.77ns)   --->   "%feat2_p_29_load = load i13 %feat2_p_29_addr" [../hls_files/conv_pool.cpp:188]   --->   Operation 83 'load' 'feat2_p_29_load' <Predicate = (trunc_ln190 == 4)> <Delay = 2.77> <CoreInst = "RAM">   --->   Core 81 'RAM' <Latency = 1> <II = 1> <Delay = 2.77> <Storage> <Opcode : 'load' 'store'> <Ports = 2> <Width = 32> <Depth = 4524> <RAM>
ST_5 : Operation 84 [2/2] (2.77ns)   --->   "%feat2_p_30_load = load i13 %feat2_p_30_addr" [../hls_files/conv_pool.cpp:188]   --->   Operation 84 'load' 'feat2_p_30_load' <Predicate = (trunc_ln190 == 5)> <Delay = 2.77> <CoreInst = "RAM">   --->   Core 81 'RAM' <Latency = 1> <II = 1> <Delay = 2.77> <Storage> <Opcode : 'load' 'store'> <Ports = 2> <Width = 32> <Depth = 4524> <RAM>
ST_5 : Operation 85 [2/2] (2.77ns)   --->   "%feat2_p_31_load = load i13 %feat2_p_31_addr" [../hls_files/conv_pool.cpp:188]   --->   Operation 85 'load' 'feat2_p_31_load' <Predicate = (trunc_ln190 == 6)> <Delay = 2.77> <CoreInst = "RAM">   --->   Core 81 'RAM' <Latency = 1> <II = 1> <Delay = 2.77> <Storage> <Opcode : 'load' 'store'> <Ports = 2> <Width = 32> <Depth = 4524> <RAM>
ST_5 : Operation 86 [2/2] (2.77ns)   --->   "%feat2_p_32_load = load i13 %feat2_p_32_addr" [../hls_files/conv_pool.cpp:188]   --->   Operation 86 'load' 'feat2_p_32_load' <Predicate = (trunc_ln190 == 7)> <Delay = 2.77> <CoreInst = "RAM">   --->   Core 81 'RAM' <Latency = 1> <II = 1> <Delay = 2.77> <Storage> <Opcode : 'load' 'store'> <Ports = 2> <Width = 32> <Depth = 4524> <RAM>
ST_5 : Operation 87 [2/2] (2.77ns)   --->   "%feat2_p_33_load = load i13 %feat2_p_33_addr" [../hls_files/conv_pool.cpp:188]   --->   Operation 87 'load' 'feat2_p_33_load' <Predicate = (trunc_ln190 == 8)> <Delay = 2.77> <CoreInst = "RAM">   --->   Core 81 'RAM' <Latency = 1> <II = 1> <Delay = 2.77> <Storage> <Opcode : 'load' 'store'> <Ports = 2> <Width = 32> <Depth = 4524> <RAM>
ST_5 : Operation 88 [2/2] (2.77ns)   --->   "%feat2_p_34_load = load i13 %feat2_p_34_addr" [../hls_files/conv_pool.cpp:188]   --->   Operation 88 'load' 'feat2_p_34_load' <Predicate = (trunc_ln190 == 9)> <Delay = 2.77> <CoreInst = "RAM">   --->   Core 81 'RAM' <Latency = 1> <II = 1> <Delay = 2.77> <Storage> <Opcode : 'load' 'store'> <Ports = 2> <Width = 32> <Depth = 4524> <RAM>
ST_5 : Operation 89 [2/2] (2.77ns)   --->   "%p_ZZ9cnn_accelE7feat2_p_10_load = load i13 %p_ZZ9cnn_accelE7feat2_p_10_addr" [../hls_files/conv_pool.cpp:188]   --->   Operation 89 'load' 'p_ZZ9cnn_accelE7feat2_p_10_load' <Predicate = (trunc_ln190 == 10)> <Delay = 2.77> <CoreInst = "RAM">   --->   Core 81 'RAM' <Latency = 1> <II = 1> <Delay = 2.77> <Storage> <Opcode : 'load' 'store'> <Ports = 2> <Width = 32> <Depth = 4524> <RAM>
ST_5 : Operation 90 [2/2] (2.77ns)   --->   "%cnn_accel_feat2_p_83 = load i13 %p_ZZ9cnn_accelE7feat2_p_11_addr" [../hls_files/conv_pool.cpp:188]   --->   Operation 90 'load' 'cnn_accel_feat2_p_83' <Predicate = (trunc_ln190 == 11)> <Delay = 2.77> <CoreInst = "RAM">   --->   Core 81 'RAM' <Latency = 1> <II = 1> <Delay = 2.77> <Storage> <Opcode : 'load' 'store'> <Ports = 2> <Width = 32> <Depth = 4524> <RAM>
ST_5 : Operation 91 [2/2] (2.77ns)   --->   "%cnn_accel_feat2_p_84 = load i13 %p_ZZ9cnn_accelE7feat2_p_12_addr" [../hls_files/conv_pool.cpp:188]   --->   Operation 91 'load' 'cnn_accel_feat2_p_84' <Predicate = (trunc_ln190 == 12)> <Delay = 2.77> <CoreInst = "RAM">   --->   Core 81 'RAM' <Latency = 1> <II = 1> <Delay = 2.77> <Storage> <Opcode : 'load' 'store'> <Ports = 2> <Width = 32> <Depth = 4524> <RAM>
ST_5 : Operation 92 [2/2] (2.77ns)   --->   "%cnn_accel_feat2_p_85 = load i13 %p_ZZ9cnn_accelE7feat2_p_13_addr" [../hls_files/conv_pool.cpp:188]   --->   Operation 92 'load' 'cnn_accel_feat2_p_85' <Predicate = (trunc_ln190 == 13)> <Delay = 2.77> <CoreInst = "RAM">   --->   Core 81 'RAM' <Latency = 1> <II = 1> <Delay = 2.77> <Storage> <Opcode : 'load' 'store'> <Ports = 2> <Width = 32> <Depth = 4524> <RAM>
ST_5 : Operation 93 [2/2] (2.77ns)   --->   "%cnn_accel_feat2_p_86 = load i13 %p_ZZ9cnn_accelE7feat2_p_14_addr" [../hls_files/conv_pool.cpp:188]   --->   Operation 93 'load' 'cnn_accel_feat2_p_86' <Predicate = (trunc_ln190 == 14)> <Delay = 2.77> <CoreInst = "RAM">   --->   Core 81 'RAM' <Latency = 1> <II = 1> <Delay = 2.77> <Storage> <Opcode : 'load' 'store'> <Ports = 2> <Width = 32> <Depth = 4524> <RAM>
ST_5 : Operation 94 [2/2] (2.77ns)   --->   "%cnn_accel_feat2_p_87 = load i13 %cnn_accel_feat2_p" [../hls_files/conv_pool.cpp:188]   --->   Operation 94 'load' 'cnn_accel_feat2_p_87' <Predicate = (trunc_ln190 == 15)> <Delay = 2.77> <CoreInst = "RAM">   --->   Core 81 'RAM' <Latency = 1> <II = 1> <Delay = 2.77> <Storage> <Opcode : 'load' 'store'> <Ports = 2> <Width = 32> <Depth = 4524> <RAM>
ST_5 : Operation 137 [1/1] (1.32ns)   --->   "%ret_ln0 = ret"   --->   Operation 137 'ret' 'ret_ln0' <Predicate = (icmp_ln188)> <Delay = 1.32>

State 6 <SV = 5> <Delay = 7.22>
ST_6 : Operation 95 [1/1] (0.00ns)   --->   "%cnt_1_load = load i17 %cnt_1" [../hls_files/conv_pool.cpp:188]   --->   Operation 95 'load' 'cnt_1_load' <Predicate = (!icmp_ln189 & !and_ln188)> <Delay = 0.00>
ST_6 : Operation 96 [1/1] (0.00ns)   --->   "%add_ln188_134_load = load i17 %add_ln188_134" [../hls_files/conv_pool.cpp:188]   --->   Operation 96 'load' 'add_ln188_134_load' <Predicate = true> <Delay = 0.00>
ST_6 : Operation 97 [1/1] (0.00ns)   --->   "%cnt_load = load i17 %cnt" [../hls_files/conv_pool.cpp:188]   --->   Operation 97 'load' 'cnt_load' <Predicate = (!icmp_ln189 & !and_ln188)> <Delay = 0.00>
ST_6 : Operation 98 [1/1] (0.00ns)   --->   "%add_ln19036_load = load i17 %add_ln19036"   --->   Operation 98 'load' 'add_ln19036_load' <Predicate = true> <Delay = 0.00>
ST_6 : Operation 99 [1/1] (0.00ns)   --->   "%indvars_iv182_load = load i17 %indvars_iv182" [../hls_files/conv_pool.cpp:188]   --->   Operation 99 'load' 'indvars_iv182_load' <Predicate = (!icmp_ln189)> <Delay = 0.00>
ST_6 : Operation 100 [1/1] (0.00ns)   --->   "%specloopname_ln0 = specloopname void @_ssdm_op_SpecLoopName, void @FLATTEN_VITIS_LOOP_189_1_VITIS_LOOP_190_2_str"   --->   Operation 100 'specloopname' 'specloopname_ln0' <Predicate = true> <Delay = 0.00>
ST_6 : Operation 101 [1/1] (0.00ns)   --->   "%speclooptripcount_ln0 = speclooptripcount void @_ssdm_op_SpecLoopTripCount, i64 72384, i64 72384, i64 72384"   --->   Operation 101 'speclooptripcount' 'speclooptripcount_ln0' <Predicate = true> <Delay = 0.00>
ST_6 : Operation 102 [1/1] (0.00ns) (grouped into LUT with out node select_ln189)   --->   "%select_ln188 = select i1 %icmp_ln189, i17 %add_ln188_134_load, i17 %cnt_load" [../hls_files/conv_pool.cpp:188]   --->   Operation 102 'select' 'select_ln188' <Predicate = (!and_ln188)> <Delay = 0.00> <CoreInst = "Sel">   --->   Core 73 'Sel' <Latency = 0> <II = 1> <Delay = 0.94> <FuncUnit> <Opcode : 'select'> <InPorts = 3> <OutPorts = 1>
ST_6 : Operation 103 [1/1] (0.00ns) (grouped into LUT with out node cnt_1_mid2)   --->   "%select_ln188_2 = select i1 %icmp_ln189, i17 %add_ln188_134_load, i17 %cnt_1_load" [../hls_files/conv_pool.cpp:188]   --->   Operation 103 'select' 'select_ln188_2' <Predicate = (!and_ln188)> <Delay = 0.00> <CoreInst = "Sel">   --->   Core 73 'Sel' <Latency = 0> <II = 1> <Delay = 0.94> <FuncUnit> <Opcode : 'select'> <InPorts = 3> <OutPorts = 1>
ST_6 : Operation 104 [1/1] (0.94ns)   --->   "%select_ln188_3 = select i1 %icmp_ln189, i17 %add_ln188_134_load, i17 %indvars_iv182_load" [../hls_files/conv_pool.cpp:188]   --->   Operation 104 'select' 'select_ln188_3' <Predicate = true> <Delay = 0.94> <CoreInst = "Sel">   --->   Core 73 'Sel' <Latency = 0> <II = 1> <Delay = 0.94> <FuncUnit> <Opcode : 'select'> <InPorts = 3> <OutPorts = 1>
ST_6 : Operation 105 [1/1] (0.94ns) (out node of the LUT)   --->   "%cnt_1_mid2 = select i1 %and_ln188, i17 %add_ln19036_load, i17 %select_ln188_2" [../hls_files/conv_pool.cpp:188]   --->   Operation 105 'select' 'cnt_1_mid2' <Predicate = true> <Delay = 0.94> <CoreInst = "Sel">   --->   Core 73 'Sel' <Latency = 0> <II = 1> <Delay = 0.94> <FuncUnit> <Opcode : 'select'> <InPorts = 3> <OutPorts = 1>
ST_6 : Operation 106 [1/1] (0.94ns) (out node of the LUT)   --->   "%select_ln189 = select i1 %and_ln188, i17 %add_ln19036_load, i17 %select_ln188" [../hls_files/conv_pool.cpp:189]   --->   Operation 106 'select' 'select_ln189' <Predicate = true> <Delay = 0.94> <CoreInst = "Sel">   --->   Core 73 'Sel' <Latency = 0> <II = 1> <Delay = 0.94> <FuncUnit> <Opcode : 'select'> <InPorts = 3> <OutPorts = 1>
ST_6 : Operation 107 [1/2] ( I:2.77ns O:2.77ns )   --->   "%feat2_p_load = load i13 %feat2_p_addr" [../hls_files/conv_pool.cpp:188]   --->   Operation 107 'load' 'feat2_p_load' <Predicate = (trunc_ln190 == 0)> <Delay = 2.77> <CoreInst = "RAM">   --->   Core 81 'RAM' <Latency = 1> <II = 1> <Delay = 2.77> <Storage> <Opcode : 'load' 'store'> <Ports = 2> <Width = 32> <Depth = 4524> <RAM>
ST_6 : Operation 108 [1/2] ( I:2.77ns O:2.77ns )   --->   "%feat2_p_26_load = load i13 %feat2_p_26_addr" [../hls_files/conv_pool.cpp:188]   --->   Operation 108 'load' 'feat2_p_26_load' <Predicate = (trunc_ln190 == 1)> <Delay = 2.77> <CoreInst = "RAM">   --->   Core 81 'RAM' <Latency = 1> <II = 1> <Delay = 2.77> <Storage> <Opcode : 'load' 'store'> <Ports = 2> <Width = 32> <Depth = 4524> <RAM>
ST_6 : Operation 109 [1/2] ( I:2.77ns O:2.77ns )   --->   "%feat2_p_27_load = load i13 %feat2_p_27_addr" [../hls_files/conv_pool.cpp:188]   --->   Operation 109 'load' 'feat2_p_27_load' <Predicate = (trunc_ln190 == 2)> <Delay = 2.77> <CoreInst = "RAM">   --->   Core 81 'RAM' <Latency = 1> <II = 1> <Delay = 2.77> <Storage> <Opcode : 'load' 'store'> <Ports = 2> <Width = 32> <Depth = 4524> <RAM>
ST_6 : Operation 110 [1/2] ( I:2.77ns O:2.77ns )   --->   "%feat2_p_28_load = load i13 %feat2_p_28_addr" [../hls_files/conv_pool.cpp:188]   --->   Operation 110 'load' 'feat2_p_28_load' <Predicate = (trunc_ln190 == 3)> <Delay = 2.77> <CoreInst = "RAM">   --->   Core 81 'RAM' <Latency = 1> <II = 1> <Delay = 2.77> <Storage> <Opcode : 'load' 'store'> <Ports = 2> <Width = 32> <Depth = 4524> <RAM>
ST_6 : Operation 111 [1/2] ( I:2.77ns O:2.77ns )   --->   "%feat2_p_29_load = load i13 %feat2_p_29_addr" [../hls_files/conv_pool.cpp:188]   --->   Operation 111 'load' 'feat2_p_29_load' <Predicate = (trunc_ln190 == 4)> <Delay = 2.77> <CoreInst = "RAM">   --->   Core 81 'RAM' <Latency = 1> <II = 1> <Delay = 2.77> <Storage> <Opcode : 'load' 'store'> <Ports = 2> <Width = 32> <Depth = 4524> <RAM>
ST_6 : Operation 112 [1/2] ( I:2.77ns O:2.77ns )   --->   "%feat2_p_30_load = load i13 %feat2_p_30_addr" [../hls_files/conv_pool.cpp:188]   --->   Operation 112 'load' 'feat2_p_30_load' <Predicate = (trunc_ln190 == 5)> <Delay = 2.77> <CoreInst = "RAM">   --->   Core 81 'RAM' <Latency = 1> <II = 1> <Delay = 2.77> <Storage> <Opcode : 'load' 'store'> <Ports = 2> <Width = 32> <Depth = 4524> <RAM>
ST_6 : Operation 113 [1/2] ( I:2.77ns O:2.77ns )   --->   "%feat2_p_31_load = load i13 %feat2_p_31_addr" [../hls_files/conv_pool.cpp:188]   --->   Operation 113 'load' 'feat2_p_31_load' <Predicate = (trunc_ln190 == 6)> <Delay = 2.77> <CoreInst = "RAM">   --->   Core 81 'RAM' <Latency = 1> <II = 1> <Delay = 2.77> <Storage> <Opcode : 'load' 'store'> <Ports = 2> <Width = 32> <Depth = 4524> <RAM>
ST_6 : Operation 114 [1/2] ( I:2.77ns O:2.77ns )   --->   "%feat2_p_32_load = load i13 %feat2_p_32_addr" [../hls_files/conv_pool.cpp:188]   --->   Operation 114 'load' 'feat2_p_32_load' <Predicate = (trunc_ln190 == 7)> <Delay = 2.77> <CoreInst = "RAM">   --->   Core 81 'RAM' <Latency = 1> <II = 1> <Delay = 2.77> <Storage> <Opcode : 'load' 'store'> <Ports = 2> <Width = 32> <Depth = 4524> <RAM>
ST_6 : Operation 115 [1/2] ( I:2.77ns O:2.77ns )   --->   "%feat2_p_33_load = load i13 %feat2_p_33_addr" [../hls_files/conv_pool.cpp:188]   --->   Operation 115 'load' 'feat2_p_33_load' <Predicate = (trunc_ln190 == 8)> <Delay = 2.77> <CoreInst = "RAM">   --->   Core 81 'RAM' <Latency = 1> <II = 1> <Delay = 2.77> <Storage> <Opcode : 'load' 'store'> <Ports = 2> <Width = 32> <Depth = 4524> <RAM>
ST_6 : Operation 116 [1/2] ( I:2.77ns O:2.77ns )   --->   "%feat2_p_34_load = load i13 %feat2_p_34_addr" [../hls_files/conv_pool.cpp:188]   --->   Operation 116 'load' 'feat2_p_34_load' <Predicate = (trunc_ln190 == 9)> <Delay = 2.77> <CoreInst = "RAM">   --->   Core 81 'RAM' <Latency = 1> <II = 1> <Delay = 2.77> <Storage> <Opcode : 'load' 'store'> <Ports = 2> <Width = 32> <Depth = 4524> <RAM>
ST_6 : Operation 117 [1/2] ( I:2.77ns O:2.77ns )   --->   "%p_ZZ9cnn_accelE7feat2_p_10_load = load i13 %p_ZZ9cnn_accelE7feat2_p_10_addr" [../hls_files/conv_pool.cpp:188]   --->   Operation 117 'load' 'p_ZZ9cnn_accelE7feat2_p_10_load' <Predicate = (trunc_ln190 == 10)> <Delay = 2.77> <CoreInst = "RAM">   --->   Core 81 'RAM' <Latency = 1> <II = 1> <Delay = 2.77> <Storage> <Opcode : 'load' 'store'> <Ports = 2> <Width = 32> <Depth = 4524> <RAM>
ST_6 : Operation 118 [1/2] ( I:2.77ns O:2.77ns )   --->   "%cnn_accel_feat2_p_83 = load i13 %p_ZZ9cnn_accelE7feat2_p_11_addr" [../hls_files/conv_pool.cpp:188]   --->   Operation 118 'load' 'cnn_accel_feat2_p_83' <Predicate = (trunc_ln190 == 11)> <Delay = 2.77> <CoreInst = "RAM">   --->   Core 81 'RAM' <Latency = 1> <II = 1> <Delay = 2.77> <Storage> <Opcode : 'load' 'store'> <Ports = 2> <Width = 32> <Depth = 4524> <RAM>
ST_6 : Operation 119 [1/2] ( I:2.77ns O:2.77ns )   --->   "%cnn_accel_feat2_p_84 = load i13 %p_ZZ9cnn_accelE7feat2_p_12_addr" [../hls_files/conv_pool.cpp:188]   --->   Operation 119 'load' 'cnn_accel_feat2_p_84' <Predicate = (trunc_ln190 == 12)> <Delay = 2.77> <CoreInst = "RAM">   --->   Core 81 'RAM' <Latency = 1> <II = 1> <Delay = 2.77> <Storage> <Opcode : 'load' 'store'> <Ports = 2> <Width = 32> <Depth = 4524> <RAM>
ST_6 : Operation 120 [1/2] ( I:2.77ns O:2.77ns )   --->   "%cnn_accel_feat2_p_85 = load i13 %p_ZZ9cnn_accelE7feat2_p_13_addr" [../hls_files/conv_pool.cpp:188]   --->   Operation 120 'load' 'cnn_accel_feat2_p_85' <Predicate = (trunc_ln190 == 13)> <Delay = 2.77> <CoreInst = "RAM">   --->   Core 81 'RAM' <Latency = 1> <II = 1> <Delay = 2.77> <Storage> <Opcode : 'load' 'store'> <Ports = 2> <Width = 32> <Depth = 4524> <RAM>
ST_6 : Operation 121 [1/2] ( I:2.77ns O:2.77ns )   --->   "%cnn_accel_feat2_p_86 = load i13 %p_ZZ9cnn_accelE7feat2_p_14_addr" [../hls_files/conv_pool.cpp:188]   --->   Operation 121 'load' 'cnn_accel_feat2_p_86' <Predicate = (trunc_ln190 == 14)> <Delay = 2.77> <CoreInst = "RAM">   --->   Core 81 'RAM' <Latency = 1> <II = 1> <Delay = 2.77> <Storage> <Opcode : 'load' 'store'> <Ports = 2> <Width = 32> <Depth = 4524> <RAM>
ST_6 : Operation 122 [1/2] ( I:2.77ns O:2.77ns )   --->   "%cnn_accel_feat2_p_87 = load i13 %cnn_accel_feat2_p" [../hls_files/conv_pool.cpp:188]   --->   Operation 122 'load' 'cnn_accel_feat2_p_87' <Predicate = (trunc_ln190 == 15)> <Delay = 2.77> <CoreInst = "RAM">   --->   Core 81 'RAM' <Latency = 1> <II = 1> <Delay = 2.77> <Storage> <Opcode : 'load' 'store'> <Ports = 2> <Width = 32> <Depth = 4524> <RAM>
ST_6 : Operation 123 [1/1] (0.00ns)   --->   "%zext_ln190 = zext i17 %cnt_1_mid2" [../hls_files/conv_pool.cpp:190]   --->   Operation 123 'zext' 'zext_ln190' <Predicate = true> <Delay = 0.00>
ST_6 : Operation 124 [1/1] (0.00ns)   --->   "%specpipeline_ln186 = specpipeline void @_ssdm_op_SpecPipeline, i32 4294967295, i32 0, i32 0, i32 0, void @empty_23" [../hls_files/conv_pool.cpp:186]   --->   Operation 124 'specpipeline' 'specpipeline_ln186' <Predicate = true> <Delay = 0.00>
ST_6 : Operation 125 [1/1] (1.67ns)   --->   "%tmp_7 = sparsemux i32 @_ssdm_op_SparseMux.ap_auto.16float.float.i4, i4 0, i32 %feat2_p_load, i4 1, i32 %feat2_p_26_load, i4 2, i32 %feat2_p_27_load, i4 3, i32 %feat2_p_28_load, i4 4, i32 %feat2_p_29_load, i4 5, i32 %feat2_p_30_load, i4 6, i32 %feat2_p_31_load, i4 7, i32 %feat2_p_32_load, i4 8, i32 %feat2_p_33_load, i4 9, i32 %feat2_p_34_load, i4 10, i32 %p_ZZ9cnn_accelE7feat2_p_10_load, i4 11, i32 %cnn_accel_feat2_p_83, i4 12, i32 %cnn_accel_feat2_p_84, i4 13, i32 %cnn_accel_feat2_p_85, i4 14, i32 %cnn_accel_feat2_p_86, i4 15, i32 %cnn_accel_feat2_p_87, i32 <undef>, i4 %trunc_ln190" [../hls_files/conv_pool.cpp:192]   --->   Operation 125 'sparsemux' 'tmp_7' <Predicate = true> <Delay = 1.67> <CoreInst = "BinarySparseMux_DontCare">   --->   Core 137 'BinarySparseMux_DontCare' <Latency = 0> <II = 1> <Delay = 1.67> <FuncUnit> <Opcode : 'sparsemux'> <InPorts = 2> <OutPorts = 1>
ST_6 : Operation 126 [1/1] (1.86ns)   --->   "%add_ln192 = add i17 %cnt_1_mid2, i17 1" [../hls_files/conv_pool.cpp:192]   --->   Operation 126 'add' 'add_ln192' <Predicate = true> <Delay = 1.86> <CoreInst = "Adder">   --->   Core 1 'Adder' <Latency = 0> <II = 1> <Delay = 1.86> <FuncUnit> <Opcode : 'add' 'sub'> <InPorts = 2> <OutPorts = 1>
ST_6 : Operation 127 [1/1] (0.00ns)   --->   "%vec1_addr = getelementptr i32 %vec1, i64 0, i64 %zext_ln190" [../hls_files/conv_pool.cpp:192]   --->   Operation 127 'getelementptr' 'vec1_addr' <Predicate = true> <Delay = 0.00>
ST_6 : Operation 128 [1/1] ( I:2.77ns O:2.77ns )   --->   "%store_ln192 = store i32 %tmp_7, i17 %vec1_addr" [../hls_files/conv_pool.cpp:192]   --->   Operation 128 'store' 'store_ln192' <Predicate = true> <Delay = 2.77> <CoreInst = "RAM">   --->   Core 81 'RAM' <Latency = 1> <II = 1> <Delay = 2.77> <Storage> <Opcode : 'load' 'store'> <Ports = 2> <Width = 32> <Depth = 72384> <RAM>
ST_6 : Operation 129 [1/1] (1.86ns)   --->   "%add_ln190 = add i17 %select_ln189, i17 16" [../hls_files/conv_pool.cpp:190]   --->   Operation 129 'add' 'add_ln190' <Predicate = true> <Delay = 1.86> <CoreInst = "Adder">   --->   Core 1 'Adder' <Latency = 0> <II = 1> <Delay = 1.86> <FuncUnit> <Opcode : 'add' 'sub'> <InPorts = 2> <OutPorts = 1>
ST_6 : Operation 130 [1/1] (1.86ns)   --->   "%add_ln188_1 = add i17 %select_ln188_3, i17 1248" [../hls_files/conv_pool.cpp:188]   --->   Operation 130 'add' 'add_ln188_1' <Predicate = true> <Delay = 1.86> <CoreInst = "Adder">   --->   Core 1 'Adder' <Latency = 0> <II = 1> <Delay = 1.86> <FuncUnit> <Opcode : 'add' 'sub'> <InPorts = 2> <OutPorts = 1>
ST_6 : Operation 131 [1/1] (1.32ns)   --->   "%store_ln188 = store i17 %select_ln188_3, i17 %indvars_iv182" [../hls_files/conv_pool.cpp:188]   --->   Operation 131 'store' 'store_ln188' <Predicate = true> <Delay = 1.32>
ST_6 : Operation 132 [1/1] (0.00ns)   --->   "%store_ln190 = store i17 %add_ln190, i17 %add_ln19036" [../hls_files/conv_pool.cpp:190]   --->   Operation 132 'store' 'store_ln190' <Predicate = true> <Delay = 0.00>
ST_6 : Operation 133 [1/1] (1.32ns)   --->   "%store_ln186 = store i17 %select_ln189, i17 %cnt" [../hls_files/conv_pool.cpp:186]   --->   Operation 133 'store' 'store_ln186' <Predicate = true> <Delay = 1.32>
ST_6 : Operation 134 [1/1] (0.00ns)   --->   "%store_ln188 = store i17 %add_ln188_1, i17 %add_ln188_134" [../hls_files/conv_pool.cpp:188]   --->   Operation 134 'store' 'store_ln188' <Predicate = true> <Delay = 0.00>
ST_6 : Operation 135 [1/1] (1.32ns)   --->   "%store_ln186 = store i17 %add_ln192, i17 %cnt_1" [../hls_files/conv_pool.cpp:186]   --->   Operation 135 'store' 'store_ln186' <Predicate = true> <Delay = 1.32>
ST_6 : Operation 136 [1/1] (0.00ns)   --->   "%br_ln190 = br void %for.inc368" [../hls_files/conv_pool.cpp:190]   --->   Operation 136 'br' 'br_ln190' <Predicate = true> <Delay = 0.00>


============================================================
+ Verbose Summary: Timing violations
============================================================
Target clock period: 20.000ns, clock uncertainty: 5.400ns.

 <State 1>: 1.324ns
The critical path consists of the following:
	'alloca' operation 17 bit ('indvar_flatten135') [27]  (0.000 ns)
	'store' operation 0 bit ('store_ln0') of constant 0 on local variable 'indvar_flatten135' [28]  (1.324 ns)

 <State 2>: 3.747ns
The critical path consists of the following:
	'load' operation 12 bit ('indvar_flatten117_load', ../hls_files/conv_pool.cpp:189) on local variable 'indvar_flatten117' [49]  (0.000 ns)
	'icmp' operation 1 bit ('icmp_ln189', ../hls_files/conv_pool.cpp:189) [55]  (1.780 ns)
	'select' operation 6 bit ('select_ln188_4', ../hls_files/conv_pool.cpp:188) [63]  (0.587 ns)
	'mul' operation 13 bit of DSP[73] ('empty_81', ../hls_files/conv_pool.cpp:188) [71]  (1.380 ns)

 <State 3>: 1.380ns
The critical path consists of the following:
	'mul' operation 13 bit of DSP[73] ('empty_81', ../hls_files/conv_pool.cpp:188) [71]  (1.380 ns)

 <State 4>: 6.206ns
The critical path consists of the following:
	'load' operation 5 bit ('m_load', ../hls_files/conv_pool.cpp:190) on local variable 'm', ../hls_files/conv_pool.cpp:190 [43]  (0.000 ns)
	'icmp' operation 1 bit ('icmp_ln190', ../hls_files/conv_pool.cpp:190) [60]  (1.548 ns)
	'and' operation 1 bit ('and_ln188', ../hls_files/conv_pool.cpp:188) [61]  (0.800 ns)
	'or' operation 1 bit ('empty', ../hls_files/conv_pool.cpp:188) [66]  (0.000 ns)
	'select' operation 5 bit ('m_4_mid2', ../hls_files/conv_pool.cpp:188) [67]  (0.986 ns)
	'add' operation 5 bit ('add_ln190_1', ../hls_files/conv_pool.cpp:190) [114]  (1.548 ns)
	'store' operation 0 bit ('store_ln190', ../hls_files/conv_pool.cpp:190) of variable 'add_ln190_1', ../hls_files/conv_pool.cpp:190 on local variable 'm', ../hls_files/conv_pool.cpp:190 [128]  (1.324 ns)

 <State 5>: 4.532ns
The critical path consists of the following:
	'add' operation 13 bit of DSP[73] ('empty_82', ../hls_files/conv_pool.cpp:188) [73]  (1.760 ns)
	'getelementptr' operation 13 bit ('feat2_p_addr', ../hls_files/conv_pool.cpp:188) [81]  (0.000 ns)
	'load' operation 32 bit ('feat2_p_load', ../hls_files/conv_pool.cpp:188) on array 'feat2_p' [91]  (2.772 ns)

 <State 6>: 7.221ns
The critical path consists of the following:
	'load' operation 32 bit ('feat2_p_load', ../hls_files/conv_pool.cpp:188) on array 'feat2_p' [91]  (2.772 ns)
	'sparsemux' operation 32 bit ('tmp_7', ../hls_files/conv_pool.cpp:192) [110]  (1.677 ns)
	'store' operation 0 bit ('store_ln192', ../hls_files/conv_pool.cpp:192) of variable 'tmp_7', ../hls_files/conv_pool.cpp:192 on array 'vec1' [113]  (2.772 ns)


============================================================
+ Verbose Summary: Binding
============================================================
N/A
* FSMD analyzer results:
  - Output states:
 - Input state : 
  - Chain level:
	State 1
	State 2
	State 3
	State 4
	State 5
	State 6


============================================================
+ Verbose Summary: Datapath Resource usage 
============================================================
N/A
