

================================================================
== Vitis HLS Report for 'cnn_accel_Pipeline_LOAD_IMG_ROWS_LOAD_IMG_COLS_LOAD_IMG_CH'
================================================================
* Date:           Fri Jul  4 17:05:16 2025

* Version:        2025.1 (Build 6135595 on May 21 2025)
* Project:        cnn_accel
* Solution:       hls (Vivado IP Flow Target)
* Product family: artix7
* Target device:  xc7a100t-fgg484-2L


================================================================
== Performance Estimates
================================================================
+ Timing: 
    * Summary: 
    +--------+----------+-----------+------------+
    |  Clock |  Target  | Estimated | Uncertainty|
    +--------+----------+-----------+------------+
    |ap_clk  |  20.00 ns|  14.600 ns|     5.40 ns|
    +--------+----------+-----------+------------+

+ Latency: 
    * Summary: 
    +---------+---------+----------+----------+--------+--------+------------------------------------------------+
    |  Latency (cycles) |  Latency (absolute) |     Interval    |                    Pipeline                    |
    |   min   |   max   |    min   |    max   |   min  |   max  |                      Type                      |
    +---------+---------+----------+----------+--------+--------+------------------------------------------------+
    |   230403|   230403|  4.608 ms|  4.608 ms|  230401|  230401|  loop auto-rewind stp (delay=0 clock cycles(s))|
    +---------+---------+----------+----------+--------+--------+------------------------------------------------+

    + Detail: 
        * Instance: 
        N/A

        * Loop: 
        +-------------------------------------------+---------+---------+----------+-----------+-----------+--------+----------+
        |                                           |  Latency (cycles) | Iteration|  Initiation Interval  |  Trip  |          |
        |                 Loop Name                 |   min   |   max   |  Latency |  achieved |   target  |  Count | Pipelined|
        +-------------------------------------------+---------+---------+----------+-----------+-----------+--------+----------+
        |- LOAD_IMG_ROWS_LOAD_IMG_COLS_LOAD_IMG_CH  |   230401|   230401|         3|          1|          1|  230400|       yes|
        +-------------------------------------------+---------+---------+----------+-----------+-----------+--------+----------+

============================================================
+ Verbose Summary: Synthesis Manager
============================================================
InlineROM: 1
ExposeGlobal: 0
============================================================
+ Verbose Summary: CDFG Model
============================================================
IsTopModel: 0
ResetActiveHigh: 1
IsCombinational: 0
IsDatapathOnly: 0
HasWiredReturn: 1
HasMFsm: 2
HasVarLatency: 1
IsPipeline: 0
IsRtlPipelined: 0
IsInstanceOverlapped: 0
IsDontTouch: 0
HasImplIP: 0
IsGatedGlobalClock: 0

+ Individual pipeline summary: 
  * Pipeline-0: initiation interval (II) = 1, depth = 3


============================================================
+ Verbose Summary: Schedule
============================================================
* Number of FSM states : 3
* Pipeline : 1
  Pipeline-0 : II = 1, D = 3, States = { 1 2 3 }
* Dataflow Pipeline: 0

* FSM state transitions: 
1 --> 2 
2 --> 3 
3 --> 

* FSM state operations: 

State 1 <SV = 0> <Delay = 4.53>
ST_1 : Operation 6 [1/1] (0.00ns)   --->   "%c = alloca i32 1" [../hls_files/conv_pool.cpp:89]   --->   Operation 6 'alloca' 'c' <Predicate = true> <Delay = 0.00>
ST_1 : Operation 7 [1/1] (0.00ns)   --->   "%j = alloca i32 1" [../hls_files/conv_pool.cpp:87]   --->   Operation 7 'alloca' 'j' <Predicate = true> <Delay = 0.00>
ST_1 : Operation 8 [1/1] (0.00ns)   --->   "%indvar_flatten = alloca i32 1"   --->   Operation 8 'alloca' 'indvar_flatten' <Predicate = true> <Delay = 0.00>
ST_1 : Operation 9 [1/1] (0.00ns)   --->   "%i = alloca i32 1" [../hls_files/conv_pool.cpp:85]   --->   Operation 9 'alloca' 'i' <Predicate = true> <Delay = 0.00>
ST_1 : Operation 10 [1/1] (0.00ns)   --->   "%indvar_flatten48 = alloca i32 1"   --->   Operation 10 'alloca' 'indvar_flatten48' <Predicate = true> <Delay = 0.00>
ST_1 : Operation 11 [1/1] (0.00ns)   --->   "%sext_ln85_read = read i62 @_ssdm_op_Read.ap_auto.i62, i62 %sext_ln85"   --->   Operation 11 'read' 'sext_ln85_read' <Predicate = true> <Delay = 0.00>
ST_1 : Operation 12 [1/1] (0.00ns)   --->   "%sext_ln85_cast = sext i62 %sext_ln85_read"   --->   Operation 12 'sext' 'sext_ln85_cast' <Predicate = true> <Delay = 0.00>
ST_1 : Operation 13 [1/1] (0.00ns)   --->   "%specinterface_ln0 = specinterface void @_ssdm_op_SpecInterface, i32 %gmem, void @empty_24, i32 0, i32 0, void @empty_23, i32 0, i32 0, void @empty_22, void @empty_21, void @empty_23, i32 16, i32 16, i32 16, i32 16, void @empty_23, void @empty_23, i32 4294967295, i32 0, i32 0"   --->   Operation 13 'specinterface' 'specinterface_ln0' <Predicate = true> <Delay = 0.00>
ST_1 : Operation 14 [1/1] (1.32ns)   --->   "%store_ln0 = store i18 0, i18 %indvar_flatten48"   --->   Operation 14 'store' 'store_ln0' <Predicate = true> <Delay = 1.32>
ST_1 : Operation 15 [1/1] (1.32ns)   --->   "%store_ln85 = store i8 0, i8 %i" [../hls_files/conv_pool.cpp:85]   --->   Operation 15 'store' 'store_ln85' <Predicate = true> <Delay = 1.32>
ST_1 : Operation 16 [1/1] (1.32ns)   --->   "%store_ln0 = store i11 0, i11 %indvar_flatten"   --->   Operation 16 'store' 'store_ln0' <Predicate = true> <Delay = 1.32>
ST_1 : Operation 17 [1/1] (1.32ns)   --->   "%store_ln87 = store i9 0, i9 %j" [../hls_files/conv_pool.cpp:87]   --->   Operation 17 'store' 'store_ln87' <Predicate = true> <Delay = 1.32>
ST_1 : Operation 18 [1/1] (1.32ns)   --->   "%store_ln89 = store i2 0, i2 %c" [../hls_files/conv_pool.cpp:89]   --->   Operation 18 'store' 'store_ln89' <Predicate = true> <Delay = 1.32>
ST_1 : Operation 19 [1/1] (0.00ns)   --->   "%br_ln0 = br void %for.inc"   --->   Operation 19 'br' 'br_ln0' <Predicate = true> <Delay = 0.00>
ST_1 : Operation 20 [1/1] (0.00ns)   --->   "%indvar_flatten48_load = load i18 %indvar_flatten48" [../hls_files/conv_pool.cpp:85]   --->   Operation 20 'load' 'indvar_flatten48_load' <Predicate = true> <Delay = 0.00>
ST_1 : Operation 21 [1/1] (1.88ns)   --->   "%icmp_ln85 = icmp_eq  i18 %indvar_flatten48_load, i18 230400" [../hls_files/conv_pool.cpp:85]   --->   Operation 21 'icmp' 'icmp_ln85' <Predicate = true> <Delay = 1.88> <CoreInst = "Cmp">   --->   Core 9 'Cmp' <Latency = 0> <II = 1> <Delay = 1.88> <FuncUnit> <Opcode : 'seteq' 'setne' 'setle' 'setge' 'setlt' 'setgt'> <InPorts = 2> <OutPorts = 1>
ST_1 : Operation 22 [1/1] (1.88ns)   --->   "%add_ln85_1 = add i18 %indvar_flatten48_load, i18 1" [../hls_files/conv_pool.cpp:85]   --->   Operation 22 'add' 'add_ln85_1' <Predicate = true> <Delay = 1.88> <CoreInst = "Adder">   --->   Core 1 'Adder' <Latency = 0> <II = 1> <Delay = 1.88> <FuncUnit> <Opcode : 'add' 'sub'> <InPorts = 2> <OutPorts = 1>
ST_1 : Operation 23 [1/1] (0.00ns)   --->   "%br_ln85 = br i1 %icmp_ln85, void %for.inc20, void %CONV1_ROW.exitStub" [../hls_files/conv_pool.cpp:85]   --->   Operation 23 'br' 'br_ln85' <Predicate = true> <Delay = 0.00>
ST_1 : Operation 24 [1/1] (1.32ns)   --->   "%store_ln85 = store i18 %add_ln85_1, i18 %indvar_flatten48" [../hls_files/conv_pool.cpp:85]   --->   Operation 24 'store' 'store_ln85' <Predicate = (!icmp_ln85)> <Delay = 1.32>

State 2 <SV = 1> <Delay = 14.6>
ST_2 : Operation 25 [1/1] (0.00ns)   --->   "%indvar_flatten_load = load i11 %indvar_flatten" [../hls_files/conv_pool.cpp:87]   --->   Operation 25 'load' 'indvar_flatten_load' <Predicate = true> <Delay = 0.00>
ST_2 : Operation 26 [1/1] (0.00ns)   --->   "%specbitsmap_ln0 = specbitsmap void @_ssdm_op_SpecBitsMap, i32 %gmem"   --->   Operation 26 'specbitsmap' 'specbitsmap_ln0' <Predicate = true> <Delay = 0.00>
ST_2 : Operation 27 [1/1] (0.00ns)   --->   "%gmem_addr = getelementptr i32 %gmem, i64 %sext_ln85_cast" [../hls_files/conv_pool.cpp:85]   --->   Operation 27 'getelementptr' 'gmem_addr' <Predicate = (!icmp_ln85)> <Delay = 0.00>
ST_2 : Operation 28 [1/1] (1.76ns)   --->   "%icmp_ln87 = icmp_eq  i11 %indvar_flatten_load, i11 960" [../hls_files/conv_pool.cpp:87]   --->   Operation 28 'icmp' 'icmp_ln87' <Predicate = (!icmp_ln85)> <Delay = 1.76> <CoreInst = "Cmp">   --->   Core 9 'Cmp' <Latency = 0> <II = 1> <Delay = 1.76> <FuncUnit> <Opcode : 'seteq' 'setne' 'setle' 'setge' 'setlt' 'setgt'> <InPorts = 2> <OutPorts = 1>
ST_2 : Operation 29 [1/1] (14.6ns)   --->   "%gmem_addr_read = read i32 @_ssdm_op_Read.m_axi.p1i32, i32 %gmem_addr" [../hls_files/conv_pool.cpp:92]   --->   Operation 29 'read' 'gmem_addr_read' <Predicate = (!icmp_ln85)> <Delay = 14.6> <CoreInst = "m_axi">   --->   Core 111 'm_axi' <Latency = 3> <II = 1> <Delay = 1.00> <Adapter> <Opcode : 'read' 'write' 'readreq' 'writereq' 'writeresp'>
ST_2 : Operation 30 [1/1] (0.00ns)   --->   "%bitcast_ln92 = bitcast i32 %gmem_addr_read" [../hls_files/conv_pool.cpp:92]   --->   Operation 30 'bitcast' 'bitcast_ln92' <Predicate = (!icmp_ln85)> <Delay = 0.00>
ST_2 : Operation 31 [1/1] (1.76ns)   --->   "%add_ln87_1 = add i11 %indvar_flatten_load, i11 1" [../hls_files/conv_pool.cpp:87]   --->   Operation 31 'add' 'add_ln87_1' <Predicate = (!icmp_ln85)> <Delay = 1.76> <CoreInst = "Adder">   --->   Core 1 'Adder' <Latency = 0> <II = 1> <Delay = 1.76> <FuncUnit> <Opcode : 'add' 'sub'> <InPorts = 2> <OutPorts = 1>
ST_2 : Operation 32 [1/1] (0.83ns)   --->   "%select_ln87_1 = select i1 %icmp_ln87, i11 1, i11 %add_ln87_1" [../hls_files/conv_pool.cpp:87]   --->   Operation 32 'select' 'select_ln87_1' <Predicate = (!icmp_ln85)> <Delay = 0.83> <CoreInst = "Sel">   --->   Core 73 'Sel' <Latency = 0> <II = 1> <Delay = 0.83> <FuncUnit> <Opcode : 'select'> <InPorts = 3> <OutPorts = 1>
ST_2 : Operation 33 [1/1] (1.32ns)   --->   "%store_ln87 = store i11 %select_ln87_1, i11 %indvar_flatten" [../hls_files/conv_pool.cpp:87]   --->   Operation 33 'store' 'store_ln87' <Predicate = (!icmp_ln85)> <Delay = 1.32>
ST_2 : Operation 73 [1/1] (1.32ns)   --->   "%ret_ln0 = ret"   --->   Operation 73 'ret' 'ret_ln0' <Predicate = (icmp_ln85)> <Delay = 1.32>

State 3 <SV = 2> <Delay = 9.98>
ST_3 : Operation 34 [1/1] (0.00ns)   --->   "%c_load = load i2 %c" [../hls_files/conv_pool.cpp:89]   --->   Operation 34 'load' 'c_load' <Predicate = true> <Delay = 0.00>
ST_3 : Operation 35 [1/1] (0.00ns)   --->   "%j_load = load i9 %j" [../hls_files/conv_pool.cpp:85]   --->   Operation 35 'load' 'j_load' <Predicate = (!icmp_ln87)> <Delay = 0.00>
ST_3 : Operation 36 [1/1] (0.00ns)   --->   "%i_load = load i8 %i" [../hls_files/conv_pool.cpp:85]   --->   Operation 36 'load' 'i_load' <Predicate = true> <Delay = 0.00>
ST_3 : Operation 37 [1/1] (1.71ns)   --->   "%add_ln85 = add i8 %i_load, i8 1" [../hls_files/conv_pool.cpp:85]   --->   Operation 37 'add' 'add_ln85' <Predicate = (icmp_ln87)> <Delay = 1.71> <CoreInst = "Adder">   --->   Core 1 'Adder' <Latency = 0> <II = 1> <Delay = 1.71> <FuncUnit> <Opcode : 'add' 'sub'> <InPorts = 2> <OutPorts = 1>
ST_3 : Operation 38 [1/1] (0.00ns)   --->   "%specloopname_ln0 = specloopname void @_ssdm_op_SpecLoopName, void @LOAD_IMG_ROWS_LOAD_IMG_COLS_LOAD_IMG_CH_str"   --->   Operation 38 'specloopname' 'specloopname_ln0' <Predicate = true> <Delay = 0.00>
ST_3 : Operation 39 [1/1] (0.00ns)   --->   "%speclooptripcount_ln0 = speclooptripcount void @_ssdm_op_SpecLoopTripCount, i64 230400, i64 230400, i64 230400"   --->   Operation 39 'speclooptripcount' 'speclooptripcount_ln0' <Predicate = true> <Delay = 0.00>
ST_3 : Operation 40 [1/1] (1.07ns)   --->   "%select_ln85 = select i1 %icmp_ln87, i9 0, i9 %j_load" [../hls_files/conv_pool.cpp:85]   --->   Operation 40 'select' 'select_ln85' <Predicate = true> <Delay = 1.07> <CoreInst = "Sel">   --->   Core 73 'Sel' <Latency = 0> <II = 1> <Delay = 1.07> <FuncUnit> <Opcode : 'select'> <InPorts = 3> <OutPorts = 1>
ST_3 : Operation 41 [1/1] (0.00ns) (grouped into LUT with out node and_ln85)   --->   "%xor_ln85 = xor i1 %icmp_ln87, i1 1" [../hls_files/conv_pool.cpp:85]   --->   Operation 41 'xor' 'xor_ln85' <Predicate = true> <Delay = 0.00> <CoreInst = "LogicGate">   --->   Core 74 'LogicGate' <Latency = 0> <II = 1> <Delay = 0.80> <FuncUnit> <Opcode : 'and' 'or' 'xor'> <InPorts = 2> <OutPorts = 1>
ST_3 : Operation 42 [1/1] (1.20ns)   --->   "%icmp_ln89 = icmp_eq  i2 %c_load, i2 3" [../hls_files/conv_pool.cpp:89]   --->   Operation 42 'icmp' 'icmp_ln89' <Predicate = true> <Delay = 1.20> <CoreInst = "Cmp">   --->   Core 9 'Cmp' <Latency = 0> <II = 1> <Delay = 1.20> <FuncUnit> <Opcode : 'seteq' 'setne' 'setle' 'setge' 'setlt' 'setgt'> <InPorts = 2> <OutPorts = 1>
ST_3 : Operation 43 [1/1] (0.80ns) (out node of the LUT)   --->   "%and_ln85 = and i1 %icmp_ln89, i1 %xor_ln85" [../hls_files/conv_pool.cpp:85]   --->   Operation 43 'and' 'and_ln85' <Predicate = true> <Delay = 0.80> <CoreInst = "LogicGate">   --->   Core 74 'LogicGate' <Latency = 0> <II = 1> <Delay = 0.80> <FuncUnit> <Opcode : 'and' 'or' 'xor'> <InPorts = 2> <OutPorts = 1>
ST_3 : Operation 44 [1/1] (1.07ns)   --->   "%select_ln85_1 = select i1 %icmp_ln87, i8 %add_ln85, i8 %i_load" [../hls_files/conv_pool.cpp:85]   --->   Operation 44 'select' 'select_ln85_1' <Predicate = true> <Delay = 1.07> <CoreInst = "Sel">   --->   Core 73 'Sel' <Latency = 0> <II = 1> <Delay = 1.07> <FuncUnit> <Opcode : 'select'> <InPorts = 3> <OutPorts = 1>
ST_3 : Operation 45 [1/1] (1.73ns)   --->   "%add_ln87 = add i9 %select_ln85, i9 1" [../hls_files/conv_pool.cpp:87]   --->   Operation 45 'add' 'add_ln87' <Predicate = true> <Delay = 1.73> <CoreInst = "Adder">   --->   Core 1 'Adder' <Latency = 0> <II = 1> <Delay = 1.73> <FuncUnit> <Opcode : 'add' 'sub'> <InPorts = 2> <OutPorts = 1>
ST_3 : Operation 46 [1/1] (0.00ns) (grouped into LUT with out node c_mid2)   --->   "%empty = or i1 %and_ln85, i1 %icmp_ln87" [../hls_files/conv_pool.cpp:85]   --->   Operation 46 'or' 'empty' <Predicate = true> <Delay = 0.00> <CoreInst = "LogicGate">   --->   Core 74 'LogicGate' <Latency = 0> <II = 1> <Delay = 0.80> <FuncUnit> <Opcode : 'and' 'or' 'xor'> <InPorts = 2> <OutPorts = 1>
ST_3 : Operation 47 [1/1] (0.81ns) (out node of the LUT)   --->   "%c_mid2 = select i1 %empty, i2 0, i2 %c_load" [../hls_files/conv_pool.cpp:85]   --->   Operation 47 'select' 'c_mid2' <Predicate = true> <Delay = 0.81> <CoreInst = "Sel">   --->   Core 73 'Sel' <Latency = 0> <II = 1> <Delay = 0.81> <FuncUnit> <Opcode : 'select'> <InPorts = 3> <OutPorts = 1>
ST_3 : Operation 48 [1/1] (1.07ns)   --->   "%select_ln87 = select i1 %and_ln85, i9 %add_ln87, i9 %select_ln85" [../hls_files/conv_pool.cpp:87]   --->   Operation 48 'select' 'select_ln87' <Predicate = true> <Delay = 1.07> <CoreInst = "Sel">   --->   Core 73 'Sel' <Latency = 0> <II = 1> <Delay = 1.07> <FuncUnit> <Opcode : 'select'> <InPorts = 3> <OutPorts = 1>
ST_3 : Operation 49 [1/1] (0.00ns)   --->   "%tmp = bitconcatenate i16 @_ssdm_op_BitConcatenate.i16.i8.i8, i8 %select_ln85_1, i8 0" [../hls_files/conv_pool.cpp:85]   --->   Operation 49 'bitconcatenate' 'tmp' <Predicate = true> <Delay = 0.00>
ST_3 : Operation 50 [1/1] (0.00ns)   --->   "%p_shl = zext i16 %tmp" [../hls_files/conv_pool.cpp:85]   --->   Operation 50 'zext' 'p_shl' <Predicate = true> <Delay = 0.00>
ST_3 : Operation 51 [1/1] (0.00ns)   --->   "%tmp_11 = bitconcatenate i14 @_ssdm_op_BitConcatenate.i14.i8.i6, i8 %select_ln85_1, i6 0" [../hls_files/conv_pool.cpp:85]   --->   Operation 51 'bitconcatenate' 'tmp_11' <Predicate = true> <Delay = 0.00>
ST_3 : Operation 52 [1/1] (0.00ns)   --->   "%p_shl6 = zext i14 %tmp_11" [../hls_files/conv_pool.cpp:85]   --->   Operation 52 'zext' 'p_shl6' <Predicate = true> <Delay = 0.00>
ST_3 : Operation 53 [1/1] (0.00ns) (grouped into TernaryAdder)   --->   "%empty_79 = add i17 %p_shl, i17 %p_shl6" [../hls_files/conv_pool.cpp:85]   --->   Operation 53 'add' 'empty_79' <Predicate = true> <Delay = 0.00> <CoreInst = "TAddSub">   --->   Core 10 'TAddSub' <Latency = 0> <II = 1> <Delay = 1.67> <IPBlock> <Opcode : 'add' 'sub'> <InPorts = 3> <OutPorts = 1> <Sync> <CReg>
ST_3 : Operation 54 [1/1] (0.00ns)   --->   "%select_ln87_cast = zext i9 %select_ln87" [../hls_files/conv_pool.cpp:87]   --->   Operation 54 'zext' 'select_ln87_cast' <Predicate = true> <Delay = 0.00>
ST_3 : Operation 55 [1/1] (3.34ns) (root node of TernaryAdder)   --->   "%empty_80 = add i17 %empty_79, i17 %select_ln87_cast" [../hls_files/conv_pool.cpp:85]   --->   Operation 55 'add' 'empty_80' <Predicate = true> <Delay = 3.34> <CoreInst = "TAddSub">   --->   Core 10 'TAddSub' <Latency = 0> <II = 1> <Delay = 1.67> <IPBlock> <Opcode : 'add' 'sub'> <InPorts = 3> <OutPorts = 1> <Sync> <CReg>
ST_3 : Operation 56 [1/1] (0.00ns)   --->   "%p_cast = zext i17 %empty_80" [../hls_files/conv_pool.cpp:85]   --->   Operation 56 'zext' 'p_cast' <Predicate = true> <Delay = 0.00>
ST_3 : Operation 57 [1/1] (0.00ns)   --->   "%local_img_addr = getelementptr i32 %local_img, i64 0, i64 %p_cast" [../hls_files/conv_pool.cpp:85]   --->   Operation 57 'getelementptr' 'local_img_addr' <Predicate = true> <Delay = 0.00>
ST_3 : Operation 58 [1/1] (0.00ns)   --->   "%local_img_1_addr = getelementptr i32 %local_img_1, i64 0, i64 %p_cast" [../hls_files/conv_pool.cpp:85]   --->   Operation 58 'getelementptr' 'local_img_1_addr' <Predicate = true> <Delay = 0.00>
ST_3 : Operation 59 [1/1] (0.00ns)   --->   "%local_img_2_addr = getelementptr i32 %local_img_2, i64 0, i64 %p_cast" [../hls_files/conv_pool.cpp:85]   --->   Operation 59 'getelementptr' 'local_img_2_addr' <Predicate = true> <Delay = 0.00>
ST_3 : Operation 60 [1/1] (0.00ns)   --->   "%specpipeline_ln89 = specpipeline void @_ssdm_op_SpecPipeline, i32 4294967295, i32 0, i32 0, i32 0, void @empty_23" [../hls_files/conv_pool.cpp:89]   --->   Operation 60 'specpipeline' 'specpipeline_ln89' <Predicate = true> <Delay = 0.00>
ST_3 : Operation 61 [1/1] (1.20ns)   --->   "%switch_ln92 = switch i2 %c_mid2, void %arrayidx1632.case.2, i2 0, void %arrayidx1632.case.0, i2 1, void %arrayidx1632.case.1" [../hls_files/conv_pool.cpp:92]   --->   Operation 61 'switch' 'switch_ln92' <Predicate = true> <Delay = 1.20>
ST_3 : Operation 62 [1/1] ( I:2.77ns O:2.77ns )   --->   "%store_ln92 = store i32 %bitcast_ln92, i17 %local_img_1_addr" [../hls_files/conv_pool.cpp:92]   --->   Operation 62 'store' 'store_ln92' <Predicate = (c_mid2 == 1)> <Delay = 2.77> <CoreInst = "RAM">   --->   Core 81 'RAM' <Latency = 1> <II = 1> <Delay = 2.77> <Storage> <Opcode : 'load' 'store'> <Ports = 2> <Width = 32> <Depth = 76800> <RAM>
ST_3 : Operation 63 [1/1] (0.00ns)   --->   "%br_ln92 = br void %arrayidx1632.exit" [../hls_files/conv_pool.cpp:92]   --->   Operation 63 'br' 'br_ln92' <Predicate = (c_mid2 == 1)> <Delay = 0.00>
ST_3 : Operation 64 [1/1] ( I:2.77ns O:2.77ns )   --->   "%store_ln92 = store i32 %bitcast_ln92, i17 %local_img_addr" [../hls_files/conv_pool.cpp:92]   --->   Operation 64 'store' 'store_ln92' <Predicate = (c_mid2 == 0)> <Delay = 2.77> <CoreInst = "RAM">   --->   Core 81 'RAM' <Latency = 1> <II = 1> <Delay = 2.77> <Storage> <Opcode : 'load' 'store'> <Ports = 2> <Width = 32> <Depth = 76800> <RAM>
ST_3 : Operation 65 [1/1] (0.00ns)   --->   "%br_ln92 = br void %arrayidx1632.exit" [../hls_files/conv_pool.cpp:92]   --->   Operation 65 'br' 'br_ln92' <Predicate = (c_mid2 == 0)> <Delay = 0.00>
ST_3 : Operation 66 [1/1] ( I:2.77ns O:2.77ns )   --->   "%store_ln92 = store i32 %bitcast_ln92, i17 %local_img_2_addr" [../hls_files/conv_pool.cpp:92]   --->   Operation 66 'store' 'store_ln92' <Predicate = (c_mid2 != 0 & c_mid2 != 1)> <Delay = 2.77> <CoreInst = "RAM">   --->   Core 81 'RAM' <Latency = 1> <II = 1> <Delay = 2.77> <Storage> <Opcode : 'load' 'store'> <Ports = 2> <Width = 32> <Depth = 76800> <RAM>
ST_3 : Operation 67 [1/1] (0.00ns)   --->   "%br_ln92 = br void %arrayidx1632.exit" [../hls_files/conv_pool.cpp:92]   --->   Operation 67 'br' 'br_ln92' <Predicate = (c_mid2 != 0 & c_mid2 != 1)> <Delay = 0.00>
ST_3 : Operation 68 [1/1] (1.20ns)   --->   "%add_ln89 = add i2 %c_mid2, i2 1" [../hls_files/conv_pool.cpp:89]   --->   Operation 68 'add' 'add_ln89' <Predicate = true> <Delay = 1.20> <CoreInst = "Adder">   --->   Core 1 'Adder' <Latency = 0> <II = 1> <Delay = 1.20> <FuncUnit> <Opcode : 'add' 'sub'> <InPorts = 2> <OutPorts = 1>
ST_3 : Operation 69 [1/1] (1.32ns)   --->   "%store_ln85 = store i8 %select_ln85_1, i8 %i" [../hls_files/conv_pool.cpp:85]   --->   Operation 69 'store' 'store_ln85' <Predicate = true> <Delay = 1.32>
ST_3 : Operation 70 [1/1] (1.32ns)   --->   "%store_ln87 = store i9 %select_ln87, i9 %j" [../hls_files/conv_pool.cpp:87]   --->   Operation 70 'store' 'store_ln87' <Predicate = true> <Delay = 1.32>
ST_3 : Operation 71 [1/1] (1.32ns)   --->   "%store_ln89 = store i2 %add_ln89, i2 %c" [../hls_files/conv_pool.cpp:89]   --->   Operation 71 'store' 'store_ln89' <Predicate = true> <Delay = 1.32>
ST_3 : Operation 72 [1/1] (0.00ns)   --->   "%br_ln89 = br void %for.inc" [../hls_files/conv_pool.cpp:89]   --->   Operation 72 'br' 'br_ln89' <Predicate = true> <Delay = 0.00>


============================================================
+ Verbose Summary: Binding
============================================================
STG Binding: 
---------------- STG Properties BEGIN ----------------
- Is combinational: 0
- Is one-state seq: 0
- Is datapath-only: 0
- Is pipelined: 0
- Is top level: 0
Port [ Return ] is wired: 1; IO mode=ap_ctrl_hs:ce=0
Port [ gmem]:  wired=1; compound=1; hidden=0; nouse=0; global=0; static=0; extern=0; dir=0; type=4; pingpong=0; private_global=0; IO mode=m_axi:ce=0
Port [ sext_ln85]:  wired=1; compound=0; hidden=0; nouse=0; global=0; static=0; extern=0; dir=0; type=0; pingpong=0; private_global=0; IO mode=ap_none:ce=0
Port [ local_img]:  wired=1; compound=1; hidden=0; nouse=0; global=1; static=1; extern=0; dir=1; type=1; pingpong=0; private_global=0; MemPort=[03]; IO mode=ap_memory:ce=0
Port [ local_img_1]:  wired=1; compound=1; hidden=0; nouse=0; global=1; static=1; extern=0; dir=1; type=1; pingpong=0; private_global=0; MemPort=[03]; IO mode=ap_memory:ce=0
Port [ local_img_2]:  wired=1; compound=1; hidden=0; nouse=0; global=1; static=1; extern=0; dir=1; type=1; pingpong=0; private_global=0; MemPort=[03]; IO mode=ap_memory:ce=0
---------------- STG Properties END ------------------

---------------- Datapath Model BEGIN ----------------

<LifeTime>
<method=bitvector/>
c                     (alloca           ) [ 0111]
j                     (alloca           ) [ 0111]
indvar_flatten        (alloca           ) [ 0110]
i                     (alloca           ) [ 0111]
indvar_flatten48      (alloca           ) [ 0100]
sext_ln85_read        (read             ) [ 0000]
sext_ln85_cast        (sext             ) [ 0110]
specinterface_ln0     (specinterface    ) [ 0000]
store_ln0             (store            ) [ 0000]
store_ln85            (store            ) [ 0000]
store_ln0             (store            ) [ 0000]
store_ln87            (store            ) [ 0000]
store_ln89            (store            ) [ 0000]
br_ln0                (br               ) [ 0000]
indvar_flatten48_load (load             ) [ 0000]
icmp_ln85             (icmp             ) [ 0110]
add_ln85_1            (add              ) [ 0000]
br_ln85               (br               ) [ 0000]
store_ln85            (store            ) [ 0000]
indvar_flatten_load   (load             ) [ 0000]
specbitsmap_ln0       (specbitsmap      ) [ 0000]
gmem_addr             (getelementptr    ) [ 0000]
icmp_ln87             (icmp             ) [ 0101]
gmem_addr_read        (read             ) [ 0000]
bitcast_ln92          (bitcast          ) [ 0101]
add_ln87_1            (add              ) [ 0000]
select_ln87_1         (select           ) [ 0000]
store_ln87            (store            ) [ 0000]
c_load                (load             ) [ 0000]
j_load                (load             ) [ 0000]
i_load                (load             ) [ 0000]
add_ln85              (add              ) [ 0000]
specloopname_ln0      (specloopname     ) [ 0000]
speclooptripcount_ln0 (speclooptripcount) [ 0000]
select_ln85           (select           ) [ 0000]
xor_ln85              (xor              ) [ 0000]
icmp_ln89             (icmp             ) [ 0000]
and_ln85              (and              ) [ 0000]
select_ln85_1         (select           ) [ 0000]
add_ln87              (add              ) [ 0000]
empty                 (or               ) [ 0000]
c_mid2                (select           ) [ 0101]
select_ln87           (select           ) [ 0000]
tmp                   (bitconcatenate   ) [ 0000]
p_shl                 (zext             ) [ 0000]
tmp_11                (bitconcatenate   ) [ 0000]
p_shl6                (zext             ) [ 0000]
empty_79              (add              ) [ 0000]
select_ln87_cast      (zext             ) [ 0000]
empty_80              (add              ) [ 0000]
p_cast                (zext             ) [ 0000]
local_img_addr        (getelementptr    ) [ 0000]
local_img_1_addr      (getelementptr    ) [ 0000]
local_img_2_addr      (getelementptr    ) [ 0000]
specpipeline_ln89     (specpipeline     ) [ 0000]
switch_ln92           (switch           ) [ 0000]
store_ln92            (store            ) [ 0000]
br_ln92               (br               ) [ 0000]
store_ln92            (store            ) [ 0000]
br_ln92               (br               ) [ 0000]
store_ln92            (store            ) [ 0000]
br_ln92               (br               ) [ 0000]
add_ln89              (add              ) [ 0000]
store_ln85            (store            ) [ 0000]
store_ln87            (store            ) [ 0000]
store_ln89            (store            ) [ 0000]
br_ln89               (br               ) [ 0000]
ret_ln0               (ret              ) [ 0000]
</LifeTime>

<model>

<comp_list>
<comp id="0" class="1000" name="gmem">
<pin_list>
<pin id="1" dir="1" index="0" bw="1" slack="0"/>
</pin_list>
<bind>
<StgValue><ssdm name="gmem"/><MemPortTyVec>0 </MemPortTyVec>
</StgValue>
</bind>
</comp>

<comp id="2" class="1000" name="sext_ln85">
<pin_list>
<pin id="3" dir="1" index="0" bw="1" slack="0"/>
</pin_list>
<bind>
<StgValue><ssdm name="sext_ln85"/></StgValue>
</bind>
</comp>

<comp id="4" class="1000" name="local_img">
<pin_list>
<pin id="5" dir="1" index="0" bw="1" slack="0"/>
</pin_list>
<bind>
<StgValue><ssdm name="local_img"/><MemPortTyVec>0 3 </MemPortTyVec>
</StgValue>
</bind>
</comp>

<comp id="6" class="1000" name="local_img_1">
<pin_list>
<pin id="7" dir="1" index="0" bw="1" slack="0"/>
</pin_list>
<bind>
<StgValue><ssdm name="local_img_1"/><MemPortTyVec>0 3 </MemPortTyVec>
</StgValue>
</bind>
</comp>

<comp id="8" class="1000" name="local_img_2">
<pin_list>
<pin id="9" dir="1" index="0" bw="1" slack="0"/>
</pin_list>
<bind>
<StgValue><ssdm name="local_img_2"/><MemPortTyVec>0 3 </MemPortTyVec>
</StgValue>
</bind>
</comp>

<comp id="10" class="1001" name="const_10">
<pin_list>
<pin id="11" dir="1" index="0" bw="1" slack="0"/>
</pin_list>
<bind>
<StgValue><ssdm name=""/></StgValue>
</bind>
</comp>

<comp id="12" class="1001" name="const_12">
<pin_list>
<pin id="13" dir="1" index="0" bw="1" slack="0"/>
</pin_list>
<bind>
<StgValue><ssdm name="_ssdm_op_Read.ap_auto.i62"/></StgValue>
</bind>
</comp>

<comp id="14" class="1001" name="const_14">
<pin_list>
<pin id="15" dir="1" index="0" bw="1" slack="2147483647"/>
</pin_list>
<bind>
<StgValue><ssdm name="_ssdm_op_SpecInterface"/></StgValue>
</bind>
</comp>

<comp id="16" class="1001" name="const_16">
<pin_list>
<pin id="17" dir="1" index="0" bw="1" slack="2147483647"/>
</pin_list>
<bind>
<StgValue><ssdm name="empty_24"/></StgValue>
</bind>
</comp>

<comp id="18" class="1001" name="const_18">
<pin_list>
<pin id="19" dir="1" index="0" bw="1" slack="2147483647"/>
</pin_list>
<bind>
<StgValue><ssdm name=""/></StgValue>
</bind>
</comp>

<comp id="20" class="1001" name="const_20">
<pin_list>
<pin id="21" dir="1" index="0" bw="1" slack="2147483647"/>
</pin_list>
<bind>
<StgValue><ssdm name="empty_23"/></StgValue>
</bind>
</comp>

<comp id="22" class="1001" name="const_22">
<pin_list>
<pin id="23" dir="1" index="0" bw="1" slack="2147483647"/>
</pin_list>
<bind>
<StgValue><ssdm name="empty_22"/></StgValue>
</bind>
</comp>

<comp id="24" class="1001" name="const_24">
<pin_list>
<pin id="25" dir="1" index="0" bw="1" slack="2147483647"/>
</pin_list>
<bind>
<StgValue><ssdm name="empty_21"/></StgValue>
</bind>
</comp>

<comp id="26" class="1001" name="const_26">
<pin_list>
<pin id="27" dir="1" index="0" bw="1" slack="2147483647"/>
</pin_list>
<bind>
<StgValue><ssdm name=""/></StgValue>
</bind>
</comp>

<comp id="28" class="1001" name="const_28">
<pin_list>
<pin id="29" dir="1" index="0" bw="1" slack="2147483647"/>
</pin_list>
<bind>
<StgValue><ssdm name=""/></StgValue>
</bind>
</comp>

<comp id="30" class="1001" name="const_30">
<pin_list>
<pin id="31" dir="1" index="0" bw="1" slack="0"/>
</pin_list>
<bind>
<StgValue><ssdm name=""/></StgValue>
</bind>
</comp>

<comp id="32" class="1001" name="const_32">
<pin_list>
<pin id="33" dir="1" index="0" bw="1" slack="0"/>
</pin_list>
<bind>
<StgValue><ssdm name=""/></StgValue>
</bind>
</comp>

<comp id="34" class="1001" name="const_34">
<pin_list>
<pin id="35" dir="1" index="0" bw="1" slack="0"/>
</pin_list>
<bind>
<StgValue><ssdm name=""/></StgValue>
</bind>
</comp>

<comp id="36" class="1001" name="const_36">
<pin_list>
<pin id="37" dir="1" index="0" bw="1" slack="0"/>
</pin_list>
<bind>
<StgValue><ssdm name=""/></StgValue>
</bind>
</comp>

<comp id="38" class="1001" name="const_38">
<pin_list>
<pin id="39" dir="1" index="0" bw="1" slack="0"/>
</pin_list>
<bind>
<StgValue><ssdm name=""/></StgValue>
</bind>
</comp>

<comp id="40" class="1001" name="const_40">
<pin_list>
<pin id="41" dir="1" index="0" bw="1" slack="0"/>
</pin_list>
<bind>
<StgValue><ssdm name=""/></StgValue>
</bind>
</comp>

<comp id="42" class="1001" name="const_42">
<pin_list>
<pin id="43" dir="1" index="0" bw="1" slack="0"/>
</pin_list>
<bind>
<StgValue><ssdm name=""/></StgValue>
</bind>
</comp>

<comp id="44" class="1001" name="const_44">
<pin_list>
<pin id="45" dir="1" index="0" bw="1" slack="2147483647"/>
</pin_list>
<bind>
<StgValue><ssdm name="_ssdm_op_SpecBitsMap"/></StgValue>
</bind>
</comp>

<comp id="46" class="1001" name="const_46">
<pin_list>
<pin id="47" dir="1" index="0" bw="1" slack="0"/>
</pin_list>
<bind>
<StgValue><ssdm name=""/></StgValue>
</bind>
</comp>

<comp id="48" class="1001" name="const_48">
<pin_list>
<pin id="49" dir="1" index="0" bw="1" slack="0"/>
</pin_list>
<bind>
<StgValue><ssdm name="_ssdm_op_Read.m_axi.p1i32"/></StgValue>
</bind>
</comp>

<comp id="50" class="1001" name="const_50">
<pin_list>
<pin id="51" dir="1" index="0" bw="1" slack="0"/>
</pin_list>
<bind>
<StgValue><ssdm name=""/></StgValue>
</bind>
</comp>

<comp id="52" class="1001" name="const_52">
<pin_list>
<pin id="53" dir="1" index="0" bw="1" slack="0"/>
</pin_list>
<bind>
<StgValue><ssdm name=""/></StgValue>
</bind>
</comp>

<comp id="54" class="1001" name="const_54">
<pin_list>
<pin id="55" dir="1" index="0" bw="1" slack="2147483647"/>
</pin_list>
<bind>
<StgValue><ssdm name="_ssdm_op_SpecLoopName"/></StgValue>
</bind>
</comp>

<comp id="56" class="1001" name="const_56">
<pin_list>
<pin id="57" dir="1" index="0" bw="1" slack="2147483647"/>
</pin_list>
<bind>
<StgValue><ssdm name="LOAD_IMG_ROWS_LOAD_IMG_COLS_LOAD_IMG_CH_str"/></StgValue>
</bind>
</comp>

<comp id="58" class="1001" name="const_58">
<pin_list>
<pin id="59" dir="1" index="0" bw="1" slack="2147483647"/>
</pin_list>
<bind>
<StgValue><ssdm name="_ssdm_op_SpecLoopTripCount"/></StgValue>
</bind>
</comp>

<comp id="60" class="1001" name="const_60">
<pin_list>
<pin id="61" dir="1" index="0" bw="1" slack="2147483647"/>
</pin_list>
<bind>
<StgValue><ssdm name=""/></StgValue>
</bind>
</comp>

<comp id="62" class="1001" name="const_62">
<pin_list>
<pin id="63" dir="1" index="0" bw="1" slack="0"/>
</pin_list>
<bind>
<StgValue><ssdm name=""/></StgValue>
</bind>
</comp>

<comp id="64" class="1001" name="const_64">
<pin_list>
<pin id="65" dir="1" index="0" bw="1" slack="0"/>
</pin_list>
<bind>
<StgValue><ssdm name=""/></StgValue>
</bind>
</comp>

<comp id="66" class="1001" name="const_66">
<pin_list>
<pin id="67" dir="1" index="0" bw="1" slack="0"/>
</pin_list>
<bind>
<StgValue><ssdm name=""/></StgValue>
</bind>
</comp>

<comp id="68" class="1001" name="const_68">
<pin_list>
<pin id="69" dir="1" index="0" bw="1" slack="0"/>
</pin_list>
<bind>
<StgValue><ssdm name="_ssdm_op_BitConcatenate.i16.i8.i8"/></StgValue>
</bind>
</comp>

<comp id="70" class="1001" name="const_70">
<pin_list>
<pin id="71" dir="1" index="0" bw="1" slack="0"/>
</pin_list>
<bind>
<StgValue><ssdm name="_ssdm_op_BitConcatenate.i14.i8.i6"/></StgValue>
</bind>
</comp>

<comp id="72" class="1001" name="const_72">
<pin_list>
<pin id="73" dir="1" index="0" bw="1" slack="0"/>
</pin_list>
<bind>
<StgValue><ssdm name=""/></StgValue>
</bind>
</comp>

<comp id="74" class="1001" name="const_74">
<pin_list>
<pin id="75" dir="1" index="0" bw="1" slack="0"/>
</pin_list>
<bind>
<StgValue><ssdm name=""/></StgValue>
</bind>
</comp>

<comp id="76" class="1001" name="const_76">
<pin_list>
<pin id="77" dir="1" index="0" bw="1" slack="2147483647"/>
</pin_list>
<bind>
<StgValue><ssdm name="_ssdm_op_SpecPipeline"/></StgValue>
</bind>
</comp>

<comp id="78" class="1001" name="const_78">
<pin_list>
<pin id="79" dir="1" index="0" bw="1" slack="0"/>
</pin_list>
<bind>
<StgValue><ssdm name=""/></StgValue>
</bind>
</comp>

<comp id="80" class="1004" name="c_fu_80">
<pin_list>
<pin id="81" dir="0" index="0" bw="1" slack="0"/>
<pin id="82" dir="1" index="1" bw="2" slack="0"/>
</pin_list>
<bind>
<opcode="alloca(26) " fcode="alloca"/>
<opset="c/1 "/>
</bind>
</comp>

<comp id="84" class="1004" name="j_fu_84">
<pin_list>
<pin id="85" dir="0" index="0" bw="1" slack="0"/>
<pin id="86" dir="1" index="1" bw="9" slack="0"/>
</pin_list>
<bind>
<opcode="alloca(26) " fcode="alloca"/>
<opset="j/1 "/>
</bind>
</comp>

<comp id="88" class="1004" name="indvar_flatten_fu_88">
<pin_list>
<pin id="89" dir="0" index="0" bw="1" slack="0"/>
<pin id="90" dir="1" index="1" bw="11" slack="0"/>
</pin_list>
<bind>
<opcode="alloca(26) " fcode="alloca"/>
<opset="indvar_flatten/1 "/>
</bind>
</comp>

<comp id="92" class="1004" name="i_fu_92">
<pin_list>
<pin id="93" dir="0" index="0" bw="1" slack="0"/>
<pin id="94" dir="1" index="1" bw="8" slack="0"/>
</pin_list>
<bind>
<opcode="alloca(26) " fcode="alloca"/>
<opset="i/1 "/>
</bind>
</comp>

<comp id="96" class="1004" name="indvar_flatten48_fu_96">
<pin_list>
<pin id="97" dir="0" index="0" bw="1" slack="0"/>
<pin id="98" dir="1" index="1" bw="18" slack="0"/>
</pin_list>
<bind>
<opcode="alloca(26) " fcode="alloca"/>
<opset="indvar_flatten48/1 "/>
</bind>
</comp>

<comp id="100" class="1004" name="sext_ln85_read_read_fu_100">
<pin_list>
<pin id="101" dir="0" index="0" bw="62" slack="0"/>
<pin id="102" dir="0" index="1" bw="62" slack="0"/>
<pin id="103" dir="1" index="2" bw="62" slack="0"/>
</pin_list>
<bind>
<opcode="read(1150) " fcode="read"/>
<opset="sext_ln85_read/1 "/>
</bind>
</comp>

<comp id="106" class="1004" name="local_img_addr_gep_fu_106">
<pin_list>
<pin id="107" dir="0" index="0" bw="32" slack="0"/>
<pin id="108" dir="0" index="1" bw="1" slack="0"/>
<pin id="109" dir="0" index="2" bw="17" slack="0"/>
<pin id="110" dir="1" index="3" bw="17" slack="0"/>
</pin_list>
<bind>
<opcode="getelementptr(29) " fcode="getelementptr"/>
<opset="local_img_addr/3 "/>
</bind>
</comp>

<comp id="113" class="1004" name="local_img_1_addr_gep_fu_113">
<pin_list>
<pin id="114" dir="0" index="0" bw="32" slack="0"/>
<pin id="115" dir="0" index="1" bw="1" slack="0"/>
<pin id="116" dir="0" index="2" bw="17" slack="0"/>
<pin id="117" dir="1" index="3" bw="17" slack="0"/>
</pin_list>
<bind>
<opcode="getelementptr(29) " fcode="getelementptr"/>
<opset="local_img_1_addr/3 "/>
</bind>
</comp>

<comp id="120" class="1004" name="local_img_2_addr_gep_fu_120">
<pin_list>
<pin id="121" dir="0" index="0" bw="32" slack="0"/>
<pin id="122" dir="0" index="1" bw="1" slack="0"/>
<pin id="123" dir="0" index="2" bw="17" slack="0"/>
<pin id="124" dir="1" index="3" bw="17" slack="0"/>
</pin_list>
<bind>
<opcode="getelementptr(29) " fcode="getelementptr"/>
<opset="local_img_2_addr/3 "/>
</bind>
</comp>

<comp id="127" class="1004" name="store_ln92_access_fu_127">
<pin_list>
<pin id="128" dir="0" index="0" bw="17" slack="0"/>
<pin id="129" dir="0" index="1" bw="32" slack="1"/>
<pin id="130" dir="0" index="2" bw="0" slack="2147483647"/>
<pin id="131" dir="1" index="3" bw="32" slack="2147483647"/>
</pin_list>
<bind>
<opcode="store(28) " fcode="store"/>
<opset="store_ln92/3 "/>
</bind>
</comp>

<comp id="133" class="1004" name="store_ln92_access_fu_133">
<pin_list>
<pin id="134" dir="0" index="0" bw="17" slack="0"/>
<pin id="135" dir="0" index="1" bw="32" slack="1"/>
<pin id="136" dir="0" index="2" bw="0" slack="2147483647"/>
<pin id="137" dir="1" index="3" bw="32" slack="2147483647"/>
</pin_list>
<bind>
<opcode="store(28) " fcode="store"/>
<opset="store_ln92/3 "/>
</bind>
</comp>

<comp id="139" class="1004" name="store_ln92_access_fu_139">
<pin_list>
<pin id="140" dir="0" index="0" bw="17" slack="0"/>
<pin id="141" dir="0" index="1" bw="32" slack="1"/>
<pin id="142" dir="0" index="2" bw="0" slack="2147483647"/>
<pin id="143" dir="1" index="3" bw="32" slack="2147483647"/>
</pin_list>
<bind>
<opcode="store(28) " fcode="store"/>
<opset="store_ln92/3 "/>
</bind>
</comp>

<comp id="145" class="1004" name="gmem_addr_read_read_fu_145">
<pin_list>
<pin id="146" dir="0" index="0" bw="32" slack="0"/>
<pin id="147" dir="0" index="1" bw="32" slack="0"/>
<pin id="148" dir="1" index="2" bw="32" slack="0"/>
</pin_list>
<bind>
<opcode="read(1150) " fcode="read"/>
<opset="gmem_addr_read/2 "/>
</bind>
</comp>

<comp id="150" class="1004" name="sext_ln85_cast_fu_150">
<pin_list>
<pin id="151" dir="0" index="0" bw="62" slack="0"/>
<pin id="152" dir="1" index="1" bw="64" slack="1"/>
</pin_list>
<bind>
<opcode="sext(35) " fcode="sext"/>
<opset="sext_ln85_cast/1 "/>
</bind>
</comp>

<comp id="154" class="1004" name="store_ln0_store_fu_154">
<pin_list>
<pin id="155" dir="0" index="0" bw="1" slack="0"/>
<pin id="156" dir="0" index="1" bw="18" slack="0"/>
<pin id="157" dir="1" index="2" bw="0" slack="2147483647"/>
</pin_list>
<bind>
<opcode="store(28) " fcode="store"/>
<opset="store_ln0/1 "/>
</bind>
</comp>

<comp id="159" class="1004" name="store_ln85_store_fu_159">
<pin_list>
<pin id="160" dir="0" index="0" bw="1" slack="0"/>
<pin id="161" dir="0" index="1" bw="8" slack="0"/>
<pin id="162" dir="1" index="2" bw="0" slack="2147483647"/>
</pin_list>
<bind>
<opcode="store(28) " fcode="store"/>
<opset="store_ln85/1 "/>
</bind>
</comp>

<comp id="164" class="1004" name="store_ln0_store_fu_164">
<pin_list>
<pin id="165" dir="0" index="0" bw="1" slack="0"/>
<pin id="166" dir="0" index="1" bw="11" slack="0"/>
<pin id="167" dir="1" index="2" bw="0" slack="2147483647"/>
</pin_list>
<bind>
<opcode="store(28) " fcode="store"/>
<opset="store_ln0/1 "/>
</bind>
</comp>

<comp id="169" class="1004" name="store_ln87_store_fu_169">
<pin_list>
<pin id="170" dir="0" index="0" bw="1" slack="0"/>
<pin id="171" dir="0" index="1" bw="9" slack="0"/>
<pin id="172" dir="1" index="2" bw="0" slack="2147483647"/>
</pin_list>
<bind>
<opcode="store(28) " fcode="store"/>
<opset="store_ln87/1 "/>
</bind>
</comp>

<comp id="174" class="1004" name="store_ln89_store_fu_174">
<pin_list>
<pin id="175" dir="0" index="0" bw="1" slack="0"/>
<pin id="176" dir="0" index="1" bw="2" slack="0"/>
<pin id="177" dir="1" index="2" bw="0" slack="2147483647"/>
</pin_list>
<bind>
<opcode="store(28) " fcode="store"/>
<opset="store_ln89/1 "/>
</bind>
</comp>

<comp id="179" class="1004" name="indvar_flatten48_load_load_fu_179">
<pin_list>
<pin id="180" dir="0" index="0" bw="18" slack="0"/>
<pin id="181" dir="1" index="1" bw="18" slack="0"/>
</pin_list>
<bind>
<opcode="load(27) " fcode="load"/>
<opset="indvar_flatten48_load/1 "/>
</bind>
</comp>

<comp id="182" class="1004" name="icmp_ln85_fu_182">
<pin_list>
<pin id="183" dir="0" index="0" bw="18" slack="0"/>
<pin id="184" dir="0" index="1" bw="16" slack="0"/>
<pin id="185" dir="1" index="2" bw="1" slack="1"/>
</pin_list>
<bind>
<opcode="icmp(45) " fcode="icmp"/>
<opset="icmp_ln85/1 "/>
</bind>
</comp>

<comp id="188" class="1004" name="add_ln85_1_fu_188">
<pin_list>
<pin id="189" dir="0" index="0" bw="18" slack="0"/>
<pin id="190" dir="0" index="1" bw="1" slack="0"/>
<pin id="191" dir="1" index="2" bw="18" slack="0"/>
</pin_list>
<bind>
<opcode="add(8) " fcode="add"/>
<opset="add_ln85_1/1 "/>
</bind>
</comp>

<comp id="194" class="1004" name="store_ln85_store_fu_194">
<pin_list>
<pin id="195" dir="0" index="0" bw="18" slack="0"/>
<pin id="196" dir="0" index="1" bw="18" slack="0"/>
<pin id="197" dir="1" index="2" bw="0" slack="2147483647"/>
</pin_list>
<bind>
<opcode="store(28) " fcode="store"/>
<opset="store_ln85/1 "/>
</bind>
</comp>

<comp id="199" class="1004" name="indvar_flatten_load_load_fu_199">
<pin_list>
<pin id="200" dir="0" index="0" bw="11" slack="1"/>
<pin id="201" dir="1" index="1" bw="11" slack="0"/>
</pin_list>
<bind>
<opcode="load(27) " fcode="load"/>
<opset="indvar_flatten_load/2 "/>
</bind>
</comp>

<comp id="202" class="1004" name="gmem_addr_fu_202">
<pin_list>
<pin id="203" dir="0" index="0" bw="32" slack="0"/>
<pin id="204" dir="0" index="1" bw="62" slack="1"/>
<pin id="205" dir="1" index="2" bw="32" slack="0"/>
</pin_list>
<bind>
<opcode="getelementptr(29) " fcode="getelementptr"/>
<opset="gmem_addr/2 "/>
</bind>
</comp>

<comp id="208" class="1004" name="icmp_ln87_fu_208">
<pin_list>
<pin id="209" dir="0" index="0" bw="11" slack="0"/>
<pin id="210" dir="0" index="1" bw="11" slack="0"/>
<pin id="211" dir="1" index="2" bw="1" slack="0"/>
</pin_list>
<bind>
<opcode="icmp(45) " fcode="icmp"/>
<opset="icmp_ln87/2 "/>
</bind>
</comp>

<comp id="214" class="1004" name="bitcast_ln92_fu_214">
<pin_list>
<pin id="215" dir="0" index="0" bw="32" slack="0"/>
<pin id="216" dir="1" index="1" bw="32" slack="1"/>
</pin_list>
<bind>
<opcode="bitcast(44) " fcode="bitcast"/>
<opset="bitcast_ln92/2 "/>
</bind>
</comp>

<comp id="218" class="1004" name="add_ln87_1_fu_218">
<pin_list>
<pin id="219" dir="0" index="0" bw="11" slack="0"/>
<pin id="220" dir="0" index="1" bw="1" slack="0"/>
<pin id="221" dir="1" index="2" bw="11" slack="0"/>
</pin_list>
<bind>
<opcode="add(8) " fcode="add"/>
<opset="add_ln87_1/2 "/>
</bind>
</comp>

<comp id="224" class="1004" name="select_ln87_1_fu_224">
<pin_list>
<pin id="225" dir="0" index="0" bw="1" slack="0"/>
<pin id="226" dir="0" index="1" bw="1" slack="0"/>
<pin id="227" dir="0" index="2" bw="11" slack="0"/>
<pin id="228" dir="1" index="3" bw="11" slack="0"/>
</pin_list>
<bind>
<opcode="select(49) " fcode="select"/>
<opset="select_ln87_1/2 "/>
</bind>
</comp>

<comp id="232" class="1004" name="store_ln87_store_fu_232">
<pin_list>
<pin id="233" dir="0" index="0" bw="11" slack="0"/>
<pin id="234" dir="0" index="1" bw="11" slack="1"/>
<pin id="235" dir="1" index="2" bw="0" slack="2147483647"/>
</pin_list>
<bind>
<opcode="store(28) " fcode="store"/>
<opset="store_ln87/2 "/>
</bind>
</comp>

<comp id="237" class="1004" name="c_load_load_fu_237">
<pin_list>
<pin id="238" dir="0" index="0" bw="2" slack="2"/>
<pin id="239" dir="1" index="1" bw="2" slack="0"/>
</pin_list>
<bind>
<opcode="load(27) " fcode="load"/>
<opset="c_load/3 "/>
</bind>
</comp>

<comp id="240" class="1004" name="j_load_load_fu_240">
<pin_list>
<pin id="241" dir="0" index="0" bw="9" slack="2"/>
<pin id="242" dir="1" index="1" bw="9" slack="0"/>
</pin_list>
<bind>
<opcode="load(27) " fcode="load"/>
<opset="j_load/3 "/>
</bind>
</comp>

<comp id="243" class="1004" name="i_load_load_fu_243">
<pin_list>
<pin id="244" dir="0" index="0" bw="8" slack="2"/>
<pin id="245" dir="1" index="1" bw="8" slack="0"/>
</pin_list>
<bind>
<opcode="load(27) " fcode="load"/>
<opset="i_load/3 "/>
</bind>
</comp>

<comp id="246" class="1004" name="add_ln85_fu_246">
<pin_list>
<pin id="247" dir="0" index="0" bw="8" slack="0"/>
<pin id="248" dir="0" index="1" bw="1" slack="0"/>
<pin id="249" dir="1" index="2" bw="8" slack="0"/>
</pin_list>
<bind>
<opcode="add(8) " fcode="add"/>
<opset="add_ln85/3 "/>
</bind>
</comp>

<comp id="252" class="1004" name="select_ln85_fu_252">
<pin_list>
<pin id="253" dir="0" index="0" bw="1" slack="1"/>
<pin id="254" dir="0" index="1" bw="1" slack="0"/>
<pin id="255" dir="0" index="2" bw="9" slack="0"/>
<pin id="256" dir="1" index="3" bw="9" slack="0"/>
</pin_list>
<bind>
<opcode="select(49) " fcode="select"/>
<opset="select_ln85/3 "/>
</bind>
</comp>

<comp id="259" class="1004" name="xor_ln85_fu_259">
<pin_list>
<pin id="260" dir="0" index="0" bw="1" slack="1"/>
<pin id="261" dir="0" index="1" bw="1" slack="0"/>
<pin id="262" dir="1" index="2" bw="1" slack="0"/>
</pin_list>
<bind>
<opcode="xor(25) " fcode="xor"/>
<opset="xor_ln85/3 "/>
</bind>
</comp>

<comp id="264" class="1004" name="icmp_ln89_fu_264">
<pin_list>
<pin id="265" dir="0" index="0" bw="2" slack="0"/>
<pin id="266" dir="0" index="1" bw="1" slack="0"/>
<pin id="267" dir="1" index="2" bw="1" slack="0"/>
</pin_list>
<bind>
<opcode="icmp(45) " fcode="icmp"/>
<opset="icmp_ln89/3 "/>
</bind>
</comp>

<comp id="270" class="1004" name="and_ln85_fu_270">
<pin_list>
<pin id="271" dir="0" index="0" bw="1" slack="0"/>
<pin id="272" dir="0" index="1" bw="1" slack="0"/>
<pin id="273" dir="1" index="2" bw="1" slack="0"/>
</pin_list>
<bind>
<opcode="and(23) " fcode="and"/>
<opset="and_ln85/3 "/>
</bind>
</comp>

<comp id="276" class="1004" name="select_ln85_1_fu_276">
<pin_list>
<pin id="277" dir="0" index="0" bw="1" slack="1"/>
<pin id="278" dir="0" index="1" bw="8" slack="0"/>
<pin id="279" dir="0" index="2" bw="8" slack="0"/>
<pin id="280" dir="1" index="3" bw="8" slack="0"/>
</pin_list>
<bind>
<opcode="select(49) " fcode="select"/>
<opset="select_ln85_1/3 "/>
</bind>
</comp>

<comp id="283" class="1004" name="add_ln87_fu_283">
<pin_list>
<pin id="284" dir="0" index="0" bw="9" slack="0"/>
<pin id="285" dir="0" index="1" bw="1" slack="0"/>
<pin id="286" dir="1" index="2" bw="9" slack="0"/>
</pin_list>
<bind>
<opcode="add(8) " fcode="add"/>
<opset="add_ln87/3 "/>
</bind>
</comp>

<comp id="289" class="1004" name="empty_fu_289">
<pin_list>
<pin id="290" dir="0" index="0" bw="1" slack="0"/>
<pin id="291" dir="0" index="1" bw="1" slack="1"/>
<pin id="292" dir="1" index="2" bw="1" slack="0"/>
</pin_list>
<bind>
<opcode="or(24) " fcode="or"/>
<opset="empty/3 "/>
</bind>
</comp>

<comp id="294" class="1004" name="c_mid2_fu_294">
<pin_list>
<pin id="295" dir="0" index="0" bw="1" slack="0"/>
<pin id="296" dir="0" index="1" bw="1" slack="0"/>
<pin id="297" dir="0" index="2" bw="2" slack="0"/>
<pin id="298" dir="1" index="3" bw="2" slack="0"/>
</pin_list>
<bind>
<opcode="select(49) " fcode="select"/>
<opset="c_mid2/3 "/>
</bind>
</comp>

<comp id="302" class="1004" name="select_ln87_fu_302">
<pin_list>
<pin id="303" dir="0" index="0" bw="1" slack="0"/>
<pin id="304" dir="0" index="1" bw="9" slack="0"/>
<pin id="305" dir="0" index="2" bw="9" slack="0"/>
<pin id="306" dir="1" index="3" bw="9" slack="0"/>
</pin_list>
<bind>
<opcode="select(49) " fcode="select"/>
<opset="select_ln87/3 "/>
</bind>
</comp>

<comp id="310" class="1004" name="tmp_fu_310">
<pin_list>
<pin id="311" dir="0" index="0" bw="16" slack="0"/>
<pin id="312" dir="0" index="1" bw="8" slack="0"/>
<pin id="313" dir="0" index="2" bw="1" slack="0"/>
<pin id="314" dir="1" index="3" bw="16" slack="0"/>
</pin_list>
<bind>
<opcode="bitconcatenate(1004) " fcode="bitconcatenate"/>
<opset="tmp/3 "/>
</bind>
</comp>

<comp id="318" class="1004" name="p_shl_fu_318">
<pin_list>
<pin id="319" dir="0" index="0" bw="16" slack="0"/>
<pin id="320" dir="1" index="1" bw="17" slack="0"/>
</pin_list>
<bind>
<opcode="zext(34) " fcode="zext"/>
<opset="p_shl/3 "/>
</bind>
</comp>

<comp id="322" class="1004" name="tmp_11_fu_322">
<pin_list>
<pin id="323" dir="0" index="0" bw="14" slack="0"/>
<pin id="324" dir="0" index="1" bw="8" slack="0"/>
<pin id="325" dir="0" index="2" bw="1" slack="0"/>
<pin id="326" dir="1" index="3" bw="14" slack="0"/>
</pin_list>
<bind>
<opcode="bitconcatenate(1004) " fcode="bitconcatenate"/>
<opset="tmp_11/3 "/>
</bind>
</comp>

<comp id="330" class="1004" name="p_shl6_fu_330">
<pin_list>
<pin id="331" dir="0" index="0" bw="14" slack="0"/>
<pin id="332" dir="1" index="1" bw="17" slack="0"/>
</pin_list>
<bind>
<opcode="zext(34) " fcode="zext"/>
<opset="p_shl6/3 "/>
</bind>
</comp>

<comp id="334" class="1004" name="empty_79_fu_334">
<pin_list>
<pin id="335" dir="0" index="0" bw="16" slack="0"/>
<pin id="336" dir="0" index="1" bw="14" slack="0"/>
<pin id="337" dir="1" index="2" bw="17" slack="0"/>
</pin_list>
<bind>
<opcode="add(8) " fcode="add"/>
<opset="empty_79/3 "/>
</bind>
</comp>

<comp id="340" class="1004" name="select_ln87_cast_fu_340">
<pin_list>
<pin id="341" dir="0" index="0" bw="9" slack="0"/>
<pin id="342" dir="1" index="1" bw="17" slack="0"/>
</pin_list>
<bind>
<opcode="zext(34) " fcode="zext"/>
<opset="select_ln87_cast/3 "/>
</bind>
</comp>

<comp id="344" class="1004" name="empty_80_fu_344">
<pin_list>
<pin id="345" dir="0" index="0" bw="17" slack="0"/>
<pin id="346" dir="0" index="1" bw="9" slack="0"/>
<pin id="347" dir="1" index="2" bw="17" slack="0"/>
</pin_list>
<bind>
<opcode="add(8) " fcode="add"/>
<opset="empty_80/3 "/>
</bind>
</comp>

<comp id="350" class="1004" name="p_cast_fu_350">
<pin_list>
<pin id="351" dir="0" index="0" bw="17" slack="0"/>
<pin id="352" dir="1" index="1" bw="64" slack="0"/>
</pin_list>
<bind>
<opcode="zext(34) " fcode="zext"/>
<opset="p_cast/3 "/>
</bind>
</comp>

<comp id="357" class="1004" name="switch_ln92_fu_357">
<pin_list>
<pin id="358" dir="0" index="0" bw="2" slack="0"/>
<pin id="359" dir="0" index="1" bw="1" slack="0"/>
<pin id="360" dir="0" index="2" bw="1" slack="0"/>
<pin id="361" dir="1" index="3" bw="0" slack="2147483647"/>
</pin_list>
<bind>
<opcode="switch(3) " fcode="switch"/>
<opset="switch_ln92/3 "/>
</bind>
</comp>

<comp id="365" class="1004" name="add_ln89_fu_365">
<pin_list>
<pin id="366" dir="0" index="0" bw="2" slack="0"/>
<pin id="367" dir="0" index="1" bw="1" slack="0"/>
<pin id="368" dir="1" index="2" bw="2" slack="0"/>
</pin_list>
<bind>
<opcode="add(8) " fcode="add"/>
<opset="add_ln89/3 "/>
</bind>
</comp>

<comp id="371" class="1004" name="store_ln85_store_fu_371">
<pin_list>
<pin id="372" dir="0" index="0" bw="8" slack="0"/>
<pin id="373" dir="0" index="1" bw="8" slack="2"/>
<pin id="374" dir="1" index="2" bw="0" slack="2147483647"/>
</pin_list>
<bind>
<opcode="store(28) " fcode="store"/>
<opset="store_ln85/3 "/>
</bind>
</comp>

<comp id="376" class="1004" name="store_ln87_store_fu_376">
<pin_list>
<pin id="377" dir="0" index="0" bw="9" slack="0"/>
<pin id="378" dir="0" index="1" bw="9" slack="2"/>
<pin id="379" dir="1" index="2" bw="0" slack="2147483647"/>
</pin_list>
<bind>
<opcode="store(28) " fcode="store"/>
<opset="store_ln87/3 "/>
</bind>
</comp>

<comp id="381" class="1004" name="store_ln89_store_fu_381">
<pin_list>
<pin id="382" dir="0" index="0" bw="2" slack="0"/>
<pin id="383" dir="0" index="1" bw="2" slack="2"/>
<pin id="384" dir="1" index="2" bw="0" slack="2147483647"/>
</pin_list>
<bind>
<opcode="store(28) " fcode="store"/>
<opset="store_ln89/3 "/>
</bind>
</comp>

<comp id="386" class="1005" name="c_reg_386">
<pin_list>
<pin id="387" dir="0" index="0" bw="2" slack="0"/>
<pin id="388" dir="1" index="1" bw="2" slack="0"/>
</pin_list>
<bind>
<opset="c "/>
</bind>
</comp>

<comp id="393" class="1005" name="j_reg_393">
<pin_list>
<pin id="394" dir="0" index="0" bw="9" slack="0"/>
<pin id="395" dir="1" index="1" bw="9" slack="0"/>
</pin_list>
<bind>
<opset="j "/>
</bind>
</comp>

<comp id="400" class="1005" name="indvar_flatten_reg_400">
<pin_list>
<pin id="401" dir="0" index="0" bw="11" slack="0"/>
<pin id="402" dir="1" index="1" bw="11" slack="0"/>
</pin_list>
<bind>
<opset="indvar_flatten "/>
</bind>
</comp>

<comp id="407" class="1005" name="i_reg_407">
<pin_list>
<pin id="408" dir="0" index="0" bw="8" slack="0"/>
<pin id="409" dir="1" index="1" bw="8" slack="0"/>
</pin_list>
<bind>
<opset="i "/>
</bind>
</comp>

<comp id="414" class="1005" name="indvar_flatten48_reg_414">
<pin_list>
<pin id="415" dir="0" index="0" bw="18" slack="0"/>
<pin id="416" dir="1" index="1" bw="18" slack="0"/>
</pin_list>
<bind>
<opset="indvar_flatten48 "/>
</bind>
</comp>

<comp id="421" class="1005" name="sext_ln85_cast_reg_421">
<pin_list>
<pin id="422" dir="0" index="0" bw="64" slack="1"/>
<pin id="423" dir="1" index="1" bw="64" slack="1"/>
</pin_list>
<bind>
<opset="sext_ln85_cast "/>
</bind>
</comp>

<comp id="426" class="1005" name="icmp_ln85_reg_426">
<pin_list>
<pin id="427" dir="0" index="0" bw="1" slack="1"/>
<pin id="428" dir="1" index="1" bw="1" slack="2147483647"/>
</pin_list>
<bind>
<opset="icmp_ln85 "/>
</bind>
</comp>

<comp id="430" class="1005" name="icmp_ln87_reg_430">
<pin_list>
<pin id="431" dir="0" index="0" bw="1" slack="1"/>
<pin id="432" dir="1" index="1" bw="1" slack="1"/>
</pin_list>
<bind>
<opset="icmp_ln87 "/>
</bind>
</comp>

<comp id="438" class="1005" name="bitcast_ln92_reg_438">
<pin_list>
<pin id="439" dir="0" index="0" bw="32" slack="1"/>
<pin id="440" dir="1" index="1" bw="32" slack="1"/>
</pin_list>
<bind>
<opset="bitcast_ln92 "/>
</bind>
</comp>

</comp_list>

<net_list>
<net id="83"><net_src comp="10" pin="0"/><net_sink comp="80" pin=0"/></net>

<net id="87"><net_src comp="10" pin="0"/><net_sink comp="84" pin=0"/></net>

<net id="91"><net_src comp="10" pin="0"/><net_sink comp="88" pin=0"/></net>

<net id="95"><net_src comp="10" pin="0"/><net_sink comp="92" pin=0"/></net>

<net id="99"><net_src comp="10" pin="0"/><net_sink comp="96" pin=0"/></net>

<net id="104"><net_src comp="12" pin="0"/><net_sink comp="100" pin=0"/></net>

<net id="105"><net_src comp="2" pin="0"/><net_sink comp="100" pin=1"/></net>

<net id="111"><net_src comp="4" pin="0"/><net_sink comp="106" pin=0"/></net>

<net id="112"><net_src comp="74" pin="0"/><net_sink comp="106" pin=1"/></net>

<net id="118"><net_src comp="6" pin="0"/><net_sink comp="113" pin=0"/></net>

<net id="119"><net_src comp="74" pin="0"/><net_sink comp="113" pin=1"/></net>

<net id="125"><net_src comp="8" pin="0"/><net_sink comp="120" pin=0"/></net>

<net id="126"><net_src comp="74" pin="0"/><net_sink comp="120" pin=1"/></net>

<net id="132"><net_src comp="113" pin="3"/><net_sink comp="127" pin=0"/></net>

<net id="138"><net_src comp="106" pin="3"/><net_sink comp="133" pin=0"/></net>

<net id="144"><net_src comp="120" pin="3"/><net_sink comp="139" pin=0"/></net>

<net id="149"><net_src comp="48" pin="0"/><net_sink comp="145" pin=0"/></net>

<net id="153"><net_src comp="100" pin="2"/><net_sink comp="150" pin=0"/></net>

<net id="158"><net_src comp="30" pin="0"/><net_sink comp="154" pin=0"/></net>

<net id="163"><net_src comp="32" pin="0"/><net_sink comp="159" pin=0"/></net>

<net id="168"><net_src comp="34" pin="0"/><net_sink comp="164" pin=0"/></net>

<net id="173"><net_src comp="36" pin="0"/><net_sink comp="169" pin=0"/></net>

<net id="178"><net_src comp="38" pin="0"/><net_sink comp="174" pin=0"/></net>

<net id="186"><net_src comp="179" pin="1"/><net_sink comp="182" pin=0"/></net>

<net id="187"><net_src comp="40" pin="0"/><net_sink comp="182" pin=1"/></net>

<net id="192"><net_src comp="179" pin="1"/><net_sink comp="188" pin=0"/></net>

<net id="193"><net_src comp="42" pin="0"/><net_sink comp="188" pin=1"/></net>

<net id="198"><net_src comp="188" pin="2"/><net_sink comp="194" pin=0"/></net>

<net id="206"><net_src comp="0" pin="0"/><net_sink comp="202" pin=0"/></net>

<net id="207"><net_src comp="202" pin="2"/><net_sink comp="145" pin=1"/></net>

<net id="212"><net_src comp="199" pin="1"/><net_sink comp="208" pin=0"/></net>

<net id="213"><net_src comp="46" pin="0"/><net_sink comp="208" pin=1"/></net>

<net id="217"><net_src comp="145" pin="2"/><net_sink comp="214" pin=0"/></net>

<net id="222"><net_src comp="199" pin="1"/><net_sink comp="218" pin=0"/></net>

<net id="223"><net_src comp="50" pin="0"/><net_sink comp="218" pin=1"/></net>

<net id="229"><net_src comp="208" pin="2"/><net_sink comp="224" pin=0"/></net>

<net id="230"><net_src comp="50" pin="0"/><net_sink comp="224" pin=1"/></net>

<net id="231"><net_src comp="218" pin="2"/><net_sink comp="224" pin=2"/></net>

<net id="236"><net_src comp="224" pin="3"/><net_sink comp="232" pin=0"/></net>

<net id="250"><net_src comp="243" pin="1"/><net_sink comp="246" pin=0"/></net>

<net id="251"><net_src comp="52" pin="0"/><net_sink comp="246" pin=1"/></net>

<net id="257"><net_src comp="36" pin="0"/><net_sink comp="252" pin=1"/></net>

<net id="258"><net_src comp="240" pin="1"/><net_sink comp="252" pin=2"/></net>

<net id="263"><net_src comp="62" pin="0"/><net_sink comp="259" pin=1"/></net>

<net id="268"><net_src comp="237" pin="1"/><net_sink comp="264" pin=0"/></net>

<net id="269"><net_src comp="64" pin="0"/><net_sink comp="264" pin=1"/></net>

<net id="274"><net_src comp="264" pin="2"/><net_sink comp="270" pin=0"/></net>

<net id="275"><net_src comp="259" pin="2"/><net_sink comp="270" pin=1"/></net>

<net id="281"><net_src comp="246" pin="2"/><net_sink comp="276" pin=1"/></net>

<net id="282"><net_src comp="243" pin="1"/><net_sink comp="276" pin=2"/></net>

<net id="287"><net_src comp="252" pin="3"/><net_sink comp="283" pin=0"/></net>

<net id="288"><net_src comp="66" pin="0"/><net_sink comp="283" pin=1"/></net>

<net id="293"><net_src comp="270" pin="2"/><net_sink comp="289" pin=0"/></net>

<net id="299"><net_src comp="289" pin="2"/><net_sink comp="294" pin=0"/></net>

<net id="300"><net_src comp="38" pin="0"/><net_sink comp="294" pin=1"/></net>

<net id="301"><net_src comp="237" pin="1"/><net_sink comp="294" pin=2"/></net>

<net id="307"><net_src comp="270" pin="2"/><net_sink comp="302" pin=0"/></net>

<net id="308"><net_src comp="283" pin="2"/><net_sink comp="302" pin=1"/></net>

<net id="309"><net_src comp="252" pin="3"/><net_sink comp="302" pin=2"/></net>

<net id="315"><net_src comp="68" pin="0"/><net_sink comp="310" pin=0"/></net>

<net id="316"><net_src comp="276" pin="3"/><net_sink comp="310" pin=1"/></net>

<net id="317"><net_src comp="32" pin="0"/><net_sink comp="310" pin=2"/></net>

<net id="321"><net_src comp="310" pin="3"/><net_sink comp="318" pin=0"/></net>

<net id="327"><net_src comp="70" pin="0"/><net_sink comp="322" pin=0"/></net>

<net id="328"><net_src comp="276" pin="3"/><net_sink comp="322" pin=1"/></net>

<net id="329"><net_src comp="72" pin="0"/><net_sink comp="322" pin=2"/></net>

<net id="333"><net_src comp="322" pin="3"/><net_sink comp="330" pin=0"/></net>

<net id="338"><net_src comp="318" pin="1"/><net_sink comp="334" pin=0"/></net>

<net id="339"><net_src comp="330" pin="1"/><net_sink comp="334" pin=1"/></net>

<net id="343"><net_src comp="302" pin="3"/><net_sink comp="340" pin=0"/></net>

<net id="348"><net_src comp="334" pin="2"/><net_sink comp="344" pin=0"/></net>

<net id="349"><net_src comp="340" pin="1"/><net_sink comp="344" pin=1"/></net>

<net id="353"><net_src comp="344" pin="2"/><net_sink comp="350" pin=0"/></net>

<net id="354"><net_src comp="350" pin="1"/><net_sink comp="106" pin=2"/></net>

<net id="355"><net_src comp="350" pin="1"/><net_sink comp="113" pin=2"/></net>

<net id="356"><net_src comp="350" pin="1"/><net_sink comp="120" pin=2"/></net>

<net id="362"><net_src comp="294" pin="3"/><net_sink comp="357" pin=0"/></net>

<net id="363"><net_src comp="38" pin="0"/><net_sink comp="357" pin=1"/></net>

<net id="364"><net_src comp="78" pin="0"/><net_sink comp="357" pin=2"/></net>

<net id="369"><net_src comp="294" pin="3"/><net_sink comp="365" pin=0"/></net>

<net id="370"><net_src comp="78" pin="0"/><net_sink comp="365" pin=1"/></net>

<net id="375"><net_src comp="276" pin="3"/><net_sink comp="371" pin=0"/></net>

<net id="380"><net_src comp="302" pin="3"/><net_sink comp="376" pin=0"/></net>

<net id="385"><net_src comp="365" pin="2"/><net_sink comp="381" pin=0"/></net>

<net id="389"><net_src comp="80" pin="1"/><net_sink comp="386" pin=0"/></net>

<net id="390"><net_src comp="386" pin="1"/><net_sink comp="174" pin=1"/></net>

<net id="391"><net_src comp="386" pin="1"/><net_sink comp="237" pin=0"/></net>

<net id="392"><net_src comp="386" pin="1"/><net_sink comp="381" pin=1"/></net>

<net id="396"><net_src comp="84" pin="1"/><net_sink comp="393" pin=0"/></net>

<net id="397"><net_src comp="393" pin="1"/><net_sink comp="169" pin=1"/></net>

<net id="398"><net_src comp="393" pin="1"/><net_sink comp="240" pin=0"/></net>

<net id="399"><net_src comp="393" pin="1"/><net_sink comp="376" pin=1"/></net>

<net id="403"><net_src comp="88" pin="1"/><net_sink comp="400" pin=0"/></net>

<net id="404"><net_src comp="400" pin="1"/><net_sink comp="164" pin=1"/></net>

<net id="405"><net_src comp="400" pin="1"/><net_sink comp="199" pin=0"/></net>

<net id="406"><net_src comp="400" pin="1"/><net_sink comp="232" pin=1"/></net>

<net id="410"><net_src comp="92" pin="1"/><net_sink comp="407" pin=0"/></net>

<net id="411"><net_src comp="407" pin="1"/><net_sink comp="159" pin=1"/></net>

<net id="412"><net_src comp="407" pin="1"/><net_sink comp="243" pin=0"/></net>

<net id="413"><net_src comp="407" pin="1"/><net_sink comp="371" pin=1"/></net>

<net id="417"><net_src comp="96" pin="1"/><net_sink comp="414" pin=0"/></net>

<net id="418"><net_src comp="414" pin="1"/><net_sink comp="154" pin=1"/></net>

<net id="419"><net_src comp="414" pin="1"/><net_sink comp="179" pin=0"/></net>

<net id="420"><net_src comp="414" pin="1"/><net_sink comp="194" pin=1"/></net>

<net id="424"><net_src comp="150" pin="1"/><net_sink comp="421" pin=0"/></net>

<net id="425"><net_src comp="421" pin="1"/><net_sink comp="202" pin=1"/></net>

<net id="429"><net_src comp="182" pin="2"/><net_sink comp="426" pin=0"/></net>

<net id="433"><net_src comp="208" pin="2"/><net_sink comp="430" pin=0"/></net>

<net id="434"><net_src comp="430" pin="1"/><net_sink comp="252" pin=0"/></net>

<net id="435"><net_src comp="430" pin="1"/><net_sink comp="259" pin=0"/></net>

<net id="436"><net_src comp="430" pin="1"/><net_sink comp="276" pin=0"/></net>

<net id="437"><net_src comp="430" pin="1"/><net_sink comp="289" pin=1"/></net>

<net id="441"><net_src comp="214" pin="1"/><net_sink comp="438" pin=0"/></net>

<net id="442"><net_src comp="438" pin="1"/><net_sink comp="127" pin=1"/></net>

<net id="443"><net_src comp="438" pin="1"/><net_sink comp="133" pin=1"/></net>

<net id="444"><net_src comp="438" pin="1"/><net_sink comp="139" pin=1"/></net>

</net_list>

</model> 
---------------- Datapath Model END ------------------

* FSMD analyzer results:
  - Output states:
	Port: local_img | {3 }
	Port: local_img_1 | {3 }
	Port: local_img_2 | {3 }
 - Input state : 
	Port: cnn_accel_Pipeline_LOAD_IMG_ROWS_LOAD_IMG_COLS_LOAD_IMG_CH : gmem | {2 }
	Port: cnn_accel_Pipeline_LOAD_IMG_ROWS_LOAD_IMG_COLS_LOAD_IMG_CH : sext_ln85 | {1 }
  - Chain level:
	State 1
		store_ln0 : 1
		store_ln85 : 1
		store_ln0 : 1
		store_ln87 : 1
		store_ln89 : 1
		indvar_flatten48_load : 1
		icmp_ln85 : 2
		add_ln85_1 : 2
		br_ln85 : 3
		store_ln85 : 3
	State 2
		icmp_ln87 : 1
		gmem_addr_read : 1
		bitcast_ln92 : 1
		add_ln87_1 : 1
		select_ln87_1 : 2
		store_ln87 : 3
	State 3
		add_ln85 : 1
		select_ln85 : 1
		icmp_ln89 : 1
		and_ln85 : 2
		select_ln85_1 : 2
		add_ln87 : 2
		empty : 2
		c_mid2 : 2
		select_ln87 : 3
		tmp : 3
		p_shl : 4
		tmp_11 : 3
		p_shl6 : 4
		empty_79 : 5
		select_ln87_cast : 4
		empty_80 : 6
		p_cast : 7
		local_img_addr : 8
		local_img_1_addr : 8
		local_img_2_addr : 8
		switch_ln92 : 3
		store_ln92 : 9
		store_ln92 : 9
		store_ln92 : 9
		add_ln89 : 3
		store_ln85 : 3
		store_ln87 : 4
		store_ln89 : 4


============================================================
+ Verbose Summary: Datapath Resource usage 
============================================================

* Functional unit list:
|----------|----------------------------|---------|---------|
| Operation|       Functional Unit      |    FF   |   LUT   |
|----------|----------------------------|---------|---------|
|          |      add_ln85_1_fu_188     |    0    |    25   |
|          |      add_ln87_1_fu_218     |    0    |    18   |
|          |       add_ln85_fu_246      |    0    |    15   |
|    add   |       add_ln87_fu_283      |    0    |    16   |
|          |       empty_79_fu_334      |    0    |    16   |
|          |       empty_80_fu_344      |    0    |    17   |
|          |       add_ln89_fu_365      |    0    |    10   |
|----------|----------------------------|---------|---------|
|          |      icmp_ln85_fu_182      |    0    |    25   |
|   icmp   |      icmp_ln87_fu_208      |    0    |    18   |
|          |      icmp_ln89_fu_264      |    0    |    10   |
|----------|----------------------------|---------|---------|
|          |    select_ln87_1_fu_224    |    0    |    11   |
|          |     select_ln85_fu_252     |    0    |    9    |
|  select  |    select_ln85_1_fu_276    |    0    |    8    |
|          |        c_mid2_fu_294       |    0    |    2    |
|          |     select_ln87_fu_302     |    0    |    9    |
|----------|----------------------------|---------|---------|
|    xor   |       xor_ln85_fu_259      |    0    |    2    |
|----------|----------------------------|---------|---------|
|    and   |       and_ln85_fu_270      |    0    |    2    |
|----------|----------------------------|---------|---------|
|    or    |        empty_fu_289        |    0    |    2    |
|----------|----------------------------|---------|---------|
|   read   | sext_ln85_read_read_fu_100 |    0    |    0    |
|          | gmem_addr_read_read_fu_145 |    0    |    0    |
|----------|----------------------------|---------|---------|
|   sext   |    sext_ln85_cast_fu_150   |    0    |    0    |
|----------|----------------------------|---------|---------|
|bitconcatenate|         tmp_fu_310         |    0    |    0    |
|          |        tmp_11_fu_322       |    0    |    0    |
|----------|----------------------------|---------|---------|
|          |        p_shl_fu_318        |    0    |    0    |
|   zext   |        p_shl6_fu_330       |    0    |    0    |
|          |   select_ln87_cast_fu_340  |    0    |    0    |
|          |        p_cast_fu_350       |    0    |    0    |
|----------|----------------------------|---------|---------|
|  switch  |     switch_ln92_fu_357     |    0    |    0    |
|----------|----------------------------|---------|---------|
|   Total  |                            |    0    |   215   |
|----------|----------------------------|---------|---------|

Memories:
N/A

* Register list:
+------------------------+--------+
|                        |   FF   |
+------------------------+--------+
|  bitcast_ln92_reg_438  |   32   |
|        c_reg_386       |    2   |
|        i_reg_407       |    8   |
|    icmp_ln85_reg_426   |    1   |
|    icmp_ln87_reg_430   |    1   |
|indvar_flatten48_reg_414|   18   |
| indvar_flatten_reg_400 |   11   |
|        j_reg_393       |    9   |
| sext_ln85_cast_reg_421 |   64   |
+------------------------+--------+
|          Total         |   146  |
+------------------------+--------+

* Multiplexer (MUX) list: 
|--------|------|------|------|--------|
|  Comp  |  Pin | Size |  BW  | S x BW |
|--------|------|------|------|--------|
|  Total |      |      |      |    0   |
|--------|------|------|------|--------|



* Summary:
+-----------+--------+--------+
|           |   FF   |   LUT  |
+-----------+--------+--------+
|  Function |    0   |   215  |
|   Memory  |    -   |    -   |
|Multiplexer|    -   |    -   |
|  Register |   146  |    -   |
+-----------+--------+--------+
|   Total   |   146  |   215  |
+-----------+--------+--------+
