

================================================================
== Vitis HLS Report for 'cnn_accel_Pipeline_CONV2_KR_CONV2_KC_CONV2_CH'
================================================================
* Date:           Fri Jul  4 17:05:19 2025

* Version:        2025.1 (Build 6135595 on May 21 2025)
* Project:        cnn_accel
* Solution:       hls (Vivado IP Flow Target)
* Product family: artix7
* Target device:  xc7a100t-fgg484-2L


================================================================
== Performance Estimates
================================================================
+ Timing: 
    * Summary: 
    +--------+----------+-----------+------------+
    |  Clock |  Target  | Estimated | Uncertainty|
    +--------+----------+-----------+------------+
    |ap_clk  |  20.00 ns|  14.600 ns|     5.40 ns|
    +--------+----------+-----------+------------+

+ Latency: 
    * Summary: 
    +---------+---------+----------+----------+-----+-----+------------------------------------------------+
    |  Latency (cycles) |  Latency (absolute) |  Interval |                    Pipeline                    |
    |   min   |   max   |    min   |    max   | min | max |                      Type                      |
    +---------+---------+----------+----------+-----+-----+------------------------------------------------+
    |      302|      302|  6.040 us|  6.040 us|  292|  292|  loop auto-rewind stp (delay=0 clock cycles(s))|
    +---------+---------+----------+----------+-----+-----+------------------------------------------------+

    + Detail: 
        * Instance: 
        N/A

        * Loop: 
        +------------------------------+---------+---------+----------+-----------+-----------+------+----------+
        |                              |  Latency (cycles) | Iteration|  Initiation Interval  | Trip |          |
        |           Loop Name          |   min   |   max   |  Latency |  achieved |   target  | Count| Pipelined|
        +------------------------------+---------+---------+----------+-----------+-----------+------+----------+
        |- CONV2_KR_CONV2_KC_CONV2_CH  |      300|      300|        17|          4|          1|    72|       yes|
        +------------------------------+---------+---------+----------+-----------+-----------+------+----------+

============================================================
+ Verbose Summary: Synthesis Manager
============================================================
InlineROM: 1
ExposeGlobal: 0
============================================================
+ Verbose Summary: CDFG Model
============================================================
IsTopModel: 0
ResetActiveHigh: 1
IsCombinational: 0
IsDatapathOnly: 0
HasWiredReturn: 1
HasMFsm: 2
HasVarLatency: 1
IsPipeline: 0
IsRtlPipelined: 0
IsInstanceOverlapped: 0
IsDontTouch: 0
HasImplIP: 0
IsGatedGlobalClock: 0

+ Individual pipeline summary: 
  * Pipeline-0: initiation interval (II) = 4, depth = 17


============================================================
+ Verbose Summary: Schedule
============================================================
* Number of FSM states : 17
* Pipeline : 1
  Pipeline-0 : II = 4, D = 17, States = { 1 2 3 4 5 6 7 8 9 10 11 12 13 14 15 16 17 }
* Dataflow Pipeline: 0

* FSM state transitions: 
1 --> 2 
2 --> 3 
3 --> 4 
4 --> 5 
5 --> 6 
6 --> 7 
7 --> 8 
8 --> 9 
9 --> 10 
10 --> 11 
11 --> 12 
12 --> 13 
13 --> 14 
14 --> 15 
15 --> 16 
16 --> 17 
17 --> 

* FSM state operations: 

State 1 <SV = 0> <Delay = 1.32>
ST_1 : Operation 20 [1/1] (0.00ns)   --->   "%acc = alloca i32 1" [../hls_files/conv_pool.cpp:149]   --->   Operation 20 'alloca' 'acc' <Predicate = true> <Delay = 0.00>
ST_1 : Operation 21 [1/1] (0.00ns)   --->   "%c = alloca i32 1" [../hls_files/conv_pool.cpp:155]   --->   Operation 21 'alloca' 'c' <Predicate = true> <Delay = 0.00>
ST_1 : Operation 22 [1/1] (0.00ns)   --->   "%q = alloca i32 1" [../hls_files/conv_pool.cpp:153]   --->   Operation 22 'alloca' 'q' <Predicate = true> <Delay = 0.00>
ST_1 : Operation 23 [1/1] (0.00ns)   --->   "%indvar_flatten75 = alloca i32 1"   --->   Operation 23 'alloca' 'indvar_flatten75' <Predicate = true> <Delay = 0.00>
ST_1 : Operation 24 [1/1] (0.00ns)   --->   "%p = alloca i32 1" [../hls_files/conv_pool.cpp:151]   --->   Operation 24 'alloca' 'p' <Predicate = true> <Delay = 0.00>
ST_1 : Operation 25 [1/1] (0.00ns)   --->   "%indvar_flatten90 = alloca i32 1"   --->   Operation 25 'alloca' 'indvar_flatten90' <Predicate = true> <Delay = 0.00>
ST_1 : Operation 26 [1/1] (0.00ns)   --->   "%specinterface_ln0 = specinterface void @_ssdm_op_SpecInterface, i32 %gmem, void @empty_24, i32 0, i32 0, void @empty_23, i32 0, i32 0, void @empty_22, void @empty_21, void @empty_23, i32 16, i32 16, i32 16, i32 16, void @empty_23, void @empty_23, i32 4294967295, i32 0, i32 0"   --->   Operation 26 'specinterface' 'specinterface_ln0' <Predicate = true> <Delay = 0.00>
ST_1 : Operation 27 [1/1] (0.00ns)   --->   "%weights2_read = read i64 @_ssdm_op_Read.ap_auto.i64, i64 %weights2"   --->   Operation 27 'read' 'weights2_read' <Predicate = true> <Delay = 0.00>
ST_1 : Operation 28 [1/1] (0.00ns)   --->   "%tmp_42_read = read i7 @_ssdm_op_Read.ap_auto.i7, i7 %tmp_42"   --->   Operation 28 'read' 'tmp_42_read' <Predicate = true> <Delay = 0.00>
ST_1 : Operation 29 [1/1] (0.00ns)   --->   "%j_3_read = read i8 @_ssdm_op_Read.ap_auto.i8, i8 %j_3"   --->   Operation 29 'read' 'j_3_read' <Predicate = true> <Delay = 0.00>
ST_1 : Operation 30 [1/1] (0.00ns)   --->   "%i_3_read = read i7 @_ssdm_op_Read.ap_auto.i7, i7 %i_3"   --->   Operation 30 'read' 'i_3_read' <Predicate = true> <Delay = 0.00>
ST_1 : Operation 31 [1/1] (0.00ns)   --->   "%acc_28_read = read i32 @_ssdm_op_Read.ap_auto.float, i32 %acc_28"   --->   Operation 31 'read' 'acc_28_read' <Predicate = true> <Delay = 0.00>
ST_1 : Operation 32 [1/1] (1.32ns)   --->   "%store_ln0 = store i7 0, i7 %indvar_flatten90"   --->   Operation 32 'store' 'store_ln0' <Predicate = true> <Delay = 1.32>
ST_1 : Operation 33 [1/1] (1.32ns)   --->   "%store_ln151 = store i2 0, i2 %p" [../hls_files/conv_pool.cpp:151]   --->   Operation 33 'store' 'store_ln151' <Predicate = true> <Delay = 1.32>
ST_1 : Operation 34 [1/1] (1.32ns)   --->   "%store_ln0 = store i6 0, i6 %indvar_flatten75"   --->   Operation 34 'store' 'store_ln0' <Predicate = true> <Delay = 1.32>
ST_1 : Operation 35 [1/1] (1.32ns)   --->   "%store_ln153 = store i2 0, i2 %q" [../hls_files/conv_pool.cpp:153]   --->   Operation 35 'store' 'store_ln153' <Predicate = true> <Delay = 1.32>
ST_1 : Operation 36 [1/1] (1.32ns)   --->   "%store_ln155 = store i4 0, i4 %c" [../hls_files/conv_pool.cpp:155]   --->   Operation 36 'store' 'store_ln155' <Predicate = true> <Delay = 1.32>
ST_1 : Operation 37 [1/1] (1.32ns)   --->   "%store_ln149 = store i32 %acc_28_read, i32 %acc" [../hls_files/conv_pool.cpp:149]   --->   Operation 37 'store' 'store_ln149' <Predicate = true> <Delay = 1.32>
ST_1 : Operation 38 [1/1] (0.00ns)   --->   "%br_ln0 = br void %for.inc228"   --->   Operation 38 'br' 'br_ln0' <Predicate = true> <Delay = 0.00>

State 2 <SV = 1> <Delay = 14.0>
ST_2 : Operation 39 [1/1] (0.00ns)   --->   "%indvar_flatten90_load = load i7 %indvar_flatten90" [../hls_files/conv_pool.cpp:151]   --->   Operation 39 'load' 'indvar_flatten90_load' <Predicate = true> <Delay = 0.00>
ST_2 : Operation 40 [1/1] (0.00ns)   --->   "%specbitsmap_ln0 = specbitsmap void @_ssdm_op_SpecBitsMap, i32 %gmem"   --->   Operation 40 'specbitsmap' 'specbitsmap_ln0' <Predicate = true> <Delay = 0.00>
ST_2 : Operation 41 [1/1] (1.66ns)   --->   "%icmp_ln151 = icmp_eq  i7 %indvar_flatten90_load, i7 72" [../hls_files/conv_pool.cpp:151]   --->   Operation 41 'icmp' 'icmp_ln151' <Predicate = true> <Delay = 1.66> <CoreInst = "Cmp">   --->   Core 9 'Cmp' <Latency = 0> <II = 1> <Delay = 1.66> <FuncUnit> <Opcode : 'seteq' 'setne' 'setle' 'setge' 'setlt' 'setgt'> <InPorts = 2> <OutPorts = 1>
ST_2 : Operation 42 [1/1] (1.66ns)   --->   "%add_ln151_1 = add i7 %indvar_flatten90_load, i7 1" [../hls_files/conv_pool.cpp:151]   --->   Operation 42 'add' 'add_ln151_1' <Predicate = true> <Delay = 1.66> <CoreInst = "Adder">   --->   Core 1 'Adder' <Latency = 0> <II = 1> <Delay = 1.66> <FuncUnit> <Opcode : 'add' 'sub'> <InPorts = 2> <OutPorts = 1>
ST_2 : Operation 43 [1/1] (0.00ns)   --->   "%br_ln151 = br i1 %icmp_ln151, void %for.inc234, void %for.end236.exitStub" [../hls_files/conv_pool.cpp:151]   --->   Operation 43 'br' 'br_ln151' <Predicate = true> <Delay = 0.00>
ST_2 : Operation 44 [1/1] (0.00ns)   --->   "%c_load = load i4 %c" [../hls_files/conv_pool.cpp:155]   --->   Operation 44 'load' 'c_load' <Predicate = (!icmp_ln151)> <Delay = 0.00>
ST_2 : Operation 45 [1/1] (0.00ns)   --->   "%q_load = load i2 %q" [../hls_files/conv_pool.cpp:149]   --->   Operation 45 'load' 'q_load' <Predicate = (!icmp_ln151)> <Delay = 0.00>
ST_2 : Operation 46 [1/1] (0.00ns)   --->   "%indvar_flatten75_load = load i6 %indvar_flatten75" [../hls_files/conv_pool.cpp:153]   --->   Operation 46 'load' 'indvar_flatten75_load' <Predicate = (!icmp_ln151)> <Delay = 0.00>
ST_2 : Operation 47 [1/1] (0.00ns)   --->   "%p_load = load i2 %p" [../hls_files/conv_pool.cpp:151]   --->   Operation 47 'load' 'p_load' <Predicate = (!icmp_ln151)> <Delay = 0.00>
ST_2 : Operation 48 [1/1] (1.20ns)   --->   "%add_ln151 = add i2 %p_load, i2 1" [../hls_files/conv_pool.cpp:151]   --->   Operation 48 'add' 'add_ln151' <Predicate = (!icmp_ln151)> <Delay = 1.20> <CoreInst = "Adder">   --->   Core 1 'Adder' <Latency = 0> <II = 1> <Delay = 1.20> <FuncUnit> <Opcode : 'add' 'sub'> <InPorts = 2> <OutPorts = 1>
ST_2 : Operation 49 [1/1] (1.60ns)   --->   "%icmp_ln153 = icmp_eq  i6 %indvar_flatten75_load, i6 24" [../hls_files/conv_pool.cpp:153]   --->   Operation 49 'icmp' 'icmp_ln153' <Predicate = (!icmp_ln151)> <Delay = 1.60> <CoreInst = "Cmp">   --->   Core 9 'Cmp' <Latency = 0> <II = 1> <Delay = 1.60> <FuncUnit> <Opcode : 'seteq' 'setne' 'setle' 'setge' 'setlt' 'setgt'> <InPorts = 2> <OutPorts = 1>
ST_2 : Operation 50 [1/1] (0.81ns)   --->   "%select_ln149 = select i1 %icmp_ln153, i2 0, i2 %q_load" [../hls_files/conv_pool.cpp:149]   --->   Operation 50 'select' 'select_ln149' <Predicate = (!icmp_ln151)> <Delay = 0.81> <CoreInst = "Sel">   --->   Core 73 'Sel' <Latency = 0> <II = 1> <Delay = 0.81> <FuncUnit> <Opcode : 'select'> <InPorts = 3> <OutPorts = 1>
ST_2 : Operation 51 [1/1] (0.00ns) (grouped into LUT with out node and_ln149)   --->   "%xor_ln149 = xor i1 %icmp_ln153, i1 1" [../hls_files/conv_pool.cpp:149]   --->   Operation 51 'xor' 'xor_ln149' <Predicate = (!icmp_ln151)> <Delay = 0.00> <CoreInst = "LogicGate">   --->   Core 74 'LogicGate' <Latency = 0> <II = 1> <Delay = 0.80> <FuncUnit> <Opcode : 'and' 'or' 'xor'> <InPorts = 2> <OutPorts = 1>
ST_2 : Operation 52 [1/1] (1.49ns)   --->   "%icmp_ln155 = icmp_eq  i4 %c_load, i4 8" [../hls_files/conv_pool.cpp:155]   --->   Operation 52 'icmp' 'icmp_ln155' <Predicate = (!icmp_ln151)> <Delay = 1.49> <CoreInst = "Cmp">   --->   Core 9 'Cmp' <Latency = 0> <II = 1> <Delay = 1.49> <FuncUnit> <Opcode : 'seteq' 'setne' 'setle' 'setge' 'setlt' 'setgt'> <InPorts = 2> <OutPorts = 1>
ST_2 : Operation 53 [1/1] (0.80ns) (out node of the LUT)   --->   "%and_ln149 = and i1 %icmp_ln155, i1 %xor_ln149" [../hls_files/conv_pool.cpp:149]   --->   Operation 53 'and' 'and_ln149' <Predicate = (!icmp_ln151)> <Delay = 0.80> <CoreInst = "LogicGate">   --->   Core 74 'LogicGate' <Latency = 0> <II = 1> <Delay = 0.80> <FuncUnit> <Opcode : 'and' 'or' 'xor'> <InPorts = 2> <OutPorts = 1>
ST_2 : Operation 54 [1/1] (0.81ns)   --->   "%select_ln151 = select i1 %icmp_ln153, i2 %add_ln151, i2 %p_load" [../hls_files/conv_pool.cpp:151]   --->   Operation 54 'select' 'select_ln151' <Predicate = (!icmp_ln151)> <Delay = 0.81> <CoreInst = "Sel">   --->   Core 73 'Sel' <Latency = 0> <II = 1> <Delay = 0.81> <FuncUnit> <Opcode : 'select'> <InPorts = 3> <OutPorts = 1>
ST_2 : Operation 55 [1/1] (1.20ns)   --->   "%add_ln153 = add i2 %select_ln149, i2 1" [../hls_files/conv_pool.cpp:153]   --->   Operation 55 'add' 'add_ln153' <Predicate = (!icmp_ln151)> <Delay = 1.20> <CoreInst = "Adder">   --->   Core 1 'Adder' <Latency = 0> <II = 1> <Delay = 1.20> <FuncUnit> <Opcode : 'add' 'sub'> <InPorts = 2> <OutPorts = 1>
ST_2 : Operation 56 [1/1] (0.00ns) (grouped into LUT with out node c_1_mid2)   --->   "%empty = or i1 %and_ln149, i1 %icmp_ln153" [../hls_files/conv_pool.cpp:149]   --->   Operation 56 'or' 'empty' <Predicate = (!icmp_ln151)> <Delay = 0.00> <CoreInst = "LogicGate">   --->   Core 74 'LogicGate' <Latency = 0> <II = 1> <Delay = 0.80> <FuncUnit> <Opcode : 'and' 'or' 'xor'> <InPorts = 2> <OutPorts = 1>
ST_2 : Operation 57 [1/1] (0.80ns) (out node of the LUT)   --->   "%c_1_mid2 = select i1 %empty, i4 0, i4 %c_load" [../hls_files/conv_pool.cpp:149]   --->   Operation 57 'select' 'c_1_mid2' <Predicate = (!icmp_ln151)> <Delay = 0.80> <CoreInst = "Sel">   --->   Core 73 'Sel' <Latency = 0> <II = 1> <Delay = 0.80> <FuncUnit> <Opcode : 'select'> <InPorts = 3> <OutPorts = 1>
ST_2 : Operation 58 [1/1] (0.81ns)   --->   "%select_ln153 = select i1 %and_ln149, i2 %add_ln153, i2 %select_ln149" [../hls_files/conv_pool.cpp:153]   --->   Operation 58 'select' 'select_ln153' <Predicate = (!icmp_ln151)> <Delay = 0.81> <CoreInst = "Sel">   --->   Core 73 'Sel' <Latency = 0> <II = 1> <Delay = 0.81> <FuncUnit> <Opcode : 'select'> <InPorts = 3> <OutPorts = 1>
ST_2 : Operation 59 [1/1] (0.00ns)   --->   "%zext_ln151 = zext i2 %select_ln151" [../hls_files/conv_pool.cpp:151]   --->   Operation 59 'zext' 'zext_ln151' <Predicate = (!icmp_ln151)> <Delay = 0.00>
ST_2 : Operation 60 [1/1] (0.00ns)   --->   "%zext_ln153 = zext i2 %select_ln153" [../hls_files/conv_pool.cpp:153]   --->   Operation 60 'zext' 'zext_ln153' <Predicate = (!icmp_ln151)> <Delay = 0.00>
ST_2 : Operation 61 [1/1] (0.00ns)   --->   "%zext_ln155 = zext i4 %c_1_mid2" [../hls_files/conv_pool.cpp:155]   --->   Operation 61 'zext' 'zext_ln155' <Predicate = (!icmp_ln151)> <Delay = 0.00>
ST_2 : Operation 62 [1/1] (0.00ns)   --->   "%trunc_ln155 = trunc i4 %c_1_mid2" [../hls_files/conv_pool.cpp:155]   --->   Operation 62 'trunc' 'trunc_ln155' <Predicate = (!icmp_ln151)> <Delay = 0.00>
ST_2 : Operation 63 [1/1] (1.66ns)   --->   "%add_ln156 = add i7 %zext_ln155, i7 %tmp_42_read" [../hls_files/conv_pool.cpp:156]   --->   Operation 63 'add' 'add_ln156' <Predicate = (!icmp_ln151)> <Delay = 1.66> <CoreInst = "Adder">   --->   Core 1 'Adder' <Latency = 0> <II = 1> <Delay = 1.66> <FuncUnit> <Opcode : 'add' 'sub'> <InPorts = 2> <OutPorts = 1>
ST_2 : Operation 64 [1/1] (0.00ns)   --->   "%zext_ln156 = zext i7 %add_ln156" [../hls_files/conv_pool.cpp:156]   --->   Operation 64 'zext' 'zext_ln156' <Predicate = (!icmp_ln151)> <Delay = 0.00>
ST_2 : Operation 65 [1/1] (0.00ns)   --->   "%p_shl1 = bitconcatenate i9 @_ssdm_op_BitConcatenate.i9.i7.i2, i7 %add_ln156, i2 0" [../hls_files/conv_pool.cpp:156]   --->   Operation 65 'bitconcatenate' 'p_shl1' <Predicate = (!icmp_ln151)> <Delay = 0.00>
ST_2 : Operation 66 [1/1] (0.00ns) (grouped into TernaryAdder)   --->   "%sub_ln156 = sub i9 %p_shl1, i9 %zext_ln156" [../hls_files/conv_pool.cpp:156]   --->   Operation 66 'sub' 'sub_ln156' <Predicate = (!icmp_ln151)> <Delay = 0.00> <CoreInst = "TAddSub">   --->   Core 10 'TAddSub' <Latency = 0> <II = 1> <Delay = 1.56> <IPBlock> <Opcode : 'add' 'sub'> <InPorts = 3> <OutPorts = 1> <Sync> <CReg>
ST_2 : Operation 67 [1/1] (3.05ns) (root node of TernaryAdder)   --->   "%add_ln156_1 = add i9 %sub_ln156, i9 %zext_ln151" [../hls_files/conv_pool.cpp:156]   --->   Operation 67 'add' 'add_ln156_1' <Predicate = (!icmp_ln151)> <Delay = 3.05> <CoreInst = "TAddSub">   --->   Core 10 'TAddSub' <Latency = 0> <II = 1> <Delay = 1.56> <IPBlock> <Opcode : 'add' 'sub'> <InPorts = 3> <OutPorts = 1> <Sync> <CReg>
ST_2 : Operation 68 [1/1] (0.00ns)   --->   "%zext_ln156_1 = zext i9 %add_ln156_1" [../hls_files/conv_pool.cpp:156]   --->   Operation 68 'zext' 'zext_ln156_1' <Predicate = (!icmp_ln151)> <Delay = 0.00>
ST_2 : Operation 69 [1/1] (0.00ns)   --->   "%p_shl = bitconcatenate i11 @_ssdm_op_BitConcatenate.i11.i9.i2, i9 %add_ln156_1, i2 0" [../hls_files/conv_pool.cpp:156]   --->   Operation 69 'bitconcatenate' 'p_shl' <Predicate = (!icmp_ln151)> <Delay = 0.00>
ST_2 : Operation 70 [1/1] (0.00ns) (grouped into TernaryAdder)   --->   "%sub_ln156_1 = sub i11 %p_shl, i11 %zext_ln156_1" [../hls_files/conv_pool.cpp:156]   --->   Operation 70 'sub' 'sub_ln156_1' <Predicate = (!icmp_ln151)> <Delay = 0.00> <CoreInst = "TAddSub">   --->   Core 10 'TAddSub' <Latency = 0> <II = 1> <Delay = 1.56> <IPBlock> <Opcode : 'add' 'sub'> <InPorts = 3> <OutPorts = 1> <Sync> <CReg>
ST_2 : Operation 71 [1/1] (3.13ns) (root node of TernaryAdder)   --->   "%add_ln156_2 = add i11 %sub_ln156_1, i11 %zext_ln153" [../hls_files/conv_pool.cpp:156]   --->   Operation 71 'add' 'add_ln156_2' <Predicate = (!icmp_ln151)> <Delay = 3.13> <CoreInst = "TAddSub">   --->   Core 10 'TAddSub' <Latency = 0> <II = 1> <Delay = 1.56> <IPBlock> <Opcode : 'add' 'sub'> <InPorts = 3> <OutPorts = 1> <Sync> <CReg>
ST_2 : Operation 72 [1/1] (0.00ns)   --->   "%shl_ln = bitconcatenate i13 @_ssdm_op_BitConcatenate.i13.i11.i2, i11 %add_ln156_2, i2 0" [../hls_files/conv_pool.cpp:157]   --->   Operation 72 'bitconcatenate' 'shl_ln' <Predicate = (!icmp_ln151)> <Delay = 0.00>
ST_2 : Operation 73 [1/1] (0.00ns)   --->   "%zext_ln157 = zext i13 %shl_ln" [../hls_files/conv_pool.cpp:157]   --->   Operation 73 'zext' 'zext_ln157' <Predicate = (!icmp_ln151)> <Delay = 0.00>
ST_2 : Operation 74 [1/1] (2.99ns)   --->   "%add_ln157 = add i64 %zext_ln157, i64 %weights2_read" [../hls_files/conv_pool.cpp:157]   --->   Operation 74 'add' 'add_ln157' <Predicate = (!icmp_ln151)> <Delay = 2.99> <CoreInst = "Adder">   --->   Core 1 'Adder' <Latency = 0> <II = 1> <Delay = 2.99> <FuncUnit> <Opcode : 'add' 'sub'> <InPorts = 2> <OutPorts = 1>
ST_2 : Operation 75 [1/1] (0.00ns)   --->   "%trunc_ln = partselect i62 @_ssdm_op_PartSelect.i62.i64.i32.i32, i64 %add_ln157, i32 2, i32 63" [../hls_files/conv_pool.cpp:157]   --->   Operation 75 'partselect' 'trunc_ln' <Predicate = (!icmp_ln151)> <Delay = 0.00>
ST_2 : Operation 76 [1/1] (0.00ns)   --->   "%sext_ln157 = sext i62 %trunc_ln" [../hls_files/conv_pool.cpp:157]   --->   Operation 76 'sext' 'sext_ln157' <Predicate = (!icmp_ln151)> <Delay = 0.00>
ST_2 : Operation 77 [1/1] (0.00ns)   --->   "%gmem_addr = getelementptr i32 %gmem, i64 %sext_ln157" [../hls_files/conv_pool.cpp:157]   --->   Operation 77 'getelementptr' 'gmem_addr' <Predicate = (!icmp_ln151)> <Delay = 0.00>
ST_2 : Operation 78 [1/1] (1.49ns)   --->   "%add_ln155 = add i4 %c_1_mid2, i4 1" [../hls_files/conv_pool.cpp:155]   --->   Operation 78 'add' 'add_ln155' <Predicate = (!icmp_ln151)> <Delay = 1.49> <CoreInst = "Adder">   --->   Core 1 'Adder' <Latency = 0> <II = 1> <Delay = 1.49> <FuncUnit> <Opcode : 'add' 'sub'> <InPorts = 2> <OutPorts = 1>
ST_2 : Operation 79 [1/1] (1.60ns)   --->   "%add_ln153_1 = add i6 %indvar_flatten75_load, i6 1" [../hls_files/conv_pool.cpp:153]   --->   Operation 79 'add' 'add_ln153_1' <Predicate = (!icmp_ln151)> <Delay = 1.60> <CoreInst = "Adder">   --->   Core 1 'Adder' <Latency = 0> <II = 1> <Delay = 1.60> <FuncUnit> <Opcode : 'add' 'sub'> <InPorts = 2> <OutPorts = 1>
ST_2 : Operation 80 [1/1] (0.58ns)   --->   "%select_ln153_1 = select i1 %icmp_ln153, i6 1, i6 %add_ln153_1" [../hls_files/conv_pool.cpp:153]   --->   Operation 80 'select' 'select_ln153_1' <Predicate = (!icmp_ln151)> <Delay = 0.58> <CoreInst = "Sel">   --->   Core 73 'Sel' <Latency = 0> <II = 1> <Delay = 0.58> <FuncUnit> <Opcode : 'select'> <InPorts = 3> <OutPorts = 1>
ST_2 : Operation 81 [1/1] (1.32ns)   --->   "%store_ln151 = store i7 %add_ln151_1, i7 %indvar_flatten90" [../hls_files/conv_pool.cpp:151]   --->   Operation 81 'store' 'store_ln151' <Predicate = (!icmp_ln151)> <Delay = 1.32>
ST_2 : Operation 82 [1/1] (1.32ns)   --->   "%store_ln151 = store i2 %select_ln151, i2 %p" [../hls_files/conv_pool.cpp:151]   --->   Operation 82 'store' 'store_ln151' <Predicate = (!icmp_ln151)> <Delay = 1.32>
ST_2 : Operation 83 [1/1] (1.32ns)   --->   "%store_ln153 = store i6 %select_ln153_1, i6 %indvar_flatten75" [../hls_files/conv_pool.cpp:153]   --->   Operation 83 'store' 'store_ln153' <Predicate = (!icmp_ln151)> <Delay = 1.32>
ST_2 : Operation 84 [1/1] (1.32ns)   --->   "%store_ln153 = store i2 %select_ln153, i2 %q" [../hls_files/conv_pool.cpp:153]   --->   Operation 84 'store' 'store_ln153' <Predicate = (!icmp_ln151)> <Delay = 1.32>
ST_2 : Operation 85 [1/1] (1.32ns)   --->   "%store_ln155 = store i4 %add_ln155, i4 %c" [../hls_files/conv_pool.cpp:155]   --->   Operation 85 'store' 'store_ln155' <Predicate = (!icmp_ln151)> <Delay = 1.32>

State 3 <SV = 2> <Delay = 14.6>
ST_3 : Operation 86 [8/8] (14.6ns)   --->   "%gmem_load_32_req = readreq i1 @_ssdm_op_ReadReq.m_axi.i32P1A, i32 %gmem_addr, i64 1" [../hls_files/conv_pool.cpp:157]   --->   Operation 86 'readreq' 'gmem_load_32_req' <Predicate = (!icmp_ln151)> <Delay = 14.6> <CoreInst = "m_axi">   --->   Core 111 'm_axi' <Latency = 6> <II = 1> <Delay = 1.00> <Adapter> <Opcode : 'read' 'write' 'readreq' 'writereq' 'writeresp'>

State 4 <SV = 3> <Delay = 14.6>
ST_4 : Operation 87 [7/8] (14.6ns)   --->   "%gmem_load_32_req = readreq i1 @_ssdm_op_ReadReq.m_axi.i32P1A, i32 %gmem_addr, i64 1" [../hls_files/conv_pool.cpp:157]   --->   Operation 87 'readreq' 'gmem_load_32_req' <Predicate = (!icmp_ln151)> <Delay = 14.6> <CoreInst = "m_axi">   --->   Core 111 'm_axi' <Latency = 6> <II = 1> <Delay = 1.00> <Adapter> <Opcode : 'read' 'write' 'readreq' 'writereq' 'writeresp'>

State 5 <SV = 4> <Delay = 14.6>
ST_5 : Operation 88 [1/1] (0.00ns)   --->   "%zext_ln151_1 = zext i2 %select_ln151" [../hls_files/conv_pool.cpp:151]   --->   Operation 88 'zext' 'zext_ln151_1' <Predicate = true> <Delay = 0.00>
ST_5 : Operation 89 [1/1] (2.38ns) (grouped into DSP with root node empty_91)   --->   "%empty_88 = add i7 %zext_ln151_1, i7 %i_3_read" [../hls_files/conv_pool.cpp:151]   --->   Operation 89 'add' 'empty_88' <Predicate = true> <Delay = 2.38> <CoreInst = "DSP48">   --->   Core 116 'DSP48' <Latency = 3> <II = 1> <Delay = 1.82> <IPBlock> <Opcode : 'add' 'sub' 'mul' 'select'> <InPorts = 0> <OutPorts = 1> <Sync> <CReg>
ST_5 : Operation 90 [1/1] (0.00ns) (grouped into DSP with root node empty_91)   --->   "%p_cast = zext i7 %empty_88" [../hls_files/conv_pool.cpp:151]   --->   Operation 90 'zext' 'p_cast' <Predicate = true> <Delay = 0.00>
ST_5 : Operation 91 [3/3] (1.38ns) (grouped into DSP with root node empty_91)   --->   "%empty_89 = mul i15 %p_cast, i15 159" [../hls_files/conv_pool.cpp:151]   --->   Operation 91 'mul' 'empty_89' <Predicate = true> <Delay = 1.38> <CoreInst = "DSP48">   --->   Core 116 'DSP48' <Latency = 3> <II = 1> <Delay = 1.82> <IPBlock> <Opcode : 'add' 'sub' 'mul' 'select'> <InPorts = 0> <OutPorts = 1> <Sync> <CReg>
ST_5 : Operation 92 [6/8] (14.6ns)   --->   "%gmem_load_32_req = readreq i1 @_ssdm_op_ReadReq.m_axi.i32P1A, i32 %gmem_addr, i64 1" [../hls_files/conv_pool.cpp:157]   --->   Operation 92 'readreq' 'gmem_load_32_req' <Predicate = true> <Delay = 14.6> <CoreInst = "m_axi">   --->   Core 111 'm_axi' <Latency = 6> <II = 1> <Delay = 1.00> <Adapter> <Opcode : 'read' 'write' 'readreq' 'writereq' 'writeresp'>

State 6 <SV = 5> <Delay = 14.6>
ST_6 : Operation 93 [2/3] (1.38ns) (grouped into DSP with root node empty_91)   --->   "%empty_89 = mul i15 %p_cast, i15 159" [../hls_files/conv_pool.cpp:151]   --->   Operation 93 'mul' 'empty_89' <Predicate = true> <Delay = 1.38> <CoreInst = "DSP48">   --->   Core 116 'DSP48' <Latency = 3> <II = 1> <Delay = 1.82> <IPBlock> <Opcode : 'add' 'sub' 'mul' 'select'> <InPorts = 0> <OutPorts = 1> <Sync> <CReg>
ST_6 : Operation 94 [5/8] (14.6ns)   --->   "%gmem_load_32_req = readreq i1 @_ssdm_op_ReadReq.m_axi.i32P1A, i32 %gmem_addr, i64 1" [../hls_files/conv_pool.cpp:157]   --->   Operation 94 'readreq' 'gmem_load_32_req' <Predicate = true> <Delay = 14.6> <CoreInst = "m_axi">   --->   Core 111 'm_axi' <Latency = 6> <II = 1> <Delay = 1.00> <Adapter> <Opcode : 'read' 'write' 'readreq' 'writereq' 'writeresp'>

State 7 <SV = 6> <Delay = 14.6>
ST_7 : Operation 95 [1/3] (0.00ns) (grouped into DSP with root node empty_91)   --->   "%empty_89 = mul i15 %p_cast, i15 159" [../hls_files/conv_pool.cpp:151]   --->   Operation 95 'mul' 'empty_89' <Predicate = true> <Delay = 0.00> <CoreInst = "DSP48">   --->   Core 116 'DSP48' <Latency = 3> <II = 1> <Delay = 1.82> <IPBlock> <Opcode : 'add' 'sub' 'mul' 'select'> <InPorts = 0> <OutPorts = 1> <Sync> <CReg>
ST_7 : Operation 96 [1/1] (0.00ns)   --->   "%zext_ln153_1 = zext i2 %select_ln153" [../hls_files/conv_pool.cpp:153]   --->   Operation 96 'zext' 'zext_ln153_1' <Predicate = true> <Delay = 0.00>
ST_7 : Operation 97 [1/1] (1.71ns)   --->   "%empty_90 = add i8 %zext_ln153_1, i8 %j_3_read" [../hls_files/conv_pool.cpp:153]   --->   Operation 97 'add' 'empty_90' <Predicate = true> <Delay = 1.71> <CoreInst = "Adder">   --->   Core 1 'Adder' <Latency = 0> <II = 1> <Delay = 1.71> <FuncUnit> <Opcode : 'add' 'sub'> <InPorts = 2> <OutPorts = 1>
ST_7 : Operation 98 [1/1] (0.00ns)   --->   "%p_cast1 = zext i8 %empty_90" [../hls_files/conv_pool.cpp:153]   --->   Operation 98 'zext' 'p_cast1' <Predicate = true> <Delay = 0.00>
ST_7 : Operation 99 [2/2] (1.76ns) (root node of the DSP)   --->   "%empty_91 = add i15 %empty_89, i15 %p_cast1" [../hls_files/conv_pool.cpp:151]   --->   Operation 99 'add' 'empty_91' <Predicate = true> <Delay = 1.76> <CoreInst = "DSP48">   --->   Core 116 'DSP48' <Latency = 3> <II = 1> <Delay = 1.82> <IPBlock> <Opcode : 'add' 'sub' 'mul' 'select'> <InPorts = 0> <OutPorts = 1> <Sync> <CReg>
ST_7 : Operation 100 [4/8] (14.6ns)   --->   "%gmem_load_32_req = readreq i1 @_ssdm_op_ReadReq.m_axi.i32P1A, i32 %gmem_addr, i64 1" [../hls_files/conv_pool.cpp:157]   --->   Operation 100 'readreq' 'gmem_load_32_req' <Predicate = true> <Delay = 14.6> <CoreInst = "m_axi">   --->   Core 111 'm_axi' <Latency = 6> <II = 1> <Delay = 1.00> <Adapter> <Opcode : 'read' 'write' 'readreq' 'writereq' 'writeresp'>

State 8 <SV = 7> <Delay = 14.6>
ST_8 : Operation 101 [1/2] (1.76ns) (root node of the DSP)   --->   "%empty_91 = add i15 %empty_89, i15 %p_cast1" [../hls_files/conv_pool.cpp:151]   --->   Operation 101 'add' 'empty_91' <Predicate = true> <Delay = 1.76> <CoreInst = "DSP48">   --->   Core 116 'DSP48' <Latency = 3> <II = 1> <Delay = 1.82> <IPBlock> <Opcode : 'add' 'sub' 'mul' 'select'> <InPorts = 0> <OutPorts = 1> <Sync> <CReg>
ST_8 : Operation 102 [1/1] (0.00ns)   --->   "%p_cast2 = zext i15 %empty_91" [../hls_files/conv_pool.cpp:151]   --->   Operation 102 'zext' 'p_cast2' <Predicate = true> <Delay = 0.00>
ST_8 : Operation 103 [1/1] (0.00ns)   --->   "%feat1_p_addr = getelementptr i32 %feat1_p, i64 0, i64 %p_cast2" [../hls_files/conv_pool.cpp:151]   --->   Operation 103 'getelementptr' 'feat1_p_addr' <Predicate = (trunc_ln155 == 0)> <Delay = 0.00>
ST_8 : Operation 104 [1/1] (0.00ns)   --->   "%feat1_p_10_addr = getelementptr i32 %feat1_p_10, i64 0, i64 %p_cast2" [../hls_files/conv_pool.cpp:151]   --->   Operation 104 'getelementptr' 'feat1_p_10_addr' <Predicate = (trunc_ln155 == 1)> <Delay = 0.00>
ST_8 : Operation 105 [1/1] (0.00ns)   --->   "%feat1_p_11_addr = getelementptr i32 %feat1_p_11, i64 0, i64 %p_cast2" [../hls_files/conv_pool.cpp:151]   --->   Operation 105 'getelementptr' 'feat1_p_11_addr' <Predicate = (trunc_ln155 == 2)> <Delay = 0.00>
ST_8 : Operation 106 [1/1] (0.00ns)   --->   "%feat1_p_12_addr = getelementptr i32 %feat1_p_12, i64 0, i64 %p_cast2" [../hls_files/conv_pool.cpp:151]   --->   Operation 106 'getelementptr' 'feat1_p_12_addr' <Predicate = (trunc_ln155 == 3)> <Delay = 0.00>
ST_8 : Operation 107 [1/1] (0.00ns)   --->   "%feat1_p_13_addr = getelementptr i32 %feat1_p_13, i64 0, i64 %p_cast2" [../hls_files/conv_pool.cpp:151]   --->   Operation 107 'getelementptr' 'feat1_p_13_addr' <Predicate = (trunc_ln155 == 4)> <Delay = 0.00>
ST_8 : Operation 108 [1/1] (0.00ns)   --->   "%feat1_p_14_addr = getelementptr i32 %feat1_p_14, i64 0, i64 %p_cast2" [../hls_files/conv_pool.cpp:151]   --->   Operation 108 'getelementptr' 'feat1_p_14_addr' <Predicate = (trunc_ln155 == 5)> <Delay = 0.00>
ST_8 : Operation 109 [1/1] (0.00ns)   --->   "%feat1_p_15_addr = getelementptr i32 %feat1_p_15, i64 0, i64 %p_cast2" [../hls_files/conv_pool.cpp:151]   --->   Operation 109 'getelementptr' 'feat1_p_15_addr' <Predicate = (trunc_ln155 == 6)> <Delay = 0.00>
ST_8 : Operation 110 [1/1] (0.00ns)   --->   "%feat1_p_16_addr = getelementptr i32 %feat1_p_16, i64 0, i64 %p_cast2" [../hls_files/conv_pool.cpp:151]   --->   Operation 110 'getelementptr' 'feat1_p_16_addr' <Predicate = (trunc_ln155 == 7)> <Delay = 0.00>
ST_8 : Operation 111 [2/2] (2.77ns)   --->   "%feat1_p_load = load i15 %feat1_p_addr" [../hls_files/conv_pool.cpp:151]   --->   Operation 111 'load' 'feat1_p_load' <Predicate = (trunc_ln155 == 0)> <Delay = 2.77> <CoreInst = "RAM">   --->   Core 81 'RAM' <Latency = 1> <II = 1> <Delay = 2.77> <Storage> <Opcode : 'load' 'store'> <Ports = 2> <Width = 32> <Depth = 18921> <RAM>
ST_8 : Operation 112 [2/2] (2.77ns)   --->   "%feat1_p_10_load = load i15 %feat1_p_10_addr" [../hls_files/conv_pool.cpp:151]   --->   Operation 112 'load' 'feat1_p_10_load' <Predicate = (trunc_ln155 == 1)> <Delay = 2.77> <CoreInst = "RAM">   --->   Core 81 'RAM' <Latency = 1> <II = 1> <Delay = 2.77> <Storage> <Opcode : 'load' 'store'> <Ports = 2> <Width = 32> <Depth = 18921> <RAM>
ST_8 : Operation 113 [2/2] (2.77ns)   --->   "%feat1_p_11_load = load i15 %feat1_p_11_addr" [../hls_files/conv_pool.cpp:151]   --->   Operation 113 'load' 'feat1_p_11_load' <Predicate = (trunc_ln155 == 2)> <Delay = 2.77> <CoreInst = "RAM">   --->   Core 81 'RAM' <Latency = 1> <II = 1> <Delay = 2.77> <Storage> <Opcode : 'load' 'store'> <Ports = 2> <Width = 32> <Depth = 18921> <RAM>
ST_8 : Operation 114 [2/2] (2.77ns)   --->   "%feat1_p_12_load = load i15 %feat1_p_12_addr" [../hls_files/conv_pool.cpp:151]   --->   Operation 114 'load' 'feat1_p_12_load' <Predicate = (trunc_ln155 == 3)> <Delay = 2.77> <CoreInst = "RAM">   --->   Core 81 'RAM' <Latency = 1> <II = 1> <Delay = 2.77> <Storage> <Opcode : 'load' 'store'> <Ports = 2> <Width = 32> <Depth = 18921> <RAM>
ST_8 : Operation 115 [2/2] (2.77ns)   --->   "%feat1_p_13_load = load i15 %feat1_p_13_addr" [../hls_files/conv_pool.cpp:151]   --->   Operation 115 'load' 'feat1_p_13_load' <Predicate = (trunc_ln155 == 4)> <Delay = 2.77> <CoreInst = "RAM">   --->   Core 81 'RAM' <Latency = 1> <II = 1> <Delay = 2.77> <Storage> <Opcode : 'load' 'store'> <Ports = 2> <Width = 32> <Depth = 18921> <RAM>
ST_8 : Operation 116 [2/2] (2.77ns)   --->   "%feat1_p_14_load = load i15 %feat1_p_14_addr" [../hls_files/conv_pool.cpp:151]   --->   Operation 116 'load' 'feat1_p_14_load' <Predicate = (trunc_ln155 == 5)> <Delay = 2.77> <CoreInst = "RAM">   --->   Core 81 'RAM' <Latency = 1> <II = 1> <Delay = 2.77> <Storage> <Opcode : 'load' 'store'> <Ports = 2> <Width = 32> <Depth = 18921> <RAM>
ST_8 : Operation 117 [2/2] (2.77ns)   --->   "%feat1_p_15_load = load i15 %feat1_p_15_addr" [../hls_files/conv_pool.cpp:151]   --->   Operation 117 'load' 'feat1_p_15_load' <Predicate = (trunc_ln155 == 6)> <Delay = 2.77> <CoreInst = "RAM">   --->   Core 81 'RAM' <Latency = 1> <II = 1> <Delay = 2.77> <Storage> <Opcode : 'load' 'store'> <Ports = 2> <Width = 32> <Depth = 18921> <RAM>
ST_8 : Operation 118 [2/2] (2.77ns)   --->   "%feat1_p_16_load = load i15 %feat1_p_16_addr" [../hls_files/conv_pool.cpp:151]   --->   Operation 118 'load' 'feat1_p_16_load' <Predicate = (trunc_ln155 == 7)> <Delay = 2.77> <CoreInst = "RAM">   --->   Core 81 'RAM' <Latency = 1> <II = 1> <Delay = 2.77> <Storage> <Opcode : 'load' 'store'> <Ports = 2> <Width = 32> <Depth = 18921> <RAM>
ST_8 : Operation 119 [3/8] (14.6ns)   --->   "%gmem_load_32_req = readreq i1 @_ssdm_op_ReadReq.m_axi.i32P1A, i32 %gmem_addr, i64 1" [../hls_files/conv_pool.cpp:157]   --->   Operation 119 'readreq' 'gmem_load_32_req' <Predicate = true> <Delay = 14.6> <CoreInst = "m_axi">   --->   Core 111 'm_axi' <Latency = 6> <II = 1> <Delay = 1.00> <Adapter> <Opcode : 'read' 'write' 'readreq' 'writereq' 'writeresp'>

State 9 <SV = 8> <Delay = 14.6>
ST_9 : Operation 120 [1/2] ( I:2.77ns O:2.77ns )   --->   "%feat1_p_load = load i15 %feat1_p_addr" [../hls_files/conv_pool.cpp:151]   --->   Operation 120 'load' 'feat1_p_load' <Predicate = (trunc_ln155 == 0)> <Delay = 2.77> <CoreInst = "RAM">   --->   Core 81 'RAM' <Latency = 1> <II = 1> <Delay = 2.77> <Storage> <Opcode : 'load' 'store'> <Ports = 2> <Width = 32> <Depth = 18921> <RAM>
ST_9 : Operation 121 [1/2] ( I:2.77ns O:2.77ns )   --->   "%feat1_p_10_load = load i15 %feat1_p_10_addr" [../hls_files/conv_pool.cpp:151]   --->   Operation 121 'load' 'feat1_p_10_load' <Predicate = (trunc_ln155 == 1)> <Delay = 2.77> <CoreInst = "RAM">   --->   Core 81 'RAM' <Latency = 1> <II = 1> <Delay = 2.77> <Storage> <Opcode : 'load' 'store'> <Ports = 2> <Width = 32> <Depth = 18921> <RAM>
ST_9 : Operation 122 [1/2] ( I:2.77ns O:2.77ns )   --->   "%feat1_p_11_load = load i15 %feat1_p_11_addr" [../hls_files/conv_pool.cpp:151]   --->   Operation 122 'load' 'feat1_p_11_load' <Predicate = (trunc_ln155 == 2)> <Delay = 2.77> <CoreInst = "RAM">   --->   Core 81 'RAM' <Latency = 1> <II = 1> <Delay = 2.77> <Storage> <Opcode : 'load' 'store'> <Ports = 2> <Width = 32> <Depth = 18921> <RAM>
ST_9 : Operation 123 [1/2] ( I:2.77ns O:2.77ns )   --->   "%feat1_p_12_load = load i15 %feat1_p_12_addr" [../hls_files/conv_pool.cpp:151]   --->   Operation 123 'load' 'feat1_p_12_load' <Predicate = (trunc_ln155 == 3)> <Delay = 2.77> <CoreInst = "RAM">   --->   Core 81 'RAM' <Latency = 1> <II = 1> <Delay = 2.77> <Storage> <Opcode : 'load' 'store'> <Ports = 2> <Width = 32> <Depth = 18921> <RAM>
ST_9 : Operation 124 [1/2] ( I:2.77ns O:2.77ns )   --->   "%feat1_p_13_load = load i15 %feat1_p_13_addr" [../hls_files/conv_pool.cpp:151]   --->   Operation 124 'load' 'feat1_p_13_load' <Predicate = (trunc_ln155 == 4)> <Delay = 2.77> <CoreInst = "RAM">   --->   Core 81 'RAM' <Latency = 1> <II = 1> <Delay = 2.77> <Storage> <Opcode : 'load' 'store'> <Ports = 2> <Width = 32> <Depth = 18921> <RAM>
ST_9 : Operation 125 [1/2] ( I:2.77ns O:2.77ns )   --->   "%feat1_p_14_load = load i15 %feat1_p_14_addr" [../hls_files/conv_pool.cpp:151]   --->   Operation 125 'load' 'feat1_p_14_load' <Predicate = (trunc_ln155 == 5)> <Delay = 2.77> <CoreInst = "RAM">   --->   Core 81 'RAM' <Latency = 1> <II = 1> <Delay = 2.77> <Storage> <Opcode : 'load' 'store'> <Ports = 2> <Width = 32> <Depth = 18921> <RAM>
ST_9 : Operation 126 [1/2] ( I:2.77ns O:2.77ns )   --->   "%feat1_p_15_load = load i15 %feat1_p_15_addr" [../hls_files/conv_pool.cpp:151]   --->   Operation 126 'load' 'feat1_p_15_load' <Predicate = (trunc_ln155 == 6)> <Delay = 2.77> <CoreInst = "RAM">   --->   Core 81 'RAM' <Latency = 1> <II = 1> <Delay = 2.77> <Storage> <Opcode : 'load' 'store'> <Ports = 2> <Width = 32> <Depth = 18921> <RAM>
ST_9 : Operation 127 [1/2] ( I:2.77ns O:2.77ns )   --->   "%feat1_p_16_load = load i15 %feat1_p_16_addr" [../hls_files/conv_pool.cpp:151]   --->   Operation 127 'load' 'feat1_p_16_load' <Predicate = (trunc_ln155 == 7)> <Delay = 2.77> <CoreInst = "RAM">   --->   Core 81 'RAM' <Latency = 1> <II = 1> <Delay = 2.77> <Storage> <Opcode : 'load' 'store'> <Ports = 2> <Width = 32> <Depth = 18921> <RAM>
ST_9 : Operation 128 [1/1] (1.47ns)   --->   "%tmp_8 = sparsemux i32 @_ssdm_op_SparseMux.ap_auto.8float.float.i3, i3 0, i32 %feat1_p_load, i3 1, i32 %feat1_p_10_load, i3 2, i32 %feat1_p_11_load, i3 3, i32 %feat1_p_12_load, i3 4, i32 %feat1_p_13_load, i3 5, i32 %feat1_p_14_load, i3 6, i32 %feat1_p_15_load, i3 7, i32 %feat1_p_16_load, i32 <undef>, i3 %trunc_ln155" [../hls_files/conv_pool.cpp:157]   --->   Operation 128 'sparsemux' 'tmp_8' <Predicate = true> <Delay = 1.47> <CoreInst = "BinarySparseMux_DontCare">   --->   Core 137 'BinarySparseMux_DontCare' <Latency = 0> <II = 1> <Delay = 1.47> <FuncUnit> <Opcode : 'sparsemux'> <InPorts = 2> <OutPorts = 1>
ST_9 : Operation 129 [2/8] (14.6ns)   --->   "%gmem_load_32_req = readreq i1 @_ssdm_op_ReadReq.m_axi.i32P1A, i32 %gmem_addr, i64 1" [../hls_files/conv_pool.cpp:157]   --->   Operation 129 'readreq' 'gmem_load_32_req' <Predicate = true> <Delay = 14.6> <CoreInst = "m_axi">   --->   Core 111 'm_axi' <Latency = 6> <II = 1> <Delay = 1.00> <Adapter> <Opcode : 'read' 'write' 'readreq' 'writereq' 'writeresp'>

State 10 <SV = 9> <Delay = 14.6>
ST_10 : Operation 130 [1/8] (14.6ns)   --->   "%gmem_load_32_req = readreq i1 @_ssdm_op_ReadReq.m_axi.i32P1A, i32 %gmem_addr, i64 1" [../hls_files/conv_pool.cpp:157]   --->   Operation 130 'readreq' 'gmem_load_32_req' <Predicate = true> <Delay = 14.6> <CoreInst = "m_axi">   --->   Core 111 'm_axi' <Latency = 6> <II = 1> <Delay = 1.00> <Adapter> <Opcode : 'read' 'write' 'readreq' 'writereq' 'writeresp'>

State 11 <SV = 10> <Delay = 14.6>
ST_11 : Operation 131 [1/1] (14.6ns)   --->   "%gmem_addr_read = read i32 @_ssdm_op_Read.m_axi.i32P1A, i32 %gmem_addr" [../hls_files/conv_pool.cpp:157]   --->   Operation 131 'read' 'gmem_addr_read' <Predicate = true> <Delay = 14.6> <CoreInst = "m_axi">   --->   Core 111 'm_axi' <Latency = 3> <II = 1> <Delay = 1.00> <Adapter> <Opcode : 'read' 'write' 'readreq' 'writereq' 'writeresp'>

State 12 <SV = 11> <Delay = 10.2>
ST_12 : Operation 132 [1/1] (0.00ns)   --->   "%bitcast_ln157 = bitcast i32 %gmem_addr_read" [../hls_files/conv_pool.cpp:157]   --->   Operation 132 'bitcast' 'bitcast_ln157' <Predicate = true> <Delay = 0.00>
ST_12 : Operation 133 [2/2] (10.2ns)   --->   "%mul3 = fmul i32 %tmp_8, i32 %bitcast_ln157" [../hls_files/conv_pool.cpp:157]   --->   Operation 133 'fmul' 'mul3' <Predicate = true> <Delay = 10.2> <CoreInst = "FMul_maxdsp">   --->   Core 30 'FMul_maxdsp' <Latency = 1> <II = 1> <Delay = 10.2> <FuncUnit> <Opcode : 'fmul'> <InPorts = 2> <OutPorts = 1>

State 13 <SV = 12> <Delay = 10.2>
ST_13 : Operation 134 [1/2] (10.2ns)   --->   "%mul3 = fmul i32 %tmp_8, i32 %bitcast_ln157" [../hls_files/conv_pool.cpp:157]   --->   Operation 134 'fmul' 'mul3' <Predicate = true> <Delay = 10.2> <CoreInst = "FMul_maxdsp">   --->   Core 30 'FMul_maxdsp' <Latency = 1> <II = 1> <Delay = 10.2> <FuncUnit> <Opcode : 'fmul'> <InPorts = 2> <OutPorts = 1>
ST_13 : Operation 144 [1/1] (0.00ns)   --->   "%acc_load = load i32 %acc"   --->   Operation 144 'load' 'acc_load' <Predicate = (icmp_ln151)> <Delay = 0.00>
ST_13 : Operation 145 [1/1] (0.00ns)   --->   "%write_ln0 = write void @_ssdm_op_Write.ap_auto.floatP0A, i32 %acc_34_out, i32 %acc_load"   --->   Operation 145 'write' 'write_ln0' <Predicate = (icmp_ln151)> <Delay = 0.00>
ST_13 : Operation 146 [1/1] (1.32ns)   --->   "%ret_ln0 = ret"   --->   Operation 146 'ret' 'ret_ln0' <Predicate = (icmp_ln151)> <Delay = 1.32>

State 14 <SV = 13> <Delay = 14.5>
ST_14 : Operation 135 [1/1] (0.00ns)   --->   "%acc_load_2 = load i32 %acc" [../hls_files/conv_pool.cpp:157]   --->   Operation 135 'load' 'acc_load_2' <Predicate = true> <Delay = 0.00>
ST_14 : Operation 136 [3/3] (14.5ns)   --->   "%acc_2 = fadd i32 %acc_load_2, i32 %mul3" [../hls_files/conv_pool.cpp:157]   --->   Operation 136 'fadd' 'acc_2' <Predicate = true> <Delay = 14.5> <CoreInst = "FAddSub_fulldsp">   --->   Core 18 'FAddSub_fulldsp' <Latency = 2> <II = 1> <Delay = 14.5> <FuncUnit> <Opcode : 'fadd' 'fsub'> <InPorts = 2> <OutPorts = 1>

State 15 <SV = 14> <Delay = 14.5>
ST_15 : Operation 137 [2/3] (14.5ns)   --->   "%acc_2 = fadd i32 %acc_load_2, i32 %mul3" [../hls_files/conv_pool.cpp:157]   --->   Operation 137 'fadd' 'acc_2' <Predicate = true> <Delay = 14.5> <CoreInst = "FAddSub_fulldsp">   --->   Core 18 'FAddSub_fulldsp' <Latency = 2> <II = 1> <Delay = 14.5> <FuncUnit> <Opcode : 'fadd' 'fsub'> <InPorts = 2> <OutPorts = 1>

State 16 <SV = 15> <Delay = 14.5>
ST_16 : Operation 138 [1/3] (14.5ns)   --->   "%acc_2 = fadd i32 %acc_load_2, i32 %mul3" [../hls_files/conv_pool.cpp:157]   --->   Operation 138 'fadd' 'acc_2' <Predicate = true> <Delay = 14.5> <CoreInst = "FAddSub_fulldsp">   --->   Core 18 'FAddSub_fulldsp' <Latency = 2> <II = 1> <Delay = 14.5> <FuncUnit> <Opcode : 'fadd' 'fsub'> <InPorts = 2> <OutPorts = 1>

State 17 <SV = 16> <Delay = 1.32>
ST_17 : Operation 139 [1/1] (0.00ns)   --->   "%specloopname_ln0 = specloopname void @_ssdm_op_SpecLoopName, void @CONV2_KR_CONV2_KC_CONV2_CH_str"   --->   Operation 139 'specloopname' 'specloopname_ln0' <Predicate = true> <Delay = 0.00>
ST_17 : Operation 140 [1/1] (0.00ns)   --->   "%speclooptripcount_ln0 = speclooptripcount void @_ssdm_op_SpecLoopTripCount, i64 72, i64 72, i64 72"   --->   Operation 140 'speclooptripcount' 'speclooptripcount_ln0' <Predicate = true> <Delay = 0.00>
ST_17 : Operation 141 [1/1] (0.00ns)   --->   "%specpipeline_ln149 = specpipeline void @_ssdm_op_SpecPipeline, i32 4294967295, i32 0, i32 0, i32 0, void @empty_23" [../hls_files/conv_pool.cpp:149]   --->   Operation 141 'specpipeline' 'specpipeline_ln149' <Predicate = true> <Delay = 0.00>
ST_17 : Operation 142 [1/1] (1.32ns)   --->   "%store_ln149 = store i32 %acc_2, i32 %acc" [../hls_files/conv_pool.cpp:149]   --->   Operation 142 'store' 'store_ln149' <Predicate = true> <Delay = 1.32>
ST_17 : Operation 143 [1/1] (0.00ns)   --->   "%br_ln155 = br void %for.inc228" [../hls_files/conv_pool.cpp:155]   --->   Operation 143 'br' 'br_ln155' <Predicate = true> <Delay = 0.00>


============================================================
+ Verbose Summary: Timing violations
============================================================
Target clock period: 20.000ns, clock uncertainty: 5.400ns.

 <State 1>: 1.324ns
The critical path consists of the following:
	'store' operation 0 bit ('store_ln0') of constant 0 on local variable 'indvar_flatten90' [28]  (1.324 ns)

 <State 2>: 14.062ns
The critical path consists of the following:
	'load' operation 6 bit ('indvar_flatten75_load', ../hls_files/conv_pool.cpp:153) on local variable 'indvar_flatten75' [45]  (0.000 ns)
	'icmp' operation 1 bit ('icmp_ln153', ../hls_files/conv_pool.cpp:153) [50]  (1.605 ns)
	'xor' operation 1 bit ('xor_ln149', ../hls_files/conv_pool.cpp:149) [52]  (0.000 ns)
	'and' operation 1 bit ('and_ln149', ../hls_files/conv_pool.cpp:149) [54]  (0.800 ns)
	'or' operation 1 bit ('empty', ../hls_files/conv_pool.cpp:149) [57]  (0.000 ns)
	'select' operation 4 bit ('c_1_mid2', ../hls_files/conv_pool.cpp:149) [58]  (0.806 ns)
	'add' operation 7 bit ('add_ln156', ../hls_files/conv_pool.cpp:156) [90]  (1.662 ns)
	'sub' operation 9 bit ('sub_ln156', ../hls_files/conv_pool.cpp:156) [93]  (0.000 ns)
	'add' operation 9 bit ('add_ln156_1', ../hls_files/conv_pool.cpp:156) [94]  (3.059 ns)
	'sub' operation 11 bit ('sub_ln156_1', ../hls_files/conv_pool.cpp:156) [97]  (0.000 ns)
	'add' operation 11 bit ('add_ln156_2', ../hls_files/conv_pool.cpp:156) [98]  (3.133 ns)
	'add' operation 64 bit ('add_ln157', ../hls_files/conv_pool.cpp:157) [102]  (2.998 ns)

 <State 3>: 14.600ns
The critical path consists of the following:
	bus request operation ('gmem_load_32_req', ../hls_files/conv_pool.cpp:157) on port 'gmem' (../hls_files/conv_pool.cpp:157) [106]  (14.600 ns)

 <State 4>: 14.600ns
The critical path consists of the following:
	bus request operation ('gmem_load_32_req', ../hls_files/conv_pool.cpp:157) on port 'gmem' (../hls_files/conv_pool.cpp:157) [106]  (14.600 ns)

 <State 5>: 14.600ns
The critical path consists of the following:
	bus request operation ('gmem_load_32_req', ../hls_files/conv_pool.cpp:157) on port 'gmem' (../hls_files/conv_pool.cpp:157) [106]  (14.600 ns)

 <State 6>: 14.600ns
The critical path consists of the following:
	bus request operation ('gmem_load_32_req', ../hls_files/conv_pool.cpp:157) on port 'gmem' (../hls_files/conv_pool.cpp:157) [106]  (14.600 ns)

 <State 7>: 14.600ns
The critical path consists of the following:
	bus request operation ('gmem_load_32_req', ../hls_files/conv_pool.cpp:157) on port 'gmem' (../hls_files/conv_pool.cpp:157) [106]  (14.600 ns)

 <State 8>: 14.600ns
The critical path consists of the following:
	bus request operation ('gmem_load_32_req', ../hls_files/conv_pool.cpp:157) on port 'gmem' (../hls_files/conv_pool.cpp:157) [106]  (14.600 ns)

 <State 9>: 14.600ns
The critical path consists of the following:
	bus request operation ('gmem_load_32_req', ../hls_files/conv_pool.cpp:157) on port 'gmem' (../hls_files/conv_pool.cpp:157) [106]  (14.600 ns)

 <State 10>: 14.600ns
The critical path consists of the following:
	bus request operation ('gmem_load_32_req', ../hls_files/conv_pool.cpp:157) on port 'gmem' (../hls_files/conv_pool.cpp:157) [106]  (14.600 ns)

 <State 11>: 14.600ns
The critical path consists of the following:
	bus read operation ('gmem_addr_read', ../hls_files/conv_pool.cpp:157) on port 'gmem' (../hls_files/conv_pool.cpp:157) [107]  (14.600 ns)

 <State 12>: 10.252ns
The critical path consists of the following:
	'fmul' operation 32 bit ('mul3', ../hls_files/conv_pool.cpp:157) [109]  (10.252 ns)

 <State 13>: 10.252ns
The critical path consists of the following:
	'fmul' operation 32 bit ('mul3', ../hls_files/conv_pool.cpp:157) [109]  (10.252 ns)

 <State 14>: 14.527ns
The critical path consists of the following:
	'load' operation 32 bit ('acc_load_2', ../hls_files/conv_pool.cpp:157) on local variable 'acc', ../hls_files/conv_pool.cpp:149 [42]  (0.000 ns)
	'fadd' operation 32 bit ('acc_2', ../hls_files/conv_pool.cpp:157) [110]  (14.527 ns)

 <State 15>: 14.527ns
The critical path consists of the following:
	'fadd' operation 32 bit ('acc_2', ../hls_files/conv_pool.cpp:157) [110]  (14.527 ns)

 <State 16>: 14.527ns
The critical path consists of the following:
	'fadd' operation 32 bit ('acc_2', ../hls_files/conv_pool.cpp:157) [110]  (14.527 ns)

 <State 17>: 1.324ns
The critical path consists of the following:
	'store' operation 0 bit ('store_ln149', ../hls_files/conv_pool.cpp:149) of variable 'acc_2', ../hls_files/conv_pool.cpp:157 on local variable 'acc', ../hls_files/conv_pool.cpp:149 [119]  (1.324 ns)


============================================================
+ Verbose Summary: Binding
============================================================
N/A
* FSMD analyzer results:
  - Output states:
 - Input state : 
  - Chain level:
	State 1
	State 2
	State 3
	State 4
	State 5
	State 6
	State 7
	State 8
	State 9
	State 10
	State 11
	State 12
	State 13
	State 14
	State 15
	State 16
	State 17


============================================================
+ Verbose Summary: Datapath Resource usage 
============================================================
N/A
