C:\Users\ozair\Documents\Code_Drive\Drone\hls_component\cnn_accel\hls\.autopilot\db\conv_pool.pp.0.cpp:2254:5: warning: Added loop label VITIS_LOOP_676_1:   [xilinx-label-all-loops]
    for (unsigned i = low; i != high+1; ++i) {
    ^~~
    VITIS_LOOP_676_1: 
C:\Users\ozair\Documents\Code_Drive\Drone\hls_component\cnn_accel\hls\.autopilot\db\conv_pool.pp.0.cpp:2254:5: note: FIX-IT applied suggested code changes
C:\Users\ozair\Documents\Code_Drive\Drone\hls_component\cnn_accel\hls\.autopilot\db\conv_pool.pp.0.cpp:2268:5: warning: Added loop label VITIS_LOOP_690_1:   [xilinx-label-all-loops]
    for (unsigned i = low; i != high+1; ++i) {
    ^~~
    VITIS_LOOP_690_1: 
C:\Users\ozair\Documents\Code_Drive\Drone\hls_component\cnn_accel\hls\.autopilot\db\conv_pool.pp.0.cpp:2268:5: note: FIX-IT applied suggested code changes
C:\Users\ozair\Documents\Code_Drive\Drone\hls_component\cnn_accel\hls\.autopilot\db\conv_pool.pp.0.cpp:2282:5: warning: Added loop label VITIS_LOOP_704_1:   [xilinx-label-all-loops]
    for (unsigned i = low; i != high+1; ++i) {
    ^~~
    VITIS_LOOP_704_1: 
C:\Users\ozair\Documents\Code_Drive\Drone\hls_component\cnn_accel\hls\.autopilot\db\conv_pool.pp.0.cpp:2282:5: note: FIX-IT applied suggested code changes
C:\Users\ozair\Documents\Code_Drive\Drone\hls_component\cnn_accel\hls\.autopilot\db\conv_pool.pp.0.cpp:4250:7: warning: Added loop label VITIS_LOOP_1248_1:   [xilinx-label-all-loops]
      for (i = 0; i < __N - 1; ++i) {
      ^~~
      VITIS_LOOP_1248_1: 
C:\Users\ozair\Documents\Code_Drive\Drone\hls_component\cnn_accel\hls\.autopilot\db\conv_pool.pp.0.cpp:4250:7: note: FIX-IT applied suggested code changes
C:\Users\ozair\Documents\Code_Drive\Drone\hls_component\cnn_accel\hls\.autopilot\db\conv_pool.pp.0.cpp:13302:72: error: Invalid Directive: for current device, ROM_1P + LUTRAM is invalid combination for BIND_STORAGE's option 'type + impl' [clang-diagnostic-error]
#pragma HLS BIND_STORAGE variable=fourth_order_double::sin_cos_K0 type=ROM_1P impl=LUTRAM
                                                                       ^
C:\Users\ozair\Documents\Code_Drive\Drone\hls_component\cnn_accel\hls\.autopilot\db\conv_pool.pp.0.cpp:13303:72: error: Invalid Directive: for current device, ROM_1P + LUTRAM is invalid combination for BIND_STORAGE's option 'type + impl' [clang-diagnostic-error]
#pragma HLS BIND_STORAGE variable=fourth_order_double::sin_cos_K1 type=ROM_1P impl=LUTRAM
                                                                       ^
C:\Users\ozair\Documents\Code_Drive\Drone\hls_component\cnn_accel\hls\.autopilot\db\conv_pool.pp.0.cpp:13304:72: error: Invalid Directive: for current device, ROM_1P + LUTRAM is invalid combination for BIND_STORAGE's option 'type + impl' [clang-diagnostic-error]
#pragma HLS BIND_STORAGE variable=fourth_order_double::sin_cos_K2 type=ROM_1P impl=LUTRAM
                                                                       ^
C:\Users\ozair\Documents\Code_Drive\Drone\hls_component\cnn_accel\hls\.autopilot\db\conv_pool.pp.0.cpp:13305:72: error: Invalid Directive: for current device, ROM_1P + LUTRAM is invalid combination for BIND_STORAGE's option 'type + impl' [clang-diagnostic-error]
#pragma HLS BIND_STORAGE variable=fourth_order_double::sin_cos_K3 type=ROM_1P impl=LUTRAM
                                                                       ^
C:\Users\ozair\Documents\Code_Drive\Drone\hls_component\cnn_accel\hls\.autopilot\db\conv_pool.pp.0.cpp:13306:72: error: Invalid Directive: for current device, ROM_1P + LUTRAM is invalid combination for BIND_STORAGE's option 'type + impl' [clang-diagnostic-error]
#pragma HLS BIND_STORAGE variable=fourth_order_double::sin_cos_K4 type=ROM_1P impl=LUTRAM
                                                                       ^
C:\Users\ozair\Documents\Code_Drive\Drone\hls_component\cnn_accel\hls\.autopilot\db\conv_pool.pp.0.cpp:13336:68: error: Invalid Directive: for current device, ROM_1P + LUTRAM is invalid combination for BIND_STORAGE's option 'type + impl' [clang-diagnostic-error]
#pragma HLS BIND_STORAGE variable=fourth_order_double::cos_K0 type=ROM_1P impl=LUTRAM
                                                                   ^
C:\Users\ozair\Documents\Code_Drive\Drone\hls_component\cnn_accel\hls\.autopilot\db\conv_pool.pp.0.cpp:13337:68: error: Invalid Directive: for current device, ROM_1P + LUTRAM is invalid combination for BIND_STORAGE's option 'type + impl' [clang-diagnostic-error]
#pragma HLS BIND_STORAGE variable=fourth_order_double::cos_K1 type=ROM_1P impl=LUTRAM
                                                                   ^
C:\Users\ozair\Documents\Code_Drive\Drone\hls_component\cnn_accel\hls\.autopilot\db\conv_pool.pp.0.cpp:13338:68: error: Invalid Directive: for current device, ROM_1P + LUTRAM is invalid combination for BIND_STORAGE's option 'type + impl' [clang-diagnostic-error]
#pragma HLS BIND_STORAGE variable=fourth_order_double::cos_K2 type=ROM_1P impl=LUTRAM
                                                                   ^
C:\Users\ozair\Documents\Code_Drive\Drone\hls_component\cnn_accel\hls\.autopilot\db\conv_pool.pp.0.cpp:13339:68: error: Invalid Directive: for current device, ROM_1P + LUTRAM is invalid combination for BIND_STORAGE's option 'type + impl' [clang-diagnostic-error]
#pragma HLS BIND_STORAGE variable=fourth_order_double::cos_K3 type=ROM_1P impl=LUTRAM
                                                                   ^
C:\Users\ozair\Documents\Code_Drive\Drone\hls_component\cnn_accel\hls\.autopilot\db\conv_pool.pp.0.cpp:13340:68: error: Invalid Directive: for current device, ROM_1P + LUTRAM is invalid combination for BIND_STORAGE's option 'type + impl' [clang-diagnostic-error]
#pragma HLS BIND_STORAGE variable=fourth_order_double::cos_K4 type=ROM_1P impl=LUTRAM
                                                                   ^
C:\Users\ozair\Documents\Code_Drive\Drone\hls_component\cnn_accel\hls\.autopilot\db\conv_pool.pp.0.cpp:13341:68: error: Invalid Directive: for current device, ROM_1P + LUTRAM is invalid combination for BIND_STORAGE's option 'type + impl' [clang-diagnostic-error]
#pragma HLS BIND_STORAGE variable=fourth_order_double::sin_K0 type=ROM_1P impl=LUTRAM
                                                                   ^
C:\Users\ozair\Documents\Code_Drive\Drone\hls_component\cnn_accel\hls\.autopilot\db\conv_pool.pp.0.cpp:13342:68: error: Invalid Directive: for current device, ROM_1P + LUTRAM is invalid combination for BIND_STORAGE's option 'type + impl' [clang-diagnostic-error]
#pragma HLS BIND_STORAGE variable=fourth_order_double::sin_K1 type=ROM_1P impl=LUTRAM
                                                                   ^
C:\Users\ozair\Documents\Code_Drive\Drone\hls_component\cnn_accel\hls\.autopilot\db\conv_pool.pp.0.cpp:13343:68: error: Invalid Directive: for current device, ROM_1P + LUTRAM is invalid combination for BIND_STORAGE's option 'type + impl' [clang-diagnostic-error]
#pragma HLS BIND_STORAGE variable=fourth_order_double::sin_K2 type=ROM_1P impl=LUTRAM
                                                                   ^
C:\Users\ozair\Documents\Code_Drive\Drone\hls_component\cnn_accel\hls\.autopilot\db\conv_pool.pp.0.cpp:13344:68: error: Invalid Directive: for current device, ROM_1P + LUTRAM is invalid combination for BIND_STORAGE's option 'type + impl' [clang-diagnostic-error]
#pragma HLS BIND_STORAGE variable=fourth_order_double::sin_K3 type=ROM_1P impl=LUTRAM
                                                                   ^
C:\Users\ozair\Documents\Code_Drive\Drone\hls_component\cnn_accel\hls\.autopilot\db\conv_pool.pp.0.cpp:13345:68: error: Invalid Directive: for current device, ROM_1P + LUTRAM is invalid combination for BIND_STORAGE's option 'type + impl' [clang-diagnostic-error]
#pragma HLS BIND_STORAGE variable=fourth_order_double::sin_K4 type=ROM_1P impl=LUTRAM
                                                                   ^
C:\Users\ozair\Documents\Code_Drive\Drone\hls_component\cnn_accel\hls\.autopilot\db\conv_pool.pp.0.cpp:13395:71: error: Invalid Directive: for current device, ROM_1P + LUTRAM is invalid combination for BIND_STORAGE's option 'type + impl' [clang-diagnostic-error]
#pragma HLS BIND_STORAGE variable=second_order_float::sin_cos_K0 type=ROM_1P impl=LUTRAM
                                                                      ^
C:\Users\ozair\Documents\Code_Drive\Drone\hls_component\cnn_accel\hls\.autopilot\db\conv_pool.pp.0.cpp:13396:71: error: Invalid Directive: for current device, ROM_1P + LUTRAM is invalid combination for BIND_STORAGE's option 'type + impl' [clang-diagnostic-error]
#pragma HLS BIND_STORAGE variable=second_order_float::sin_cos_K1 type=ROM_1P impl=LUTRAM
                                                                      ^
C:\Users\ozair\Documents\Code_Drive\Drone\hls_component\cnn_accel\hls\.autopilot\db\conv_pool.pp.0.cpp:13397:71: error: Invalid Directive: for current device, ROM_1P + LUTRAM is invalid combination for BIND_STORAGE's option 'type + impl' [clang-diagnostic-error]
#pragma HLS BIND_STORAGE variable=second_order_float::sin_cos_K2 type=ROM_1P impl=LUTRAM
                                                                      ^
C:\Users\ozair\Documents\Code_Drive\Drone\hls_component\cnn_accel\hls\.autopilot\db\conv_pool.pp.0.cpp:13424:67: error: Invalid Directive: for current device, ROM_1P + LUTRAM is invalid combination for BIND_STORAGE's option 'type + impl' [clang-diagnostic-error]
#pragma HLS BIND_STORAGE variable=second_order_float::cos_K0 type=ROM_1P impl=LUTRAM
                                                                  ^
C:\Users\ozair\Documents\Code_Drive\Drone\hls_component\cnn_accel\hls\.autopilot\db\conv_pool.pp.0.cpp:13425:67: error: Invalid Directive: for current device, ROM_1P + LUTRAM is invalid combination for BIND_STORAGE's option 'type + impl' [clang-diagnostic-error]
#pragma HLS BIND_STORAGE variable=second_order_float::cos_K1 type=ROM_1P impl=LUTRAM
                                                                  ^
C:\Users\ozair\Documents\Code_Drive\Drone\hls_component\cnn_accel\hls\.autopilot\db\conv_pool.pp.0.cpp:13426:67: error: Invalid Directive: for current device, ROM_1P + LUTRAM is invalid combination for BIND_STORAGE's option 'type + impl' [clang-diagnostic-error]
#pragma HLS BIND_STORAGE variable=second_order_float::cos_K2 type=ROM_1P impl=LUTRAM
                                                                  ^
C:\Users\ozair\Documents\Code_Drive\Drone\hls_component\cnn_accel\hls\.autopilot\db\conv_pool.pp.0.cpp:13427:67: error: Invalid Directive: for current device, ROM_1P + LUTRAM is invalid combination for BIND_STORAGE's option 'type + impl' [clang-diagnostic-error]
#pragma HLS BIND_STORAGE variable=second_order_float::sin_K0 type=ROM_1P impl=LUTRAM
                                                                  ^
C:\Users\ozair\Documents\Code_Drive\Drone\hls_component\cnn_accel\hls\.autopilot\db\conv_pool.pp.0.cpp:13428:67: error: Invalid Directive: for current device, ROM_1P + LUTRAM is invalid combination for BIND_STORAGE's option 'type + impl' [clang-diagnostic-error]
#pragma HLS BIND_STORAGE variable=second_order_float::sin_K1 type=ROM_1P impl=LUTRAM
                                                                  ^
C:\Users\ozair\Documents\Code_Drive\Drone\hls_component\cnn_accel\hls\.autopilot\db\conv_pool.pp.0.cpp:13429:67: error: Invalid Directive: for current device, ROM_1P + LUTRAM is invalid combination for BIND_STORAGE's option 'type + impl' [clang-diagnostic-error]
#pragma HLS BIND_STORAGE variable=second_order_float::sin_K2 type=ROM_1P impl=LUTRAM
                                                                  ^
C:\Users\ozair\Documents\Code_Drive\Drone\hls_component\cnn_accel\hls\.autopilot\db\conv_pool.pp.0.cpp:13465:73: error: Invalid Directive: for current device, ROM_1P + LUTRAM is invalid combination for BIND_STORAGE's option 'type + impl' [clang-diagnostic-error]
#pragma HLS BIND_STORAGE variable=first_order_fixed_16::sin_cos_K0 type=ROM_1P impl=LUTRAM
                                                                        ^
C:\Users\ozair\Documents\Code_Drive\Drone\hls_component\cnn_accel\hls\.autopilot\db\conv_pool.pp.0.cpp:13466:73: error: Invalid Directive: for current device, ROM_1P + LUTRAM is invalid combination for BIND_STORAGE's option 'type + impl' [clang-diagnostic-error]
#pragma HLS BIND_STORAGE variable=first_order_fixed_16::sin_cos_K1 type=ROM_1P impl=LUTRAM
                                                                        ^
C:\Users\ozair\Documents\Code_Drive\Drone\hls_component\cnn_accel\hls\.autopilot\db\conv_pool.pp.0.cpp:13740:5: warning: Added loop label VITIS_LOOP_61_1:   [xilinx-label-all-loops]
    for (int n=0; n<Nmax; n++){
    ^~~
    VITIS_LOOP_61_1: 
C:\Users\ozair\Documents\Code_Drive\Drone\hls_component\cnn_accel\hls\.autopilot\db\conv_pool.pp.0.cpp:13740:5: note: FIX-IT applied suggested code changes
C:\Users\ozair\Documents\Code_Drive\Drone\hls_component\cnn_accel\hls\.autopilot\db\conv_pool.pp.0.cpp:13786:5: warning: Added loop label VITIS_LOOP_117_1:   [xilinx-label-all-loops]
    for (int n=0; n<Nmax; n++){
    ^~~
    VITIS_LOOP_117_1: 
C:\Users\ozair\Documents\Code_Drive\Drone\hls_component\cnn_accel\hls\.autopilot\db\conv_pool.pp.0.cpp:13786:5: note: FIX-IT applied suggested code changes
C:\Users\ozair\Documents\Code_Drive\Drone\hls_component\cnn_accel\hls\.autopilot\db\conv_pool.pp.0.cpp:13949:9: warning: Added loop label VITIS_LOOP_289_1:   [xilinx-label-all-loops]
        for(int i=0;i<W-1;i++){
        ^~~
        VITIS_LOOP_289_1: 
C:\Users\ozair\Documents\Code_Drive\Drone\hls_component\cnn_accel\hls\.autopilot\db\conv_pool.pp.0.cpp:13949:9: note: FIX-IT applied suggested code changes
C:\Users\ozair\Documents\Code_Drive\Drone\hls_component\cnn_accel\hls\.autopilot\db\conv_pool.pp.0.cpp:14101:9: warning: Added loop label VITIS_LOOP_449_1:   [xilinx-label-all-loops]
        for(int i=0;i<W-1;i++){
        ^~~
        VITIS_LOOP_449_1: 
C:\Users\ozair\Documents\Code_Drive\Drone\hls_component\cnn_accel\hls\.autopilot\db\conv_pool.pp.0.cpp:14101:9: note: FIX-IT applied suggested code changes
C:\Users\ozair\Documents\Code_Drive\Drone\hls_component\cnn_accel\hls\.autopilot\db\conv_pool.pp.0.cpp:14281:5: warning: Added loop label VITIS_LOOP_629_1:   [xilinx-label-all-loops]
    for(int i=0;i<W+1;i++){
    ^~~
    VITIS_LOOP_629_1: 
C:\Users\ozair\Documents\Code_Drive\Drone\hls_component\cnn_accel\hls\.autopilot\db\conv_pool.pp.0.cpp:14281:5: note: FIX-IT applied suggested code changes
C:\Users\ozair\Documents\Code_Drive\Drone\hls_component\cnn_accel\hls\.autopilot\db\conv_pool.pp.0.cpp:14285:5: warning: Added loop label VITIS_LOOP_633_2:   [xilinx-label-all-loops]
    for(int i=0;i<W+1;i++){
    ^~~
    VITIS_LOOP_633_2: 
C:\Users\ozair\Documents\Code_Drive\Drone\hls_component\cnn_accel\hls\.autopilot\db\conv_pool.pp.0.cpp:14285:5: note: FIX-IT applied suggested code changes
C:\Users\ozair\Documents\Code_Drive\Drone\hls_component\cnn_accel\hls\.autopilot\db\conv_pool.pp.0.cpp:14395:5: warning: Added loop label VITIS_LOOP_743_1:   [xilinx-label-all-loops]
    for (int n=0; n<Nmax; n++){
    ^~~
    VITIS_LOOP_743_1: 
C:\Users\ozair\Documents\Code_Drive\Drone\hls_component\cnn_accel\hls\.autopilot\db\conv_pool.pp.0.cpp:14395:5: note: FIX-IT applied suggested code changes
C:\Users\ozair\Documents\Code_Drive\Drone\hls_component\cnn_accel\hls\.autopilot\db\conv_pool.pp.0.cpp:14485:7: warning: Added loop label VITIS_LOOP_840_1:   [xilinx-label-all-loops]
      for(int i=0;i<W-1;i++){
      ^~~
      VITIS_LOOP_840_1: 
C:\Users\ozair\Documents\Code_Drive\Drone\hls_component\cnn_accel\hls\.autopilot\db\conv_pool.pp.0.cpp:14485:7: note: FIX-IT applied suggested code changes
C:\Users\ozair\Documents\Code_Drive\Drone\hls_component\cnn_accel\hls\.autopilot\db\conv_pool.pp.0.cpp:14504:7: warning: Added loop label VITIS_LOOP_859_2:   [xilinx-label-all-loops]
      for(int i=0;i<W-1;i++){
      ^~~
      VITIS_LOOP_859_2: 
C:\Users\ozair\Documents\Code_Drive\Drone\hls_component\cnn_accel\hls\.autopilot\db\conv_pool.pp.0.cpp:14504:7: note: FIX-IT applied suggested code changes
C:\Users\ozair\Documents\Code_Drive\Drone\hls_component\cnn_accel\hls\.autopilot\db\conv_pool.pp.0.cpp:14794:5: warning: Added loop label VITIS_LOOP_1173_1:   [xilinx-label-all-loops]
    for(int i=0; i<Nmax; i++) {
    ^~~
    VITIS_LOOP_1173_1: 
C:\Users\ozair\Documents\Code_Drive\Drone\hls_component\cnn_accel\hls\.autopilot\db\conv_pool.pp.0.cpp:14794:5: note: FIX-IT applied suggested code changes
C:\Users\ozair\Documents\Code_Drive\Drone\hls_component\cnn_accel\hls\.autopilot\db\conv_pool.pp.0.cpp:14877:5: warning: Added loop label VITIS_LOOP_1256_1:   [xilinx-label-all-loops]
    for(int i=0; i<Nmax; i++) {
    ^~~
    VITIS_LOOP_1256_1: 
C:\Users\ozair\Documents\Code_Drive\Drone\hls_component\cnn_accel\hls\.autopilot\db\conv_pool.pp.0.cpp:14877:5: note: FIX-IT applied suggested code changes
C:\Users\ozair\Documents\Code_Drive\Drone\hls_component\cnn_accel\hls\.autopilot\db\conv_pool.pp.0.cpp:15283:13: warning: Added loop label VITIS_LOOP_68_1:   [xilinx-label-all-loops]
            for (int j = 3; j >= I_+1; j--) {
            ^~~
            VITIS_LOOP_68_1: 
C:\Users\ozair\Documents\Code_Drive\Drone\hls_component\cnn_accel\hls\.autopilot\db\conv_pool.pp.0.cpp:15283:13: note: FIX-IT applied suggested code changes
C:\Users\ozair\Documents\Code_Drive\Drone\hls_component\cnn_accel\hls\.autopilot\db\conv_pool.pp.0.cpp:15289:17: warning: Added loop label VITIS_LOOP_74_2:   [xilinx-label-all-loops]
                for (int j = 3; j >= I_+1; j--){
                ^~~
                VITIS_LOOP_74_2: 
C:\Users\ozair\Documents\Code_Drive\Drone\hls_component\cnn_accel\hls\.autopilot\db\conv_pool.pp.0.cpp:15289:17: note: FIX-IT applied suggested code changes
C:\Users\ozair\Documents\Code_Drive\Drone\hls_component\cnn_accel\hls\.autopilot\db\conv_pool.pp.0.cpp:15293:17: warning: Added loop label VITIS_LOOP_78_3:   [xilinx-label-all-loops]
                for (int j = I_; j >= 0; j--){
                ^~~
                VITIS_LOOP_78_3: 
C:\Users\ozair\Documents\Code_Drive\Drone\hls_component\cnn_accel\hls\.autopilot\db\conv_pool.pp.0.cpp:15293:17: note: FIX-IT applied suggested code changes
C:\Users\ozair\Documents\Code_Drive\Drone\hls_component\cnn_accel\hls\.autopilot\db\conv_pool.pp.0.cpp:15340:13: warning: Added loop label VITIS_LOOP_145_4:   [xilinx-label-all-loops]
            for (int j = 9; j >= I_+4; j--) {
            ^~~
            VITIS_LOOP_145_4: 
C:\Users\ozair\Documents\Code_Drive\Drone\hls_component\cnn_accel\hls\.autopilot\db\conv_pool.pp.0.cpp:15340:13: note: FIX-IT applied suggested code changes
C:\Users\ozair\Documents\Code_Drive\Drone\hls_component\cnn_accel\hls\.autopilot\db\conv_pool.pp.0.cpp:15346:17: warning: Added loop label VITIS_LOOP_151_5:   [xilinx-label-all-loops]
                for (int j = 9; j >= I_+4; j--){
                ^~~
                VITIS_LOOP_151_5: 
C:\Users\ozair\Documents\Code_Drive\Drone\hls_component\cnn_accel\hls\.autopilot\db\conv_pool.pp.0.cpp:15346:17: note: FIX-IT applied suggested code changes
C:\Users\ozair\Documents\Code_Drive\Drone\hls_component\cnn_accel\hls\.autopilot\db\conv_pool.pp.0.cpp:15350:17: warning: Added loop label VITIS_LOOP_155_6:   [xilinx-label-all-loops]
                for (int j = I_+3; j >= 0; j--){
                ^~~
                VITIS_LOOP_155_6: 
C:\Users\ozair\Documents\Code_Drive\Drone\hls_component\cnn_accel\hls\.autopilot\db\conv_pool.pp.0.cpp:15350:17: note: FIX-IT applied suggested code changes
C:\Users\ozair\Documents\Code_Drive\Drone\hls_component\cnn_accel\hls\.autopilot\db\conv_pool.pp.0.cpp:15365:9: warning: Added loop label VITIS_LOOP_170_7:   [xilinx-label-all-loops]
        for (int j = 14; j < 22; j++){
        ^~~
        VITIS_LOOP_170_7: 
C:\Users\ozair\Documents\Code_Drive\Drone\hls_component\cnn_accel\hls\.autopilot\db\conv_pool.pp.0.cpp:15365:9: note: FIX-IT applied suggested code changes
C:\Users\ozair\Documents\Code_Drive\Drone\hls_component\cnn_accel\hls\.autopilot\db\conv_pool.pp.0.cpp:15373:17: warning: Added loop label VITIS_LOOP_178_8:   [xilinx-label-all-loops]
                for (int j = 0; j < 22; j++){
                ^~~
                VITIS_LOOP_178_8: 
C:\Users\ozair\Documents\Code_Drive\Drone\hls_component\cnn_accel\hls\.autopilot\db\conv_pool.pp.0.cpp:15373:17: note: FIX-IT applied suggested code changes
C:\Users\ozair\Documents\Code_Drive\Drone\hls_component\cnn_accel\hls\.autopilot\db\conv_pool.pp.0.cpp:15438:13: warning: Added loop label VITIS_LOOP_243_9:   [xilinx-label-all-loops]
            for (int j = 21; j >= I_+10; j--) {
            ^~~
            VITIS_LOOP_243_9: 
C:\Users\ozair\Documents\Code_Drive\Drone\hls_component\cnn_accel\hls\.autopilot\db\conv_pool.pp.0.cpp:15438:13: note: FIX-IT applied suggested code changes
C:\Users\ozair\Documents\Code_Drive\Drone\hls_component\cnn_accel\hls\.autopilot\db\conv_pool.pp.0.cpp:15444:17: warning: Added loop label VITIS_LOOP_249_10:   [xilinx-label-all-loops]
                for (int j = 21; j >= I_+10; j--) {
                ^~~
                VITIS_LOOP_249_10: 
C:\Users\ozair\Documents\Code_Drive\Drone\hls_component\cnn_accel\hls\.autopilot\db\conv_pool.pp.0.cpp:15444:17: note: FIX-IT applied suggested code changes
C:\Users\ozair\Documents\Code_Drive\Drone\hls_component\cnn_accel\hls\.autopilot\db\conv_pool.pp.0.cpp:15448:17: warning: Added loop label VITIS_LOOP_253_11:   [xilinx-label-all-loops]
                for (int j = I_+9; j >= 0; j--) {
                ^~~
                VITIS_LOOP_253_11: 
C:\Users\ozair\Documents\Code_Drive\Drone\hls_component\cnn_accel\hls\.autopilot\db\conv_pool.pp.0.cpp:15448:17: note: FIX-IT applied suggested code changes
C:\Users\ozair\Documents\Code_Drive\Drone\hls_component\cnn_accel\hls\.autopilot\db\conv_pool.pp.0.cpp:15463:9: warning: Added loop label VITIS_LOOP_268_12:   [xilinx-label-all-loops]
        for (int j = 27; j < 46; j++){
        ^~~
        VITIS_LOOP_268_12: 
C:\Users\ozair\Documents\Code_Drive\Drone\hls_component\cnn_accel\hls\.autopilot\db\conv_pool.pp.0.cpp:15463:9: note: FIX-IT applied suggested code changes
C:\Users\ozair\Documents\Code_Drive\Drone\hls_component\cnn_accel\hls\.autopilot\db\conv_pool.pp.0.cpp:15471:17: warning: Added loop label VITIS_LOOP_276_13:   [xilinx-label-all-loops]
                for (int j = 0; j < 46; j++) {
                ^~~
                VITIS_LOOP_276_13: 
C:\Users\ozair\Documents\Code_Drive\Drone\hls_component\cnn_accel\hls\.autopilot\db\conv_pool.pp.0.cpp:15471:17: note: FIX-IT applied suggested code changes
C:\Users\ozair\Documents\Code_Drive\Drone\hls_component\cnn_accel\hls\.autopilot\db\conv_pool.pp.0.cpp:15700:13: warning: Added loop label VITIS_LOOP_505_14:   [xilinx-label-all-loops]
            for (int j = 45; j >= I_+22; j--) {
            ^~~
            VITIS_LOOP_505_14: 
C:\Users\ozair\Documents\Code_Drive\Drone\hls_component\cnn_accel\hls\.autopilot\db\conv_pool.pp.0.cpp:15700:13: note: FIX-IT applied suggested code changes
C:\Users\ozair\Documents\Code_Drive\Drone\hls_component\cnn_accel\hls\.autopilot\db\conv_pool.pp.0.cpp:15706:17: warning: Added loop label VITIS_LOOP_511_15:   [xilinx-label-all-loops]
                for (int j = 45; j >= I_+22; j--){
                ^~~
                VITIS_LOOP_511_15: 
C:\Users\ozair\Documents\Code_Drive\Drone\hls_component\cnn_accel\hls\.autopilot\db\conv_pool.pp.0.cpp:15706:17: note: FIX-IT applied suggested code changes
C:\Users\ozair\Documents\Code_Drive\Drone\hls_component\cnn_accel\hls\.autopilot\db\conv_pool.pp.0.cpp:15710:17: warning: Added loop label VITIS_LOOP_515_16:   [xilinx-label-all-loops]
                for (int j = I_+21; j >= 0; j--) {
                ^~~
                VITIS_LOOP_515_16: 
C:\Users\ozair\Documents\Code_Drive\Drone\hls_component\cnn_accel\hls\.autopilot\db\conv_pool.pp.0.cpp:15710:17: note: FIX-IT applied suggested code changes
C:\Users\ozair\Documents\Code_Drive\Drone\hls_component\cnn_accel\hls\.autopilot\db\conv_pool.pp.0.cpp:15720:9: warning: Added loop label VITIS_LOOP_525_17:   [xilinx-label-all-loops]
        for (int j = 32-F_; j < 32+I_; j++){
        ^~~
        VITIS_LOOP_525_17: 
C:\Users\ozair\Documents\Code_Drive\Drone\hls_component\cnn_accel\hls\.autopilot\db\conv_pool.pp.0.cpp:15720:9: note: FIX-IT applied suggested code changes
C:\Users\ozair\Documents\Code_Drive\Drone\hls_component\cnn_accel\hls\.autopilot\db\conv_pool.pp.0.cpp:15724:9: warning: Added loop label VITIS_LOOP_529_18:   [xilinx-label-all-loops]
        for (int j = 32+I_; j <= 64; j++){
        ^~~
        VITIS_LOOP_529_18: 
C:\Users\ozair\Documents\Code_Drive\Drone\hls_component\cnn_accel\hls\.autopilot\db\conv_pool.pp.0.cpp:15724:9: note: FIX-IT applied suggested code changes
C:\Users\ozair\Documents\Code_Drive\Drone\hls_component\cnn_accel\hls\.autopilot\db\conv_pool.pp.0.cpp:15734:9: warning: Added loop label VITIS_LOOP_539_19:   [xilinx-label-all-loops]
        for (int j = 37; j < 64; j++) {
        ^~~
        VITIS_LOOP_539_19: 
C:\Users\ozair\Documents\Code_Drive\Drone\hls_component\cnn_accel\hls\.autopilot\db\conv_pool.pp.0.cpp:15734:9: note: FIX-IT applied suggested code changes
C:\Users\ozair\Documents\Code_Drive\Drone\hls_component\cnn_accel\hls\.autopilot\db\conv_pool.pp.0.cpp:15742:17: warning: Added loop label VITIS_LOOP_547_20:   [xilinx-label-all-loops]
                for (int j = 0; j < 64; j++){
                ^~~
                VITIS_LOOP_547_20: 
C:\Users\ozair\Documents\Code_Drive\Drone\hls_component\cnn_accel\hls\.autopilot\db\conv_pool.pp.0.cpp:15742:17: note: FIX-IT applied suggested code changes
C:\Users\ozair\Documents\Code_Drive\Drone\hls_component\cnn_accel\hls\.autopilot\db\conv_pool.pp.0.cpp:16103:13: warning: Added loop label VITIS_LOOP_908_21:   [xilinx-label-all-loops]
            for (int j = 63; j >= I_+31; j--) {
            ^~~
            VITIS_LOOP_908_21: 
C:\Users\ozair\Documents\Code_Drive\Drone\hls_component\cnn_accel\hls\.autopilot\db\conv_pool.pp.0.cpp:16103:13: note: FIX-IT applied suggested code changes
C:\Users\ozair\Documents\Code_Drive\Drone\hls_component\cnn_accel\hls\.autopilot\db\conv_pool.pp.0.cpp:16109:17: warning: Added loop label VITIS_LOOP_914_22:   [xilinx-label-all-loops]
                for (int j = 63; j >= I_+31; j--) {
                ^~~
                VITIS_LOOP_914_22: 
C:\Users\ozair\Documents\Code_Drive\Drone\hls_component\cnn_accel\hls\.autopilot\db\conv_pool.pp.0.cpp:16109:17: note: FIX-IT applied suggested code changes
C:\Users\ozair\Documents\Code_Drive\Drone\hls_component\cnn_accel\hls\.autopilot\db\conv_pool.pp.0.cpp:16113:17: warning: Added loop label VITIS_LOOP_918_23:   [xilinx-label-all-loops]
                for (int j = I_+30; j >= 0; j--) {
                ^~~
                VITIS_LOOP_918_23: 
C:\Users\ozair\Documents\Code_Drive\Drone\hls_component\cnn_accel\hls\.autopilot\db\conv_pool.pp.0.cpp:16113:17: note: FIX-IT applied suggested code changes
C:\Users\ozair\Documents\Code_Drive\Drone\hls_component\cnn_accel\hls\.autopilot\db\conv_pool.pp.0.cpp:16229:13: warning: Added loop label VITIS_LOOP_1034_1:   [xilinx-label-all-loops]
            for (int j = 4; j >= I_+1; j--) {
            ^~~
            VITIS_LOOP_1034_1: 
C:\Users\ozair\Documents\Code_Drive\Drone\hls_component\cnn_accel\hls\.autopilot\db\conv_pool.pp.0.cpp:16229:13: note: FIX-IT applied suggested code changes
C:\Users\ozair\Documents\Code_Drive\Drone\hls_component\cnn_accel\hls\.autopilot\db\conv_pool.pp.0.cpp:16235:17: warning: Added loop label VITIS_LOOP_1040_2:   [xilinx-label-all-loops]
                for (int j = 4; j >= I_+1; j--) {
                ^~~
                VITIS_LOOP_1040_2: 
C:\Users\ozair\Documents\Code_Drive\Drone\hls_component\cnn_accel\hls\.autopilot\db\conv_pool.pp.0.cpp:16235:17: note: FIX-IT applied suggested code changes
C:\Users\ozair\Documents\Code_Drive\Drone\hls_component\cnn_accel\hls\.autopilot\db\conv_pool.pp.0.cpp:16239:17: warning: Added loop label VITIS_LOOP_1044_3:   [xilinx-label-all-loops]
                for (int j = I_; j >= 0; j--) {
                ^~~
                VITIS_LOOP_1044_3: 
C:\Users\ozair\Documents\Code_Drive\Drone\hls_component\cnn_accel\hls\.autopilot\db\conv_pool.pp.0.cpp:16239:17: note: FIX-IT applied suggested code changes
C:\Users\ozair\Documents\Code_Drive\Drone\hls_component\cnn_accel\hls\.autopilot\db\conv_pool.pp.0.cpp:16326:13: warning: Added loop label VITIS_LOOP_1131_4:   [xilinx-label-all-loops]
            for (int j = 10; j >= I_+4; j--) {
            ^~~
            VITIS_LOOP_1131_4: 
C:\Users\ozair\Documents\Code_Drive\Drone\hls_component\cnn_accel\hls\.autopilot\db\conv_pool.pp.0.cpp:16326:13: note: FIX-IT applied suggested code changes
C:\Users\ozair\Documents\Code_Drive\Drone\hls_component\cnn_accel\hls\.autopilot\db\conv_pool.pp.0.cpp:16332:17: warning: Added loop label VITIS_LOOP_1137_5:   [xilinx-label-all-loops]
                for (int j = 10; j >= I_+4; j--) {
                ^~~
                VITIS_LOOP_1137_5: 
C:\Users\ozair\Documents\Code_Drive\Drone\hls_component\cnn_accel\hls\.autopilot\db\conv_pool.pp.0.cpp:16332:17: note: FIX-IT applied suggested code changes
C:\Users\ozair\Documents\Code_Drive\Drone\hls_component\cnn_accel\hls\.autopilot\db\conv_pool.pp.0.cpp:16336:17: warning: Added loop label VITIS_LOOP_1141_6:   [xilinx-label-all-loops]
                for (int j = I_+3; j >= 0; j--) {
                ^~~
                VITIS_LOOP_1141_6: 
C:\Users\ozair\Documents\Code_Drive\Drone\hls_component\cnn_accel\hls\.autopilot\db\conv_pool.pp.0.cpp:16336:17: note: FIX-IT applied suggested code changes
C:\Users\ozair\Documents\Code_Drive\Drone\hls_component\cnn_accel\hls\.autopilot\db\conv_pool.pp.0.cpp:16355:9: warning: Added loop label VITIS_LOOP_1160_7:   [xilinx-label-all-loops]
        for (int j = wf+3; j < w-1; j++) {
        ^~~
        VITIS_LOOP_1160_7: 
C:\Users\ozair\Documents\Code_Drive\Drone\hls_component\cnn_accel\hls\.autopilot\db\conv_pool.pp.0.cpp:16355:9: note: FIX-IT applied suggested code changes
C:\Users\ozair\Documents\Code_Drive\Drone\hls_component\cnn_accel\hls\.autopilot\db\conv_pool.pp.0.cpp:16362:17: warning: Added loop label VITIS_LOOP_1167_8:   [xilinx-label-all-loops]
                for (int j = 0; j < 22; j++) {
                ^~~
                VITIS_LOOP_1167_8: 
C:\Users\ozair\Documents\Code_Drive\Drone\hls_component\cnn_accel\hls\.autopilot\db\conv_pool.pp.0.cpp:16362:17: note: FIX-IT applied suggested code changes
C:\Users\ozair\Documents\Code_Drive\Drone\hls_component\cnn_accel\hls\.autopilot\db\conv_pool.pp.0.cpp:16478:13: warning: Added loop label VITIS_LOOP_1283_9:   [xilinx-label-all-loops]
            for (int j = 22; j >= I_+10; j--) {
            ^~~
            VITIS_LOOP_1283_9: 
C:\Users\ozair\Documents\Code_Drive\Drone\hls_component\cnn_accel\hls\.autopilot\db\conv_pool.pp.0.cpp:16478:13: note: FIX-IT applied suggested code changes
C:\Users\ozair\Documents\Code_Drive\Drone\hls_component\cnn_accel\hls\.autopilot\db\conv_pool.pp.0.cpp:16484:17: warning: Added loop label VITIS_LOOP_1289_10:   [xilinx-label-all-loops]
                for (int j = 22; j >= I_+10; j--){
                ^~~
                VITIS_LOOP_1289_10: 
C:\Users\ozair\Documents\Code_Drive\Drone\hls_component\cnn_accel\hls\.autopilot\db\conv_pool.pp.0.cpp:16484:17: note: FIX-IT applied suggested code changes
C:\Users\ozair\Documents\Code_Drive\Drone\hls_component\cnn_accel\hls\.autopilot\db\conv_pool.pp.0.cpp:16488:17: warning: Added loop label VITIS_LOOP_1293_11:   [xilinx-label-all-loops]
                for (int j = I_+9; j >= 0; j--) {
                ^~~
                VITIS_LOOP_1293_11: 
C:\Users\ozair\Documents\Code_Drive\Drone\hls_component\cnn_accel\hls\.autopilot\db\conv_pool.pp.0.cpp:16488:17: note: FIX-IT applied suggested code changes
C:\Users\ozair\Documents\Code_Drive\Drone\hls_component\cnn_accel\hls\.autopilot\db\conv_pool.pp.0.cpp:16508:9: warning: Added loop label VITIS_LOOP_1313_12:   [xilinx-label-all-loops]
        for (int j = wf+4; j < w-1; j++){
        ^~~
        VITIS_LOOP_1313_12: 
C:\Users\ozair\Documents\Code_Drive\Drone\hls_component\cnn_accel\hls\.autopilot\db\conv_pool.pp.0.cpp:16508:9: note: FIX-IT applied suggested code changes
C:\Users\ozair\Documents\Code_Drive\Drone\hls_component\cnn_accel\hls\.autopilot\db\conv_pool.pp.0.cpp:16515:17: warning: Added loop label VITIS_LOOP_1320_13:   [xilinx-label-all-loops]
                for (int j = 0; j < 46; j++) {
                ^~~
                VITIS_LOOP_1320_13: 
C:\Users\ozair\Documents\Code_Drive\Drone\hls_component\cnn_accel\hls\.autopilot\db\conv_pool.pp.0.cpp:16515:17: note: FIX-IT applied suggested code changes
C:\Users\ozair\Documents\Code_Drive\Drone\hls_component\cnn_accel\hls\.autopilot\db\conv_pool.pp.0.cpp:16777:13: warning: Added loop label VITIS_LOOP_1582_14:   [xilinx-label-all-loops]
            for (int j = 46; j >= I_+22; j--) {
            ^~~
            VITIS_LOOP_1582_14: 
C:\Users\ozair\Documents\Code_Drive\Drone\hls_component\cnn_accel\hls\.autopilot\db\conv_pool.pp.0.cpp:16777:13: note: FIX-IT applied suggested code changes
C:\Users\ozair\Documents\Code_Drive\Drone\hls_component\cnn_accel\hls\.autopilot\db\conv_pool.pp.0.cpp:16783:17: warning: Added loop label VITIS_LOOP_1588_15:   [xilinx-label-all-loops]
                for (int j = 46; j >= I_+22; j--) {
                ^~~
                VITIS_LOOP_1588_15: 
C:\Users\ozair\Documents\Code_Drive\Drone\hls_component\cnn_accel\hls\.autopilot\db\conv_pool.pp.0.cpp:16783:17: note: FIX-IT applied suggested code changes
C:\Users\ozair\Documents\Code_Drive\Drone\hls_component\cnn_accel\hls\.autopilot\db\conv_pool.pp.0.cpp:16787:17: warning: Added loop label VITIS_LOOP_1592_16:   [xilinx-label-all-loops]
                for (int j = I_+21; j >= 0; j--) {
                ^~~
                VITIS_LOOP_1592_16: 
C:\Users\ozair\Documents\Code_Drive\Drone\hls_component\cnn_accel\hls\.autopilot\db\conv_pool.pp.0.cpp:16787:17: note: FIX-IT applied suggested code changes
C:\Users\ozair\Documents\Code_Drive\Drone\hls_component\cnn_accel\hls\.autopilot\db\conv_pool.pp.0.cpp:16811:9: warning: Added loop label VITIS_LOOP_1616_17:   [xilinx-label-all-loops]
        for (int j = wf+5; j < w-1; j++){
        ^~~
        VITIS_LOOP_1616_17: 
C:\Users\ozair\Documents\Code_Drive\Drone\hls_component\cnn_accel\hls\.autopilot\db\conv_pool.pp.0.cpp:16811:9: note: FIX-IT applied suggested code changes
C:\Users\ozair\Documents\Code_Drive\Drone\hls_component\cnn_accel\hls\.autopilot\db\conv_pool.pp.0.cpp:16818:17: warning: Added loop label VITIS_LOOP_1623_18:   [xilinx-label-all-loops]
                for (int j = 0; j < 64; j++) {
                ^~~
                VITIS_LOOP_1623_18: 
C:\Users\ozair\Documents\Code_Drive\Drone\hls_component\cnn_accel\hls\.autopilot\db\conv_pool.pp.0.cpp:16818:17: note: FIX-IT applied suggested code changes
C:\Users\ozair\Documents\Code_Drive\Drone\hls_component\cnn_accel\hls\.autopilot\db\conv_pool.pp.0.cpp:17248:13: warning: Added loop label VITIS_LOOP_2053_19:   [xilinx-label-all-loops]
            for (int j = 64; j >= I_+31; j--) {
            ^~~
            VITIS_LOOP_2053_19: 
C:\Users\ozair\Documents\Code_Drive\Drone\hls_component\cnn_accel\hls\.autopilot\db\conv_pool.pp.0.cpp:17248:13: note: FIX-IT applied suggested code changes
C:\Users\ozair\Documents\Code_Drive\Drone\hls_component\cnn_accel\hls\.autopilot\db\conv_pool.pp.0.cpp:17254:17: warning: Added loop label VITIS_LOOP_2059_20:   [xilinx-label-all-loops]
                for (int j = 64; j >= I_+31; j--) {
                ^~~
                VITIS_LOOP_2059_20: 
C:\Users\ozair\Documents\Code_Drive\Drone\hls_component\cnn_accel\hls\.autopilot\db\conv_pool.pp.0.cpp:17254:17: note: FIX-IT applied suggested code changes
C:\Users\ozair\Documents\Code_Drive\Drone\hls_component\cnn_accel\hls\.autopilot\db\conv_pool.pp.0.cpp:17258:17: warning: Added loop label VITIS_LOOP_2063_21:   [xilinx-label-all-loops]
                for (int j = I_+30; j >= 0; j--) {
                ^~~
                VITIS_LOOP_2063_21: 
C:\Users\ozair\Documents\Code_Drive\Drone\hls_component\cnn_accel\hls\.autopilot\db\conv_pool.pp.0.cpp:17258:17: note: FIX-IT applied suggested code changes
C:\Users\ozair\Documents\Code_Drive\Drone\hls_component\cnn_accel\hls\.autopilot\db\conv_pool.pp.0.cpp:17387:13: warning: Added loop label VITIS_LOOP_2192_1:   [xilinx-label-all-loops]
            for(int j=3; j>=I+1; j--) {
            ^~~
            VITIS_LOOP_2192_1: 
C:\Users\ozair\Documents\Code_Drive\Drone\hls_component\cnn_accel\hls\.autopilot\db\conv_pool.pp.0.cpp:17387:13: note: FIX-IT applied suggested code changes
C:\Users\ozair\Documents\Code_Drive\Drone\hls_component\cnn_accel\hls\.autopilot\db\conv_pool.pp.0.cpp:17394:17: warning: Added loop label VITIS_LOOP_2199_2:   [xilinx-label-all-loops]
                for(int j=3; j>=I+1; j--) {
                ^~~
                VITIS_LOOP_2199_2: 
C:\Users\ozair\Documents\Code_Drive\Drone\hls_component\cnn_accel\hls\.autopilot\db\conv_pool.pp.0.cpp:17394:17: note: FIX-IT applied suggested code changes
C:\Users\ozair\Documents\Code_Drive\Drone\hls_component\cnn_accel\hls\.autopilot\db\conv_pool.pp.0.cpp:17398:17: warning: Added loop label VITIS_LOOP_2203_3:   [xilinx-label-all-loops]
                for(int j=I; j>=0; j--) {
                ^~~
                VITIS_LOOP_2203_3: 
C:\Users\ozair\Documents\Code_Drive\Drone\hls_component\cnn_accel\hls\.autopilot\db\conv_pool.pp.0.cpp:17398:17: note: FIX-IT applied suggested code changes
C:\Users\ozair\Documents\Code_Drive\Drone\hls_component\cnn_accel\hls\.autopilot\db\conv_pool.pp.0.cpp:17445:13: warning: Added loop label VITIS_LOOP_2250_4:   [xilinx-label-all-loops]
            for(int j=7; j>=3+I; j--) {
            ^~~
            VITIS_LOOP_2250_4: 
C:\Users\ozair\Documents\Code_Drive\Drone\hls_component\cnn_accel\hls\.autopilot\db\conv_pool.pp.0.cpp:17445:13: note: FIX-IT applied suggested code changes
C:\Users\ozair\Documents\Code_Drive\Drone\hls_component\cnn_accel\hls\.autopilot\db\conv_pool.pp.0.cpp:17452:17: warning: Added loop label VITIS_LOOP_2257_5:   [xilinx-label-all-loops]
                for(int j=7; j>=3+I; j--) {
                ^~~
                VITIS_LOOP_2257_5: 
C:\Users\ozair\Documents\Code_Drive\Drone\hls_component\cnn_accel\hls\.autopilot\db\conv_pool.pp.0.cpp:17452:17: note: FIX-IT applied suggested code changes
C:\Users\ozair\Documents\Code_Drive\Drone\hls_component\cnn_accel\hls\.autopilot\db\conv_pool.pp.0.cpp:17456:17: warning: Added loop label VITIS_LOOP_2261_6:   [xilinx-label-all-loops]
                for(int j=I+2; j>=0; j--) {
                ^~~
                VITIS_LOOP_2261_6: 
C:\Users\ozair\Documents\Code_Drive\Drone\hls_component\cnn_accel\hls\.autopilot\db\conv_pool.pp.0.cpp:17456:17: note: FIX-IT applied suggested code changes
C:\Users\ozair\Documents\Code_Drive\Drone\hls_component\cnn_accel\hls\.autopilot\db\conv_pool.pp.0.cpp:17474:9: warning: Added loop label VITIS_LOOP_2279_7:   [xilinx-label-all-loops]
        for(int j=11; j<16; j++) {
        ^~~
        VITIS_LOOP_2279_7: 
C:\Users\ozair\Documents\Code_Drive\Drone\hls_component\cnn_accel\hls\.autopilot\db\conv_pool.pp.0.cpp:17474:9: note: FIX-IT applied suggested code changes
C:\Users\ozair\Documents\Code_Drive\Drone\hls_component\cnn_accel\hls\.autopilot\db\conv_pool.pp.0.cpp:17529:13: warning: Added loop label VITIS_LOOP_2334_8:   [xilinx-label-all-loops]
            for(int j=15; j>=7+I; j--) {
            ^~~
            VITIS_LOOP_2334_8: 
C:\Users\ozair\Documents\Code_Drive\Drone\hls_component\cnn_accel\hls\.autopilot\db\conv_pool.pp.0.cpp:17529:13: note: FIX-IT applied suggested code changes
C:\Users\ozair\Documents\Code_Drive\Drone\hls_component\cnn_accel\hls\.autopilot\db\conv_pool.pp.0.cpp:17536:17: warning: Added loop label VITIS_LOOP_2341_9:   [xilinx-label-all-loops]
                for(int j=15; j>=7+I; j--) {
                ^~~
                VITIS_LOOP_2341_9: 
C:\Users\ozair\Documents\Code_Drive\Drone\hls_component\cnn_accel\hls\.autopilot\db\conv_pool.pp.0.cpp:17536:17: note: FIX-IT applied suggested code changes
C:\Users\ozair\Documents\Code_Drive\Drone\hls_component\cnn_accel\hls\.autopilot\db\conv_pool.pp.0.cpp:17540:17: warning: Added loop label VITIS_LOOP_2345_10:   [xilinx-label-all-loops]
                for(int j=6+I; j>=0; j--) {
                ^~~
                VITIS_LOOP_2345_10: 
C:\Users\ozair\Documents\Code_Drive\Drone\hls_component\cnn_accel\hls\.autopilot\db\conv_pool.pp.0.cpp:17540:17: note: FIX-IT applied suggested code changes
C:\Users\ozair\Documents\Code_Drive\Drone\hls_component\cnn_accel\hls\.autopilot\db\conv_pool.pp.0.cpp:17558:9: warning: Added loop label VITIS_LOOP_2363_11:   [xilinx-label-all-loops]
        for(int j=20; j<32; j++) {
        ^~~
        VITIS_LOOP_2363_11: 
C:\Users\ozair\Documents\Code_Drive\Drone\hls_component\cnn_accel\hls\.autopilot\db\conv_pool.pp.0.cpp:17558:9: note: FIX-IT applied suggested code changes
C:\Users\ozair\Documents\Code_Drive\Drone\hls_component\cnn_accel\hls\.autopilot\db\conv_pool.pp.0.cpp:17647:13: warning: Added loop label VITIS_LOOP_2452_12:   [xilinx-label-all-loops]
            for(int j=31; j>=I+15; j--) {
            ^~~
            VITIS_LOOP_2452_12: 
C:\Users\ozair\Documents\Code_Drive\Drone\hls_component\cnn_accel\hls\.autopilot\db\conv_pool.pp.0.cpp:17647:13: note: FIX-IT applied suggested code changes
C:\Users\ozair\Documents\Code_Drive\Drone\hls_component\cnn_accel\hls\.autopilot\db\conv_pool.pp.0.cpp:17654:17: warning: Added loop label VITIS_LOOP_2459_13:   [xilinx-label-all-loops]
                for(int j=31; j>=I+15; j--) {
                ^~~
                VITIS_LOOP_2459_13: 
C:\Users\ozair\Documents\Code_Drive\Drone\hls_component\cnn_accel\hls\.autopilot\db\conv_pool.pp.0.cpp:17654:17: note: FIX-IT applied suggested code changes
C:\Users\ozair\Documents\Code_Drive\Drone\hls_component\cnn_accel\hls\.autopilot\db\conv_pool.pp.0.cpp:17658:17: warning: Added loop label VITIS_LOOP_2463_14:   [xilinx-label-all-loops]
                for(int j=I+14; j>=0; j--) {
                ^~~
                VITIS_LOOP_2463_14: 
C:\Users\ozair\Documents\Code_Drive\Drone\hls_component\cnn_accel\hls\.autopilot\db\conv_pool.pp.0.cpp:17658:17: note: FIX-IT applied suggested code changes
C:\Users\ozair\Documents\Code_Drive\Drone\hls_component\cnn_accel\hls\.autopilot\db\conv_pool.pp.0.cpp:17668:9: warning: Added loop label VITIS_LOOP_2473_15:   [xilinx-label-all-loops]
        for(int j=32-F; j<32+I; j++) {
        ^~~
        VITIS_LOOP_2473_15: 
C:\Users\ozair\Documents\Code_Drive\Drone\hls_component\cnn_accel\hls\.autopilot\db\conv_pool.pp.0.cpp:17668:9: note: FIX-IT applied suggested code changes
C:\Users\ozair\Documents\Code_Drive\Drone\hls_component\cnn_accel\hls\.autopilot\db\conv_pool.pp.0.cpp:17672:9: warning: Added loop label VITIS_LOOP_2477_16:   [xilinx-label-all-loops]
        for(int j=32+I; j<=64; j++) {
        ^~~
        VITIS_LOOP_2477_16: 
C:\Users\ozair\Documents\Code_Drive\Drone\hls_component\cnn_accel\hls\.autopilot\db\conv_pool.pp.0.cpp:17672:9: note: FIX-IT applied suggested code changes
C:\Users\ozair\Documents\Code_Drive\Drone\hls_component\cnn_accel\hls\.autopilot\db\conv_pool.pp.0.cpp:17683:9: warning: Added loop label VITIS_LOOP_2488_17:   [xilinx-label-all-loops]
        for(int j=37; j<64; j++) {
        ^~~
        VITIS_LOOP_2488_17: 
C:\Users\ozair\Documents\Code_Drive\Drone\hls_component\cnn_accel\hls\.autopilot\db\conv_pool.pp.0.cpp:17683:9: note: FIX-IT applied suggested code changes
C:\Users\ozair\Documents\Code_Drive\Drone\hls_component\cnn_accel\hls\.autopilot\db\conv_pool.pp.0.cpp:17691:17: warning: Added loop label VITIS_LOOP_2496_18:   [xilinx-label-all-loops]
                for(int j=0; j<64; j++) {
                ^~~
                VITIS_LOOP_2496_18: 
C:\Users\ozair\Documents\Code_Drive\Drone\hls_component\cnn_accel\hls\.autopilot\db\conv_pool.pp.0.cpp:17691:17: note: FIX-IT applied suggested code changes
C:\Users\ozair\Documents\Code_Drive\Drone\hls_component\cnn_accel\hls\.autopilot\db\conv_pool.pp.0.cpp:18016:13: warning: Added loop label VITIS_LOOP_2821_19:   [xilinx-label-all-loops]
            for(int j=63; j>=I+31; j--) {
            ^~~
            VITIS_LOOP_2821_19: 
C:\Users\ozair\Documents\Code_Drive\Drone\hls_component\cnn_accel\hls\.autopilot\db\conv_pool.pp.0.cpp:18016:13: note: FIX-IT applied suggested code changes
C:\Users\ozair\Documents\Code_Drive\Drone\hls_component\cnn_accel\hls\.autopilot\db\conv_pool.pp.0.cpp:18023:17: warning: Added loop label VITIS_LOOP_2828_20:   [xilinx-label-all-loops]
                for(int j=63; j>=I+31; j--) {
                ^~~
                VITIS_LOOP_2828_20: 
C:\Users\ozair\Documents\Code_Drive\Drone\hls_component\cnn_accel\hls\.autopilot\db\conv_pool.pp.0.cpp:18023:17: note: FIX-IT applied suggested code changes
C:\Users\ozair\Documents\Code_Drive\Drone\hls_component\cnn_accel\hls\.autopilot\db\conv_pool.pp.0.cpp:18027:17: warning: Added loop label VITIS_LOOP_2832_21:   [xilinx-label-all-loops]
                for(int j=I+30; j>=0; j--) {
                ^~~
                VITIS_LOOP_2832_21: 
C:\Users\ozair\Documents\Code_Drive\Drone\hls_component\cnn_accel\hls\.autopilot\db\conv_pool.pp.0.cpp:18027:17: note: FIX-IT applied suggested code changes
C:\Users\ozair\Documents\Code_Drive\Drone\hls_component\cnn_accel\hls\.autopilot\db\conv_pool.pp.0.cpp:18115:4: warning: Added loop label VITIS_LOOP_2920_1:   [xilinx-label-all-loops]
   for(int j = 5; j>=I_+2; j--) {
   ^~~
   VITIS_LOOP_2920_1: 
C:\Users\ozair\Documents\Code_Drive\Drone\hls_component\cnn_accel\hls\.autopilot\db\conv_pool.pp.0.cpp:18115:4: note: FIX-IT applied suggested code changes
C:\Users\ozair\Documents\Code_Drive\Drone\hls_component\cnn_accel\hls\.autopilot\db\conv_pool.pp.0.cpp:18122:5: warning: Added loop label VITIS_LOOP_2927_2:   [xilinx-label-all-loops]
    for(int j = 5; j>=I_+2; j--) {
    ^~~
    VITIS_LOOP_2927_2: 
C:\Users\ozair\Documents\Code_Drive\Drone\hls_component\cnn_accel\hls\.autopilot\db\conv_pool.pp.0.cpp:18122:5: note: FIX-IT applied suggested code changes
C:\Users\ozair\Documents\Code_Drive\Drone\hls_component\cnn_accel\hls\.autopilot\db\conv_pool.pp.0.cpp:18126:5: warning: Added loop label VITIS_LOOP_2931_3:   [xilinx-label-all-loops]
    for(int j = I_+1; j>=0; j--) {
    ^~~
    VITIS_LOOP_2931_3: 
C:\Users\ozair\Documents\Code_Drive\Drone\hls_component\cnn_accel\hls\.autopilot\db\conv_pool.pp.0.cpp:18126:5: note: FIX-IT applied suggested code changes
C:\Users\ozair\Documents\Code_Drive\Drone\hls_component\cnn_accel\hls\.autopilot\db\conv_pool.pp.0.cpp:18141:3: warning: Added loop label VITIS_LOOP_2946_4:   [xilinx-label-all-loops]
  for(int j = 11; j >=7; j--) {
  ^~~
  VITIS_LOOP_2946_4: 
C:\Users\ozair\Documents\Code_Drive\Drone\hls_component\cnn_accel\hls\.autopilot\db\conv_pool.pp.0.cpp:18141:3: note: FIX-IT applied suggested code changes
C:\Users\ozair\Documents\Code_Drive\Drone\hls_component\cnn_accel\hls\.autopilot\db\conv_pool.pp.0.cpp:18173:4: warning: Added loop label VITIS_LOOP_2978_5:   [xilinx-label-all-loops]
   for(int j = 11; j >= I_+5; j--) {
   ^~~
   VITIS_LOOP_2978_5: 
C:\Users\ozair\Documents\Code_Drive\Drone\hls_component\cnn_accel\hls\.autopilot\db\conv_pool.pp.0.cpp:18173:4: note: FIX-IT applied suggested code changes
C:\Users\ozair\Documents\Code_Drive\Drone\hls_component\cnn_accel\hls\.autopilot\db\conv_pool.pp.0.cpp:18180:5: warning: Added loop label VITIS_LOOP_2985_6:   [xilinx-label-all-loops]
    for(int j = 11; j>= I_+5; j--) {
    ^~~
    VITIS_LOOP_2985_6: 
C:\Users\ozair\Documents\Code_Drive\Drone\hls_component\cnn_accel\hls\.autopilot\db\conv_pool.pp.0.cpp:18180:5: note: FIX-IT applied suggested code changes
C:\Users\ozair\Documents\Code_Drive\Drone\hls_component\cnn_accel\hls\.autopilot\db\conv_pool.pp.0.cpp:18184:5: warning: Added loop label VITIS_LOOP_2989_7:   [xilinx-label-all-loops]
    for(int j = I_+4; j>=0; j--) {
    ^~~
    VITIS_LOOP_2989_7: 
C:\Users\ozair\Documents\Code_Drive\Drone\hls_component\cnn_accel\hls\.autopilot\db\conv_pool.pp.0.cpp:18184:5: note: FIX-IT applied suggested code changes
C:\Users\ozair\Documents\Code_Drive\Drone\hls_component\cnn_accel\hls\.autopilot\db\conv_pool.pp.0.cpp:18199:3: warning: Added loop label VITIS_LOOP_3004_8:   [xilinx-label-all-loops]
  for(int j = 25; j>=15; j--) {
  ^~~
  VITIS_LOOP_3004_8: 
C:\Users\ozair\Documents\Code_Drive\Drone\hls_component\cnn_accel\hls\.autopilot\db\conv_pool.pp.0.cpp:18199:3: note: FIX-IT applied suggested code changes
C:\Users\ozair\Documents\Code_Drive\Drone\hls_component\cnn_accel\hls\.autopilot\db\conv_pool.pp.0.cpp:18249:4: warning: Added loop label VITIS_LOOP_3054_9:   [xilinx-label-all-loops]
   for(int j = 25; j>= I_+12; j--) {
   ^~~
   VITIS_LOOP_3054_9: 
C:\Users\ozair\Documents\Code_Drive\Drone\hls_component\cnn_accel\hls\.autopilot\db\conv_pool.pp.0.cpp:18249:4: note: FIX-IT applied suggested code changes
C:\Users\ozair\Documents\Code_Drive\Drone\hls_component\cnn_accel\hls\.autopilot\db\conv_pool.pp.0.cpp:18256:5: warning: Added loop label VITIS_LOOP_3061_10:   [xilinx-label-all-loops]
    for(int j = 25; j>=I_+12; j--) {
    ^~~
    VITIS_LOOP_3061_10: 
C:\Users\ozair\Documents\Code_Drive\Drone\hls_component\cnn_accel\hls\.autopilot\db\conv_pool.pp.0.cpp:18256:5: note: FIX-IT applied suggested code changes
C:\Users\ozair\Documents\Code_Drive\Drone\hls_component\cnn_accel\hls\.autopilot\db\conv_pool.pp.0.cpp:18260:5: warning: Added loop label VITIS_LOOP_3065_11:   [xilinx-label-all-loops]
    for(int j = I_+11; j>=0; j--) {
    ^~~
    VITIS_LOOP_3065_11: 
C:\Users\ozair\Documents\Code_Drive\Drone\hls_component\cnn_accel\hls\.autopilot\db\conv_pool.pp.0.cpp:18260:5: note: FIX-IT applied suggested code changes
C:\Users\ozair\Documents\Code_Drive\Drone\hls_component\cnn_accel\hls\.autopilot\db\conv_pool.pp.0.cpp:18275:3: warning: Added loop label VITIS_LOOP_3080_12:   [xilinx-label-all-loops]
  for(int j = 51; j >= 29; j--) {
  ^~~
  VITIS_LOOP_3080_12: 
C:\Users\ozair\Documents\Code_Drive\Drone\hls_component\cnn_accel\hls\.autopilot\db\conv_pool.pp.0.cpp:18275:3: note: FIX-IT applied suggested code changes
C:\Users\ozair\Documents\Code_Drive\Drone\hls_component\cnn_accel\hls\.autopilot\db\conv_pool.pp.0.cpp:18412:4: warning: Added loop label VITIS_LOOP_3217_13:   [xilinx-label-all-loops]
   for(int j = 51; j >= 25 + I_; j--) {
   ^~~
   VITIS_LOOP_3217_13: 
C:\Users\ozair\Documents\Code_Drive\Drone\hls_component\cnn_accel\hls\.autopilot\db\conv_pool.pp.0.cpp:18412:4: note: FIX-IT applied suggested code changes
C:\Users\ozair\Documents\Code_Drive\Drone\hls_component\cnn_accel\hls\.autopilot\db\conv_pool.pp.0.cpp:18419:5: warning: Added loop label VITIS_LOOP_3224_14:   [xilinx-label-all-loops]
    for(int j = 51; j>=25 + I_; j--) {
    ^~~
    VITIS_LOOP_3224_14: 
C:\Users\ozair\Documents\Code_Drive\Drone\hls_component\cnn_accel\hls\.autopilot\db\conv_pool.pp.0.cpp:18419:5: note: FIX-IT applied suggested code changes
C:\Users\ozair\Documents\Code_Drive\Drone\hls_component\cnn_accel\hls\.autopilot\db\conv_pool.pp.0.cpp:18423:5: warning: Added loop label VITIS_LOOP_3228_15:   [xilinx-label-all-loops]
    for(int j = 24 + I_; j >= 0; j--) {
    ^~~
    VITIS_LOOP_3228_15: 
C:\Users\ozair\Documents\Code_Drive\Drone\hls_component\cnn_accel\hls\.autopilot\db\conv_pool.pp.0.cpp:18423:5: note: FIX-IT applied suggested code changes
C:\Users\ozair\Documents\Code_Drive\Drone\hls_component\cnn_accel\hls\.autopilot\db\conv_pool.pp.0.cpp:18438:3: warning: Added loop label VITIS_LOOP_3243_16:   [xilinx-label-all-loops]
  for(int j = 63; j >= 36; j--) {
  ^~~
  VITIS_LOOP_3243_16: 
C:\Users\ozair\Documents\Code_Drive\Drone\hls_component\cnn_accel\hls\.autopilot\db\conv_pool.pp.0.cpp:18438:3: note: FIX-IT applied suggested code changes
C:\Users\ozair\Documents\Code_Drive\Drone\hls_component\cnn_accel\hls\.autopilot\db\conv_pool.pp.0.cpp:18598:4: warning: Added loop label VITIS_LOOP_3403_17:   [xilinx-label-all-loops]
   for(int j = 63; j >= 31 + I_; j--) {
   ^~~
   VITIS_LOOP_3403_17: 
C:\Users\ozair\Documents\Code_Drive\Drone\hls_component\cnn_accel\hls\.autopilot\db\conv_pool.pp.0.cpp:18598:4: note: FIX-IT applied suggested code changes
C:\Users\ozair\Documents\Code_Drive\Drone\hls_component\cnn_accel\hls\.autopilot\db\conv_pool.pp.0.cpp:18605:5: warning: Added loop label VITIS_LOOP_3410_18:   [xilinx-label-all-loops]
    for(int j = 63; j >= 31 + I_; j--) {
    ^~~
    VITIS_LOOP_3410_18: 
C:\Users\ozair\Documents\Code_Drive\Drone\hls_component\cnn_accel\hls\.autopilot\db\conv_pool.pp.0.cpp:18605:5: note: FIX-IT applied suggested code changes
C:\Users\ozair\Documents\Code_Drive\Drone\hls_component\cnn_accel\hls\.autopilot\db\conv_pool.pp.0.cpp:18609:5: warning: Added loop label VITIS_LOOP_3414_19:   [xilinx-label-all-loops]
    for(int j = 30 + I_; j >= 0; j--) {
    ^~~
    VITIS_LOOP_3414_19: 
C:\Users\ozair\Documents\Code_Drive\Drone\hls_component\cnn_accel\hls\.autopilot\db\conv_pool.pp.0.cpp:18609:5: note: FIX-IT applied suggested code changes
C:\Users\ozair\Documents\Code_Drive\Drone\hls_component\cnn_accel\hls\.autopilot\db\conv_pool.pp.0.cpp:19324:13: warning: Added loop label VITIS_LOOP_703_1:   [xilinx-label-all-loops]
            for (b_exp = I_-1; b_exp >= -F_; b_exp--) {
            ^~~
            VITIS_LOOP_703_1: 
C:\Users\ozair\Documents\Code_Drive\Drone\hls_component\cnn_accel\hls\.autopilot\db\conv_pool.pp.0.cpp:19324:13: note: FIX-IT applied suggested code changes
C:\Users\ozair\Documents\Code_Drive\Drone\hls_component\cnn_accel\hls\.autopilot\db\conv_pool.pp.0.cpp:19542:13: warning: Added loop label VITIS_LOOP_921_1:   [xilinx-label-all-loops]
            for (b_exp = I_-1; b_exp >= -F_; b_exp--) {
            ^~~
            VITIS_LOOP_921_1: 
C:\Users\ozair\Documents\Code_Drive\Drone\hls_component\cnn_accel\hls\.autopilot\db\conv_pool.pp.0.cpp:19542:13: note: FIX-IT applied suggested code changes
C:\Users\ozair\Documents\Code_Drive\Drone\hls_component\cnn_accel\hls\.autopilot\db\conv_pool.pp.0.cpp:19959:13: warning: Added loop label VITIS_LOOP_1345_1:   [xilinx-label-all-loops]
            for (b_exp = I_-1; b_exp >= -F_; b_exp--) {
            ^~~
            VITIS_LOOP_1345_1: 
C:\Users\ozair\Documents\Code_Drive\Drone\hls_component\cnn_accel\hls\.autopilot\db\conv_pool.pp.0.cpp:19959:13: note: FIX-IT applied suggested code changes
C:\Users\ozair\Documents\Code_Drive\Drone\hls_component\cnn_accel\hls\.autopilot\db\conv_pool.pp.0.cpp:20282:9: warning: Added loop label VITIS_LOOP_243_1:   [xilinx-label-all-loops]
        for ( int pos = msbr-1; pos >= 0; pos-- ) {
        ^~~
        VITIS_LOOP_243_1: 
C:\Users\ozair\Documents\Code_Drive\Drone\hls_component\cnn_accel\hls\.autopilot\db\conv_pool.pp.0.cpp:20282:9: note: FIX-IT applied suggested code changes
C:\Users\ozair\Documents\Code_Drive\Drone\hls_component\cnn_accel\hls\.autopilot\db\conv_pool.pp.0.cpp:20310:9: warning: Added loop label VITIS_LOOP_271_2:   [xilinx-label-all-loops]
        for ( int pos = -1; pos >= -F_-1; pos-- ) {
        ^~~
        VITIS_LOOP_271_2: 
C:\Users\ozair\Documents\Code_Drive\Drone\hls_component\cnn_accel\hls\.autopilot\db\conv_pool.pp.0.cpp:20310:9: note: FIX-IT applied suggested code changes
C:\Users\ozair\Documents\Code_Drive\Drone\hls_component\cnn_accel\hls\.autopilot\db\conv_pool.pp.0.cpp:21014:13: warning: Added loop label VITIS_LOOP_48_1:   [xilinx-label-all-loops]
            for (int j = 0; j < W_-1; j++){
            ^~~
            VITIS_LOOP_48_1: 
C:\Users\ozair\Documents\Code_Drive\Drone\hls_component\cnn_accel\hls\.autopilot\db\conv_pool.pp.0.cpp:21014:13: note: FIX-IT applied suggested code changes
C:\Users\ozair\Documents\Code_Drive\Drone\hls_component\cnn_accel\hls\.autopilot\db\conv_pool.pp.0.cpp:21067:5: warning: Added loop label VITIS_LOOP_109_2:   [xilinx-label-all-loops]
    for (int j = F_l+F_+I_m-1; j < F_l+W_+5; j++){
    ^~~
    VITIS_LOOP_109_2: 
C:\Users\ozair\Documents\Code_Drive\Drone\hls_component\cnn_accel\hls\.autopilot\db\conv_pool.pp.0.cpp:21067:5: note: FIX-IT applied suggested code changes
C:\Users\ozair\Documents\Code_Drive\Drone\hls_component\cnn_accel\hls\.autopilot\db\conv_pool.pp.0.cpp:21081:13: warning: Added loop label VITIS_LOOP_123_3:   [xilinx-label-all-loops]
            for (int j = WO_m-1; j >= W_-1; j--) {
            ^~~
            VITIS_LOOP_123_3: 
C:\Users\ozair\Documents\Code_Drive\Drone\hls_component\cnn_accel\hls\.autopilot\db\conv_pool.pp.0.cpp:21081:13: note: FIX-IT applied suggested code changes
C:\Users\ozair\Documents\Code_Drive\Drone\hls_component\cnn_accel\hls\.autopilot\db\conv_pool.pp.0.cpp:21111:13: warning: Added loop label VITIS_LOOP_153_4:   [xilinx-label-all-loops]
            for (int j = W_-2; j >= 0; j--){
            ^~~
            VITIS_LOOP_153_4: 
C:\Users\ozair\Documents\Code_Drive\Drone\hls_component\cnn_accel\hls\.autopilot\db\conv_pool.pp.0.cpp:21111:13: note: FIX-IT applied suggested code changes
C:\Users\ozair\Documents\Code_Drive\Drone\hls_component\cnn_accel\hls\.autopilot\db\conv_pool.pp.0.cpp:21196:12: warning: Added loop label VITIS_LOOP_281_1:   [xilinx-label-all-loops]
           for(int i = wf_log+we_log-2; i > WI_e - 2; --i) {
           ^~~
           VITIS_LOOP_281_1: 
C:\Users\ozair\Documents\Code_Drive\Drone\hls_component\cnn_accel\hls\.autopilot\db\conv_pool.pp.0.cpp:21196:12: note: FIX-IT applied suggested code changes
C:\Users\ozair\Documents\Code_Drive\Drone\hls_component\cnn_accel\hls\.autopilot\db\conv_pool.pp.0.cpp:21216:16: warning: Added loop label VITIS_LOOP_301_2:   [xilinx-label-all-loops]
               for (int j = WO_e-1; j >= W_-1; j--) {
               ^~~
               VITIS_LOOP_301_2: 
C:\Users\ozair\Documents\Code_Drive\Drone\hls_component\cnn_accel\hls\.autopilot\db\conv_pool.pp.0.cpp:21216:16: note: FIX-IT applied suggested code changes
C:\Users\ozair\Documents\Code_Drive\Drone\hls_component\cnn_accel\hls\.autopilot\db\conv_pool.pp.0.cpp:21230:20: warning: Added loop label VITIS_LOOP_315_3:   [xilinx-label-all-loops]
                   for(int i = 0; i < W_-1; ++i) {
                   ^~~
                   VITIS_LOOP_315_3: 
C:\Users\ozair\Documents\Code_Drive\Drone\hls_component\cnn_accel\hls\.autopilot\db\conv_pool.pp.0.cpp:21230:20: note: FIX-IT applied suggested code changes
C:\Users\ozair\Documents\Code_Drive\Drone\hls_component\cnn_accel\hls\.autopilot\db\conv_pool.pp.0.cpp:21323:12: warning: Added loop label VITIS_LOOP_433_1:   [xilinx-label-all-loops]
           for (int j =WO_d-1; j >= W_-1; j--) {
           ^~~
           VITIS_LOOP_433_1: 
C:\Users\ozair\Documents\Code_Drive\Drone\hls_component\cnn_accel\hls\.autopilot\db\conv_pool.pp.0.cpp:21323:12: note: FIX-IT applied suggested code changes
C:\Users\ozair\Documents\Code_Drive\Drone\hls_component\cnn_accel\hls\.autopilot\db\conv_pool.pp.0.cpp:21337:15: warning: Added loop label VITIS_LOOP_447_2:   [xilinx-label-all-loops]
              for(int i = 0; i < W_-1; ++i) {
              ^~~
              VITIS_LOOP_447_2: 
C:\Users\ozair\Documents\Code_Drive\Drone\hls_component\cnn_accel\hls\.autopilot\db\conv_pool.pp.0.cpp:21337:15: note: FIX-IT applied suggested code changes
C:\Users\ozair\Documents\Code_Drive\Drone\hls_component\cnn_accel\hls\.autopilot\db\conv_pool.pp.0.cpp:21457:13: warning: Added loop label VITIS_LOOP_33_1:   [xilinx-label-all-loops]
            for (int i = 0; i < W_-1; i++){
            ^~~
            VITIS_LOOP_33_1: 
C:\Users\ozair\Documents\Code_Drive\Drone\hls_component\cnn_accel\hls\.autopilot\db\conv_pool.pp.0.cpp:21457:13: note: FIX-IT applied suggested code changes
C:\Users\ozair\Documents\Code_Drive\Drone\hls_component\cnn_accel\hls\.autopilot\db\conv_pool.pp.0.cpp:21581:13: warning: Added loop label VITIS_LOOP_183_1:   [xilinx-label-all-loops]
            for (int i = 0; i < W_-1; i++){
            ^~~
            VITIS_LOOP_183_1: 
C:\Users\ozair\Documents\Code_Drive\Drone\hls_component\cnn_accel\hls\.autopilot\db\conv_pool.pp.0.cpp:21581:13: note: FIX-IT applied suggested code changes
C:\Users\ozair\Documents\Code_Drive\Drone\hls_component\cnn_accel\hls\.autopilot\db\conv_pool.pp.0.cpp:21636:13: warning: Added loop label VITIS_LOOP_248_1:   [xilinx-label-all-loops]
            for (int i = 0; i < W_-1; i++){
            ^~~
            VITIS_LOOP_248_1: 
C:\Users\ozair\Documents\Code_Drive\Drone\hls_component\cnn_accel\hls\.autopilot\db\conv_pool.pp.0.cpp:21636:13: note: FIX-IT applied suggested code changes
C:\Users\ozair\Documents\Code_Drive\Drone\hls_component\cnn_accel\hls\.autopilot\db\conv_pool.pp.0.cpp:21903:5: warning: Added loop label VITIS_LOOP_44_1:   [xilinx-label-all-loops]
    for(int l = loop_nm; l > 0; --l){
    ^~~
    VITIS_LOOP_44_1: 
C:\Users\ozair\Documents\Code_Drive\Drone\hls_component\cnn_accel\hls\.autopilot\db\conv_pool.pp.0.cpp:21903:5: note: FIX-IT applied suggested code changes
C:\Users\ozair\Documents\Code_Drive\Drone\hls_component\cnn_accel\hls\.autopilot\db\conv_pool.pp.0.cpp:22154:2: warning: Added loop label VITIS_LOOP_16_1:   [xilinx-label-all-loops]
 for (int i=0; i<W_;i++)
 ^~~
 VITIS_LOOP_16_1: 
C:\Users\ozair\Documents\Code_Drive\Drone\hls_component\cnn_accel\hls\.autopilot\db\conv_pool.pp.0.cpp:22154:2: note: FIX-IT applied suggested code changes
C:\Users\ozair\Documents\Code_Drive\Drone\hls_component\cnn_accel\hls\.autopilot\db\conv_pool.pp.0.cpp:22165:2: warning: Added loop label VITIS_LOOP_27_1:   [xilinx-label-all-loops]
 for (int i=0; i<W_;i++)
 ^~~
 VITIS_LOOP_27_1: 
C:\Users\ozair\Documents\Code_Drive\Drone\hls_component\cnn_accel\hls\.autopilot\db\conv_pool.pp.0.cpp:22165:2: note: FIX-IT applied suggested code changes
C:\Users\ozair\Documents\Code_Drive\Drone\hls_component\cnn_accel\hls\.autopilot\db\conv_pool.pp.0.cpp:22176:2: warning: Added loop label VITIS_LOOP_38_1:   [xilinx-label-all-loops]
 for (int i=0; i<I_;i++)
 ^~~
 VITIS_LOOP_38_1: 
C:\Users\ozair\Documents\Code_Drive\Drone\hls_component\cnn_accel\hls\.autopilot\db\conv_pool.pp.0.cpp:22176:2: note: FIX-IT applied suggested code changes
C:\Users\ozair\Documents\Code_Drive\Drone\hls_component\cnn_accel\hls\.autopilot\db\conv_pool.pp.0.cpp:22187:2: warning: Added loop label VITIS_LOOP_49_1:   [xilinx-label-all-loops]
 for (int i=0; i<I_;i++)
 ^~~
 VITIS_LOOP_49_1: 
C:\Users\ozair\Documents\Code_Drive\Drone\hls_component\cnn_accel\hls\.autopilot\db\conv_pool.pp.0.cpp:22187:2: note: FIX-IT applied suggested code changes
C:\Users\ozair\Documents\Code_Drive\Drone\hls_component\cnn_accel\hls\.autopilot\db\conv_pool.pp.0.cpp:22198:2: warning: Added loop label VITIS_LOOP_60_1:   [xilinx-label-all-loops]
 for (int i=0; i<W_;i++)
 ^~~
 VITIS_LOOP_60_1: 
C:\Users\ozair\Documents\Code_Drive\Drone\hls_component\cnn_accel\hls\.autopilot\db\conv_pool.pp.0.cpp:22198:2: note: FIX-IT applied suggested code changes
C:\Users\ozair\Documents\Code_Drive\Drone\hls_component\cnn_accel\hls\.autopilot\db\conv_pool.pp.0.cpp:22209:2: warning: Added loop label VITIS_LOOP_71_1:   [xilinx-label-all-loops]
 for (int i=0; i<W_;i++)
 ^~~
 VITIS_LOOP_71_1: 
C:\Users\ozair\Documents\Code_Drive\Drone\hls_component\cnn_accel\hls\.autopilot\db\conv_pool.pp.0.cpp:22209:2: note: FIX-IT applied suggested code changes
C:\Users\ozair\Documents\Code_Drive\Drone\hls_component\cnn_accel\hls\.autopilot\db\conv_pool.pp.0.cpp:22220:2: warning: Added loop label VITIS_LOOP_82_1:   [xilinx-label-all-loops]
 for (int i=0; i<I_;i++)
 ^~~
 VITIS_LOOP_82_1: 
C:\Users\ozair\Documents\Code_Drive\Drone\hls_component\cnn_accel\hls\.autopilot\db\conv_pool.pp.0.cpp:22220:2: note: FIX-IT applied suggested code changes
C:\Users\ozair\Documents\Code_Drive\Drone\hls_component\cnn_accel\hls\.autopilot\db\conv_pool.pp.0.cpp:22231:2: warning: Added loop label VITIS_LOOP_93_1:   [xilinx-label-all-loops]
 for (int i=0; i<I_;i++)
 ^~~
 VITIS_LOOP_93_1: 
C:\Users\ozair\Documents\Code_Drive\Drone\hls_component\cnn_accel\hls\.autopilot\db\conv_pool.pp.0.cpp:22231:2: note: FIX-IT applied suggested code changes
C:\Users\ozair\Documents\Code_Drive\Drone\hls_component\cnn_accel\hls\.autopilot\db\conv_pool.pp.0.cpp:24590:12: warning: Added loop label VITIS_LOOP_26_1:   [xilinx-label-all-loops]
           for(int i = 0; i < W_-1; ++i) {
           ^~~
           VITIS_LOOP_26_1: 
C:\Users\ozair\Documents\Code_Drive\Drone\hls_component\cnn_accel\hls\.autopilot\db\conv_pool.pp.0.cpp:24590:12: note: FIX-IT applied suggested code changes
C:\Users\ozair\Documents\Code_Drive\Drone\hls_component\cnn_accel\hls\.autopilot\db\conv_pool.pp.0.cpp:24654:7: warning: Added loop label VITIS_LOOP_40_1:   [xilinx-label-all-loops]
      for(int pos = msbr - 1 ; pos >= -F-1; pos--) {
      ^~~
      VITIS_LOOP_40_1: 
C:\Users\ozair\Documents\Code_Drive\Drone\hls_component\cnn_accel\hls\.autopilot\db\conv_pool.pp.0.cpp:24654:7: note: FIX-IT applied suggested code changes
C:\Users\ozair\Documents\Code_Drive\Drone\hls_component\cnn_accel\hls\.autopilot\db\conv_pool.pp.0.cpp:24771:9: warning: Added loop label VITIS_LOOP_49_1:   [xilinx-label-all-loops]
        for(int pos = msbr - 1; pos >= 0; pos--) {
        ^~~
        VITIS_LOOP_49_1: 
C:\Users\ozair\Documents\Code_Drive\Drone\hls_component\cnn_accel\hls\.autopilot\db\conv_pool.pp.0.cpp:24771:9: note: FIX-IT applied suggested code changes
C:\Users\ozair\Documents\Code_Drive\Drone\hls_component\cnn_accel\hls\.autopilot\db\conv_pool.pp.0.cpp:24796:5: warning: Added loop label VITIS_LOOP_81_2:   [xilinx-label-all-loops]
    for(int pos = -1; pos >= -F-1; pos--) {
    ^~~
    VITIS_LOOP_81_2: 
C:\Users\ozair\Documents\Code_Drive\Drone\hls_component\cnn_accel\hls\.autopilot\db\conv_pool.pp.0.cpp:24796:5: note: FIX-IT applied suggested code changes
C:\Users\ozair\Documents\Code_Drive\Drone\hls_component\cnn_accel\hls\.autopilot\db\conv_pool.pp.0.cpp:24866:8: warning: Added loop label VITIS_LOOP_169_3:   [xilinx-label-all-loops]
       for(int i = 0; i < W - 1; ++i) {
       ^~~
       VITIS_LOOP_169_3: 
C:\Users\ozair\Documents\Code_Drive\Drone\hls_component\cnn_accel\hls\.autopilot\db\conv_pool.pp.0.cpp:24866:8: note: FIX-IT applied suggested code changes
C:\Users\ozair\Documents\Code_Drive\Drone\hls_component\cnn_accel\hls\.autopilot\db\conv_pool.pp.0.cpp:27098:3: warning: Added loop label VITIS_LOOP_35_1:   [xilinx-label-all-loops]
  for (int idx = 0; idx < 240*320*3; idx++) {
  ^~~
  VITIS_LOOP_35_1: 
C:\Users\ozair\Documents\Code_Drive\Drone\hls_component\cnn_accel\hls\.autopilot\db\conv_pool.pp.0.cpp:27098:3: note: FIX-IT applied suggested code changes
C:\Users\ozair\Documents\Code_Drive\Drone\hls_component\cnn_accel\hls\.autopilot\db\conv_pool.pp.0.cpp:27121:2: warning: Added loop label VITIS_LOOP_58_1:   [xilinx-label-all-loops]
 for (int m = 0; m < 3 -2; m++) {
 ^~~
 VITIS_LOOP_58_1: 
C:\Users\ozair\Documents\Code_Drive\Drone\hls_component\cnn_accel\hls\.autopilot\db\conv_pool.pp.0.cpp:27121:2: note: FIX-IT applied suggested code changes
C:\Users\ozair\Documents\Code_Drive\Drone\hls_component\cnn_accel\hls\.autopilot\db\conv_pool.pp.0.cpp:27129:9: warning: Added loop label VITIS_LOOP_66_2:   [xilinx-label-all-loops]
        for (int m = 0; m < 3; m++) {
        ^~~
        VITIS_LOOP_66_2: 
C:\Users\ozair\Documents\Code_Drive\Drone\hls_component\cnn_accel\hls\.autopilot\db\conv_pool.pp.0.cpp:27129:9: note: FIX-IT applied suggested code changes
C:\Users\ozair\Documents\Code_Drive\Drone\hls_component\cnn_accel\hls\.autopilot\db\conv_pool.pp.0.cpp:27130:11: warning: Added loop label VITIS_LOOP_67_3:   [xilinx-label-all-loops]
          for (int n = 0; n < 3; n++) {
          ^~~
          VITIS_LOOP_67_3: 
C:\Users\ozair\Documents\Code_Drive\Drone\hls_component\cnn_accel\hls\.autopilot\db\conv_pool.pp.0.cpp:27130:11: note: FIX-IT applied suggested code changes
C:\Users\ozair\Documents\Code_Drive\Drone\hls_component\cnn_accel\hls\.autopilot\db\conv_pool.pp.0.cpp:27145:9: warning: Added loop label VITIS_LOOP_82_4:   [xilinx-label-all-loops]
        for (int m = 0; m < 8; m++) {
        ^~~
        VITIS_LOOP_82_4: 
C:\Users\ozair\Documents\Code_Drive\Drone\hls_component\cnn_accel\hls\.autopilot\db\conv_pool.pp.0.cpp:27145:9: note: FIX-IT applied suggested code changes
C:\Users\ozair\Documents\Code_Drive\Drone\hls_component\cnn_accel\hls\.autopilot\db\conv_pool.pp.0.cpp:27148:11: warning: Added loop label VITIS_LOOP_85_5:   [xilinx-label-all-loops]
          for (int p = 0; p < 3; p++)
          ^~~
          VITIS_LOOP_85_5: 
C:\Users\ozair\Documents\Code_Drive\Drone\hls_component\cnn_accel\hls\.autopilot\db\conv_pool.pp.0.cpp:27148:11: note: FIX-IT applied suggested code changes
C:\Users\ozair\Documents\Code_Drive\Drone\hls_component\cnn_accel\hls\.autopilot\db\conv_pool.pp.0.cpp:27149:11: warning: Added loop label VITIS_LOOP_86_6:   [xilinx-label-all-loops]
          for (int q = 0; q < 3; q++)
          ^~~
          VITIS_LOOP_86_6: 
C:\Users\ozair\Documents\Code_Drive\Drone\hls_component\cnn_accel\hls\.autopilot\db\conv_pool.pp.0.cpp:27149:11: note: FIX-IT applied suggested code changes
C:\Users\ozair\Documents\Code_Drive\Drone\hls_component\cnn_accel\hls\.autopilot\db\conv_pool.pp.0.cpp:27150:11: warning: Added loop label VITIS_LOOP_87_7:   [xilinx-label-all-loops]
          for (int c = 0; c < 3; c++) {
          ^~~
          VITIS_LOOP_87_7: 
C:\Users\ozair\Documents\Code_Drive\Drone\hls_component\cnn_accel\hls\.autopilot\db\conv_pool.pp.0.cpp:27150:11: note: FIX-IT applied suggested code changes
C:\Users\ozair\Documents\Code_Drive\Drone\hls_component\cnn_accel\hls\.autopilot\db\conv_pool.pp.0.cpp:27171:3: warning: Added loop label VITIS_LOOP_108_1:   [xilinx-label-all-loops]
  for (int r = 0; r < (240 -3 +1); r++) {
  ^~~
  VITIS_LOOP_108_1: 
C:\Users\ozair\Documents\Code_Drive\Drone\hls_component\cnn_accel\hls\.autopilot\db\conv_pool.pp.0.cpp:27171:3: note: FIX-IT applied suggested code changes
C:\Users\ozair\Documents\Code_Drive\Drone\hls_component\cnn_accel\hls\.autopilot\db\conv_pool.pp.0.cpp:27172:5: warning: Added loop label VITIS_LOOP_109_2:   [xilinx-label-all-loops]
    for (int c = 0; c < (320 -3 +1); c++) {
    ^~~
    VITIS_LOOP_109_2: 
C:\Users\ozair\Documents\Code_Drive\Drone\hls_component\cnn_accel\hls\.autopilot\db\conv_pool.pp.0.cpp:27172:5: note: FIX-IT applied suggested code changes
C:\Users\ozair\Documents\Code_Drive\Drone\hls_component\cnn_accel\hls\.autopilot\db\conv_pool.pp.0.cpp:27173:7: warning: Added loop label VITIS_LOOP_110_3:   [xilinx-label-all-loops]
      for (int m = 0; m < 8; m++) {
      ^~~
      VITIS_LOOP_110_3: 
C:\Users\ozair\Documents\Code_Drive\Drone\hls_component\cnn_accel\hls\.autopilot\db\conv_pool.pp.0.cpp:27173:7: note: FIX-IT applied suggested code changes
C:\Users\ozair\Documents\Code_Drive\Drone\hls_component\cnn_accel\hls\.autopilot\db\conv_pool.pp.0.cpp:27204:2: warning: Added loop label VITIS_LOOP_141_1:   [xilinx-label-all-loops]
 for (int m = 0; m < 3 -2; m++) {
 ^~~
 VITIS_LOOP_141_1: 
C:\Users\ozair\Documents\Code_Drive\Drone\hls_component\cnn_accel\hls\.autopilot\db\conv_pool.pp.0.cpp:27204:2: note: FIX-IT applied suggested code changes
C:\Users\ozair\Documents\Code_Drive\Drone\hls_component\cnn_accel\hls\.autopilot\db\conv_pool.pp.0.cpp:27211:9: warning: Added loop label VITIS_LOOP_148_2:   [xilinx-label-all-loops]
        for (int m = 0; m < 3; m++)
        ^~~
        VITIS_LOOP_148_2: 
C:\Users\ozair\Documents\Code_Drive\Drone\hls_component\cnn_accel\hls\.autopilot\db\conv_pool.pp.0.cpp:27211:9: note: FIX-IT applied suggested code changes
C:\Users\ozair\Documents\Code_Drive\Drone\hls_component\cnn_accel\hls\.autopilot\db\conv_pool.pp.0.cpp:27212:9: warning: Added loop label VITIS_LOOP_149_3:   [xilinx-label-all-loops]
        for (int n = 0; n < 3; n++)
        ^~~
        VITIS_LOOP_149_3: 
C:\Users\ozair\Documents\Code_Drive\Drone\hls_component\cnn_accel\hls\.autopilot\db\conv_pool.pp.0.cpp:27212:9: note: FIX-IT applied suggested code changes
C:\Users\ozair\Documents\Code_Drive\Drone\hls_component\cnn_accel\hls\.autopilot\db\conv_pool.pp.0.cpp:27221:9: warning: Added loop label VITIS_LOOP_158_4:   [xilinx-label-all-loops]
        for (int m = 0; m < 16; m++) {
        ^~~
        VITIS_LOOP_158_4: 
C:\Users\ozair\Documents\Code_Drive\Drone\hls_component\cnn_accel\hls\.autopilot\db\conv_pool.pp.0.cpp:27221:9: note: FIX-IT applied suggested code changes
C:\Users\ozair\Documents\Code_Drive\Drone\hls_component\cnn_accel\hls\.autopilot\db\conv_pool.pp.0.cpp:27224:11: warning: Added loop label VITIS_LOOP_161_5:   [xilinx-label-all-loops]
          for (int p = 0; p < 3; p++)
          ^~~
          VITIS_LOOP_161_5: 
C:\Users\ozair\Documents\Code_Drive\Drone\hls_component\cnn_accel\hls\.autopilot\db\conv_pool.pp.0.cpp:27224:11: note: FIX-IT applied suggested code changes
C:\Users\ozair\Documents\Code_Drive\Drone\hls_component\cnn_accel\hls\.autopilot\db\conv_pool.pp.0.cpp:27225:11: warning: Added loop label VITIS_LOOP_162_6:   [xilinx-label-all-loops]
          for (int q = 0; q < 3; q++)
          ^~~
          VITIS_LOOP_162_6: 
C:\Users\ozair\Documents\Code_Drive\Drone\hls_component\cnn_accel\hls\.autopilot\db\conv_pool.pp.0.cpp:27225:11: note: FIX-IT applied suggested code changes
C:\Users\ozair\Documents\Code_Drive\Drone\hls_component\cnn_accel\hls\.autopilot\db\conv_pool.pp.0.cpp:27226:11: warning: Added loop label VITIS_LOOP_163_7:   [xilinx-label-all-loops]
          for (int c = 0; c < 8; c++) {
          ^~~
          VITIS_LOOP_163_7: 
C:\Users\ozair\Documents\Code_Drive\Drone\hls_component\cnn_accel\hls\.autopilot\db\conv_pool.pp.0.cpp:27226:11: note: FIX-IT applied suggested code changes
C:\Users\ozair\Documents\Code_Drive\Drone\hls_component\cnn_accel\hls\.autopilot\db\conv_pool.pp.0.cpp:27245:3: warning: Added loop label VITIS_LOOP_182_1:   [xilinx-label-all-loops]
  for (int r = 0; r < (((240 -3 +1)/2)-3 +1); r++) {
  ^~~
  VITIS_LOOP_182_1: 
C:\Users\ozair\Documents\Code_Drive\Drone\hls_component\cnn_accel\hls\.autopilot\db\conv_pool.pp.0.cpp:27245:3: note: FIX-IT applied suggested code changes
C:\Users\ozair\Documents\Code_Drive\Drone\hls_component\cnn_accel\hls\.autopilot\db\conv_pool.pp.0.cpp:27246:5: warning: Added loop label VITIS_LOOP_183_2:   [xilinx-label-all-loops]
    for (int c = 0; c < (((320 -3 +1)/2)-3 +1); c++) {
    ^~~
    VITIS_LOOP_183_2: 
C:\Users\ozair\Documents\Code_Drive\Drone\hls_component\cnn_accel\hls\.autopilot\db\conv_pool.pp.0.cpp:27246:5: note: FIX-IT applied suggested code changes
C:\Users\ozair\Documents\Code_Drive\Drone\hls_component\cnn_accel\hls\.autopilot\db\conv_pool.pp.0.cpp:27247:7: warning: Added loop label VITIS_LOOP_184_3:   [xilinx-label-all-loops]
      for (int m = 0; m < 16; m++) {
      ^~~
      VITIS_LOOP_184_3: 
C:\Users\ozair\Documents\Code_Drive\Drone\hls_component\cnn_accel\hls\.autopilot\db\conv_pool.pp.0.cpp:27247:7: note: FIX-IT applied suggested code changes
C:\Users\ozair\Documents\Code_Drive\Drone\hls_component\cnn_accel\hls\.autopilot\db\conv_pool.pp.0.cpp:27272:3: warning: Added loop label VITIS_LOOP_209_1:   [xilinx-label-all-loops]
  for (int i = 0; i < TOTAL; i++) {
  ^~~
  VITIS_LOOP_209_1: 
C:\Users\ozair\Documents\Code_Drive\Drone\hls_component\cnn_accel\hls\.autopilot\db\conv_pool.pp.0.cpp:27272:3: note: FIX-IT applied suggested code changes
C:\Users\ozair\Documents\Code_Drive\Drone\hls_component\cnn_accel\hls\.autopilot\db\conv_pool.pp.0.cpp:27286:3: warning: Added loop label VITIS_LOOP_223_1:   [xilinx-label-all-loops]
  for (int o = 0; o < 32; o++) {
  ^~~
  VITIS_LOOP_223_1: 
C:\Users\ozair\Documents\Code_Drive\Drone\hls_component\cnn_accel\hls\.autopilot\db\conv_pool.pp.0.cpp:27286:3: note: FIX-IT applied suggested code changes
C:\Users\ozair\Documents\Code_Drive\Drone\hls_component\cnn_accel\hls\.autopilot\db\conv_pool.pp.0.cpp:27289:5: warning: Added loop label VITIS_LOOP_226_2:   [xilinx-label-all-loops]
    for (int i = 0; i < cnt; i++) {
    ^~~
    VITIS_LOOP_226_2: 
C:\Users\ozair\Documents\Code_Drive\Drone\hls_component\cnn_accel\hls\.autopilot\db\conv_pool.pp.0.cpp:27289:5: note: FIX-IT applied suggested code changes
C:\Users\ozair\Documents\Code_Drive\Drone\hls_component\cnn_accel\hls\.autopilot\db\conv_pool.pp.0.cpp:27306:3: warning: Added loop label VITIS_LOOP_243_1:   [xilinx-label-all-loops]
  for (int i = 0; i < 32; i++) {
  ^~~
  VITIS_LOOP_243_1: 
C:\Users\ozair\Documents\Code_Drive\Drone\hls_component\cnn_accel\hls\.autopilot\db\conv_pool.pp.0.cpp:27306:3: note: FIX-IT applied suggested code changes
