

================================================================
== Vitis HLS Report for 'exp_generic_double_s'
================================================================
* Date:           Tue Jul  8 00:39:56 2025

* Version:        2025.1 (Build 6135595 on May 21 2025)
* Project:        cnn_accel
* Solution:       hls (Vivado IP Flow Target)
* Product family: artix7
* Target device:  xc7a100t-fgg484-2L


================================================================
== Performance Estimates
================================================================
+ Timing: 
    * Summary: 
    +--------+----------+----------+------------+
    |  Clock |  Target  | Estimated| Uncertainty|
    +--------+----------+----------+------------+
    |ap_clk  |  10.00 ns|  7.171 ns|     2.70 ns|
    +--------+----------+----------+------------+

+ Latency: 
    * Summary: 
    +---------+---------+----------+----------+-----+-----+---------+
    |  Latency (cycles) |  Latency (absolute) |  Interval | Pipeline|
    |   min   |   max   |    min   |    max   | min | max |   Type  |
    +---------+---------+----------+----------+-----+-----+---------+
    |       21|       21|  0.210 us|  0.210 us|    1|    1|      yes|
    +---------+---------+----------+----------+-----+-----+---------+

    + Detail: 
        * Instance: 
        N/A

        * Loop: 
        N/A

============================================================
+ Verbose Summary: Synthesis Manager
============================================================
InlineROM: 1
ExposeGlobal: 0
============================================================
+ Verbose Summary: CDFG Model
============================================================
IsTopModel: 0
ResetActiveHigh: 1
IsCombinational: 0
IsDatapathOnly: 0
HasWiredReturn: 1
HasMFsm: 2
HasVarLatency: 0
IsPipeline: 1
IsRtlPipelined: 1
IsInstanceOverlapped: 0
IsDontTouch: 0
HasImplIP: 0
IsGatedGlobalClock: 0

+ Individual pipeline summary: 
  * Pipeline-0: initiation interval (II) = 1, depth = 22


============================================================
+ Verbose Summary: Schedule
============================================================
* Number of FSM states : 22
* Pipeline : 1
  Pipeline-0 : II = 1, D = 22, States = { 1 2 3 4 5 6 7 8 9 10 11 12 13 14 15 16 17 18 19 20 21 22 }
* Dataflow Pipeline: 0

* FSM state transitions: 
1 --> 2 
2 --> 3 
3 --> 4 
4 --> 5 
5 --> 6 
6 --> 7 
7 --> 8 
8 --> 9 
9 --> 10 
10 --> 11 
11 --> 12 
12 --> 13 
13 --> 14 
14 --> 15 
15 --> 16 
16 --> 17 
17 --> 18 
18 --> 19 
19 --> 20 
20 --> 21 
21 --> 22 
22 --> 

* FSM state operations: 

State 1 <SV = 0> <Delay = 3.54>
ST_1 : Operation 23 [1/1] (0.00ns)   --->   "%x_read = read i64 @_ssdm_op_Read.ap_auto.double, i64 %x" [C:\scratch\2025.1\hls_product\640\2025.1\src\shared\hls\clib/hlsmath/include/FloatingPoint\hls_exp_.h:156]   --->   Operation 23 'read' 'x_read' <Predicate = true> <Delay = 0.00>
ST_1 : Operation 24 [1/1] (0.00ns)   --->   "%data = bitcast i64 %x_read" [C:\scratch\2025.1\hls_product\640\2025.1\src\shared\hls\clib/src/hls\utils/x_hls_utils.h:459->C:\scratch\2025.1\hls_product\640\2025.1\src\shared\hls\clib/hlsmath/include/FloatingPoint\hls_exp_.h:160]   --->   Operation 24 'bitcast' 'data' <Predicate = true> <Delay = 0.00>
ST_1 : Operation 25 [1/1] (0.00ns)   --->   "%es_sign = bitselect i1 @_ssdm_op_BitSelect.i1.i64.i32, i64 %data, i32 63" [C:\scratch\2025.1\hls_product\640\2025.1\src\shared\hls\clib/src/hls\utils/x_hls_utils.h:460->C:\scratch\2025.1\hls_product\640\2025.1\src\shared\hls\clib/hlsmath/include/FloatingPoint\hls_exp_.h:160]   --->   Operation 25 'bitselect' 'es_sign' <Predicate = true> <Delay = 0.00>
ST_1 : Operation 26 [1/1] (0.00ns)   --->   "%es_exp = partselect i11 @_ssdm_op_PartSelect.i11.i64.i32, i64 %data, i32 52" [C:\scratch\2025.1\hls_product\640\2025.1\src\shared\hls\clib/src/hls\utils/x_hls_utils.h:461->C:\scratch\2025.1\hls_product\640\2025.1\src\shared\hls\clib/hlsmath/include/FloatingPoint\hls_exp_.h:160]   --->   Operation 26 'partselect' 'es_exp' <Predicate = true> <Delay = 0.00>
ST_1 : Operation 27 [1/1] (0.00ns)   --->   "%es_sig = trunc i64 %data" [C:\scratch\2025.1\hls_product\640\2025.1\src\shared\hls\clib/src/hls\utils/x_hls_utils.h:462->C:\scratch\2025.1\hls_product\640\2025.1\src\shared\hls\clib/hlsmath/include/FloatingPoint\hls_exp_.h:160]   --->   Operation 27 'trunc' 'es_sig' <Predicate = true> <Delay = 0.00>
ST_1 : Operation 28 [1/1] (1.76ns)   --->   "%icmp_ln18 = icmp_eq  i11 %es_exp, i11 2047" [C:\scratch\2025.1\hls_product\640\2025.1\src\shared\hls\clib/hlsmath/include/FloatingPoint/hls_isnan.h:18->C:\scratch\2025.1\hls_product\640\2025.1\src\shared\hls\clib/hlsmath/include/FloatingPoint\hls_exp_.h:180]   --->   Operation 28 'icmp' 'icmp_ln18' <Predicate = true> <Delay = 1.76> <CoreInst = "Cmp">   --->   Core 9 'Cmp' <Latency = 0> <II = 1> <Delay = 1.76> <FuncUnit> <Opcode : 'seteq' 'setne' 'setle' 'setge' 'setlt' 'setgt'> <InPorts = 2> <OutPorts = 1>
ST_1 : Operation 29 [1/1] (2.70ns)   --->   "%icmp_ln18_1 = icmp_ne  i52 %es_sig, i52 0" [C:\scratch\2025.1\hls_product\640\2025.1\src\shared\hls\clib/hlsmath/include/FloatingPoint/hls_isnan.h:18->C:\scratch\2025.1\hls_product\640\2025.1\src\shared\hls\clib/hlsmath/include/FloatingPoint\hls_exp_.h:180]   --->   Operation 29 'icmp' 'icmp_ln18_1' <Predicate = true> <Delay = 2.70> <CoreInst = "Cmp">   --->   Core 9 'Cmp' <Latency = 0> <II = 1> <Delay = 2.70> <FuncUnit> <Opcode : 'seteq' 'setne' 'setle' 'setge' 'setlt' 'setgt'> <InPorts = 2> <OutPorts = 1>
ST_1 : Operation 30 [1/1] (0.80ns)   --->   "%x_is_NaN = and i1 %icmp_ln18, i1 %icmp_ln18_1" [C:\scratch\2025.1\hls_product\640\2025.1\src\shared\hls\clib/hlsmath/include/FloatingPoint/hls_isnan.h:18->C:\scratch\2025.1\hls_product\640\2025.1\src\shared\hls\clib/hlsmath/include/FloatingPoint\hls_exp_.h:180]   --->   Operation 30 'and' 'x_is_NaN' <Predicate = true> <Delay = 0.80> <CoreInst = "LogicGate">   --->   Core 74 'LogicGate' <Latency = 0> <II = 1> <Delay = 0.80> <FuncUnit> <Opcode : 'and' 'or' 'xor'> <InPorts = 2> <OutPorts = 1>
ST_1 : Operation 31 [1/1] (2.70ns)   --->   "%icmp_ln18_2 = icmp_eq  i52 %es_sig, i52 0" [C:\scratch\2025.1\hls_product\640\2025.1\src\shared\hls\clib/hlsmath/include/FloatingPoint/hls_isinf.h:18->C:\scratch\2025.1\hls_product\640\2025.1\src\shared\hls\clib/hlsmath/include/FloatingPoint\hls_exp_.h:181]   --->   Operation 31 'icmp' 'icmp_ln18_2' <Predicate = true> <Delay = 2.70> <CoreInst = "Cmp">   --->   Core 9 'Cmp' <Latency = 0> <II = 1> <Delay = 2.70> <FuncUnit> <Opcode : 'seteq' 'setne' 'setle' 'setge' 'setlt' 'setgt'> <InPorts = 2> <OutPorts = 1>
ST_1 : Operation 32 [1/1] (0.80ns)   --->   "%x_is_inf = and i1 %icmp_ln18, i1 %icmp_ln18_2" [C:\scratch\2025.1\hls_product\640\2025.1\src\shared\hls\clib/hlsmath/include/FloatingPoint/hls_isinf.h:18->C:\scratch\2025.1\hls_product\640\2025.1\src\shared\hls\clib/hlsmath/include/FloatingPoint\hls_exp_.h:181]   --->   Operation 32 'and' 'x_is_inf' <Predicate = true> <Delay = 0.80> <CoreInst = "LogicGate">   --->   Core 74 'LogicGate' <Latency = 0> <II = 1> <Delay = 0.80> <FuncUnit> <Opcode : 'and' 'or' 'xor'> <InPorts = 2> <OutPorts = 1>
ST_1 : Operation 33 [1/1] (0.00ns)   --->   "%zext_ln486 = zext i11 %es_exp" [C:\scratch\2025.1\hls_product\640\2025.1\src\shared\hls\clib/src/hls\utils/x_hls_utils.h:486->C:\scratch\2025.1\hls_product\640\2025.1\src\shared\hls\clib/hlsmath/include/FloatingPoint\hls_exp_.h:208]   --->   Operation 33 'zext' 'zext_ln486' <Predicate = true> <Delay = 0.00>
ST_1 : Operation 34 [1/1] (1.76ns)   --->   "%m_exp = add i12 %zext_ln486, i12 3073" [C:\scratch\2025.1\hls_product\640\2025.1\src\shared\hls\clib/src/hls\utils/x_hls_utils.h:486->C:\scratch\2025.1\hls_product\640\2025.1\src\shared\hls\clib/hlsmath/include/FloatingPoint\hls_exp_.h:208]   --->   Operation 34 'add' 'm_exp' <Predicate = true> <Delay = 1.76> <CoreInst = "Adder">   --->   Core 1 'Adder' <Latency = 0> <II = 1> <Delay = 1.76> <FuncUnit> <Opcode : 'add' 'sub'> <InPorts = 2> <OutPorts = 1>
ST_1 : Operation 35 [1/1] (0.00ns)   --->   "%e_frac = bitconcatenate i53 @_ssdm_op_BitConcatenate.i53.i1.i52, i1 1, i52 %es_sig" [C:\scratch\2025.1\hls_product\640\2025.1\src\shared\hls\clib/hlsmath/include/FloatingPoint\hls_exp_.h:221]   --->   Operation 35 'bitconcatenate' 'e_frac' <Predicate = true> <Delay = 0.00>
ST_1 : Operation 36 [1/1] (0.00ns)   --->   "%zext_ln221 = zext i53 %e_frac" [C:\scratch\2025.1\hls_product\640\2025.1\src\shared\hls\clib/hlsmath/include/FloatingPoint\hls_exp_.h:221]   --->   Operation 36 'zext' 'zext_ln221' <Predicate = true> <Delay = 0.00>
ST_1 : Operation 37 [1/1] (2.73ns)   --->   "%e_frac_1 = sub i54 0, i54 %zext_ln221" [C:\scratch\2025.1\hls_product\640\2025.1\src\shared\hls\clib/hlsmath/include/FloatingPoint\hls_exp_.h:224]   --->   Operation 37 'sub' 'e_frac_1' <Predicate = true> <Delay = 2.73> <CoreInst = "Adder">   --->   Core 1 'Adder' <Latency = 0> <II = 1> <Delay = 2.73> <FuncUnit> <Opcode : 'add' 'sub'> <InPorts = 2> <OutPorts = 1>
ST_1 : Operation 38 [1/1] (0.76ns)   --->   "%e_frac_2 = select i1 %es_sign, i54 %e_frac_1, i54 %zext_ln221" [C:\scratch\2025.1\hls_product\640\2025.1\src\shared\hls\clib/hlsmath/include/FloatingPoint\hls_exp_.h:224]   --->   Operation 38 'select' 'e_frac_2' <Predicate = true> <Delay = 0.76> <CoreInst = "Sel">   --->   Core 73 'Sel' <Latency = 0> <II = 1> <Delay = 0.76> <FuncUnit> <Opcode : 'select'> <InPorts = 3> <OutPorts = 1>
ST_1 : Operation 39 [1/1] (0.00ns)   --->   "%tmp = bitselect i1 @_ssdm_op_BitSelect.i1.i12.i32, i12 %m_exp, i32 11" [C:\scratch\2025.1\hls_product\640\2025.1\src\shared\hls\clib/hlsmath/include/FloatingPoint\hls_exp_.h:229]   --->   Operation 39 'bitselect' 'tmp' <Predicate = true> <Delay = 0.00>
ST_1 : Operation 40 [1/1] (1.76ns)   --->   "%sub_ln229 = sub i11 1023, i11 %es_exp" [C:\scratch\2025.1\hls_product\640\2025.1\src\shared\hls\clib/hlsmath/include/FloatingPoint\hls_exp_.h:229]   --->   Operation 40 'sub' 'sub_ln229' <Predicate = true> <Delay = 1.76> <CoreInst = "Adder">   --->   Core 1 'Adder' <Latency = 0> <II = 1> <Delay = 1.76> <FuncUnit> <Opcode : 'add' 'sub'> <InPorts = 2> <OutPorts = 1>
ST_1 : Operation 41 [1/1] (0.00ns)   --->   "%sext_ln229 = sext i11 %sub_ln229" [C:\scratch\2025.1\hls_product\640\2025.1\src\shared\hls\clib/hlsmath/include/FloatingPoint\hls_exp_.h:229]   --->   Operation 41 'sext' 'sext_ln229' <Predicate = true> <Delay = 0.00>
ST_1 : Operation 42 [1/1] (0.59ns)   --->   "%select_ln229 = select i1 %tmp, i12 %sext_ln229, i12 %m_exp" [C:\scratch\2025.1\hls_product\640\2025.1\src\shared\hls\clib/hlsmath/include/FloatingPoint\hls_exp_.h:229]   --->   Operation 42 'select' 'select_ln229' <Predicate = true> <Delay = 0.59> <CoreInst = "Sel">   --->   Core 73 'Sel' <Latency = 0> <II = 1> <Delay = 0.59> <FuncUnit> <Opcode : 'select'> <InPorts = 3> <OutPorts = 1>
ST_1 : Operation 43 [1/1] (1.77ns)   --->   "%icmp_ln309 = icmp_sgt  i12 %m_exp, i12 0" [C:\scratch\2025.1\hls_product\640\2025.1\src\shared\hls\clib/hlsmath/include/FloatingPoint\hls_exp_.h:309]   --->   Operation 43 'icmp' 'icmp_ln309' <Predicate = true> <Delay = 1.77> <CoreInst = "Cmp">   --->   Core 9 'Cmp' <Latency = 0> <II = 1> <Delay = 1.77> <FuncUnit> <Opcode : 'seteq' 'setne' 'setle' 'setge' 'setlt' 'setgt'> <InPorts = 2> <OutPorts = 1>
ST_1 : Operation 44 [1/1] (0.00ns)   --->   "%tmp_34 = bitselect i1 @_ssdm_op_BitSelect.i1.i54.i32, i54 %e_frac_2, i32 53" [C:\scratch\2025.1\hls_product\640\2025.1\src\shared\hls\clib/hlsmath/include/FloatingPoint\hls_exp_.h:310]   --->   Operation 44 'bitselect' 'tmp_34' <Predicate = true> <Delay = 0.00>

State 2 <SV = 1> <Delay = 5.81>
ST_2 : Operation 45 [1/1] (0.00ns)   --->   "%m_frac_l = bitconcatenate i61 @_ssdm_op_BitConcatenate.i61.i54.i7, i54 %e_frac_2, i7 0" [C:\scratch\2025.1\hls_product\640\2025.1\src\shared\hls\clib/hlsmath/include/FloatingPoint\hls_exp_.h:227]   --->   Operation 45 'bitconcatenate' 'm_frac_l' <Predicate = true> <Delay = 0.00>
ST_2 : Operation 46 [1/1] (0.00ns)   --->   "%sext_ln227 = sext i61 %m_frac_l" [C:\scratch\2025.1\hls_product\640\2025.1\src\shared\hls\clib/hlsmath/include/FloatingPoint\hls_exp_.h:227]   --->   Operation 46 'sext' 'sext_ln227' <Predicate = true> <Delay = 0.00>
ST_2 : Operation 47 [1/1] (0.00ns)   --->   "%sext_ln229_1 = sext i12 %select_ln229" [C:\scratch\2025.1\hls_product\640\2025.1\src\shared\hls\clib/hlsmath/include/FloatingPoint\hls_exp_.h:229]   --->   Operation 47 'sext' 'sext_ln229_1' <Predicate = true> <Delay = 0.00>
ST_2 : Operation 48 [1/1] (0.00ns)   --->   "%zext_ln229 = zext i32 %sext_ln229_1" [C:\scratch\2025.1\hls_product\640\2025.1\src\shared\hls\clib/hlsmath/include/FloatingPoint\hls_exp_.h:229]   --->   Operation 48 'zext' 'zext_ln229' <Predicate = true> <Delay = 0.00>
ST_2 : Operation 49 [1/1] (3.47ns)   --->   "%ashr_ln229 = ashr i71 %sext_ln227, i71 %zext_ln229" [C:\scratch\2025.1\hls_product\640\2025.1\src\shared\hls\clib/hlsmath/include/FloatingPoint\hls_exp_.h:229]   --->   Operation 49 'ashr' 'ashr_ln229' <Predicate = (tmp)> <Delay = 3.47> <CoreInst = "Shifter">   --->   Core 75 'Shifter' <Latency = 0> <II = 1> <Delay = 3.47> <FuncUnit> <Opcode : 'shl' 'lshr' 'ashr'> <InPorts = 2> <OutPorts = 1>
ST_2 : Operation 50 [1/1] (3.47ns)   --->   "%shl_ln229 = shl i71 %sext_ln227, i71 %zext_ln229" [C:\scratch\2025.1\hls_product\640\2025.1\src\shared\hls\clib/hlsmath/include/FloatingPoint\hls_exp_.h:229]   --->   Operation 50 'shl' 'shl_ln229' <Predicate = (!tmp)> <Delay = 3.47> <CoreInst = "Shifter">   --->   Core 75 'Shifter' <Latency = 0> <II = 1> <Delay = 3.47> <FuncUnit> <Opcode : 'shl' 'lshr' 'ashr'> <InPorts = 2> <OutPorts = 1>
ST_2 : Operation 51 [1/1] (0.96ns)   --->   "%m_fix = select i1 %tmp, i71 %ashr_ln229, i71 %shl_ln229" [C:\scratch\2025.1\hls_product\640\2025.1\src\shared\hls\clib/hlsmath/include/FloatingPoint\hls_exp_.h:229]   --->   Operation 51 'select' 'm_fix' <Predicate = true> <Delay = 0.96> <CoreInst = "Sel">   --->   Core 73 'Sel' <Latency = 0> <II = 1> <Delay = 0.96> <FuncUnit> <Opcode : 'select'> <InPorts = 3> <OutPorts = 1>
ST_2 : Operation 52 [1/1] (0.00ns)   --->   "%m_fix_l = partselect i64 @_ssdm_op_PartSelect.i64.i71.i32.i32, i71 %m_fix, i32 7, i32 70" [C:\scratch\2025.1\hls_product\640\2025.1\src\shared\hls\clib/hlsmath/include/FloatingPoint\hls_exp_.h:229]   --->   Operation 52 'partselect' 'm_fix_l' <Predicate = true> <Delay = 0.00>
ST_2 : Operation 53 [1/1] (0.00ns)   --->   "%m_fix_hi = partselect i16 @_ssdm_op_PartSelect.i16.i71.i32.i32, i71 %m_fix, i32 55, i32 70" [C:\scratch\2025.1\hls_product\640\2025.1\src\shared\hls\clib/hlsmath/include/FloatingPoint\hls_exp_.h:235]   --->   Operation 53 'partselect' 'm_fix_hi' <Predicate = true> <Delay = 0.00>
ST_2 : Operation 54 [1/1] (0.00ns)   --->   "%tmp_30 = bitselect i1 @_ssdm_op_BitSelect.i1.i71.i32, i71 %m_fix, i32 70" [C:\scratch\2025.1\hls_product\640\2025.1\src\shared\hls\clib/hlsmath/include/FloatingPoint\hls_exp_.h:240]   --->   Operation 54 'bitselect' 'tmp_30' <Predicate = true> <Delay = 0.00>
ST_2 : Operation 55 [1/1] (0.00ns)   --->   "%sext_ln243 = sext i16 %m_fix_hi" [C:\scratch\2025.1\hls_product\640\2025.1\src\shared\hls\clib/hlsmath/include/FloatingPoint\hls_exp_.h:243]   --->   Operation 55 'sext' 'sext_ln243' <Predicate = true> <Delay = 0.00>
ST_2 : Operation 56 [3/3] (1.38ns) (grouped into DSP with root node add_ln243)   --->   "%mul_ln243 = mul i31 %sext_ln243, i31 23637" [C:\scratch\2025.1\hls_product\640\2025.1\src\shared\hls\clib/hlsmath/include/FloatingPoint\hls_exp_.h:243]   --->   Operation 56 'mul' 'mul_ln243' <Predicate = true> <Delay = 1.38> <CoreInst = "DSP48">   --->   Core 116 'DSP48' <Latency = 3> <II = 1> <Delay = 1.82> <IPBlock> <Opcode : 'add' 'sub' 'mul' 'select'> <InPorts = 0> <OutPorts = 1> <Sync> <CReg>
ST_2 : Operation 57 [1/1] (0.00ns)   --->   "%trunc_ln255 = trunc i71 %m_fix" [C:\scratch\2025.1\hls_product\640\2025.1\src\shared\hls\clib/hlsmath/include/FloatingPoint\hls_exp_.h:255]   --->   Operation 57 'trunc' 'trunc_ln255' <Predicate = true> <Delay = 0.00>

State 3 <SV = 2> <Delay = 6.64>
ST_3 : Operation 58 [1/1] (0.00ns)   --->   "%zext_ln230 = zext i32 %sext_ln229_1" [C:\scratch\2025.1\hls_product\640\2025.1\src\shared\hls\clib/hlsmath/include/FloatingPoint\hls_exp_.h:230]   --->   Operation 58 'zext' 'zext_ln230' <Predicate = true> <Delay = 0.00>
ST_3 : Operation 59 [1/1] (3.47ns)   --->   "%shl_ln230 = shl i64 %m_fix_l, i64 %zext_ln230" [C:\scratch\2025.1\hls_product\640\2025.1\src\shared\hls\clib/hlsmath/include/FloatingPoint\hls_exp_.h:230]   --->   Operation 59 'shl' 'shl_ln230' <Predicate = (tmp)> <Delay = 3.47> <CoreInst = "Shifter">   --->   Core 75 'Shifter' <Latency = 0> <II = 1> <Delay = 3.47> <FuncUnit> <Opcode : 'shl' 'lshr' 'ashr'> <InPorts = 2> <OutPorts = 1>
ST_3 : Operation 60 [1/1] (3.47ns)   --->   "%ashr_ln230 = ashr i64 %m_fix_l, i64 %zext_ln230" [C:\scratch\2025.1\hls_product\640\2025.1\src\shared\hls\clib/hlsmath/include/FloatingPoint\hls_exp_.h:230]   --->   Operation 60 'ashr' 'ashr_ln230' <Predicate = (!tmp)> <Delay = 3.47> <CoreInst = "Shifter">   --->   Core 75 'Shifter' <Latency = 0> <II = 1> <Delay = 3.47> <FuncUnit> <Opcode : 'shl' 'lshr' 'ashr'> <InPorts = 2> <OutPorts = 1>
ST_3 : Operation 61 [2/3] (1.38ns) (grouped into DSP with root node add_ln243)   --->   "%mul_ln243 = mul i31 %sext_ln243, i31 23637" [C:\scratch\2025.1\hls_product\640\2025.1\src\shared\hls\clib/hlsmath/include/FloatingPoint\hls_exp_.h:243]   --->   Operation 61 'mul' 'mul_ln243' <Predicate = true> <Delay = 1.38> <CoreInst = "DSP48">   --->   Core 116 'DSP48' <Latency = 3> <II = 1> <Delay = 1.82> <IPBlock> <Opcode : 'add' 'sub' 'mul' 'select'> <InPorts = 0> <OutPorts = 1> <Sync> <CReg>
ST_3 : Operation 62 [1/1] (0.00ns) (grouped into LUT with out node icmp_ln309_2)   --->   "%select_ln230 = select i1 %tmp, i64 %shl_ln230, i64 %ashr_ln230" [C:\scratch\2025.1\hls_product\640\2025.1\src\shared\hls\clib/hlsmath/include/FloatingPoint\hls_exp_.h:230]   --->   Operation 62 'select' 'select_ln230' <Predicate = true> <Delay = 0.00> <CoreInst = "Sel">   --->   Core 73 'Sel' <Latency = 0> <II = 1> <Delay = 0.83> <FuncUnit> <Opcode : 'select'> <InPorts = 3> <OutPorts = 1>
ST_3 : Operation 63 [1/1] (0.00ns) (grouped into LUT with out node icmp_ln309_2)   --->   "%shl_ln2 = bitconcatenate i71 @_ssdm_op_BitConcatenate.i71.i64.i7, i64 %select_ln230, i7 0" [C:\scratch\2025.1\hls_product\640\2025.1\src\shared\hls\clib/hlsmath/include/FloatingPoint\hls_exp_.h:309]   --->   Operation 63 'bitconcatenate' 'shl_ln2' <Predicate = true> <Delay = 0.00>
ST_3 : Operation 64 [1/1] (3.16ns) (out node of the LUT)   --->   "%icmp_ln309_2 = icmp_ne  i71 %shl_ln2, i71 %sext_ln227" [C:\scratch\2025.1\hls_product\640\2025.1\src\shared\hls\clib/hlsmath/include/FloatingPoint\hls_exp_.h:309]   --->   Operation 64 'icmp' 'icmp_ln309_2' <Predicate = true> <Delay = 3.16> <CoreInst = "Cmp">   --->   Core 9 'Cmp' <Latency = 0> <II = 1> <Delay = 3.16> <FuncUnit> <Opcode : 'seteq' 'setne' 'setle' 'setge' 'setlt' 'setgt'> <InPorts = 2> <OutPorts = 1>

State 4 <SV = 3> <Delay = 1.76>
ST_4 : Operation 65 [1/3] (0.00ns) (grouped into DSP with root node add_ln243)   --->   "%mul_ln243 = mul i31 %sext_ln243, i31 23637" [C:\scratch\2025.1\hls_product\640\2025.1\src\shared\hls\clib/hlsmath/include/FloatingPoint\hls_exp_.h:243]   --->   Operation 65 'mul' 'mul_ln243' <Predicate = true> <Delay = 0.00> <CoreInst = "DSP48">   --->   Core 116 'DSP48' <Latency = 3> <II = 1> <Delay = 1.82> <IPBlock> <Opcode : 'add' 'sub' 'mul' 'select'> <InPorts = 0> <OutPorts = 1> <Sync> <CReg>
ST_4 : Operation 66 [1/1] (0.00ns)   --->   "%shl_ln = bitconcatenate i19 @_ssdm_op_BitConcatenate.i19.i1.i18, i1 %tmp_30, i18 131072" [C:\scratch\2025.1\hls_product\640\2025.1\src\shared\hls\clib/hlsmath/include/FloatingPoint\hls_exp_.h:243]   --->   Operation 66 'bitconcatenate' 'shl_ln' <Predicate = true> <Delay = 0.00>
ST_4 : Operation 67 [1/1] (0.00ns)   --->   "%sext_ln243_1 = sext i19 %shl_ln" [C:\scratch\2025.1\hls_product\640\2025.1\src\shared\hls\clib/hlsmath/include/FloatingPoint\hls_exp_.h:243]   --->   Operation 67 'sext' 'sext_ln243_1' <Predicate = true> <Delay = 0.00>
ST_4 : Operation 68 [2/2] (1.76ns) (root node of the DSP)   --->   "%add_ln243 = add i31 %mul_ln243, i31 %sext_ln243_1" [C:\scratch\2025.1\hls_product\640\2025.1\src\shared\hls\clib/hlsmath/include/FloatingPoint\hls_exp_.h:243]   --->   Operation 68 'add' 'add_ln243' <Predicate = true> <Delay = 1.76> <CoreInst = "DSP48">   --->   Core 116 'DSP48' <Latency = 3> <II = 1> <Delay = 1.82> <IPBlock> <Opcode : 'add' 'sub' 'mul' 'select'> <InPorts = 0> <OutPorts = 1> <Sync> <CReg>

State 5 <SV = 4> <Delay = 4.24>
ST_5 : Operation 69 [1/2] (1.76ns) (root node of the DSP)   --->   "%add_ln243 = add i31 %mul_ln243, i31 %sext_ln243_1" [C:\scratch\2025.1\hls_product\640\2025.1\src\shared\hls\clib/hlsmath/include/FloatingPoint\hls_exp_.h:243]   --->   Operation 69 'add' 'add_ln243' <Predicate = true> <Delay = 1.76> <CoreInst = "DSP48">   --->   Core 116 'DSP48' <Latency = 3> <II = 1> <Delay = 1.82> <IPBlock> <Opcode : 'add' 'sub' 'mul' 'select'> <InPorts = 0> <OutPorts = 1> <Sync> <CReg>
ST_5 : Operation 70 [1/1] (0.00ns)   --->   "%trunc_ln = partselect i13 @_ssdm_op_PartSelect.i13.i31.i32.i32, i31 %add_ln243, i32 18, i32 30" [C:\scratch\2025.1\hls_product\640\2025.1\src\shared\hls\clib/hlsmath/include/FloatingPoint\hls_exp_.h:243]   --->   Operation 70 'partselect' 'trunc_ln' <Predicate = true> <Delay = 0.00>
ST_5 : Operation 71 [1/1] (0.00ns) (grouped into LUT with out node r_exp)   --->   "%tmp_31 = bitselect i1 @_ssdm_op_BitSelect.i1.i31.i32, i31 %add_ln243, i32 30" [C:\scratch\2025.1\hls_product\640\2025.1\src\shared\hls\clib/hlsmath/include/FloatingPoint\hls_exp_.h:243]   --->   Operation 71 'bitselect' 'tmp_31' <Predicate = true> <Delay = 0.00>
ST_5 : Operation 72 [1/1] (0.00ns)   --->   "%trunc_ln243 = trunc i31 %add_ln243" [C:\scratch\2025.1\hls_product\640\2025.1\src\shared\hls\clib/hlsmath/include/FloatingPoint\hls_exp_.h:243]   --->   Operation 72 'trunc' 'trunc_ln243' <Predicate = true> <Delay = 0.00>
ST_5 : Operation 73 [1/1] (1.88ns)   --->   "%icmp_ln243 = icmp_ne  i18 %trunc_ln243, i18 0" [C:\scratch\2025.1\hls_product\640\2025.1\src\shared\hls\clib/hlsmath/include/FloatingPoint\hls_exp_.h:243]   --->   Operation 73 'icmp' 'icmp_ln243' <Predicate = true> <Delay = 1.88> <CoreInst = "Cmp">   --->   Core 9 'Cmp' <Latency = 0> <II = 1> <Delay = 1.88> <FuncUnit> <Opcode : 'seteq' 'setne' 'setle' 'setge' 'setlt' 'setgt'> <InPorts = 2> <OutPorts = 1>
ST_5 : Operation 74 [1/1] (1.79ns)   --->   "%add_ln243_1 = add i13 %trunc_ln, i13 1" [C:\scratch\2025.1\hls_product\640\2025.1\src\shared\hls\clib/hlsmath/include/FloatingPoint\hls_exp_.h:243]   --->   Operation 74 'add' 'add_ln243_1' <Predicate = true> <Delay = 1.79> <CoreInst = "Adder">   --->   Core 1 'Adder' <Latency = 0> <II = 1> <Delay = 1.79> <FuncUnit> <Opcode : 'add' 'sub'> <InPorts = 2> <OutPorts = 1>
ST_5 : Operation 75 [1/1] (0.00ns) (grouped into LUT with out node r_exp)   --->   "%select_ln243 = select i1 %icmp_ln243, i13 %add_ln243_1, i13 %trunc_ln" [C:\scratch\2025.1\hls_product\640\2025.1\src\shared\hls\clib/hlsmath/include/FloatingPoint\hls_exp_.h:243]   --->   Operation 75 'select' 'select_ln243' <Predicate = true> <Delay = 0.00> <CoreInst = "Sel">   --->   Core 73 'Sel' <Latency = 0> <II = 1> <Delay = 0.60> <FuncUnit> <Opcode : 'select'> <InPorts = 3> <OutPorts = 1>
ST_5 : Operation 76 [1/1] (0.60ns) (out node of the LUT)   --->   "%r_exp = select i1 %tmp_31, i13 %select_ln243, i13 %trunc_ln" [C:\scratch\2025.1\hls_product\640\2025.1\src\shared\hls\clib/hlsmath/include/FloatingPoint\hls_exp_.h:243]   --->   Operation 76 'select' 'r_exp' <Predicate = true> <Delay = 0.60> <CoreInst = "Sel">   --->   Core 73 'Sel' <Latency = 0> <II = 1> <Delay = 0.60> <FuncUnit> <Opcode : 'select'> <InPorts = 3> <OutPorts = 1>

State 6 <SV = 5> <Delay = 5.71>
ST_6 : Operation 77 [1/1] (0.00ns)   --->   "%sext_ln249 = sext i13 %r_exp" [C:\scratch\2025.1\hls_product\640\2025.1\src\shared\hls\clib/hlsmath/include/FloatingPoint\hls_exp_.h:249]   --->   Operation 77 'sext' 'sext_ln249' <Predicate = true> <Delay = 0.00>
ST_6 : Operation 78 [5/5] (5.71ns)   --->   "%mul_ln249 = mul i71 %sext_ln249, i71 1636647506585939924452" [C:\scratch\2025.1\hls_product\640\2025.1\src\shared\hls\clib/hlsmath/include/FloatingPoint\hls_exp_.h:249]   --->   Operation 78 'mul' 'mul_ln249' <Predicate = true> <Delay = 5.71> <CoreInst = "Multiplier">   --->   Core 3 'Multiplier' <Latency = 4> <II = 1> <Delay = 5.71> <FuncUnit> <Opcode : 'mul'> <InPorts = 2> <OutPorts = 1>

State 7 <SV = 6> <Delay = 5.71>
ST_7 : Operation 79 [4/5] (5.71ns)   --->   "%mul_ln249 = mul i71 %sext_ln249, i71 1636647506585939924452" [C:\scratch\2025.1\hls_product\640\2025.1\src\shared\hls\clib/hlsmath/include/FloatingPoint\hls_exp_.h:249]   --->   Operation 79 'mul' 'mul_ln249' <Predicate = true> <Delay = 5.71> <CoreInst = "Multiplier">   --->   Core 3 'Multiplier' <Latency = 4> <II = 1> <Delay = 5.71> <FuncUnit> <Opcode : 'mul'> <InPorts = 2> <OutPorts = 1>

State 8 <SV = 7> <Delay = 5.71>
ST_8 : Operation 80 [3/5] (5.71ns)   --->   "%mul_ln249 = mul i71 %sext_ln249, i71 1636647506585939924452" [C:\scratch\2025.1\hls_product\640\2025.1\src\shared\hls\clib/hlsmath/include/FloatingPoint\hls_exp_.h:249]   --->   Operation 80 'mul' 'mul_ln249' <Predicate = true> <Delay = 5.71> <CoreInst = "Multiplier">   --->   Core 3 'Multiplier' <Latency = 4> <II = 1> <Delay = 5.71> <FuncUnit> <Opcode : 'mul'> <InPorts = 2> <OutPorts = 1>

State 9 <SV = 8> <Delay = 5.71>
ST_9 : Operation 81 [2/5] (5.71ns)   --->   "%mul_ln249 = mul i71 %sext_ln249, i71 1636647506585939924452" [C:\scratch\2025.1\hls_product\640\2025.1\src\shared\hls\clib/hlsmath/include/FloatingPoint\hls_exp_.h:249]   --->   Operation 81 'mul' 'mul_ln249' <Predicate = true> <Delay = 5.71> <CoreInst = "Multiplier">   --->   Core 3 'Multiplier' <Latency = 4> <II = 1> <Delay = 5.71> <FuncUnit> <Opcode : 'mul'> <InPorts = 2> <OutPorts = 1>

State 10 <SV = 9> <Delay = 5.71>
ST_10 : Operation 82 [1/5] (5.71ns)   --->   "%mul_ln249 = mul i71 %sext_ln249, i71 1636647506585939924452" [C:\scratch\2025.1\hls_product\640\2025.1\src\shared\hls\clib/hlsmath/include/FloatingPoint\hls_exp_.h:249]   --->   Operation 82 'mul' 'mul_ln249' <Predicate = true> <Delay = 5.71> <CoreInst = "Multiplier">   --->   Core 3 'Multiplier' <Latency = 4> <II = 1> <Delay = 5.71> <FuncUnit> <Opcode : 'mul'> <InPorts = 2> <OutPorts = 1>
ST_10 : Operation 83 [1/1] (0.00ns)   --->   "%tmp_s = partselect i58 @_ssdm_op_PartSelect.i58.i71.i32.i32, i71 %mul_ln249, i32 13, i32 70" [C:\scratch\2025.1\hls_product\640\2025.1\src\shared\hls\clib/hlsmath/include/FloatingPoint\hls_exp_.h:255]   --->   Operation 83 'partselect' 'tmp_s' <Predicate = true> <Delay = 0.00>

State 11 <SV = 10> <Delay = 5.64>
ST_11 : Operation 84 [1/1] (0.00ns)   --->   "%and_ln = bitconcatenate i59 @_ssdm_op_BitConcatenate.i59.i58.i1, i58 %tmp_s, i1 0" [C:\scratch\2025.1\hls_product\640\2025.1\src\shared\hls\clib/hlsmath/include/FloatingPoint\hls_exp_.h:255]   --->   Operation 84 'bitconcatenate' 'and_ln' <Predicate = true> <Delay = 0.00>
ST_11 : Operation 85 [1/1] (2.87ns)   --->   "%sub_ln255 = sub i59 %trunc_ln255, i59 %and_ln" [C:\scratch\2025.1\hls_product\640\2025.1\src\shared\hls\clib/hlsmath/include/FloatingPoint\hls_exp_.h:255]   --->   Operation 85 'sub' 'sub_ln255' <Predicate = true> <Delay = 2.87> <CoreInst = "Adder">   --->   Core 1 'Adder' <Latency = 0> <II = 1> <Delay = 2.87> <FuncUnit> <Opcode : 'add' 'sub'> <InPorts = 2> <OutPorts = 1>
ST_11 : Operation 86 [1/1] (0.00ns)   --->   "%m_diff_hi = partselect i8 @_ssdm_op_PartSelect.i8.i59.i32.i32, i59 %sub_ln255, i32 51, i32 58" [C:\scratch\2025.1\hls_product\640\2025.1\src\shared\hls\clib/hlsmath/include/FloatingPoint\hls_exp_.h:286]   --->   Operation 86 'partselect' 'm_diff_hi' <Predicate = true> <Delay = 0.00>
ST_11 : Operation 87 [1/1] (0.00ns)   --->   "%Z2 = partselect i8 @_ssdm_op_PartSelect.i8.i59.i32.i32, i59 %sub_ln255, i32 43, i32 50" [C:\scratch\2025.1\hls_product\640\2025.1\src\shared\hls\clib/hlsmath/include/FloatingPoint\hls_exp_.h:96->C:\scratch\2025.1\hls_product\640\2025.1\src\shared\hls\clib/hlsmath/include/FloatingPoint\hls_exp_.h:293]   --->   Operation 87 'partselect' 'Z2' <Predicate = true> <Delay = 0.00>
ST_11 : Operation 88 [1/1] (0.00ns)   --->   "%Z3 = partselect i8 @_ssdm_op_PartSelect.i8.i59.i32.i32, i59 %sub_ln255, i32 35, i32 42" [C:\scratch\2025.1\hls_product\640\2025.1\src\shared\hls\clib/hlsmath/include/FloatingPoint\hls_exp_.h:98->C:\scratch\2025.1\hls_product\640\2025.1\src\shared\hls\clib/hlsmath/include/FloatingPoint\hls_exp_.h:293]   --->   Operation 88 'partselect' 'Z3' <Predicate = true> <Delay = 0.00>
ST_11 : Operation 89 [1/1] (0.00ns)   --->   "%Z4 = trunc i59 %sub_ln255" [C:\scratch\2025.1\hls_product\640\2025.1\src\shared\hls\clib/hlsmath/include/FloatingPoint\hls_exp_.h:99->C:\scratch\2025.1\hls_product\640\2025.1\src\shared\hls\clib/hlsmath/include/FloatingPoint\hls_exp_.h:293]   --->   Operation 89 'trunc' 'Z4' <Predicate = true> <Delay = 0.00>
ST_11 : Operation 90 [1/1] (0.00ns)   --->   "%Z4_ind = partselect i8 @_ssdm_op_PartSelect.i8.i59.i32.i32, i59 %sub_ln255, i32 27, i32 34" [C:\scratch\2025.1\hls_product\640\2025.1\src\shared\hls\clib/hlsmath/include/FloatingPoint\hls_exp_.h:113->C:\scratch\2025.1\hls_product\640\2025.1\src\shared\hls\clib/hlsmath/include/FloatingPoint\hls_exp_.h:293]   --->   Operation 90 'partselect' 'Z4_ind' <Predicate = true> <Delay = 0.00>
ST_11 : Operation 91 [1/1] (0.00ns)   --->   "%zext_ln114 = zext i8 %Z4_ind" [C:\scratch\2025.1\hls_product\640\2025.1\src\shared\hls\clib/hlsmath/include/FloatingPoint\hls_exp_.h:114->C:\scratch\2025.1\hls_product\640\2025.1\src\shared\hls\clib/hlsmath/include/FloatingPoint\hls_exp_.h:293]   --->   Operation 91 'zext' 'zext_ln114' <Predicate = true> <Delay = 0.00>
ST_11 : Operation 92 [1/1] (0.00ns)   --->   "%table_f_Z3_ap_ufixed_59_0_ap_q_mode_5_ap_o_mode_3_0_array_addr = getelementptr i26 %table_f_Z3_ap_ufixed_59_0_ap_q_mode_5_ap_o_mode_3_0_array, i64 0, i64 %zext_ln114" [C:\scratch\2025.1\hls_product\640\2025.1\src\shared\hls\clib/hlsmath/include/FloatingPoint\hls_exp_.h:114->C:\scratch\2025.1\hls_product\640\2025.1\src\shared\hls\clib/hlsmath/include/FloatingPoint\hls_exp_.h:293]   --->   Operation 92 'getelementptr' 'table_f_Z3_ap_ufixed_59_0_ap_q_mode_5_ap_o_mode_3_0_array_addr' <Predicate = true> <Delay = 0.00>
ST_11 : Operation 93 [2/2] (2.77ns)   --->   "%table_f_Z3_ap_ufixed_59_0_ap_q_mode_5_ap_o_mode_3_0_array_load = load i8 %table_f_Z3_ap_ufixed_59_0_ap_q_mode_5_ap_o_mode_3_0_array_addr" [C:\scratch\2025.1\hls_product\640\2025.1\src\shared\hls\clib/hlsmath/include/FloatingPoint\hls_exp_.h:114->C:\scratch\2025.1\hls_product\640\2025.1\src\shared\hls\clib/hlsmath/include/FloatingPoint\hls_exp_.h:293]   --->   Operation 93 'load' 'table_f_Z3_ap_ufixed_59_0_ap_q_mode_5_ap_o_mode_3_0_array_load' <Predicate = true> <Delay = 2.77> <CoreInst = "ROM">   --->   Core 94 'ROM' <Latency = 1> <II = 1> <Delay = 2.77> <Storage> <Opcode : 'load'> <Ports = 0> <Width = 26> <Depth = 256> <ROM>
ST_11 : Operation 94 [1/1] (0.00ns)   --->   "%zext_ln119 = zext i8 %Z3" [C:\scratch\2025.1\hls_product\640\2025.1\src\shared\hls\clib/hlsmath/include/FloatingPoint\hls_exp_.h:119->C:\scratch\2025.1\hls_product\640\2025.1\src\shared\hls\clib/hlsmath/include/FloatingPoint\hls_exp_.h:293]   --->   Operation 94 'zext' 'zext_ln119' <Predicate = true> <Delay = 0.00>
ST_11 : Operation 95 [1/1] (0.00ns)   --->   "%table_f_Z3_ap_ufixed_59_0_ap_q_mode_5_ap_o_mode_3_0_array_addr_1 = getelementptr i26 %table_f_Z3_ap_ufixed_59_0_ap_q_mode_5_ap_o_mode_3_0_array, i64 0, i64 %zext_ln119" [C:\scratch\2025.1\hls_product\640\2025.1\src\shared\hls\clib/hlsmath/include/FloatingPoint\hls_exp_.h:119->C:\scratch\2025.1\hls_product\640\2025.1\src\shared\hls\clib/hlsmath/include/FloatingPoint\hls_exp_.h:293]   --->   Operation 95 'getelementptr' 'table_f_Z3_ap_ufixed_59_0_ap_q_mode_5_ap_o_mode_3_0_array_addr_1' <Predicate = true> <Delay = 0.00>
ST_11 : Operation 96 [2/2] (2.77ns)   --->   "%f_Z3 = load i8 %table_f_Z3_ap_ufixed_59_0_ap_q_mode_5_ap_o_mode_3_0_array_addr_1" [C:\scratch\2025.1\hls_product\640\2025.1\src\shared\hls\clib/hlsmath/include/FloatingPoint\hls_exp_.h:119->C:\scratch\2025.1\hls_product\640\2025.1\src\shared\hls\clib/hlsmath/include/FloatingPoint\hls_exp_.h:293]   --->   Operation 96 'load' 'f_Z3' <Predicate = true> <Delay = 2.77> <CoreInst = "ROM">   --->   Core 94 'ROM' <Latency = 1> <II = 1> <Delay = 2.77> <Storage> <Opcode : 'load'> <Ports = 0> <Width = 26> <Depth = 256> <ROM>

State 12 <SV = 11> <Delay = 5.02>
ST_12 : Operation 97 [1/2] ( I:2.77ns O:2.77ns )   --->   "%table_f_Z3_ap_ufixed_59_0_ap_q_mode_5_ap_o_mode_3_0_array_load = load i8 %table_f_Z3_ap_ufixed_59_0_ap_q_mode_5_ap_o_mode_3_0_array_addr" [C:\scratch\2025.1\hls_product\640\2025.1\src\shared\hls\clib/hlsmath/include/FloatingPoint\hls_exp_.h:114->C:\scratch\2025.1\hls_product\640\2025.1\src\shared\hls\clib/hlsmath/include/FloatingPoint\hls_exp_.h:293]   --->   Operation 97 'load' 'table_f_Z3_ap_ufixed_59_0_ap_q_mode_5_ap_o_mode_3_0_array_load' <Predicate = true> <Delay = 2.77> <CoreInst = "ROM">   --->   Core 94 'ROM' <Latency = 1> <II = 1> <Delay = 2.77> <Storage> <Opcode : 'load'> <Ports = 0> <Width = 26> <Depth = 256> <ROM>
ST_12 : Operation 98 [1/1] (0.00ns)   --->   "%f_Z4 = partselect i10 @_ssdm_op_PartSelect.i10.i26.i32.i32, i26 %table_f_Z3_ap_ufixed_59_0_ap_q_mode_5_ap_o_mode_3_0_array_load, i32 16, i32 25" [C:\scratch\2025.1\hls_product\640\2025.1\src\shared\hls\clib/hlsmath/include/FloatingPoint\hls_exp_.h:114->C:\scratch\2025.1\hls_product\640\2025.1\src\shared\hls\clib/hlsmath/include/FloatingPoint\hls_exp_.h:293]   --->   Operation 98 'partselect' 'f_Z4' <Predicate = true> <Delay = 0.00>
ST_12 : Operation 99 [1/1] (0.00ns)   --->   "%zext_ln115 = zext i35 %Z4" [C:\scratch\2025.1\hls_product\640\2025.1\src\shared\hls\clib/hlsmath/include/FloatingPoint\hls_exp_.h:115->C:\scratch\2025.1\hls_product\640\2025.1\src\shared\hls\clib/hlsmath/include/FloatingPoint\hls_exp_.h:293]   --->   Operation 99 'zext' 'zext_ln115' <Predicate = true> <Delay = 0.00>
ST_12 : Operation 100 [1/1] (0.00ns)   --->   "%zext_ln115_1 = zext i10 %f_Z4" [C:\scratch\2025.1\hls_product\640\2025.1\src\shared\hls\clib/hlsmath/include/FloatingPoint\hls_exp_.h:115->C:\scratch\2025.1\hls_product\640\2025.1\src\shared\hls\clib/hlsmath/include/FloatingPoint\hls_exp_.h:293]   --->   Operation 100 'zext' 'zext_ln115_1' <Predicate = true> <Delay = 0.00>
ST_12 : Operation 101 [1/1] (2.25ns)   --->   "%exp_Z4_m_1 = add i36 %zext_ln115, i36 %zext_ln115_1" [C:\scratch\2025.1\hls_product\640\2025.1\src\shared\hls\clib/hlsmath/include/FloatingPoint\hls_exp_.h:115->C:\scratch\2025.1\hls_product\640\2025.1\src\shared\hls\clib/hlsmath/include/FloatingPoint\hls_exp_.h:293]   --->   Operation 101 'add' 'exp_Z4_m_1' <Predicate = true> <Delay = 2.25> <CoreInst = "Adder">   --->   Core 1 'Adder' <Latency = 0> <II = 1> <Delay = 2.25> <FuncUnit> <Opcode : 'add' 'sub'> <InPorts = 2> <OutPorts = 1>
ST_12 : Operation 102 [1/2] ( I:2.77ns O:2.77ns )   --->   "%f_Z3 = load i8 %table_f_Z3_ap_ufixed_59_0_ap_q_mode_5_ap_o_mode_3_0_array_addr_1" [C:\scratch\2025.1\hls_product\640\2025.1\src\shared\hls\clib/hlsmath/include/FloatingPoint\hls_exp_.h:119->C:\scratch\2025.1\hls_product\640\2025.1\src\shared\hls\clib/hlsmath/include/FloatingPoint\hls_exp_.h:293]   --->   Operation 102 'load' 'f_Z3' <Predicate = true> <Delay = 2.77> <CoreInst = "ROM">   --->   Core 94 'ROM' <Latency = 1> <II = 1> <Delay = 2.77> <Storage> <Opcode : 'load'> <Ports = 0> <Width = 26> <Depth = 256> <ROM>

State 13 <SV = 12> <Delay = 6.67>
ST_13 : Operation 103 [1/1] (0.00ns)   --->   "%exp_Z3_m_1 = bitconcatenate i43 @_ssdm_op_BitConcatenate.i43.i8.i9.i26, i8 %Z3, i9 0, i26 %f_Z3" [C:\scratch\2025.1\hls_product\640\2025.1\src\shared\hls\clib/hlsmath/include/FloatingPoint\hls_exp_.h:120->C:\scratch\2025.1\hls_product\640\2025.1\src\shared\hls\clib/hlsmath/include/FloatingPoint\hls_exp_.h:293]   --->   Operation 103 'bitconcatenate' 'exp_Z3_m_1' <Predicate = true> <Delay = 0.00>
ST_13 : Operation 104 [1/1] (0.00ns)   --->   "%zext_ln123 = zext i43 %exp_Z3_m_1" [C:\scratch\2025.1\hls_product\640\2025.1\src\shared\hls\clib/hlsmath/include/FloatingPoint\hls_exp_.h:123->C:\scratch\2025.1\hls_product\640\2025.1\src\shared\hls\clib/hlsmath/include/FloatingPoint\hls_exp_.h:293]   --->   Operation 104 'zext' 'zext_ln123' <Predicate = true> <Delay = 0.00>
ST_13 : Operation 105 [1/1] (0.00ns)   --->   "%zext_ln123_1 = zext i36 %exp_Z4_m_1" [C:\scratch\2025.1\hls_product\640\2025.1\src\shared\hls\clib/hlsmath/include/FloatingPoint\hls_exp_.h:123->C:\scratch\2025.1\hls_product\640\2025.1\src\shared\hls\clib/hlsmath/include/FloatingPoint\hls_exp_.h:293]   --->   Operation 105 'zext' 'zext_ln123_1' <Predicate = true> <Delay = 0.00>
ST_13 : Operation 106 [2/2] (6.67ns)   --->   "%mul_ln123 = mul i79 %zext_ln123, i79 %zext_ln123_1" [C:\scratch\2025.1\hls_product\640\2025.1\src\shared\hls\clib/hlsmath/include/FloatingPoint\hls_exp_.h:123->C:\scratch\2025.1\hls_product\640\2025.1\src\shared\hls\clib/hlsmath/include/FloatingPoint\hls_exp_.h:293]   --->   Operation 106 'mul' 'mul_ln123' <Predicate = true> <Delay = 6.67> <CoreInst = "Multiplier">   --->   Core 3 'Multiplier' <Latency = 1> <II = 1> <Delay = 6.67> <FuncUnit> <Opcode : 'mul'> <InPorts = 2> <OutPorts = 1>

State 14 <SV = 13> <Delay = 6.67>
ST_14 : Operation 107 [1/2] (6.67ns)   --->   "%mul_ln123 = mul i79 %zext_ln123, i79 %zext_ln123_1" [C:\scratch\2025.1\hls_product\640\2025.1\src\shared\hls\clib/hlsmath/include/FloatingPoint\hls_exp_.h:123->C:\scratch\2025.1\hls_product\640\2025.1\src\shared\hls\clib/hlsmath/include/FloatingPoint\hls_exp_.h:293]   --->   Operation 107 'mul' 'mul_ln123' <Predicate = true> <Delay = 6.67> <CoreInst = "Multiplier">   --->   Core 3 'Multiplier' <Latency = 1> <II = 1> <Delay = 6.67> <FuncUnit> <Opcode : 'mul'> <InPorts = 2> <OutPorts = 1>
ST_14 : Operation 108 [1/1] (0.00ns)   --->   "%tmp_26 = partselect i20 @_ssdm_op_PartSelect.i20.i79.i32.i32, i79 %mul_ln123, i32 59, i32 78" [C:\scratch\2025.1\hls_product\640\2025.1\src\shared\hls\clib/hlsmath/include/FloatingPoint\hls_exp_.h:126->C:\scratch\2025.1\hls_product\640\2025.1\src\shared\hls\clib/hlsmath/include/FloatingPoint\hls_exp_.h:293]   --->   Operation 108 'partselect' 'tmp_26' <Predicate = true> <Delay = 0.00>
ST_14 : Operation 109 [1/1] (0.00ns)   --->   "%zext_ln138 = zext i8 %Z2" [C:\scratch\2025.1\hls_product\640\2025.1\src\shared\hls\clib/hlsmath/include/FloatingPoint\hls_exp_.h:138->C:\scratch\2025.1\hls_product\640\2025.1\src\shared\hls\clib/hlsmath/include/FloatingPoint\hls_exp_.h:293]   --->   Operation 109 'zext' 'zext_ln138' <Predicate = true> <Delay = 0.00>
ST_14 : Operation 110 [1/1] (0.00ns)   --->   "%table_f_Z2_ap_ufixed_59_0_ap_q_mode_5_ap_o_mode_3_0_array_addr = getelementptr i42 %table_f_Z2_ap_ufixed_59_0_ap_q_mode_5_ap_o_mode_3_0_array, i64 0, i64 %zext_ln138" [C:\scratch\2025.1\hls_product\640\2025.1\src\shared\hls\clib/hlsmath/include/FloatingPoint\hls_exp_.h:138->C:\scratch\2025.1\hls_product\640\2025.1\src\shared\hls\clib/hlsmath/include/FloatingPoint\hls_exp_.h:293]   --->   Operation 110 'getelementptr' 'table_f_Z2_ap_ufixed_59_0_ap_q_mode_5_ap_o_mode_3_0_array_addr' <Predicate = true> <Delay = 0.00>
ST_14 : Operation 111 [2/2] (2.77ns)   --->   "%f_Z2 = load i8 %table_f_Z2_ap_ufixed_59_0_ap_q_mode_5_ap_o_mode_3_0_array_addr" [C:\scratch\2025.1\hls_product\640\2025.1\src\shared\hls\clib/hlsmath/include/FloatingPoint\hls_exp_.h:138->C:\scratch\2025.1\hls_product\640\2025.1\src\shared\hls\clib/hlsmath/include/FloatingPoint\hls_exp_.h:293]   --->   Operation 111 'load' 'f_Z2' <Predicate = true> <Delay = 2.77> <CoreInst = "ROM">   --->   Core 94 'ROM' <Latency = 1> <II = 1> <Delay = 2.77> <Storage> <Opcode : 'load'> <Ports = 0> <Width = 42> <Depth = 256> <ROM>

State 15 <SV = 14> <Delay = 4.03>
ST_15 : Operation 112 [1/1] (0.00ns)   --->   "%zext_ln120 = zext i43 %exp_Z3_m_1" [C:\scratch\2025.1\hls_product\640\2025.1\src\shared\hls\clib/hlsmath/include/FloatingPoint\hls_exp_.h:120->C:\scratch\2025.1\hls_product\640\2025.1\src\shared\hls\clib/hlsmath/include/FloatingPoint\hls_exp_.h:293]   --->   Operation 112 'zext' 'zext_ln120' <Predicate = true> <Delay = 0.00>
ST_15 : Operation 113 [1/1] (0.00ns)   --->   "%zext_ln126 = zext i36 %exp_Z4_m_1" [C:\scratch\2025.1\hls_product\640\2025.1\src\shared\hls\clib/hlsmath/include/FloatingPoint\hls_exp_.h:126->C:\scratch\2025.1\hls_product\640\2025.1\src\shared\hls\clib/hlsmath/include/FloatingPoint\hls_exp_.h:293]   --->   Operation 113 'zext' 'zext_ln126' <Predicate = true> <Delay = 0.00>
ST_15 : Operation 114 [1/1] (0.00ns)   --->   "%zext_ln126_1 = zext i20 %tmp_26" [C:\scratch\2025.1\hls_product\640\2025.1\src\shared\hls\clib/hlsmath/include/FloatingPoint\hls_exp_.h:126->C:\scratch\2025.1\hls_product\640\2025.1\src\shared\hls\clib/hlsmath/include/FloatingPoint\hls_exp_.h:293]   --->   Operation 114 'zext' 'zext_ln126_1' <Predicate = true> <Delay = 0.00>
ST_15 : Operation 115 [1/1] (0.00ns) (grouped into TernaryAdder)   --->   "%add_ln126 = add i44 %zext_ln120, i44 %zext_ln126" [C:\scratch\2025.1\hls_product\640\2025.1\src\shared\hls\clib/hlsmath/include/FloatingPoint\hls_exp_.h:126->C:\scratch\2025.1\hls_product\640\2025.1\src\shared\hls\clib/hlsmath/include/FloatingPoint\hls_exp_.h:293]   --->   Operation 115 'add' 'add_ln126' <Predicate = true> <Delay = 0.00> <CoreInst = "TAddSub">   --->   Core 10 'TAddSub' <Latency = 0> <II = 1> <Delay = 2.12> <IPBlock> <Opcode : 'add' 'sub'> <InPorts = 3> <OutPorts = 1> <Sync> <CReg>
ST_15 : Operation 116 [1/1] (4.03ns) (root node of TernaryAdder)   --->   "%exp_Z2P_m_1 = add i44 %add_ln126, i44 %zext_ln126_1" [C:\scratch\2025.1\hls_product\640\2025.1\src\shared\hls\clib/hlsmath/include/FloatingPoint\hls_exp_.h:126->C:\scratch\2025.1\hls_product\640\2025.1\src\shared\hls\clib/hlsmath/include/FloatingPoint\hls_exp_.h:293]   --->   Operation 116 'add' 'exp_Z2P_m_1' <Predicate = true> <Delay = 4.03> <CoreInst = "TAddSub">   --->   Core 10 'TAddSub' <Latency = 0> <II = 1> <Delay = 2.12> <IPBlock> <Opcode : 'add' 'sub'> <InPorts = 3> <OutPorts = 1> <Sync> <CReg>
ST_15 : Operation 117 [1/2] ( I:2.77ns O:2.77ns )   --->   "%f_Z2 = load i8 %table_f_Z2_ap_ufixed_59_0_ap_q_mode_5_ap_o_mode_3_0_array_addr" [C:\scratch\2025.1\hls_product\640\2025.1\src\shared\hls\clib/hlsmath/include/FloatingPoint\hls_exp_.h:138->C:\scratch\2025.1\hls_product\640\2025.1\src\shared\hls\clib/hlsmath/include/FloatingPoint\hls_exp_.h:293]   --->   Operation 117 'load' 'f_Z2' <Predicate = true> <Delay = 2.77> <CoreInst = "ROM">   --->   Core 94 'ROM' <Latency = 1> <II = 1> <Delay = 2.77> <Storage> <Opcode : 'load'> <Ports = 0> <Width = 42> <Depth = 256> <ROM>
ST_15 : Operation 118 [1/1] (0.00ns)   --->   "%tmp_27 = partselect i40 @_ssdm_op_PartSelect.i40.i42.i32.i32, i42 %f_Z2, i32 2, i32 41" [C:\scratch\2025.1\hls_product\640\2025.1\src\shared\hls\clib/hlsmath/include/FloatingPoint\hls_exp_.h:139->C:\scratch\2025.1\hls_product\640\2025.1\src\shared\hls\clib/hlsmath/include/FloatingPoint\hls_exp_.h:293]   --->   Operation 118 'partselect' 'tmp_27' <Predicate = true> <Delay = 0.00>

State 16 <SV = 15> <Delay = 7.17>
ST_16 : Operation 119 [1/1] (0.00ns)   --->   "%exp_Z2_m_1 = bitconcatenate i49 @_ssdm_op_BitConcatenate.i49.i8.i1.i40, i8 %Z2, i1 0, i40 %tmp_27" [C:\scratch\2025.1\hls_product\640\2025.1\src\shared\hls\clib/hlsmath/include/FloatingPoint\hls_exp_.h:139->C:\scratch\2025.1\hls_product\640\2025.1\src\shared\hls\clib/hlsmath/include/FloatingPoint\hls_exp_.h:293]   --->   Operation 119 'bitconcatenate' 'exp_Z2_m_1' <Predicate = true> <Delay = 0.00>
ST_16 : Operation 120 [1/1] (0.00ns)   --->   "%zext_ln142 = zext i49 %exp_Z2_m_1" [C:\scratch\2025.1\hls_product\640\2025.1\src\shared\hls\clib/hlsmath/include/FloatingPoint\hls_exp_.h:142->C:\scratch\2025.1\hls_product\640\2025.1\src\shared\hls\clib/hlsmath/include/FloatingPoint\hls_exp_.h:293]   --->   Operation 120 'zext' 'zext_ln142' <Predicate = true> <Delay = 0.00>
ST_16 : Operation 121 [1/1] (0.00ns)   --->   "%zext_ln142_1 = zext i44 %exp_Z2P_m_1" [C:\scratch\2025.1\hls_product\640\2025.1\src\shared\hls\clib/hlsmath/include/FloatingPoint\hls_exp_.h:142->C:\scratch\2025.1\hls_product\640\2025.1\src\shared\hls\clib/hlsmath/include/FloatingPoint\hls_exp_.h:293]   --->   Operation 121 'zext' 'zext_ln142_1' <Predicate = true> <Delay = 0.00>
ST_16 : Operation 122 [2/2] (7.17ns)   --->   "%mul_ln142 = mul i93 %zext_ln142, i93 %zext_ln142_1" [C:\scratch\2025.1\hls_product\640\2025.1\src\shared\hls\clib/hlsmath/include/FloatingPoint\hls_exp_.h:142->C:\scratch\2025.1\hls_product\640\2025.1\src\shared\hls\clib/hlsmath/include/FloatingPoint\hls_exp_.h:293]   --->   Operation 122 'mul' 'mul_ln142' <Predicate = true> <Delay = 7.17> <CoreInst = "Multiplier">   --->   Core 3 'Multiplier' <Latency = 1> <II = 1> <Delay = 7.17> <FuncUnit> <Opcode : 'mul'> <InPorts = 2> <OutPorts = 1>

State 17 <SV = 16> <Delay = 7.17>
ST_17 : Operation 123 [1/1] (0.00ns)   --->   "%zext_ln292 = zext i8 %m_diff_hi" [C:\scratch\2025.1\hls_product\640\2025.1\src\shared\hls\clib/hlsmath/include/FloatingPoint\hls_exp_.h:292]   --->   Operation 123 'zext' 'zext_ln292' <Predicate = true> <Delay = 0.00>
ST_17 : Operation 124 [1/1] (0.00ns)   --->   "%table_exp_Z1_ap_ufixed_58_1_ap_q_mode_5_ap_o_mode_3_0_array_addr = getelementptr i58 %table_exp_Z1_ap_ufixed_58_1_ap_q_mode_5_ap_o_mode_3_0_array, i64 0, i64 %zext_ln292" [C:\scratch\2025.1\hls_product\640\2025.1\src\shared\hls\clib/hlsmath/include/FloatingPoint\hls_exp_.h:292]   --->   Operation 124 'getelementptr' 'table_exp_Z1_ap_ufixed_58_1_ap_q_mode_5_ap_o_mode_3_0_array_addr' <Predicate = true> <Delay = 0.00>
ST_17 : Operation 125 [2/2] (2.77ns)   --->   "%exp_Z1 = load i8 %table_exp_Z1_ap_ufixed_58_1_ap_q_mode_5_ap_o_mode_3_0_array_addr" [C:\scratch\2025.1\hls_product\640\2025.1\src\shared\hls\clib/hlsmath/include/FloatingPoint\hls_exp_.h:292]   --->   Operation 125 'load' 'exp_Z1' <Predicate = true> <Delay = 2.77> <CoreInst = "ROM">   --->   Core 94 'ROM' <Latency = 1> <II = 1> <Delay = 2.77> <Storage> <Opcode : 'load'> <Ports = 0> <Width = 58> <Depth = 256> <ROM>
ST_17 : Operation 126 [1/2] (7.17ns)   --->   "%mul_ln142 = mul i93 %zext_ln142, i93 %zext_ln142_1" [C:\scratch\2025.1\hls_product\640\2025.1\src\shared\hls\clib/hlsmath/include/FloatingPoint\hls_exp_.h:142->C:\scratch\2025.1\hls_product\640\2025.1\src\shared\hls\clib/hlsmath/include/FloatingPoint\hls_exp_.h:293]   --->   Operation 126 'mul' 'mul_ln142' <Predicate = true> <Delay = 7.17> <CoreInst = "Multiplier">   --->   Core 3 'Multiplier' <Latency = 1> <II = 1> <Delay = 7.17> <FuncUnit> <Opcode : 'mul'> <InPorts = 2> <OutPorts = 1>
ST_17 : Operation 127 [1/1] (0.00ns)   --->   "%tmp_28 = partselect i36 @_ssdm_op_PartSelect.i36.i93.i32.i32, i93 %mul_ln142, i32 57, i32 92" [C:\scratch\2025.1\hls_product\640\2025.1\src\shared\hls\clib/hlsmath/include/FloatingPoint\hls_exp_.h:145->C:\scratch\2025.1\hls_product\640\2025.1\src\shared\hls\clib/hlsmath/include/FloatingPoint\hls_exp_.h:293]   --->   Operation 127 'partselect' 'tmp_28' <Predicate = true> <Delay = 0.00>

State 18 <SV = 17> <Delay = 4.25>
ST_18 : Operation 128 [1/2] ( I:2.77ns O:2.77ns )   --->   "%exp_Z1 = load i8 %table_exp_Z1_ap_ufixed_58_1_ap_q_mode_5_ap_o_mode_3_0_array_addr" [C:\scratch\2025.1\hls_product\640\2025.1\src\shared\hls\clib/hlsmath/include/FloatingPoint\hls_exp_.h:292]   --->   Operation 128 'load' 'exp_Z1' <Predicate = true> <Delay = 2.77> <CoreInst = "ROM">   --->   Core 94 'ROM' <Latency = 1> <II = 1> <Delay = 2.77> <Storage> <Opcode : 'load'> <Ports = 0> <Width = 58> <Depth = 256> <ROM>
ST_18 : Operation 129 [1/1] (0.00ns)   --->   "%and_ln1 = bitconcatenate i51 @_ssdm_op_BitConcatenate.i51.i8.i1.i40.i2, i8 %Z2, i1 0, i40 %tmp_27, i2 0" [C:\scratch\2025.1\hls_product\640\2025.1\src\shared\hls\clib/hlsmath/include/FloatingPoint\hls_exp_.h:145->C:\scratch\2025.1\hls_product\640\2025.1\src\shared\hls\clib/hlsmath/include/FloatingPoint\hls_exp_.h:293]   --->   Operation 129 'bitconcatenate' 'and_ln1' <Predicate = true> <Delay = 0.00>
ST_18 : Operation 130 [1/1] (0.00ns)   --->   "%zext_ln145 = zext i51 %and_ln1" [C:\scratch\2025.1\hls_product\640\2025.1\src\shared\hls\clib/hlsmath/include/FloatingPoint\hls_exp_.h:145->C:\scratch\2025.1\hls_product\640\2025.1\src\shared\hls\clib/hlsmath/include/FloatingPoint\hls_exp_.h:293]   --->   Operation 130 'zext' 'zext_ln145' <Predicate = true> <Delay = 0.00>
ST_18 : Operation 131 [1/1] (0.00ns)   --->   "%zext_ln145_1 = zext i44 %exp_Z2P_m_1" [C:\scratch\2025.1\hls_product\640\2025.1\src\shared\hls\clib/hlsmath/include/FloatingPoint\hls_exp_.h:145->C:\scratch\2025.1\hls_product\640\2025.1\src\shared\hls\clib/hlsmath/include/FloatingPoint\hls_exp_.h:293]   --->   Operation 131 'zext' 'zext_ln145_1' <Predicate = true> <Delay = 0.00>
ST_18 : Operation 132 [1/1] (0.00ns)   --->   "%zext_ln145_2 = zext i36 %tmp_28" [C:\scratch\2025.1\hls_product\640\2025.1\src\shared\hls\clib/hlsmath/include/FloatingPoint\hls_exp_.h:145->C:\scratch\2025.1\hls_product\640\2025.1\src\shared\hls\clib/hlsmath/include/FloatingPoint\hls_exp_.h:293]   --->   Operation 132 'zext' 'zext_ln145_2' <Predicate = true> <Delay = 0.00>
ST_18 : Operation 133 [1/1] (0.00ns) (grouped into TernaryAdder)   --->   "%add_ln145 = add i52 %zext_ln145, i52 %zext_ln145_1" [C:\scratch\2025.1\hls_product\640\2025.1\src\shared\hls\clib/hlsmath/include/FloatingPoint\hls_exp_.h:145->C:\scratch\2025.1\hls_product\640\2025.1\src\shared\hls\clib/hlsmath/include/FloatingPoint\hls_exp_.h:293]   --->   Operation 133 'add' 'add_ln145' <Predicate = true> <Delay = 0.00> <CoreInst = "TAddSub">   --->   Core 10 'TAddSub' <Latency = 0> <II = 1> <Delay = 2.12> <IPBlock> <Opcode : 'add' 'sub'> <InPorts = 3> <OutPorts = 1> <Sync> <CReg>
ST_18 : Operation 134 [1/1] (4.25ns) (root node of TernaryAdder)   --->   "%exp_Z1P_m_1_l = add i52 %add_ln145, i52 %zext_ln145_2" [C:\scratch\2025.1\hls_product\640\2025.1\src\shared\hls\clib/hlsmath/include/FloatingPoint\hls_exp_.h:145->C:\scratch\2025.1\hls_product\640\2025.1\src\shared\hls\clib/hlsmath/include/FloatingPoint\hls_exp_.h:293]   --->   Operation 134 'add' 'exp_Z1P_m_1_l' <Predicate = true> <Delay = 4.25> <CoreInst = "TAddSub">   --->   Core 10 'TAddSub' <Latency = 0> <II = 1> <Delay = 2.12> <IPBlock> <Opcode : 'add' 'sub'> <InPorts = 3> <OutPorts = 1> <Sync> <CReg>
ST_18 : Operation 135 [1/1] (0.00ns)   --->   "%exp_Z1P_m_1 = partselect i50 @_ssdm_op_PartSelect.i50.i52.i32.i32, i52 %exp_Z1P_m_1_l, i32 2, i32 51" [C:\scratch\2025.1\hls_product\640\2025.1\src\shared\hls\clib/hlsmath/include/FloatingPoint\hls_exp_.h:149->C:\scratch\2025.1\hls_product\640\2025.1\src\shared\hls\clib/hlsmath/include/FloatingPoint\hls_exp_.h:293]   --->   Operation 135 'partselect' 'exp_Z1P_m_1' <Predicate = true> <Delay = 0.00>
ST_18 : Operation 136 [1/1] (0.00ns)   --->   "%exp_Z1_hi = partselect i50 @_ssdm_op_PartSelect.i50.i58.i32.i32, i58 %exp_Z1, i32 8, i32 57" [C:\scratch\2025.1\hls_product\640\2025.1\src\shared\hls\clib/hlsmath/include/FloatingPoint\hls_exp_.h:294]   --->   Operation 136 'partselect' 'exp_Z1_hi' <Predicate = true> <Delay = 0.00>

State 19 <SV = 18> <Delay = 7.17>
ST_19 : Operation 137 [1/1] (0.00ns)   --->   "%zext_ln297 = zext i50 %exp_Z1_hi" [C:\scratch\2025.1\hls_product\640\2025.1\src\shared\hls\clib/hlsmath/include/FloatingPoint\hls_exp_.h:297]   --->   Operation 137 'zext' 'zext_ln297' <Predicate = true> <Delay = 0.00>
ST_19 : Operation 138 [1/1] (0.00ns)   --->   "%zext_ln297_1 = zext i50 %exp_Z1P_m_1" [C:\scratch\2025.1\hls_product\640\2025.1\src\shared\hls\clib/hlsmath/include/FloatingPoint\hls_exp_.h:297]   --->   Operation 138 'zext' 'zext_ln297_1' <Predicate = true> <Delay = 0.00>
ST_19 : Operation 139 [2/2] (7.17ns)   --->   "%mul_ln297 = mul i99 %zext_ln297, i99 %zext_ln297_1" [C:\scratch\2025.1\hls_product\640\2025.1\src\shared\hls\clib/hlsmath/include/FloatingPoint\hls_exp_.h:297]   --->   Operation 139 'mul' 'mul_ln297' <Predicate = true> <Delay = 7.17> <CoreInst = "Multiplier">   --->   Core 3 'Multiplier' <Latency = 1> <II = 1> <Delay = 7.17> <FuncUnit> <Opcode : 'mul'> <InPorts = 2> <OutPorts = 1>

State 20 <SV = 19> <Delay = 7.17>
ST_20 : Operation 140 [1/1] (2.85ns)   --->   "%add_ln297 = add i58 %exp_Z1, i58 16" [C:\scratch\2025.1\hls_product\640\2025.1\src\shared\hls\clib/hlsmath/include/FloatingPoint\hls_exp_.h:297]   --->   Operation 140 'add' 'add_ln297' <Predicate = true> <Delay = 2.85> <CoreInst = "Adder">   --->   Core 1 'Adder' <Latency = 0> <II = 1> <Delay = 2.85> <FuncUnit> <Opcode : 'add' 'sub'> <InPorts = 2> <OutPorts = 1>
ST_20 : Operation 141 [1/2] (7.17ns)   --->   "%mul_ln297 = mul i99 %zext_ln297, i99 %zext_ln297_1" [C:\scratch\2025.1\hls_product\640\2025.1\src\shared\hls\clib/hlsmath/include/FloatingPoint\hls_exp_.h:297]   --->   Operation 141 'mul' 'mul_ln297' <Predicate = true> <Delay = 7.17> <CoreInst = "Multiplier">   --->   Core 3 'Multiplier' <Latency = 1> <II = 1> <Delay = 7.17> <FuncUnit> <Opcode : 'mul'> <InPorts = 2> <OutPorts = 1>

State 21 <SV = 20> <Delay = 6.45>
ST_21 : Operation 142 [1/1] (0.00ns)   --->   "%shl_ln1 = bitconcatenate i107 @_ssdm_op_BitConcatenate.i107.i58.i49, i58 %add_ln297, i49 0" [C:\scratch\2025.1\hls_product\640\2025.1\src\shared\hls\clib/hlsmath/include/FloatingPoint\hls_exp_.h:297]   --->   Operation 142 'bitconcatenate' 'shl_ln1' <Predicate = true> <Delay = 0.00>
ST_21 : Operation 143 [1/1] (0.00ns)   --->   "%zext_ln297_2 = zext i99 %mul_ln297" [C:\scratch\2025.1\hls_product\640\2025.1\src\shared\hls\clib/hlsmath/include/FloatingPoint\hls_exp_.h:297]   --->   Operation 143 'zext' 'zext_ln297_2' <Predicate = true> <Delay = 0.00>
ST_21 : Operation 144 [1/1] (4.05ns)   --->   "%add_ln297_1 = add i107 %shl_ln1, i107 %zext_ln297_2" [C:\scratch\2025.1\hls_product\640\2025.1\src\shared\hls\clib/hlsmath/include/FloatingPoint\hls_exp_.h:297]   --->   Operation 144 'add' 'add_ln297_1' <Predicate = true> <Delay = 4.05> <CoreInst = "Adder">   --->   Core 1 'Adder' <Latency = 0> <II = 1> <Delay = 4.05> <FuncUnit> <Opcode : 'add' 'sub'> <InPorts = 2> <OutPorts = 1>
ST_21 : Operation 145 [1/1] (0.00ns)   --->   "%tmp_32 = bitselect i1 @_ssdm_op_BitSelect.i1.i107.i32, i107 %add_ln297_1, i32 106" [C:\scratch\2025.1\hls_product\640\2025.1\src\shared\hls\clib/hlsmath/include/FloatingPoint\hls_exp_.h:303]   --->   Operation 145 'bitselect' 'tmp_32' <Predicate = true> <Delay = 0.00>
ST_21 : Operation 146 [1/1] (1.79ns)   --->   "%r_exp_1 = add i13 %r_exp, i13 8191" [C:\scratch\2025.1\hls_product\640\2025.1\src\shared\hls\clib/hlsmath/include/FloatingPoint\hls_exp_.h:305]   --->   Operation 146 'add' 'r_exp_1' <Predicate = true> <Delay = 1.79> <CoreInst = "Adder">   --->   Core 1 'Adder' <Latency = 0> <II = 1> <Delay = 1.79> <FuncUnit> <Opcode : 'add' 'sub'> <InPorts = 2> <OutPorts = 1>
ST_21 : Operation 147 [1/1] (0.60ns)   --->   "%r_exp_2 = select i1 %tmp_32, i13 %r_exp, i13 %r_exp_1" [C:\scratch\2025.1\hls_product\640\2025.1\src\shared\hls\clib/hlsmath/include/FloatingPoint\hls_exp_.h:303]   --->   Operation 147 'select' 'r_exp_2' <Predicate = true> <Delay = 0.60> <CoreInst = "Sel">   --->   Core 73 'Sel' <Latency = 0> <II = 1> <Delay = 0.60> <FuncUnit> <Opcode : 'select'> <InPorts = 3> <OutPorts = 1>
ST_21 : Operation 148 [1/1] (0.00ns)   --->   "%tmp_33 = partselect i3 @_ssdm_op_PartSelect.i3.i13.i32.i32, i13 %r_exp_2, i32 10, i32 12" [C:\scratch\2025.1\hls_product\640\2025.1\src\shared\hls\clib/hlsmath/include/FloatingPoint\hls_exp_.h:309]   --->   Operation 148 'partselect' 'tmp_33' <Predicate = true> <Delay = 0.00>
ST_21 : Operation 149 [1/1] (1.34ns)   --->   "%icmp_ln309_1 = icmp_sgt  i3 %tmp_33, i3 0" [C:\scratch\2025.1\hls_product\640\2025.1\src\shared\hls\clib/hlsmath/include/FloatingPoint\hls_exp_.h:309]   --->   Operation 149 'icmp' 'icmp_ln309_1' <Predicate = true> <Delay = 1.34> <CoreInst = "Cmp">   --->   Core 9 'Cmp' <Latency = 0> <II = 1> <Delay = 1.34> <FuncUnit> <Opcode : 'seteq' 'setne' 'setle' 'setge' 'setlt' 'setgt'> <InPorts = 2> <OutPorts = 1>
ST_21 : Operation 150 [1/1] (1.79ns)   --->   "%icmp_ln326 = icmp_slt  i13 %r_exp_2, i13 7170" [C:\scratch\2025.1\hls_product\640\2025.1\src\shared\hls\clib/hlsmath/include/FloatingPoint\hls_exp_.h:326]   --->   Operation 150 'icmp' 'icmp_ln326' <Predicate = true> <Delay = 1.79> <CoreInst = "Cmp">   --->   Core 9 'Cmp' <Latency = 0> <II = 1> <Delay = 1.79> <FuncUnit> <Opcode : 'seteq' 'setne' 'setle' 'setge' 'setlt' 'setgt'> <InPorts = 2> <OutPorts = 1>
ST_21 : Operation 151 [1/1] (0.00ns)   --->   "%trunc_ln336 = trunc i13 %r_exp_2" [C:\scratch\2025.1\hls_product\640\2025.1\src\shared\hls\clib/hlsmath/include/FloatingPoint\hls_exp_.h:336]   --->   Operation 151 'trunc' 'trunc_ln336' <Predicate = true> <Delay = 0.00>
ST_21 : Operation 152 [1/1] (0.00ns)   --->   "%tmp_8 = partselect i52 @_ssdm_op_PartSelect.i52.i107.i32.i32, i107 %add_ln297_1, i32 54, i32 105" [C:\scratch\2025.1\hls_product\640\2025.1\src\shared\hls\clib/src/hls\utils/x_hls_utils.h:479->C:\scratch\2025.1\hls_product\640\2025.1\src\shared\hls\clib/src/hls\utils/x_hls_utils.h:496->C:\scratch\2025.1\hls_product\640\2025.1\src\shared\hls\clib/src/hls\utils/x_hls_utils.h:510->C:\scratch\2025.1\hls_product\640\2025.1\src\shared\hls\clib/hlsmath/include/FloatingPoint\hls_exp_.h:337]   --->   Operation 152 'partselect' 'tmp_8' <Predicate = true> <Delay = 0.00>
ST_21 : Operation 153 [1/1] (0.00ns)   --->   "%tmp_9 = partselect i52 @_ssdm_op_PartSelect.i52.i107.i32.i32, i107 %add_ln297_1, i32 53, i32 104" [C:\scratch\2025.1\hls_product\640\2025.1\src\shared\hls\clib/src/hls\utils/x_hls_utils.h:479->C:\scratch\2025.1\hls_product\640\2025.1\src\shared\hls\clib/src/hls\utils/x_hls_utils.h:496->C:\scratch\2025.1\hls_product\640\2025.1\src\shared\hls\clib/src/hls\utils/x_hls_utils.h:510->C:\scratch\2025.1\hls_product\640\2025.1\src\shared\hls\clib/hlsmath/include/FloatingPoint\hls_exp_.h:337]   --->   Operation 153 'partselect' 'tmp_9' <Predicate = true> <Delay = 0.00>
ST_21 : Operation 154 [1/1] (0.75ns)   --->   "%select_ln303 = select i1 %tmp_32, i52 %tmp_8, i52 %tmp_9" [C:\scratch\2025.1\hls_product\640\2025.1\src\shared\hls\clib/hlsmath/include/FloatingPoint\hls_exp_.h:303]   --->   Operation 154 'select' 'select_ln303' <Predicate = true> <Delay = 0.75> <CoreInst = "Sel">   --->   Core 73 'Sel' <Latency = 0> <II = 1> <Delay = 0.75> <FuncUnit> <Opcode : 'select'> <InPorts = 3> <OutPorts = 1>

State 22 <SV = 21> <Delay = 3.74>
ST_22 : Operation 155 [1/1] (0.00ns)   --->   "%specpipeline_ln158 = specpipeline void @_ssdm_op_SpecPipeline, i32 4294967295, i32 0, i32 0, i32 0, void @empty_17" [C:\scratch\2025.1\hls_product\640\2025.1\src\shared\hls\clib/hlsmath/include/FloatingPoint\hls_exp_.h:158]   --->   Operation 155 'specpipeline' 'specpipeline_ln158' <Predicate = true> <Delay = 0.00>
ST_22 : Operation 156 [1/1] (0.00ns) (grouped into LUT with out node select_ln185_1)   --->   "%xor_ln182 = xor i1 %es_sign, i1 1" [C:\scratch\2025.1\hls_product\640\2025.1\src\shared\hls\clib/hlsmath/include/FloatingPoint\hls_exp_.h:182]   --->   Operation 156 'xor' 'xor_ln182' <Predicate = true> <Delay = 0.00> <CoreInst = "LogicGate">   --->   Core 74 'LogicGate' <Latency = 0> <II = 1> <Delay = 0.80> <FuncUnit> <Opcode : 'and' 'or' 'xor'> <InPorts = 2> <OutPorts = 1>
ST_22 : Operation 157 [1/1] (0.00ns) (grouped into LUT with out node select_ln185_1)   --->   "%x_is_pinf = and i1 %x_is_inf, i1 %xor_ln182" [C:\scratch\2025.1\hls_product\640\2025.1\src\shared\hls\clib/hlsmath/include/FloatingPoint\hls_exp_.h:182]   --->   Operation 157 'and' 'x_is_pinf' <Predicate = true> <Delay = 0.00> <CoreInst = "LogicGate">   --->   Core 74 'LogicGate' <Latency = 0> <II = 1> <Delay = 0.80> <FuncUnit> <Opcode : 'and' 'or' 'xor'> <InPorts = 2> <OutPorts = 1>
ST_22 : Operation 158 [1/1] (0.00ns) (grouped into LUT with out node select_ln185_1)   --->   "%or_ln185 = or i1 %x_is_NaN, i1 %x_is_pinf" [C:\scratch\2025.1\hls_product\640\2025.1\src\shared\hls\clib/hlsmath/include/FloatingPoint\hls_exp_.h:185]   --->   Operation 158 'or' 'or_ln185' <Predicate = true> <Delay = 0.00> <CoreInst = "LogicGate">   --->   Core 74 'LogicGate' <Latency = 0> <II = 1> <Delay = 0.80> <FuncUnit> <Opcode : 'and' 'or' 'xor'> <InPorts = 2> <OutPorts = 1>
ST_22 : Operation 159 [1/1] (0.00ns) (grouped into LUT with out node select_ln185_1)   --->   "%select_ln185 = select i1 %x_is_NaN, i64 nan, i64 inf" [C:\scratch\2025.1\hls_product\640\2025.1\src\shared\hls\clib/hlsmath/include/FloatingPoint\hls_exp_.h:185]   --->   Operation 159 'select' 'select_ln185' <Predicate = true> <Delay = 0.00> <CoreInst = "Sel">   --->   Core 73 'Sel' <Latency = 0> <II = 1> <Delay = 0.83> <FuncUnit> <Opcode : 'select'> <InPorts = 3> <OutPorts = 1>
ST_22 : Operation 160 [1/1] (0.80ns)   --->   "%or_ln185_1 = or i1 %x_is_NaN, i1 %x_is_inf" [C:\scratch\2025.1\hls_product\640\2025.1\src\shared\hls\clib/hlsmath/include/FloatingPoint\hls_exp_.h:185]   --->   Operation 160 'or' 'or_ln185_1' <Predicate = true> <Delay = 0.80> <CoreInst = "LogicGate">   --->   Core 74 'LogicGate' <Latency = 0> <II = 1> <Delay = 0.80> <FuncUnit> <Opcode : 'and' 'or' 'xor'> <InPorts = 2> <OutPorts = 1>
ST_22 : Operation 161 [1/1] (0.83ns) (out node of the LUT)   --->   "%select_ln185_1 = select i1 %or_ln185, i64 %select_ln185, i64 0" [C:\scratch\2025.1\hls_product\640\2025.1\src\shared\hls\clib/hlsmath/include/FloatingPoint\hls_exp_.h:185]   --->   Operation 161 'select' 'select_ln185_1' <Predicate = true> <Delay = 0.83> <CoreInst = "Sel">   --->   Core 73 'Sel' <Latency = 0> <II = 1> <Delay = 0.83> <FuncUnit> <Opcode : 'select'> <InPorts = 3> <OutPorts = 1>
ST_22 : Operation 162 [1/1] (0.80ns)   --->   "%or_ln309 = or i1 %icmp_ln309_2, i1 %icmp_ln309_1" [C:\scratch\2025.1\hls_product\640\2025.1\src\shared\hls\clib/hlsmath/include/FloatingPoint\hls_exp_.h:309]   --->   Operation 162 'or' 'or_ln309' <Predicate = true> <Delay = 0.80> <CoreInst = "LogicGate">   --->   Core 74 'LogicGate' <Latency = 0> <II = 1> <Delay = 0.80> <FuncUnit> <Opcode : 'and' 'or' 'xor'> <InPorts = 2> <OutPorts = 1>
ST_22 : Operation 163 [1/1] (0.83ns)   --->   "%select_ln310 = select i1 %tmp_34, i64 0, i64 inf" [C:\scratch\2025.1\hls_product\640\2025.1\src\shared\hls\clib/hlsmath/include/FloatingPoint\hls_exp_.h:310]   --->   Operation 163 'select' 'select_ln310' <Predicate = true> <Delay = 0.83> <CoreInst = "Sel">   --->   Core 73 'Sel' <Latency = 0> <II = 1> <Delay = 0.83> <FuncUnit> <Opcode : 'select'> <InPorts = 3> <OutPorts = 1>
ST_22 : Operation 164 [1/1] (1.76ns)   --->   "%out_exp = add i11 %trunc_ln336, i11 1023" [C:\scratch\2025.1\hls_product\640\2025.1\src\shared\hls\clib/hlsmath/include/FloatingPoint\hls_exp_.h:336]   --->   Operation 164 'add' 'out_exp' <Predicate = true> <Delay = 1.76> <CoreInst = "Adder">   --->   Core 1 'Adder' <Latency = 0> <II = 1> <Delay = 1.76> <FuncUnit> <Opcode : 'add' 'sub'> <InPorts = 2> <OutPorts = 1>
ST_22 : Operation 165 [1/1] (0.00ns)   --->   "%t = bitconcatenate i63 @_ssdm_op_BitConcatenate.i63.i11.i52, i11 %out_exp, i52 %select_ln303" [C:\scratch\2025.1\hls_product\640\2025.1\src\shared\hls\clib/src/hls\utils/x_hls_utils.h:479->C:\scratch\2025.1\hls_product\640\2025.1\src\shared\hls\clib/src/hls\utils/x_hls_utils.h:496->C:\scratch\2025.1\hls_product\640\2025.1\src\shared\hls\clib/src/hls\utils/x_hls_utils.h:510->C:\scratch\2025.1\hls_product\640\2025.1\src\shared\hls\clib/hlsmath/include/FloatingPoint\hls_exp_.h:337]   --->   Operation 165 'bitconcatenate' 't' <Predicate = true> <Delay = 0.00>
ST_22 : Operation 166 [1/1] (0.00ns)   --->   "%zext_ln479 = zext i63 %t" [C:\scratch\2025.1\hls_product\640\2025.1\src\shared\hls\clib/src/hls\utils/x_hls_utils.h:479->C:\scratch\2025.1\hls_product\640\2025.1\src\shared\hls\clib/src/hls\utils/x_hls_utils.h:496->C:\scratch\2025.1\hls_product\640\2025.1\src\shared\hls\clib/src/hls\utils/x_hls_utils.h:510->C:\scratch\2025.1\hls_product\640\2025.1\src\shared\hls\clib/hlsmath/include/FloatingPoint\hls_exp_.h:337]   --->   Operation 166 'zext' 'zext_ln479' <Predicate = true> <Delay = 0.00>
ST_22 : Operation 167 [1/1] (0.00ns)   --->   "%bitcast_ln497 = bitcast i64 %zext_ln479" [C:\scratch\2025.1\hls_product\640\2025.1\src\shared\hls\clib/src/hls\utils/x_hls_utils.h:497->C:\scratch\2025.1\hls_product\640\2025.1\src\shared\hls\clib/src/hls\utils/x_hls_utils.h:510->C:\scratch\2025.1\hls_product\640\2025.1\src\shared\hls\clib/hlsmath/include/FloatingPoint\hls_exp_.h:337]   --->   Operation 167 'bitcast' 'bitcast_ln497' <Predicate = true> <Delay = 0.00>
ST_22 : Operation 168 [1/1] (0.00ns) (grouped into LUT with out node and_ln309_2)   --->   "%and_ln309 = and i1 %icmp_ln309, i1 %or_ln309" [C:\scratch\2025.1\hls_product\640\2025.1\src\shared\hls\clib/hlsmath/include/FloatingPoint\hls_exp_.h:309]   --->   Operation 168 'and' 'and_ln309' <Predicate = true> <Delay = 0.00> <CoreInst = "LogicGate">   --->   Core 74 'LogicGate' <Latency = 0> <II = 1> <Delay = 0.80> <FuncUnit> <Opcode : 'and' 'or' 'xor'> <InPorts = 2> <OutPorts = 1>
ST_22 : Operation 169 [1/1] (0.00ns) (grouped into LUT with out node and_ln309_2)   --->   "%xor_ln309 = xor i1 %icmp_ln309, i1 1" [C:\scratch\2025.1\hls_product\640\2025.1\src\shared\hls\clib/hlsmath/include/FloatingPoint\hls_exp_.h:309]   --->   Operation 169 'xor' 'xor_ln309' <Predicate = true> <Delay = 0.00> <CoreInst = "LogicGate">   --->   Core 74 'LogicGate' <Latency = 0> <II = 1> <Delay = 0.80> <FuncUnit> <Opcode : 'and' 'or' 'xor'> <InPorts = 2> <OutPorts = 1>
ST_22 : Operation 170 [1/1] (0.00ns) (grouped into LUT with out node and_ln309_2)   --->   "%and_ln309_1 = and i1 %icmp_ln309_1, i1 %xor_ln309" [C:\scratch\2025.1\hls_product\640\2025.1\src\shared\hls\clib/hlsmath/include/FloatingPoint\hls_exp_.h:309]   --->   Operation 170 'and' 'and_ln309_1' <Predicate = true> <Delay = 0.00> <CoreInst = "LogicGate">   --->   Core 74 'LogicGate' <Latency = 0> <II = 1> <Delay = 0.80> <FuncUnit> <Opcode : 'and' 'or' 'xor'> <InPorts = 2> <OutPorts = 1>
ST_22 : Operation 171 [1/1] (0.00ns) (grouped into LUT with out node and_ln309_2)   --->   "%or_ln309_1 = or i1 %and_ln309, i1 %and_ln309_1" [C:\scratch\2025.1\hls_product\640\2025.1\src\shared\hls\clib/hlsmath/include/FloatingPoint\hls_exp_.h:309]   --->   Operation 171 'or' 'or_ln309_1' <Predicate = true> <Delay = 0.00> <CoreInst = "LogicGate">   --->   Core 74 'LogicGate' <Latency = 0> <II = 1> <Delay = 0.80> <FuncUnit> <Opcode : 'and' 'or' 'xor'> <InPorts = 2> <OutPorts = 1>
ST_22 : Operation 172 [1/1] (0.80ns)   --->   "%xor_ln185 = xor i1 %or_ln185_1, i1 1" [C:\scratch\2025.1\hls_product\640\2025.1\src\shared\hls\clib/hlsmath/include/FloatingPoint\hls_exp_.h:185]   --->   Operation 172 'xor' 'xor_ln185' <Predicate = true> <Delay = 0.80> <CoreInst = "LogicGate">   --->   Core 74 'LogicGate' <Latency = 0> <II = 1> <Delay = 0.80> <FuncUnit> <Opcode : 'and' 'or' 'xor'> <InPorts = 2> <OutPorts = 1>
ST_22 : Operation 173 [1/1] (0.80ns) (out node of the LUT)   --->   "%and_ln309_2 = and i1 %or_ln309_1, i1 %xor_ln185" [C:\scratch\2025.1\hls_product\640\2025.1\src\shared\hls\clib/hlsmath/include/FloatingPoint\hls_exp_.h:309]   --->   Operation 173 'and' 'and_ln309_2' <Predicate = true> <Delay = 0.80> <CoreInst = "LogicGate">   --->   Core 74 'LogicGate' <Latency = 0> <II = 1> <Delay = 0.80> <FuncUnit> <Opcode : 'and' 'or' 'xor'> <InPorts = 2> <OutPorts = 1>
ST_22 : Operation 174 [1/1] (0.00ns) (grouped into LUT with out node and_ln309_5)   --->   "%xor_ln309_1 = xor i1 %or_ln309, i1 1" [C:\scratch\2025.1\hls_product\640\2025.1\src\shared\hls\clib/hlsmath/include/FloatingPoint\hls_exp_.h:309]   --->   Operation 174 'xor' 'xor_ln309_1' <Predicate = true> <Delay = 0.00> <CoreInst = "LogicGate">   --->   Core 74 'LogicGate' <Latency = 0> <II = 1> <Delay = 0.80> <FuncUnit> <Opcode : 'and' 'or' 'xor'> <InPorts = 2> <OutPorts = 1>
ST_22 : Operation 175 [1/1] (0.00ns) (grouped into LUT with out node and_ln309_5)   --->   "%and_ln309_3 = and i1 %icmp_ln309, i1 %xor_ln309_1" [C:\scratch\2025.1\hls_product\640\2025.1\src\shared\hls\clib/hlsmath/include/FloatingPoint\hls_exp_.h:309]   --->   Operation 175 'and' 'and_ln309_3' <Predicate = true> <Delay = 0.00> <CoreInst = "LogicGate">   --->   Core 74 'LogicGate' <Latency = 0> <II = 1> <Delay = 0.80> <FuncUnit> <Opcode : 'and' 'or' 'xor'> <InPorts = 2> <OutPorts = 1>
ST_22 : Operation 176 [1/1] (0.00ns) (grouped into LUT with out node and_ln309_5)   --->   "%or_ln309_2 = or i1 %icmp_ln309, i1 %icmp_ln309_1" [C:\scratch\2025.1\hls_product\640\2025.1\src\shared\hls\clib/hlsmath/include/FloatingPoint\hls_exp_.h:309]   --->   Operation 176 'or' 'or_ln309_2' <Predicate = true> <Delay = 0.00> <CoreInst = "LogicGate">   --->   Core 74 'LogicGate' <Latency = 0> <II = 1> <Delay = 0.80> <FuncUnit> <Opcode : 'and' 'or' 'xor'> <InPorts = 2> <OutPorts = 1>
ST_22 : Operation 177 [1/1] (0.00ns) (grouped into LUT with out node and_ln309_5)   --->   "%xor_ln309_2 = xor i1 %or_ln309_2, i1 1" [C:\scratch\2025.1\hls_product\640\2025.1\src\shared\hls\clib/hlsmath/include/FloatingPoint\hls_exp_.h:309]   --->   Operation 177 'xor' 'xor_ln309_2' <Predicate = true> <Delay = 0.00> <CoreInst = "LogicGate">   --->   Core 74 'LogicGate' <Latency = 0> <II = 1> <Delay = 0.80> <FuncUnit> <Opcode : 'and' 'or' 'xor'> <InPorts = 2> <OutPorts = 1>
ST_22 : Operation 178 [1/1] (0.00ns) (grouped into LUT with out node and_ln309_5)   --->   "%or_ln309_3 = or i1 %and_ln309_3, i1 %xor_ln309_2" [C:\scratch\2025.1\hls_product\640\2025.1\src\shared\hls\clib/hlsmath/include/FloatingPoint\hls_exp_.h:309]   --->   Operation 178 'or' 'or_ln309_3' <Predicate = true> <Delay = 0.00> <CoreInst = "LogicGate">   --->   Core 74 'LogicGate' <Latency = 0> <II = 1> <Delay = 0.80> <FuncUnit> <Opcode : 'and' 'or' 'xor'> <InPorts = 2> <OutPorts = 1>
ST_22 : Operation 179 [1/1] (0.00ns) (grouped into LUT with out node and_ln309_5)   --->   "%and_ln309_4 = and i1 %or_ln309_3, i1 %xor_ln185" [C:\scratch\2025.1\hls_product\640\2025.1\src\shared\hls\clib/hlsmath/include/FloatingPoint\hls_exp_.h:309]   --->   Operation 179 'and' 'and_ln309_4' <Predicate = true> <Delay = 0.00> <CoreInst = "LogicGate">   --->   Core 74 'LogicGate' <Latency = 0> <II = 1> <Delay = 0.80> <FuncUnit> <Opcode : 'and' 'or' 'xor'> <InPorts = 2> <OutPorts = 1>
ST_22 : Operation 180 [1/1] (0.80ns) (out node of the LUT)   --->   "%and_ln309_5 = and i1 %and_ln309_4, i1 %icmp_ln326" [C:\scratch\2025.1\hls_product\640\2025.1\src\shared\hls\clib/hlsmath/include/FloatingPoint\hls_exp_.h:309]   --->   Operation 180 'and' 'and_ln309_5' <Predicate = true> <Delay = 0.80> <CoreInst = "LogicGate">   --->   Core 74 'LogicGate' <Latency = 0> <II = 1> <Delay = 0.80> <FuncUnit> <Opcode : 'and' 'or' 'xor'> <InPorts = 2> <OutPorts = 1>
ST_22 : Operation 181 [1/1] (0.00ns)   --->   "%sel_tmp = bitconcatenate i3 @_ssdm_op_BitConcatenate.i3.i1.i1.i1, i1 %or_ln185_1, i1 %and_ln309_2, i1 %and_ln309_5" [C:\scratch\2025.1\hls_product\640\2025.1\src\shared\hls\clib/hlsmath/include/FloatingPoint\hls_exp_.h:185]   --->   Operation 181 'bitconcatenate' 'sel_tmp' <Predicate = true> <Delay = 0.00>
ST_22 : Operation 182 [1/1] (1.34ns)   --->   "%retval_1 = sparsemux i64 @_ssdm_op_SparseMux.ap_auto.4double.double.i3, i3 4, i64 %select_ln185_1, i3 2, i64 %select_ln310, i3 1, i64 0, i3 0, i64 %bitcast_ln497, i64 <undef>, i3 %sel_tmp" [C:\scratch\2025.1\hls_product\640\2025.1\src\shared\hls\clib/hlsmath/include/FloatingPoint\hls_exp_.h:185]   --->   Operation 182 'sparsemux' 'retval_1' <Predicate = true> <Delay = 1.34> <CoreInst = "OneHotSparseMux_HasDef">   --->   Core 140 'OneHotSparseMux_HasDef' <Latency = 0> <II = 1> <Delay = 1.34> <FuncUnit> <Opcode : 'sparsemux'> <InPorts = 2> <OutPorts = 1>
ST_22 : Operation 183 [1/1] (0.00ns)   --->   "%ret_ln339 = ret i64 %retval_1" [C:\scratch\2025.1\hls_product\640\2025.1\src\shared\hls\clib/hlsmath/include/FloatingPoint\hls_exp_.h:339]   --->   Operation 183 'ret' 'ret_ln339' <Predicate = true> <Delay = 0.00>


============================================================
+ Verbose Summary: Timing violations
============================================================
Target clock period: 10.000ns, clock uncertainty: 2.700ns.

 <State 1>: 3.544ns
The critical path consists of the following:
	wire read operation ('x', C:\scratch\2025.1\hls_product\640\2025.1\src\shared\hls\clib/hlsmath/include/FloatingPoint\hls_exp_.h:156) on port 'x' (C:\scratch\2025.1\hls_product\640\2025.1\src\shared\hls\clib/hlsmath/include/FloatingPoint\hls_exp_.h:156) [6]  (0.000 ns)
	'add' operation 12 bit ('m_exp', C:\scratch\2025.1\hls_product\640\2025.1\src\shared\hls\clib/src/hls\utils/x_hls_utils.h:486->C:\scratch\2025.1\hls_product\640\2025.1\src\shared\hls\clib/hlsmath/include/FloatingPoint\hls_exp_.h:208) [23]  (1.764 ns)
	'icmp' operation 1 bit ('icmp_ln309', C:\scratch\2025.1\hls_product\640\2025.1\src\shared\hls\clib/hlsmath/include/FloatingPoint\hls_exp_.h:309) [118]  (1.780 ns)

 <State 2>: 5.819ns
The critical path consists of the following:
	'ashr' operation 71 bit ('ashr_ln229', C:\scratch\2025.1\hls_product\640\2025.1\src\shared\hls\clib/hlsmath/include/FloatingPoint\hls_exp_.h:229) [36]  (3.474 ns)
	'select' operation 71 bit ('m_fix', C:\scratch\2025.1\hls_product\640\2025.1\src\shared\hls\clib/hlsmath/include/FloatingPoint\hls_exp_.h:229) [38]  (0.965 ns)
	'mul' operation 31 bit of DSP[49] ('mul_ln243', C:\scratch\2025.1\hls_product\640\2025.1\src\shared\hls\clib/hlsmath/include/FloatingPoint\hls_exp_.h:243) [46]  (1.380 ns)

 <State 3>: 6.645ns
The critical path consists of the following:
	'shl' operation 64 bit ('shl_ln230', C:\scratch\2025.1\hls_product\640\2025.1\src\shared\hls\clib/hlsmath/include/FloatingPoint\hls_exp_.h:230) [41]  (3.475 ns)
	'select' operation 64 bit ('select_ln230', C:\scratch\2025.1\hls_product\640\2025.1\src\shared\hls\clib/hlsmath/include/FloatingPoint\hls_exp_.h:230) [121]  (0.000 ns)
	'icmp' operation 1 bit ('icmp_ln309_2', C:\scratch\2025.1\hls_product\640\2025.1\src\shared\hls\clib/hlsmath/include/FloatingPoint\hls_exp_.h:309) [123]  (3.170 ns)

 <State 4>: 1.760ns
The critical path consists of the following:
	'mul' operation 31 bit of DSP[49] ('mul_ln243', C:\scratch\2025.1\hls_product\640\2025.1\src\shared\hls\clib/hlsmath/include/FloatingPoint\hls_exp_.h:243) [46]  (0.000 ns)
	'add' operation 31 bit of DSP[49] ('add_ln243', C:\scratch\2025.1\hls_product\640\2025.1\src\shared\hls\clib/hlsmath/include/FloatingPoint\hls_exp_.h:243) [49]  (1.760 ns)

 <State 5>: 4.248ns
The critical path consists of the following:
	'add' operation 31 bit of DSP[49] ('add_ln243', C:\scratch\2025.1\hls_product\640\2025.1\src\shared\hls\clib/hlsmath/include/FloatingPoint\hls_exp_.h:243) [49]  (1.760 ns)
	'icmp' operation 1 bit ('icmp_ln243', C:\scratch\2025.1\hls_product\640\2025.1\src\shared\hls\clib/hlsmath/include/FloatingPoint\hls_exp_.h:243) [53]  (1.883 ns)
	'select' operation 13 bit ('select_ln243', C:\scratch\2025.1\hls_product\640\2025.1\src\shared\hls\clib/hlsmath/include/FloatingPoint\hls_exp_.h:243) [55]  (0.000 ns)
	'select' operation 13 bit ('r_exp', C:\scratch\2025.1\hls_product\640\2025.1\src\shared\hls\clib/hlsmath/include/FloatingPoint\hls_exp_.h:243) [56]  (0.606 ns)

 <State 6>: 5.716ns
The critical path consists of the following:
	'mul' operation 71 bit ('mul_ln249', C:\scratch\2025.1\hls_product\640\2025.1\src\shared\hls\clib/hlsmath/include/FloatingPoint\hls_exp_.h:249) [58]  (5.716 ns)

 <State 7>: 5.716ns
The critical path consists of the following:
	'mul' operation 71 bit ('mul_ln249', C:\scratch\2025.1\hls_product\640\2025.1\src\shared\hls\clib/hlsmath/include/FloatingPoint\hls_exp_.h:249) [58]  (5.716 ns)

 <State 8>: 5.716ns
The critical path consists of the following:
	'mul' operation 71 bit ('mul_ln249', C:\scratch\2025.1\hls_product\640\2025.1\src\shared\hls\clib/hlsmath/include/FloatingPoint\hls_exp_.h:249) [58]  (5.716 ns)

 <State 9>: 5.716ns
The critical path consists of the following:
	'mul' operation 71 bit ('mul_ln249', C:\scratch\2025.1\hls_product\640\2025.1\src\shared\hls\clib/hlsmath/include/FloatingPoint\hls_exp_.h:249) [58]  (5.716 ns)

 <State 10>: 5.716ns
The critical path consists of the following:
	'mul' operation 71 bit ('mul_ln249', C:\scratch\2025.1\hls_product\640\2025.1\src\shared\hls\clib/hlsmath/include/FloatingPoint\hls_exp_.h:249) [58]  (5.716 ns)

 <State 11>: 5.649ns
The critical path consists of the following:
	'sub' operation 59 bit ('sub_ln255', C:\scratch\2025.1\hls_product\640\2025.1\src\shared\hls\clib/hlsmath/include/FloatingPoint\hls_exp_.h:255) [62]  (2.877 ns)
	'getelementptr' operation 8 bit ('table_f_Z3_ap_ufixed_59_0_ap_q_mode_5_ap_o_mode_3_0_array_addr', C:\scratch\2025.1\hls_product\640\2025.1\src\shared\hls\clib/hlsmath/include/FloatingPoint\hls_exp_.h:114->C:\scratch\2025.1\hls_product\640\2025.1\src\shared\hls\clib/hlsmath/include/FloatingPoint\hls_exp_.h:293) [72]  (0.000 ns)
	'load' operation 26 bit ('table_f_Z3_ap_ufixed_59_0_ap_q_mode_5_ap_o_mode_3_0_array_load', C:\scratch\2025.1\hls_product\640\2025.1\src\shared\hls\clib/hlsmath/include/FloatingPoint\hls_exp_.h:114->C:\scratch\2025.1\hls_product\640\2025.1\src\shared\hls\clib/hlsmath/include/FloatingPoint\hls_exp_.h:293) on array 'table_f_Z3_ap_ufixed_59_0_ap_q_mode_5_ap_o_mode_3_0_array' [73]  (2.772 ns)

 <State 12>: 5.028ns
The critical path consists of the following:
	'load' operation 26 bit ('table_f_Z3_ap_ufixed_59_0_ap_q_mode_5_ap_o_mode_3_0_array_load', C:\scratch\2025.1\hls_product\640\2025.1\src\shared\hls\clib/hlsmath/include/FloatingPoint\hls_exp_.h:114->C:\scratch\2025.1\hls_product\640\2025.1\src\shared\hls\clib/hlsmath/include/FloatingPoint\hls_exp_.h:293) on array 'table_f_Z3_ap_ufixed_59_0_ap_q_mode_5_ap_o_mode_3_0_array' [73]  (2.772 ns)
	'add' operation 36 bit ('exp_Z4_m_1', C:\scratch\2025.1\hls_product\640\2025.1\src\shared\hls\clib/hlsmath/include/FloatingPoint\hls_exp_.h:115->C:\scratch\2025.1\hls_product\640\2025.1\src\shared\hls\clib/hlsmath/include/FloatingPoint\hls_exp_.h:293) [77]  (2.256 ns)

 <State 13>: 6.670ns
The critical path consists of the following:
	'mul' operation 79 bit ('mul_ln123', C:\scratch\2025.1\hls_product\640\2025.1\src\shared\hls\clib/hlsmath/include/FloatingPoint\hls_exp_.h:123->C:\scratch\2025.1\hls_product\640\2025.1\src\shared\hls\clib/hlsmath/include/FloatingPoint\hls_exp_.h:293) [85]  (6.670 ns)

 <State 14>: 6.670ns
The critical path consists of the following:
	'mul' operation 79 bit ('mul_ln123', C:\scratch\2025.1\hls_product\640\2025.1\src\shared\hls\clib/hlsmath/include/FloatingPoint\hls_exp_.h:123->C:\scratch\2025.1\hls_product\640\2025.1\src\shared\hls\clib/hlsmath/include/FloatingPoint\hls_exp_.h:293) [85]  (6.670 ns)

 <State 15>: 4.034ns
The critical path consists of the following:
	'add' operation 44 bit ('add_ln126', C:\scratch\2025.1\hls_product\640\2025.1\src\shared\hls\clib/hlsmath/include/FloatingPoint\hls_exp_.h:126->C:\scratch\2025.1\hls_product\640\2025.1\src\shared\hls\clib/hlsmath/include/FloatingPoint\hls_exp_.h:293) [89]  (0.000 ns)
	'add' operation 44 bit ('exp_Z2P_m_1', C:\scratch\2025.1\hls_product\640\2025.1\src\shared\hls\clib/hlsmath/include/FloatingPoint\hls_exp_.h:126->C:\scratch\2025.1\hls_product\640\2025.1\src\shared\hls\clib/hlsmath/include/FloatingPoint\hls_exp_.h:293) [90]  (4.034 ns)

 <State 16>: 7.171ns
The critical path consists of the following:
	'mul' operation 93 bit ('mul_ln142', C:\scratch\2025.1\hls_product\640\2025.1\src\shared\hls\clib/hlsmath/include/FloatingPoint\hls_exp_.h:142->C:\scratch\2025.1\hls_product\640\2025.1\src\shared\hls\clib/hlsmath/include/FloatingPoint\hls_exp_.h:293) [98]  (7.171 ns)

 <State 17>: 7.171ns
The critical path consists of the following:
	'mul' operation 93 bit ('mul_ln142', C:\scratch\2025.1\hls_product\640\2025.1\src\shared\hls\clib/hlsmath/include/FloatingPoint\hls_exp_.h:142->C:\scratch\2025.1\hls_product\640\2025.1\src\shared\hls\clib/hlsmath/include/FloatingPoint\hls_exp_.h:293) [98]  (7.171 ns)

 <State 18>: 4.253ns
The critical path consists of the following:
	'add' operation 52 bit ('add_ln145', C:\scratch\2025.1\hls_product\640\2025.1\src\shared\hls\clib/hlsmath/include/FloatingPoint\hls_exp_.h:145->C:\scratch\2025.1\hls_product\640\2025.1\src\shared\hls\clib/hlsmath/include/FloatingPoint\hls_exp_.h:293) [104]  (0.000 ns)
	'add' operation 52 bit ('exp_Z1P_m_1_l', C:\scratch\2025.1\hls_product\640\2025.1\src\shared\hls\clib/hlsmath/include/FloatingPoint\hls_exp_.h:145->C:\scratch\2025.1\hls_product\640\2025.1\src\shared\hls\clib/hlsmath/include/FloatingPoint\hls_exp_.h:293) [105]  (4.253 ns)

 <State 19>: 7.171ns
The critical path consists of the following:
	'mul' operation 99 bit ('mul_ln297', C:\scratch\2025.1\hls_product\640\2025.1\src\shared\hls\clib/hlsmath/include/FloatingPoint\hls_exp_.h:297) [111]  (7.171 ns)

 <State 20>: 7.171ns
The critical path consists of the following:
	'mul' operation 99 bit ('mul_ln297', C:\scratch\2025.1\hls_product\640\2025.1\src\shared\hls\clib/hlsmath/include/FloatingPoint\hls_exp_.h:297) [111]  (7.171 ns)

 <State 21>: 6.451ns
The critical path consists of the following:
	'add' operation 107 bit ('add_ln297_1', C:\scratch\2025.1\hls_product\640\2025.1\src\shared\hls\clib/hlsmath/include/FloatingPoint\hls_exp_.h:297) [114]  (4.051 ns)
	'select' operation 13 bit ('r_exp', C:\scratch\2025.1\hls_product\640\2025.1\src\shared\hls\clib/hlsmath/include/FloatingPoint\hls_exp_.h:303) [117]  (0.606 ns)
	'icmp' operation 1 bit ('icmp_ln326', C:\scratch\2025.1\hls_product\640\2025.1\src\shared\hls\clib/hlsmath/include/FloatingPoint\hls_exp_.h:326) [127]  (1.795 ns)

 <State 22>: 3.749ns
The critical path consists of the following:
	'or' operation 1 bit ('or_ln185_1', C:\scratch\2025.1\hls_product\640\2025.1\src\shared\hls\clib/hlsmath/include/FloatingPoint\hls_exp_.h:185) [20]  (0.800 ns)
	'xor' operation 1 bit ('xor_ln185', C:\scratch\2025.1\hls_product\640\2025.1\src\shared\hls\clib/hlsmath/include/FloatingPoint\hls_exp_.h:185) [140]  (0.800 ns)
	'and' operation 1 bit ('and_ln309_2', C:\scratch\2025.1\hls_product\640\2025.1\src\shared\hls\clib/hlsmath/include/FloatingPoint\hls_exp_.h:309) [141]  (0.800 ns)
	'sparsemux' operation 64 bit ('retval_1', C:\scratch\2025.1\hls_product\640\2025.1\src\shared\hls\clib/hlsmath/include/FloatingPoint\hls_exp_.h:185) [150]  (1.349 ns)


============================================================
+ Verbose Summary: Binding
============================================================
N/A
* FSMD analyzer results:
  - Output states:
 - Input state : 
  - Chain level:
	State 1
	State 2
	State 3
	State 4
	State 5
	State 6
	State 7
	State 8
	State 9
	State 10
	State 11
	State 12
	State 13
	State 14
	State 15
	State 16
	State 17
	State 18
	State 19
	State 20
	State 21
	State 22


============================================================
+ Verbose Summary: Datapath Resource usage 
============================================================
N/A
