

================================================================
== Vitis HLS Report for 'fc1'
================================================================
* Date:           Tue Jul  8 00:39:56 2025

* Version:        2025.1 (Build 6135595 on May 21 2025)
* Project:        cnn_accel
* Solution:       hls (Vivado IP Flow Target)
* Product family: artix7
* Target device:  xc7a100t-fgg484-2L


================================================================
== Performance Estimates
================================================================
+ Timing: 
    * Summary: 
    +--------+----------+----------+------------+
    |  Clock |  Target  | Estimated| Uncertainty|
    +--------+----------+----------+------------+
    |ap_clk  |  10.00 ns|  7.300 ns|     2.70 ns|
    +--------+----------+----------+------------+

+ Latency: 
    * Summary: 
    +----------+----------+-----------+-----------+----------+----------+---------+
    |   Latency (cycles)  |   Latency (absolute)  |       Interval      | Pipeline|
    |    min   |    max   |    min    |    max    |    min   |    max   |   Type  |
    +----------+----------+-----------+-----------+----------+----------+---------+
    |  25481289|  25481289|  0.255 sec|  0.255 sec|  25481289|  25481289|       no|
    +----------+----------+-----------+-----------+----------+----------+---------+

    + Detail: 
        * Instance: 
        N/A

        * Loop: 
        +---------------------+----------+----------+----------+-----------+-----------+-------+----------+
        |                     |   Latency (cycles)  | Iteration|  Initiation Interval  |  Trip |          |
        |      Loop Name      |    min   |    max   |  Latency |  achieved |   target  | Count | Pipelined|
        +---------------------+----------+----------+----------+-----------+-----------+-------+----------+
        |- FC1_OUT            |  25481281|  25481281|    796290|          -|          -|     32|        no|
        | + VITIS_LOOP_270_1  |    796224|    796224|        11|          -|          -|  72384|        no|
        +---------------------+----------+----------+----------+-----------+-----------+-------+----------+

============================================================
+ Verbose Summary: Synthesis Manager
============================================================
InlineROM: 1
ExposeGlobal: 0
============================================================
+ Verbose Summary: CDFG Model
============================================================
IsTopModel: 0
ResetActiveHigh: 1
IsCombinational: 2
IsDatapathOnly: 0
HasWiredReturn: 1
HasMFsm: 0
HasVarLatency: 1
IsPipeline: 0
IsRtlPipelined: 0
IsInstanceOverlapped: 0
IsDontTouch: 0
HasImplIP: 0
IsGatedGlobalClock: 0


============================================================
+ Verbose Summary: Schedule
============================================================
* Number of FSM states : 84
* Pipeline : 0
* Dataflow Pipeline: 0

* FSM state transitions: 
1 --> 2 
2 --> 3 
3 --> 4 
4 --> 5 
5 --> 6 
6 --> 7 
7 --> 8 
8 --> 9 
9 --> 10 
10 --> 11 
11 --> 12 
12 --> 13 23 
13 --> 14 
14 --> 15 
15 --> 16 
16 --> 17 
17 --> 18 
18 --> 19 
19 --> 20 
20 --> 21 
21 --> 22 
22 --> 12 
23 --> 24 
24 --> 25 
25 --> 26 
26 --> 27 
27 --> 28 
28 --> 29 
29 --> 30 
30 --> 31 
31 --> 32 
32 --> 33 
33 --> 34 
34 --> 35 
35 --> 36 
36 --> 37 
37 --> 38 
38 --> 39 
39 --> 40 
40 --> 41 
41 --> 42 
42 --> 43 
43 --> 44 
44 --> 45 
45 --> 46 
46 --> 47 
47 --> 48 
48 --> 49 
49 --> 50 
50 --> 51 
51 --> 52 
52 --> 53 
53 --> 54 
54 --> 55 
55 --> 56 
56 --> 57 
57 --> 58 
58 --> 59 
59 --> 60 
60 --> 61 
61 --> 62 
62 --> 63 
63 --> 64 
64 --> 65 
65 --> 66 
66 --> 67 
67 --> 68 
68 --> 69 
69 --> 70 
70 --> 71 
71 --> 72 
72 --> 73 
73 --> 74 
74 --> 75 
75 --> 76 
76 --> 77 
77 --> 78 
78 --> 79 
79 --> 80 
80 --> 81 
81 --> 82 
82 --> 83 
83 --> 84 
84 --> 9 

* FSM state operations: 

State 1 <SV = 0> <Delay = 7.30>
ST_1 : Operation 85 [1/1] (0.00ns)   --->   "%o = alloca i32 1" [../hls_files/conv_pool.cpp:267->../hls_files/conv_pool.cpp:129]   --->   Operation 85 'alloca' 'o' <Predicate = true> <Delay = 0.00>
ST_1 : Operation 86 [1/1] (0.00ns)   --->   "%FC1_B_read = read i64 @_ssdm_op_Read.ap_auto.i64, i64 %FC1_B" [../hls_files/conv_pool.cpp:264->../hls_files/conv_pool.cpp:129]   --->   Operation 86 'read' 'FC1_B_read' <Predicate = true> <Delay = 0.00>
ST_1 : Operation 87 [1/1] (0.00ns)   --->   "%FC1_W_read = read i64 @_ssdm_op_Read.ap_auto.i64, i64 %FC1_W" [../hls_files/conv_pool.cpp:264->../hls_files/conv_pool.cpp:129]   --->   Operation 87 'read' 'FC1_W_read' <Predicate = true> <Delay = 0.00>
ST_1 : Operation 88 [1/1] (0.00ns)   --->   "%trunc_ln = partselect i62 @_ssdm_op_PartSelect.i62.i64.i32.i32, i64 %FC1_W_read, i32 2, i32 63" [../hls_files/conv_pool.cpp:267->../hls_files/conv_pool.cpp:129]   --->   Operation 88 'partselect' 'trunc_ln' <Predicate = true> <Delay = 0.00>
ST_1 : Operation 89 [1/1] (0.00ns)   --->   "%sext_ln267 = sext i62 %trunc_ln" [../hls_files/conv_pool.cpp:267->../hls_files/conv_pool.cpp:129]   --->   Operation 89 'sext' 'sext_ln267' <Predicate = true> <Delay = 0.00>
ST_1 : Operation 90 [1/1] (0.00ns)   --->   "%W3mem_addr = getelementptr i32 %W3mem, i64 %sext_ln267" [../hls_files/conv_pool.cpp:267->../hls_files/conv_pool.cpp:129]   --->   Operation 90 'getelementptr' 'W3mem_addr' <Predicate = true> <Delay = 0.00>
ST_1 : Operation 91 [8/8] (7.30ns)   --->   "%empty = readreq i1 @_ssdm_op_ReadReq.m_axi.p1i32, i32 %W3mem_addr, i64 2316288" [../hls_files/conv_pool.cpp:267->../hls_files/conv_pool.cpp:129]   --->   Operation 91 'readreq' 'empty' <Predicate = true> <Delay = 7.30> <CoreInst = "m_axi">   --->   Core 111 'm_axi' <Latency = 6> <II = 1> <Delay = 1.00> <Adapter> <Opcode : 'read' 'write' 'readreq' 'writereq' 'writeresp'>
ST_1 : Operation 92 [1/1] (0.00ns)   --->   "%trunc_ln267_1 = partselect i62 @_ssdm_op_PartSelect.i62.i64.i32.i32, i64 %FC1_B_read, i32 2, i32 63" [../hls_files/conv_pool.cpp:267->../hls_files/conv_pool.cpp:129]   --->   Operation 92 'partselect' 'trunc_ln267_1' <Predicate = true> <Delay = 0.00>
ST_1 : Operation 93 [1/1] (0.00ns)   --->   "%sext_ln267_1 = sext i62 %trunc_ln267_1" [../hls_files/conv_pool.cpp:267->../hls_files/conv_pool.cpp:129]   --->   Operation 93 'sext' 'sext_ln267_1' <Predicate = true> <Delay = 0.00>
ST_1 : Operation 94 [1/1] (0.00ns)   --->   "%B3mem_addr = getelementptr i32 %B3mem, i64 %sext_ln267_1" [../hls_files/conv_pool.cpp:267->../hls_files/conv_pool.cpp:129]   --->   Operation 94 'getelementptr' 'B3mem_addr' <Predicate = true> <Delay = 0.00>
ST_1 : Operation 95 [8/8] (7.30ns)   --->   "%empty_66 = readreq i1 @_ssdm_op_ReadReq.m_axi.p1i32, i32 %B3mem_addr, i64 32" [../hls_files/conv_pool.cpp:267->../hls_files/conv_pool.cpp:129]   --->   Operation 95 'readreq' 'empty_66' <Predicate = true> <Delay = 7.30> <CoreInst = "m_axi">   --->   Core 111 'm_axi' <Latency = 6> <II = 1> <Delay = 1.00> <Adapter> <Opcode : 'read' 'write' 'readreq' 'writereq' 'writeresp'>
ST_1 : Operation 96 [1/1] (1.32ns)   --->   "%store_ln267 = store i6 0, i6 %o" [../hls_files/conv_pool.cpp:267->../hls_files/conv_pool.cpp:129]   --->   Operation 96 'store' 'store_ln267' <Predicate = true> <Delay = 1.32>

State 2 <SV = 1> <Delay = 7.30>
ST_2 : Operation 97 [7/8] (7.30ns)   --->   "%empty = readreq i1 @_ssdm_op_ReadReq.m_axi.p1i32, i32 %W3mem_addr, i64 2316288" [../hls_files/conv_pool.cpp:267->../hls_files/conv_pool.cpp:129]   --->   Operation 97 'readreq' 'empty' <Predicate = true> <Delay = 7.30> <CoreInst = "m_axi">   --->   Core 111 'm_axi' <Latency = 6> <II = 1> <Delay = 1.00> <Adapter> <Opcode : 'read' 'write' 'readreq' 'writereq' 'writeresp'>
ST_2 : Operation 98 [7/8] (7.30ns)   --->   "%empty_66 = readreq i1 @_ssdm_op_ReadReq.m_axi.p1i32, i32 %B3mem_addr, i64 32" [../hls_files/conv_pool.cpp:267->../hls_files/conv_pool.cpp:129]   --->   Operation 98 'readreq' 'empty_66' <Predicate = true> <Delay = 7.30> <CoreInst = "m_axi">   --->   Core 111 'm_axi' <Latency = 6> <II = 1> <Delay = 1.00> <Adapter> <Opcode : 'read' 'write' 'readreq' 'writereq' 'writeresp'>

State 3 <SV = 2> <Delay = 7.30>
ST_3 : Operation 99 [6/8] (7.30ns)   --->   "%empty = readreq i1 @_ssdm_op_ReadReq.m_axi.p1i32, i32 %W3mem_addr, i64 2316288" [../hls_files/conv_pool.cpp:267->../hls_files/conv_pool.cpp:129]   --->   Operation 99 'readreq' 'empty' <Predicate = true> <Delay = 7.30> <CoreInst = "m_axi">   --->   Core 111 'm_axi' <Latency = 6> <II = 1> <Delay = 1.00> <Adapter> <Opcode : 'read' 'write' 'readreq' 'writereq' 'writeresp'>
ST_3 : Operation 100 [6/8] (7.30ns)   --->   "%empty_66 = readreq i1 @_ssdm_op_ReadReq.m_axi.p1i32, i32 %B3mem_addr, i64 32" [../hls_files/conv_pool.cpp:267->../hls_files/conv_pool.cpp:129]   --->   Operation 100 'readreq' 'empty_66' <Predicate = true> <Delay = 7.30> <CoreInst = "m_axi">   --->   Core 111 'm_axi' <Latency = 6> <II = 1> <Delay = 1.00> <Adapter> <Opcode : 'read' 'write' 'readreq' 'writereq' 'writeresp'>

State 4 <SV = 3> <Delay = 7.30>
ST_4 : Operation 101 [5/8] (7.30ns)   --->   "%empty = readreq i1 @_ssdm_op_ReadReq.m_axi.p1i32, i32 %W3mem_addr, i64 2316288" [../hls_files/conv_pool.cpp:267->../hls_files/conv_pool.cpp:129]   --->   Operation 101 'readreq' 'empty' <Predicate = true> <Delay = 7.30> <CoreInst = "m_axi">   --->   Core 111 'm_axi' <Latency = 6> <II = 1> <Delay = 1.00> <Adapter> <Opcode : 'read' 'write' 'readreq' 'writereq' 'writeresp'>
ST_4 : Operation 102 [5/8] (7.30ns)   --->   "%empty_66 = readreq i1 @_ssdm_op_ReadReq.m_axi.p1i32, i32 %B3mem_addr, i64 32" [../hls_files/conv_pool.cpp:267->../hls_files/conv_pool.cpp:129]   --->   Operation 102 'readreq' 'empty_66' <Predicate = true> <Delay = 7.30> <CoreInst = "m_axi">   --->   Core 111 'm_axi' <Latency = 6> <II = 1> <Delay = 1.00> <Adapter> <Opcode : 'read' 'write' 'readreq' 'writereq' 'writeresp'>

State 5 <SV = 4> <Delay = 7.30>
ST_5 : Operation 103 [4/8] (7.30ns)   --->   "%empty = readreq i1 @_ssdm_op_ReadReq.m_axi.p1i32, i32 %W3mem_addr, i64 2316288" [../hls_files/conv_pool.cpp:267->../hls_files/conv_pool.cpp:129]   --->   Operation 103 'readreq' 'empty' <Predicate = true> <Delay = 7.30> <CoreInst = "m_axi">   --->   Core 111 'm_axi' <Latency = 6> <II = 1> <Delay = 1.00> <Adapter> <Opcode : 'read' 'write' 'readreq' 'writereq' 'writeresp'>
ST_5 : Operation 104 [4/8] (7.30ns)   --->   "%empty_66 = readreq i1 @_ssdm_op_ReadReq.m_axi.p1i32, i32 %B3mem_addr, i64 32" [../hls_files/conv_pool.cpp:267->../hls_files/conv_pool.cpp:129]   --->   Operation 104 'readreq' 'empty_66' <Predicate = true> <Delay = 7.30> <CoreInst = "m_axi">   --->   Core 111 'm_axi' <Latency = 6> <II = 1> <Delay = 1.00> <Adapter> <Opcode : 'read' 'write' 'readreq' 'writereq' 'writeresp'>

State 6 <SV = 5> <Delay = 7.30>
ST_6 : Operation 105 [3/8] (7.30ns)   --->   "%empty = readreq i1 @_ssdm_op_ReadReq.m_axi.p1i32, i32 %W3mem_addr, i64 2316288" [../hls_files/conv_pool.cpp:267->../hls_files/conv_pool.cpp:129]   --->   Operation 105 'readreq' 'empty' <Predicate = true> <Delay = 7.30> <CoreInst = "m_axi">   --->   Core 111 'm_axi' <Latency = 6> <II = 1> <Delay = 1.00> <Adapter> <Opcode : 'read' 'write' 'readreq' 'writereq' 'writeresp'>
ST_6 : Operation 106 [3/8] (7.30ns)   --->   "%empty_66 = readreq i1 @_ssdm_op_ReadReq.m_axi.p1i32, i32 %B3mem_addr, i64 32" [../hls_files/conv_pool.cpp:267->../hls_files/conv_pool.cpp:129]   --->   Operation 106 'readreq' 'empty_66' <Predicate = true> <Delay = 7.30> <CoreInst = "m_axi">   --->   Core 111 'm_axi' <Latency = 6> <II = 1> <Delay = 1.00> <Adapter> <Opcode : 'read' 'write' 'readreq' 'writereq' 'writeresp'>

State 7 <SV = 6> <Delay = 7.30>
ST_7 : Operation 107 [2/8] (7.30ns)   --->   "%empty = readreq i1 @_ssdm_op_ReadReq.m_axi.p1i32, i32 %W3mem_addr, i64 2316288" [../hls_files/conv_pool.cpp:267->../hls_files/conv_pool.cpp:129]   --->   Operation 107 'readreq' 'empty' <Predicate = true> <Delay = 7.30> <CoreInst = "m_axi">   --->   Core 111 'm_axi' <Latency = 6> <II = 1> <Delay = 1.00> <Adapter> <Opcode : 'read' 'write' 'readreq' 'writereq' 'writeresp'>
ST_7 : Operation 108 [2/8] (7.30ns)   --->   "%empty_66 = readreq i1 @_ssdm_op_ReadReq.m_axi.p1i32, i32 %B3mem_addr, i64 32" [../hls_files/conv_pool.cpp:267->../hls_files/conv_pool.cpp:129]   --->   Operation 108 'readreq' 'empty_66' <Predicate = true> <Delay = 7.30> <CoreInst = "m_axi">   --->   Core 111 'm_axi' <Latency = 6> <II = 1> <Delay = 1.00> <Adapter> <Opcode : 'read' 'write' 'readreq' 'writereq' 'writeresp'>

State 8 <SV = 7> <Delay = 7.30>
ST_8 : Operation 109 [1/1] (0.00ns)   --->   "%specinterface_ln0 = specinterface void @_ssdm_op_SpecInterface, i32 %B3mem, void @empty_0, i32 0, i32 0, void @empty_17, i32 0, i32 32, void @empty_15, void @empty_10, void @empty_17, i32 16, i32 16, i32 16, i32 16, void @empty_17, void @empty_17, i32 4294967295, i32 0, i32 0"   --->   Operation 109 'specinterface' 'specinterface_ln0' <Predicate = true> <Delay = 0.00>
ST_8 : Operation 110 [1/1] (0.00ns)   --->   "%specinterface_ln0 = specinterface void @_ssdm_op_SpecInterface, i32 %W3mem, void @empty_0, i32 0, i32 0, void @empty_17, i32 0, i32 2316288, void @empty_14, void @empty_10, void @empty_17, i32 16, i32 16, i32 16, i32 16, void @empty_17, void @empty_17, i32 4294967295, i32 0, i32 0"   --->   Operation 110 'specinterface' 'specinterface_ln0' <Predicate = true> <Delay = 0.00>
ST_8 : Operation 111 [1/8] (7.30ns)   --->   "%empty = readreq i1 @_ssdm_op_ReadReq.m_axi.p1i32, i32 %W3mem_addr, i64 2316288" [../hls_files/conv_pool.cpp:267->../hls_files/conv_pool.cpp:129]   --->   Operation 111 'readreq' 'empty' <Predicate = true> <Delay = 7.30> <CoreInst = "m_axi">   --->   Core 111 'm_axi' <Latency = 6> <II = 1> <Delay = 1.00> <Adapter> <Opcode : 'read' 'write' 'readreq' 'writereq' 'writeresp'>
ST_8 : Operation 112 [1/8] (7.30ns)   --->   "%empty_66 = readreq i1 @_ssdm_op_ReadReq.m_axi.p1i32, i32 %B3mem_addr, i64 32" [../hls_files/conv_pool.cpp:267->../hls_files/conv_pool.cpp:129]   --->   Operation 112 'readreq' 'empty_66' <Predicate = true> <Delay = 7.30> <CoreInst = "m_axi">   --->   Core 111 'm_axi' <Latency = 6> <II = 1> <Delay = 1.00> <Adapter> <Opcode : 'read' 'write' 'readreq' 'writereq' 'writeresp'>
ST_8 : Operation 113 [1/1] (0.00ns)   --->   "%br_ln267 = br void %VITIS_LOOP_270_1.i.i" [../hls_files/conv_pool.cpp:267->../hls_files/conv_pool.cpp:129]   --->   Operation 113 'br' 'br_ln267' <Predicate = true> <Delay = 0.00>

State 9 <SV = 8> <Delay = 1.60>
ST_9 : Operation 114 [1/1] (0.00ns)   --->   "%o_1 = load i6 %o" [../hls_files/conv_pool.cpp:267->../hls_files/conv_pool.cpp:129]   --->   Operation 114 'load' 'o_1' <Predicate = true> <Delay = 0.00>
ST_9 : Operation 115 [1/1] (1.60ns)   --->   "%icmp_ln267 = icmp_eq  i6 %o_1, i6 32" [../hls_files/conv_pool.cpp:267->../hls_files/conv_pool.cpp:129]   --->   Operation 115 'icmp' 'icmp_ln267' <Predicate = true> <Delay = 1.60> <CoreInst = "Cmp">   --->   Core 9 'Cmp' <Latency = 0> <II = 1> <Delay = 1.60> <FuncUnit> <Opcode : 'seteq' 'setne' 'setle' 'setge' 'setlt' 'setgt'> <InPorts = 2> <OutPorts = 1>

State 10 <SV = 9> <Delay = 7.30>
ST_10 : Operation 116 [1/1] (1.60ns)   --->   "%add_ln267 = add i6 %o_1, i6 1" [../hls_files/conv_pool.cpp:267->../hls_files/conv_pool.cpp:129]   --->   Operation 116 'add' 'add_ln267' <Predicate = true> <Delay = 1.60> <CoreInst = "Adder">   --->   Core 1 'Adder' <Latency = 0> <II = 1> <Delay = 1.60> <FuncUnit> <Opcode : 'add' 'sub'> <InPorts = 2> <OutPorts = 1>
ST_10 : Operation 117 [1/1] (0.00ns)   --->   "%br_ln267 = br i1 %icmp_ln267, void %VITIS_LOOP_270_1.split.i.i, void %fc1.exit" [../hls_files/conv_pool.cpp:267->../hls_files/conv_pool.cpp:129]   --->   Operation 117 'br' 'br_ln267' <Predicate = true> <Delay = 0.00>
ST_10 : Operation 118 [1/1] (7.30ns)   --->   "%B3mem_addr_read = read i32 @_ssdm_op_Read.m_axi.p1i32, i32 %B3mem_addr" [../hls_files/conv_pool.cpp:269->../hls_files/conv_pool.cpp:129]   --->   Operation 118 'read' 'B3mem_addr_read' <Predicate = (!icmp_ln267)> <Delay = 7.30> <CoreInst = "m_axi">   --->   Core 111 'm_axi' <Latency = 3> <II = 1> <Delay = 1.00> <Adapter> <Opcode : 'read' 'write' 'readreq' 'writereq' 'writeresp'>
ST_10 : Operation 119 [1/1] (0.00ns)   --->   "%ret_ln0 = ret"   --->   Operation 119 'ret' 'ret_ln0' <Predicate = (icmp_ln267)> <Delay = 0.00>

State 11 <SV = 10> <Delay = 1.32>
ST_11 : Operation 120 [1/1] (0.00ns)   --->   "%zext_ln267 = zext i6 %o_1" [../hls_files/conv_pool.cpp:267->../hls_files/conv_pool.cpp:129]   --->   Operation 120 'zext' 'zext_ln267' <Predicate = true> <Delay = 0.00>
ST_11 : Operation 121 [1/1] (0.00ns)   --->   "%specpipeline_ln268 = specpipeline void @_ssdm_op_SpecPipeline, i32 3, i32 0, i32 0, i32 0, void @empty_17" [../hls_files/conv_pool.cpp:268->../hls_files/conv_pool.cpp:129]   --->   Operation 121 'specpipeline' 'specpipeline_ln268' <Predicate = true> <Delay = 0.00>
ST_11 : Operation 122 [1/1] (0.00ns)   --->   "%speclooptripcount_ln267 = speclooptripcount void @_ssdm_op_SpecLoopTripCount, i64 32, i64 32, i64 32" [../hls_files/conv_pool.cpp:267->../hls_files/conv_pool.cpp:129]   --->   Operation 122 'speclooptripcount' 'speclooptripcount_ln267' <Predicate = true> <Delay = 0.00>
ST_11 : Operation 123 [1/1] (0.00ns)   --->   "%specloopname_ln267 = specloopname void @_ssdm_op_SpecLoopName, void @empty_5" [../hls_files/conv_pool.cpp:267->../hls_files/conv_pool.cpp:129]   --->   Operation 123 'specloopname' 'specloopname_ln267' <Predicate = true> <Delay = 0.00>
ST_11 : Operation 124 [1/1] (0.00ns)   --->   "%acc = bitcast i32 %B3mem_addr_read" [../hls_files/conv_pool.cpp:269->../hls_files/conv_pool.cpp:129]   --->   Operation 124 'bitcast' 'acc' <Predicate = true> <Delay = 0.00>
ST_11 : Operation 125 [1/1] (1.32ns)   --->   "%br_ln270 = br void %for.inc.i.i" [../hls_files/conv_pool.cpp:270->../hls_files/conv_pool.cpp:129]   --->   Operation 125 'br' 'br_ln270' <Predicate = true> <Delay = 1.32>

State 12 <SV = 11> <Delay = 3.18>
ST_12 : Operation 126 [1/1] (0.00ns)   --->   "%i = phi i17 0, void %VITIS_LOOP_270_1.split.i.i, i17 %add_ln270, void %for.inc.split.i.i" [../hls_files/conv_pool.cpp:270->../hls_files/conv_pool.cpp:129]   --->   Operation 126 'phi' 'i' <Predicate = true> <Delay = 0.00>
ST_12 : Operation 127 [1/1] (0.00ns)   --->   "%acc_1 = phi i32 %acc, void %VITIS_LOOP_270_1.split.i.i, i32 %acc_2, void %for.inc.split.i.i"   --->   Operation 127 'phi' 'acc_1' <Predicate = true> <Delay = 0.00>
ST_12 : Operation 128 [1/1] (1.86ns)   --->   "%icmp_ln270 = icmp_eq  i17 %i, i17 72384" [../hls_files/conv_pool.cpp:270->../hls_files/conv_pool.cpp:129]   --->   Operation 128 'icmp' 'icmp_ln270' <Predicate = true> <Delay = 1.86> <CoreInst = "Cmp">   --->   Core 9 'Cmp' <Latency = 0> <II = 1> <Delay = 1.86> <FuncUnit> <Opcode : 'seteq' 'setne' 'setle' 'setge' 'setlt' 'setgt'> <InPorts = 2> <OutPorts = 1>
ST_12 : Operation 129 [1/1] (1.86ns)   --->   "%add_ln270 = add i17 %i, i17 1" [../hls_files/conv_pool.cpp:270->../hls_files/conv_pool.cpp:129]   --->   Operation 129 'add' 'add_ln270' <Predicate = true> <Delay = 1.86> <CoreInst = "Adder">   --->   Core 1 'Adder' <Latency = 0> <II = 1> <Delay = 1.86> <FuncUnit> <Opcode : 'add' 'sub'> <InPorts = 2> <OutPorts = 1>
ST_12 : Operation 130 [1/1] (0.00ns)   --->   "%speclooptripcount_ln0 = speclooptripcount void @_ssdm_op_SpecLoopTripCount, i64 72384, i64 72384, i64 72384"   --->   Operation 130 'speclooptripcount' 'speclooptripcount_ln0' <Predicate = true> <Delay = 0.00>
ST_12 : Operation 131 [1/1] (0.00ns)   --->   "%br_ln270 = br i1 %icmp_ln270, void %for.inc.split.i.i, void %for.inc13.i.i" [../hls_files/conv_pool.cpp:270->../hls_files/conv_pool.cpp:129]   --->   Operation 131 'br' 'br_ln270' <Predicate = true> <Delay = 0.00>
ST_12 : Operation 132 [1/1] (0.00ns)   --->   "%zext_ln270 = zext i17 %i" [../hls_files/conv_pool.cpp:270->../hls_files/conv_pool.cpp:129]   --->   Operation 132 'zext' 'zext_ln270' <Predicate = (!icmp_ln270)> <Delay = 0.00>
ST_12 : Operation 133 [1/1] (0.00ns)   --->   "%vec1_addr = getelementptr i32 %vec1, i64 0, i64 %zext_ln270" [../hls_files/conv_pool.cpp:272->../hls_files/conv_pool.cpp:129]   --->   Operation 133 'getelementptr' 'vec1_addr' <Predicate = (!icmp_ln270)> <Delay = 0.00>
ST_12 : Operation 134 [2/2] (2.77ns)   --->   "%vec1_load = load i17 %vec1_addr" [../hls_files/conv_pool.cpp:272->../hls_files/conv_pool.cpp:129]   --->   Operation 134 'load' 'vec1_load' <Predicate = (!icmp_ln270)> <Delay = 2.77> <CoreInst = "RAM">   --->   Core 81 'RAM' <Latency = 1> <II = 1> <Delay = 2.77> <Storage> <Opcode : 'load' 'store'> <Ports = 2> <Width = 32> <Depth = 72384> <RAM>
ST_12 : Operation 135 [1/1] (1.32ns)   --->   "%store_ln267 = store i6 %add_ln267, i6 %o" [../hls_files/conv_pool.cpp:267->../hls_files/conv_pool.cpp:129]   --->   Operation 135 'store' 'store_ln267' <Predicate = (icmp_ln270)> <Delay = 1.32>

State 13 <SV = 12> <Delay = 7.30>
ST_13 : Operation 136 [1/2] ( I:2.77ns O:2.77ns )   --->   "%vec1_load = load i17 %vec1_addr" [../hls_files/conv_pool.cpp:272->../hls_files/conv_pool.cpp:129]   --->   Operation 136 'load' 'vec1_load' <Predicate = true> <Delay = 2.77> <CoreInst = "RAM">   --->   Core 81 'RAM' <Latency = 1> <II = 1> <Delay = 2.77> <Storage> <Opcode : 'load' 'store'> <Ports = 2> <Width = 32> <Depth = 72384> <RAM>
ST_13 : Operation 137 [1/1] (7.30ns)   --->   "%W3mem_addr_read = read i32 @_ssdm_op_Read.m_axi.p1i32, i32 %W3mem_addr" [../hls_files/conv_pool.cpp:272->../hls_files/conv_pool.cpp:129]   --->   Operation 137 'read' 'W3mem_addr_read' <Predicate = true> <Delay = 7.30> <CoreInst = "m_axi">   --->   Core 111 'm_axi' <Latency = 3> <II = 1> <Delay = 1.00> <Adapter> <Opcode : 'read' 'write' 'readreq' 'writereq' 'writeresp'>

State 14 <SV = 13> <Delay = 5.00>
ST_14 : Operation 138 [1/1] (0.00ns)   --->   "%bitcast_ln272 = bitcast i32 %W3mem_addr_read" [../hls_files/conv_pool.cpp:272->../hls_files/conv_pool.cpp:129]   --->   Operation 138 'bitcast' 'bitcast_ln272' <Predicate = true> <Delay = 0.00>
ST_14 : Operation 139 [4/4] (5.00ns)   --->   "%mul9_i_i = fmul i32 %vec1_load, i32 %bitcast_ln272" [../hls_files/conv_pool.cpp:272->../hls_files/conv_pool.cpp:129]   --->   Operation 139 'fmul' 'mul9_i_i' <Predicate = true> <Delay = 5.00> <CoreInst = "FMul_maxdsp">   --->   Core 30 'FMul_maxdsp' <Latency = 3> <II = 1> <Delay = 5.00> <FuncUnit> <Opcode : 'fmul'> <InPorts = 2> <OutPorts = 1>

State 15 <SV = 14> <Delay = 5.00>
ST_15 : Operation 140 [3/4] (5.00ns)   --->   "%mul9_i_i = fmul i32 %vec1_load, i32 %bitcast_ln272" [../hls_files/conv_pool.cpp:272->../hls_files/conv_pool.cpp:129]   --->   Operation 140 'fmul' 'mul9_i_i' <Predicate = true> <Delay = 5.00> <CoreInst = "FMul_maxdsp">   --->   Core 30 'FMul_maxdsp' <Latency = 3> <II = 1> <Delay = 5.00> <FuncUnit> <Opcode : 'fmul'> <InPorts = 2> <OutPorts = 1>

State 16 <SV = 15> <Delay = 5.00>
ST_16 : Operation 141 [2/4] (5.00ns)   --->   "%mul9_i_i = fmul i32 %vec1_load, i32 %bitcast_ln272" [../hls_files/conv_pool.cpp:272->../hls_files/conv_pool.cpp:129]   --->   Operation 141 'fmul' 'mul9_i_i' <Predicate = true> <Delay = 5.00> <CoreInst = "FMul_maxdsp">   --->   Core 30 'FMul_maxdsp' <Latency = 3> <II = 1> <Delay = 5.00> <FuncUnit> <Opcode : 'fmul'> <InPorts = 2> <OutPorts = 1>

State 17 <SV = 16> <Delay = 5.00>
ST_17 : Operation 142 [1/4] (5.00ns)   --->   "%mul9_i_i = fmul i32 %vec1_load, i32 %bitcast_ln272" [../hls_files/conv_pool.cpp:272->../hls_files/conv_pool.cpp:129]   --->   Operation 142 'fmul' 'mul9_i_i' <Predicate = true> <Delay = 5.00> <CoreInst = "FMul_maxdsp">   --->   Core 30 'FMul_maxdsp' <Latency = 3> <II = 1> <Delay = 5.00> <FuncUnit> <Opcode : 'fmul'> <InPorts = 2> <OutPorts = 1>

State 18 <SV = 17> <Delay = 6.51>
ST_18 : Operation 143 [5/5] (6.51ns)   --->   "%acc_2 = fadd i32 %acc_1, i32 %mul9_i_i" [../hls_files/conv_pool.cpp:272->../hls_files/conv_pool.cpp:129]   --->   Operation 143 'fadd' 'acc_2' <Predicate = true> <Delay = 6.51> <CoreInst = "FAddSub_fulldsp">   --->   Core 18 'FAddSub_fulldsp' <Latency = 4> <II = 1> <Delay = 6.51> <FuncUnit> <Opcode : 'fadd' 'fsub'> <InPorts = 2> <OutPorts = 1>

State 19 <SV = 18> <Delay = 6.51>
ST_19 : Operation 144 [4/5] (6.51ns)   --->   "%acc_2 = fadd i32 %acc_1, i32 %mul9_i_i" [../hls_files/conv_pool.cpp:272->../hls_files/conv_pool.cpp:129]   --->   Operation 144 'fadd' 'acc_2' <Predicate = true> <Delay = 6.51> <CoreInst = "FAddSub_fulldsp">   --->   Core 18 'FAddSub_fulldsp' <Latency = 4> <II = 1> <Delay = 6.51> <FuncUnit> <Opcode : 'fadd' 'fsub'> <InPorts = 2> <OutPorts = 1>

State 20 <SV = 19> <Delay = 6.51>
ST_20 : Operation 145 [3/5] (6.51ns)   --->   "%acc_2 = fadd i32 %acc_1, i32 %mul9_i_i" [../hls_files/conv_pool.cpp:272->../hls_files/conv_pool.cpp:129]   --->   Operation 145 'fadd' 'acc_2' <Predicate = true> <Delay = 6.51> <CoreInst = "FAddSub_fulldsp">   --->   Core 18 'FAddSub_fulldsp' <Latency = 4> <II = 1> <Delay = 6.51> <FuncUnit> <Opcode : 'fadd' 'fsub'> <InPorts = 2> <OutPorts = 1>

State 21 <SV = 20> <Delay = 6.51>
ST_21 : Operation 146 [2/5] (6.51ns)   --->   "%acc_2 = fadd i32 %acc_1, i32 %mul9_i_i" [../hls_files/conv_pool.cpp:272->../hls_files/conv_pool.cpp:129]   --->   Operation 146 'fadd' 'acc_2' <Predicate = true> <Delay = 6.51> <CoreInst = "FAddSub_fulldsp">   --->   Core 18 'FAddSub_fulldsp' <Latency = 4> <II = 1> <Delay = 6.51> <FuncUnit> <Opcode : 'fadd' 'fsub'> <InPorts = 2> <OutPorts = 1>

State 22 <SV = 21> <Delay = 6.51>
ST_22 : Operation 147 [1/1] (0.00ns)   --->   "%specloopname_ln270 = specloopname void @_ssdm_op_SpecLoopName, void @empty_4" [../hls_files/conv_pool.cpp:270->../hls_files/conv_pool.cpp:129]   --->   Operation 147 'specloopname' 'specloopname_ln270' <Predicate = true> <Delay = 0.00>
ST_22 : Operation 148 [1/5] (6.51ns)   --->   "%acc_2 = fadd i32 %acc_1, i32 %mul9_i_i" [../hls_files/conv_pool.cpp:272->../hls_files/conv_pool.cpp:129]   --->   Operation 148 'fadd' 'acc_2' <Predicate = true> <Delay = 6.51> <CoreInst = "FAddSub_fulldsp">   --->   Core 18 'FAddSub_fulldsp' <Latency = 4> <II = 1> <Delay = 6.51> <FuncUnit> <Opcode : 'fadd' 'fsub'> <InPorts = 2> <OutPorts = 1>
ST_22 : Operation 149 [1/1] (0.00ns)   --->   "%br_ln270 = br void %for.inc.i.i" [../hls_files/conv_pool.cpp:270->../hls_files/conv_pool.cpp:129]   --->   Operation 149 'br' 'br_ln270' <Predicate = true> <Delay = 0.00>

State 23 <SV = 12> <Delay = 6.51>
ST_23 : Operation 150 [62/62] (6.51ns)   --->   "%tmp_i = call i32 @generic_tanh<float>, i32 %acc_1, i58 %table_exp_Z1_ap_ufixed_58_1_ap_q_mode_5_ap_o_mode_3_0_array, i26 %table_f_Z3_ap_ufixed_59_0_ap_q_mode_5_ap_o_mode_3_0_array, i42 %table_f_Z2_ap_ufixed_59_0_ap_q_mode_5_ap_o_mode_3_0_array" [C:\scratch\2025.1\hls_product\640\2025.1\src\shared\hls\clib\hlsmath\src\c++\tanhfloat.cpp:7->../hls_files/conv_pool.cpp:275->../hls_files/conv_pool.cpp:129]   --->   Operation 150 'call' 'tmp_i' <Predicate = true> <Delay = 6.51> <CoreType = "Generic">   --->   Generic Core

State 24 <SV = 13> <Delay = 7.28>
ST_24 : Operation 151 [61/62] (7.28ns)   --->   "%tmp_i = call i32 @generic_tanh<float>, i32 %acc_1, i58 %table_exp_Z1_ap_ufixed_58_1_ap_q_mode_5_ap_o_mode_3_0_array, i26 %table_f_Z3_ap_ufixed_59_0_ap_q_mode_5_ap_o_mode_3_0_array, i42 %table_f_Z2_ap_ufixed_59_0_ap_q_mode_5_ap_o_mode_3_0_array" [C:\scratch\2025.1\hls_product\640\2025.1\src\shared\hls\clib\hlsmath\src\c++\tanhfloat.cpp:7->../hls_files/conv_pool.cpp:275->../hls_files/conv_pool.cpp:129]   --->   Operation 151 'call' 'tmp_i' <Predicate = true> <Delay = 7.28> <CoreType = "Generic">   --->   Generic Core

State 25 <SV = 14> <Delay = 7.28>
ST_25 : Operation 152 [60/62] (7.28ns)   --->   "%tmp_i = call i32 @generic_tanh<float>, i32 %acc_1, i58 %table_exp_Z1_ap_ufixed_58_1_ap_q_mode_5_ap_o_mode_3_0_array, i26 %table_f_Z3_ap_ufixed_59_0_ap_q_mode_5_ap_o_mode_3_0_array, i42 %table_f_Z2_ap_ufixed_59_0_ap_q_mode_5_ap_o_mode_3_0_array" [C:\scratch\2025.1\hls_product\640\2025.1\src\shared\hls\clib\hlsmath\src\c++\tanhfloat.cpp:7->../hls_files/conv_pool.cpp:275->../hls_files/conv_pool.cpp:129]   --->   Operation 152 'call' 'tmp_i' <Predicate = true> <Delay = 7.28> <CoreType = "Generic">   --->   Generic Core

State 26 <SV = 15> <Delay = 7.28>
ST_26 : Operation 153 [59/62] (7.28ns)   --->   "%tmp_i = call i32 @generic_tanh<float>, i32 %acc_1, i58 %table_exp_Z1_ap_ufixed_58_1_ap_q_mode_5_ap_o_mode_3_0_array, i26 %table_f_Z3_ap_ufixed_59_0_ap_q_mode_5_ap_o_mode_3_0_array, i42 %table_f_Z2_ap_ufixed_59_0_ap_q_mode_5_ap_o_mode_3_0_array" [C:\scratch\2025.1\hls_product\640\2025.1\src\shared\hls\clib\hlsmath\src\c++\tanhfloat.cpp:7->../hls_files/conv_pool.cpp:275->../hls_files/conv_pool.cpp:129]   --->   Operation 153 'call' 'tmp_i' <Predicate = true> <Delay = 7.28> <CoreType = "Generic">   --->   Generic Core

State 27 <SV = 16> <Delay = 7.28>
ST_27 : Operation 154 [58/62] (7.28ns)   --->   "%tmp_i = call i32 @generic_tanh<float>, i32 %acc_1, i58 %table_exp_Z1_ap_ufixed_58_1_ap_q_mode_5_ap_o_mode_3_0_array, i26 %table_f_Z3_ap_ufixed_59_0_ap_q_mode_5_ap_o_mode_3_0_array, i42 %table_f_Z2_ap_ufixed_59_0_ap_q_mode_5_ap_o_mode_3_0_array" [C:\scratch\2025.1\hls_product\640\2025.1\src\shared\hls\clib\hlsmath\src\c++\tanhfloat.cpp:7->../hls_files/conv_pool.cpp:275->../hls_files/conv_pool.cpp:129]   --->   Operation 154 'call' 'tmp_i' <Predicate = true> <Delay = 7.28> <CoreType = "Generic">   --->   Generic Core

State 28 <SV = 17> <Delay = 7.28>
ST_28 : Operation 155 [57/62] (7.28ns)   --->   "%tmp_i = call i32 @generic_tanh<float>, i32 %acc_1, i58 %table_exp_Z1_ap_ufixed_58_1_ap_q_mode_5_ap_o_mode_3_0_array, i26 %table_f_Z3_ap_ufixed_59_0_ap_q_mode_5_ap_o_mode_3_0_array, i42 %table_f_Z2_ap_ufixed_59_0_ap_q_mode_5_ap_o_mode_3_0_array" [C:\scratch\2025.1\hls_product\640\2025.1\src\shared\hls\clib\hlsmath\src\c++\tanhfloat.cpp:7->../hls_files/conv_pool.cpp:275->../hls_files/conv_pool.cpp:129]   --->   Operation 155 'call' 'tmp_i' <Predicate = true> <Delay = 7.28> <CoreType = "Generic">   --->   Generic Core

State 29 <SV = 18> <Delay = 7.28>
ST_29 : Operation 156 [56/62] (7.28ns)   --->   "%tmp_i = call i32 @generic_tanh<float>, i32 %acc_1, i58 %table_exp_Z1_ap_ufixed_58_1_ap_q_mode_5_ap_o_mode_3_0_array, i26 %table_f_Z3_ap_ufixed_59_0_ap_q_mode_5_ap_o_mode_3_0_array, i42 %table_f_Z2_ap_ufixed_59_0_ap_q_mode_5_ap_o_mode_3_0_array" [C:\scratch\2025.1\hls_product\640\2025.1\src\shared\hls\clib\hlsmath\src\c++\tanhfloat.cpp:7->../hls_files/conv_pool.cpp:275->../hls_files/conv_pool.cpp:129]   --->   Operation 156 'call' 'tmp_i' <Predicate = true> <Delay = 7.28> <CoreType = "Generic">   --->   Generic Core

State 30 <SV = 19> <Delay = 7.28>
ST_30 : Operation 157 [55/62] (7.28ns)   --->   "%tmp_i = call i32 @generic_tanh<float>, i32 %acc_1, i58 %table_exp_Z1_ap_ufixed_58_1_ap_q_mode_5_ap_o_mode_3_0_array, i26 %table_f_Z3_ap_ufixed_59_0_ap_q_mode_5_ap_o_mode_3_0_array, i42 %table_f_Z2_ap_ufixed_59_0_ap_q_mode_5_ap_o_mode_3_0_array" [C:\scratch\2025.1\hls_product\640\2025.1\src\shared\hls\clib\hlsmath\src\c++\tanhfloat.cpp:7->../hls_files/conv_pool.cpp:275->../hls_files/conv_pool.cpp:129]   --->   Operation 157 'call' 'tmp_i' <Predicate = true> <Delay = 7.28> <CoreType = "Generic">   --->   Generic Core

State 31 <SV = 20> <Delay = 7.28>
ST_31 : Operation 158 [54/62] (7.28ns)   --->   "%tmp_i = call i32 @generic_tanh<float>, i32 %acc_1, i58 %table_exp_Z1_ap_ufixed_58_1_ap_q_mode_5_ap_o_mode_3_0_array, i26 %table_f_Z3_ap_ufixed_59_0_ap_q_mode_5_ap_o_mode_3_0_array, i42 %table_f_Z2_ap_ufixed_59_0_ap_q_mode_5_ap_o_mode_3_0_array" [C:\scratch\2025.1\hls_product\640\2025.1\src\shared\hls\clib\hlsmath\src\c++\tanhfloat.cpp:7->../hls_files/conv_pool.cpp:275->../hls_files/conv_pool.cpp:129]   --->   Operation 158 'call' 'tmp_i' <Predicate = true> <Delay = 7.28> <CoreType = "Generic">   --->   Generic Core

State 32 <SV = 21> <Delay = 7.28>
ST_32 : Operation 159 [53/62] (7.28ns)   --->   "%tmp_i = call i32 @generic_tanh<float>, i32 %acc_1, i58 %table_exp_Z1_ap_ufixed_58_1_ap_q_mode_5_ap_o_mode_3_0_array, i26 %table_f_Z3_ap_ufixed_59_0_ap_q_mode_5_ap_o_mode_3_0_array, i42 %table_f_Z2_ap_ufixed_59_0_ap_q_mode_5_ap_o_mode_3_0_array" [C:\scratch\2025.1\hls_product\640\2025.1\src\shared\hls\clib\hlsmath\src\c++\tanhfloat.cpp:7->../hls_files/conv_pool.cpp:275->../hls_files/conv_pool.cpp:129]   --->   Operation 159 'call' 'tmp_i' <Predicate = true> <Delay = 7.28> <CoreType = "Generic">   --->   Generic Core

State 33 <SV = 22> <Delay = 7.28>
ST_33 : Operation 160 [52/62] (7.28ns)   --->   "%tmp_i = call i32 @generic_tanh<float>, i32 %acc_1, i58 %table_exp_Z1_ap_ufixed_58_1_ap_q_mode_5_ap_o_mode_3_0_array, i26 %table_f_Z3_ap_ufixed_59_0_ap_q_mode_5_ap_o_mode_3_0_array, i42 %table_f_Z2_ap_ufixed_59_0_ap_q_mode_5_ap_o_mode_3_0_array" [C:\scratch\2025.1\hls_product\640\2025.1\src\shared\hls\clib\hlsmath\src\c++\tanhfloat.cpp:7->../hls_files/conv_pool.cpp:275->../hls_files/conv_pool.cpp:129]   --->   Operation 160 'call' 'tmp_i' <Predicate = true> <Delay = 7.28> <CoreType = "Generic">   --->   Generic Core

State 34 <SV = 23> <Delay = 7.28>
ST_34 : Operation 161 [51/62] (7.28ns)   --->   "%tmp_i = call i32 @generic_tanh<float>, i32 %acc_1, i58 %table_exp_Z1_ap_ufixed_58_1_ap_q_mode_5_ap_o_mode_3_0_array, i26 %table_f_Z3_ap_ufixed_59_0_ap_q_mode_5_ap_o_mode_3_0_array, i42 %table_f_Z2_ap_ufixed_59_0_ap_q_mode_5_ap_o_mode_3_0_array" [C:\scratch\2025.1\hls_product\640\2025.1\src\shared\hls\clib\hlsmath\src\c++\tanhfloat.cpp:7->../hls_files/conv_pool.cpp:275->../hls_files/conv_pool.cpp:129]   --->   Operation 161 'call' 'tmp_i' <Predicate = true> <Delay = 7.28> <CoreType = "Generic">   --->   Generic Core

State 35 <SV = 24> <Delay = 7.28>
ST_35 : Operation 162 [50/62] (7.28ns)   --->   "%tmp_i = call i32 @generic_tanh<float>, i32 %acc_1, i58 %table_exp_Z1_ap_ufixed_58_1_ap_q_mode_5_ap_o_mode_3_0_array, i26 %table_f_Z3_ap_ufixed_59_0_ap_q_mode_5_ap_o_mode_3_0_array, i42 %table_f_Z2_ap_ufixed_59_0_ap_q_mode_5_ap_o_mode_3_0_array" [C:\scratch\2025.1\hls_product\640\2025.1\src\shared\hls\clib\hlsmath\src\c++\tanhfloat.cpp:7->../hls_files/conv_pool.cpp:275->../hls_files/conv_pool.cpp:129]   --->   Operation 162 'call' 'tmp_i' <Predicate = true> <Delay = 7.28> <CoreType = "Generic">   --->   Generic Core

State 36 <SV = 25> <Delay = 7.28>
ST_36 : Operation 163 [49/62] (7.28ns)   --->   "%tmp_i = call i32 @generic_tanh<float>, i32 %acc_1, i58 %table_exp_Z1_ap_ufixed_58_1_ap_q_mode_5_ap_o_mode_3_0_array, i26 %table_f_Z3_ap_ufixed_59_0_ap_q_mode_5_ap_o_mode_3_0_array, i42 %table_f_Z2_ap_ufixed_59_0_ap_q_mode_5_ap_o_mode_3_0_array" [C:\scratch\2025.1\hls_product\640\2025.1\src\shared\hls\clib\hlsmath\src\c++\tanhfloat.cpp:7->../hls_files/conv_pool.cpp:275->../hls_files/conv_pool.cpp:129]   --->   Operation 163 'call' 'tmp_i' <Predicate = true> <Delay = 7.28> <CoreType = "Generic">   --->   Generic Core

State 37 <SV = 26> <Delay = 7.28>
ST_37 : Operation 164 [48/62] (7.28ns)   --->   "%tmp_i = call i32 @generic_tanh<float>, i32 %acc_1, i58 %table_exp_Z1_ap_ufixed_58_1_ap_q_mode_5_ap_o_mode_3_0_array, i26 %table_f_Z3_ap_ufixed_59_0_ap_q_mode_5_ap_o_mode_3_0_array, i42 %table_f_Z2_ap_ufixed_59_0_ap_q_mode_5_ap_o_mode_3_0_array" [C:\scratch\2025.1\hls_product\640\2025.1\src\shared\hls\clib\hlsmath\src\c++\tanhfloat.cpp:7->../hls_files/conv_pool.cpp:275->../hls_files/conv_pool.cpp:129]   --->   Operation 164 'call' 'tmp_i' <Predicate = true> <Delay = 7.28> <CoreType = "Generic">   --->   Generic Core

State 38 <SV = 27> <Delay = 7.28>
ST_38 : Operation 165 [47/62] (7.28ns)   --->   "%tmp_i = call i32 @generic_tanh<float>, i32 %acc_1, i58 %table_exp_Z1_ap_ufixed_58_1_ap_q_mode_5_ap_o_mode_3_0_array, i26 %table_f_Z3_ap_ufixed_59_0_ap_q_mode_5_ap_o_mode_3_0_array, i42 %table_f_Z2_ap_ufixed_59_0_ap_q_mode_5_ap_o_mode_3_0_array" [C:\scratch\2025.1\hls_product\640\2025.1\src\shared\hls\clib\hlsmath\src\c++\tanhfloat.cpp:7->../hls_files/conv_pool.cpp:275->../hls_files/conv_pool.cpp:129]   --->   Operation 165 'call' 'tmp_i' <Predicate = true> <Delay = 7.28> <CoreType = "Generic">   --->   Generic Core

State 39 <SV = 28> <Delay = 7.28>
ST_39 : Operation 166 [46/62] (7.28ns)   --->   "%tmp_i = call i32 @generic_tanh<float>, i32 %acc_1, i58 %table_exp_Z1_ap_ufixed_58_1_ap_q_mode_5_ap_o_mode_3_0_array, i26 %table_f_Z3_ap_ufixed_59_0_ap_q_mode_5_ap_o_mode_3_0_array, i42 %table_f_Z2_ap_ufixed_59_0_ap_q_mode_5_ap_o_mode_3_0_array" [C:\scratch\2025.1\hls_product\640\2025.1\src\shared\hls\clib\hlsmath\src\c++\tanhfloat.cpp:7->../hls_files/conv_pool.cpp:275->../hls_files/conv_pool.cpp:129]   --->   Operation 166 'call' 'tmp_i' <Predicate = true> <Delay = 7.28> <CoreType = "Generic">   --->   Generic Core

State 40 <SV = 29> <Delay = 7.28>
ST_40 : Operation 167 [45/62] (7.28ns)   --->   "%tmp_i = call i32 @generic_tanh<float>, i32 %acc_1, i58 %table_exp_Z1_ap_ufixed_58_1_ap_q_mode_5_ap_o_mode_3_0_array, i26 %table_f_Z3_ap_ufixed_59_0_ap_q_mode_5_ap_o_mode_3_0_array, i42 %table_f_Z2_ap_ufixed_59_0_ap_q_mode_5_ap_o_mode_3_0_array" [C:\scratch\2025.1\hls_product\640\2025.1\src\shared\hls\clib\hlsmath\src\c++\tanhfloat.cpp:7->../hls_files/conv_pool.cpp:275->../hls_files/conv_pool.cpp:129]   --->   Operation 167 'call' 'tmp_i' <Predicate = true> <Delay = 7.28> <CoreType = "Generic">   --->   Generic Core

State 41 <SV = 30> <Delay = 7.28>
ST_41 : Operation 168 [44/62] (7.28ns)   --->   "%tmp_i = call i32 @generic_tanh<float>, i32 %acc_1, i58 %table_exp_Z1_ap_ufixed_58_1_ap_q_mode_5_ap_o_mode_3_0_array, i26 %table_f_Z3_ap_ufixed_59_0_ap_q_mode_5_ap_o_mode_3_0_array, i42 %table_f_Z2_ap_ufixed_59_0_ap_q_mode_5_ap_o_mode_3_0_array" [C:\scratch\2025.1\hls_product\640\2025.1\src\shared\hls\clib\hlsmath\src\c++\tanhfloat.cpp:7->../hls_files/conv_pool.cpp:275->../hls_files/conv_pool.cpp:129]   --->   Operation 168 'call' 'tmp_i' <Predicate = true> <Delay = 7.28> <CoreType = "Generic">   --->   Generic Core

State 42 <SV = 31> <Delay = 7.28>
ST_42 : Operation 169 [43/62] (7.28ns)   --->   "%tmp_i = call i32 @generic_tanh<float>, i32 %acc_1, i58 %table_exp_Z1_ap_ufixed_58_1_ap_q_mode_5_ap_o_mode_3_0_array, i26 %table_f_Z3_ap_ufixed_59_0_ap_q_mode_5_ap_o_mode_3_0_array, i42 %table_f_Z2_ap_ufixed_59_0_ap_q_mode_5_ap_o_mode_3_0_array" [C:\scratch\2025.1\hls_product\640\2025.1\src\shared\hls\clib\hlsmath\src\c++\tanhfloat.cpp:7->../hls_files/conv_pool.cpp:275->../hls_files/conv_pool.cpp:129]   --->   Operation 169 'call' 'tmp_i' <Predicate = true> <Delay = 7.28> <CoreType = "Generic">   --->   Generic Core

State 43 <SV = 32> <Delay = 7.28>
ST_43 : Operation 170 [42/62] (7.28ns)   --->   "%tmp_i = call i32 @generic_tanh<float>, i32 %acc_1, i58 %table_exp_Z1_ap_ufixed_58_1_ap_q_mode_5_ap_o_mode_3_0_array, i26 %table_f_Z3_ap_ufixed_59_0_ap_q_mode_5_ap_o_mode_3_0_array, i42 %table_f_Z2_ap_ufixed_59_0_ap_q_mode_5_ap_o_mode_3_0_array" [C:\scratch\2025.1\hls_product\640\2025.1\src\shared\hls\clib\hlsmath\src\c++\tanhfloat.cpp:7->../hls_files/conv_pool.cpp:275->../hls_files/conv_pool.cpp:129]   --->   Operation 170 'call' 'tmp_i' <Predicate = true> <Delay = 7.28> <CoreType = "Generic">   --->   Generic Core

State 44 <SV = 33> <Delay = 7.28>
ST_44 : Operation 171 [41/62] (7.28ns)   --->   "%tmp_i = call i32 @generic_tanh<float>, i32 %acc_1, i58 %table_exp_Z1_ap_ufixed_58_1_ap_q_mode_5_ap_o_mode_3_0_array, i26 %table_f_Z3_ap_ufixed_59_0_ap_q_mode_5_ap_o_mode_3_0_array, i42 %table_f_Z2_ap_ufixed_59_0_ap_q_mode_5_ap_o_mode_3_0_array" [C:\scratch\2025.1\hls_product\640\2025.1\src\shared\hls\clib\hlsmath\src\c++\tanhfloat.cpp:7->../hls_files/conv_pool.cpp:275->../hls_files/conv_pool.cpp:129]   --->   Operation 171 'call' 'tmp_i' <Predicate = true> <Delay = 7.28> <CoreType = "Generic">   --->   Generic Core

State 45 <SV = 34> <Delay = 7.28>
ST_45 : Operation 172 [40/62] (7.28ns)   --->   "%tmp_i = call i32 @generic_tanh<float>, i32 %acc_1, i58 %table_exp_Z1_ap_ufixed_58_1_ap_q_mode_5_ap_o_mode_3_0_array, i26 %table_f_Z3_ap_ufixed_59_0_ap_q_mode_5_ap_o_mode_3_0_array, i42 %table_f_Z2_ap_ufixed_59_0_ap_q_mode_5_ap_o_mode_3_0_array" [C:\scratch\2025.1\hls_product\640\2025.1\src\shared\hls\clib\hlsmath\src\c++\tanhfloat.cpp:7->../hls_files/conv_pool.cpp:275->../hls_files/conv_pool.cpp:129]   --->   Operation 172 'call' 'tmp_i' <Predicate = true> <Delay = 7.28> <CoreType = "Generic">   --->   Generic Core

State 46 <SV = 35> <Delay = 7.28>
ST_46 : Operation 173 [39/62] (7.28ns)   --->   "%tmp_i = call i32 @generic_tanh<float>, i32 %acc_1, i58 %table_exp_Z1_ap_ufixed_58_1_ap_q_mode_5_ap_o_mode_3_0_array, i26 %table_f_Z3_ap_ufixed_59_0_ap_q_mode_5_ap_o_mode_3_0_array, i42 %table_f_Z2_ap_ufixed_59_0_ap_q_mode_5_ap_o_mode_3_0_array" [C:\scratch\2025.1\hls_product\640\2025.1\src\shared\hls\clib\hlsmath\src\c++\tanhfloat.cpp:7->../hls_files/conv_pool.cpp:275->../hls_files/conv_pool.cpp:129]   --->   Operation 173 'call' 'tmp_i' <Predicate = true> <Delay = 7.28> <CoreType = "Generic">   --->   Generic Core

State 47 <SV = 36> <Delay = 7.28>
ST_47 : Operation 174 [38/62] (7.28ns)   --->   "%tmp_i = call i32 @generic_tanh<float>, i32 %acc_1, i58 %table_exp_Z1_ap_ufixed_58_1_ap_q_mode_5_ap_o_mode_3_0_array, i26 %table_f_Z3_ap_ufixed_59_0_ap_q_mode_5_ap_o_mode_3_0_array, i42 %table_f_Z2_ap_ufixed_59_0_ap_q_mode_5_ap_o_mode_3_0_array" [C:\scratch\2025.1\hls_product\640\2025.1\src\shared\hls\clib\hlsmath\src\c++\tanhfloat.cpp:7->../hls_files/conv_pool.cpp:275->../hls_files/conv_pool.cpp:129]   --->   Operation 174 'call' 'tmp_i' <Predicate = true> <Delay = 7.28> <CoreType = "Generic">   --->   Generic Core

State 48 <SV = 37> <Delay = 7.28>
ST_48 : Operation 175 [37/62] (7.28ns)   --->   "%tmp_i = call i32 @generic_tanh<float>, i32 %acc_1, i58 %table_exp_Z1_ap_ufixed_58_1_ap_q_mode_5_ap_o_mode_3_0_array, i26 %table_f_Z3_ap_ufixed_59_0_ap_q_mode_5_ap_o_mode_3_0_array, i42 %table_f_Z2_ap_ufixed_59_0_ap_q_mode_5_ap_o_mode_3_0_array" [C:\scratch\2025.1\hls_product\640\2025.1\src\shared\hls\clib\hlsmath\src\c++\tanhfloat.cpp:7->../hls_files/conv_pool.cpp:275->../hls_files/conv_pool.cpp:129]   --->   Operation 175 'call' 'tmp_i' <Predicate = true> <Delay = 7.28> <CoreType = "Generic">   --->   Generic Core

State 49 <SV = 38> <Delay = 7.28>
ST_49 : Operation 176 [36/62] (7.28ns)   --->   "%tmp_i = call i32 @generic_tanh<float>, i32 %acc_1, i58 %table_exp_Z1_ap_ufixed_58_1_ap_q_mode_5_ap_o_mode_3_0_array, i26 %table_f_Z3_ap_ufixed_59_0_ap_q_mode_5_ap_o_mode_3_0_array, i42 %table_f_Z2_ap_ufixed_59_0_ap_q_mode_5_ap_o_mode_3_0_array" [C:\scratch\2025.1\hls_product\640\2025.1\src\shared\hls\clib\hlsmath\src\c++\tanhfloat.cpp:7->../hls_files/conv_pool.cpp:275->../hls_files/conv_pool.cpp:129]   --->   Operation 176 'call' 'tmp_i' <Predicate = true> <Delay = 7.28> <CoreType = "Generic">   --->   Generic Core

State 50 <SV = 39> <Delay = 7.28>
ST_50 : Operation 177 [35/62] (7.28ns)   --->   "%tmp_i = call i32 @generic_tanh<float>, i32 %acc_1, i58 %table_exp_Z1_ap_ufixed_58_1_ap_q_mode_5_ap_o_mode_3_0_array, i26 %table_f_Z3_ap_ufixed_59_0_ap_q_mode_5_ap_o_mode_3_0_array, i42 %table_f_Z2_ap_ufixed_59_0_ap_q_mode_5_ap_o_mode_3_0_array" [C:\scratch\2025.1\hls_product\640\2025.1\src\shared\hls\clib\hlsmath\src\c++\tanhfloat.cpp:7->../hls_files/conv_pool.cpp:275->../hls_files/conv_pool.cpp:129]   --->   Operation 177 'call' 'tmp_i' <Predicate = true> <Delay = 7.28> <CoreType = "Generic">   --->   Generic Core

State 51 <SV = 40> <Delay = 7.28>
ST_51 : Operation 178 [34/62] (7.28ns)   --->   "%tmp_i = call i32 @generic_tanh<float>, i32 %acc_1, i58 %table_exp_Z1_ap_ufixed_58_1_ap_q_mode_5_ap_o_mode_3_0_array, i26 %table_f_Z3_ap_ufixed_59_0_ap_q_mode_5_ap_o_mode_3_0_array, i42 %table_f_Z2_ap_ufixed_59_0_ap_q_mode_5_ap_o_mode_3_0_array" [C:\scratch\2025.1\hls_product\640\2025.1\src\shared\hls\clib\hlsmath\src\c++\tanhfloat.cpp:7->../hls_files/conv_pool.cpp:275->../hls_files/conv_pool.cpp:129]   --->   Operation 178 'call' 'tmp_i' <Predicate = true> <Delay = 7.28> <CoreType = "Generic">   --->   Generic Core

State 52 <SV = 41> <Delay = 7.28>
ST_52 : Operation 179 [33/62] (7.28ns)   --->   "%tmp_i = call i32 @generic_tanh<float>, i32 %acc_1, i58 %table_exp_Z1_ap_ufixed_58_1_ap_q_mode_5_ap_o_mode_3_0_array, i26 %table_f_Z3_ap_ufixed_59_0_ap_q_mode_5_ap_o_mode_3_0_array, i42 %table_f_Z2_ap_ufixed_59_0_ap_q_mode_5_ap_o_mode_3_0_array" [C:\scratch\2025.1\hls_product\640\2025.1\src\shared\hls\clib\hlsmath\src\c++\tanhfloat.cpp:7->../hls_files/conv_pool.cpp:275->../hls_files/conv_pool.cpp:129]   --->   Operation 179 'call' 'tmp_i' <Predicate = true> <Delay = 7.28> <CoreType = "Generic">   --->   Generic Core

State 53 <SV = 42> <Delay = 7.28>
ST_53 : Operation 180 [32/62] (7.28ns)   --->   "%tmp_i = call i32 @generic_tanh<float>, i32 %acc_1, i58 %table_exp_Z1_ap_ufixed_58_1_ap_q_mode_5_ap_o_mode_3_0_array, i26 %table_f_Z3_ap_ufixed_59_0_ap_q_mode_5_ap_o_mode_3_0_array, i42 %table_f_Z2_ap_ufixed_59_0_ap_q_mode_5_ap_o_mode_3_0_array" [C:\scratch\2025.1\hls_product\640\2025.1\src\shared\hls\clib\hlsmath\src\c++\tanhfloat.cpp:7->../hls_files/conv_pool.cpp:275->../hls_files/conv_pool.cpp:129]   --->   Operation 180 'call' 'tmp_i' <Predicate = true> <Delay = 7.28> <CoreType = "Generic">   --->   Generic Core

State 54 <SV = 43> <Delay = 7.28>
ST_54 : Operation 181 [31/62] (7.28ns)   --->   "%tmp_i = call i32 @generic_tanh<float>, i32 %acc_1, i58 %table_exp_Z1_ap_ufixed_58_1_ap_q_mode_5_ap_o_mode_3_0_array, i26 %table_f_Z3_ap_ufixed_59_0_ap_q_mode_5_ap_o_mode_3_0_array, i42 %table_f_Z2_ap_ufixed_59_0_ap_q_mode_5_ap_o_mode_3_0_array" [C:\scratch\2025.1\hls_product\640\2025.1\src\shared\hls\clib\hlsmath\src\c++\tanhfloat.cpp:7->../hls_files/conv_pool.cpp:275->../hls_files/conv_pool.cpp:129]   --->   Operation 181 'call' 'tmp_i' <Predicate = true> <Delay = 7.28> <CoreType = "Generic">   --->   Generic Core

State 55 <SV = 44> <Delay = 7.28>
ST_55 : Operation 182 [30/62] (7.28ns)   --->   "%tmp_i = call i32 @generic_tanh<float>, i32 %acc_1, i58 %table_exp_Z1_ap_ufixed_58_1_ap_q_mode_5_ap_o_mode_3_0_array, i26 %table_f_Z3_ap_ufixed_59_0_ap_q_mode_5_ap_o_mode_3_0_array, i42 %table_f_Z2_ap_ufixed_59_0_ap_q_mode_5_ap_o_mode_3_0_array" [C:\scratch\2025.1\hls_product\640\2025.1\src\shared\hls\clib\hlsmath\src\c++\tanhfloat.cpp:7->../hls_files/conv_pool.cpp:275->../hls_files/conv_pool.cpp:129]   --->   Operation 182 'call' 'tmp_i' <Predicate = true> <Delay = 7.28> <CoreType = "Generic">   --->   Generic Core

State 56 <SV = 45> <Delay = 7.28>
ST_56 : Operation 183 [29/62] (7.28ns)   --->   "%tmp_i = call i32 @generic_tanh<float>, i32 %acc_1, i58 %table_exp_Z1_ap_ufixed_58_1_ap_q_mode_5_ap_o_mode_3_0_array, i26 %table_f_Z3_ap_ufixed_59_0_ap_q_mode_5_ap_o_mode_3_0_array, i42 %table_f_Z2_ap_ufixed_59_0_ap_q_mode_5_ap_o_mode_3_0_array" [C:\scratch\2025.1\hls_product\640\2025.1\src\shared\hls\clib\hlsmath\src\c++\tanhfloat.cpp:7->../hls_files/conv_pool.cpp:275->../hls_files/conv_pool.cpp:129]   --->   Operation 183 'call' 'tmp_i' <Predicate = true> <Delay = 7.28> <CoreType = "Generic">   --->   Generic Core

State 57 <SV = 46> <Delay = 7.28>
ST_57 : Operation 184 [28/62] (7.28ns)   --->   "%tmp_i = call i32 @generic_tanh<float>, i32 %acc_1, i58 %table_exp_Z1_ap_ufixed_58_1_ap_q_mode_5_ap_o_mode_3_0_array, i26 %table_f_Z3_ap_ufixed_59_0_ap_q_mode_5_ap_o_mode_3_0_array, i42 %table_f_Z2_ap_ufixed_59_0_ap_q_mode_5_ap_o_mode_3_0_array" [C:\scratch\2025.1\hls_product\640\2025.1\src\shared\hls\clib\hlsmath\src\c++\tanhfloat.cpp:7->../hls_files/conv_pool.cpp:275->../hls_files/conv_pool.cpp:129]   --->   Operation 184 'call' 'tmp_i' <Predicate = true> <Delay = 7.28> <CoreType = "Generic">   --->   Generic Core

State 58 <SV = 47> <Delay = 7.28>
ST_58 : Operation 185 [27/62] (7.28ns)   --->   "%tmp_i = call i32 @generic_tanh<float>, i32 %acc_1, i58 %table_exp_Z1_ap_ufixed_58_1_ap_q_mode_5_ap_o_mode_3_0_array, i26 %table_f_Z3_ap_ufixed_59_0_ap_q_mode_5_ap_o_mode_3_0_array, i42 %table_f_Z2_ap_ufixed_59_0_ap_q_mode_5_ap_o_mode_3_0_array" [C:\scratch\2025.1\hls_product\640\2025.1\src\shared\hls\clib\hlsmath\src\c++\tanhfloat.cpp:7->../hls_files/conv_pool.cpp:275->../hls_files/conv_pool.cpp:129]   --->   Operation 185 'call' 'tmp_i' <Predicate = true> <Delay = 7.28> <CoreType = "Generic">   --->   Generic Core

State 59 <SV = 48> <Delay = 7.28>
ST_59 : Operation 186 [26/62] (7.28ns)   --->   "%tmp_i = call i32 @generic_tanh<float>, i32 %acc_1, i58 %table_exp_Z1_ap_ufixed_58_1_ap_q_mode_5_ap_o_mode_3_0_array, i26 %table_f_Z3_ap_ufixed_59_0_ap_q_mode_5_ap_o_mode_3_0_array, i42 %table_f_Z2_ap_ufixed_59_0_ap_q_mode_5_ap_o_mode_3_0_array" [C:\scratch\2025.1\hls_product\640\2025.1\src\shared\hls\clib\hlsmath\src\c++\tanhfloat.cpp:7->../hls_files/conv_pool.cpp:275->../hls_files/conv_pool.cpp:129]   --->   Operation 186 'call' 'tmp_i' <Predicate = true> <Delay = 7.28> <CoreType = "Generic">   --->   Generic Core

State 60 <SV = 49> <Delay = 7.28>
ST_60 : Operation 187 [25/62] (7.28ns)   --->   "%tmp_i = call i32 @generic_tanh<float>, i32 %acc_1, i58 %table_exp_Z1_ap_ufixed_58_1_ap_q_mode_5_ap_o_mode_3_0_array, i26 %table_f_Z3_ap_ufixed_59_0_ap_q_mode_5_ap_o_mode_3_0_array, i42 %table_f_Z2_ap_ufixed_59_0_ap_q_mode_5_ap_o_mode_3_0_array" [C:\scratch\2025.1\hls_product\640\2025.1\src\shared\hls\clib\hlsmath\src\c++\tanhfloat.cpp:7->../hls_files/conv_pool.cpp:275->../hls_files/conv_pool.cpp:129]   --->   Operation 187 'call' 'tmp_i' <Predicate = true> <Delay = 7.28> <CoreType = "Generic">   --->   Generic Core

State 61 <SV = 50> <Delay = 7.28>
ST_61 : Operation 188 [24/62] (7.28ns)   --->   "%tmp_i = call i32 @generic_tanh<float>, i32 %acc_1, i58 %table_exp_Z1_ap_ufixed_58_1_ap_q_mode_5_ap_o_mode_3_0_array, i26 %table_f_Z3_ap_ufixed_59_0_ap_q_mode_5_ap_o_mode_3_0_array, i42 %table_f_Z2_ap_ufixed_59_0_ap_q_mode_5_ap_o_mode_3_0_array" [C:\scratch\2025.1\hls_product\640\2025.1\src\shared\hls\clib\hlsmath\src\c++\tanhfloat.cpp:7->../hls_files/conv_pool.cpp:275->../hls_files/conv_pool.cpp:129]   --->   Operation 188 'call' 'tmp_i' <Predicate = true> <Delay = 7.28> <CoreType = "Generic">   --->   Generic Core

State 62 <SV = 51> <Delay = 7.28>
ST_62 : Operation 189 [23/62] (7.28ns)   --->   "%tmp_i = call i32 @generic_tanh<float>, i32 %acc_1, i58 %table_exp_Z1_ap_ufixed_58_1_ap_q_mode_5_ap_o_mode_3_0_array, i26 %table_f_Z3_ap_ufixed_59_0_ap_q_mode_5_ap_o_mode_3_0_array, i42 %table_f_Z2_ap_ufixed_59_0_ap_q_mode_5_ap_o_mode_3_0_array" [C:\scratch\2025.1\hls_product\640\2025.1\src\shared\hls\clib\hlsmath\src\c++\tanhfloat.cpp:7->../hls_files/conv_pool.cpp:275->../hls_files/conv_pool.cpp:129]   --->   Operation 189 'call' 'tmp_i' <Predicate = true> <Delay = 7.28> <CoreType = "Generic">   --->   Generic Core

State 63 <SV = 52> <Delay = 7.28>
ST_63 : Operation 190 [22/62] (7.28ns)   --->   "%tmp_i = call i32 @generic_tanh<float>, i32 %acc_1, i58 %table_exp_Z1_ap_ufixed_58_1_ap_q_mode_5_ap_o_mode_3_0_array, i26 %table_f_Z3_ap_ufixed_59_0_ap_q_mode_5_ap_o_mode_3_0_array, i42 %table_f_Z2_ap_ufixed_59_0_ap_q_mode_5_ap_o_mode_3_0_array" [C:\scratch\2025.1\hls_product\640\2025.1\src\shared\hls\clib\hlsmath\src\c++\tanhfloat.cpp:7->../hls_files/conv_pool.cpp:275->../hls_files/conv_pool.cpp:129]   --->   Operation 190 'call' 'tmp_i' <Predicate = true> <Delay = 7.28> <CoreType = "Generic">   --->   Generic Core

State 64 <SV = 53> <Delay = 7.28>
ST_64 : Operation 191 [21/62] (7.28ns)   --->   "%tmp_i = call i32 @generic_tanh<float>, i32 %acc_1, i58 %table_exp_Z1_ap_ufixed_58_1_ap_q_mode_5_ap_o_mode_3_0_array, i26 %table_f_Z3_ap_ufixed_59_0_ap_q_mode_5_ap_o_mode_3_0_array, i42 %table_f_Z2_ap_ufixed_59_0_ap_q_mode_5_ap_o_mode_3_0_array" [C:\scratch\2025.1\hls_product\640\2025.1\src\shared\hls\clib\hlsmath\src\c++\tanhfloat.cpp:7->../hls_files/conv_pool.cpp:275->../hls_files/conv_pool.cpp:129]   --->   Operation 191 'call' 'tmp_i' <Predicate = true> <Delay = 7.28> <CoreType = "Generic">   --->   Generic Core

State 65 <SV = 54> <Delay = 7.28>
ST_65 : Operation 192 [20/62] (7.28ns)   --->   "%tmp_i = call i32 @generic_tanh<float>, i32 %acc_1, i58 %table_exp_Z1_ap_ufixed_58_1_ap_q_mode_5_ap_o_mode_3_0_array, i26 %table_f_Z3_ap_ufixed_59_0_ap_q_mode_5_ap_o_mode_3_0_array, i42 %table_f_Z2_ap_ufixed_59_0_ap_q_mode_5_ap_o_mode_3_0_array" [C:\scratch\2025.1\hls_product\640\2025.1\src\shared\hls\clib\hlsmath\src\c++\tanhfloat.cpp:7->../hls_files/conv_pool.cpp:275->../hls_files/conv_pool.cpp:129]   --->   Operation 192 'call' 'tmp_i' <Predicate = true> <Delay = 7.28> <CoreType = "Generic">   --->   Generic Core

State 66 <SV = 55> <Delay = 7.28>
ST_66 : Operation 193 [19/62] (7.28ns)   --->   "%tmp_i = call i32 @generic_tanh<float>, i32 %acc_1, i58 %table_exp_Z1_ap_ufixed_58_1_ap_q_mode_5_ap_o_mode_3_0_array, i26 %table_f_Z3_ap_ufixed_59_0_ap_q_mode_5_ap_o_mode_3_0_array, i42 %table_f_Z2_ap_ufixed_59_0_ap_q_mode_5_ap_o_mode_3_0_array" [C:\scratch\2025.1\hls_product\640\2025.1\src\shared\hls\clib\hlsmath\src\c++\tanhfloat.cpp:7->../hls_files/conv_pool.cpp:275->../hls_files/conv_pool.cpp:129]   --->   Operation 193 'call' 'tmp_i' <Predicate = true> <Delay = 7.28> <CoreType = "Generic">   --->   Generic Core

State 67 <SV = 56> <Delay = 7.28>
ST_67 : Operation 194 [18/62] (7.28ns)   --->   "%tmp_i = call i32 @generic_tanh<float>, i32 %acc_1, i58 %table_exp_Z1_ap_ufixed_58_1_ap_q_mode_5_ap_o_mode_3_0_array, i26 %table_f_Z3_ap_ufixed_59_0_ap_q_mode_5_ap_o_mode_3_0_array, i42 %table_f_Z2_ap_ufixed_59_0_ap_q_mode_5_ap_o_mode_3_0_array" [C:\scratch\2025.1\hls_product\640\2025.1\src\shared\hls\clib\hlsmath\src\c++\tanhfloat.cpp:7->../hls_files/conv_pool.cpp:275->../hls_files/conv_pool.cpp:129]   --->   Operation 194 'call' 'tmp_i' <Predicate = true> <Delay = 7.28> <CoreType = "Generic">   --->   Generic Core

State 68 <SV = 57> <Delay = 7.28>
ST_68 : Operation 195 [17/62] (7.28ns)   --->   "%tmp_i = call i32 @generic_tanh<float>, i32 %acc_1, i58 %table_exp_Z1_ap_ufixed_58_1_ap_q_mode_5_ap_o_mode_3_0_array, i26 %table_f_Z3_ap_ufixed_59_0_ap_q_mode_5_ap_o_mode_3_0_array, i42 %table_f_Z2_ap_ufixed_59_0_ap_q_mode_5_ap_o_mode_3_0_array" [C:\scratch\2025.1\hls_product\640\2025.1\src\shared\hls\clib\hlsmath\src\c++\tanhfloat.cpp:7->../hls_files/conv_pool.cpp:275->../hls_files/conv_pool.cpp:129]   --->   Operation 195 'call' 'tmp_i' <Predicate = true> <Delay = 7.28> <CoreType = "Generic">   --->   Generic Core

State 69 <SV = 58> <Delay = 7.28>
ST_69 : Operation 196 [16/62] (7.28ns)   --->   "%tmp_i = call i32 @generic_tanh<float>, i32 %acc_1, i58 %table_exp_Z1_ap_ufixed_58_1_ap_q_mode_5_ap_o_mode_3_0_array, i26 %table_f_Z3_ap_ufixed_59_0_ap_q_mode_5_ap_o_mode_3_0_array, i42 %table_f_Z2_ap_ufixed_59_0_ap_q_mode_5_ap_o_mode_3_0_array" [C:\scratch\2025.1\hls_product\640\2025.1\src\shared\hls\clib\hlsmath\src\c++\tanhfloat.cpp:7->../hls_files/conv_pool.cpp:275->../hls_files/conv_pool.cpp:129]   --->   Operation 196 'call' 'tmp_i' <Predicate = true> <Delay = 7.28> <CoreType = "Generic">   --->   Generic Core

State 70 <SV = 59> <Delay = 7.28>
ST_70 : Operation 197 [15/62] (7.28ns)   --->   "%tmp_i = call i32 @generic_tanh<float>, i32 %acc_1, i58 %table_exp_Z1_ap_ufixed_58_1_ap_q_mode_5_ap_o_mode_3_0_array, i26 %table_f_Z3_ap_ufixed_59_0_ap_q_mode_5_ap_o_mode_3_0_array, i42 %table_f_Z2_ap_ufixed_59_0_ap_q_mode_5_ap_o_mode_3_0_array" [C:\scratch\2025.1\hls_product\640\2025.1\src\shared\hls\clib\hlsmath\src\c++\tanhfloat.cpp:7->../hls_files/conv_pool.cpp:275->../hls_files/conv_pool.cpp:129]   --->   Operation 197 'call' 'tmp_i' <Predicate = true> <Delay = 7.28> <CoreType = "Generic">   --->   Generic Core

State 71 <SV = 60> <Delay = 7.28>
ST_71 : Operation 198 [14/62] (7.28ns)   --->   "%tmp_i = call i32 @generic_tanh<float>, i32 %acc_1, i58 %table_exp_Z1_ap_ufixed_58_1_ap_q_mode_5_ap_o_mode_3_0_array, i26 %table_f_Z3_ap_ufixed_59_0_ap_q_mode_5_ap_o_mode_3_0_array, i42 %table_f_Z2_ap_ufixed_59_0_ap_q_mode_5_ap_o_mode_3_0_array" [C:\scratch\2025.1\hls_product\640\2025.1\src\shared\hls\clib\hlsmath\src\c++\tanhfloat.cpp:7->../hls_files/conv_pool.cpp:275->../hls_files/conv_pool.cpp:129]   --->   Operation 198 'call' 'tmp_i' <Predicate = true> <Delay = 7.28> <CoreType = "Generic">   --->   Generic Core

State 72 <SV = 61> <Delay = 7.28>
ST_72 : Operation 199 [13/62] (7.28ns)   --->   "%tmp_i = call i32 @generic_tanh<float>, i32 %acc_1, i58 %table_exp_Z1_ap_ufixed_58_1_ap_q_mode_5_ap_o_mode_3_0_array, i26 %table_f_Z3_ap_ufixed_59_0_ap_q_mode_5_ap_o_mode_3_0_array, i42 %table_f_Z2_ap_ufixed_59_0_ap_q_mode_5_ap_o_mode_3_0_array" [C:\scratch\2025.1\hls_product\640\2025.1\src\shared\hls\clib\hlsmath\src\c++\tanhfloat.cpp:7->../hls_files/conv_pool.cpp:275->../hls_files/conv_pool.cpp:129]   --->   Operation 199 'call' 'tmp_i' <Predicate = true> <Delay = 7.28> <CoreType = "Generic">   --->   Generic Core

State 73 <SV = 62> <Delay = 7.28>
ST_73 : Operation 200 [12/62] (7.28ns)   --->   "%tmp_i = call i32 @generic_tanh<float>, i32 %acc_1, i58 %table_exp_Z1_ap_ufixed_58_1_ap_q_mode_5_ap_o_mode_3_0_array, i26 %table_f_Z3_ap_ufixed_59_0_ap_q_mode_5_ap_o_mode_3_0_array, i42 %table_f_Z2_ap_ufixed_59_0_ap_q_mode_5_ap_o_mode_3_0_array" [C:\scratch\2025.1\hls_product\640\2025.1\src\shared\hls\clib\hlsmath\src\c++\tanhfloat.cpp:7->../hls_files/conv_pool.cpp:275->../hls_files/conv_pool.cpp:129]   --->   Operation 200 'call' 'tmp_i' <Predicate = true> <Delay = 7.28> <CoreType = "Generic">   --->   Generic Core

State 74 <SV = 63> <Delay = 7.28>
ST_74 : Operation 201 [11/62] (7.28ns)   --->   "%tmp_i = call i32 @generic_tanh<float>, i32 %acc_1, i58 %table_exp_Z1_ap_ufixed_58_1_ap_q_mode_5_ap_o_mode_3_0_array, i26 %table_f_Z3_ap_ufixed_59_0_ap_q_mode_5_ap_o_mode_3_0_array, i42 %table_f_Z2_ap_ufixed_59_0_ap_q_mode_5_ap_o_mode_3_0_array" [C:\scratch\2025.1\hls_product\640\2025.1\src\shared\hls\clib\hlsmath\src\c++\tanhfloat.cpp:7->../hls_files/conv_pool.cpp:275->../hls_files/conv_pool.cpp:129]   --->   Operation 201 'call' 'tmp_i' <Predicate = true> <Delay = 7.28> <CoreType = "Generic">   --->   Generic Core

State 75 <SV = 64> <Delay = 7.28>
ST_75 : Operation 202 [10/62] (7.28ns)   --->   "%tmp_i = call i32 @generic_tanh<float>, i32 %acc_1, i58 %table_exp_Z1_ap_ufixed_58_1_ap_q_mode_5_ap_o_mode_3_0_array, i26 %table_f_Z3_ap_ufixed_59_0_ap_q_mode_5_ap_o_mode_3_0_array, i42 %table_f_Z2_ap_ufixed_59_0_ap_q_mode_5_ap_o_mode_3_0_array" [C:\scratch\2025.1\hls_product\640\2025.1\src\shared\hls\clib\hlsmath\src\c++\tanhfloat.cpp:7->../hls_files/conv_pool.cpp:275->../hls_files/conv_pool.cpp:129]   --->   Operation 202 'call' 'tmp_i' <Predicate = true> <Delay = 7.28> <CoreType = "Generic">   --->   Generic Core

State 76 <SV = 65> <Delay = 7.28>
ST_76 : Operation 203 [9/62] (7.28ns)   --->   "%tmp_i = call i32 @generic_tanh<float>, i32 %acc_1, i58 %table_exp_Z1_ap_ufixed_58_1_ap_q_mode_5_ap_o_mode_3_0_array, i26 %table_f_Z3_ap_ufixed_59_0_ap_q_mode_5_ap_o_mode_3_0_array, i42 %table_f_Z2_ap_ufixed_59_0_ap_q_mode_5_ap_o_mode_3_0_array" [C:\scratch\2025.1\hls_product\640\2025.1\src\shared\hls\clib\hlsmath\src\c++\tanhfloat.cpp:7->../hls_files/conv_pool.cpp:275->../hls_files/conv_pool.cpp:129]   --->   Operation 203 'call' 'tmp_i' <Predicate = true> <Delay = 7.28> <CoreType = "Generic">   --->   Generic Core

State 77 <SV = 66> <Delay = 7.28>
ST_77 : Operation 204 [8/62] (7.28ns)   --->   "%tmp_i = call i32 @generic_tanh<float>, i32 %acc_1, i58 %table_exp_Z1_ap_ufixed_58_1_ap_q_mode_5_ap_o_mode_3_0_array, i26 %table_f_Z3_ap_ufixed_59_0_ap_q_mode_5_ap_o_mode_3_0_array, i42 %table_f_Z2_ap_ufixed_59_0_ap_q_mode_5_ap_o_mode_3_0_array" [C:\scratch\2025.1\hls_product\640\2025.1\src\shared\hls\clib\hlsmath\src\c++\tanhfloat.cpp:7->../hls_files/conv_pool.cpp:275->../hls_files/conv_pool.cpp:129]   --->   Operation 204 'call' 'tmp_i' <Predicate = true> <Delay = 7.28> <CoreType = "Generic">   --->   Generic Core

State 78 <SV = 67> <Delay = 7.28>
ST_78 : Operation 205 [7/62] (7.28ns)   --->   "%tmp_i = call i32 @generic_tanh<float>, i32 %acc_1, i58 %table_exp_Z1_ap_ufixed_58_1_ap_q_mode_5_ap_o_mode_3_0_array, i26 %table_f_Z3_ap_ufixed_59_0_ap_q_mode_5_ap_o_mode_3_0_array, i42 %table_f_Z2_ap_ufixed_59_0_ap_q_mode_5_ap_o_mode_3_0_array" [C:\scratch\2025.1\hls_product\640\2025.1\src\shared\hls\clib\hlsmath\src\c++\tanhfloat.cpp:7->../hls_files/conv_pool.cpp:275->../hls_files/conv_pool.cpp:129]   --->   Operation 205 'call' 'tmp_i' <Predicate = true> <Delay = 7.28> <CoreType = "Generic">   --->   Generic Core

State 79 <SV = 68> <Delay = 7.28>
ST_79 : Operation 206 [6/62] (7.28ns)   --->   "%tmp_i = call i32 @generic_tanh<float>, i32 %acc_1, i58 %table_exp_Z1_ap_ufixed_58_1_ap_q_mode_5_ap_o_mode_3_0_array, i26 %table_f_Z3_ap_ufixed_59_0_ap_q_mode_5_ap_o_mode_3_0_array, i42 %table_f_Z2_ap_ufixed_59_0_ap_q_mode_5_ap_o_mode_3_0_array" [C:\scratch\2025.1\hls_product\640\2025.1\src\shared\hls\clib\hlsmath\src\c++\tanhfloat.cpp:7->../hls_files/conv_pool.cpp:275->../hls_files/conv_pool.cpp:129]   --->   Operation 206 'call' 'tmp_i' <Predicate = true> <Delay = 7.28> <CoreType = "Generic">   --->   Generic Core

State 80 <SV = 69> <Delay = 7.28>
ST_80 : Operation 207 [5/62] (7.28ns)   --->   "%tmp_i = call i32 @generic_tanh<float>, i32 %acc_1, i58 %table_exp_Z1_ap_ufixed_58_1_ap_q_mode_5_ap_o_mode_3_0_array, i26 %table_f_Z3_ap_ufixed_59_0_ap_q_mode_5_ap_o_mode_3_0_array, i42 %table_f_Z2_ap_ufixed_59_0_ap_q_mode_5_ap_o_mode_3_0_array" [C:\scratch\2025.1\hls_product\640\2025.1\src\shared\hls\clib\hlsmath\src\c++\tanhfloat.cpp:7->../hls_files/conv_pool.cpp:275->../hls_files/conv_pool.cpp:129]   --->   Operation 207 'call' 'tmp_i' <Predicate = true> <Delay = 7.28> <CoreType = "Generic">   --->   Generic Core

State 81 <SV = 70> <Delay = 7.28>
ST_81 : Operation 208 [4/62] (7.28ns)   --->   "%tmp_i = call i32 @generic_tanh<float>, i32 %acc_1, i58 %table_exp_Z1_ap_ufixed_58_1_ap_q_mode_5_ap_o_mode_3_0_array, i26 %table_f_Z3_ap_ufixed_59_0_ap_q_mode_5_ap_o_mode_3_0_array, i42 %table_f_Z2_ap_ufixed_59_0_ap_q_mode_5_ap_o_mode_3_0_array" [C:\scratch\2025.1\hls_product\640\2025.1\src\shared\hls\clib\hlsmath\src\c++\tanhfloat.cpp:7->../hls_files/conv_pool.cpp:275->../hls_files/conv_pool.cpp:129]   --->   Operation 208 'call' 'tmp_i' <Predicate = true> <Delay = 7.28> <CoreType = "Generic">   --->   Generic Core

State 82 <SV = 71> <Delay = 7.28>
ST_82 : Operation 209 [3/62] (7.28ns)   --->   "%tmp_i = call i32 @generic_tanh<float>, i32 %acc_1, i58 %table_exp_Z1_ap_ufixed_58_1_ap_q_mode_5_ap_o_mode_3_0_array, i26 %table_f_Z3_ap_ufixed_59_0_ap_q_mode_5_ap_o_mode_3_0_array, i42 %table_f_Z2_ap_ufixed_59_0_ap_q_mode_5_ap_o_mode_3_0_array" [C:\scratch\2025.1\hls_product\640\2025.1\src\shared\hls\clib\hlsmath\src\c++\tanhfloat.cpp:7->../hls_files/conv_pool.cpp:275->../hls_files/conv_pool.cpp:129]   --->   Operation 209 'call' 'tmp_i' <Predicate = true> <Delay = 7.28> <CoreType = "Generic">   --->   Generic Core

State 83 <SV = 72> <Delay = 7.28>
ST_83 : Operation 210 [2/62] (7.28ns)   --->   "%tmp_i = call i32 @generic_tanh<float>, i32 %acc_1, i58 %table_exp_Z1_ap_ufixed_58_1_ap_q_mode_5_ap_o_mode_3_0_array, i26 %table_f_Z3_ap_ufixed_59_0_ap_q_mode_5_ap_o_mode_3_0_array, i42 %table_f_Z2_ap_ufixed_59_0_ap_q_mode_5_ap_o_mode_3_0_array" [C:\scratch\2025.1\hls_product\640\2025.1\src\shared\hls\clib\hlsmath\src\c++\tanhfloat.cpp:7->../hls_files/conv_pool.cpp:275->../hls_files/conv_pool.cpp:129]   --->   Operation 210 'call' 'tmp_i' <Predicate = true> <Delay = 7.28> <CoreType = "Generic">   --->   Generic Core

State 84 <SV = 73> <Delay = 5.74>
ST_84 : Operation 211 [1/62] (2.97ns)   --->   "%tmp_i = call i32 @generic_tanh<float>, i32 %acc_1, i58 %table_exp_Z1_ap_ufixed_58_1_ap_q_mode_5_ap_o_mode_3_0_array, i26 %table_f_Z3_ap_ufixed_59_0_ap_q_mode_5_ap_o_mode_3_0_array, i42 %table_f_Z2_ap_ufixed_59_0_ap_q_mode_5_ap_o_mode_3_0_array" [C:\scratch\2025.1\hls_product\640\2025.1\src\shared\hls\clib\hlsmath\src\c++\tanhfloat.cpp:7->../hls_files/conv_pool.cpp:275->../hls_files/conv_pool.cpp:129]   --->   Operation 211 'call' 'tmp_i' <Predicate = true> <Delay = 2.97> <CoreType = "Generic">   --->   Generic Core
ST_84 : Operation 212 [1/1] (0.00ns)   --->   "%vec2_addr = getelementptr i32 %vec2, i64 0, i64 %zext_ln267" [../hls_files/conv_pool.cpp:275->../hls_files/conv_pool.cpp:129]   --->   Operation 212 'getelementptr' 'vec2_addr' <Predicate = true> <Delay = 0.00>
ST_84 : Operation 213 [1/1] ( I:2.77ns O:2.77ns )   --->   "%store_ln275 = store i32 %tmp_i, i5 %vec2_addr" [../hls_files/conv_pool.cpp:275->../hls_files/conv_pool.cpp:129]   --->   Operation 213 'store' 'store_ln275' <Predicate = true> <Delay = 2.77> <CoreInst = "RAM">   --->   Core 81 'RAM' <Latency = 1> <II = 1> <Delay = 2.77> <Storage> <Opcode : 'load' 'store'> <Ports = 2> <Width = 32> <Depth = 32> <RAM>
ST_84 : Operation 214 [1/1] (0.00ns)   --->   "%br_ln267 = br void %VITIS_LOOP_270_1.i.i" [../hls_files/conv_pool.cpp:267->../hls_files/conv_pool.cpp:129]   --->   Operation 214 'br' 'br_ln267' <Predicate = true> <Delay = 0.00>


============================================================
+ Verbose Summary: Timing violations
============================================================
Target clock period: 10.000ns, clock uncertainty: 2.700ns.

 <State 1>: 7.300ns
The critical path consists of the following:
	wire read operation ('FC1_W_read', ../hls_files/conv_pool.cpp:264->../hls_files/conv_pool.cpp:129) on port 'FC1_W' (../hls_files/conv_pool.cpp:264->../hls_files/conv_pool.cpp:129) [14]  (0.000 ns)
	'getelementptr' operation 32 bit ('W3mem_addr', ../hls_files/conv_pool.cpp:267->../hls_files/conv_pool.cpp:129) [17]  (0.000 ns)
	bus request operation ('empty', ../hls_files/conv_pool.cpp:267->../hls_files/conv_pool.cpp:129) on port 'W3mem' (../hls_files/conv_pool.cpp:267->../hls_files/conv_pool.cpp:129) [18]  (7.300 ns)

 <State 2>: 7.300ns
The critical path consists of the following:
	bus request operation ('empty', ../hls_files/conv_pool.cpp:267->../hls_files/conv_pool.cpp:129) on port 'W3mem' (../hls_files/conv_pool.cpp:267->../hls_files/conv_pool.cpp:129) [18]  (7.300 ns)

 <State 3>: 7.300ns
The critical path consists of the following:
	bus request operation ('empty', ../hls_files/conv_pool.cpp:267->../hls_files/conv_pool.cpp:129) on port 'W3mem' (../hls_files/conv_pool.cpp:267->../hls_files/conv_pool.cpp:129) [18]  (7.300 ns)

 <State 4>: 7.300ns
The critical path consists of the following:
	bus request operation ('empty', ../hls_files/conv_pool.cpp:267->../hls_files/conv_pool.cpp:129) on port 'W3mem' (../hls_files/conv_pool.cpp:267->../hls_files/conv_pool.cpp:129) [18]  (7.300 ns)

 <State 5>: 7.300ns
The critical path consists of the following:
	bus request operation ('empty', ../hls_files/conv_pool.cpp:267->../hls_files/conv_pool.cpp:129) on port 'W3mem' (../hls_files/conv_pool.cpp:267->../hls_files/conv_pool.cpp:129) [18]  (7.300 ns)

 <State 6>: 7.300ns
The critical path consists of the following:
	bus request operation ('empty', ../hls_files/conv_pool.cpp:267->../hls_files/conv_pool.cpp:129) on port 'W3mem' (../hls_files/conv_pool.cpp:267->../hls_files/conv_pool.cpp:129) [18]  (7.300 ns)

 <State 7>: 7.300ns
The critical path consists of the following:
	bus request operation ('empty', ../hls_files/conv_pool.cpp:267->../hls_files/conv_pool.cpp:129) on port 'W3mem' (../hls_files/conv_pool.cpp:267->../hls_files/conv_pool.cpp:129) [18]  (7.300 ns)

 <State 8>: 7.300ns
The critical path consists of the following:
	bus request operation ('empty', ../hls_files/conv_pool.cpp:267->../hls_files/conv_pool.cpp:129) on port 'W3mem' (../hls_files/conv_pool.cpp:267->../hls_files/conv_pool.cpp:129) [18]  (7.300 ns)

 <State 9>: 1.605ns
The critical path consists of the following:
	'load' operation 6 bit ('o', ../hls_files/conv_pool.cpp:267->../hls_files/conv_pool.cpp:129) on local variable 'o', ../hls_files/conv_pool.cpp:267->../hls_files/conv_pool.cpp:129 [26]  (0.000 ns)
	'icmp' operation 1 bit ('icmp_ln267', ../hls_files/conv_pool.cpp:267->../hls_files/conv_pool.cpp:129) [27]  (1.605 ns)

 <State 10>: 7.300ns
The critical path consists of the following:
	bus read operation ('B3mem_addr_read', ../hls_files/conv_pool.cpp:269->../hls_files/conv_pool.cpp:129) on port 'B3mem' (../hls_files/conv_pool.cpp:269->../hls_files/conv_pool.cpp:129) [35]  (7.300 ns)

 <State 11>: 1.324ns
The critical path consists of the following:
	multiplexor before 'phi' operation 17 bit ('i', ../hls_files/conv_pool.cpp:270->../hls_files/conv_pool.cpp:129) with incoming values : ('add_ln270', ../hls_files/conv_pool.cpp:270->../hls_files/conv_pool.cpp:129) [39]  (1.324 ns)

 <State 12>: 3.185ns
The critical path consists of the following:
	'phi' operation 17 bit ('i', ../hls_files/conv_pool.cpp:270->../hls_files/conv_pool.cpp:129) with incoming values : ('add_ln270', ../hls_files/conv_pool.cpp:270->../hls_files/conv_pool.cpp:129) [39]  (0.000 ns)
	'getelementptr' operation 17 bit ('vec1_addr', ../hls_files/conv_pool.cpp:272->../hls_files/conv_pool.cpp:129) [48]  (0.000 ns)
	'load' operation 32 bit ('vec1_load', ../hls_files/conv_pool.cpp:272->../hls_files/conv_pool.cpp:129) on array 'vec1' [49]  (2.772 ns)
	blocking operation 0.41325 ns on control path)

 <State 13>: 7.300ns
The critical path consists of the following:
	bus read operation ('W3mem_addr_read', ../hls_files/conv_pool.cpp:272->../hls_files/conv_pool.cpp:129) on port 'W3mem' (../hls_files/conv_pool.cpp:272->../hls_files/conv_pool.cpp:129) [50]  (7.300 ns)

 <State 14>: 5.008ns
The critical path consists of the following:
	'fmul' operation 32 bit ('mul9_i_i', ../hls_files/conv_pool.cpp:272->../hls_files/conv_pool.cpp:129) [52]  (5.008 ns)

 <State 15>: 5.008ns
The critical path consists of the following:
	'fmul' operation 32 bit ('mul9_i_i', ../hls_files/conv_pool.cpp:272->../hls_files/conv_pool.cpp:129) [52]  (5.008 ns)

 <State 16>: 5.008ns
The critical path consists of the following:
	'fmul' operation 32 bit ('mul9_i_i', ../hls_files/conv_pool.cpp:272->../hls_files/conv_pool.cpp:129) [52]  (5.008 ns)

 <State 17>: 5.008ns
The critical path consists of the following:
	'fmul' operation 32 bit ('mul9_i_i', ../hls_files/conv_pool.cpp:272->../hls_files/conv_pool.cpp:129) [52]  (5.008 ns)

 <State 18>: 6.514ns
The critical path consists of the following:
	'fadd' operation 32 bit ('acc', ../hls_files/conv_pool.cpp:272->../hls_files/conv_pool.cpp:129) [53]  (6.514 ns)

 <State 19>: 6.514ns
The critical path consists of the following:
	'fadd' operation 32 bit ('acc', ../hls_files/conv_pool.cpp:272->../hls_files/conv_pool.cpp:129) [53]  (6.514 ns)

 <State 20>: 6.514ns
The critical path consists of the following:
	'fadd' operation 32 bit ('acc', ../hls_files/conv_pool.cpp:272->../hls_files/conv_pool.cpp:129) [53]  (6.514 ns)

 <State 21>: 6.514ns
The critical path consists of the following:
	'fadd' operation 32 bit ('acc', ../hls_files/conv_pool.cpp:272->../hls_files/conv_pool.cpp:129) [53]  (6.514 ns)

 <State 22>: 6.514ns
The critical path consists of the following:
	'fadd' operation 32 bit ('acc', ../hls_files/conv_pool.cpp:272->../hls_files/conv_pool.cpp:129) [53]  (6.514 ns)

 <State 23>: 6.514ns
The critical path consists of the following:
	'call' operation 32 bit ('tmp_i', C:\scratch\2025.1\hls_product\640\2025.1\src\shared\hls\clib\hlsmath\src\c++\tanhfloat.cpp:7->../hls_files/conv_pool.cpp:275->../hls_files/conv_pool.cpp:129) to 'generic_tanh<float>' [56]  (6.514 ns)

 <State 24>: 7.287ns
The critical path consists of the following:
	'call' operation 32 bit ('tmp_i', C:\scratch\2025.1\hls_product\640\2025.1\src\shared\hls\clib\hlsmath\src\c++\tanhfloat.cpp:7->../hls_files/conv_pool.cpp:275->../hls_files/conv_pool.cpp:129) to 'generic_tanh<float>' [56]  (7.287 ns)

 <State 25>: 7.287ns
The critical path consists of the following:
	'call' operation 32 bit ('tmp_i', C:\scratch\2025.1\hls_product\640\2025.1\src\shared\hls\clib\hlsmath\src\c++\tanhfloat.cpp:7->../hls_files/conv_pool.cpp:275->../hls_files/conv_pool.cpp:129) to 'generic_tanh<float>' [56]  (7.287 ns)

 <State 26>: 7.287ns
The critical path consists of the following:
	'call' operation 32 bit ('tmp_i', C:\scratch\2025.1\hls_product\640\2025.1\src\shared\hls\clib\hlsmath\src\c++\tanhfloat.cpp:7->../hls_files/conv_pool.cpp:275->../hls_files/conv_pool.cpp:129) to 'generic_tanh<float>' [56]  (7.287 ns)

 <State 27>: 7.287ns
The critical path consists of the following:
	'call' operation 32 bit ('tmp_i', C:\scratch\2025.1\hls_product\640\2025.1\src\shared\hls\clib\hlsmath\src\c++\tanhfloat.cpp:7->../hls_files/conv_pool.cpp:275->../hls_files/conv_pool.cpp:129) to 'generic_tanh<float>' [56]  (7.287 ns)

 <State 28>: 7.287ns
The critical path consists of the following:
	'call' operation 32 bit ('tmp_i', C:\scratch\2025.1\hls_product\640\2025.1\src\shared\hls\clib\hlsmath\src\c++\tanhfloat.cpp:7->../hls_files/conv_pool.cpp:275->../hls_files/conv_pool.cpp:129) to 'generic_tanh<float>' [56]  (7.287 ns)

 <State 29>: 7.287ns
The critical path consists of the following:
	'call' operation 32 bit ('tmp_i', C:\scratch\2025.1\hls_product\640\2025.1\src\shared\hls\clib\hlsmath\src\c++\tanhfloat.cpp:7->../hls_files/conv_pool.cpp:275->../hls_files/conv_pool.cpp:129) to 'generic_tanh<float>' [56]  (7.287 ns)

 <State 30>: 7.287ns
The critical path consists of the following:
	'call' operation 32 bit ('tmp_i', C:\scratch\2025.1\hls_product\640\2025.1\src\shared\hls\clib\hlsmath\src\c++\tanhfloat.cpp:7->../hls_files/conv_pool.cpp:275->../hls_files/conv_pool.cpp:129) to 'generic_tanh<float>' [56]  (7.287 ns)

 <State 31>: 7.287ns
The critical path consists of the following:
	'call' operation 32 bit ('tmp_i', C:\scratch\2025.1\hls_product\640\2025.1\src\shared\hls\clib\hlsmath\src\c++\tanhfloat.cpp:7->../hls_files/conv_pool.cpp:275->../hls_files/conv_pool.cpp:129) to 'generic_tanh<float>' [56]  (7.287 ns)

 <State 32>: 7.287ns
The critical path consists of the following:
	'call' operation 32 bit ('tmp_i', C:\scratch\2025.1\hls_product\640\2025.1\src\shared\hls\clib\hlsmath\src\c++\tanhfloat.cpp:7->../hls_files/conv_pool.cpp:275->../hls_files/conv_pool.cpp:129) to 'generic_tanh<float>' [56]  (7.287 ns)

 <State 33>: 7.287ns
The critical path consists of the following:
	'call' operation 32 bit ('tmp_i', C:\scratch\2025.1\hls_product\640\2025.1\src\shared\hls\clib\hlsmath\src\c++\tanhfloat.cpp:7->../hls_files/conv_pool.cpp:275->../hls_files/conv_pool.cpp:129) to 'generic_tanh<float>' [56]  (7.287 ns)

 <State 34>: 7.287ns
The critical path consists of the following:
	'call' operation 32 bit ('tmp_i', C:\scratch\2025.1\hls_product\640\2025.1\src\shared\hls\clib\hlsmath\src\c++\tanhfloat.cpp:7->../hls_files/conv_pool.cpp:275->../hls_files/conv_pool.cpp:129) to 'generic_tanh<float>' [56]  (7.287 ns)

 <State 35>: 7.287ns
The critical path consists of the following:
	'call' operation 32 bit ('tmp_i', C:\scratch\2025.1\hls_product\640\2025.1\src\shared\hls\clib\hlsmath\src\c++\tanhfloat.cpp:7->../hls_files/conv_pool.cpp:275->../hls_files/conv_pool.cpp:129) to 'generic_tanh<float>' [56]  (7.287 ns)

 <State 36>: 7.287ns
The critical path consists of the following:
	'call' operation 32 bit ('tmp_i', C:\scratch\2025.1\hls_product\640\2025.1\src\shared\hls\clib\hlsmath\src\c++\tanhfloat.cpp:7->../hls_files/conv_pool.cpp:275->../hls_files/conv_pool.cpp:129) to 'generic_tanh<float>' [56]  (7.287 ns)

 <State 37>: 7.287ns
The critical path consists of the following:
	'call' operation 32 bit ('tmp_i', C:\scratch\2025.1\hls_product\640\2025.1\src\shared\hls\clib\hlsmath\src\c++\tanhfloat.cpp:7->../hls_files/conv_pool.cpp:275->../hls_files/conv_pool.cpp:129) to 'generic_tanh<float>' [56]  (7.287 ns)

 <State 38>: 7.287ns
The critical path consists of the following:
	'call' operation 32 bit ('tmp_i', C:\scratch\2025.1\hls_product\640\2025.1\src\shared\hls\clib\hlsmath\src\c++\tanhfloat.cpp:7->../hls_files/conv_pool.cpp:275->../hls_files/conv_pool.cpp:129) to 'generic_tanh<float>' [56]  (7.287 ns)

 <State 39>: 7.287ns
The critical path consists of the following:
	'call' operation 32 bit ('tmp_i', C:\scratch\2025.1\hls_product\640\2025.1\src\shared\hls\clib\hlsmath\src\c++\tanhfloat.cpp:7->../hls_files/conv_pool.cpp:275->../hls_files/conv_pool.cpp:129) to 'generic_tanh<float>' [56]  (7.287 ns)

 <State 40>: 7.287ns
The critical path consists of the following:
	'call' operation 32 bit ('tmp_i', C:\scratch\2025.1\hls_product\640\2025.1\src\shared\hls\clib\hlsmath\src\c++\tanhfloat.cpp:7->../hls_files/conv_pool.cpp:275->../hls_files/conv_pool.cpp:129) to 'generic_tanh<float>' [56]  (7.287 ns)

 <State 41>: 7.287ns
The critical path consists of the following:
	'call' operation 32 bit ('tmp_i', C:\scratch\2025.1\hls_product\640\2025.1\src\shared\hls\clib\hlsmath\src\c++\tanhfloat.cpp:7->../hls_files/conv_pool.cpp:275->../hls_files/conv_pool.cpp:129) to 'generic_tanh<float>' [56]  (7.287 ns)

 <State 42>: 7.287ns
The critical path consists of the following:
	'call' operation 32 bit ('tmp_i', C:\scratch\2025.1\hls_product\640\2025.1\src\shared\hls\clib\hlsmath\src\c++\tanhfloat.cpp:7->../hls_files/conv_pool.cpp:275->../hls_files/conv_pool.cpp:129) to 'generic_tanh<float>' [56]  (7.287 ns)

 <State 43>: 7.287ns
The critical path consists of the following:
	'call' operation 32 bit ('tmp_i', C:\scratch\2025.1\hls_product\640\2025.1\src\shared\hls\clib\hlsmath\src\c++\tanhfloat.cpp:7->../hls_files/conv_pool.cpp:275->../hls_files/conv_pool.cpp:129) to 'generic_tanh<float>' [56]  (7.287 ns)

 <State 44>: 7.287ns
The critical path consists of the following:
	'call' operation 32 bit ('tmp_i', C:\scratch\2025.1\hls_product\640\2025.1\src\shared\hls\clib\hlsmath\src\c++\tanhfloat.cpp:7->../hls_files/conv_pool.cpp:275->../hls_files/conv_pool.cpp:129) to 'generic_tanh<float>' [56]  (7.287 ns)

 <State 45>: 7.287ns
The critical path consists of the following:
	'call' operation 32 bit ('tmp_i', C:\scratch\2025.1\hls_product\640\2025.1\src\shared\hls\clib\hlsmath\src\c++\tanhfloat.cpp:7->../hls_files/conv_pool.cpp:275->../hls_files/conv_pool.cpp:129) to 'generic_tanh<float>' [56]  (7.287 ns)

 <State 46>: 7.287ns
The critical path consists of the following:
	'call' operation 32 bit ('tmp_i', C:\scratch\2025.1\hls_product\640\2025.1\src\shared\hls\clib\hlsmath\src\c++\tanhfloat.cpp:7->../hls_files/conv_pool.cpp:275->../hls_files/conv_pool.cpp:129) to 'generic_tanh<float>' [56]  (7.287 ns)

 <State 47>: 7.287ns
The critical path consists of the following:
	'call' operation 32 bit ('tmp_i', C:\scratch\2025.1\hls_product\640\2025.1\src\shared\hls\clib\hlsmath\src\c++\tanhfloat.cpp:7->../hls_files/conv_pool.cpp:275->../hls_files/conv_pool.cpp:129) to 'generic_tanh<float>' [56]  (7.287 ns)

 <State 48>: 7.287ns
The critical path consists of the following:
	'call' operation 32 bit ('tmp_i', C:\scratch\2025.1\hls_product\640\2025.1\src\shared\hls\clib\hlsmath\src\c++\tanhfloat.cpp:7->../hls_files/conv_pool.cpp:275->../hls_files/conv_pool.cpp:129) to 'generic_tanh<float>' [56]  (7.287 ns)

 <State 49>: 7.287ns
The critical path consists of the following:
	'call' operation 32 bit ('tmp_i', C:\scratch\2025.1\hls_product\640\2025.1\src\shared\hls\clib\hlsmath\src\c++\tanhfloat.cpp:7->../hls_files/conv_pool.cpp:275->../hls_files/conv_pool.cpp:129) to 'generic_tanh<float>' [56]  (7.287 ns)

 <State 50>: 7.287ns
The critical path consists of the following:
	'call' operation 32 bit ('tmp_i', C:\scratch\2025.1\hls_product\640\2025.1\src\shared\hls\clib\hlsmath\src\c++\tanhfloat.cpp:7->../hls_files/conv_pool.cpp:275->../hls_files/conv_pool.cpp:129) to 'generic_tanh<float>' [56]  (7.287 ns)

 <State 51>: 7.287ns
The critical path consists of the following:
	'call' operation 32 bit ('tmp_i', C:\scratch\2025.1\hls_product\640\2025.1\src\shared\hls\clib\hlsmath\src\c++\tanhfloat.cpp:7->../hls_files/conv_pool.cpp:275->../hls_files/conv_pool.cpp:129) to 'generic_tanh<float>' [56]  (7.287 ns)

 <State 52>: 7.287ns
The critical path consists of the following:
	'call' operation 32 bit ('tmp_i', C:\scratch\2025.1\hls_product\640\2025.1\src\shared\hls\clib\hlsmath\src\c++\tanhfloat.cpp:7->../hls_files/conv_pool.cpp:275->../hls_files/conv_pool.cpp:129) to 'generic_tanh<float>' [56]  (7.287 ns)

 <State 53>: 7.287ns
The critical path consists of the following:
	'call' operation 32 bit ('tmp_i', C:\scratch\2025.1\hls_product\640\2025.1\src\shared\hls\clib\hlsmath\src\c++\tanhfloat.cpp:7->../hls_files/conv_pool.cpp:275->../hls_files/conv_pool.cpp:129) to 'generic_tanh<float>' [56]  (7.287 ns)

 <State 54>: 7.287ns
The critical path consists of the following:
	'call' operation 32 bit ('tmp_i', C:\scratch\2025.1\hls_product\640\2025.1\src\shared\hls\clib\hlsmath\src\c++\tanhfloat.cpp:7->../hls_files/conv_pool.cpp:275->../hls_files/conv_pool.cpp:129) to 'generic_tanh<float>' [56]  (7.287 ns)

 <State 55>: 7.287ns
The critical path consists of the following:
	'call' operation 32 bit ('tmp_i', C:\scratch\2025.1\hls_product\640\2025.1\src\shared\hls\clib\hlsmath\src\c++\tanhfloat.cpp:7->../hls_files/conv_pool.cpp:275->../hls_files/conv_pool.cpp:129) to 'generic_tanh<float>' [56]  (7.287 ns)

 <State 56>: 7.287ns
The critical path consists of the following:
	'call' operation 32 bit ('tmp_i', C:\scratch\2025.1\hls_product\640\2025.1\src\shared\hls\clib\hlsmath\src\c++\tanhfloat.cpp:7->../hls_files/conv_pool.cpp:275->../hls_files/conv_pool.cpp:129) to 'generic_tanh<float>' [56]  (7.287 ns)

 <State 57>: 7.287ns
The critical path consists of the following:
	'call' operation 32 bit ('tmp_i', C:\scratch\2025.1\hls_product\640\2025.1\src\shared\hls\clib\hlsmath\src\c++\tanhfloat.cpp:7->../hls_files/conv_pool.cpp:275->../hls_files/conv_pool.cpp:129) to 'generic_tanh<float>' [56]  (7.287 ns)

 <State 58>: 7.287ns
The critical path consists of the following:
	'call' operation 32 bit ('tmp_i', C:\scratch\2025.1\hls_product\640\2025.1\src\shared\hls\clib\hlsmath\src\c++\tanhfloat.cpp:7->../hls_files/conv_pool.cpp:275->../hls_files/conv_pool.cpp:129) to 'generic_tanh<float>' [56]  (7.287 ns)

 <State 59>: 7.287ns
The critical path consists of the following:
	'call' operation 32 bit ('tmp_i', C:\scratch\2025.1\hls_product\640\2025.1\src\shared\hls\clib\hlsmath\src\c++\tanhfloat.cpp:7->../hls_files/conv_pool.cpp:275->../hls_files/conv_pool.cpp:129) to 'generic_tanh<float>' [56]  (7.287 ns)

 <State 60>: 7.287ns
The critical path consists of the following:
	'call' operation 32 bit ('tmp_i', C:\scratch\2025.1\hls_product\640\2025.1\src\shared\hls\clib\hlsmath\src\c++\tanhfloat.cpp:7->../hls_files/conv_pool.cpp:275->../hls_files/conv_pool.cpp:129) to 'generic_tanh<float>' [56]  (7.287 ns)

 <State 61>: 7.287ns
The critical path consists of the following:
	'call' operation 32 bit ('tmp_i', C:\scratch\2025.1\hls_product\640\2025.1\src\shared\hls\clib\hlsmath\src\c++\tanhfloat.cpp:7->../hls_files/conv_pool.cpp:275->../hls_files/conv_pool.cpp:129) to 'generic_tanh<float>' [56]  (7.287 ns)

 <State 62>: 7.287ns
The critical path consists of the following:
	'call' operation 32 bit ('tmp_i', C:\scratch\2025.1\hls_product\640\2025.1\src\shared\hls\clib\hlsmath\src\c++\tanhfloat.cpp:7->../hls_files/conv_pool.cpp:275->../hls_files/conv_pool.cpp:129) to 'generic_tanh<float>' [56]  (7.287 ns)

 <State 63>: 7.287ns
The critical path consists of the following:
	'call' operation 32 bit ('tmp_i', C:\scratch\2025.1\hls_product\640\2025.1\src\shared\hls\clib\hlsmath\src\c++\tanhfloat.cpp:7->../hls_files/conv_pool.cpp:275->../hls_files/conv_pool.cpp:129) to 'generic_tanh<float>' [56]  (7.287 ns)

 <State 64>: 7.287ns
The critical path consists of the following:
	'call' operation 32 bit ('tmp_i', C:\scratch\2025.1\hls_product\640\2025.1\src\shared\hls\clib\hlsmath\src\c++\tanhfloat.cpp:7->../hls_files/conv_pool.cpp:275->../hls_files/conv_pool.cpp:129) to 'generic_tanh<float>' [56]  (7.287 ns)

 <State 65>: 7.287ns
The critical path consists of the following:
	'call' operation 32 bit ('tmp_i', C:\scratch\2025.1\hls_product\640\2025.1\src\shared\hls\clib\hlsmath\src\c++\tanhfloat.cpp:7->../hls_files/conv_pool.cpp:275->../hls_files/conv_pool.cpp:129) to 'generic_tanh<float>' [56]  (7.287 ns)

 <State 66>: 7.287ns
The critical path consists of the following:
	'call' operation 32 bit ('tmp_i', C:\scratch\2025.1\hls_product\640\2025.1\src\shared\hls\clib\hlsmath\src\c++\tanhfloat.cpp:7->../hls_files/conv_pool.cpp:275->../hls_files/conv_pool.cpp:129) to 'generic_tanh<float>' [56]  (7.287 ns)

 <State 67>: 7.287ns
The critical path consists of the following:
	'call' operation 32 bit ('tmp_i', C:\scratch\2025.1\hls_product\640\2025.1\src\shared\hls\clib\hlsmath\src\c++\tanhfloat.cpp:7->../hls_files/conv_pool.cpp:275->../hls_files/conv_pool.cpp:129) to 'generic_tanh<float>' [56]  (7.287 ns)

 <State 68>: 7.287ns
The critical path consists of the following:
	'call' operation 32 bit ('tmp_i', C:\scratch\2025.1\hls_product\640\2025.1\src\shared\hls\clib\hlsmath\src\c++\tanhfloat.cpp:7->../hls_files/conv_pool.cpp:275->../hls_files/conv_pool.cpp:129) to 'generic_tanh<float>' [56]  (7.287 ns)

 <State 69>: 7.287ns
The critical path consists of the following:
	'call' operation 32 bit ('tmp_i', C:\scratch\2025.1\hls_product\640\2025.1\src\shared\hls\clib\hlsmath\src\c++\tanhfloat.cpp:7->../hls_files/conv_pool.cpp:275->../hls_files/conv_pool.cpp:129) to 'generic_tanh<float>' [56]  (7.287 ns)

 <State 70>: 7.287ns
The critical path consists of the following:
	'call' operation 32 bit ('tmp_i', C:\scratch\2025.1\hls_product\640\2025.1\src\shared\hls\clib\hlsmath\src\c++\tanhfloat.cpp:7->../hls_files/conv_pool.cpp:275->../hls_files/conv_pool.cpp:129) to 'generic_tanh<float>' [56]  (7.287 ns)

 <State 71>: 7.287ns
The critical path consists of the following:
	'call' operation 32 bit ('tmp_i', C:\scratch\2025.1\hls_product\640\2025.1\src\shared\hls\clib\hlsmath\src\c++\tanhfloat.cpp:7->../hls_files/conv_pool.cpp:275->../hls_files/conv_pool.cpp:129) to 'generic_tanh<float>' [56]  (7.287 ns)

 <State 72>: 7.287ns
The critical path consists of the following:
	'call' operation 32 bit ('tmp_i', C:\scratch\2025.1\hls_product\640\2025.1\src\shared\hls\clib\hlsmath\src\c++\tanhfloat.cpp:7->../hls_files/conv_pool.cpp:275->../hls_files/conv_pool.cpp:129) to 'generic_tanh<float>' [56]  (7.287 ns)

 <State 73>: 7.287ns
The critical path consists of the following:
	'call' operation 32 bit ('tmp_i', C:\scratch\2025.1\hls_product\640\2025.1\src\shared\hls\clib\hlsmath\src\c++\tanhfloat.cpp:7->../hls_files/conv_pool.cpp:275->../hls_files/conv_pool.cpp:129) to 'generic_tanh<float>' [56]  (7.287 ns)

 <State 74>: 7.287ns
The critical path consists of the following:
	'call' operation 32 bit ('tmp_i', C:\scratch\2025.1\hls_product\640\2025.1\src\shared\hls\clib\hlsmath\src\c++\tanhfloat.cpp:7->../hls_files/conv_pool.cpp:275->../hls_files/conv_pool.cpp:129) to 'generic_tanh<float>' [56]  (7.287 ns)

 <State 75>: 7.287ns
The critical path consists of the following:
	'call' operation 32 bit ('tmp_i', C:\scratch\2025.1\hls_product\640\2025.1\src\shared\hls\clib\hlsmath\src\c++\tanhfloat.cpp:7->../hls_files/conv_pool.cpp:275->../hls_files/conv_pool.cpp:129) to 'generic_tanh<float>' [56]  (7.287 ns)

 <State 76>: 7.287ns
The critical path consists of the following:
	'call' operation 32 bit ('tmp_i', C:\scratch\2025.1\hls_product\640\2025.1\src\shared\hls\clib\hlsmath\src\c++\tanhfloat.cpp:7->../hls_files/conv_pool.cpp:275->../hls_files/conv_pool.cpp:129) to 'generic_tanh<float>' [56]  (7.287 ns)

 <State 77>: 7.287ns
The critical path consists of the following:
	'call' operation 32 bit ('tmp_i', C:\scratch\2025.1\hls_product\640\2025.1\src\shared\hls\clib\hlsmath\src\c++\tanhfloat.cpp:7->../hls_files/conv_pool.cpp:275->../hls_files/conv_pool.cpp:129) to 'generic_tanh<float>' [56]  (7.287 ns)

 <State 78>: 7.287ns
The critical path consists of the following:
	'call' operation 32 bit ('tmp_i', C:\scratch\2025.1\hls_product\640\2025.1\src\shared\hls\clib\hlsmath\src\c++\tanhfloat.cpp:7->../hls_files/conv_pool.cpp:275->../hls_files/conv_pool.cpp:129) to 'generic_tanh<float>' [56]  (7.287 ns)

 <State 79>: 7.287ns
The critical path consists of the following:
	'call' operation 32 bit ('tmp_i', C:\scratch\2025.1\hls_product\640\2025.1\src\shared\hls\clib\hlsmath\src\c++\tanhfloat.cpp:7->../hls_files/conv_pool.cpp:275->../hls_files/conv_pool.cpp:129) to 'generic_tanh<float>' [56]  (7.287 ns)

 <State 80>: 7.287ns
The critical path consists of the following:
	'call' operation 32 bit ('tmp_i', C:\scratch\2025.1\hls_product\640\2025.1\src\shared\hls\clib\hlsmath\src\c++\tanhfloat.cpp:7->../hls_files/conv_pool.cpp:275->../hls_files/conv_pool.cpp:129) to 'generic_tanh<float>' [56]  (7.287 ns)

 <State 81>: 7.287ns
The critical path consists of the following:
	'call' operation 32 bit ('tmp_i', C:\scratch\2025.1\hls_product\640\2025.1\src\shared\hls\clib\hlsmath\src\c++\tanhfloat.cpp:7->../hls_files/conv_pool.cpp:275->../hls_files/conv_pool.cpp:129) to 'generic_tanh<float>' [56]  (7.287 ns)

 <State 82>: 7.287ns
The critical path consists of the following:
	'call' operation 32 bit ('tmp_i', C:\scratch\2025.1\hls_product\640\2025.1\src\shared\hls\clib\hlsmath\src\c++\tanhfloat.cpp:7->../hls_files/conv_pool.cpp:275->../hls_files/conv_pool.cpp:129) to 'generic_tanh<float>' [56]  (7.287 ns)

 <State 83>: 7.287ns
The critical path consists of the following:
	'call' operation 32 bit ('tmp_i', C:\scratch\2025.1\hls_product\640\2025.1\src\shared\hls\clib\hlsmath\src\c++\tanhfloat.cpp:7->../hls_files/conv_pool.cpp:275->../hls_files/conv_pool.cpp:129) to 'generic_tanh<float>' [56]  (7.287 ns)

 <State 84>: 5.745ns
The critical path consists of the following:
	'call' operation 32 bit ('tmp_i', C:\scratch\2025.1\hls_product\640\2025.1\src\shared\hls\clib\hlsmath\src\c++\tanhfloat.cpp:7->../hls_files/conv_pool.cpp:275->../hls_files/conv_pool.cpp:129) to 'generic_tanh<float>' [56]  (2.973 ns)
	'store' operation 0 bit ('store_ln275', ../hls_files/conv_pool.cpp:275->../hls_files/conv_pool.cpp:129) of variable 'tmp_i', C:\scratch\2025.1\hls_product\640\2025.1\src\shared\hls\clib\hlsmath\src\c++\tanhfloat.cpp:7->../hls_files/conv_pool.cpp:275->../hls_files/conv_pool.cpp:129 on array 'vec2' [58]  (2.772 ns)


============================================================
+ Verbose Summary: Binding
============================================================
N/A
* FSMD analyzer results:
  - Output states:
 - Input state : 
  - Chain level:
	State 1
	State 2
	State 3
	State 4
	State 5
	State 6
	State 7
	State 8
	State 9
	State 10
	State 11
	State 12
	State 13
	State 14
	State 15
	State 16
	State 17
	State 18
	State 19
	State 20
	State 21
	State 22
	State 23
	State 24
	State 25
	State 26
	State 27
	State 28
	State 29
	State 30
	State 31
	State 32
	State 33
	State 34
	State 35
	State 36
	State 37
	State 38
	State 39
	State 40
	State 41
	State 42
	State 43
	State 44
	State 45
	State 46
	State 47
	State 48
	State 49
	State 50
	State 51
	State 52
	State 53
	State 54
	State 55
	State 56
	State 57
	State 58
	State 59
	State 60
	State 61
	State 62
	State 63
	State 64
	State 65
	State 66
	State 67
	State 68
	State 69
	State 70
	State 71
	State 72
	State 73
	State 74
	State 75
	State 76
	State 77
	State 78
	State 79
	State 80
	State 81
	State 82
	State 83
	State 84


============================================================
+ Verbose Summary: Datapath Resource usage 
============================================================
N/A
