

================================================================
== Vitis HLS Report for 'fc2'
================================================================
* Date:           Wed Jul  9 22:27:37 2025

* Version:        2025.1 (Build 6135595 on May 21 2025)
* Project:        cnn_accel
* Solution:       hls (Vivado IP Flow Target)
* Product family: artix7
* Target device:  xc7a100t-fgg484-2L


================================================================
== Performance Estimates
================================================================
+ Timing: 
    * Summary: 
    +--------+----------+----------+------------+
    |  Clock |  Target  | Estimated| Uncertainty|
    +--------+----------+----------+------------+
    |ap_clk  |  10.00 ns|  7.300 ns|     2.70 ns|
    +--------+----------+----------+------------+

+ Latency: 
    * Summary: 
    +---------+---------+-----------+-----------+-----+-----+---------+
    |  Latency (cycles) |   Latency (absolute)  |  Interval | Pipeline|
    |   min   |   max   |    min    |    max    | min | max |   Type  |
    +---------+---------+-----------+-----------+-----+-----+---------+
    |        6|        6|  60.000 ns|  60.000 ns|    6|    6|       no|
    +---------+---------+-----------+-----------+-----+-----+---------+

    + Detail: 
        * Instance: 
        N/A

        * Loop: 
        N/A

============================================================
+ Verbose Summary: Synthesis Manager
============================================================
InlineROM: 1
ExposeGlobal: 0
============================================================
+ Verbose Summary: CDFG Model
============================================================
IsTopModel: 0
ResetActiveHigh: 1
IsCombinational: 0
IsDatapathOnly: 0
HasWiredReturn: 1
HasMFsm: 0
HasVarLatency: 1
IsPipeline: 0
IsRtlPipelined: 0
IsInstanceOverlapped: 0
IsDontTouch: 0
HasImplIP: 0
IsGatedGlobalClock: 0


============================================================
+ Verbose Summary: Schedule
============================================================
* Number of FSM states : 7
* Pipeline : 0
* Dataflow Pipeline: 0

* FSM state transitions: 
1 --> 2 
2 --> 3 
3 --> 4 
4 --> 5 
5 --> 6 
6 --> 7 
7 --> 

* FSM state operations: 

State 1 <SV = 0> <Delay = 7.30>
ST_1 : Operation 8 [1/1] (0.00ns)   --->   "%flag_out_read = read i64 @_ssdm_op_Read.ap_auto.i64, i64 %flag_out" [../hls_files/conv_pool.cpp:240]   --->   Operation 8 'read' 'flag_out_read' <Predicate = true> <Delay = 0.00>
ST_1 : Operation 9 [1/1] (0.00ns)   --->   "%Foutmem_addr = getelementptr i8 %Foutmem, i64 %flag_out_read" [../hls_files/conv_pool.cpp:248]   --->   Operation 9 'getelementptr' 'Foutmem_addr' <Predicate = true> <Delay = 0.00>
ST_1 : Operation 10 [1/1] (7.30ns)   --->   "%Foutmem_addr_req = writereq i1 @_ssdm_op_WriteReq.m_axi.i8P1A, i8 %Foutmem_addr, i64 1" [../hls_files/conv_pool.cpp:248]   --->   Operation 10 'writereq' 'Foutmem_addr_req' <Predicate = true> <Delay = 7.30> <CoreInst = "m_axi">   --->   Core 111 'm_axi' <Latency = 9> <II = 1> <Delay = 1.00> <Adapter> <Opcode : 'read' 'write' 'readreq' 'writereq' 'writeresp'>

State 2 <SV = 1> <Delay = 7.30>
ST_2 : Operation 11 [1/1] (7.30ns)   --->   "%write_ln248 = write void @_ssdm_op_Write.m_axi.i8P1A, i8 %Foutmem_addr, i8 0, i1 1" [../hls_files/conv_pool.cpp:248]   --->   Operation 11 'write' 'write_ln248' <Predicate = true> <Delay = 7.30> <CoreInst = "m_axi">   --->   Core 111 'm_axi' <Latency = 5> <II = 1> <Delay = 1.00> <Adapter> <Opcode : 'read' 'write' 'readreq' 'writereq' 'writeresp'>

State 3 <SV = 2> <Delay = 7.30>
ST_3 : Operation 12 [5/5] (7.30ns)   --->   "%Foutmem_addr_resp = writeresp i1 @_ssdm_op_WriteResp.m_axi.i8P1A, i8 %Foutmem_addr" [../hls_files/conv_pool.cpp:248]   --->   Operation 12 'writeresp' 'Foutmem_addr_resp' <Predicate = true> <Delay = 7.30> <CoreInst = "m_axi">   --->   Core 111 'm_axi' <Latency = 3> <II = 1> <Delay = 1.00> <Adapter> <Opcode : 'read' 'write' 'readreq' 'writereq' 'writeresp'>

State 4 <SV = 3> <Delay = 7.30>
ST_4 : Operation 13 [4/5] (7.30ns)   --->   "%Foutmem_addr_resp = writeresp i1 @_ssdm_op_WriteResp.m_axi.i8P1A, i8 %Foutmem_addr" [../hls_files/conv_pool.cpp:248]   --->   Operation 13 'writeresp' 'Foutmem_addr_resp' <Predicate = true> <Delay = 7.30> <CoreInst = "m_axi">   --->   Core 111 'm_axi' <Latency = 3> <II = 1> <Delay = 1.00> <Adapter> <Opcode : 'read' 'write' 'readreq' 'writereq' 'writeresp'>

State 5 <SV = 4> <Delay = 7.30>
ST_5 : Operation 14 [3/5] (7.30ns)   --->   "%Foutmem_addr_resp = writeresp i1 @_ssdm_op_WriteResp.m_axi.i8P1A, i8 %Foutmem_addr" [../hls_files/conv_pool.cpp:248]   --->   Operation 14 'writeresp' 'Foutmem_addr_resp' <Predicate = true> <Delay = 7.30> <CoreInst = "m_axi">   --->   Core 111 'm_axi' <Latency = 3> <II = 1> <Delay = 1.00> <Adapter> <Opcode : 'read' 'write' 'readreq' 'writereq' 'writeresp'>

State 6 <SV = 5> <Delay = 7.30>
ST_6 : Operation 15 [2/5] (7.30ns)   --->   "%Foutmem_addr_resp = writeresp i1 @_ssdm_op_WriteResp.m_axi.i8P1A, i8 %Foutmem_addr" [../hls_files/conv_pool.cpp:248]   --->   Operation 15 'writeresp' 'Foutmem_addr_resp' <Predicate = true> <Delay = 7.30> <CoreInst = "m_axi">   --->   Core 111 'm_axi' <Latency = 3> <II = 1> <Delay = 1.00> <Adapter> <Opcode : 'read' 'write' 'readreq' 'writereq' 'writeresp'>

State 7 <SV = 6> <Delay = 7.30>
ST_7 : Operation 16 [1/1] (0.00ns)   --->   "%specinterface_ln0 = specinterface void @_ssdm_op_SpecInterface, i8 %Foutmem, void @empty_29, i32 0, i32 0, void @empty_20, i32 0, i32 1, void @empty_38, void @empty_32, void @empty_20, i32 16, i32 16, i32 16, i32 16, void @empty_20, void @empty_20, i32 4294967295, i32 0, i32 0"   --->   Operation 16 'specinterface' 'specinterface_ln0' <Predicate = true> <Delay = 0.00>
ST_7 : Operation 17 [1/5] (7.30ns)   --->   "%Foutmem_addr_resp = writeresp i1 @_ssdm_op_WriteResp.m_axi.i8P1A, i8 %Foutmem_addr" [../hls_files/conv_pool.cpp:248]   --->   Operation 17 'writeresp' 'Foutmem_addr_resp' <Predicate = true> <Delay = 7.30> <CoreInst = "m_axi">   --->   Core 111 'm_axi' <Latency = 3> <II = 1> <Delay = 1.00> <Adapter> <Opcode : 'read' 'write' 'readreq' 'writereq' 'writeresp'>
ST_7 : Operation 18 [1/1] (0.00ns)   --->   "%ret_ln249 = ret" [../hls_files/conv_pool.cpp:249]   --->   Operation 18 'ret' 'ret_ln249' <Predicate = true> <Delay = 0.00>


============================================================
+ Verbose Summary: Binding
============================================================
STG Binding: 
---------------- STG Properties BEGIN ----------------
- Is combinational: 0
- Is one-state seq: 0
- Is datapath-only: 0
- Is pipelined: 0
- Is top level: 0
Port [ Return ] is wired: 1; IO mode=ap_ctrl_hs:ce=0
Port [ Foutmem]:  wired=1; compound=1; hidden=0; nouse=0; global=0; static=0; extern=0; dir=1; type=4; pingpong=0; private_global=0; IO mode=m_axi:ce=0
Port [ flag_out]:  wired=1; compound=0; hidden=0; nouse=0; global=0; static=0; extern=0; dir=0; type=0; pingpong=0; private_global=0; IO mode=ap_none:ce=0
---------------- STG Properties END ------------------

---------------- Datapath Model BEGIN ----------------

<LifeTime>
<method=bitvector/>
flag_out_read     (read         ) [ 00000000]
Foutmem_addr      (getelementptr) [ 00111111]
Foutmem_addr_req  (writereq     ) [ 00000000]
write_ln248       (write        ) [ 00000000]
specinterface_ln0 (specinterface) [ 00000000]
Foutmem_addr_resp (writeresp    ) [ 00000000]
ret_ln249         (ret          ) [ 00000000]
</LifeTime>

<model>

<comp_list>
<comp id="0" class="1000" name="Foutmem">
<pin_list>
<pin id="1" dir="1" index="0" bw="1" slack="0"/>
</pin_list>
<bind>
<StgValue><ssdm name="Foutmem"/><MemPortTyVec>1 </MemPortTyVec>
</StgValue>
</bind>
</comp>

<comp id="2" class="1000" name="flag_out">
<pin_list>
<pin id="3" dir="1" index="0" bw="1" slack="0"/>
</pin_list>
<bind>
<StgValue><ssdm name="flag_out"/></StgValue>
</bind>
</comp>

<comp id="4" class="1001" name="const_4">
<pin_list>
<pin id="5" dir="1" index="0" bw="1" slack="0"/>
</pin_list>
<bind>
<StgValue><ssdm name="_ssdm_op_Read.ap_auto.i64"/></StgValue>
</bind>
</comp>

<comp id="6" class="1001" name="const_6">
<pin_list>
<pin id="7" dir="1" index="0" bw="1" slack="0"/>
</pin_list>
<bind>
<StgValue><ssdm name="_ssdm_op_WriteReq.m_axi.i8P1A"/></StgValue>
</bind>
</comp>

<comp id="8" class="1001" name="const_8">
<pin_list>
<pin id="9" dir="1" index="0" bw="1" slack="0"/>
</pin_list>
<bind>
<StgValue><ssdm name=""/></StgValue>
</bind>
</comp>

<comp id="10" class="1001" name="const_10">
<pin_list>
<pin id="11" dir="1" index="0" bw="1" slack="0"/>
</pin_list>
<bind>
<StgValue><ssdm name="_ssdm_op_Write.m_axi.i8P1A"/></StgValue>
</bind>
</comp>

<comp id="12" class="1001" name="const_12">
<pin_list>
<pin id="13" dir="1" index="0" bw="1" slack="0"/>
</pin_list>
<bind>
<StgValue><ssdm name=""/></StgValue>
</bind>
</comp>

<comp id="14" class="1001" name="const_14">
<pin_list>
<pin id="15" dir="1" index="0" bw="1" slack="0"/>
</pin_list>
<bind>
<StgValue><ssdm name=""/></StgValue>
</bind>
</comp>

<comp id="16" class="1001" name="const_16">
<pin_list>
<pin id="17" dir="1" index="0" bw="1" slack="0"/>
</pin_list>
<bind>
<StgValue><ssdm name="_ssdm_op_WriteResp.m_axi.i8P1A"/></StgValue>
</bind>
</comp>

<comp id="18" class="1001" name="const_18">
<pin_list>
<pin id="19" dir="1" index="0" bw="1" slack="2147483647"/>
</pin_list>
<bind>
<StgValue><ssdm name="_ssdm_op_SpecInterface"/></StgValue>
</bind>
</comp>

<comp id="20" class="1001" name="const_20">
<pin_list>
<pin id="21" dir="1" index="0" bw="1" slack="2147483647"/>
</pin_list>
<bind>
<StgValue><ssdm name="empty_29"/></StgValue>
</bind>
</comp>

<comp id="22" class="1001" name="const_22">
<pin_list>
<pin id="23" dir="1" index="0" bw="1" slack="2147483647"/>
</pin_list>
<bind>
<StgValue><ssdm name=""/></StgValue>
</bind>
</comp>

<comp id="24" class="1001" name="const_24">
<pin_list>
<pin id="25" dir="1" index="0" bw="1" slack="2147483647"/>
</pin_list>
<bind>
<StgValue><ssdm name="empty_20"/></StgValue>
</bind>
</comp>

<comp id="26" class="1001" name="const_26">
<pin_list>
<pin id="27" dir="1" index="0" bw="1" slack="2147483647"/>
</pin_list>
<bind>
<StgValue><ssdm name=""/></StgValue>
</bind>
</comp>

<comp id="28" class="1001" name="const_28">
<pin_list>
<pin id="29" dir="1" index="0" bw="1" slack="2147483647"/>
</pin_list>
<bind>
<StgValue><ssdm name="empty_38"/></StgValue>
</bind>
</comp>

<comp id="30" class="1001" name="const_30">
<pin_list>
<pin id="31" dir="1" index="0" bw="1" slack="2147483647"/>
</pin_list>
<bind>
<StgValue><ssdm name="empty_32"/></StgValue>
</bind>
</comp>

<comp id="32" class="1001" name="const_32">
<pin_list>
<pin id="33" dir="1" index="0" bw="1" slack="2147483647"/>
</pin_list>
<bind>
<StgValue><ssdm name=""/></StgValue>
</bind>
</comp>

<comp id="34" class="1001" name="const_34">
<pin_list>
<pin id="35" dir="1" index="0" bw="1" slack="2147483647"/>
</pin_list>
<bind>
<StgValue><ssdm name=""/></StgValue>
</bind>
</comp>

<comp id="36" class="1004" name="flag_out_read_read_fu_36">
<pin_list>
<pin id="37" dir="0" index="0" bw="64" slack="0"/>
<pin id="38" dir="0" index="1" bw="64" slack="0"/>
<pin id="39" dir="1" index="2" bw="64" slack="0"/>
</pin_list>
<bind>
<opcode="read(1150) " fcode="read"/>
<opset="flag_out_read/1 "/>
</bind>
</comp>

<comp id="42" class="1004" name="Foutmem_addr_req_writereq_fu_42">
<pin_list>
<pin id="43" dir="0" index="0" bw="1" slack="0"/>
<pin id="44" dir="0" index="1" bw="8" slack="0"/>
<pin id="45" dir="0" index="2" bw="1" slack="0"/>
<pin id="46" dir="1" index="3" bw="1" slack="2147483647"/>
</pin_list>
<bind>
<opcode="writereq(1155) " fcode="writereq"/>
<opset="Foutmem_addr_req/1 "/>
</bind>
</comp>

<comp id="49" class="1004" name="write_ln248_write_fu_49">
<pin_list>
<pin id="50" dir="0" index="0" bw="0" slack="0"/>
<pin id="51" dir="0" index="1" bw="8" slack="1"/>
<pin id="52" dir="0" index="2" bw="1" slack="0"/>
<pin id="53" dir="0" index="3" bw="1" slack="0"/>
<pin id="54" dir="1" index="4" bw="0" slack="2147483647"/>
</pin_list>
<bind>
<opcode="write(1151) " fcode="write"/>
<opset="write_ln248/2 "/>
</bind>
</comp>

<comp id="58" class="1004" name="grp_writeresp_fu_58">
<pin_list>
<pin id="59" dir="0" index="0" bw="1" slack="0"/>
<pin id="60" dir="0" index="1" bw="8" slack="2"/>
<pin id="61" dir="1" index="2" bw="1" slack="2147483647"/>
</pin_list>
<bind>
<opcode="writeresp(1158) " fcode="writeresp"/>
<opset="Foutmem_addr_resp/3 "/>
</bind>
</comp>

<comp id="63" class="1004" name="Foutmem_addr_fu_63">
<pin_list>
<pin id="64" dir="0" index="0" bw="8" slack="0"/>
<pin id="65" dir="0" index="1" bw="64" slack="0"/>
<pin id="66" dir="1" index="2" bw="8" slack="0"/>
</pin_list>
<bind>
<opcode="getelementptr(29) " fcode="getelementptr"/>
<opset="Foutmem_addr/1 "/>
</bind>
</comp>

<comp id="70" class="1005" name="Foutmem_addr_reg_70">
<pin_list>
<pin id="71" dir="0" index="0" bw="8" slack="1"/>
<pin id="72" dir="1" index="1" bw="8" slack="1"/>
</pin_list>
<bind>
<opset="Foutmem_addr "/>
</bind>
</comp>

</comp_list>

<net_list>
<net id="40"><net_src comp="4" pin="0"/><net_sink comp="36" pin=0"/></net>

<net id="41"><net_src comp="2" pin="0"/><net_sink comp="36" pin=1"/></net>

<net id="47"><net_src comp="6" pin="0"/><net_sink comp="42" pin=0"/></net>

<net id="48"><net_src comp="8" pin="0"/><net_sink comp="42" pin=2"/></net>

<net id="55"><net_src comp="10" pin="0"/><net_sink comp="49" pin=0"/></net>

<net id="56"><net_src comp="12" pin="0"/><net_sink comp="49" pin=2"/></net>

<net id="57"><net_src comp="14" pin="0"/><net_sink comp="49" pin=3"/></net>

<net id="62"><net_src comp="16" pin="0"/><net_sink comp="58" pin=0"/></net>

<net id="67"><net_src comp="0" pin="0"/><net_sink comp="63" pin=0"/></net>

<net id="68"><net_src comp="36" pin="2"/><net_sink comp="63" pin=1"/></net>

<net id="69"><net_src comp="63" pin="2"/><net_sink comp="42" pin=1"/></net>

<net id="73"><net_src comp="63" pin="2"/><net_sink comp="70" pin=0"/></net>

<net id="74"><net_src comp="70" pin="1"/><net_sink comp="49" pin=1"/></net>

<net id="75"><net_src comp="70" pin="1"/><net_sink comp="58" pin=1"/></net>

</net_list>

</model> 
---------------- Datapath Model END ------------------

* FSMD analyzer results:
  - Output states:
	Port: Foutmem | {1 2 3 4 5 6 7 }
 - Input state : 
	Port: fc2 : flag_out | {1 }
  - Chain level:
	State 1
		Foutmem_addr_req : 1
	State 2
	State 3
	State 4
	State 5
	State 6
	State 7


============================================================
+ Verbose Summary: Datapath Resource usage 
============================================================

* Functional unit list:
|----------|---------------------------------|
| Operation|         Functional Unit         |
|----------|---------------------------------|
|   read   |     flag_out_read_read_fu_36    |
|----------|---------------------------------|
| writereq | Foutmem_addr_req_writereq_fu_42 |
|----------|---------------------------------|
|   write  |     write_ln248_write_fu_49     |
|----------|---------------------------------|
| writeresp|       grp_writeresp_fu_58       |
|----------|---------------------------------|
|   Total  |                                 |
|----------|---------------------------------|

Memories:
N/A

* Register list:
+-------------------+--------+
|                   |   FF   |
+-------------------+--------+
|Foutmem_addr_reg_70|    8   |
+-------------------+--------+
|       Total       |    8   |
+-------------------+--------+

* Multiplexer (MUX) list: 
|--------|------|------|------|--------|
|  Comp  |  Pin | Size |  BW  | S x BW |
|--------|------|------|------|--------|
|  Total |      |      |      |    0   |
|--------|------|------|------|--------|



* Summary:
+-----------+--------+
|           |   FF   |
+-----------+--------+
|  Function |    -   |
|   Memory  |    -   |
|Multiplexer|    -   |
|  Register |    8   |
+-----------+--------+
|   Total   |    8   |
+-----------+--------+
