

================================================================
== Vitis HLS Report for 'fc2'
================================================================
* Date:           Wed Jul  9 22:27:37 2025

* Version:        2025.1 (Build 6135595 on May 21 2025)
* Project:        cnn_accel
* Solution:       hls (Vivado IP Flow Target)
* Product family: artix7
* Target device:  xc7a100t-fgg484-2L


================================================================
== Performance Estimates
================================================================
+ Timing: 
    * Summary: 
    +--------+----------+----------+------------+
    |  Clock |  Target  | Estimated| Uncertainty|
    +--------+----------+----------+------------+
    |ap_clk  |  10.00 ns|  7.300 ns|     2.70 ns|
    +--------+----------+----------+------------+

+ Latency: 
    * Summary: 
    +---------+---------+-----------+-----------+-----+-----+---------+
    |  Latency (cycles) |   Latency (absolute)  |  Interval | Pipeline|
    |   min   |   max   |    min    |    max    | min | max |   Type  |
    +---------+---------+-----------+-----------+-----+-----+---------+
    |        6|        6|  60.000 ns|  60.000 ns|    6|    6|       no|
    +---------+---------+-----------+-----------+-----+-----+---------+

    + Detail: 
        * Instance: 
        N/A

        * Loop: 
        N/A

============================================================
+ Verbose Summary: Synthesis Manager
============================================================
InlineROM: 1
ExposeGlobal: 0
============================================================
+ Verbose Summary: CDFG Model
============================================================
IsTopModel: 0
ResetActiveHigh: 1
IsCombinational: 0
IsDatapathOnly: 0
HasWiredReturn: 1
HasMFsm: 0
HasVarLatency: 1
IsPipeline: 0
IsRtlPipelined: 0
IsInstanceOverlapped: 0
IsDontTouch: 0
HasImplIP: 0
IsGatedGlobalClock: 0


============================================================
+ Verbose Summary: Schedule
============================================================
* Number of FSM states : 7
* Pipeline : 0
* Dataflow Pipeline: 0

* FSM state transitions: 
1 --> 2 
2 --> 3 
3 --> 4 
4 --> 5 
5 --> 6 
6 --> 7 
7 --> 

* FSM state operations: 

State 1 <SV = 0> <Delay = 7.30>
ST_1 : Operation 8 [1/1] (0.00ns)   --->   "%flag_out_read = read i64 @_ssdm_op_Read.ap_auto.i64, i64 %flag_out" [../hls_files/conv_pool.cpp:240]   --->   Operation 8 'read' 'flag_out_read' <Predicate = true> <Delay = 0.00>
ST_1 : Operation 9 [1/1] (0.00ns)   --->   "%Foutmem_addr = getelementptr i8 %Foutmem, i64 %flag_out_read" [../hls_files/conv_pool.cpp:248]   --->   Operation 9 'getelementptr' 'Foutmem_addr' <Predicate = true> <Delay = 0.00>
ST_1 : Operation 10 [1/1] (7.30ns)   --->   "%Foutmem_addr_req = writereq i1 @_ssdm_op_WriteReq.m_axi.i8P1A, i8 %Foutmem_addr, i64 1" [../hls_files/conv_pool.cpp:248]   --->   Operation 10 'writereq' 'Foutmem_addr_req' <Predicate = true> <Delay = 7.30> <CoreInst = "m_axi">   --->   Core 111 'm_axi' <Latency = 9> <II = 1> <Delay = 1.00> <Adapter> <Opcode : 'read' 'write' 'readreq' 'writereq' 'writeresp'>

State 2 <SV = 1> <Delay = 7.30>
ST_2 : Operation 11 [1/1] (7.30ns)   --->   "%write_ln248 = write void @_ssdm_op_Write.m_axi.i8P1A, i8 %Foutmem_addr, i8 0, i1 1" [../hls_files/conv_pool.cpp:248]   --->   Operation 11 'write' 'write_ln248' <Predicate = true> <Delay = 7.30> <CoreInst = "m_axi">   --->   Core 111 'm_axi' <Latency = 5> <II = 1> <Delay = 1.00> <Adapter> <Opcode : 'read' 'write' 'readreq' 'writereq' 'writeresp'>

State 3 <SV = 2> <Delay = 7.30>
ST_3 : Operation 12 [5/5] (7.30ns)   --->   "%Foutmem_addr_resp = writeresp i1 @_ssdm_op_WriteResp.m_axi.i8P1A, i8 %Foutmem_addr" [../hls_files/conv_pool.cpp:248]   --->   Operation 12 'writeresp' 'Foutmem_addr_resp' <Predicate = true> <Delay = 7.30> <CoreInst = "m_axi">   --->   Core 111 'm_axi' <Latency = 3> <II = 1> <Delay = 1.00> <Adapter> <Opcode : 'read' 'write' 'readreq' 'writereq' 'writeresp'>

State 4 <SV = 3> <Delay = 7.30>
ST_4 : Operation 13 [4/5] (7.30ns)   --->   "%Foutmem_addr_resp = writeresp i1 @_ssdm_op_WriteResp.m_axi.i8P1A, i8 %Foutmem_addr" [../hls_files/conv_pool.cpp:248]   --->   Operation 13 'writeresp' 'Foutmem_addr_resp' <Predicate = true> <Delay = 7.30> <CoreInst = "m_axi">   --->   Core 111 'm_axi' <Latency = 3> <II = 1> <Delay = 1.00> <Adapter> <Opcode : 'read' 'write' 'readreq' 'writereq' 'writeresp'>

State 5 <SV = 4> <Delay = 7.30>
ST_5 : Operation 14 [3/5] (7.30ns)   --->   "%Foutmem_addr_resp = writeresp i1 @_ssdm_op_WriteResp.m_axi.i8P1A, i8 %Foutmem_addr" [../hls_files/conv_pool.cpp:248]   --->   Operation 14 'writeresp' 'Foutmem_addr_resp' <Predicate = true> <Delay = 7.30> <CoreInst = "m_axi">   --->   Core 111 'm_axi' <Latency = 3> <II = 1> <Delay = 1.00> <Adapter> <Opcode : 'read' 'write' 'readreq' 'writereq' 'writeresp'>

State 6 <SV = 5> <Delay = 7.30>
ST_6 : Operation 15 [2/5] (7.30ns)   --->   "%Foutmem_addr_resp = writeresp i1 @_ssdm_op_WriteResp.m_axi.i8P1A, i8 %Foutmem_addr" [../hls_files/conv_pool.cpp:248]   --->   Operation 15 'writeresp' 'Foutmem_addr_resp' <Predicate = true> <Delay = 7.30> <CoreInst = "m_axi">   --->   Core 111 'm_axi' <Latency = 3> <II = 1> <Delay = 1.00> <Adapter> <Opcode : 'read' 'write' 'readreq' 'writereq' 'writeresp'>

State 7 <SV = 6> <Delay = 7.30>
ST_7 : Operation 16 [1/1] (0.00ns)   --->   "%specinterface_ln0 = specinterface void @_ssdm_op_SpecInterface, i8 %Foutmem, void @empty_29, i32 0, i32 0, void @empty_20, i32 0, i32 1, void @empty_38, void @empty_32, void @empty_20, i32 16, i32 16, i32 16, i32 16, void @empty_20, void @empty_20, i32 4294967295, i32 0, i32 0"   --->   Operation 16 'specinterface' 'specinterface_ln0' <Predicate = true> <Delay = 0.00>
ST_7 : Operation 17 [1/5] (7.30ns)   --->   "%Foutmem_addr_resp = writeresp i1 @_ssdm_op_WriteResp.m_axi.i8P1A, i8 %Foutmem_addr" [../hls_files/conv_pool.cpp:248]   --->   Operation 17 'writeresp' 'Foutmem_addr_resp' <Predicate = true> <Delay = 7.30> <CoreInst = "m_axi">   --->   Core 111 'm_axi' <Latency = 3> <II = 1> <Delay = 1.00> <Adapter> <Opcode : 'read' 'write' 'readreq' 'writereq' 'writeresp'>
ST_7 : Operation 18 [1/1] (0.00ns)   --->   "%ret_ln249 = ret" [../hls_files/conv_pool.cpp:249]   --->   Operation 18 'ret' 'ret_ln249' <Predicate = true> <Delay = 0.00>


============================================================
+ Verbose Summary: Timing violations
============================================================
Target clock period: 10.000ns, clock uncertainty: 2.700ns.

 <State 1>: 7.300ns
The critical path consists of the following:
	wire read operation ('flag_out_read', ../hls_files/conv_pool.cpp:240) on port 'flag_out' (../hls_files/conv_pool.cpp:240) [4]  (0.000 ns)
	'getelementptr' operation 8 bit ('Foutmem_addr', ../hls_files/conv_pool.cpp:248) [5]  (0.000 ns)
	bus request operation ('Foutmem_addr_req', ../hls_files/conv_pool.cpp:248) on port 'Foutmem' (../hls_files/conv_pool.cpp:248) [6]  (7.300 ns)

 <State 2>: 7.300ns
The critical path consists of the following:
	bus write operation ('write_ln248', ../hls_files/conv_pool.cpp:248) on port 'Foutmem' (../hls_files/conv_pool.cpp:248) [7]  (7.300 ns)

 <State 3>: 7.300ns
The critical path consists of the following:
	bus response operation ('Foutmem_addr_resp', ../hls_files/conv_pool.cpp:248) on port 'Foutmem' (../hls_files/conv_pool.cpp:248) [8]  (7.300 ns)

 <State 4>: 7.300ns
The critical path consists of the following:
	bus response operation ('Foutmem_addr_resp', ../hls_files/conv_pool.cpp:248) on port 'Foutmem' (../hls_files/conv_pool.cpp:248) [8]  (7.300 ns)

 <State 5>: 7.300ns
The critical path consists of the following:
	bus response operation ('Foutmem_addr_resp', ../hls_files/conv_pool.cpp:248) on port 'Foutmem' (../hls_files/conv_pool.cpp:248) [8]  (7.300 ns)

 <State 6>: 7.300ns
The critical path consists of the following:
	bus response operation ('Foutmem_addr_resp', ../hls_files/conv_pool.cpp:248) on port 'Foutmem' (../hls_files/conv_pool.cpp:248) [8]  (7.300 ns)

 <State 7>: 7.300ns
The critical path consists of the following:
	bus response operation ('Foutmem_addr_resp', ../hls_files/conv_pool.cpp:248) on port 'Foutmem' (../hls_files/conv_pool.cpp:248) [8]  (7.300 ns)


============================================================
+ Verbose Summary: Binding
============================================================
N/A
* FSMD analyzer results:
  - Output states:
 - Input state : 
  - Chain level:
	State 1
	State 2
	State 3
	State 4
	State 5
	State 6
	State 7


============================================================
+ Verbose Summary: Datapath Resource usage 
============================================================
N/A
