

================================================================
== Vitis HLS Report for 'fc2_Pipeline_FC2_LOOP'
================================================================
* Date:           Wed Jul  9 07:45:28 2025

* Version:        2025.1 (Build 6135595 on May 21 2025)
* Project:        cnn_accel
* Solution:       hls (Vivado IP Flow Target)
* Product family: artix7
* Target device:  xc7a100t-fgg484-2L


================================================================
== Performance Estimates
================================================================
+ Timing: 
    * Summary: 
    +--------+----------+----------+------------+
    |  Clock |  Target  | Estimated| Uncertainty|
    +--------+----------+----------+------------+
    |ap_clk  |  10.00 ns|  7.838 ns|     2.70 ns|
    +--------+----------+----------+------------+

+ Latency: 
    * Summary: 
    +---------+---------+----------+----------+-----+-----+------------------------------------------------+
    |  Latency (cycles) |  Latency (absolute) |  Interval |                    Pipeline                    |
    |   min   |   max   |    min   |    max   | min | max |                      Type                      |
    +---------+---------+----------+----------+-----+-----+------------------------------------------------+
    |      135|      135|  1.350 us|  1.350 us|  132|  132|  loop auto-rewind stp (delay=0 clock cycles(s))|
    +---------+---------+----------+----------+-----+-----+------------------------------------------------+

    + Detail: 
        * Instance: 
        N/A

        * Loop: 
        +------------+---------+---------+----------+-----------+-----------+------+----------+
        |            |  Latency (cycles) | Iteration|  Initiation Interval  | Trip |          |
        |  Loop Name |   min   |   max   |  Latency |  achieved |   target  | Count| Pipelined|
        +------------+---------+---------+----------+-----------+-----------+------+----------+
        |- FC2_LOOP  |      133|      133|        10|          4|          3|    32|       yes|
        +------------+---------+---------+----------+-----------+-----------+------+----------+

============================================================
+ Verbose Summary: Synthesis Manager
============================================================
InlineROM: 1
ExposeGlobal: 0
============================================================
+ Verbose Summary: CDFG Model
============================================================
IsTopModel: 0
ResetActiveHigh: 1
IsCombinational: 0
IsDatapathOnly: 0
HasWiredReturn: 1
HasMFsm: 2
HasVarLatency: 1
IsPipeline: 0
IsRtlPipelined: 0
IsInstanceOverlapped: 0
IsDontTouch: 0
HasImplIP: 0
IsGatedGlobalClock: 0

+ Individual pipeline summary: 
  * Pipeline-0: initiation interval (II) = 4, depth = 10


============================================================
+ Verbose Summary: Schedule
============================================================
* Number of FSM states : 10
* Pipeline : 1
  Pipeline-0 : II = 4, D = 10, States = { 1 2 3 4 5 6 7 8 9 10 }
* Dataflow Pipeline: 0

* FSM state transitions: 
1 --> 2 
2 --> 3 
3 --> 4 
4 --> 5 
5 --> 6 
6 --> 7 
7 --> 8 
8 --> 9 
9 --> 10 
10 --> 

* FSM state operations: 

State 1 <SV = 0> <Delay = 4.25>
ST_1 : Operation 13 [1/1] (0.00ns)   --->   "%acc2_1 = alloca i32 1" [../hls_files/conv_pool.cpp:342]   --->   Operation 13 'alloca' 'acc2_1' <Predicate = true> <Delay = 0.00>
ST_1 : Operation 14 [1/1] (0.00ns)   --->   "%i = alloca i32 1" [../hls_files/conv_pool.cpp:343]   --->   Operation 14 'alloca' 'i' <Predicate = true> <Delay = 0.00>
ST_1 : Operation 15 [1/1] (0.00ns)   --->   "%cnn_accel_fc2_w_local_long_unsigned_int128_signed_char_double_read_s = read i32 @_ssdm_op_Read.ap_auto.float, i32 %cnn_accel_fc2_w_local"   --->   Operation 15 'read' 'cnn_accel_fc2_w_local_long_unsigned_int128_signed_char_double_read_s' <Predicate = true> <Delay = 0.00>
ST_1 : Operation 16 [1/1] (0.00ns)   --->   "%p_ZZ9cnn_accelE11fc2_w_local_30_load_read = read i32 @_ssdm_op_Read.ap_auto.float, i32 %p_ZZ9cnn_accelE11fc2_w_local_30_load"   --->   Operation 16 'read' 'p_ZZ9cnn_accelE11fc2_w_local_30_load_read' <Predicate = true> <Delay = 0.00>
ST_1 : Operation 17 [1/1] (0.00ns)   --->   "%cnn_accel_fc2_w_local_84 = read i32 @_ssdm_op_Read.ap_auto.float, i32 %p_ZZ9cnn_accelE11fc2_w_local_29_load"   --->   Operation 17 'read' 'cnn_accel_fc2_w_local_84' <Predicate = true> <Delay = 0.00>
ST_1 : Operation 18 [1/1] (0.00ns)   --->   "%cnn_accel_fc2_w_local_85 = read i32 @_ssdm_op_Read.ap_auto.float, i32 %p_ZZ9cnn_accelE11fc2_w_local_28_load"   --->   Operation 18 'read' 'cnn_accel_fc2_w_local_85' <Predicate = true> <Delay = 0.00>
ST_1 : Operation 19 [1/1] (0.00ns)   --->   "%cnn_accel_fc2_w_local_86 = read i32 @_ssdm_op_Read.ap_auto.float, i32 %p_ZZ9cnn_accelE11fc2_w_local_27_load"   --->   Operation 19 'read' 'cnn_accel_fc2_w_local_86' <Predicate = true> <Delay = 0.00>
ST_1 : Operation 20 [1/1] (0.00ns)   --->   "%cnn_accel_fc2_w_local_87 = read i32 @_ssdm_op_Read.ap_auto.float, i32 %p_ZZ9cnn_accelE11fc2_w_local_26_load"   --->   Operation 20 'read' 'cnn_accel_fc2_w_local_87' <Predicate = true> <Delay = 0.00>
ST_1 : Operation 21 [1/1] (0.00ns)   --->   "%cnn_accel_fc2_w_local_load_read_s = read i32 @_ssdm_op_Read.ap_auto.float, i32 %cnn_accel_fc2_w_local_83"   --->   Operation 21 'read' 'cnn_accel_fc2_w_local_load_read_s' <Predicate = true> <Delay = 0.00>
ST_1 : Operation 22 [1/1] (0.00ns)   --->   "%cnn_accel_fc2_w_local_loa_double_read_s = read i32 @_ssdm_op_Read.ap_auto.float, i32 %cnn_accel_fc2_w_local_82"   --->   Operation 22 'read' 'cnn_accel_fc2_w_local_loa_double_read_s' <Predicate = true> <Delay = 0.00>
ST_1 : Operation 23 [1/1] (0.00ns)   --->   "%cnn_accel_fc2_w_local_lo_signed_char_double_read_s = read i32 @_ssdm_op_Read.ap_auto.float, i32 %cnn_accel_fc2_w_local_81"   --->   Operation 23 'read' 'cnn_accel_fc2_w_local_lo_signed_char_double_read_s' <Predicate = true> <Delay = 0.00>
ST_1 : Operation 24 [1/1] (0.00ns)   --->   "%cnn_accel_fc2_w_local_l_unsigned_int128_signed_char_double_read_s = read i32 @_ssdm_op_Read.ap_auto.float, i32 %cnn_accel_fc2_w_local_80"   --->   Operation 24 'read' 'cnn_accel_fc2_w_local_l_unsigned_int128_signed_char_double_read_s' <Predicate = true> <Delay = 0.00>
ST_1 : Operation 25 [1/1] (0.00ns)   --->   "%cnn_accel_fc2_w_local_long_unsigned_int128_signed_char_double_read_s_88 = read i32 @_ssdm_op_Read.ap_auto.float, i32 %cnn_accel_fc2_w_local_79"   --->   Operation 25 'read' 'cnn_accel_fc2_w_local_long_unsigned_int128_signed_char_double_read_s_88' <Predicate = true> <Delay = 0.00>
ST_1 : Operation 26 [1/1] (0.00ns)   --->   "%p_ZZ9cnn_accelE11fc2_w_local_20_load_read = read i32 @_ssdm_op_Read.ap_auto.float, i32 %p_ZZ9cnn_accelE11fc2_w_local_20_load"   --->   Operation 26 'read' 'p_ZZ9cnn_accelE11fc2_w_local_20_load_read' <Predicate = true> <Delay = 0.00>
ST_1 : Operation 27 [1/1] (0.00ns)   --->   "%cnn_accel_fc2_w_local_89 = read i32 @_ssdm_op_Read.ap_auto.float, i32 %p_ZZ9cnn_accelE11fc2_w_local_19_load"   --->   Operation 27 'read' 'cnn_accel_fc2_w_local_89' <Predicate = true> <Delay = 0.00>
ST_1 : Operation 28 [1/1] (0.00ns)   --->   "%cnn_accel_fc2_w_local_90 = read i32 @_ssdm_op_Read.ap_auto.float, i32 %p_ZZ9cnn_accelE11fc2_w_local_18_load"   --->   Operation 28 'read' 'cnn_accel_fc2_w_local_90' <Predicate = true> <Delay = 0.00>
ST_1 : Operation 29 [1/1] (0.00ns)   --->   "%cnn_accel_fc2_w_local_91 = read i32 @_ssdm_op_Read.ap_auto.float, i32 %p_ZZ9cnn_accelE11fc2_w_local_17_load"   --->   Operation 29 'read' 'cnn_accel_fc2_w_local_91' <Predicate = true> <Delay = 0.00>
ST_1 : Operation 30 [1/1] (0.00ns)   --->   "%cnn_accel_fc2_w_local_92 = read i32 @_ssdm_op_Read.ap_auto.float, i32 %p_ZZ9cnn_accelE11fc2_w_local_16_load"   --->   Operation 30 'read' 'cnn_accel_fc2_w_local_92' <Predicate = true> <Delay = 0.00>
ST_1 : Operation 31 [1/1] (0.00ns)   --->   "%cnn_accel_fc2_w_local_load_read_s_93 = read i32 @_ssdm_op_Read.ap_auto.float, i32 %cnn_accel_fc2_w_local_78"   --->   Operation 31 'read' 'cnn_accel_fc2_w_local_load_read_s_93' <Predicate = true> <Delay = 0.00>
ST_1 : Operation 32 [1/1] (0.00ns)   --->   "%cnn_accel_fc2_w_local_loa_double_read_s_94 = read i32 @_ssdm_op_Read.ap_auto.float, i32 %cnn_accel_fc2_w_local_77"   --->   Operation 32 'read' 'cnn_accel_fc2_w_local_loa_double_read_s_94' <Predicate = true> <Delay = 0.00>
ST_1 : Operation 33 [1/1] (0.00ns)   --->   "%cnn_accel_fc2_w_local_lo_signed_char_double_read_s_95 = read i32 @_ssdm_op_Read.ap_auto.float, i32 %cnn_accel_fc2_w_local_76"   --->   Operation 33 'read' 'cnn_accel_fc2_w_local_lo_signed_char_double_read_s_95' <Predicate = true> <Delay = 0.00>
ST_1 : Operation 34 [1/1] (0.00ns)   --->   "%cnn_accel_fc2_w_local_l_unsigned_int128_signed_char_double_read_s_96 = read i32 @_ssdm_op_Read.ap_auto.float, i32 %cnn_accel_fc2_w_local_75"   --->   Operation 34 'read' 'cnn_accel_fc2_w_local_l_unsigned_int128_signed_char_double_read_s_96' <Predicate = true> <Delay = 0.00>
ST_1 : Operation 35 [1/1] (0.00ns)   --->   "%cnn_accel_fc2_w_local_long_unsigned_int128_signed_char_double_read_s_97 = read i32 @_ssdm_op_Read.ap_auto.float, i32 %cnn_accel_fc2_w_local_74"   --->   Operation 35 'read' 'cnn_accel_fc2_w_local_long_unsigned_int128_signed_char_double_read_s_97' <Predicate = true> <Delay = 0.00>
ST_1 : Operation 36 [1/1] (0.00ns)   --->   "%p_ZZ9cnn_accelE11fc2_w_local_10_load_read = read i32 @_ssdm_op_Read.ap_auto.float, i32 %p_ZZ9cnn_accelE11fc2_w_local_10_load"   --->   Operation 36 'read' 'p_ZZ9cnn_accelE11fc2_w_local_10_load_read' <Predicate = true> <Delay = 0.00>
ST_1 : Operation 37 [1/1] (0.00ns)   --->   "%fc2_w_local_59_load_read = read i32 @_ssdm_op_Read.ap_auto.float, i32 %fc2_w_local_59_load"   --->   Operation 37 'read' 'fc2_w_local_59_load_read' <Predicate = true> <Delay = 0.00>
ST_1 : Operation 38 [1/1] (0.00ns)   --->   "%fc2_w_local_58_load_read = read i32 @_ssdm_op_Read.ap_auto.float, i32 %fc2_w_local_58_load"   --->   Operation 38 'read' 'fc2_w_local_58_load_read' <Predicate = true> <Delay = 0.00>
ST_1 : Operation 39 [1/1] (0.00ns)   --->   "%fc2_w_local_57_load_read = read i32 @_ssdm_op_Read.ap_auto.float, i32 %fc2_w_local_57_load"   --->   Operation 39 'read' 'fc2_w_local_57_load_read' <Predicate = true> <Delay = 0.00>
ST_1 : Operation 40 [1/1] (0.00ns)   --->   "%fc2_w_local_56_load_read = read i32 @_ssdm_op_Read.ap_auto.float, i32 %fc2_w_local_56_load"   --->   Operation 40 'read' 'fc2_w_local_56_load_read' <Predicate = true> <Delay = 0.00>
ST_1 : Operation 41 [1/1] (0.00ns)   --->   "%fc2_w_local_55_load_read = read i32 @_ssdm_op_Read.ap_auto.float, i32 %fc2_w_local_55_load"   --->   Operation 41 'read' 'fc2_w_local_55_load_read' <Predicate = true> <Delay = 0.00>
ST_1 : Operation 42 [1/1] (0.00ns)   --->   "%fc2_w_local_54_load_read = read i32 @_ssdm_op_Read.ap_auto.float, i32 %fc2_w_local_54_load"   --->   Operation 42 'read' 'fc2_w_local_54_load_read' <Predicate = true> <Delay = 0.00>
ST_1 : Operation 43 [1/1] (0.00ns)   --->   "%fc2_w_local_53_load_read = read i32 @_ssdm_op_Read.ap_auto.float, i32 %fc2_w_local_53_load"   --->   Operation 43 'read' 'fc2_w_local_53_load_read' <Predicate = true> <Delay = 0.00>
ST_1 : Operation 44 [1/1] (0.00ns)   --->   "%fc2_w_local_52_load_read = read i32 @_ssdm_op_Read.ap_auto.float, i32 %fc2_w_local_52_load"   --->   Operation 44 'read' 'fc2_w_local_52_load_read' <Predicate = true> <Delay = 0.00>
ST_1 : Operation 45 [1/1] (0.00ns)   --->   "%fc2_w_local_51_load_read = read i32 @_ssdm_op_Read.ap_auto.float, i32 %fc2_w_local_51_load"   --->   Operation 45 'read' 'fc2_w_local_51_load_read' <Predicate = true> <Delay = 0.00>
ST_1 : Operation 46 [1/1] (0.00ns)   --->   "%fc2_w_local_load_read = read i32 @_ssdm_op_Read.ap_auto.float, i32 %fc2_w_local_load"   --->   Operation 46 'read' 'fc2_w_local_load_read' <Predicate = true> <Delay = 0.00>
ST_1 : Operation 47 [1/1] (0.00ns)   --->   "%acc2_read = read i32 @_ssdm_op_Read.ap_auto.float, i32 %acc2"   --->   Operation 47 'read' 'acc2_read' <Predicate = true> <Delay = 0.00>
ST_1 : Operation 48 [1/1] (1.32ns)   --->   "%store_ln343 = store i6 0, i6 %i" [../hls_files/conv_pool.cpp:343]   --->   Operation 48 'store' 'store_ln343' <Predicate = true> <Delay = 1.32>
ST_1 : Operation 49 [1/1] (1.32ns)   --->   "%store_ln342 = store i32 %acc2_read, i32 %acc2_1" [../hls_files/conv_pool.cpp:342]   --->   Operation 49 'store' 'store_ln342' <Predicate = true> <Delay = 1.32>
ST_1 : Operation 50 [1/1] (0.00ns)   --->   "%br_ln0 = br void %for.inc.i"   --->   Operation 50 'br' 'br_ln0' <Predicate = true> <Delay = 0.00>
ST_1 : Operation 51 [1/1] (0.00ns)   --->   "%i_1 = load i6 %i" [../hls_files/conv_pool.cpp:343]   --->   Operation 51 'load' 'i_1' <Predicate = true> <Delay = 0.00>
ST_1 : Operation 52 [1/1] (1.60ns)   --->   "%icmp_ln343 = icmp_eq  i6 %i_1, i6 32" [../hls_files/conv_pool.cpp:343]   --->   Operation 52 'icmp' 'icmp_ln343' <Predicate = true> <Delay = 1.60> <CoreInst = "Cmp">   --->   Core 9 'Cmp' <Latency = 0> <II = 1> <Delay = 1.60> <FuncUnit> <Opcode : 'seteq' 'setne' 'setle' 'setge' 'setlt' 'setgt'> <InPorts = 2> <OutPorts = 1>
ST_1 : Operation 53 [1/1] (1.60ns)   --->   "%add_ln343 = add i6 %i_1, i6 1" [../hls_files/conv_pool.cpp:343]   --->   Operation 53 'add' 'add_ln343' <Predicate = true> <Delay = 1.60> <CoreInst = "Adder">   --->   Core 1 'Adder' <Latency = 0> <II = 1> <Delay = 1.60> <FuncUnit> <Opcode : 'add' 'sub'> <InPorts = 2> <OutPorts = 1>
ST_1 : Operation 54 [1/1] (0.00ns)   --->   "%br_ln343 = br i1 %icmp_ln343, void %for.inc.split.i, void %fc2.exit.exitStub" [../hls_files/conv_pool.cpp:343]   --->   Operation 54 'br' 'br_ln343' <Predicate = true> <Delay = 0.00>
ST_1 : Operation 55 [1/1] (0.00ns)   --->   "%zext_ln343 = zext i6 %i_1" [../hls_files/conv_pool.cpp:343]   --->   Operation 55 'zext' 'zext_ln343' <Predicate = (!icmp_ln343)> <Delay = 0.00>
ST_1 : Operation 56 [1/1] (0.00ns)   --->   "%trunc_ln343 = trunc i6 %i_1" [../hls_files/conv_pool.cpp:343]   --->   Operation 56 'trunc' 'trunc_ln343' <Predicate = (!icmp_ln343)> <Delay = 0.00>
ST_1 : Operation 57 [1/1] (0.00ns)   --->   "%vec2_addr = getelementptr i32 %vec2, i64 0, i64 %zext_ln343" [../hls_files/conv_pool.cpp:345]   --->   Operation 57 'getelementptr' 'vec2_addr' <Predicate = (!icmp_ln343)> <Delay = 0.00>
ST_1 : Operation 58 [2/2] (2.77ns)   --->   "%vec2_load = load i5 %vec2_addr" [../hls_files/conv_pool.cpp:345]   --->   Operation 58 'load' 'vec2_load' <Predicate = (!icmp_ln343)> <Delay = 2.77> <CoreInst = "RAM">   --->   Core 81 'RAM' <Latency = 1> <II = 1> <Delay = 2.77> <Storage> <Opcode : 'load' 'store'> <Ports = 2> <Width = 32> <Depth = 32> <RAM>
ST_1 : Operation 59 [1/1] (2.45ns)   --->   "%tmp_1_i = sparsemux i32 @_ssdm_op_SparseMux.ap_auto.32float.float.i5, i5 0, i32 %fc2_w_local_load_read, i5 1, i32 %fc2_w_local_51_load_read, i5 2, i32 %fc2_w_local_52_load_read, i5 3, i32 %fc2_w_local_53_load_read, i5 4, i32 %fc2_w_local_54_load_read, i5 5, i32 %fc2_w_local_55_load_read, i5 6, i32 %fc2_w_local_56_load_read, i5 7, i32 %fc2_w_local_57_load_read, i5 8, i32 %fc2_w_local_58_load_read, i5 9, i32 %fc2_w_local_59_load_read, i5 10, i32 %p_ZZ9cnn_accelE11fc2_w_local_10_load_read, i5 11, i32 %cnn_accel_fc2_w_local_long_unsigned_int128_signed_char_double_read_s_97, i5 12, i32 %cnn_accel_fc2_w_local_l_unsigned_int128_signed_char_double_read_s_96, i5 13, i32 %cnn_accel_fc2_w_local_lo_signed_char_double_read_s_95, i5 14, i32 %cnn_accel_fc2_w_local_loa_double_read_s_94, i5 15, i32 %cnn_accel_fc2_w_local_load_read_s_93, i5 16, i32 %cnn_accel_fc2_w_local_92, i5 17, i32 %cnn_accel_fc2_w_local_91, i5 18, i32 %cnn_accel_fc2_w_local_90, i5 19, i32 %cnn_accel_fc2_w_local_89, i5 20, i32 %p_ZZ9cnn_accelE11fc2_w_local_20_load_read, i5 21, i32 %cnn_accel_fc2_w_local_long_unsigned_int128_signed_char_double_read_s_88, i5 22, i32 %cnn_accel_fc2_w_local_l_unsigned_int128_signed_char_double_read_s, i5 23, i32 %cnn_accel_fc2_w_local_lo_signed_char_double_read_s, i5 24, i32 %cnn_accel_fc2_w_local_loa_double_read_s, i5 25, i32 %cnn_accel_fc2_w_local_load_read_s, i5 26, i32 %cnn_accel_fc2_w_local_87, i5 27, i32 %cnn_accel_fc2_w_local_86, i5 28, i32 %cnn_accel_fc2_w_local_85, i5 29, i32 %cnn_accel_fc2_w_local_84, i5 30, i32 %p_ZZ9cnn_accelE11fc2_w_local_30_load_read, i5 31, i32 %cnn_accel_fc2_w_local_long_unsigned_int128_signed_char_double_read_s, i32 <undef>, i5 %trunc_ln343" [../hls_files/conv_pool.cpp:345]   --->   Operation 59 'sparsemux' 'tmp_1_i' <Predicate = (!icmp_ln343)> <Delay = 2.45> <CoreInst = "BinarySparseMux_DontCare">   --->   Core 137 'BinarySparseMux_DontCare' <Latency = 0> <II = 1> <Delay = 2.45> <FuncUnit> <Opcode : 'sparsemux'> <InPorts = 2> <OutPorts = 1>
ST_1 : Operation 60 [1/1] (1.32ns)   --->   "%store_ln343 = store i6 %add_ln343, i6 %i" [../hls_files/conv_pool.cpp:343]   --->   Operation 60 'store' 'store_ln343' <Predicate = (!icmp_ln343)> <Delay = 1.32>

State 2 <SV = 1> <Delay = 7.78>
ST_2 : Operation 61 [1/2] ( I:2.77ns O:2.77ns )   --->   "%vec2_load = load i5 %vec2_addr" [../hls_files/conv_pool.cpp:345]   --->   Operation 61 'load' 'vec2_load' <Predicate = (!icmp_ln343)> <Delay = 2.77> <CoreInst = "RAM">   --->   Core 81 'RAM' <Latency = 1> <II = 1> <Delay = 2.77> <Storage> <Opcode : 'load' 'store'> <Ports = 2> <Width = 32> <Depth = 32> <RAM>
ST_2 : Operation 62 [4/4] (5.00ns)   --->   "%mul_i = fmul i32 %vec2_load, i32 %tmp_1_i" [../hls_files/conv_pool.cpp:345]   --->   Operation 62 'fmul' 'mul_i' <Predicate = (!icmp_ln343)> <Delay = 5.00> <CoreInst = "FMul_maxdsp">   --->   Core 30 'FMul_maxdsp' <Latency = 3> <II = 1> <Delay = 5.00> <FuncUnit> <Opcode : 'fmul'> <InPorts = 2> <OutPorts = 1>

State 3 <SV = 2> <Delay = 5.00>
ST_3 : Operation 63 [3/4] (5.00ns)   --->   "%mul_i = fmul i32 %vec2_load, i32 %tmp_1_i" [../hls_files/conv_pool.cpp:345]   --->   Operation 63 'fmul' 'mul_i' <Predicate = (!icmp_ln343)> <Delay = 5.00> <CoreInst = "FMul_maxdsp">   --->   Core 30 'FMul_maxdsp' <Latency = 3> <II = 1> <Delay = 5.00> <FuncUnit> <Opcode : 'fmul'> <InPorts = 2> <OutPorts = 1>

State 4 <SV = 3> <Delay = 5.00>
ST_4 : Operation 64 [2/4] (5.00ns)   --->   "%mul_i = fmul i32 %vec2_load, i32 %tmp_1_i" [../hls_files/conv_pool.cpp:345]   --->   Operation 64 'fmul' 'mul_i' <Predicate = (!icmp_ln343)> <Delay = 5.00> <CoreInst = "FMul_maxdsp">   --->   Core 30 'FMul_maxdsp' <Latency = 3> <II = 1> <Delay = 5.00> <FuncUnit> <Opcode : 'fmul'> <InPorts = 2> <OutPorts = 1>

State 5 <SV = 4> <Delay = 5.00>
ST_5 : Operation 65 [1/4] (5.00ns)   --->   "%mul_i = fmul i32 %vec2_load, i32 %tmp_1_i" [../hls_files/conv_pool.cpp:345]   --->   Operation 65 'fmul' 'mul_i' <Predicate = true> <Delay = 5.00> <CoreInst = "FMul_maxdsp">   --->   Core 30 'FMul_maxdsp' <Latency = 3> <II = 1> <Delay = 5.00> <FuncUnit> <Opcode : 'fmul'> <InPorts = 2> <OutPorts = 1>

State 6 <SV = 5> <Delay = 6.51>
ST_6 : Operation 66 [1/1] (0.00ns)   --->   "%acc2_1_load = load i32 %acc2_1" [../hls_files/conv_pool.cpp:345]   --->   Operation 66 'load' 'acc2_1_load' <Predicate = true> <Delay = 0.00>
ST_6 : Operation 67 [5/5] (6.51ns)   --->   "%acc2_2 = fadd i32 %acc2_1_load, i32 %mul_i" [../hls_files/conv_pool.cpp:345]   --->   Operation 67 'fadd' 'acc2_2' <Predicate = true> <Delay = 6.51> <CoreInst = "FAddSub_fulldsp">   --->   Core 18 'FAddSub_fulldsp' <Latency = 4> <II = 1> <Delay = 6.51> <FuncUnit> <Opcode : 'fadd' 'fsub'> <InPorts = 2> <OutPorts = 1>
ST_6 : Operation 77 [1/1] (0.00ns)   --->   "%acc2_1_load_1 = load i32 %acc2_1"   --->   Operation 77 'load' 'acc2_1_load_1' <Predicate = (icmp_ln343)> <Delay = 0.00>
ST_6 : Operation 78 [1/1] (0.00ns)   --->   "%write_ln0 = write void @_ssdm_op_Write.ap_auto.floatP0A, i32 %acc2_1_out, i32 %acc2_1_load_1"   --->   Operation 78 'write' 'write_ln0' <Predicate = (icmp_ln343)> <Delay = 0.00>
ST_6 : Operation 79 [1/1] (1.32ns)   --->   "%ret_ln0 = ret"   --->   Operation 79 'ret' 'ret_ln0' <Predicate = (icmp_ln343)> <Delay = 1.32>

State 7 <SV = 6> <Delay = 6.51>
ST_7 : Operation 68 [4/5] (6.51ns)   --->   "%acc2_2 = fadd i32 %acc2_1_load, i32 %mul_i" [../hls_files/conv_pool.cpp:345]   --->   Operation 68 'fadd' 'acc2_2' <Predicate = true> <Delay = 6.51> <CoreInst = "FAddSub_fulldsp">   --->   Core 18 'FAddSub_fulldsp' <Latency = 4> <II = 1> <Delay = 6.51> <FuncUnit> <Opcode : 'fadd' 'fsub'> <InPorts = 2> <OutPorts = 1>

State 8 <SV = 7> <Delay = 6.51>
ST_8 : Operation 69 [3/5] (6.51ns)   --->   "%acc2_2 = fadd i32 %acc2_1_load, i32 %mul_i" [../hls_files/conv_pool.cpp:345]   --->   Operation 69 'fadd' 'acc2_2' <Predicate = true> <Delay = 6.51> <CoreInst = "FAddSub_fulldsp">   --->   Core 18 'FAddSub_fulldsp' <Latency = 4> <II = 1> <Delay = 6.51> <FuncUnit> <Opcode : 'fadd' 'fsub'> <InPorts = 2> <OutPorts = 1>

State 9 <SV = 8> <Delay = 6.51>
ST_9 : Operation 70 [2/5] (6.51ns)   --->   "%acc2_2 = fadd i32 %acc2_1_load, i32 %mul_i" [../hls_files/conv_pool.cpp:345]   --->   Operation 70 'fadd' 'acc2_2' <Predicate = true> <Delay = 6.51> <CoreInst = "FAddSub_fulldsp">   --->   Core 18 'FAddSub_fulldsp' <Latency = 4> <II = 1> <Delay = 6.51> <FuncUnit> <Opcode : 'fadd' 'fsub'> <InPorts = 2> <OutPorts = 1>

State 10 <SV = 9> <Delay = 7.83>
ST_10 : Operation 71 [1/1] (0.00ns)   --->   "%specpipeline_ln344 = specpipeline void @_ssdm_op_SpecPipeline, i32 3, i32 0, i32 0, i32 0, void @empty_19" [../hls_files/conv_pool.cpp:344]   --->   Operation 71 'specpipeline' 'specpipeline_ln344' <Predicate = true> <Delay = 0.00>
ST_10 : Operation 72 [1/1] (0.00ns)   --->   "%speclooptripcount_ln342 = speclooptripcount void @_ssdm_op_SpecLoopTripCount, i64 32, i64 32, i64 32" [../hls_files/conv_pool.cpp:342]   --->   Operation 72 'speclooptripcount' 'speclooptripcount_ln342' <Predicate = true> <Delay = 0.00>
ST_10 : Operation 73 [1/1] (0.00ns)   --->   "%specloopname_ln343 = specloopname void @_ssdm_op_SpecLoopName, void @empty_3" [../hls_files/conv_pool.cpp:343]   --->   Operation 73 'specloopname' 'specloopname_ln343' <Predicate = true> <Delay = 0.00>
ST_10 : Operation 74 [1/5] (6.51ns)   --->   "%acc2_2 = fadd i32 %acc2_1_load, i32 %mul_i" [../hls_files/conv_pool.cpp:345]   --->   Operation 74 'fadd' 'acc2_2' <Predicate = true> <Delay = 6.51> <CoreInst = "FAddSub_fulldsp">   --->   Core 18 'FAddSub_fulldsp' <Latency = 4> <II = 1> <Delay = 6.51> <FuncUnit> <Opcode : 'fadd' 'fsub'> <InPorts = 2> <OutPorts = 1>
ST_10 : Operation 75 [1/1] (1.32ns)   --->   "%store_ln342 = store i32 %acc2_2, i32 %acc2_1" [../hls_files/conv_pool.cpp:342]   --->   Operation 75 'store' 'store_ln342' <Predicate = true> <Delay = 1.32>
ST_10 : Operation 76 [1/1] (0.00ns)   --->   "%br_ln343 = br void %for.inc.i" [../hls_files/conv_pool.cpp:343]   --->   Operation 76 'br' 'br_ln343' <Predicate = true> <Delay = 0.00>


============================================================
+ Verbose Summary: Timing violations
============================================================
Target clock period: 10.000ns, clock uncertainty: 2.700ns.

 <State 1>: 4.253ns
The critical path consists of the following:
	'store' operation 0 bit ('store_ln343', ../hls_files/conv_pool.cpp:343) of constant 0 on local variable 'i', ../hls_files/conv_pool.cpp:343 [71]  (1.324 ns)
	'load' operation 6 bit ('i', ../hls_files/conv_pool.cpp:343) on local variable 'i', ../hls_files/conv_pool.cpp:343 [75]  (0.000 ns)
	'add' operation 6 bit ('add_ln343', ../hls_files/conv_pool.cpp:343) [77]  (1.605 ns)
	'store' operation 0 bit ('store_ln343', ../hls_files/conv_pool.cpp:343) of variable 'add_ln343', ../hls_files/conv_pool.cpp:343 on local variable 'i', ../hls_files/conv_pool.cpp:343 [91]  (1.324 ns)

 <State 2>: 7.780ns
The critical path consists of the following:
	'load' operation 32 bit ('vec2_load', ../hls_files/conv_pool.cpp:345) on array 'vec2' [87]  (2.772 ns)
	'fmul' operation 32 bit ('mul_i', ../hls_files/conv_pool.cpp:345) [89]  (5.008 ns)

 <State 3>: 5.008ns
The critical path consists of the following:
	'fmul' operation 32 bit ('mul_i', ../hls_files/conv_pool.cpp:345) [89]  (5.008 ns)

 <State 4>: 5.008ns
The critical path consists of the following:
	'fmul' operation 32 bit ('mul_i', ../hls_files/conv_pool.cpp:345) [89]  (5.008 ns)

 <State 5>: 5.008ns
The critical path consists of the following:
	'fmul' operation 32 bit ('mul_i', ../hls_files/conv_pool.cpp:345) [89]  (5.008 ns)

 <State 6>: 6.514ns
The critical path consists of the following:
	'load' operation 32 bit ('acc2_1_load', ../hls_files/conv_pool.cpp:345) on local variable 'acc2', ../hls_files/conv_pool.cpp:342 [80]  (0.000 ns)
	'fadd' operation 32 bit ('acc2', ../hls_files/conv_pool.cpp:345) [90]  (6.514 ns)

 <State 7>: 6.514ns
The critical path consists of the following:
	'fadd' operation 32 bit ('acc2', ../hls_files/conv_pool.cpp:345) [90]  (6.514 ns)

 <State 8>: 6.514ns
The critical path consists of the following:
	'fadd' operation 32 bit ('acc2', ../hls_files/conv_pool.cpp:345) [90]  (6.514 ns)

 <State 9>: 6.514ns
The critical path consists of the following:
	'fadd' operation 32 bit ('acc2', ../hls_files/conv_pool.cpp:345) [90]  (6.514 ns)

 <State 10>: 7.838ns
The critical path consists of the following:
	'fadd' operation 32 bit ('acc2', ../hls_files/conv_pool.cpp:345) [90]  (6.514 ns)
	'store' operation 0 bit ('store_ln342', ../hls_files/conv_pool.cpp:342) of variable 'acc2', ../hls_files/conv_pool.cpp:345 on local variable 'acc2', ../hls_files/conv_pool.cpp:342 [92]  (1.324 ns)


============================================================
+ Verbose Summary: Binding
============================================================
N/A
* FSMD analyzer results:
  - Output states:
 - Input state : 
  - Chain level:
	State 1
	State 2
	State 3
	State 4
	State 5
	State 6
	State 7
	State 8
	State 9
	State 10


============================================================
+ Verbose Summary: Datapath Resource usage 
============================================================
N/A
