

================================================================
== Vitis HLS Report for 'flatten'
================================================================
* Date:           Tue Jul  8 00:39:56 2025

* Version:        2025.1 (Build 6135595 on May 21 2025)
* Project:        cnn_accel
* Solution:       hls (Vivado IP Flow Target)
* Product family: artix7
* Target device:  xc7a100t-fgg484-2L


================================================================
== Performance Estimates
================================================================
+ Timing: 
    * Summary: 
    +--------+----------+----------+------------+
    |  Clock |  Target  | Estimated| Uncertainty|
    +--------+----------+----------+------------+
    |ap_clk  |  10.00 ns|  6.918 ns|     2.70 ns|
    +--------+----------+----------+------------+

+ Latency: 
    * Summary: 
    +---------+---------+----------+----------+--------+--------+------------------------------------------------+
    |  Latency (cycles) |  Latency (absolute) |     Interval    |                    Pipeline                    |
    |   min   |   max   |    min   |    max   |   min  |   max  |                      Type                      |
    +---------+---------+----------+----------+--------+--------+------------------------------------------------+
    |   217155|   217155|  2.172 ms|  2.172 ms|  217156|  217156|  loop auto-rewind stp (delay=4 clock cycles(s))|
    +---------+---------+----------+----------+--------+--------+------------------------------------------------+

    + Detail: 
        * Instance: 
        N/A

        * Loop: 
        +---------------------------------------------+---------+---------+----------+-----------+-----------+-------+----------+
        |                                             |  Latency (cycles) | Iteration|  Initiation Interval  |  Trip |          |
        |                  Loop Name                  |   min   |   max   |  Latency |  achieved |   target  | Count | Pipelined|
        +---------------------------------------------+---------+---------+----------+-----------+-----------+-------+----------+
        |- FLATTEN_VITIS_LOOP_252_1_VITIS_LOOP_253_2  |   217153|   217153|         5|          3|          3|  72384|       yes|
        +---------------------------------------------+---------+---------+----------+-----------+-----------+-------+----------+

============================================================
+ Verbose Summary: Synthesis Manager
============================================================
InlineROM: 1
ExposeGlobal: 0
============================================================
+ Verbose Summary: CDFG Model
============================================================
IsTopModel: 0
ResetActiveHigh: 1
IsCombinational: 2
IsDatapathOnly: 0
HasWiredReturn: 1
HasMFsm: 2
HasVarLatency: 1
IsPipeline: 0
IsRtlPipelined: 0
IsInstanceOverlapped: 0
IsDontTouch: 0
HasImplIP: 0
IsGatedGlobalClock: 0

+ Individual pipeline summary: 
  * Pipeline-0: initiation interval (II) = 3, depth = 5


============================================================
+ Verbose Summary: Schedule
============================================================
* Number of FSM states : 5
* Pipeline : 1
  Pipeline-0 : II = 3, D = 5, States = { 1 2 3 4 5 }
* Dataflow Pipeline: 0

* FSM state transitions: 
1 --> 2 
2 --> 3 
3 --> 4 
4 --> 5 
5 --> 

* FSM state operations: 

State 1 <SV = 0> <Delay = 4.89>
ST_1 : Operation 8 [1/1] (0.00ns)   --->   "%indvar_flatten2027 = alloca i32 1"   --->   Operation 8 'alloca' 'indvar_flatten2027' <Predicate = true> <Delay = 0.00>
ST_1 : Operation 9 [1/1] (0.00ns)   --->   "%indvars_iv19_i28 = alloca i32 1"   --->   Operation 9 'alloca' 'indvars_iv19_i28' <Predicate = true> <Delay = 0.00>
ST_1 : Operation 10 [1/1] (0.00ns)   --->   "%i29 = alloca i32 1"   --->   Operation 10 'alloca' 'i29' <Predicate = true> <Delay = 0.00>
ST_1 : Operation 11 [1/1] (0.00ns)   --->   "%indvar_flatten30 = alloca i32 1"   --->   Operation 11 'alloca' 'indvar_flatten30' <Predicate = true> <Delay = 0.00>
ST_1 : Operation 12 [1/1] (0.00ns)   --->   "%indvars_iv21_i31 = alloca i32 1"   --->   Operation 12 'alloca' 'indvars_iv21_i31' <Predicate = true> <Delay = 0.00>
ST_1 : Operation 13 [1/1] (0.00ns)   --->   "%j32 = alloca i32 1"   --->   Operation 13 'alloca' 'j32' <Predicate = true> <Delay = 0.00>
ST_1 : Operation 14 [1/1] (0.00ns)   --->   "%add_ln253333 = alloca i32 1"   --->   Operation 14 'alloca' 'add_ln253333' <Predicate = true> <Delay = 0.00>
ST_1 : Operation 15 [1/1] (0.00ns)   --->   "%add_ln251_1134 = alloca i32 1"   --->   Operation 15 'alloca' 'add_ln251_1134' <Predicate = true> <Delay = 0.00>
ST_1 : Operation 16 [1/1] (0.00ns)   --->   "%m35 = alloca i32 1"   --->   Operation 16 'alloca' 'm35' <Predicate = true> <Delay = 0.00>
ST_1 : Operation 17 [1/1] (0.00ns)   --->   "%indvars_iv_i36 = alloca i32 1"   --->   Operation 17 'alloca' 'indvars_iv_i36' <Predicate = true> <Delay = 0.00>
ST_1 : Operation 18 [1/1] (1.32ns)   --->   "%store_ln0 = store i17 0, i17 %indvars_iv_i36"   --->   Operation 18 'store' 'store_ln0' <Predicate = true> <Delay = 1.32>
ST_1 : Operation 19 [1/1] (1.32ns)   --->   "%store_ln0 = store i5 0, i5 %m35"   --->   Operation 19 'store' 'store_ln0' <Predicate = true> <Delay = 1.32>
ST_1 : Operation 20 [1/1] (1.32ns)   --->   "%store_ln0 = store i7 0, i7 %j32"   --->   Operation 20 'store' 'store_ln0' <Predicate = true> <Delay = 1.32>
ST_1 : Operation 21 [1/1] (1.32ns)   --->   "%store_ln0 = store i17 0, i17 %indvars_iv21_i31"   --->   Operation 21 'store' 'store_ln0' <Predicate = true> <Delay = 1.32>
ST_1 : Operation 22 [1/1] (1.32ns)   --->   "%store_ln0 = store i12 0, i12 %indvar_flatten30"   --->   Operation 22 'store' 'store_ln0' <Predicate = true> <Delay = 1.32>
ST_1 : Operation 23 [1/1] (1.32ns)   --->   "%store_ln0 = store i6 0, i6 %i29"   --->   Operation 23 'store' 'store_ln0' <Predicate = true> <Delay = 1.32>
ST_1 : Operation 24 [1/1] (1.32ns)   --->   "%store_ln0 = store i17 0, i17 %indvars_iv19_i28"   --->   Operation 24 'store' 'store_ln0' <Predicate = true> <Delay = 1.32>
ST_1 : Operation 25 [1/1] (1.32ns)   --->   "%store_ln0 = store i17 0, i17 %indvar_flatten2027"   --->   Operation 25 'store' 'store_ln0' <Predicate = true> <Delay = 1.32>
ST_1 : Operation 26 [1/1] (1.32ns)   --->   "%br_ln0 = br void %for.inc19.i"   --->   Operation 26 'br' 'br_ln0' <Predicate = true> <Delay = 1.32>
ST_1 : Operation 27 [1/1] (0.00ns)   --->   "%icmp_ln25238 = phi i1 0, void %entry, i1 %icmp_ln252, void %for.inc19.i" [../hls_files/conv_pool.cpp:252]   --->   Operation 27 'phi' 'icmp_ln25238' <Predicate = true> <Delay = 0.00>
ST_1 : Operation 28 [1/1] (0.00ns)   --->   "%icmp_ln25337 = phi i1 0, void %entry, i1 %icmp_ln253, void %for.inc19.i" [../hls_files/conv_pool.cpp:253]   --->   Operation 28 'phi' 'icmp_ln25337' <Predicate = true> <Delay = 0.00>
ST_1 : Operation 29 [1/1] (0.00ns)   --->   "%i29_load = load i6 %i29" [../hls_files/conv_pool.cpp:251]   --->   Operation 29 'load' 'i29_load' <Predicate = true> <Delay = 0.00>
ST_1 : Operation 30 [1/1] (1.60ns)   --->   "%add_ln251 = add i6 %i29_load, i6 1" [../hls_files/conv_pool.cpp:251]   --->   Operation 30 'add' 'add_ln251' <Predicate = true> <Delay = 1.60> <CoreInst = "Adder">   --->   Core 1 'Adder' <Latency = 0> <II = 1> <Delay = 1.60> <FuncUnit> <Opcode : 'add' 'sub'> <InPorts = 2> <OutPorts = 1>
ST_1 : Operation 31 [1/1] (0.58ns)   --->   "%i = select i1 %icmp_ln25238, i6 %add_ln251, i6 %i29_load" [../hls_files/conv_pool.cpp:251]   --->   Operation 31 'select' 'i' <Predicate = true> <Delay = 0.58> <CoreInst = "Sel">   --->   Core 73 'Sel' <Latency = 0> <II = 1> <Delay = 0.58> <FuncUnit> <Opcode : 'select'> <InPorts = 3> <OutPorts = 1>
ST_1 : Operation 32 [1/1] (0.00ns)   --->   "%zext_ln255 = zext i6 %i" [../hls_files/conv_pool.cpp:255]   --->   Operation 32 'zext' 'zext_ln255' <Predicate = true> <Delay = 0.00>
ST_1 : Operation 33 [3/3] (1.38ns) (grouped into DSP with root node add_ln255_1)   --->   "%mul_ln255 = mul i13 %zext_ln255, i13 78" [../hls_files/conv_pool.cpp:255]   --->   Operation 33 'mul' 'mul_ln255' <Predicate = true> <Delay = 1.38> <CoreInst = "DSP48">   --->   Core 116 'DSP48' <Latency = 3> <II = 1> <Delay = 1.82> <IPBlock> <Opcode : 'add' 'sub' 'mul' 'select'> <InPorts = 0> <OutPorts = 1> <Sync> <CReg>
ST_1 : Operation 34 [1/1] (1.32ns)   --->   "%store_ln251 = store i6 %i, i6 %i29" [../hls_files/conv_pool.cpp:251]   --->   Operation 34 'store' 'store_ln251' <Predicate = true> <Delay = 1.32>

State 2 <SV = 1> <Delay = 1.38>
ST_2 : Operation 35 [1/1] (0.00ns) (grouped into LUT with out node and_ln251)   --->   "%xor_ln251 = xor i1 %icmp_ln25238, i1 1" [../hls_files/conv_pool.cpp:251]   --->   Operation 35 'xor' 'xor_ln251' <Predicate = true> <Delay = 0.00> <CoreInst = "LogicGate">   --->   Core 74 'LogicGate' <Latency = 0> <II = 1> <Delay = 0.80> <FuncUnit> <Opcode : 'and' 'or' 'xor'> <InPorts = 2> <OutPorts = 1>
ST_2 : Operation 36 [1/1] (0.80ns) (out node of the LUT)   --->   "%and_ln251 = and i1 %icmp_ln25337, i1 %xor_ln251" [../hls_files/conv_pool.cpp:251]   --->   Operation 36 'and' 'and_ln251' <Predicate = true> <Delay = 0.80> <CoreInst = "LogicGate">   --->   Core 74 'LogicGate' <Latency = 0> <II = 1> <Delay = 0.80> <FuncUnit> <Opcode : 'and' 'or' 'xor'> <InPorts = 2> <OutPorts = 1>
ST_2 : Operation 37 [2/3] (1.38ns) (grouped into DSP with root node add_ln255_1)   --->   "%mul_ln255 = mul i13 %zext_ln255, i13 78" [../hls_files/conv_pool.cpp:255]   --->   Operation 37 'mul' 'mul_ln255' <Predicate = true> <Delay = 1.38> <CoreInst = "DSP48">   --->   Core 116 'DSP48' <Latency = 3> <II = 1> <Delay = 1.82> <IPBlock> <Opcode : 'add' 'sub' 'mul' 'select'> <InPorts = 0> <OutPorts = 1> <Sync> <CReg>

State 3 <SV = 2> <Delay = 5.03>
ST_3 : Operation 38 [1/1] (0.00ns)   --->   "%indvar_flatten2027_load = load i17 %indvar_flatten2027" [../hls_files/conv_pool.cpp:251]   --->   Operation 38 'load' 'indvar_flatten2027_load' <Predicate = true> <Delay = 0.00>
ST_3 : Operation 39 [1/1] (0.00ns)   --->   "%indvar_flatten30_load = load i12 %indvar_flatten30" [../hls_files/conv_pool.cpp:252]   --->   Operation 39 'load' 'indvar_flatten30_load' <Predicate = true> <Delay = 0.00>
ST_3 : Operation 40 [1/1] (0.00ns)   --->   "%j32_load = load i7 %j32" [../hls_files/conv_pool.cpp:251]   --->   Operation 40 'load' 'j32_load' <Predicate = true> <Delay = 0.00>
ST_3 : Operation 41 [1/1] (0.80ns)   --->   "%select_ln251_1 = select i1 %icmp_ln25238, i7 0, i7 %j32_load" [../hls_files/conv_pool.cpp:251]   --->   Operation 41 'select' 'select_ln251_1' <Predicate = true> <Delay = 0.80> <CoreInst = "Sel">   --->   Core 73 'Sel' <Latency = 0> <II = 1> <Delay = 0.80> <FuncUnit> <Opcode : 'select'> <InPorts = 3> <OutPorts = 1>
ST_3 : Operation 42 [1/1] (1.66ns)   --->   "%add_ln252 = add i7 %select_ln251_1, i7 1" [../hls_files/conv_pool.cpp:252]   --->   Operation 42 'add' 'add_ln252' <Predicate = (and_ln251)> <Delay = 1.66> <CoreInst = "Adder">   --->   Core 1 'Adder' <Latency = 0> <II = 1> <Delay = 1.66> <FuncUnit> <Opcode : 'add' 'sub'> <InPorts = 2> <OutPorts = 1>
ST_3 : Operation 43 [1/1] (0.80ns)   --->   "%j = select i1 %and_ln251, i7 %add_ln252, i7 %select_ln251_1" [../hls_files/conv_pool.cpp:252]   --->   Operation 43 'select' 'j' <Predicate = true> <Delay = 0.80> <CoreInst = "Sel">   --->   Core 73 'Sel' <Latency = 0> <II = 1> <Delay = 0.80> <FuncUnit> <Opcode : 'select'> <InPorts = 3> <OutPorts = 1>
ST_3 : Operation 44 [1/3] (0.00ns) (grouped into DSP with root node add_ln255_1)   --->   "%mul_ln255 = mul i13 %zext_ln255, i13 78" [../hls_files/conv_pool.cpp:255]   --->   Operation 44 'mul' 'mul_ln255' <Predicate = true> <Delay = 0.00> <CoreInst = "DSP48">   --->   Core 116 'DSP48' <Latency = 3> <II = 1> <Delay = 1.82> <IPBlock> <Opcode : 'add' 'sub' 'mul' 'select'> <InPorts = 0> <OutPorts = 1> <Sync> <CReg>
ST_3 : Operation 45 [1/1] (0.00ns)   --->   "%zext_ln255_1 = zext i7 %j" [../hls_files/conv_pool.cpp:255]   --->   Operation 45 'zext' 'zext_ln255_1' <Predicate = true> <Delay = 0.00>
ST_3 : Operation 46 [2/2] (1.76ns) (root node of the DSP)   --->   "%add_ln255_1 = add i13 %mul_ln255, i13 %zext_ln255_1" [../hls_files/conv_pool.cpp:255]   --->   Operation 46 'add' 'add_ln255_1' <Predicate = true> <Delay = 1.76> <CoreInst = "DSP48">   --->   Core 116 'DSP48' <Latency = 3> <II = 1> <Delay = 1.82> <IPBlock> <Opcode : 'add' 'sub' 'mul' 'select'> <InPorts = 0> <OutPorts = 1> <Sync> <CReg>
ST_3 : Operation 47 [1/1] (1.77ns)   --->   "%add_ln252_1 = add i12 %indvar_flatten30_load, i12 1" [../hls_files/conv_pool.cpp:252]   --->   Operation 47 'add' 'add_ln252_1' <Predicate = true> <Delay = 1.77> <CoreInst = "Adder">   --->   Core 1 'Adder' <Latency = 0> <II = 1> <Delay = 1.77> <FuncUnit> <Opcode : 'add' 'sub'> <InPorts = 2> <OutPorts = 1>
ST_3 : Operation 48 [1/1] (0.59ns)   --->   "%select_ln252_2 = select i1 %icmp_ln25238, i12 1, i12 %add_ln252_1" [../hls_files/conv_pool.cpp:252]   --->   Operation 48 'select' 'select_ln252_2' <Predicate = true> <Delay = 0.59> <CoreInst = "Sel">   --->   Core 73 'Sel' <Latency = 0> <II = 1> <Delay = 0.59> <FuncUnit> <Opcode : 'select'> <InPorts = 3> <OutPorts = 1>
ST_3 : Operation 49 [1/1] (1.86ns)   --->   "%add_ln251_2 = add i17 %indvar_flatten2027_load, i17 1" [../hls_files/conv_pool.cpp:251]   --->   Operation 49 'add' 'add_ln251_2' <Predicate = true> <Delay = 1.86> <CoreInst = "Adder">   --->   Core 1 'Adder' <Latency = 0> <II = 1> <Delay = 1.86> <FuncUnit> <Opcode : 'add' 'sub'> <InPorts = 2> <OutPorts = 1>
ST_3 : Operation 50 [1/1] (1.77ns)   --->   "%icmp_ln252 = icmp_eq  i12 %select_ln252_2, i12 1248" [../hls_files/conv_pool.cpp:252]   --->   Operation 50 'icmp' 'icmp_ln252' <Predicate = true> <Delay = 1.77> <CoreInst = "Cmp">   --->   Core 9 'Cmp' <Latency = 0> <II = 1> <Delay = 1.77> <FuncUnit> <Opcode : 'seteq' 'setne' 'setle' 'setge' 'setlt' 'setgt'> <InPorts = 2> <OutPorts = 1>
ST_3 : Operation 51 [1/1] (1.86ns)   --->   "%icmp_ln251 = icmp_eq  i17 %indvar_flatten2027_load, i17 72383" [../hls_files/conv_pool.cpp:251]   --->   Operation 51 'icmp' 'icmp_ln251' <Predicate = true> <Delay = 1.86> <CoreInst = "Cmp">   --->   Core 9 'Cmp' <Latency = 0> <II = 1> <Delay = 1.86> <FuncUnit> <Opcode : 'seteq' 'setne' 'setle' 'setge' 'setlt' 'setgt'> <InPorts = 2> <OutPorts = 1>
ST_3 : Operation 52 [1/1] (1.32ns)   --->   "%store_ln252 = store i7 %j, i7 %j32" [../hls_files/conv_pool.cpp:252]   --->   Operation 52 'store' 'store_ln252' <Predicate = true> <Delay = 1.32>
ST_3 : Operation 53 [1/1] (1.32ns)   --->   "%store_ln252 = store i12 %select_ln252_2, i12 %indvar_flatten30" [../hls_files/conv_pool.cpp:252]   --->   Operation 53 'store' 'store_ln252' <Predicate = true> <Delay = 1.32>
ST_3 : Operation 54 [1/1] (1.32ns)   --->   "%store_ln251 = store i17 %add_ln251_2, i17 %indvar_flatten2027" [../hls_files/conv_pool.cpp:251]   --->   Operation 54 'store' 'store_ln251' <Predicate = true> <Delay = 1.32>
ST_3 : Operation 55 [1/1] (0.00ns)   --->   "%br_ln251 = br i1 %icmp_ln251, void %for.inc19.i, void %flatten.exit" [../hls_files/conv_pool.cpp:251]   --->   Operation 55 'br' 'br_ln251' <Predicate = true> <Delay = 0.00>

State 4 <SV = 3> <Delay = 4.53>
ST_4 : Operation 56 [1/1] (0.00ns)   --->   "%m35_load = load i5 %m35"   --->   Operation 56 'load' 'm35_load' <Predicate = true> <Delay = 0.00>
ST_4 : Operation 57 [1/1] (0.00ns) (grouped into LUT with out node m_mid2)   --->   "%empty = or i1 %and_ln251, i1 %icmp_ln25238" [../hls_files/conv_pool.cpp:251]   --->   Operation 57 'or' 'empty' <Predicate = true> <Delay = 0.00> <CoreInst = "LogicGate">   --->   Core 74 'LogicGate' <Latency = 0> <II = 1> <Delay = 0.80> <FuncUnit> <Opcode : 'and' 'or' 'xor'> <InPorts = 2> <OutPorts = 1>
ST_4 : Operation 58 [1/1] (0.98ns) (out node of the LUT)   --->   "%m_mid2 = select i1 %empty, i5 0, i5 %m35_load" [../hls_files/conv_pool.cpp:251]   --->   Operation 58 'select' 'm_mid2' <Predicate = true> <Delay = 0.98> <CoreInst = "Sel">   --->   Core 73 'Sel' <Latency = 0> <II = 1> <Delay = 0.98> <FuncUnit> <Opcode : 'select'> <InPorts = 3> <OutPorts = 1>
ST_4 : Operation 59 [1/2] (1.76ns) (root node of the DSP)   --->   "%add_ln255_1 = add i13 %mul_ln255, i13 %zext_ln255_1" [../hls_files/conv_pool.cpp:255]   --->   Operation 59 'add' 'add_ln255_1' <Predicate = true> <Delay = 1.76> <CoreInst = "DSP48">   --->   Core 116 'DSP48' <Latency = 3> <II = 1> <Delay = 1.82> <IPBlock> <Opcode : 'add' 'sub' 'mul' 'select'> <InPorts = 0> <OutPorts = 1> <Sync> <CReg>
ST_4 : Operation 60 [1/1] (0.00ns)   --->   "%trunc_ln253 = trunc i5 %m_mid2" [../hls_files/conv_pool.cpp:253]   --->   Operation 60 'trunc' 'trunc_ln253' <Predicate = true> <Delay = 0.00>
ST_4 : Operation 61 [1/1] (0.00ns)   --->   "%tmp_s = bitconcatenate i15 @_ssdm_op_BitConcatenate.i15.i13.i2, i13 %add_ln255_1, i2 %trunc_ln253" [../hls_files/conv_pool.cpp:255]   --->   Operation 61 'bitconcatenate' 'tmp_s' <Predicate = true> <Delay = 0.00>
ST_4 : Operation 62 [1/1] (0.00ns)   --->   "%zext_ln255_2 = zext i15 %tmp_s" [../hls_files/conv_pool.cpp:255]   --->   Operation 62 'zext' 'zext_ln255_2' <Predicate = true> <Delay = 0.00>
ST_4 : Operation 63 [1/1] (0.00ns)   --->   "%feat2_p_addr = getelementptr i32 %feat2_p, i64 0, i64 %zext_ln255_2" [../hls_files/conv_pool.cpp:255]   --->   Operation 63 'getelementptr' 'feat2_p_addr' <Predicate = true> <Delay = 0.00>
ST_4 : Operation 64 [1/1] (0.00ns)   --->   "%feat2_p_11_addr = getelementptr i32 %feat2_p_11, i64 0, i64 %zext_ln255_2" [../hls_files/conv_pool.cpp:255]   --->   Operation 64 'getelementptr' 'feat2_p_11_addr' <Predicate = true> <Delay = 0.00>
ST_4 : Operation 65 [1/1] (0.00ns)   --->   "%feat2_p_12_addr = getelementptr i32 %feat2_p_12, i64 0, i64 %zext_ln255_2" [../hls_files/conv_pool.cpp:255]   --->   Operation 65 'getelementptr' 'feat2_p_12_addr' <Predicate = true> <Delay = 0.00>
ST_4 : Operation 66 [1/1] (0.00ns)   --->   "%feat2_p_13_addr = getelementptr i32 %feat2_p_13, i64 0, i64 %zext_ln255_2" [../hls_files/conv_pool.cpp:255]   --->   Operation 66 'getelementptr' 'feat2_p_13_addr' <Predicate = true> <Delay = 0.00>
ST_4 : Operation 67 [1/1] (0.00ns)   --->   "%trunc_ln253_2 = partselect i2 @_ssdm_op_PartSelect.i2.i5.i32.i32, i5 %m_mid2, i32 2, i32 3" [../hls_files/conv_pool.cpp:253]   --->   Operation 67 'partselect' 'trunc_ln253_2' <Predicate = true> <Delay = 0.00>
ST_4 : Operation 68 [2/2] (2.77ns)   --->   "%feat2_p_load = load i15 %feat2_p_addr" [../hls_files/conv_pool.cpp:255]   --->   Operation 68 'load' 'feat2_p_load' <Predicate = true> <Delay = 2.77> <CoreInst = "RAM">   --->   Core 81 'RAM' <Latency = 1> <II = 1> <Delay = 2.77> <Storage> <Opcode : 'load' 'store'> <Ports = 2> <Width = 32> <Depth = 18096> <RAM>
ST_4 : Operation 69 [2/2] (2.77ns)   --->   "%feat2_p_11_load = load i15 %feat2_p_11_addr" [../hls_files/conv_pool.cpp:255]   --->   Operation 69 'load' 'feat2_p_11_load' <Predicate = true> <Delay = 2.77> <CoreInst = "RAM">   --->   Core 81 'RAM' <Latency = 1> <II = 1> <Delay = 2.77> <Storage> <Opcode : 'load' 'store'> <Ports = 2> <Width = 32> <Depth = 18096> <RAM>
ST_4 : Operation 70 [2/2] (2.77ns)   --->   "%feat2_p_12_load = load i15 %feat2_p_12_addr" [../hls_files/conv_pool.cpp:255]   --->   Operation 70 'load' 'feat2_p_12_load' <Predicate = true> <Delay = 2.77> <CoreInst = "RAM">   --->   Core 81 'RAM' <Latency = 1> <II = 1> <Delay = 2.77> <Storage> <Opcode : 'load' 'store'> <Ports = 2> <Width = 32> <Depth = 18096> <RAM>
ST_4 : Operation 71 [2/2] (2.77ns)   --->   "%feat2_p_13_load = load i15 %feat2_p_13_addr" [../hls_files/conv_pool.cpp:255]   --->   Operation 71 'load' 'feat2_p_13_load' <Predicate = true> <Delay = 2.77> <CoreInst = "RAM">   --->   Core 81 'RAM' <Latency = 1> <II = 1> <Delay = 2.77> <Storage> <Opcode : 'load' 'store'> <Ports = 2> <Width = 32> <Depth = 18096> <RAM>
ST_4 : Operation 72 [1/1] (1.54ns)   --->   "%m = add i5 %m_mid2, i5 1" [../hls_files/conv_pool.cpp:253]   --->   Operation 72 'add' 'm' <Predicate = true> <Delay = 1.54> <CoreInst = "Adder">   --->   Core 1 'Adder' <Latency = 0> <II = 1> <Delay = 1.54> <FuncUnit> <Opcode : 'add' 'sub'> <InPorts = 2> <OutPorts = 1>
ST_4 : Operation 73 [1/1] (1.54ns)   --->   "%icmp_ln253 = icmp_eq  i5 %m, i5 16" [../hls_files/conv_pool.cpp:253]   --->   Operation 73 'icmp' 'icmp_ln253' <Predicate = true> <Delay = 1.54> <CoreInst = "Cmp">   --->   Core 9 'Cmp' <Latency = 0> <II = 1> <Delay = 1.54> <FuncUnit> <Opcode : 'seteq' 'setne' 'setle' 'setge' 'setlt' 'setgt'> <InPorts = 2> <OutPorts = 1>
ST_4 : Operation 74 [1/1] (1.32ns)   --->   "%store_ln253 = store i5 %m, i5 %m35" [../hls_files/conv_pool.cpp:253]   --->   Operation 74 'store' 'store_ln253' <Predicate = true> <Delay = 1.32>

State 5 <SV = 4> <Delay = 6.91>
ST_5 : Operation 75 [1/1] (0.00ns)   --->   "%indvars_iv19_i28_load = load i17 %indvars_iv19_i28" [../hls_files/conv_pool.cpp:251]   --->   Operation 75 'load' 'indvars_iv19_i28_load' <Predicate = true> <Delay = 0.00>
ST_5 : Operation 76 [1/1] (0.00ns)   --->   "%indvars_iv21_i31_load = load i17 %indvars_iv21_i31" [../hls_files/conv_pool.cpp:251]   --->   Operation 76 'load' 'indvars_iv21_i31_load' <Predicate = (!and_ln251)> <Delay = 0.00>
ST_5 : Operation 77 [1/1] (0.00ns)   --->   "%add_ln253333_load = load i17 %add_ln253333" [../hls_files/conv_pool.cpp:252]   --->   Operation 77 'load' 'add_ln253333_load' <Predicate = true> <Delay = 0.00>
ST_5 : Operation 78 [1/1] (0.00ns)   --->   "%add_ln251_1134_load = load i17 %add_ln251_1134" [../hls_files/conv_pool.cpp:251]   --->   Operation 78 'load' 'add_ln251_1134_load' <Predicate = true> <Delay = 0.00>
ST_5 : Operation 79 [1/1] (0.00ns)   --->   "%indvars_iv_i36_load = load i17 %indvars_iv_i36" [../hls_files/conv_pool.cpp:251]   --->   Operation 79 'load' 'indvars_iv_i36_load' <Predicate = (!and_ln251)> <Delay = 0.00>
ST_5 : Operation 80 [1/1] (0.00ns)   --->   "%specloopname_ln0 = specloopname void @_ssdm_op_SpecLoopName, void @FLATTEN_VITIS_LOOP_252_1_VITIS_LOOP_253_2_str"   --->   Operation 80 'specloopname' 'specloopname_ln0' <Predicate = true> <Delay = 0.00>
ST_5 : Operation 81 [1/1] (0.00ns)   --->   "%speclooptripcount_ln0 = speclooptripcount void @_ssdm_op_SpecLoopTripCount, i64 72384, i64 72384, i64 72384"   --->   Operation 81 'speclooptripcount' 'speclooptripcount_ln0' <Predicate = true> <Delay = 0.00>
ST_5 : Operation 82 [1/1] (0.00ns) (grouped into LUT with out node select_ln252)   --->   "%select_ln251 = select i1 %icmp_ln25238, i17 %add_ln251_1134_load, i17 %indvars_iv21_i31_load" [../hls_files/conv_pool.cpp:251]   --->   Operation 82 'select' 'select_ln251' <Predicate = (!and_ln251)> <Delay = 0.00> <CoreInst = "Sel">   --->   Core 73 'Sel' <Latency = 0> <II = 1> <Delay = 0.94> <FuncUnit> <Opcode : 'select'> <InPorts = 3> <OutPorts = 1>
ST_5 : Operation 83 [1/1] (0.00ns) (grouped into LUT with out node indvars_iv_i_mid2)   --->   "%select_ln251_2 = select i1 %icmp_ln25238, i17 %add_ln251_1134_load, i17 %indvars_iv_i36_load" [../hls_files/conv_pool.cpp:251]   --->   Operation 83 'select' 'select_ln251_2' <Predicate = (!and_ln251)> <Delay = 0.00> <CoreInst = "Sel">   --->   Core 73 'Sel' <Latency = 0> <II = 1> <Delay = 0.94> <FuncUnit> <Opcode : 'select'> <InPorts = 3> <OutPorts = 1>
ST_5 : Operation 84 [1/1] (0.94ns)   --->   "%select_ln251_3 = select i1 %icmp_ln25238, i17 %add_ln251_1134_load, i17 %indvars_iv19_i28_load" [../hls_files/conv_pool.cpp:251]   --->   Operation 84 'select' 'select_ln251_3' <Predicate = true> <Delay = 0.94> <CoreInst = "Sel">   --->   Core 73 'Sel' <Latency = 0> <II = 1> <Delay = 0.94> <FuncUnit> <Opcode : 'select'> <InPorts = 3> <OutPorts = 1>
ST_5 : Operation 85 [1/1] (0.94ns) (out node of the LUT)   --->   "%indvars_iv_i_mid2 = select i1 %and_ln251, i17 %add_ln253333_load, i17 %select_ln251_2" [../hls_files/conv_pool.cpp:251]   --->   Operation 85 'select' 'indvars_iv_i_mid2' <Predicate = true> <Delay = 0.94> <CoreInst = "Sel">   --->   Core 73 'Sel' <Latency = 0> <II = 1> <Delay = 0.94> <FuncUnit> <Opcode : 'select'> <InPorts = 3> <OutPorts = 1>
ST_5 : Operation 86 [1/1] (0.94ns) (out node of the LUT)   --->   "%select_ln252 = select i1 %and_ln251, i17 %add_ln253333_load, i17 %select_ln251" [../hls_files/conv_pool.cpp:252]   --->   Operation 86 'select' 'select_ln252' <Predicate = true> <Delay = 0.94> <CoreInst = "Sel">   --->   Core 73 'Sel' <Latency = 0> <II = 1> <Delay = 0.94> <FuncUnit> <Opcode : 'select'> <InPorts = 3> <OutPorts = 1>
ST_5 : Operation 87 [1/1] (0.00ns)   --->   "%zext_ln253 = zext i17 %indvars_iv_i_mid2" [../hls_files/conv_pool.cpp:253]   --->   Operation 87 'zext' 'zext_ln253' <Predicate = true> <Delay = 0.00>
ST_5 : Operation 88 [1/1] (0.00ns)   --->   "%specpipeline_ln254 = specpipeline void @_ssdm_op_SpecPipeline, i32 3, i32 0, i32 0, i32 0, void @empty_17" [../hls_files/conv_pool.cpp:254]   --->   Operation 88 'specpipeline' 'specpipeline_ln254' <Predicate = true> <Delay = 0.00>
ST_5 : Operation 89 [1/2] ( I:2.77ns O:2.77ns )   --->   "%feat2_p_load = load i15 %feat2_p_addr" [../hls_files/conv_pool.cpp:255]   --->   Operation 89 'load' 'feat2_p_load' <Predicate = true> <Delay = 2.77> <CoreInst = "RAM">   --->   Core 81 'RAM' <Latency = 1> <II = 1> <Delay = 2.77> <Storage> <Opcode : 'load' 'store'> <Ports = 2> <Width = 32> <Depth = 18096> <RAM>
ST_5 : Operation 90 [1/2] ( I:2.77ns O:2.77ns )   --->   "%feat2_p_11_load = load i15 %feat2_p_11_addr" [../hls_files/conv_pool.cpp:255]   --->   Operation 90 'load' 'feat2_p_11_load' <Predicate = true> <Delay = 2.77> <CoreInst = "RAM">   --->   Core 81 'RAM' <Latency = 1> <II = 1> <Delay = 2.77> <Storage> <Opcode : 'load' 'store'> <Ports = 2> <Width = 32> <Depth = 18096> <RAM>
ST_5 : Operation 91 [1/2] ( I:2.77ns O:2.77ns )   --->   "%feat2_p_12_load = load i15 %feat2_p_12_addr" [../hls_files/conv_pool.cpp:255]   --->   Operation 91 'load' 'feat2_p_12_load' <Predicate = true> <Delay = 2.77> <CoreInst = "RAM">   --->   Core 81 'RAM' <Latency = 1> <II = 1> <Delay = 2.77> <Storage> <Opcode : 'load' 'store'> <Ports = 2> <Width = 32> <Depth = 18096> <RAM>
ST_5 : Operation 92 [1/2] ( I:2.77ns O:2.77ns )   --->   "%feat2_p_13_load = load i15 %feat2_p_13_addr" [../hls_files/conv_pool.cpp:255]   --->   Operation 92 'load' 'feat2_p_13_load' <Predicate = true> <Delay = 2.77> <CoreInst = "RAM">   --->   Core 81 'RAM' <Latency = 1> <II = 1> <Delay = 2.77> <Storage> <Opcode : 'load' 'store'> <Ports = 2> <Width = 32> <Depth = 18096> <RAM>
ST_5 : Operation 93 [1/1] (1.37ns)   --->   "%tmp_i = sparsemux i32 @_ssdm_op_SparseMux.ap_auto.4float.float.i2, i2 0, i32 %feat2_p_load, i2 1, i32 %feat2_p_11_load, i2 2, i32 %feat2_p_12_load, i2 3, i32 %feat2_p_13_load, i32 <undef>, i2 %trunc_ln253_2" [../hls_files/conv_pool.cpp:255]   --->   Operation 93 'sparsemux' 'tmp_i' <Predicate = true> <Delay = 1.37> <CoreInst = "BinarySparseMux_DontCare">   --->   Core 137 'BinarySparseMux_DontCare' <Latency = 0> <II = 1> <Delay = 1.37> <FuncUnit> <Opcode : 'sparsemux'> <InPorts = 2> <OutPorts = 1>
ST_5 : Operation 94 [1/1] (1.86ns)   --->   "%add_ln255 = add i17 %indvars_iv_i_mid2, i17 1" [../hls_files/conv_pool.cpp:255]   --->   Operation 94 'add' 'add_ln255' <Predicate = true> <Delay = 1.86> <CoreInst = "Adder">   --->   Core 1 'Adder' <Latency = 0> <II = 1> <Delay = 1.86> <FuncUnit> <Opcode : 'add' 'sub'> <InPorts = 2> <OutPorts = 1>
ST_5 : Operation 95 [1/1] (0.00ns)   --->   "%vec1_addr = getelementptr i32 %vec1, i64 0, i64 %zext_ln253" [../hls_files/conv_pool.cpp:255]   --->   Operation 95 'getelementptr' 'vec1_addr' <Predicate = true> <Delay = 0.00>
ST_5 : Operation 96 [1/1] ( I:2.77ns O:2.77ns )   --->   "%store_ln255 = store i32 %tmp_i, i17 %vec1_addr" [../hls_files/conv_pool.cpp:255]   --->   Operation 96 'store' 'store_ln255' <Predicate = true> <Delay = 2.77> <CoreInst = "RAM">   --->   Core 81 'RAM' <Latency = 1> <II = 1> <Delay = 2.77> <Storage> <Opcode : 'load' 'store'> <Ports = 2> <Width = 32> <Depth = 72384> <RAM>
ST_5 : Operation 97 [1/1] (1.86ns)   --->   "%add_ln253 = add i17 %select_ln252, i17 16" [../hls_files/conv_pool.cpp:253]   --->   Operation 97 'add' 'add_ln253' <Predicate = true> <Delay = 1.86> <CoreInst = "Adder">   --->   Core 1 'Adder' <Latency = 0> <II = 1> <Delay = 1.86> <FuncUnit> <Opcode : 'add' 'sub'> <InPorts = 2> <OutPorts = 1>
ST_5 : Operation 98 [1/1] (1.86ns)   --->   "%add_ln251_1 = add i17 %select_ln251_3, i17 1248" [../hls_files/conv_pool.cpp:251]   --->   Operation 98 'add' 'add_ln251_1' <Predicate = true> <Delay = 1.86> <CoreInst = "Adder">   --->   Core 1 'Adder' <Latency = 0> <II = 1> <Delay = 1.86> <FuncUnit> <Opcode : 'add' 'sub'> <InPorts = 2> <OutPorts = 1>
ST_5 : Operation 99 [1/1] (1.32ns)   --->   "%store_ln255 = store i17 %add_ln255, i17 %indvars_iv_i36" [../hls_files/conv_pool.cpp:255]   --->   Operation 99 'store' 'store_ln255' <Predicate = true> <Delay = 1.32>
ST_5 : Operation 100 [1/1] (0.00ns)   --->   "%store_ln251 = store i17 %add_ln251_1, i17 %add_ln251_1134" [../hls_files/conv_pool.cpp:251]   --->   Operation 100 'store' 'store_ln251' <Predicate = true> <Delay = 0.00>
ST_5 : Operation 101 [1/1] (0.00ns)   --->   "%store_ln253 = store i17 %add_ln253, i17 %add_ln253333" [../hls_files/conv_pool.cpp:253]   --->   Operation 101 'store' 'store_ln253' <Predicate = true> <Delay = 0.00>
ST_5 : Operation 102 [1/1] (1.32ns)   --->   "%store_ln252 = store i17 %select_ln252, i17 %indvars_iv21_i31" [../hls_files/conv_pool.cpp:252]   --->   Operation 102 'store' 'store_ln252' <Predicate = true> <Delay = 1.32>
ST_5 : Operation 103 [1/1] (1.32ns)   --->   "%store_ln251 = store i17 %select_ln251_3, i17 %indvars_iv19_i28" [../hls_files/conv_pool.cpp:251]   --->   Operation 103 'store' 'store_ln251' <Predicate = true> <Delay = 1.32>
ST_5 : Operation 104 [1/1] (1.32ns)   --->   "%ret_ln0 = ret"   --->   Operation 104 'ret' 'ret_ln0' <Predicate = (icmp_ln251)> <Delay = 1.32>


============================================================
+ Verbose Summary: Timing violations
============================================================
Target clock period: 10.000ns, clock uncertainty: 2.700ns.

 <State 1>: 4.896ns
The critical path consists of the following:
	'store' operation 0 bit ('store_ln0') of constant 0 on local variable 'i29' [21]  (1.324 ns)
	'load' operation 6 bit ('i29_load', ../hls_files/conv_pool.cpp:251) on local variable 'i29' [30]  (0.000 ns)
	'add' operation 6 bit ('add_ln251', ../hls_files/conv_pool.cpp:251) [38]  (1.605 ns)
	'select' operation 6 bit ('i', ../hls_files/conv_pool.cpp:251) [47]  (0.587 ns)
	'mul' operation 13 bit of DSP[57] ('mul_ln255', ../hls_files/conv_pool.cpp:255) [55]  (1.380 ns)

 <State 2>: 1.380ns
The critical path consists of the following:
	'mul' operation 13 bit of DSP[57] ('mul_ln255', ../hls_files/conv_pool.cpp:255) [55]  (1.380 ns)

 <State 3>: 5.034ns
The critical path consists of the following:
	'load' operation 7 bit ('j32_load', ../hls_files/conv_pool.cpp:251) on local variable 'j32' [33]  (0.000 ns)
	'select' operation 7 bit ('select_ln251_1', ../hls_files/conv_pool.cpp:251) [42]  (0.806 ns)
	'add' operation 7 bit ('add_ln252', ../hls_files/conv_pool.cpp:252) [48]  (1.662 ns)
	'select' operation 7 bit ('j', ../hls_files/conv_pool.cpp:252) [53]  (0.806 ns)
	'add' operation 13 bit of DSP[57] ('add_ln255_1', ../hls_files/conv_pool.cpp:255) [57]  (1.760 ns)

 <State 4>: 4.532ns
The critical path consists of the following:
	'add' operation 13 bit of DSP[57] ('add_ln255_1', ../hls_files/conv_pool.cpp:255) [57]  (1.760 ns)
	'getelementptr' operation 15 bit ('feat2_p_addr', ../hls_files/conv_pool.cpp:255) [63]  (0.000 ns)
	'load' operation 32 bit ('feat2_p_load', ../hls_files/conv_pool.cpp:255) on array 'feat2_p' [68]  (2.772 ns)

 <State 5>: 6.918ns
The critical path consists of the following:
	'load' operation 32 bit ('feat2_p_load', ../hls_files/conv_pool.cpp:255) on array 'feat2_p' [68]  (2.772 ns)
	'sparsemux' operation 32 bit ('tmp_i', ../hls_files/conv_pool.cpp:255) [72]  (1.374 ns)
	'store' operation 0 bit ('store_ln255', ../hls_files/conv_pool.cpp:255) of variable 'tmp_i', ../hls_files/conv_pool.cpp:255 on array 'vec1' [75]  (2.772 ns)


============================================================
+ Verbose Summary: Binding
============================================================
N/A
* FSMD analyzer results:
  - Output states:
 - Input state : 
  - Chain level:
	State 1
	State 2
	State 3
	State 4
	State 5


============================================================
+ Verbose Summary: Datapath Resource usage 
============================================================
N/A
