

================================================================
== Vitis HLS Report for 'load_img'
================================================================
* Date:           Tue Jul  8 02:26:03 2025

* Version:        2025.1 (Build 6135595 on May 21 2025)
* Project:        cnn_accel
* Solution:       hls (Vivado IP Flow Target)
* Product family: artix7
* Target device:  xc7a100t-fgg484-2L


================================================================
== Performance Estimates
================================================================
+ Timing: 
    * Summary: 
    +--------+----------+----------+------------+
    |  Clock |  Target  | Estimated| Uncertainty|
    +--------+----------+----------+------------+
    |ap_clk  |  10.00 ns|  7.300 ns|     2.70 ns|
    +--------+----------+----------+------------+

+ Latency: 
    * Summary: 
    +---------+---------+----------+----------+--------+--------+---------+
    |  Latency (cycles) |  Latency (absolute) |     Interval    | Pipeline|
    |   min   |   max   |    min   |    max   |   min  |   max  |   Type  |
    +---------+---------+----------+----------+--------+--------+---------+
    |   691211|   691211|  6.912 ms|  6.912 ms|  691211|  691211|       no|
    +---------+---------+----------+----------+--------+--------+---------+

    + Detail: 
        * Instance: 
        +---------------------------------------------------------------------+-----------------------------------------------------------+---------+---------+----------+----------+--------+--------+------------------------------------------------+
        |                                                                     |                                                           |  Latency (cycles) |  Latency (absolute) |     Interval    |                    Pipeline                    |
        |                               Instance                              |                           Module                          |   min   |   max   |    min   |    max   |   min  |   max  |                      Type                      |
        +---------------------------------------------------------------------+-----------------------------------------------------------+---------+---------+----------+----------+--------+--------+------------------------------------------------+
        |grp_load_img_Pipeline_LOAD_IMG_ROWS_LOAD_IMG_COLS_LOAD_IMG_CH_fu_53  |load_img_Pipeline_LOAD_IMG_ROWS_LOAD_IMG_COLS_LOAD_IMG_CH  |   691202|   691202|  6.912 ms|  6.912 ms|  691201|  691201|  loop auto-rewind stp (delay=0 clock cycles(s))|
        +---------------------------------------------------------------------+-----------------------------------------------------------+---------+---------+----------+----------+--------+--------+------------------------------------------------+

        * Loop: 
        N/A



================================================================
== Utilization Estimates
================================================================
* Summary: 
+-----------------+---------+-----+--------+-------+-----+
|       Name      | BRAM_18K| DSP |   FF   |  LUT  | URAM|
+-----------------+---------+-----+--------+-------+-----+
|DSP              |        -|    -|       -|      -|    -|
|Expression       |        -|    -|       -|      -|    -|
|FIFO             |        -|    -|       -|      -|    -|
|Instance         |        -|    -|     134|    314|    -|
|Memory           |        -|    -|       -|      -|    -|
|Multiplexer      |        -|    -|       0|    183|    -|
|Register         |        -|    -|      73|      -|    -|
+-----------------+---------+-----+--------+-------+-----+
|Total            |        0|    0|     207|    497|    0|
+-----------------+---------+-----+--------+-------+-----+
|Available        |      270|  240|  126800|  63400|    0|
+-----------------+---------+-----+--------+-------+-----+
|Utilization (%)  |        0|    0|      ~0|     ~0|    0|
+-----------------+---------+-----+--------+-------+-----+

+ Detail: 
    * Instance: 
    +---------------------------------------------------------------------+-----------------------------------------------------------+---------+----+-----+-----+-----+
    |                               Instance                              |                           Module                          | BRAM_18K| DSP|  FF | LUT | URAM|
    +---------------------------------------------------------------------+-----------------------------------------------------------+---------+----+-----+-----+-----+
    |grp_load_img_Pipeline_LOAD_IMG_ROWS_LOAD_IMG_COLS_LOAD_IMG_CH_fu_53  |load_img_Pipeline_LOAD_IMG_ROWS_LOAD_IMG_COLS_LOAD_IMG_CH  |        0|   0|  134|  314|    0|
    +---------------------------------------------------------------------+-----------------------------------------------------------+---------+----+-----+-----+-----+
    |Total                                                                |                                                           |        0|   0|  134|  314|    0|
    +---------------------------------------------------------------------+-----------------------------------------------------------+---------+----+-----+-----+-----+

    * DSP: 
    N/A

    * Memory: 
    N/A

    * FIFO: 
    N/A

    * Expression: 
    N/A

    * Multiplexer: 
    +-------------------------+----+-----------+-----+-----------+
    |           Name          | LUT| Input Size| Bits| Total Bits|
    +-------------------------+----+-----------+-----+-----------+
    |IMGmem_blk_n_AR          |   9|          2|    1|          2|
    |ap_NS_fsm                |  45|         11|    1|         11|
    |m_axi_IMGmem_0_ARADDR    |  13|          3|   64|        192|
    |m_axi_IMGmem_0_ARBURST   |   9|          2|    2|          4|
    |m_axi_IMGmem_0_ARCACHE   |   9|          2|    4|          8|
    |m_axi_IMGmem_0_ARID      |   9|          2|    1|          2|
    |m_axi_IMGmem_0_ARLEN     |  13|          3|   32|         96|
    |m_axi_IMGmem_0_ARLOCK    |   9|          2|    2|          4|
    |m_axi_IMGmem_0_ARPROT    |   9|          2|    3|          6|
    |m_axi_IMGmem_0_ARQOS     |   9|          2|    4|          8|
    |m_axi_IMGmem_0_ARREGION  |   9|          2|    4|          8|
    |m_axi_IMGmem_0_ARSIZE    |   9|          2|    3|          6|
    |m_axi_IMGmem_0_ARUSER    |   9|          2|    1|          2|
    |m_axi_IMGmem_0_ARVALID   |  13|          3|    1|          3|
    |m_axi_IMGmem_0_RREADY    |   9|          2|    1|          2|
    +-------------------------+----+-----------+-----+-----------+
    |Total                    | 183|         42|  124|        354|
    +-------------------------+----+-----------+-----+-----------+

    * Register: 
    +----------------------------------------------------------------------------------+----+----+-----+-----------+
    |                                       Name                                       | FF | LUT| Bits| Const Bits|
    +----------------------------------------------------------------------------------+----+----+-----+-----------+
    |ap_CS_fsm                                                                         |  10|   0|   10|          0|
    |grp_load_img_Pipeline_LOAD_IMG_ROWS_LOAD_IMG_COLS_LOAD_IMG_CH_fu_53_ap_start_reg  |   1|   0|    1|          0|
    |trunc_ln_reg_85                                                                   |  62|   0|   62|          0|
    +----------------------------------------------------------------------------------+----+----+-----+-----------+
    |Total                                                                             |  73|   0|   73|          0|
    +----------------------------------------------------------------------------------+----+----+-----+-----------+



================================================================
== Interface
================================================================
* Summary: 
+-------------------------+-----+-----+------------+--------------+--------------+
|        RTL Ports        | Dir | Bits|  Protocol  | Source Object|    C Type    |
+-------------------------+-----+-----+------------+--------------+--------------+
|ap_clk                   |   in|    1|  ap_ctrl_hs|      load_img|  return value|
|ap_rst                   |   in|    1|  ap_ctrl_hs|      load_img|  return value|
|ap_start                 |   in|    1|  ap_ctrl_hs|      load_img|  return value|
|ap_done                  |  out|    1|  ap_ctrl_hs|      load_img|  return value|
|ap_idle                  |  out|    1|  ap_ctrl_hs|      load_img|  return value|
|ap_ready                 |  out|    1|  ap_ctrl_hs|      load_img|  return value|
|m_axi_IMGmem_0_AWVALID   |  out|    1|       m_axi|        IMGmem|       pointer|
|m_axi_IMGmem_0_AWREADY   |   in|    1|       m_axi|        IMGmem|       pointer|
|m_axi_IMGmem_0_AWADDR    |  out|   64|       m_axi|        IMGmem|       pointer|
|m_axi_IMGmem_0_AWID      |  out|    1|       m_axi|        IMGmem|       pointer|
|m_axi_IMGmem_0_AWLEN     |  out|   32|       m_axi|        IMGmem|       pointer|
|m_axi_IMGmem_0_AWSIZE    |  out|    3|       m_axi|        IMGmem|       pointer|
|m_axi_IMGmem_0_AWBURST   |  out|    2|       m_axi|        IMGmem|       pointer|
|m_axi_IMGmem_0_AWLOCK    |  out|    2|       m_axi|        IMGmem|       pointer|
|m_axi_IMGmem_0_AWCACHE   |  out|    4|       m_axi|        IMGmem|       pointer|
|m_axi_IMGmem_0_AWPROT    |  out|    3|       m_axi|        IMGmem|       pointer|
|m_axi_IMGmem_0_AWQOS     |  out|    4|       m_axi|        IMGmem|       pointer|
|m_axi_IMGmem_0_AWREGION  |  out|    4|       m_axi|        IMGmem|       pointer|
|m_axi_IMGmem_0_AWUSER    |  out|    1|       m_axi|        IMGmem|       pointer|
|m_axi_IMGmem_0_WVALID    |  out|    1|       m_axi|        IMGmem|       pointer|
|m_axi_IMGmem_0_WREADY    |   in|    1|       m_axi|        IMGmem|       pointer|
|m_axi_IMGmem_0_WDATA     |  out|   32|       m_axi|        IMGmem|       pointer|
|m_axi_IMGmem_0_WSTRB     |  out|    4|       m_axi|        IMGmem|       pointer|
|m_axi_IMGmem_0_WLAST     |  out|    1|       m_axi|        IMGmem|       pointer|
|m_axi_IMGmem_0_WID       |  out|    1|       m_axi|        IMGmem|       pointer|
|m_axi_IMGmem_0_WUSER     |  out|    1|       m_axi|        IMGmem|       pointer|
|m_axi_IMGmem_0_ARVALID   |  out|    1|       m_axi|        IMGmem|       pointer|
|m_axi_IMGmem_0_ARREADY   |   in|    1|       m_axi|        IMGmem|       pointer|
|m_axi_IMGmem_0_ARADDR    |  out|   64|       m_axi|        IMGmem|       pointer|
|m_axi_IMGmem_0_ARID      |  out|    1|       m_axi|        IMGmem|       pointer|
|m_axi_IMGmem_0_ARLEN     |  out|   32|       m_axi|        IMGmem|       pointer|
|m_axi_IMGmem_0_ARSIZE    |  out|    3|       m_axi|        IMGmem|       pointer|
|m_axi_IMGmem_0_ARBURST   |  out|    2|       m_axi|        IMGmem|       pointer|
|m_axi_IMGmem_0_ARLOCK    |  out|    2|       m_axi|        IMGmem|       pointer|
|m_axi_IMGmem_0_ARCACHE   |  out|    4|       m_axi|        IMGmem|       pointer|
|m_axi_IMGmem_0_ARPROT    |  out|    3|       m_axi|        IMGmem|       pointer|
|m_axi_IMGmem_0_ARQOS     |  out|    4|       m_axi|        IMGmem|       pointer|
|m_axi_IMGmem_0_ARREGION  |  out|    4|       m_axi|        IMGmem|       pointer|
|m_axi_IMGmem_0_ARUSER    |  out|    1|       m_axi|        IMGmem|       pointer|
|m_axi_IMGmem_0_RVALID    |   in|    1|       m_axi|        IMGmem|       pointer|
|m_axi_IMGmem_0_RREADY    |  out|    1|       m_axi|        IMGmem|       pointer|
|m_axi_IMGmem_0_RDATA     |   in|   32|       m_axi|        IMGmem|       pointer|
|m_axi_IMGmem_0_RLAST     |   in|    1|       m_axi|        IMGmem|       pointer|
|m_axi_IMGmem_0_RID       |   in|    1|       m_axi|        IMGmem|       pointer|
|m_axi_IMGmem_0_RFIFONUM  |   in|    9|       m_axi|        IMGmem|       pointer|
|m_axi_IMGmem_0_RUSER     |   in|    1|       m_axi|        IMGmem|       pointer|
|m_axi_IMGmem_0_RRESP     |   in|    2|       m_axi|        IMGmem|       pointer|
|m_axi_IMGmem_0_BVALID    |   in|    1|       m_axi|        IMGmem|       pointer|
|m_axi_IMGmem_0_BREADY    |  out|    1|       m_axi|        IMGmem|       pointer|
|m_axi_IMGmem_0_BRESP     |   in|    2|       m_axi|        IMGmem|       pointer|
|m_axi_IMGmem_0_BID       |   in|    1|       m_axi|        IMGmem|       pointer|
|m_axi_IMGmem_0_BUSER     |   in|    1|       m_axi|        IMGmem|       pointer|
|img_in                   |   in|   64|     ap_none|        img_in|        scalar|
|local_img_address0       |  out|   18|   ap_memory|     local_img|         array|
|local_img_ce0            |  out|    1|   ap_memory|     local_img|         array|
|local_img_we0            |  out|    1|   ap_memory|     local_img|         array|
|local_img_d0             |  out|   32|   ap_memory|     local_img|         array|
|local_img_60_address0    |  out|   18|   ap_memory|  local_img_60|         array|
|local_img_60_ce0         |  out|    1|   ap_memory|  local_img_60|         array|
|local_img_60_we0         |  out|    1|   ap_memory|  local_img_60|         array|
|local_img_60_d0          |  out|   32|   ap_memory|  local_img_60|         array|
+-------------------------+-----+-----+------------+--------------+--------------+

============================================================
+ Verbose Summary: Synthesis Manager
============================================================
InlineROM: 1
ExposeGlobal: 0
============================================================
+ Verbose Summary: CDFG Model
============================================================
IsTopModel: 0
ResetActiveHigh: 1
IsCombinational: 2
IsDatapathOnly: 2
HasWiredReturn: 1
HasMFsm: 0
HasVarLatency: 1
IsPipeline: 0
IsRtlPipelined: 0
IsInstanceOverlapped: 0
IsDontTouch: 0
HasImplIP: 0
IsGatedGlobalClock: 0


============================================================
+ Verbose Summary: Schedule
============================================================
* Number of FSM states : 10
* Pipeline : 0
* Dataflow Pipeline: 0

* FSM state transitions: 
1 --> 2 
2 --> 3 
3 --> 4 
4 --> 5 
5 --> 6 
6 --> 7 
7 --> 8 
8 --> 9 
9 --> 10 
10 --> 

* FSM state operations: 

State 1 <SV = 0> <Delay = 7.30>
ST_1 : Operation 11 [1/1] (0.00ns)   --->   "%img_in_read = read i64 @_ssdm_op_Read.ap_auto.i64, i64 %img_in" [../hls_files/conv_pool.cpp:195]   --->   Operation 11 'read' 'img_in_read' <Predicate = true> <Delay = 0.00>
ST_1 : Operation 12 [1/1] (0.00ns)   --->   "%trunc_ln = partselect i62 @_ssdm_op_PartSelect.i62.i64.i32.i32, i64 %img_in_read, i32 2, i32 63" [../hls_files/conv_pool.cpp:196]   --->   Operation 12 'partselect' 'trunc_ln' <Predicate = true> <Delay = 0.00>
ST_1 : Operation 13 [1/1] (0.00ns)   --->   "%sext_ln196 = sext i62 %trunc_ln" [../hls_files/conv_pool.cpp:196]   --->   Operation 13 'sext' 'sext_ln196' <Predicate = true> <Delay = 0.00>
ST_1 : Operation 14 [1/1] (0.00ns)   --->   "%IMGmem_addr = getelementptr i32 %IMGmem, i64 %sext_ln196" [../hls_files/conv_pool.cpp:196]   --->   Operation 14 'getelementptr' 'IMGmem_addr' <Predicate = true> <Delay = 0.00>
ST_1 : Operation 15 [8/8] (7.30ns)   --->   "%empty = readreq i1 @_ssdm_op_ReadReq.m_axi.p1i32, i64 %IMGmem_addr, i64 230400" [../hls_files/conv_pool.cpp:196]   --->   Operation 15 'readreq' 'empty' <Predicate = true> <Delay = 7.30> <CoreInst = "m_axi">   --->   Core 111 'm_axi' <Latency = 6> <II = 1> <Delay = 1.00> <Adapter> <Opcode : 'read' 'write' 'readreq' 'writereq' 'writeresp'>

State 2 <SV = 1> <Delay = 7.30>
ST_2 : Operation 16 [7/8] (7.30ns)   --->   "%empty = readreq i1 @_ssdm_op_ReadReq.m_axi.p1i32, i64 %IMGmem_addr, i64 230400" [../hls_files/conv_pool.cpp:196]   --->   Operation 16 'readreq' 'empty' <Predicate = true> <Delay = 7.30> <CoreInst = "m_axi">   --->   Core 111 'm_axi' <Latency = 6> <II = 1> <Delay = 1.00> <Adapter> <Opcode : 'read' 'write' 'readreq' 'writereq' 'writeresp'>

State 3 <SV = 2> <Delay = 7.30>
ST_3 : Operation 17 [6/8] (7.30ns)   --->   "%empty = readreq i1 @_ssdm_op_ReadReq.m_axi.p1i32, i64 %IMGmem_addr, i64 230400" [../hls_files/conv_pool.cpp:196]   --->   Operation 17 'readreq' 'empty' <Predicate = true> <Delay = 7.30> <CoreInst = "m_axi">   --->   Core 111 'm_axi' <Latency = 6> <II = 1> <Delay = 1.00> <Adapter> <Opcode : 'read' 'write' 'readreq' 'writereq' 'writeresp'>

State 4 <SV = 3> <Delay = 7.30>
ST_4 : Operation 18 [5/8] (7.30ns)   --->   "%empty = readreq i1 @_ssdm_op_ReadReq.m_axi.p1i32, i64 %IMGmem_addr, i64 230400" [../hls_files/conv_pool.cpp:196]   --->   Operation 18 'readreq' 'empty' <Predicate = true> <Delay = 7.30> <CoreInst = "m_axi">   --->   Core 111 'm_axi' <Latency = 6> <II = 1> <Delay = 1.00> <Adapter> <Opcode : 'read' 'write' 'readreq' 'writereq' 'writeresp'>

State 5 <SV = 4> <Delay = 7.30>
ST_5 : Operation 19 [4/8] (7.30ns)   --->   "%empty = readreq i1 @_ssdm_op_ReadReq.m_axi.p1i32, i64 %IMGmem_addr, i64 230400" [../hls_files/conv_pool.cpp:196]   --->   Operation 19 'readreq' 'empty' <Predicate = true> <Delay = 7.30> <CoreInst = "m_axi">   --->   Core 111 'm_axi' <Latency = 6> <II = 1> <Delay = 1.00> <Adapter> <Opcode : 'read' 'write' 'readreq' 'writereq' 'writeresp'>

State 6 <SV = 5> <Delay = 7.30>
ST_6 : Operation 20 [3/8] (7.30ns)   --->   "%empty = readreq i1 @_ssdm_op_ReadReq.m_axi.p1i32, i64 %IMGmem_addr, i64 230400" [../hls_files/conv_pool.cpp:196]   --->   Operation 20 'readreq' 'empty' <Predicate = true> <Delay = 7.30> <CoreInst = "m_axi">   --->   Core 111 'm_axi' <Latency = 6> <II = 1> <Delay = 1.00> <Adapter> <Opcode : 'read' 'write' 'readreq' 'writereq' 'writeresp'>

State 7 <SV = 6> <Delay = 7.30>
ST_7 : Operation 21 [2/8] (7.30ns)   --->   "%empty = readreq i1 @_ssdm_op_ReadReq.m_axi.p1i32, i64 %IMGmem_addr, i64 230400" [../hls_files/conv_pool.cpp:196]   --->   Operation 21 'readreq' 'empty' <Predicate = true> <Delay = 7.30> <CoreInst = "m_axi">   --->   Core 111 'm_axi' <Latency = 6> <II = 1> <Delay = 1.00> <Adapter> <Opcode : 'read' 'write' 'readreq' 'writereq' 'writeresp'>

State 8 <SV = 7> <Delay = 7.30>
ST_8 : Operation 22 [1/8] (7.30ns)   --->   "%empty = readreq i1 @_ssdm_op_ReadReq.m_axi.p1i32, i64 %IMGmem_addr, i64 230400" [../hls_files/conv_pool.cpp:196]   --->   Operation 22 'readreq' 'empty' <Predicate = true> <Delay = 7.30> <CoreInst = "m_axi">   --->   Core 111 'm_axi' <Latency = 6> <II = 1> <Delay = 1.00> <Adapter> <Opcode : 'read' 'write' 'readreq' 'writereq' 'writeresp'>

State 9 <SV = 8> <Delay = 0.00>
ST_9 : Operation 23 [2/2] (0.00ns)   --->   "%call_ln196 = call void @load_img_Pipeline_LOAD_IMG_ROWS_LOAD_IMG_COLS_LOAD_IMG_CH, i32 %IMGmem, i62 %trunc_ln, i32 %local_img, i32 %local_img_60" [../hls_files/conv_pool.cpp:196]   --->   Operation 23 'call' 'call_ln196' <Predicate = true> <Delay = 0.00> <CoreType = "Generic">   --->   Generic Core

State 10 <SV = 9> <Delay = 4.53>
ST_10 : Operation 24 [1/1] (0.00ns)   --->   "%specinterface_ln0 = specinterface void @_ssdm_op_SpecInterface, i32 %IMGmem, void @empty_37, i32 0, i32 0, void @empty_38, i32 0, i32 230400, void @empty_4, void @empty_23, void @empty_38, i32 16, i32 16, i32 16, i32 16, void @empty_38, void @empty_38, i32 4294967295, i32 0, i32 0"   --->   Operation 24 'specinterface' 'specinterface_ln0' <Predicate = true> <Delay = 0.00>
ST_10 : Operation 25 [1/2] (4.53ns)   --->   "%call_ln196 = call void @load_img_Pipeline_LOAD_IMG_ROWS_LOAD_IMG_COLS_LOAD_IMG_CH, i32 %IMGmem, i62 %trunc_ln, i32 %local_img, i32 %local_img_60" [../hls_files/conv_pool.cpp:196]   --->   Operation 25 'call' 'call_ln196' <Predicate = true> <Delay = 4.53> <CoreType = "Generic">   --->   Generic Core
ST_10 : Operation 26 [1/1] (0.00ns)   --->   "%ret_ln0 = ret"   --->   Operation 26 'ret' 'ret_ln0' <Predicate = true> <Delay = 0.00>


============================================================
+ Verbose Summary: Binding
============================================================
STG Binding: 
---------------- STG Properties BEGIN ----------------
- Is combinational: 0
- Is one-state seq: 0
- Is datapath-only: 0
- Is pipelined: 0
- Is top level: 0
Port [ Return ] is wired: 1; IO mode=ap_ctrl_hs:ce=0
Port [ IMGmem]:  wired=1; compound=1; hidden=0; nouse=0; global=0; static=0; extern=0; dir=0; type=4; pingpong=0; private_global=0; IO mode=m_axi:ce=0
Port [ img_in]:  wired=1; compound=0; hidden=0; nouse=0; global=0; static=0; extern=0; dir=0; type=0; pingpong=0; private_global=0; IO mode=ap_none:ce=0
Port [ local_img]:  wired=1; compound=1; hidden=0; nouse=0; global=1; static=1; extern=0; dir=1; type=1; pingpong=0; private_global=0; MemPort=[03]; IO mode=ap_memory:ce=0
Port [ local_img_60]:  wired=1; compound=1; hidden=0; nouse=0; global=1; static=1; extern=0; dir=1; type=1; pingpong=0; private_global=0; MemPort=[03]; IO mode=ap_memory:ce=0
---------------- STG Properties END ------------------

---------------- Datapath Model BEGIN ----------------

<LifeTime>
<method=bitvector/>
img_in_read       (read         ) [ 00000000000]
trunc_ln          (partselect   ) [ 00111111111]
sext_ln196        (sext         ) [ 00000000000]
IMGmem_addr       (getelementptr) [ 00111111100]
empty             (readreq      ) [ 00000000000]
specinterface_ln0 (specinterface) [ 00000000000]
call_ln196        (call         ) [ 00000000000]
ret_ln0           (ret          ) [ 00000000000]
</LifeTime>

<model>

<comp_list>
<comp id="0" class="1000" name="IMGmem">
<pin_list>
<pin id="1" dir="1" index="0" bw="1" slack="0"/>
</pin_list>
<bind>
<StgValue><ssdm name="IMGmem"/><MemPortTyVec>0 </MemPortTyVec>
</StgValue>
</bind>
</comp>

<comp id="2" class="1000" name="img_in">
<pin_list>
<pin id="3" dir="1" index="0" bw="1" slack="0"/>
</pin_list>
<bind>
<StgValue><ssdm name="img_in"/></StgValue>
</bind>
</comp>

<comp id="4" class="1000" name="local_img">
<pin_list>
<pin id="5" dir="1" index="0" bw="1" slack="0"/>
</pin_list>
<bind>
<StgValue><ssdm name="local_img"/><MemPortTyVec>0 3 </MemPortTyVec>
</StgValue>
</bind>
</comp>

<comp id="6" class="1000" name="local_img_60">
<pin_list>
<pin id="7" dir="1" index="0" bw="1" slack="0"/>
</pin_list>
<bind>
<StgValue><ssdm name="local_img_60"/><MemPortTyVec>0 3 </MemPortTyVec>
</StgValue>
</bind>
</comp>

<comp id="8" class="1001" name="const_8">
<pin_list>
<pin id="9" dir="1" index="0" bw="1" slack="0"/>
</pin_list>
<bind>
<StgValue><ssdm name="_ssdm_op_Read.ap_auto.i64"/></StgValue>
</bind>
</comp>

<comp id="10" class="1001" name="const_10">
<pin_list>
<pin id="11" dir="1" index="0" bw="1" slack="0"/>
</pin_list>
<bind>
<StgValue><ssdm name="_ssdm_op_PartSelect.i62.i64.i32.i32"/></StgValue>
</bind>
</comp>

<comp id="12" class="1001" name="const_12">
<pin_list>
<pin id="13" dir="1" index="0" bw="1" slack="0"/>
</pin_list>
<bind>
<StgValue><ssdm name=""/></StgValue>
</bind>
</comp>

<comp id="14" class="1001" name="const_14">
<pin_list>
<pin id="15" dir="1" index="0" bw="1" slack="0"/>
</pin_list>
<bind>
<StgValue><ssdm name=""/></StgValue>
</bind>
</comp>

<comp id="16" class="1001" name="const_16">
<pin_list>
<pin id="17" dir="1" index="0" bw="1" slack="0"/>
</pin_list>
<bind>
<StgValue><ssdm name="_ssdm_op_ReadReq.m_axi.p1i32"/></StgValue>
</bind>
</comp>

<comp id="18" class="1001" name="const_18">
<pin_list>
<pin id="19" dir="1" index="0" bw="1" slack="0"/>
</pin_list>
<bind>
<StgValue><ssdm name=""/></StgValue>
</bind>
</comp>

<comp id="20" class="1001" name="const_20">
<pin_list>
<pin id="21" dir="1" index="0" bw="1" slack="0"/>
</pin_list>
<bind>
<StgValue><ssdm name="load_img_Pipeline_LOAD_IMG_ROWS_LOAD_IMG_COLS_LOAD_IMG_CH"/></StgValue>
</bind>
</comp>

<comp id="22" class="1001" name="const_22">
<pin_list>
<pin id="23" dir="1" index="0" bw="1" slack="2147483647"/>
</pin_list>
<bind>
<StgValue><ssdm name="_ssdm_op_SpecInterface"/></StgValue>
</bind>
</comp>

<comp id="24" class="1001" name="const_24">
<pin_list>
<pin id="25" dir="1" index="0" bw="1" slack="2147483647"/>
</pin_list>
<bind>
<StgValue><ssdm name="empty_37"/></StgValue>
</bind>
</comp>

<comp id="26" class="1001" name="const_26">
<pin_list>
<pin id="27" dir="1" index="0" bw="1" slack="2147483647"/>
</pin_list>
<bind>
<StgValue><ssdm name=""/></StgValue>
</bind>
</comp>

<comp id="28" class="1001" name="const_28">
<pin_list>
<pin id="29" dir="1" index="0" bw="1" slack="2147483647"/>
</pin_list>
<bind>
<StgValue><ssdm name="empty_38"/></StgValue>
</bind>
</comp>

<comp id="30" class="1001" name="const_30">
<pin_list>
<pin id="31" dir="1" index="0" bw="1" slack="2147483647"/>
</pin_list>
<bind>
<StgValue><ssdm name=""/></StgValue>
</bind>
</comp>

<comp id="32" class="1001" name="const_32">
<pin_list>
<pin id="33" dir="1" index="0" bw="1" slack="2147483647"/>
</pin_list>
<bind>
<StgValue><ssdm name="empty_4"/></StgValue>
</bind>
</comp>

<comp id="34" class="1001" name="const_34">
<pin_list>
<pin id="35" dir="1" index="0" bw="1" slack="2147483647"/>
</pin_list>
<bind>
<StgValue><ssdm name="empty_23"/></StgValue>
</bind>
</comp>

<comp id="36" class="1001" name="const_36">
<pin_list>
<pin id="37" dir="1" index="0" bw="1" slack="2147483647"/>
</pin_list>
<bind>
<StgValue><ssdm name=""/></StgValue>
</bind>
</comp>

<comp id="38" class="1001" name="const_38">
<pin_list>
<pin id="39" dir="1" index="0" bw="1" slack="2147483647"/>
</pin_list>
<bind>
<StgValue><ssdm name=""/></StgValue>
</bind>
</comp>

<comp id="40" class="1004" name="img_in_read_read_fu_40">
<pin_list>
<pin id="41" dir="0" index="0" bw="64" slack="0"/>
<pin id="42" dir="0" index="1" bw="64" slack="0"/>
<pin id="43" dir="1" index="2" bw="64" slack="0"/>
</pin_list>
<bind>
<opcode="read(1150) " fcode="read"/>
<opset="img_in_read/1 "/>
</bind>
</comp>

<comp id="46" class="1004" name="grp_readreq_fu_46">
<pin_list>
<pin id="47" dir="0" index="0" bw="1" slack="0"/>
<pin id="48" dir="0" index="1" bw="32" slack="0"/>
<pin id="49" dir="0" index="2" bw="19" slack="0"/>
<pin id="50" dir="1" index="3" bw="1" slack="2147483647"/>
</pin_list>
<bind>
<opcode="readreq(1154) " fcode="readreq"/>
<opset="empty/1 "/>
</bind>
</comp>

<comp id="53" class="1004" name="grp_load_img_Pipeline_LOAD_IMG_ROWS_LOAD_IMG_COLS_LOAD_IMG_CH_fu_53">
<pin_list>
<pin id="54" dir="0" index="0" bw="0" slack="0"/>
<pin id="55" dir="0" index="1" bw="32" slack="0"/>
<pin id="56" dir="0" index="2" bw="62" slack="8"/>
<pin id="57" dir="0" index="3" bw="32" slack="0"/>
<pin id="58" dir="0" index="4" bw="32" slack="0"/>
<pin id="59" dir="1" index="5" bw="0" slack="2147483647"/>
</pin_list>
<bind>
<opcode="call(48) " fcode="call"/>
<opset="call_ln196/9 "/>
</bind>
</comp>

<comp id="64" class="1004" name="trunc_ln_fu_64">
<pin_list>
<pin id="65" dir="0" index="0" bw="62" slack="0"/>
<pin id="66" dir="0" index="1" bw="64" slack="0"/>
<pin id="67" dir="0" index="2" bw="3" slack="0"/>
<pin id="68" dir="0" index="3" bw="7" slack="0"/>
<pin id="69" dir="1" index="4" bw="62" slack="0"/>
</pin_list>
<bind>
<opcode="partselect(1002) " fcode="partselect"/>
<opset="trunc_ln/1 "/>
</bind>
</comp>

<comp id="74" class="1004" name="sext_ln196_fu_74">
<pin_list>
<pin id="75" dir="0" index="0" bw="62" slack="0"/>
<pin id="76" dir="1" index="1" bw="64" slack="0"/>
</pin_list>
<bind>
<opcode="sext(35) " fcode="sext"/>
<opset="sext_ln196/1 "/>
</bind>
</comp>

<comp id="78" class="1004" name="IMGmem_addr_fu_78">
<pin_list>
<pin id="79" dir="0" index="0" bw="64" slack="0"/>
<pin id="80" dir="0" index="1" bw="64" slack="0"/>
<pin id="81" dir="1" index="2" bw="64" slack="0"/>
</pin_list>
<bind>
<opcode="getelementptr(29) " fcode="getelementptr"/>
<opset="IMGmem_addr/1 "/>
</bind>
</comp>

<comp id="85" class="1005" name="trunc_ln_reg_85">
<pin_list>
<pin id="86" dir="0" index="0" bw="62" slack="8"/>
<pin id="87" dir="1" index="1" bw="62" slack="8"/>
</pin_list>
<bind>
<opset="trunc_ln "/>
</bind>
</comp>

<comp id="90" class="1005" name="IMGmem_addr_reg_90">
<pin_list>
<pin id="91" dir="0" index="0" bw="32" slack="1"/>
<pin id="92" dir="1" index="1" bw="32" slack="1"/>
</pin_list>
<bind>
<opset="IMGmem_addr "/>
</bind>
</comp>

</comp_list>

<net_list>
<net id="44"><net_src comp="8" pin="0"/><net_sink comp="40" pin=0"/></net>

<net id="45"><net_src comp="2" pin="0"/><net_sink comp="40" pin=1"/></net>

<net id="51"><net_src comp="16" pin="0"/><net_sink comp="46" pin=0"/></net>

<net id="52"><net_src comp="18" pin="0"/><net_sink comp="46" pin=2"/></net>

<net id="60"><net_src comp="20" pin="0"/><net_sink comp="53" pin=0"/></net>

<net id="61"><net_src comp="0" pin="0"/><net_sink comp="53" pin=1"/></net>

<net id="62"><net_src comp="4" pin="0"/><net_sink comp="53" pin=3"/></net>

<net id="63"><net_src comp="6" pin="0"/><net_sink comp="53" pin=4"/></net>

<net id="70"><net_src comp="10" pin="0"/><net_sink comp="64" pin=0"/></net>

<net id="71"><net_src comp="40" pin="2"/><net_sink comp="64" pin=1"/></net>

<net id="72"><net_src comp="12" pin="0"/><net_sink comp="64" pin=2"/></net>

<net id="73"><net_src comp="14" pin="0"/><net_sink comp="64" pin=3"/></net>

<net id="77"><net_src comp="64" pin="4"/><net_sink comp="74" pin=0"/></net>

<net id="82"><net_src comp="0" pin="0"/><net_sink comp="78" pin=0"/></net>

<net id="83"><net_src comp="74" pin="1"/><net_sink comp="78" pin=1"/></net>

<net id="84"><net_src comp="78" pin="2"/><net_sink comp="46" pin=1"/></net>

<net id="88"><net_src comp="64" pin="4"/><net_sink comp="85" pin=0"/></net>

<net id="89"><net_src comp="85" pin="1"/><net_sink comp="53" pin=2"/></net>

<net id="93"><net_src comp="78" pin="2"/><net_sink comp="90" pin=0"/></net>

<net id="94"><net_src comp="90" pin="1"/><net_sink comp="46" pin=1"/></net>

</net_list>

</model> 
---------------- Datapath Model END ------------------

* FSMD analyzer results:
  - Output states:
	Port: IMGmem | {}
	Port: local_img | {9 10 }
	Port: local_img_60 | {9 10 }
 - Input state : 
	Port: load_img : IMGmem | {1 2 3 4 5 6 7 8 9 10 }
	Port: load_img : img_in | {1 }
	Port: load_img : local_img | {}
	Port: load_img : local_img_60 | {}
  - Chain level:
	State 1
		sext_ln196 : 1
		IMGmem_addr : 2
		empty : 3
	State 2
	State 3
	State 4
	State 5
	State 6
	State 7
	State 8
	State 9
	State 10


============================================================
+ Verbose Summary: Datapath Resource usage 
============================================================

* Functional unit list:
|----------|---------------------------------------------------------------------|---------|---------|
| Operation|                           Functional Unit                           |    FF   |   LUT   |
|----------|---------------------------------------------------------------------|---------|---------|
|   call   | grp_load_img_Pipeline_LOAD_IMG_ROWS_LOAD_IMG_COLS_LOAD_IMG_CH_fu_53 |   162   |   215   |
|----------|---------------------------------------------------------------------|---------|---------|
|   read   |                        img_in_read_read_fu_40                       |    0    |    0    |
|----------|---------------------------------------------------------------------|---------|---------|
|  readreq |                          grp_readreq_fu_46                          |    0    |    0    |
|----------|---------------------------------------------------------------------|---------|---------|
|partselect|                            trunc_ln_fu_64                           |    0    |    0    |
|----------|---------------------------------------------------------------------|---------|---------|
|   sext   |                           sext_ln196_fu_74                          |    0    |    0    |
|----------|---------------------------------------------------------------------|---------|---------|
|   Total  |                                                                     |   162   |   215   |
|----------|---------------------------------------------------------------------|---------|---------|

Memories:
N/A

* Register list:
+------------------+--------+
|                  |   FF   |
+------------------+--------+
|IMGmem_addr_reg_90|   32   |
|  trunc_ln_reg_85 |   62   |
+------------------+--------+
|       Total      |   94   |
+------------------+--------+

* Multiplexer (MUX) list: 
|-------------------|------|------|------|--------||---------||---------||---------|
|        Comp       |  Pin | Size |  BW  | S x BW ||  Delay  ||    FF   ||   LUT   |
|-------------------|------|------|------|--------||---------||---------||---------|
| grp_readreq_fu_46 |  p1  |   2  |  32  |   64   ||    0    ||    9    |
|-------------------|------|------|------|--------||---------||---------||---------|
|       Total       |      |      |      |   64   ||  1.324  ||    0    ||    9    |
|-------------------|------|------|------|--------||---------||---------||---------|



* Summary:
+-----------+--------+--------+--------+
|           |  Delay |   FF   |   LUT  |
+-----------+--------+--------+--------+
|  Function |    -   |   162  |   215  |
|   Memory  |    -   |    -   |    -   |
|Multiplexer|    1   |    0   |    9   |
|  Register |    -   |   94   |    -   |
+-----------+--------+--------+--------+
|   Total   |    1   |   256  |   224  |
+-----------+--------+--------+--------+
