

================================================================
== Vitis HLS Report for 'load_img'
================================================================
* Date:           Tue Jul  8 00:39:48 2025

* Version:        2025.1 (Build 6135595 on May 21 2025)
* Project:        cnn_accel
* Solution:       hls (Vivado IP Flow Target)
* Product family: artix7
* Target device:  xc7a100t-fgg484-2L


================================================================
== Performance Estimates
================================================================
+ Timing: 
    * Summary: 
    +--------+----------+----------+------------+
    |  Clock |  Target  | Estimated| Uncertainty|
    +--------+----------+----------+------------+
    |ap_clk  |  10.00 ns|  7.300 ns|     2.70 ns|
    +--------+----------+----------+------------+

+ Latency: 
    * Summary: 
    +---------+---------+----------+----------+--------+--------+------------------------------------------------+
    |  Latency (cycles) |  Latency (absolute) |     Interval    |                    Pipeline                    |
    |   min   |   max   |    min   |    max   |   min  |   max  |                      Type                      |
    +---------+---------+----------+----------+--------+--------+------------------------------------------------+
    |   691209|   691209|  6.912 ms|  6.912 ms|  691208|  691208|  loop auto-rewind stp (delay=8 clock cycles(s))|
    +---------+---------+----------+----------+--------+--------+------------------------------------------------+

    + Detail: 
        * Instance: 
        N/A

        * Loop: 
        +-------------------------------------------+---------+---------+----------+-----------+-----------+--------+----------+
        |                                           |  Latency (cycles) | Iteration|  Initiation Interval  |  Trip  |          |
        |                 Loop Name                 |   min   |   max   |  Latency |  achieved |   target  |  Count | Pipelined|
        +-------------------------------------------+---------+---------+----------+-----------+-----------+--------+----------+
        |- LOAD_IMG_ROWS_LOAD_IMG_COLS_LOAD_IMG_CH  |   691207|   691207|        11|          3|          3|  230400|       yes|
        +-------------------------------------------+---------+---------+----------+-----------+-----------+--------+----------+

============================================================
+ Verbose Summary: Synthesis Manager
============================================================
InlineROM: 1
ExposeGlobal: 0
============================================================
+ Verbose Summary: CDFG Model
============================================================
IsTopModel: 0
ResetActiveHigh: 1
IsCombinational: 2
IsDatapathOnly: 0
HasWiredReturn: 1
HasMFsm: 2
HasVarLatency: 1
IsPipeline: 0
IsRtlPipelined: 0
IsInstanceOverlapped: 0
IsDontTouch: 0
HasImplIP: 0
IsGatedGlobalClock: 0

+ Individual pipeline summary: 
  * Pipeline-0: initiation interval (II) = 3, depth = 11


============================================================
+ Verbose Summary: Schedule
============================================================
* Number of FSM states : 11
* Pipeline : 1
  Pipeline-0 : II = 3, D = 11, States = { 1 2 3 4 5 6 7 8 9 10 11 }
* Dataflow Pipeline: 0

* FSM state transitions: 
1 --> 2 
2 --> 3 
3 --> 4 
4 --> 5 
5 --> 6 
6 --> 7 
7 --> 8 
8 --> 9 
9 --> 10 
10 --> 11 
11 --> 

* FSM state operations: 

State 1 <SV = 0> <Delay = 1.32>
ST_1 : Operation 14 [1/1] (0.00ns)   --->   "%indvar_flatten1226 = alloca i32 1"   --->   Operation 14 'alloca' 'indvar_flatten1226' <Predicate = true> <Delay = 0.00>
ST_1 : Operation 15 [1/1] (0.00ns)   --->   "%i27 = alloca i32 1"   --->   Operation 15 'alloca' 'i27' <Predicate = true> <Delay = 0.00>
ST_1 : Operation 16 [1/1] (0.00ns)   --->   "%indvar_flatten28 = alloca i32 1"   --->   Operation 16 'alloca' 'indvar_flatten28' <Predicate = true> <Delay = 0.00>
ST_1 : Operation 17 [1/1] (0.00ns)   --->   "%j29 = alloca i32 1"   --->   Operation 17 'alloca' 'j29' <Predicate = true> <Delay = 0.00>
ST_1 : Operation 18 [1/1] (0.00ns)   --->   "%c30 = alloca i32 1"   --->   Operation 18 'alloca' 'c30' <Predicate = true> <Delay = 0.00>
ST_1 : Operation 19 [1/1] (0.00ns)   --->   "%specinterface_ln0 = specinterface void @_ssdm_op_SpecInterface, i32 %IMGmem, void @empty_0, i32 0, i32 0, void @empty_17, i32 0, i32 230400, void @empty_9, void @empty_10, void @empty_17, i32 16, i32 16, i32 16, i32 16, void @empty_17, void @empty_17, i32 4294967295, i32 0, i32 0"   --->   Operation 19 'specinterface' 'specinterface_ln0' <Predicate = true> <Delay = 0.00>
ST_1 : Operation 20 [1/1] (0.00ns)   --->   "%img_in_read = read i64 @_ssdm_op_Read.ap_auto.i64, i64 %img_in" [../hls_files/conv_pool.cpp:138]   --->   Operation 20 'read' 'img_in_read' <Predicate = true> <Delay = 0.00>
ST_1 : Operation 21 [1/1] (1.32ns)   --->   "%store_ln0 = store i2 0, i2 %c30"   --->   Operation 21 'store' 'store_ln0' <Predicate = true> <Delay = 1.32>
ST_1 : Operation 22 [1/1] (1.32ns)   --->   "%store_ln0 = store i9 0, i9 %j29"   --->   Operation 22 'store' 'store_ln0' <Predicate = true> <Delay = 1.32>
ST_1 : Operation 23 [1/1] (1.32ns)   --->   "%store_ln0 = store i11 0, i11 %indvar_flatten28"   --->   Operation 23 'store' 'store_ln0' <Predicate = true> <Delay = 1.32>
ST_1 : Operation 24 [1/1] (1.32ns)   --->   "%store_ln0 = store i8 0, i8 %i27"   --->   Operation 24 'store' 'store_ln0' <Predicate = true> <Delay = 1.32>
ST_1 : Operation 25 [1/1] (1.32ns)   --->   "%store_ln0 = store i18 0, i18 %indvar_flatten1226"   --->   Operation 25 'store' 'store_ln0' <Predicate = true> <Delay = 1.32>
ST_1 : Operation 26 [1/1] (1.32ns)   --->   "%br_ln0 = br void %new.header"   --->   Operation 26 'br' 'br_ln0' <Predicate = true> <Delay = 1.32>
ST_1 : Operation 27 [1/1] (0.00ns)   --->   "%first_iter_0 = phi i1 1, void %entry, i1 0, void %arrayidx1623.exit.i"   --->   Operation 27 'phi' 'first_iter_0' <Predicate = true> <Delay = 0.00>
ST_1 : Operation 28 [1/1] (0.00ns)   --->   "%br_ln0 = br i1 %first_iter_0, void %for.inc20.i, void %for.first.iter.for.inc20.i"   --->   Operation 28 'br' 'br_ln0' <Predicate = true> <Delay = 0.00>

State 2 <SV = 1> <Delay = 7.30>
ST_2 : Operation 29 [1/1] (0.00ns)   --->   "%trunc_ln = partselect i62 @_ssdm_op_PartSelect.i62.i64.i32.i32, i64 %img_in_read, i32 2, i32 63" [../hls_files/conv_pool.cpp:139]   --->   Operation 29 'partselect' 'trunc_ln' <Predicate = true> <Delay = 0.00>
ST_2 : Operation 30 [1/1] (0.00ns)   --->   "%sext_ln139 = sext i62 %trunc_ln" [../hls_files/conv_pool.cpp:139]   --->   Operation 30 'sext' 'sext_ln139' <Predicate = true> <Delay = 0.00>
ST_2 : Operation 31 [1/1] (0.00ns)   --->   "%IMGmem_addr = getelementptr i32 %IMGmem, i64 %sext_ln139" [../hls_files/conv_pool.cpp:139]   --->   Operation 31 'getelementptr' 'IMGmem_addr' <Predicate = true> <Delay = 0.00>
ST_2 : Operation 32 [8/8] (7.30ns)   --->   "%empty = readreq i1 @_ssdm_op_ReadReq.m_axi.p1i32, i32 %IMGmem_addr, i64 230400" [../hls_files/conv_pool.cpp:139]   --->   Operation 32 'readreq' 'empty' <Predicate = (first_iter_0)> <Delay = 7.30> <CoreInst = "m_axi">   --->   Core 111 'm_axi' <Latency = 6> <II = 1> <Delay = 1.00> <Adapter> <Opcode : 'read' 'write' 'readreq' 'writereq' 'writeresp'>

State 3 <SV = 2> <Delay = 7.30>
ST_3 : Operation 33 [7/8] (7.30ns)   --->   "%empty = readreq i1 @_ssdm_op_ReadReq.m_axi.p1i32, i32 %IMGmem_addr, i64 230400" [../hls_files/conv_pool.cpp:139]   --->   Operation 33 'readreq' 'empty' <Predicate = (first_iter_0)> <Delay = 7.30> <CoreInst = "m_axi">   --->   Core 111 'm_axi' <Latency = 6> <II = 1> <Delay = 1.00> <Adapter> <Opcode : 'read' 'write' 'readreq' 'writereq' 'writeresp'>
ST_3 : Operation 34 [1/1] (0.00ns)   --->   "%indvar_flatten1226_load_1 = load i18 %indvar_flatten1226" [../hls_files/conv_pool.cpp:139]   --->   Operation 34 'load' 'indvar_flatten1226_load_1' <Predicate = true> <Delay = 0.00>
ST_3 : Operation 35 [1/1] (1.88ns)   --->   "%icmp_ln139 = icmp_eq  i18 %indvar_flatten1226_load_1, i18 230399" [../hls_files/conv_pool.cpp:139]   --->   Operation 35 'icmp' 'icmp_ln139' <Predicate = true> <Delay = 1.88> <CoreInst = "Cmp">   --->   Core 9 'Cmp' <Latency = 0> <II = 1> <Delay = 1.88> <FuncUnit> <Opcode : 'seteq' 'setne' 'setle' 'setge' 'setlt' 'setgt'> <InPorts = 2> <OutPorts = 1>
ST_3 : Operation 36 [1/1] (0.00ns)   --->   "%br_ln139 = br i1 %icmp_ln139, void %new.header, void %load_img.exit" [../hls_files/conv_pool.cpp:139]   --->   Operation 36 'br' 'br_ln139' <Predicate = true> <Delay = 0.00>

State 4 <SV = 3> <Delay = 7.30>
ST_4 : Operation 37 [6/8] (7.30ns)   --->   "%empty = readreq i1 @_ssdm_op_ReadReq.m_axi.p1i32, i32 %IMGmem_addr, i64 230400" [../hls_files/conv_pool.cpp:139]   --->   Operation 37 'readreq' 'empty' <Predicate = (first_iter_0)> <Delay = 7.30> <CoreInst = "m_axi">   --->   Core 111 'm_axi' <Latency = 6> <II = 1> <Delay = 1.00> <Adapter> <Opcode : 'read' 'write' 'readreq' 'writereq' 'writeresp'>

State 5 <SV = 4> <Delay = 7.30>
ST_5 : Operation 38 [5/8] (7.30ns)   --->   "%empty = readreq i1 @_ssdm_op_ReadReq.m_axi.p1i32, i32 %IMGmem_addr, i64 230400" [../hls_files/conv_pool.cpp:139]   --->   Operation 38 'readreq' 'empty' <Predicate = (first_iter_0)> <Delay = 7.30> <CoreInst = "m_axi">   --->   Core 111 'm_axi' <Latency = 6> <II = 1> <Delay = 1.00> <Adapter> <Opcode : 'read' 'write' 'readreq' 'writereq' 'writeresp'>
ST_5 : Operation 39 [1/1] (0.00ns)   --->   "%indvar_flatten1226_load = load i18 %indvar_flatten1226" [../hls_files/conv_pool.cpp:139]   --->   Operation 39 'load' 'indvar_flatten1226_load' <Predicate = true> <Delay = 0.00>
ST_5 : Operation 40 [1/1] (1.88ns)   --->   "%add_ln139_1 = add i18 %indvar_flatten1226_load, i18 1" [../hls_files/conv_pool.cpp:139]   --->   Operation 40 'add' 'add_ln139_1' <Predicate = true> <Delay = 1.88> <CoreInst = "Adder">   --->   Core 1 'Adder' <Latency = 0> <II = 1> <Delay = 1.88> <FuncUnit> <Opcode : 'add' 'sub'> <InPorts = 2> <OutPorts = 1>
ST_5 : Operation 41 [1/1] (1.32ns)   --->   "%store_ln139 = store i18 %add_ln139_1, i18 %indvar_flatten1226" [../hls_files/conv_pool.cpp:139]   --->   Operation 41 'store' 'store_ln139' <Predicate = true> <Delay = 1.32>

State 6 <SV = 5> <Delay = 7.30>
ST_6 : Operation 42 [4/8] (7.30ns)   --->   "%empty = readreq i1 @_ssdm_op_ReadReq.m_axi.p1i32, i32 %IMGmem_addr, i64 230400" [../hls_files/conv_pool.cpp:139]   --->   Operation 42 'readreq' 'empty' <Predicate = (first_iter_0)> <Delay = 7.30> <CoreInst = "m_axi">   --->   Core 111 'm_axi' <Latency = 6> <II = 1> <Delay = 1.00> <Adapter> <Opcode : 'read' 'write' 'readreq' 'writereq' 'writeresp'>

State 7 <SV = 6> <Delay = 7.30>
ST_7 : Operation 43 [3/8] (7.30ns)   --->   "%empty = readreq i1 @_ssdm_op_ReadReq.m_axi.p1i32, i32 %IMGmem_addr, i64 230400" [../hls_files/conv_pool.cpp:139]   --->   Operation 43 'readreq' 'empty' <Predicate = (first_iter_0)> <Delay = 7.30> <CoreInst = "m_axi">   --->   Core 111 'm_axi' <Latency = 6> <II = 1> <Delay = 1.00> <Adapter> <Opcode : 'read' 'write' 'readreq' 'writereq' 'writeresp'>

State 8 <SV = 7> <Delay = 7.30>
ST_8 : Operation 44 [1/1] (0.00ns)   --->   "%icmp_ln14032 = phi i1 0, void %entry, i1 %icmp_ln140, void %arrayidx1623.exit.i" [../hls_files/conv_pool.cpp:140]   --->   Operation 44 'phi' 'icmp_ln14032' <Predicate = true> <Delay = 0.00>
ST_8 : Operation 45 [1/1] (0.00ns)   --->   "%icmp_ln14131 = phi i1 0, void %entry, i1 %icmp_ln141, void %arrayidx1623.exit.i" [../hls_files/conv_pool.cpp:141]   --->   Operation 45 'phi' 'icmp_ln14131' <Predicate = true> <Delay = 0.00>
ST_8 : Operation 46 [2/8] (7.30ns)   --->   "%empty = readreq i1 @_ssdm_op_ReadReq.m_axi.p1i32, i32 %IMGmem_addr, i64 230400" [../hls_files/conv_pool.cpp:139]   --->   Operation 46 'readreq' 'empty' <Predicate = (first_iter_0)> <Delay = 7.30> <CoreInst = "m_axi">   --->   Core 111 'm_axi' <Latency = 6> <II = 1> <Delay = 1.00> <Adapter> <Opcode : 'read' 'write' 'readreq' 'writereq' 'writeresp'>
ST_8 : Operation 47 [1/1] (0.00ns) (grouped into LUT with out node and_ln139)   --->   "%xor_ln139 = xor i1 %icmp_ln14032, i1 1" [../hls_files/conv_pool.cpp:139]   --->   Operation 47 'xor' 'xor_ln139' <Predicate = true> <Delay = 0.00> <CoreInst = "LogicGate">   --->   Core 74 'LogicGate' <Latency = 0> <II = 1> <Delay = 0.80> <FuncUnit> <Opcode : 'and' 'or' 'xor'> <InPorts = 2> <OutPorts = 1>
ST_8 : Operation 48 [1/1] (0.80ns) (out node of the LUT)   --->   "%and_ln139 = and i1 %icmp_ln14131, i1 %xor_ln139" [../hls_files/conv_pool.cpp:139]   --->   Operation 48 'and' 'and_ln139' <Predicate = true> <Delay = 0.80> <CoreInst = "LogicGate">   --->   Core 74 'LogicGate' <Latency = 0> <II = 1> <Delay = 0.80> <FuncUnit> <Opcode : 'and' 'or' 'xor'> <InPorts = 2> <OutPorts = 1>

State 9 <SV = 8> <Delay = 7.30>
ST_9 : Operation 49 [1/8] (7.30ns)   --->   "%empty = readreq i1 @_ssdm_op_ReadReq.m_axi.p1i32, i32 %IMGmem_addr, i64 230400" [../hls_files/conv_pool.cpp:139]   --->   Operation 49 'readreq' 'empty' <Predicate = (first_iter_0)> <Delay = 7.30> <CoreInst = "m_axi">   --->   Core 111 'm_axi' <Latency = 6> <II = 1> <Delay = 1.00> <Adapter> <Opcode : 'read' 'write' 'readreq' 'writereq' 'writeresp'>
ST_9 : Operation 50 [1/1] (0.00ns)   --->   "%br_ln0 = br void %for.inc20.i"   --->   Operation 50 'br' 'br_ln0' <Predicate = (first_iter_0)> <Delay = 0.00>

State 10 <SV = 9> <Delay = 7.30>
ST_10 : Operation 51 [1/1] (0.00ns)   --->   "%indvar_flatten28_load = load i11 %indvar_flatten28" [../hls_files/conv_pool.cpp:140]   --->   Operation 51 'load' 'indvar_flatten28_load' <Predicate = true> <Delay = 0.00>
ST_10 : Operation 52 [1/1] (0.00ns)   --->   "%i27_load = load i8 %i27" [../hls_files/conv_pool.cpp:139]   --->   Operation 52 'load' 'i27_load' <Predicate = true> <Delay = 0.00>
ST_10 : Operation 53 [1/1] (0.00ns)   --->   "%j29_load = load i9 %j29" [../hls_files/conv_pool.cpp:139]   --->   Operation 53 'load' 'j29_load' <Predicate = true> <Delay = 0.00>
ST_10 : Operation 54 [1/1] (0.00ns)   --->   "%c30_load = load i2 %c30"   --->   Operation 54 'load' 'c30_load' <Predicate = true> <Delay = 0.00>
ST_10 : Operation 55 [1/1] (1.71ns)   --->   "%add_ln139 = add i8 %i27_load, i8 1" [../hls_files/conv_pool.cpp:139]   --->   Operation 55 'add' 'add_ln139' <Predicate = true> <Delay = 1.71> <CoreInst = "Adder">   --->   Core 1 'Adder' <Latency = 0> <II = 1> <Delay = 1.71> <FuncUnit> <Opcode : 'add' 'sub'> <InPorts = 2> <OutPorts = 1>
ST_10 : Operation 56 [1/1] (1.07ns)   --->   "%select_ln139 = select i1 %icmp_ln14032, i9 0, i9 %j29_load" [../hls_files/conv_pool.cpp:139]   --->   Operation 56 'select' 'select_ln139' <Predicate = true> <Delay = 1.07> <CoreInst = "Sel">   --->   Core 73 'Sel' <Latency = 0> <II = 1> <Delay = 1.07> <FuncUnit> <Opcode : 'select'> <InPorts = 3> <OutPorts = 1>
ST_10 : Operation 57 [1/1] (1.07ns)   --->   "%i = select i1 %icmp_ln14032, i8 %add_ln139, i8 %i27_load" [../hls_files/conv_pool.cpp:139]   --->   Operation 57 'select' 'i' <Predicate = true> <Delay = 1.07> <CoreInst = "Sel">   --->   Core 73 'Sel' <Latency = 0> <II = 1> <Delay = 1.07> <FuncUnit> <Opcode : 'select'> <InPorts = 3> <OutPorts = 1>
ST_10 : Operation 58 [1/1] (1.73ns)   --->   "%add_ln140 = add i9 %select_ln139, i9 1" [../hls_files/conv_pool.cpp:140]   --->   Operation 58 'add' 'add_ln140' <Predicate = (and_ln139)> <Delay = 1.73> <CoreInst = "Adder">   --->   Core 1 'Adder' <Latency = 0> <II = 1> <Delay = 1.73> <FuncUnit> <Opcode : 'add' 'sub'> <InPorts = 2> <OutPorts = 1>
ST_10 : Operation 59 [1/1] (0.00ns) (grouped into LUT with out node c_mid2)   --->   "%empty_65 = or i1 %and_ln139, i1 %icmp_ln14032" [../hls_files/conv_pool.cpp:139]   --->   Operation 59 'or' 'empty_65' <Predicate = true> <Delay = 0.00> <CoreInst = "LogicGate">   --->   Core 74 'LogicGate' <Latency = 0> <II = 1> <Delay = 0.80> <FuncUnit> <Opcode : 'and' 'or' 'xor'> <InPorts = 2> <OutPorts = 1>
ST_10 : Operation 60 [1/1] (0.81ns) (out node of the LUT)   --->   "%c_mid2 = select i1 %empty_65, i2 0, i2 %c30_load" [../hls_files/conv_pool.cpp:139]   --->   Operation 60 'select' 'c_mid2' <Predicate = true> <Delay = 0.81> <CoreInst = "Sel">   --->   Core 73 'Sel' <Latency = 0> <II = 1> <Delay = 0.81> <FuncUnit> <Opcode : 'select'> <InPorts = 3> <OutPorts = 1>
ST_10 : Operation 61 [1/1] (1.07ns)   --->   "%j = select i1 %and_ln139, i9 %add_ln140, i9 %select_ln139" [../hls_files/conv_pool.cpp:140]   --->   Operation 61 'select' 'j' <Predicate = true> <Delay = 1.07> <CoreInst = "Sel">   --->   Core 73 'Sel' <Latency = 0> <II = 1> <Delay = 1.07> <FuncUnit> <Opcode : 'select'> <InPorts = 3> <OutPorts = 1>
ST_10 : Operation 62 [1/1] (0.00ns)   --->   "%trunc_ln141 = trunc i2 %c_mid2" [../hls_files/conv_pool.cpp:141]   --->   Operation 62 'trunc' 'trunc_ln141' <Predicate = true> <Delay = 0.00>
ST_10 : Operation 63 [1/1] (7.30ns)   --->   "%IMGmem_addr_read = read i32 @_ssdm_op_Read.m_axi.p1i32, i32 %IMGmem_addr" [../hls_files/conv_pool.cpp:144]   --->   Operation 63 'read' 'IMGmem_addr_read' <Predicate = true> <Delay = 7.30> <CoreInst = "m_axi">   --->   Core 111 'm_axi' <Latency = 3> <II = 1> <Delay = 1.00> <Adapter> <Opcode : 'read' 'write' 'readreq' 'writereq' 'writeresp'>
ST_10 : Operation 64 [1/1] (0.00ns)   --->   "%bitcast_ln144 = bitcast i32 %IMGmem_addr_read" [../hls_files/conv_pool.cpp:144]   --->   Operation 64 'bitcast' 'bitcast_ln144' <Predicate = true> <Delay = 0.00>
ST_10 : Operation 65 [1/1] (0.00ns)   --->   "%tmp_28 = bitselect i1 @_ssdm_op_BitSelect.i1.i2.i32, i2 %c_mid2, i32 1" [../hls_files/conv_pool.cpp:144]   --->   Operation 65 'bitselect' 'tmp_28' <Predicate = true> <Delay = 0.00>
ST_10 : Operation 66 [1/1] (0.00ns)   --->   "%br_ln144 = br i1 %tmp_28, void %arrayidx1623.case.0.i, void %arrayidx1623.case.1.i" [../hls_files/conv_pool.cpp:144]   --->   Operation 66 'br' 'br_ln144' <Predicate = true> <Delay = 0.00>
ST_10 : Operation 67 [1/1] (1.20ns)   --->   "%c = add i2 %c_mid2, i2 1" [../hls_files/conv_pool.cpp:141]   --->   Operation 67 'add' 'c' <Predicate = true> <Delay = 1.20> <CoreInst = "Adder">   --->   Core 1 'Adder' <Latency = 0> <II = 1> <Delay = 1.20> <FuncUnit> <Opcode : 'add' 'sub'> <InPorts = 2> <OutPorts = 1>
ST_10 : Operation 68 [1/1] (1.76ns)   --->   "%add_ln140_1 = add i11 %indvar_flatten28_load, i11 1" [../hls_files/conv_pool.cpp:140]   --->   Operation 68 'add' 'add_ln140_1' <Predicate = true> <Delay = 1.76> <CoreInst = "Adder">   --->   Core 1 'Adder' <Latency = 0> <II = 1> <Delay = 1.76> <FuncUnit> <Opcode : 'add' 'sub'> <InPorts = 2> <OutPorts = 1>
ST_10 : Operation 69 [1/1] (0.83ns)   --->   "%select_ln140_1 = select i1 %icmp_ln14032, i11 1, i11 %add_ln140_1" [../hls_files/conv_pool.cpp:140]   --->   Operation 69 'select' 'select_ln140_1' <Predicate = true> <Delay = 0.83> <CoreInst = "Sel">   --->   Core 73 'Sel' <Latency = 0> <II = 1> <Delay = 0.83> <FuncUnit> <Opcode : 'select'> <InPorts = 3> <OutPorts = 1>
ST_10 : Operation 70 [1/1] (1.20ns)   --->   "%icmp_ln141 = icmp_eq  i2 %c, i2 3" [../hls_files/conv_pool.cpp:141]   --->   Operation 70 'icmp' 'icmp_ln141' <Predicate = true> <Delay = 1.20> <CoreInst = "Cmp">   --->   Core 9 'Cmp' <Latency = 0> <II = 1> <Delay = 1.20> <FuncUnit> <Opcode : 'seteq' 'setne' 'setle' 'setge' 'setlt' 'setgt'> <InPorts = 2> <OutPorts = 1>
ST_10 : Operation 71 [1/1] (1.76ns)   --->   "%icmp_ln140 = icmp_eq  i11 %select_ln140_1, i11 960" [../hls_files/conv_pool.cpp:140]   --->   Operation 71 'icmp' 'icmp_ln140' <Predicate = true> <Delay = 1.76> <CoreInst = "Cmp">   --->   Core 9 'Cmp' <Latency = 0> <II = 1> <Delay = 1.76> <FuncUnit> <Opcode : 'seteq' 'setne' 'setle' 'setge' 'setlt' 'setgt'> <InPorts = 2> <OutPorts = 1>
ST_10 : Operation 72 [1/1] (1.32ns)   --->   "%store_ln141 = store i2 %c, i2 %c30" [../hls_files/conv_pool.cpp:141]   --->   Operation 72 'store' 'store_ln141' <Predicate = true> <Delay = 1.32>
ST_10 : Operation 73 [1/1] (1.32ns)   --->   "%store_ln140 = store i9 %j, i9 %j29" [../hls_files/conv_pool.cpp:140]   --->   Operation 73 'store' 'store_ln140' <Predicate = true> <Delay = 1.32>
ST_10 : Operation 74 [1/1] (1.32ns)   --->   "%store_ln140 = store i11 %select_ln140_1, i11 %indvar_flatten28" [../hls_files/conv_pool.cpp:140]   --->   Operation 74 'store' 'store_ln140' <Predicate = true> <Delay = 1.32>
ST_10 : Operation 75 [1/1] (1.32ns)   --->   "%store_ln139 = store i8 %i, i8 %i27" [../hls_files/conv_pool.cpp:139]   --->   Operation 75 'store' 'store_ln139' <Predicate = true> <Delay = 1.32>

State 11 <SV = 10> <Delay = 6.11>
ST_11 : Operation 76 [1/1] (0.00ns)   --->   "%specloopname_ln0 = specloopname void @_ssdm_op_SpecLoopName, void @LOAD_IMG_ROWS_LOAD_IMG_COLS_LOAD_IMG_CH_str"   --->   Operation 76 'specloopname' 'specloopname_ln0' <Predicate = true> <Delay = 0.00>
ST_11 : Operation 77 [1/1] (0.00ns)   --->   "%speclooptripcount_ln0 = speclooptripcount void @_ssdm_op_SpecLoopTripCount, i64 230400, i64 230400, i64 230400"   --->   Operation 77 'speclooptripcount' 'speclooptripcount_ln0' <Predicate = true> <Delay = 0.00>
ST_11 : Operation 78 [1/1] (0.00ns)   --->   "%tmp = bitconcatenate i16 @_ssdm_op_BitConcatenate.i16.i8.i8, i8 %i, i8 0" [../hls_files/conv_pool.cpp:144]   --->   Operation 78 'bitconcatenate' 'tmp' <Predicate = true> <Delay = 0.00>
ST_11 : Operation 79 [1/1] (0.00ns)   --->   "%zext_ln144 = zext i16 %tmp" [../hls_files/conv_pool.cpp:144]   --->   Operation 79 'zext' 'zext_ln144' <Predicate = true> <Delay = 0.00>
ST_11 : Operation 80 [1/1] (0.00ns)   --->   "%tmp_27 = bitconcatenate i14 @_ssdm_op_BitConcatenate.i14.i8.i6, i8 %i, i6 0" [../hls_files/conv_pool.cpp:144]   --->   Operation 80 'bitconcatenate' 'tmp_27' <Predicate = true> <Delay = 0.00>
ST_11 : Operation 81 [1/1] (0.00ns)   --->   "%zext_ln144_1 = zext i14 %tmp_27" [../hls_files/conv_pool.cpp:144]   --->   Operation 81 'zext' 'zext_ln144_1' <Predicate = true> <Delay = 0.00>
ST_11 : Operation 82 [1/1] (0.00ns) (grouped into TernaryAdder)   --->   "%add_ln144_1 = add i17 %zext_ln144, i17 %zext_ln144_1" [../hls_files/conv_pool.cpp:144]   --->   Operation 82 'add' 'add_ln144_1' <Predicate = true> <Delay = 0.00> <CoreInst = "TAddSub">   --->   Core 10 'TAddSub' <Latency = 0> <II = 1> <Delay = 1.67> <IPBlock> <Opcode : 'add' 'sub'> <InPorts = 3> <OutPorts = 1> <Sync> <CReg>
ST_11 : Operation 83 [1/1] (0.00ns)   --->   "%zext_ln144_2 = zext i9 %j" [../hls_files/conv_pool.cpp:144]   --->   Operation 83 'zext' 'zext_ln144_2' <Predicate = true> <Delay = 0.00>
ST_11 : Operation 84 [1/1] (3.34ns) (root node of TernaryAdder)   --->   "%add_ln144 = add i17 %add_ln144_1, i17 %zext_ln144_2" [../hls_files/conv_pool.cpp:144]   --->   Operation 84 'add' 'add_ln144' <Predicate = true> <Delay = 3.34> <CoreInst = "TAddSub">   --->   Core 10 'TAddSub' <Latency = 0> <II = 1> <Delay = 1.67> <IPBlock> <Opcode : 'add' 'sub'> <InPorts = 3> <OutPorts = 1> <Sync> <CReg>
ST_11 : Operation 85 [1/1] (0.00ns)   --->   "%specpipeline_ln142 = specpipeline void @_ssdm_op_SpecPipeline, i32 3, i32 0, i32 0, i32 0, void @empty_17" [../hls_files/conv_pool.cpp:142]   --->   Operation 85 'specpipeline' 'specpipeline_ln142' <Predicate = true> <Delay = 0.00>
ST_11 : Operation 86 [1/1] (0.00ns)   --->   "%tmp_s = bitconcatenate i18 @_ssdm_op_BitConcatenate.i18.i17.i1, i17 %add_ln144, i1 %trunc_ln141" [../hls_files/conv_pool.cpp:144]   --->   Operation 86 'bitconcatenate' 'tmp_s' <Predicate = true> <Delay = 0.00>
ST_11 : Operation 87 [1/1] (0.00ns)   --->   "%zext_ln144_3 = zext i18 %tmp_s" [../hls_files/conv_pool.cpp:144]   --->   Operation 87 'zext' 'zext_ln144_3' <Predicate = true> <Delay = 0.00>
ST_11 : Operation 88 [1/1] (0.00ns)   --->   "%local_img_addr = getelementptr i32 %local_img, i64 0, i64 %zext_ln144_3" [../hls_files/conv_pool.cpp:144]   --->   Operation 88 'getelementptr' 'local_img_addr' <Predicate = true> <Delay = 0.00>
ST_11 : Operation 89 [1/1] (0.00ns)   --->   "%local_img_1_addr = getelementptr i32 %local_img_1, i64 0, i64 %zext_ln144_3" [../hls_files/conv_pool.cpp:144]   --->   Operation 89 'getelementptr' 'local_img_1_addr' <Predicate = true> <Delay = 0.00>
ST_11 : Operation 90 [1/1] ( I:2.77ns O:2.77ns )   --->   "%store_ln144 = store i32 %bitcast_ln144, i18 %local_img_addr" [../hls_files/conv_pool.cpp:144]   --->   Operation 90 'store' 'store_ln144' <Predicate = (!tmp_28)> <Delay = 2.77> <CoreInst = "RAM">   --->   Core 81 'RAM' <Latency = 1> <II = 1> <Delay = 2.77> <Storage> <Opcode : 'load' 'store'> <Ports = 2> <Width = 32> <Depth = 153600> <RAM>
ST_11 : Operation 91 [1/1] (0.00ns)   --->   "%br_ln144 = br void %arrayidx1623.exit.i" [../hls_files/conv_pool.cpp:144]   --->   Operation 91 'br' 'br_ln144' <Predicate = (!tmp_28)> <Delay = 0.00>
ST_11 : Operation 92 [1/1] ( I:2.77ns O:2.77ns )   --->   "%store_ln144 = store i32 %bitcast_ln144, i18 %local_img_1_addr" [../hls_files/conv_pool.cpp:144]   --->   Operation 92 'store' 'store_ln144' <Predicate = (tmp_28)> <Delay = 2.77> <CoreInst = "RAM">   --->   Core 81 'RAM' <Latency = 1> <II = 1> <Delay = 2.77> <Storage> <Opcode : 'load' 'store'> <Ports = 2> <Width = 32> <Depth = 153600> <RAM>
ST_11 : Operation 93 [1/1] (0.00ns)   --->   "%br_ln144 = br void %arrayidx1623.exit.i" [../hls_files/conv_pool.cpp:144]   --->   Operation 93 'br' 'br_ln144' <Predicate = (tmp_28)> <Delay = 0.00>
ST_11 : Operation 94 [1/1] (1.32ns)   --->   "%ret_ln0 = ret"   --->   Operation 94 'ret' 'ret_ln0' <Predicate = (icmp_ln139)> <Delay = 1.32>


============================================================
+ Verbose Summary: Timing violations
============================================================
Target clock period: 10.000ns, clock uncertainty: 2.700ns.

 <State 1>: 1.324ns
The critical path consists of the following:
	multiplexor before 'phi' operation 1 bit ('first_iter_0') [19]  (1.324 ns)
	'phi' operation 1 bit ('first_iter_0') [19]  (0.000 ns)

 <State 2>: 7.300ns
The critical path consists of the following:
	'getelementptr' operation 32 bit ('IMGmem_addr', ../hls_files/conv_pool.cpp:139) [25]  (0.000 ns)
	bus request operation ('empty', ../hls_files/conv_pool.cpp:139) on port 'IMGmem' (../hls_files/conv_pool.cpp:139) [28]  (7.300 ns)

 <State 3>: 7.300ns
The critical path consists of the following:
	bus request operation ('empty', ../hls_files/conv_pool.cpp:139) on port 'IMGmem' (../hls_files/conv_pool.cpp:139) [28]  (7.300 ns)

 <State 4>: 7.300ns
The critical path consists of the following:
	bus request operation ('empty', ../hls_files/conv_pool.cpp:139) on port 'IMGmem' (../hls_files/conv_pool.cpp:139) [28]  (7.300 ns)

 <State 5>: 7.300ns
The critical path consists of the following:
	bus request operation ('empty', ../hls_files/conv_pool.cpp:139) on port 'IMGmem' (../hls_files/conv_pool.cpp:139) [28]  (7.300 ns)

 <State 6>: 7.300ns
The critical path consists of the following:
	bus request operation ('empty', ../hls_files/conv_pool.cpp:139) on port 'IMGmem' (../hls_files/conv_pool.cpp:139) [28]  (7.300 ns)

 <State 7>: 7.300ns
The critical path consists of the following:
	bus request operation ('empty', ../hls_files/conv_pool.cpp:139) on port 'IMGmem' (../hls_files/conv_pool.cpp:139) [28]  (7.300 ns)

 <State 8>: 7.300ns
The critical path consists of the following:
	bus request operation ('empty', ../hls_files/conv_pool.cpp:139) on port 'IMGmem' (../hls_files/conv_pool.cpp:139) [28]  (7.300 ns)

 <State 9>: 7.300ns
The critical path consists of the following:
	bus request operation ('empty', ../hls_files/conv_pool.cpp:139) on port 'IMGmem' (../hls_files/conv_pool.cpp:139) [28]  (7.300 ns)

 <State 10>: 7.300ns
The critical path consists of the following:
	bus read operation ('IMGmem_addr_read', ../hls_files/conv_pool.cpp:144) on port 'IMGmem' (../hls_files/conv_pool.cpp:144) [59]  (7.300 ns)

 <State 11>: 6.114ns
The critical path consists of the following:
	'add' operation 17 bit ('add_ln144_1', ../hls_files/conv_pool.cpp:144) [50]  (0.000 ns)
	'add' operation 17 bit ('add_ln144', ../hls_files/conv_pool.cpp:144) [52]  (3.342 ns)
	'getelementptr' operation 18 bit ('local_img_1_addr', ../hls_files/conv_pool.cpp:144) [58]  (0.000 ns)
	'store' operation 0 bit ('store_ln144', ../hls_files/conv_pool.cpp:144) of variable 'bitcast_ln144', ../hls_files/conv_pool.cpp:144 on array 'local_img_1' [68]  (2.772 ns)


============================================================
+ Verbose Summary: Binding
============================================================
N/A
* FSMD analyzer results:
  - Output states:
 - Input state : 
  - Chain level:
	State 1
	State 2
	State 3
	State 4
	State 5
	State 6
	State 7
	State 8
	State 9
	State 10
	State 11


============================================================
+ Verbose Summary: Datapath Resource usage 
============================================================
N/A
