

================================================================
== Vitis HLS Report for 'load_img_Pipeline_LOAD_IMG_ROWS_LOAD_IMG_COLS_LOAD_IMG_CH'
================================================================
* Date:           Wed Jul  9 07:45:19 2025

* Version:        2025.1 (Build 6135595 on May 21 2025)
* Project:        cnn_accel
* Solution:       hls (Vivado IP Flow Target)
* Product family: artix7
* Target device:  xc7a100t-fgg484-2L


================================================================
== Performance Estimates
================================================================
+ Timing: 
    * Summary: 
    +--------+----------+----------+------------+
    |  Clock |  Target  | Estimated| Uncertainty|
    +--------+----------+----------+------------+
    |ap_clk  |  10.00 ns|  7.300 ns|     2.70 ns|
    +--------+----------+----------+------------+

+ Latency: 
    * Summary: 
    +---------+---------+----------+----------+--------+--------+------------------------------------------------+
    |  Latency (cycles) |  Latency (absolute) |     Interval    |                    Pipeline                    |
    |   min   |   max   |    min   |    max   |   min  |   max  |                      Type                      |
    +---------+---------+----------+----------+--------+--------+------------------------------------------------+
    |   691202|   691202|  6.912 ms|  6.912 ms|  691201|  691201|  loop auto-rewind stp (delay=0 clock cycles(s))|
    +---------+---------+----------+----------+--------+--------+------------------------------------------------+

    + Detail: 
        * Instance: 
        N/A

        * Loop: 
        +-------------------------------------------+---------+---------+----------+-----------+-----------+--------+----------+
        |                                           |  Latency (cycles) | Iteration|  Initiation Interval  |  Trip  |          |
        |                 Loop Name                 |   min   |   max   |  Latency |  achieved |   target  |  Count | Pipelined|
        +-------------------------------------------+---------+---------+----------+-----------+-----------+--------+----------+
        |- LOAD_IMG_ROWS_LOAD_IMG_COLS_LOAD_IMG_CH  |   691200|   691200|         3|          3|          3|  230400|       yes|
        +-------------------------------------------+---------+---------+----------+-----------+-----------+--------+----------+

============================================================
+ Verbose Summary: Synthesis Manager
============================================================
InlineROM: 1
ExposeGlobal: 0
============================================================
+ Verbose Summary: CDFG Model
============================================================
IsTopModel: 0
ResetActiveHigh: 1
IsCombinational: 0
IsDatapathOnly: 0
HasWiredReturn: 1
HasMFsm: 2
HasVarLatency: 1
IsPipeline: 0
IsRtlPipelined: 0
IsInstanceOverlapped: 0
IsDontTouch: 0
HasImplIP: 0
IsGatedGlobalClock: 0

+ Individual pipeline summary: 
  * Pipeline-0: initiation interval (II) = 3, depth = 3


============================================================
+ Verbose Summary: Schedule
============================================================
* Number of FSM states : 3
* Pipeline : 1
  Pipeline-0 : II = 3, D = 3, States = { 1 2 3 }
* Dataflow Pipeline: 0

* FSM state transitions: 
1 --> 2 
2 --> 3 
3 --> 

* FSM state operations: 

State 1 <SV = 0> <Delay = 5.24>
ST_1 : Operation 6 [1/1] (0.00ns)   --->   "%c = alloca i32 1" [../hls_files/conv_pool.cpp:198]   --->   Operation 6 'alloca' 'c' <Predicate = true> <Delay = 0.00>
ST_1 : Operation 7 [1/1] (0.00ns)   --->   "%j = alloca i32 1" [../hls_files/conv_pool.cpp:197]   --->   Operation 7 'alloca' 'j' <Predicate = true> <Delay = 0.00>
ST_1 : Operation 8 [1/1] (0.00ns)   --->   "%indvar_flatten = alloca i32 1"   --->   Operation 8 'alloca' 'indvar_flatten' <Predicate = true> <Delay = 0.00>
ST_1 : Operation 9 [1/1] (0.00ns)   --->   "%i = alloca i32 1" [../hls_files/conv_pool.cpp:196]   --->   Operation 9 'alloca' 'i' <Predicate = true> <Delay = 0.00>
ST_1 : Operation 10 [1/1] (0.00ns)   --->   "%indvar_flatten12 = alloca i32 1"   --->   Operation 10 'alloca' 'indvar_flatten12' <Predicate = true> <Delay = 0.00>
ST_1 : Operation 11 [1/1] (0.00ns)   --->   "%sext_ln196_read = read i62 @_ssdm_op_Read.ap_auto.i62, i62 %sext_ln196"   --->   Operation 11 'read' 'sext_ln196_read' <Predicate = true> <Delay = 0.00>
ST_1 : Operation 12 [1/1] (0.00ns)   --->   "%sext_ln196_cast = sext i62 %sext_ln196_read"   --->   Operation 12 'sext' 'sext_ln196_cast' <Predicate = true> <Delay = 0.00>
ST_1 : Operation 13 [1/1] (0.00ns)   --->   "%specinterface_ln0 = specinterface void @_ssdm_op_SpecInterface, i32 %IMGmem, void @empty_17, i32 0, i32 0, void @empty_19, i32 0, i32 230400, void @empty, void @empty_20, void @empty_19, i32 16, i32 16, i32 16, i32 16, void @empty_19, void @empty_19, i32 4294967295, i32 0, i32 0"   --->   Operation 13 'specinterface' 'specinterface_ln0' <Predicate = true> <Delay = 0.00>
ST_1 : Operation 14 [1/1] (1.32ns)   --->   "%store_ln0 = store i18 0, i18 %indvar_flatten12"   --->   Operation 14 'store' 'store_ln0' <Predicate = true> <Delay = 1.32>
ST_1 : Operation 15 [1/1] (1.32ns)   --->   "%store_ln196 = store i8 0, i8 %i" [../hls_files/conv_pool.cpp:196]   --->   Operation 15 'store' 'store_ln196' <Predicate = true> <Delay = 1.32>
ST_1 : Operation 16 [1/1] (1.32ns)   --->   "%store_ln0 = store i11 0, i11 %indvar_flatten"   --->   Operation 16 'store' 'store_ln0' <Predicate = true> <Delay = 1.32>
ST_1 : Operation 17 [1/1] (1.32ns)   --->   "%store_ln197 = store i9 0, i9 %j" [../hls_files/conv_pool.cpp:197]   --->   Operation 17 'store' 'store_ln197' <Predicate = true> <Delay = 1.32>
ST_1 : Operation 18 [1/1] (1.32ns)   --->   "%store_ln198 = store i2 0, i2 %c" [../hls_files/conv_pool.cpp:198]   --->   Operation 18 'store' 'store_ln198' <Predicate = true> <Delay = 1.32>
ST_1 : Operation 19 [1/1] (0.00ns)   --->   "%br_ln0 = br void %for.inc.i"   --->   Operation 19 'br' 'br_ln0' <Predicate = true> <Delay = 0.00>
ST_1 : Operation 20 [1/1] (0.00ns)   --->   "%indvar_flatten12_load = load i18 %indvar_flatten12" [../hls_files/conv_pool.cpp:196]   --->   Operation 20 'load' 'indvar_flatten12_load' <Predicate = true> <Delay = 0.00>
ST_1 : Operation 21 [1/1] (1.88ns)   --->   "%icmp_ln196 = icmp_eq  i18 %indvar_flatten12_load, i18 230400" [../hls_files/conv_pool.cpp:196]   --->   Operation 21 'icmp' 'icmp_ln196' <Predicate = true> <Delay = 1.88> <CoreInst = "Cmp">   --->   Core 9 'Cmp' <Latency = 0> <II = 1> <Delay = 1.88> <FuncUnit> <Opcode : 'seteq' 'setne' 'setle' 'setge' 'setlt' 'setgt'> <InPorts = 2> <OutPorts = 1>
ST_1 : Operation 22 [1/1] (1.88ns)   --->   "%add_ln196_1 = add i18 %indvar_flatten12_load, i18 1" [../hls_files/conv_pool.cpp:196]   --->   Operation 22 'add' 'add_ln196_1' <Predicate = true> <Delay = 1.88> <CoreInst = "Adder">   --->   Core 1 'Adder' <Latency = 0> <II = 1> <Delay = 1.88> <FuncUnit> <Opcode : 'add' 'sub'> <InPorts = 2> <OutPorts = 1>
ST_1 : Operation 23 [1/1] (0.00ns)   --->   "%br_ln196 = br i1 %icmp_ln196, void %for.inc20.i, void %load_img.exit.exitStub" [../hls_files/conv_pool.cpp:196]   --->   Operation 23 'br' 'br_ln196' <Predicate = true> <Delay = 0.00>
ST_1 : Operation 24 [1/1] (0.00ns)   --->   "%indvar_flatten_load = load i11 %indvar_flatten" [../hls_files/conv_pool.cpp:197]   --->   Operation 24 'load' 'indvar_flatten_load' <Predicate = (!icmp_ln196)> <Delay = 0.00>
ST_1 : Operation 25 [1/1] (0.00ns)   --->   "%IMGmem_addr = getelementptr i32 %IMGmem, i64 %sext_ln196_cast" [../hls_files/conv_pool.cpp:196]   --->   Operation 25 'getelementptr' 'IMGmem_addr' <Predicate = (!icmp_ln196)> <Delay = 0.00>
ST_1 : Operation 26 [1/1] (1.76ns)   --->   "%icmp_ln197 = icmp_eq  i11 %indvar_flatten_load, i11 960" [../hls_files/conv_pool.cpp:197]   --->   Operation 26 'icmp' 'icmp_ln197' <Predicate = (!icmp_ln196)> <Delay = 1.76> <CoreInst = "Cmp">   --->   Core 9 'Cmp' <Latency = 0> <II = 1> <Delay = 1.76> <FuncUnit> <Opcode : 'seteq' 'setne' 'setle' 'setge' 'setlt' 'setgt'> <InPorts = 2> <OutPorts = 1>
ST_1 : Operation 27 [1/1] (1.76ns)   --->   "%add_ln197_1 = add i11 %indvar_flatten_load, i11 1" [../hls_files/conv_pool.cpp:197]   --->   Operation 27 'add' 'add_ln197_1' <Predicate = (!icmp_ln196)> <Delay = 1.76> <CoreInst = "Adder">   --->   Core 1 'Adder' <Latency = 0> <II = 1> <Delay = 1.76> <FuncUnit> <Opcode : 'add' 'sub'> <InPorts = 2> <OutPorts = 1>
ST_1 : Operation 28 [1/1] (0.83ns)   --->   "%select_ln197_1 = select i1 %icmp_ln197, i11 1, i11 %add_ln197_1" [../hls_files/conv_pool.cpp:197]   --->   Operation 28 'select' 'select_ln197_1' <Predicate = (!icmp_ln196)> <Delay = 0.83> <CoreInst = "Sel">   --->   Core 73 'Sel' <Latency = 0> <II = 1> <Delay = 0.83> <FuncUnit> <Opcode : 'select'> <InPorts = 3> <OutPorts = 1>
ST_1 : Operation 29 [1/1] (1.32ns)   --->   "%store_ln196 = store i18 %add_ln196_1, i18 %indvar_flatten12" [../hls_files/conv_pool.cpp:196]   --->   Operation 29 'store' 'store_ln196' <Predicate = (!icmp_ln196)> <Delay = 1.32>
ST_1 : Operation 30 [1/1] (1.32ns)   --->   "%store_ln197 = store i11 %select_ln197_1, i11 %indvar_flatten" [../hls_files/conv_pool.cpp:197]   --->   Operation 30 'store' 'store_ln197' <Predicate = (!icmp_ln196)> <Delay = 1.32>
ST_1 : Operation 70 [1/1] (1.32ns)   --->   "%ret_ln0 = ret"   --->   Operation 70 'ret' 'ret_ln0' <Predicate = (icmp_ln196)> <Delay = 1.32>

State 2 <SV = 1> <Delay = 7.30>
ST_2 : Operation 31 [1/1] (0.00ns)   --->   "%c_load = load i2 %c" [../hls_files/conv_pool.cpp:198]   --->   Operation 31 'load' 'c_load' <Predicate = true> <Delay = 0.00>
ST_2 : Operation 32 [1/1] (0.00ns)   --->   "%j_load = load i9 %j" [../hls_files/conv_pool.cpp:196]   --->   Operation 32 'load' 'j_load' <Predicate = (!icmp_ln197)> <Delay = 0.00>
ST_2 : Operation 33 [1/1] (0.00ns)   --->   "%i_load = load i8 %i" [../hls_files/conv_pool.cpp:196]   --->   Operation 33 'load' 'i_load' <Predicate = true> <Delay = 0.00>
ST_2 : Operation 34 [1/1] (1.71ns)   --->   "%add_ln196 = add i8 %i_load, i8 1" [../hls_files/conv_pool.cpp:196]   --->   Operation 34 'add' 'add_ln196' <Predicate = (icmp_ln197)> <Delay = 1.71> <CoreInst = "Adder">   --->   Core 1 'Adder' <Latency = 0> <II = 1> <Delay = 1.71> <FuncUnit> <Opcode : 'add' 'sub'> <InPorts = 2> <OutPorts = 1>
ST_2 : Operation 35 [1/1] (1.07ns)   --->   "%select_ln196 = select i1 %icmp_ln197, i9 0, i9 %j_load" [../hls_files/conv_pool.cpp:196]   --->   Operation 35 'select' 'select_ln196' <Predicate = true> <Delay = 1.07> <CoreInst = "Sel">   --->   Core 73 'Sel' <Latency = 0> <II = 1> <Delay = 1.07> <FuncUnit> <Opcode : 'select'> <InPorts = 3> <OutPorts = 1>
ST_2 : Operation 36 [1/1] (0.00ns) (grouped into LUT with out node and_ln196)   --->   "%xor_ln196 = xor i1 %icmp_ln197, i1 1" [../hls_files/conv_pool.cpp:196]   --->   Operation 36 'xor' 'xor_ln196' <Predicate = true> <Delay = 0.00> <CoreInst = "LogicGate">   --->   Core 74 'LogicGate' <Latency = 0> <II = 1> <Delay = 0.80> <FuncUnit> <Opcode : 'and' 'or' 'xor'> <InPorts = 2> <OutPorts = 1>
ST_2 : Operation 37 [1/1] (1.20ns)   --->   "%icmp_ln198 = icmp_eq  i2 %c_load, i2 3" [../hls_files/conv_pool.cpp:198]   --->   Operation 37 'icmp' 'icmp_ln198' <Predicate = true> <Delay = 1.20> <CoreInst = "Cmp">   --->   Core 9 'Cmp' <Latency = 0> <II = 1> <Delay = 1.20> <FuncUnit> <Opcode : 'seteq' 'setne' 'setle' 'setge' 'setlt' 'setgt'> <InPorts = 2> <OutPorts = 1>
ST_2 : Operation 38 [1/1] (0.80ns) (out node of the LUT)   --->   "%and_ln196 = and i1 %icmp_ln198, i1 %xor_ln196" [../hls_files/conv_pool.cpp:196]   --->   Operation 38 'and' 'and_ln196' <Predicate = true> <Delay = 0.80> <CoreInst = "LogicGate">   --->   Core 74 'LogicGate' <Latency = 0> <II = 1> <Delay = 0.80> <FuncUnit> <Opcode : 'and' 'or' 'xor'> <InPorts = 2> <OutPorts = 1>
ST_2 : Operation 39 [1/1] (1.07ns)   --->   "%select_ln196_1 = select i1 %icmp_ln197, i8 %add_ln196, i8 %i_load" [../hls_files/conv_pool.cpp:196]   --->   Operation 39 'select' 'select_ln196_1' <Predicate = true> <Delay = 1.07> <CoreInst = "Sel">   --->   Core 73 'Sel' <Latency = 0> <II = 1> <Delay = 1.07> <FuncUnit> <Opcode : 'select'> <InPorts = 3> <OutPorts = 1>
ST_2 : Operation 40 [1/1] (1.73ns)   --->   "%add_ln197 = add i9 %select_ln196, i9 1" [../hls_files/conv_pool.cpp:197]   --->   Operation 40 'add' 'add_ln197' <Predicate = true> <Delay = 1.73> <CoreInst = "Adder">   --->   Core 1 'Adder' <Latency = 0> <II = 1> <Delay = 1.73> <FuncUnit> <Opcode : 'add' 'sub'> <InPorts = 2> <OutPorts = 1>
ST_2 : Operation 41 [1/1] (0.00ns) (grouped into LUT with out node c_mid2)   --->   "%empty = or i1 %and_ln196, i1 %icmp_ln197" [../hls_files/conv_pool.cpp:196]   --->   Operation 41 'or' 'empty' <Predicate = true> <Delay = 0.00> <CoreInst = "LogicGate">   --->   Core 74 'LogicGate' <Latency = 0> <II = 1> <Delay = 0.80> <FuncUnit> <Opcode : 'and' 'or' 'xor'> <InPorts = 2> <OutPorts = 1>
ST_2 : Operation 42 [1/1] (0.81ns) (out node of the LUT)   --->   "%c_mid2 = select i1 %empty, i2 0, i2 %c_load" [../hls_files/conv_pool.cpp:196]   --->   Operation 42 'select' 'c_mid2' <Predicate = true> <Delay = 0.81> <CoreInst = "Sel">   --->   Core 73 'Sel' <Latency = 0> <II = 1> <Delay = 0.81> <FuncUnit> <Opcode : 'select'> <InPorts = 3> <OutPorts = 1>
ST_2 : Operation 43 [1/1] (1.07ns)   --->   "%select_ln197 = select i1 %and_ln196, i9 %add_ln197, i9 %select_ln196" [../hls_files/conv_pool.cpp:197]   --->   Operation 43 'select' 'select_ln197' <Predicate = true> <Delay = 1.07> <CoreInst = "Sel">   --->   Core 73 'Sel' <Latency = 0> <II = 1> <Delay = 1.07> <FuncUnit> <Opcode : 'select'> <InPorts = 3> <OutPorts = 1>
ST_2 : Operation 44 [1/1] (0.00ns)   --->   "%tmp = bitconcatenate i16 @_ssdm_op_BitConcatenate.i16.i8.i8, i8 %select_ln196_1, i8 0" [../hls_files/conv_pool.cpp:201]   --->   Operation 44 'bitconcatenate' 'tmp' <Predicate = true> <Delay = 0.00>
ST_2 : Operation 45 [1/1] (0.00ns)   --->   "%zext_ln201 = zext i16 %tmp" [../hls_files/conv_pool.cpp:201]   --->   Operation 45 'zext' 'zext_ln201' <Predicate = true> <Delay = 0.00>
ST_2 : Operation 46 [1/1] (0.00ns)   --->   "%tmp_27 = bitconcatenate i14 @_ssdm_op_BitConcatenate.i14.i8.i6, i8 %select_ln196_1, i6 0" [../hls_files/conv_pool.cpp:201]   --->   Operation 46 'bitconcatenate' 'tmp_27' <Predicate = true> <Delay = 0.00>
ST_2 : Operation 47 [1/1] (0.00ns)   --->   "%zext_ln201_1 = zext i14 %tmp_27" [../hls_files/conv_pool.cpp:201]   --->   Operation 47 'zext' 'zext_ln201_1' <Predicate = true> <Delay = 0.00>
ST_2 : Operation 48 [1/1] (0.00ns) (grouped into TernaryAdder)   --->   "%add_ln201_2 = add i17 %zext_ln201, i17 %zext_ln201_1" [../hls_files/conv_pool.cpp:201]   --->   Operation 48 'add' 'add_ln201_2' <Predicate = true> <Delay = 0.00> <CoreInst = "TAddSub">   --->   Core 10 'TAddSub' <Latency = 0> <II = 1> <Delay = 1.68> <IPBlock> <Opcode : 'add' 'sub'> <InPorts = 3> <OutPorts = 1> <Sync> <CReg>
ST_2 : Operation 49 [1/1] (0.00ns)   --->   "%zext_ln201_2 = zext i9 %select_ln197" [../hls_files/conv_pool.cpp:201]   --->   Operation 49 'zext' 'zext_ln201_2' <Predicate = true> <Delay = 0.00>
ST_2 : Operation 50 [1/1] (3.34ns) (root node of TernaryAdder)   --->   "%add_ln201 = add i17 %add_ln201_2, i17 %zext_ln201_2" [../hls_files/conv_pool.cpp:201]   --->   Operation 50 'add' 'add_ln201' <Predicate = true> <Delay = 3.34> <CoreInst = "TAddSub">   --->   Core 10 'TAddSub' <Latency = 0> <II = 1> <Delay = 1.68> <IPBlock> <Opcode : 'add' 'sub'> <InPorts = 3> <OutPorts = 1> <Sync> <CReg>
ST_2 : Operation 51 [1/1] (0.00ns)   --->   "%trunc_ln201 = trunc i17 %add_ln201" [../hls_files/conv_pool.cpp:201]   --->   Operation 51 'trunc' 'trunc_ln201' <Predicate = true> <Delay = 0.00>
ST_2 : Operation 52 [1/1] (7.30ns)   --->   "%IMGmem_addr_read = read i32 @_ssdm_op_Read.m_axi.p1i32, i32 %IMGmem_addr" [../hls_files/conv_pool.cpp:201]   --->   Operation 52 'read' 'IMGmem_addr_read' <Predicate = true> <Delay = 7.30> <CoreInst = "m_axi">   --->   Core 111 'm_axi' <Latency = 3> <II = 1> <Delay = 1.00> <Adapter> <Opcode : 'read' 'write' 'readreq' 'writereq' 'writeresp'>
ST_2 : Operation 53 [1/1] (1.20ns)   --->   "%add_ln198 = add i2 %c_mid2, i2 1" [../hls_files/conv_pool.cpp:198]   --->   Operation 53 'add' 'add_ln198' <Predicate = true> <Delay = 1.20> <CoreInst = "Adder">   --->   Core 1 'Adder' <Latency = 0> <II = 1> <Delay = 1.20> <FuncUnit> <Opcode : 'add' 'sub'> <InPorts = 2> <OutPorts = 1>
ST_2 : Operation 54 [1/1] (1.32ns)   --->   "%store_ln196 = store i8 %select_ln196_1, i8 %i" [../hls_files/conv_pool.cpp:196]   --->   Operation 54 'store' 'store_ln196' <Predicate = true> <Delay = 1.32>
ST_2 : Operation 55 [1/1] (1.32ns)   --->   "%store_ln197 = store i9 %select_ln197, i9 %j" [../hls_files/conv_pool.cpp:197]   --->   Operation 55 'store' 'store_ln197' <Predicate = true> <Delay = 1.32>
ST_2 : Operation 56 [1/1] (1.32ns)   --->   "%store_ln198 = store i2 %add_ln198, i2 %c" [../hls_files/conv_pool.cpp:198]   --->   Operation 56 'store' 'store_ln198' <Predicate = true> <Delay = 1.32>

State 3 <SV = 2> <Delay = 6.13>
ST_3 : Operation 57 [1/1] (0.00ns)   --->   "%specloopname_ln0 = specloopname void @_ssdm_op_SpecLoopName, void @LOAD_IMG_ROWS_LOAD_IMG_COLS_LOAD_IMG_CH_str"   --->   Operation 57 'specloopname' 'specloopname_ln0' <Predicate = true> <Delay = 0.00>
ST_3 : Operation 58 [1/1] (0.00ns)   --->   "%speclooptripcount_ln0 = speclooptripcount void @_ssdm_op_SpecLoopTripCount, i64 230400, i64 230400, i64 230400"   --->   Operation 58 'speclooptripcount' 'speclooptripcount_ln0' <Predicate = true> <Delay = 0.00>
ST_3 : Operation 59 [1/1] (0.00ns)   --->   "%tmp_28 = bitconcatenate i18 @_ssdm_op_BitConcatenate.i18.i16.i2, i16 %trunc_ln201, i2 0" [../hls_files/conv_pool.cpp:201]   --->   Operation 59 'bitconcatenate' 'tmp_28' <Predicate = true> <Delay = 0.00>
ST_3 : Operation 60 [1/1] (0.00ns)   --->   "%zext_ln201_3 = zext i17 %add_ln201" [../hls_files/conv_pool.cpp:201]   --->   Operation 60 'zext' 'zext_ln201_3' <Predicate = true> <Delay = 0.00>
ST_3 : Operation 61 [1/1] (0.00ns) (grouped into TernaryAdder)   --->   "%sub_ln198 = sub i18 %tmp_28, i18 %zext_ln201_3" [../hls_files/conv_pool.cpp:198]   --->   Operation 61 'sub' 'sub_ln198' <Predicate = true> <Delay = 0.00> <CoreInst = "TAddSub">   --->   Core 10 'TAddSub' <Latency = 0> <II = 1> <Delay = 1.68> <IPBlock> <Opcode : 'add' 'sub'> <InPorts = 3> <OutPorts = 1> <Sync> <CReg>
ST_3 : Operation 62 [1/1] (0.00ns)   --->   "%zext_ln201_4 = zext i2 %c_mid2" [../hls_files/conv_pool.cpp:201]   --->   Operation 62 'zext' 'zext_ln201_4' <Predicate = true> <Delay = 0.00>
ST_3 : Operation 63 [1/1] (3.36ns) (root node of TernaryAdder)   --->   "%add_ln201_1 = add i18 %sub_ln198, i18 %zext_ln201_4" [../hls_files/conv_pool.cpp:201]   --->   Operation 63 'add' 'add_ln201_1' <Predicate = true> <Delay = 3.36> <CoreInst = "TAddSub">   --->   Core 10 'TAddSub' <Latency = 0> <II = 1> <Delay = 1.68> <IPBlock> <Opcode : 'add' 'sub'> <InPorts = 3> <OutPorts = 1> <Sync> <CReg>
ST_3 : Operation 64 [1/1] (0.00ns)   --->   "%zext_ln201_5 = zext i18 %add_ln201_1" [../hls_files/conv_pool.cpp:201]   --->   Operation 64 'zext' 'zext_ln201_5' <Predicate = true> <Delay = 0.00>
ST_3 : Operation 65 [1/1] (0.00ns)   --->   "%local_img_addr = getelementptr i32 %local_img, i64 0, i64 %zext_ln201_5" [../hls_files/conv_pool.cpp:201]   --->   Operation 65 'getelementptr' 'local_img_addr' <Predicate = true> <Delay = 0.00>
ST_3 : Operation 66 [1/1] (0.00ns)   --->   "%specpipeline_ln199 = specpipeline void @_ssdm_op_SpecPipeline, i32 3, i32 0, i32 0, i32 0, void @empty_19" [../hls_files/conv_pool.cpp:199]   --->   Operation 66 'specpipeline' 'specpipeline_ln199' <Predicate = true> <Delay = 0.00>
ST_3 : Operation 67 [1/1] (0.00ns)   --->   "%bitcast_ln201 = bitcast i32 %IMGmem_addr_read" [../hls_files/conv_pool.cpp:201]   --->   Operation 67 'bitcast' 'bitcast_ln201' <Predicate = true> <Delay = 0.00>
ST_3 : Operation 68 [1/1] ( I:2.77ns O:2.77ns )   --->   "%store_ln201 = store i32 %bitcast_ln201, i18 %local_img_addr" [../hls_files/conv_pool.cpp:201]   --->   Operation 68 'store' 'store_ln201' <Predicate = true> <Delay = 2.77> <CoreInst = "RAM">   --->   Core 81 'RAM' <Latency = 1> <II = 1> <Delay = 2.77> <Storage> <Opcode : 'load' 'store'> <Ports = 2> <Width = 32> <Depth = 230400> <RAM>
ST_3 : Operation 69 [1/1] (0.00ns)   --->   "%br_ln198 = br void %for.inc.i" [../hls_files/conv_pool.cpp:198]   --->   Operation 69 'br' 'br_ln198' <Predicate = true> <Delay = 0.00>


============================================================
+ Verbose Summary: Timing violations
============================================================
Target clock period: 10.000ns, clock uncertainty: 2.700ns.

 <State 1>: 5.242ns
The critical path consists of the following:
	'store' operation 0 bit ('store_ln0') of constant 0 on local variable 'indvar_flatten' [14]  (1.324 ns)
	'load' operation 11 bit ('indvar_flatten_load', ../hls_files/conv_pool.cpp:197) on local variable 'indvar_flatten' [26]  (0.000 ns)
	'add' operation 11 bit ('add_ln197_1', ../hls_files/conv_pool.cpp:197) [62]  (1.764 ns)
	'select' operation 11 bit ('select_ln197_1', ../hls_files/conv_pool.cpp:197) [63]  (0.830 ns)
	'store' operation 0 bit ('store_ln197', ../hls_files/conv_pool.cpp:197) of variable 'select_ln197_1', ../hls_files/conv_pool.cpp:197 on local variable 'indvar_flatten' [66]  (1.324 ns)

 <State 2>: 7.300ns
The critical path consists of the following:
	bus read operation ('IMGmem_addr_read', ../hls_files/conv_pool.cpp:201) on port 'IMGmem' (../hls_files/conv_pool.cpp:201) [58]  (7.300 ns)

 <State 3>: 6.139ns
The critical path consists of the following:
	'sub' operation 18 bit ('sub_ln198', ../hls_files/conv_pool.cpp:198) [52]  (0.000 ns)
	'add' operation 18 bit ('add_ln201_1', ../hls_files/conv_pool.cpp:201) [54]  (3.367 ns)
	'getelementptr' operation 18 bit ('local_img_addr', ../hls_files/conv_pool.cpp:201) [56]  (0.000 ns)
	'store' operation 0 bit ('store_ln201', ../hls_files/conv_pool.cpp:201) of variable 'bitcast_ln201', ../hls_files/conv_pool.cpp:201 on array 'local_img' [60]  (2.772 ns)


============================================================
+ Verbose Summary: Binding
============================================================
N/A
* FSMD analyzer results:
  - Output states:
 - Input state : 
  - Chain level:
	State 1
	State 2
	State 3


============================================================
+ Verbose Summary: Datapath Resource usage 
============================================================
N/A
