

================================================================
== Vitis HLS Report for 'load_img_Pipeline_LOAD_IMG_ROWS_LOAD_IMG_COLS_LOAD_IMG_CH'
================================================================
* Date:           Tue Jul  8 02:25:35 2025

* Version:        2025.1 (Build 6135595 on May 21 2025)
* Project:        cnn_accel
* Solution:       hls (Vivado IP Flow Target)
* Product family: artix7
* Target device:  xc7a100t-fgg484-2L


================================================================
== Performance Estimates
================================================================
+ Timing: 
    * Summary: 
    +--------+----------+----------+------------+
    |  Clock |  Target  | Estimated| Uncertainty|
    +--------+----------+----------+------------+
    |ap_clk  |  10.00 ns|  7.300 ns|     2.70 ns|
    +--------+----------+----------+------------+

+ Latency: 
    * Summary: 
    +---------+---------+----------+----------+--------+--------+------------------------------------------------+
    |  Latency (cycles) |  Latency (absolute) |     Interval    |                    Pipeline                    |
    |   min   |   max   |    min   |    max   |   min  |   max  |                      Type                      |
    +---------+---------+----------+----------+--------+--------+------------------------------------------------+
    |   691202|   691202|  6.912 ms|  6.912 ms|  691201|  691201|  loop auto-rewind stp (delay=0 clock cycles(s))|
    +---------+---------+----------+----------+--------+--------+------------------------------------------------+

    + Detail: 
        * Instance: 
        N/A

        * Loop: 
        +-------------------------------------------+---------+---------+----------+-----------+-----------+--------+----------+
        |                                           |  Latency (cycles) | Iteration|  Initiation Interval  |  Trip  |          |
        |                 Loop Name                 |   min   |   max   |  Latency |  achieved |   target  |  Count | Pipelined|
        +-------------------------------------------+---------+---------+----------+-----------+-----------+--------+----------+
        |- LOAD_IMG_ROWS_LOAD_IMG_COLS_LOAD_IMG_CH  |   691200|   691200|         3|          3|          3|  230400|       yes|
        +-------------------------------------------+---------+---------+----------+-----------+-----------+--------+----------+

============================================================
+ Verbose Summary: Synthesis Manager
============================================================
InlineROM: 1
ExposeGlobal: 0
============================================================
+ Verbose Summary: CDFG Model
============================================================
IsTopModel: 0
ResetActiveHigh: 1
IsCombinational: 0
IsDatapathOnly: 0
HasWiredReturn: 1
HasMFsm: 2
HasVarLatency: 1
IsPipeline: 0
IsRtlPipelined: 0
IsInstanceOverlapped: 0
IsDontTouch: 0
HasImplIP: 0
IsGatedGlobalClock: 0

+ Individual pipeline summary: 
  * Pipeline-0: initiation interval (II) = 3, depth = 3


============================================================
+ Verbose Summary: Schedule
============================================================
* Number of FSM states : 3
* Pipeline : 1
  Pipeline-0 : II = 3, D = 3, States = { 1 2 3 }
* Dataflow Pipeline: 0

* FSM state transitions: 
1 --> 2 
2 --> 3 
3 --> 

* FSM state operations: 

State 1 <SV = 0> <Delay = 3.20>
ST_1 : Operation 6 [1/1] (0.00ns)   --->   "%c = alloca i32 1" [../hls_files/conv_pool.cpp:198]   --->   Operation 6 'alloca' 'c' <Predicate = true> <Delay = 0.00>
ST_1 : Operation 7 [1/1] (0.00ns)   --->   "%j = alloca i32 1" [../hls_files/conv_pool.cpp:197]   --->   Operation 7 'alloca' 'j' <Predicate = true> <Delay = 0.00>
ST_1 : Operation 8 [1/1] (0.00ns)   --->   "%indvar_flatten = alloca i32 1"   --->   Operation 8 'alloca' 'indvar_flatten' <Predicate = true> <Delay = 0.00>
ST_1 : Operation 9 [1/1] (0.00ns)   --->   "%i = alloca i32 1" [../hls_files/conv_pool.cpp:196]   --->   Operation 9 'alloca' 'i' <Predicate = true> <Delay = 0.00>
ST_1 : Operation 10 [1/1] (0.00ns)   --->   "%indvar_flatten12 = alloca i32 1"   --->   Operation 10 'alloca' 'indvar_flatten12' <Predicate = true> <Delay = 0.00>
ST_1 : Operation 11 [1/1] (0.00ns)   --->   "%sext_ln196_read = read i62 @_ssdm_op_Read.ap_auto.i62, i62 %sext_ln196"   --->   Operation 11 'read' 'sext_ln196_read' <Predicate = true> <Delay = 0.00>
ST_1 : Operation 12 [1/1] (0.00ns)   --->   "%sext_ln196_cast = sext i62 %sext_ln196_read"   --->   Operation 12 'sext' 'sext_ln196_cast' <Predicate = true> <Delay = 0.00>
ST_1 : Operation 13 [1/1] (0.00ns)   --->   "%specinterface_ln0 = specinterface void @_ssdm_op_SpecInterface, i32 %IMGmem, void @empty_37, i32 0, i32 0, void @empty_38, i32 0, i32 230400, void @empty_4, void @empty_23, void @empty_38, i32 16, i32 16, i32 16, i32 16, void @empty_38, void @empty_38, i32 4294967295, i32 0, i32 0"   --->   Operation 13 'specinterface' 'specinterface_ln0' <Predicate = true> <Delay = 0.00>
ST_1 : Operation 14 [1/1] (1.32ns)   --->   "%store_ln0 = store i18 0, i18 %indvar_flatten12"   --->   Operation 14 'store' 'store_ln0' <Predicate = true> <Delay = 1.32>
ST_1 : Operation 15 [1/1] (1.32ns)   --->   "%store_ln196 = store i8 0, i8 %i" [../hls_files/conv_pool.cpp:196]   --->   Operation 15 'store' 'store_ln196' <Predicate = true> <Delay = 1.32>
ST_1 : Operation 16 [1/1] (1.32ns)   --->   "%store_ln0 = store i11 0, i11 %indvar_flatten"   --->   Operation 16 'store' 'store_ln0' <Predicate = true> <Delay = 1.32>
ST_1 : Operation 17 [1/1] (1.32ns)   --->   "%store_ln197 = store i9 0, i9 %j" [../hls_files/conv_pool.cpp:197]   --->   Operation 17 'store' 'store_ln197' <Predicate = true> <Delay = 1.32>
ST_1 : Operation 18 [1/1] (1.32ns)   --->   "%store_ln198 = store i2 0, i2 %c" [../hls_files/conv_pool.cpp:198]   --->   Operation 18 'store' 'store_ln198' <Predicate = true> <Delay = 1.32>
ST_1 : Operation 19 [1/1] (0.00ns)   --->   "%br_ln0 = br void %for.inc.i"   --->   Operation 19 'br' 'br_ln0' <Predicate = true> <Delay = 0.00>
ST_1 : Operation 20 [1/1] (0.00ns)   --->   "%indvar_flatten_load = load i11 %indvar_flatten" [../hls_files/conv_pool.cpp:197]   --->   Operation 20 'load' 'indvar_flatten_load' <Predicate = true> <Delay = 0.00>
ST_1 : Operation 21 [1/1] (0.00ns)   --->   "%indvar_flatten12_load = load i18 %indvar_flatten12" [../hls_files/conv_pool.cpp:196]   --->   Operation 21 'load' 'indvar_flatten12_load' <Predicate = true> <Delay = 0.00>
ST_1 : Operation 22 [1/1] (1.88ns)   --->   "%icmp_ln196 = icmp_eq  i18 %indvar_flatten12_load, i18 230400" [../hls_files/conv_pool.cpp:196]   --->   Operation 22 'icmp' 'icmp_ln196' <Predicate = true> <Delay = 1.88> <CoreInst = "Cmp">   --->   Core 9 'Cmp' <Latency = 0> <II = 1> <Delay = 1.88> <FuncUnit> <Opcode : 'seteq' 'setne' 'setle' 'setge' 'setlt' 'setgt'> <InPorts = 2> <OutPorts = 1>
ST_1 : Operation 23 [1/1] (1.88ns)   --->   "%add_ln196_1 = add i18 %indvar_flatten12_load, i18 1" [../hls_files/conv_pool.cpp:196]   --->   Operation 23 'add' 'add_ln196_1' <Predicate = true> <Delay = 1.88> <CoreInst = "Adder">   --->   Core 1 'Adder' <Latency = 0> <II = 1> <Delay = 1.88> <FuncUnit> <Opcode : 'add' 'sub'> <InPorts = 2> <OutPorts = 1>
ST_1 : Operation 24 [1/1] (0.00ns)   --->   "%br_ln196 = br i1 %icmp_ln196, void %for.inc20.i, void %load_img.exit.exitStub" [../hls_files/conv_pool.cpp:196]   --->   Operation 24 'br' 'br_ln196' <Predicate = true> <Delay = 0.00>
ST_1 : Operation 25 [1/1] (0.00ns)   --->   "%IMGmem_addr = getelementptr i32 %IMGmem, i64 %sext_ln196_cast" [../hls_files/conv_pool.cpp:196]   --->   Operation 25 'getelementptr' 'IMGmem_addr' <Predicate = (!icmp_ln196)> <Delay = 0.00>
ST_1 : Operation 72 [1/1] (1.32ns)   --->   "%ret_ln0 = ret"   --->   Operation 72 'ret' 'ret_ln0' <Predicate = (icmp_ln196)> <Delay = 1.32>

State 2 <SV = 1> <Delay = 7.30>
ST_2 : Operation 26 [1/1] (0.00ns)   --->   "%c_load = load i2 %c" [../hls_files/conv_pool.cpp:198]   --->   Operation 26 'load' 'c_load' <Predicate = true> <Delay = 0.00>
ST_2 : Operation 27 [1/1] (0.00ns)   --->   "%j_load = load i9 %j" [../hls_files/conv_pool.cpp:196]   --->   Operation 27 'load' 'j_load' <Predicate = true> <Delay = 0.00>
ST_2 : Operation 28 [1/1] (0.00ns)   --->   "%i_load = load i8 %i" [../hls_files/conv_pool.cpp:196]   --->   Operation 28 'load' 'i_load' <Predicate = true> <Delay = 0.00>
ST_2 : Operation 29 [1/1] (1.71ns)   --->   "%add_ln196 = add i8 %i_load, i8 1" [../hls_files/conv_pool.cpp:196]   --->   Operation 29 'add' 'add_ln196' <Predicate = true> <Delay = 1.71> <CoreInst = "Adder">   --->   Core 1 'Adder' <Latency = 0> <II = 1> <Delay = 1.71> <FuncUnit> <Opcode : 'add' 'sub'> <InPorts = 2> <OutPorts = 1>
ST_2 : Operation 30 [1/1] (1.76ns)   --->   "%icmp_ln197 = icmp_eq  i11 %indvar_flatten_load, i11 960" [../hls_files/conv_pool.cpp:197]   --->   Operation 30 'icmp' 'icmp_ln197' <Predicate = true> <Delay = 1.76> <CoreInst = "Cmp">   --->   Core 9 'Cmp' <Latency = 0> <II = 1> <Delay = 1.76> <FuncUnit> <Opcode : 'seteq' 'setne' 'setle' 'setge' 'setlt' 'setgt'> <InPorts = 2> <OutPorts = 1>
ST_2 : Operation 31 [1/1] (1.07ns)   --->   "%select_ln196 = select i1 %icmp_ln197, i9 0, i9 %j_load" [../hls_files/conv_pool.cpp:196]   --->   Operation 31 'select' 'select_ln196' <Predicate = true> <Delay = 1.07> <CoreInst = "Sel">   --->   Core 73 'Sel' <Latency = 0> <II = 1> <Delay = 1.07> <FuncUnit> <Opcode : 'select'> <InPorts = 3> <OutPorts = 1>
ST_2 : Operation 32 [1/1] (0.00ns) (grouped into LUT with out node and_ln196)   --->   "%xor_ln196 = xor i1 %icmp_ln197, i1 1" [../hls_files/conv_pool.cpp:196]   --->   Operation 32 'xor' 'xor_ln196' <Predicate = true> <Delay = 0.00> <CoreInst = "LogicGate">   --->   Core 74 'LogicGate' <Latency = 0> <II = 1> <Delay = 0.80> <FuncUnit> <Opcode : 'and' 'or' 'xor'> <InPorts = 2> <OutPorts = 1>
ST_2 : Operation 33 [1/1] (1.20ns)   --->   "%icmp_ln198 = icmp_eq  i2 %c_load, i2 3" [../hls_files/conv_pool.cpp:198]   --->   Operation 33 'icmp' 'icmp_ln198' <Predicate = true> <Delay = 1.20> <CoreInst = "Cmp">   --->   Core 9 'Cmp' <Latency = 0> <II = 1> <Delay = 1.20> <FuncUnit> <Opcode : 'seteq' 'setne' 'setle' 'setge' 'setlt' 'setgt'> <InPorts = 2> <OutPorts = 1>
ST_2 : Operation 34 [1/1] (0.80ns) (out node of the LUT)   --->   "%and_ln196 = and i1 %icmp_ln198, i1 %xor_ln196" [../hls_files/conv_pool.cpp:196]   --->   Operation 34 'and' 'and_ln196' <Predicate = true> <Delay = 0.80> <CoreInst = "LogicGate">   --->   Core 74 'LogicGate' <Latency = 0> <II = 1> <Delay = 0.80> <FuncUnit> <Opcode : 'and' 'or' 'xor'> <InPorts = 2> <OutPorts = 1>
ST_2 : Operation 35 [1/1] (1.07ns)   --->   "%select_ln196_1 = select i1 %icmp_ln197, i8 %add_ln196, i8 %i_load" [../hls_files/conv_pool.cpp:196]   --->   Operation 35 'select' 'select_ln196_1' <Predicate = true> <Delay = 1.07> <CoreInst = "Sel">   --->   Core 73 'Sel' <Latency = 0> <II = 1> <Delay = 1.07> <FuncUnit> <Opcode : 'select'> <InPorts = 3> <OutPorts = 1>
ST_2 : Operation 36 [1/1] (1.73ns)   --->   "%add_ln197 = add i9 %select_ln196, i9 1" [../hls_files/conv_pool.cpp:197]   --->   Operation 36 'add' 'add_ln197' <Predicate = true> <Delay = 1.73> <CoreInst = "Adder">   --->   Core 1 'Adder' <Latency = 0> <II = 1> <Delay = 1.73> <FuncUnit> <Opcode : 'add' 'sub'> <InPorts = 2> <OutPorts = 1>
ST_2 : Operation 37 [1/1] (1.07ns)   --->   "%select_ln197 = select i1 %and_ln196, i9 %add_ln197, i9 %select_ln196" [../hls_files/conv_pool.cpp:197]   --->   Operation 37 'select' 'select_ln197' <Predicate = true> <Delay = 1.07> <CoreInst = "Sel">   --->   Core 73 'Sel' <Latency = 0> <II = 1> <Delay = 1.07> <FuncUnit> <Opcode : 'select'> <InPorts = 3> <OutPorts = 1>
ST_2 : Operation 38 [1/1] (7.30ns)   --->   "%IMGmem_addr_read = read i32 @_ssdm_op_Read.m_axi.p1i32, i32 %IMGmem_addr" [../hls_files/conv_pool.cpp:201]   --->   Operation 38 'read' 'IMGmem_addr_read' <Predicate = true> <Delay = 7.30> <CoreInst = "m_axi">   --->   Core 111 'm_axi' <Latency = 3> <II = 1> <Delay = 1.00> <Adapter> <Opcode : 'read' 'write' 'readreq' 'writereq' 'writeresp'>

State 3 <SV = 2> <Delay = 6.11>
ST_3 : Operation 39 [1/1] (0.00ns)   --->   "%specloopname_ln0 = specloopname void @_ssdm_op_SpecLoopName, void @LOAD_IMG_ROWS_LOAD_IMG_COLS_LOAD_IMG_CH_str"   --->   Operation 39 'specloopname' 'specloopname_ln0' <Predicate = true> <Delay = 0.00>
ST_3 : Operation 40 [1/1] (0.00ns)   --->   "%speclooptripcount_ln0 = speclooptripcount void @_ssdm_op_SpecLoopTripCount, i64 230400, i64 230400, i64 230400"   --->   Operation 40 'speclooptripcount' 'speclooptripcount_ln0' <Predicate = true> <Delay = 0.00>
ST_3 : Operation 41 [1/1] (0.00ns) (grouped into LUT with out node c_mid2)   --->   "%empty = or i1 %and_ln196, i1 %icmp_ln197" [../hls_files/conv_pool.cpp:196]   --->   Operation 41 'or' 'empty' <Predicate = true> <Delay = 0.00> <CoreInst = "LogicGate">   --->   Core 74 'LogicGate' <Latency = 0> <II = 1> <Delay = 0.80> <FuncUnit> <Opcode : 'and' 'or' 'xor'> <InPorts = 2> <OutPorts = 1>
ST_3 : Operation 42 [1/1] (0.81ns) (out node of the LUT)   --->   "%c_mid2 = select i1 %empty, i2 0, i2 %c_load" [../hls_files/conv_pool.cpp:196]   --->   Operation 42 'select' 'c_mid2' <Predicate = true> <Delay = 0.81> <CoreInst = "Sel">   --->   Core 73 'Sel' <Latency = 0> <II = 1> <Delay = 0.81> <FuncUnit> <Opcode : 'select'> <InPorts = 3> <OutPorts = 1>
ST_3 : Operation 43 [1/1] (0.00ns)   --->   "%tmp = bitconcatenate i16 @_ssdm_op_BitConcatenate.i16.i8.i8, i8 %select_ln196_1, i8 0" [../hls_files/conv_pool.cpp:201]   --->   Operation 43 'bitconcatenate' 'tmp' <Predicate = true> <Delay = 0.00>
ST_3 : Operation 44 [1/1] (0.00ns)   --->   "%zext_ln201 = zext i16 %tmp" [../hls_files/conv_pool.cpp:201]   --->   Operation 44 'zext' 'zext_ln201' <Predicate = true> <Delay = 0.00>
ST_3 : Operation 45 [1/1] (0.00ns)   --->   "%tmp_27 = bitconcatenate i14 @_ssdm_op_BitConcatenate.i14.i8.i6, i8 %select_ln196_1, i6 0" [../hls_files/conv_pool.cpp:201]   --->   Operation 45 'bitconcatenate' 'tmp_27' <Predicate = true> <Delay = 0.00>
ST_3 : Operation 46 [1/1] (0.00ns)   --->   "%zext_ln201_1 = zext i14 %tmp_27" [../hls_files/conv_pool.cpp:201]   --->   Operation 46 'zext' 'zext_ln201_1' <Predicate = true> <Delay = 0.00>
ST_3 : Operation 47 [1/1] (0.00ns) (grouped into TernaryAdder)   --->   "%add_ln201_1 = add i17 %zext_ln201, i17 %zext_ln201_1" [../hls_files/conv_pool.cpp:201]   --->   Operation 47 'add' 'add_ln201_1' <Predicate = true> <Delay = 0.00> <CoreInst = "TAddSub">   --->   Core 10 'TAddSub' <Latency = 0> <II = 1> <Delay = 1.67> <IPBlock> <Opcode : 'add' 'sub'> <InPorts = 3> <OutPorts = 1> <Sync> <CReg>
ST_3 : Operation 48 [1/1] (0.00ns)   --->   "%zext_ln201_2 = zext i9 %select_ln197" [../hls_files/conv_pool.cpp:201]   --->   Operation 48 'zext' 'zext_ln201_2' <Predicate = true> <Delay = 0.00>
ST_3 : Operation 49 [1/1] (3.34ns) (root node of TernaryAdder)   --->   "%add_ln201 = add i17 %add_ln201_1, i17 %zext_ln201_2" [../hls_files/conv_pool.cpp:201]   --->   Operation 49 'add' 'add_ln201' <Predicate = true> <Delay = 3.34> <CoreInst = "TAddSub">   --->   Core 10 'TAddSub' <Latency = 0> <II = 1> <Delay = 1.67> <IPBlock> <Opcode : 'add' 'sub'> <InPorts = 3> <OutPorts = 1> <Sync> <CReg>
ST_3 : Operation 50 [1/1] (0.00ns)   --->   "%trunc_ln198 = trunc i2 %c_mid2" [../hls_files/conv_pool.cpp:198]   --->   Operation 50 'trunc' 'trunc_ln198' <Predicate = true> <Delay = 0.00>
ST_3 : Operation 51 [1/1] (0.00ns)   --->   "%specpipeline_ln199 = specpipeline void @_ssdm_op_SpecPipeline, i32 3, i32 0, i32 0, i32 0, void @empty_38" [../hls_files/conv_pool.cpp:199]   --->   Operation 51 'specpipeline' 'specpipeline_ln199' <Predicate = true> <Delay = 0.00>
ST_3 : Operation 52 [1/1] (0.00ns)   --->   "%tmp_s = bitconcatenate i18 @_ssdm_op_BitConcatenate.i18.i17.i1, i17 %add_ln201, i1 %trunc_ln198" [../hls_files/conv_pool.cpp:201]   --->   Operation 52 'bitconcatenate' 'tmp_s' <Predicate = true> <Delay = 0.00>
ST_3 : Operation 53 [1/1] (0.00ns)   --->   "%zext_ln201_3 = zext i18 %tmp_s" [../hls_files/conv_pool.cpp:201]   --->   Operation 53 'zext' 'zext_ln201_3' <Predicate = true> <Delay = 0.00>
ST_3 : Operation 54 [1/1] (0.00ns)   --->   "%local_img_addr = getelementptr i32 %local_img, i64 0, i64 %zext_ln201_3" [../hls_files/conv_pool.cpp:201]   --->   Operation 54 'getelementptr' 'local_img_addr' <Predicate = true> <Delay = 0.00>
ST_3 : Operation 55 [1/1] (0.00ns)   --->   "%local_img_60_addr = getelementptr i32 %local_img_60, i64 0, i64 %zext_ln201_3" [../hls_files/conv_pool.cpp:201]   --->   Operation 55 'getelementptr' 'local_img_60_addr' <Predicate = true> <Delay = 0.00>
ST_3 : Operation 56 [1/1] (0.00ns)   --->   "%bitcast_ln201 = bitcast i32 %IMGmem_addr_read" [../hls_files/conv_pool.cpp:201]   --->   Operation 56 'bitcast' 'bitcast_ln201' <Predicate = true> <Delay = 0.00>
ST_3 : Operation 57 [1/1] (0.00ns)   --->   "%tmp_28 = bitselect i1 @_ssdm_op_BitSelect.i1.i2.i32, i2 %c_mid2, i32 1" [../hls_files/conv_pool.cpp:201]   --->   Operation 57 'bitselect' 'tmp_28' <Predicate = true> <Delay = 0.00>
ST_3 : Operation 58 [1/1] (0.00ns)   --->   "%br_ln201 = br i1 %tmp_28, void %arrayidx1623.case.0.i, void %arrayidx1623.case.1.i" [../hls_files/conv_pool.cpp:201]   --->   Operation 58 'br' 'br_ln201' <Predicate = true> <Delay = 0.00>
ST_3 : Operation 59 [1/1] ( I:2.77ns O:2.77ns )   --->   "%store_ln201 = store i32 %bitcast_ln201, i18 %local_img_addr" [../hls_files/conv_pool.cpp:201]   --->   Operation 59 'store' 'store_ln201' <Predicate = (!tmp_28)> <Delay = 2.77> <CoreInst = "RAM">   --->   Core 81 'RAM' <Latency = 1> <II = 1> <Delay = 2.77> <Storage> <Opcode : 'load' 'store'> <Ports = 2> <Width = 32> <Depth = 153600> <RAM>
ST_3 : Operation 60 [1/1] (0.00ns)   --->   "%br_ln201 = br void %arrayidx1623.exit.i" [../hls_files/conv_pool.cpp:201]   --->   Operation 60 'br' 'br_ln201' <Predicate = (!tmp_28)> <Delay = 0.00>
ST_3 : Operation 61 [1/1] ( I:2.77ns O:2.77ns )   --->   "%store_ln201 = store i32 %bitcast_ln201, i18 %local_img_60_addr" [../hls_files/conv_pool.cpp:201]   --->   Operation 61 'store' 'store_ln201' <Predicate = (tmp_28)> <Delay = 2.77> <CoreInst = "RAM">   --->   Core 81 'RAM' <Latency = 1> <II = 1> <Delay = 2.77> <Storage> <Opcode : 'load' 'store'> <Ports = 2> <Width = 32> <Depth = 153600> <RAM>
ST_3 : Operation 62 [1/1] (0.00ns)   --->   "%br_ln201 = br void %arrayidx1623.exit.i" [../hls_files/conv_pool.cpp:201]   --->   Operation 62 'br' 'br_ln201' <Predicate = (tmp_28)> <Delay = 0.00>
ST_3 : Operation 63 [1/1] (1.20ns)   --->   "%add_ln198 = add i2 %c_mid2, i2 1" [../hls_files/conv_pool.cpp:198]   --->   Operation 63 'add' 'add_ln198' <Predicate = true> <Delay = 1.20> <CoreInst = "Adder">   --->   Core 1 'Adder' <Latency = 0> <II = 1> <Delay = 1.20> <FuncUnit> <Opcode : 'add' 'sub'> <InPorts = 2> <OutPorts = 1>
ST_3 : Operation 64 [1/1] (1.76ns)   --->   "%add_ln197_1 = add i11 %indvar_flatten_load, i11 1" [../hls_files/conv_pool.cpp:197]   --->   Operation 64 'add' 'add_ln197_1' <Predicate = (!icmp_ln197)> <Delay = 1.76> <CoreInst = "Adder">   --->   Core 1 'Adder' <Latency = 0> <II = 1> <Delay = 1.76> <FuncUnit> <Opcode : 'add' 'sub'> <InPorts = 2> <OutPorts = 1>
ST_3 : Operation 65 [1/1] (0.83ns)   --->   "%select_ln197_1 = select i1 %icmp_ln197, i11 1, i11 %add_ln197_1" [../hls_files/conv_pool.cpp:197]   --->   Operation 65 'select' 'select_ln197_1' <Predicate = true> <Delay = 0.83> <CoreInst = "Sel">   --->   Core 73 'Sel' <Latency = 0> <II = 1> <Delay = 0.83> <FuncUnit> <Opcode : 'select'> <InPorts = 3> <OutPorts = 1>
ST_3 : Operation 66 [1/1] (1.32ns)   --->   "%store_ln196 = store i18 %add_ln196_1, i18 %indvar_flatten12" [../hls_files/conv_pool.cpp:196]   --->   Operation 66 'store' 'store_ln196' <Predicate = true> <Delay = 1.32>
ST_3 : Operation 67 [1/1] (1.32ns)   --->   "%store_ln196 = store i8 %select_ln196_1, i8 %i" [../hls_files/conv_pool.cpp:196]   --->   Operation 67 'store' 'store_ln196' <Predicate = true> <Delay = 1.32>
ST_3 : Operation 68 [1/1] (1.32ns)   --->   "%store_ln197 = store i11 %select_ln197_1, i11 %indvar_flatten" [../hls_files/conv_pool.cpp:197]   --->   Operation 68 'store' 'store_ln197' <Predicate = true> <Delay = 1.32>
ST_3 : Operation 69 [1/1] (1.32ns)   --->   "%store_ln197 = store i9 %select_ln197, i9 %j" [../hls_files/conv_pool.cpp:197]   --->   Operation 69 'store' 'store_ln197' <Predicate = true> <Delay = 1.32>
ST_3 : Operation 70 [1/1] (1.32ns)   --->   "%store_ln198 = store i2 %add_ln198, i2 %c" [../hls_files/conv_pool.cpp:198]   --->   Operation 70 'store' 'store_ln198' <Predicate = true> <Delay = 1.32>
ST_3 : Operation 71 [1/1] (0.00ns)   --->   "%br_ln198 = br void %for.inc.i" [../hls_files/conv_pool.cpp:198]   --->   Operation 71 'br' 'br_ln198' <Predicate = true> <Delay = 0.00>


============================================================
+ Verbose Summary: Binding
============================================================
STG Binding: 
---------------- STG Properties BEGIN ----------------
- Is combinational: 0
- Is one-state seq: 0
- Is datapath-only: 0
- Is pipelined: 0
- Is top level: 0
Port [ Return ] is wired: 1; IO mode=ap_ctrl_hs:ce=0
Port [ IMGmem]:  wired=1; compound=1; hidden=0; nouse=0; global=0; static=0; extern=0; dir=0; type=4; pingpong=0; private_global=0; IO mode=m_axi:ce=0
Port [ sext_ln196]:  wired=1; compound=0; hidden=0; nouse=0; global=0; static=0; extern=0; dir=0; type=0; pingpong=0; private_global=0; IO mode=ap_none:ce=0
Port [ local_img]:  wired=1; compound=1; hidden=0; nouse=0; global=1; static=1; extern=0; dir=1; type=1; pingpong=0; private_global=0; MemPort=[03]; IO mode=ap_memory:ce=0
Port [ local_img_60]:  wired=1; compound=1; hidden=0; nouse=0; global=1; static=1; extern=0; dir=1; type=1; pingpong=0; private_global=0; MemPort=[03]; IO mode=ap_memory:ce=0
---------------- STG Properties END ------------------

---------------- Datapath Model BEGIN ----------------

<LifeTime>
<method=bitvector/>
c                     (alloca           ) [ 0111]
j                     (alloca           ) [ 0111]
indvar_flatten        (alloca           ) [ 0111]
i                     (alloca           ) [ 0111]
indvar_flatten12      (alloca           ) [ 0111]
sext_ln196_read       (read             ) [ 0000]
sext_ln196_cast       (sext             ) [ 0000]
specinterface_ln0     (specinterface    ) [ 0000]
store_ln0             (store            ) [ 0000]
store_ln196           (store            ) [ 0000]
store_ln0             (store            ) [ 0000]
store_ln197           (store            ) [ 0000]
store_ln198           (store            ) [ 0000]
br_ln0                (br               ) [ 0000]
indvar_flatten_load   (load             ) [ 0011]
indvar_flatten12_load (load             ) [ 0000]
icmp_ln196            (icmp             ) [ 0100]
add_ln196_1           (add              ) [ 0011]
br_ln196              (br               ) [ 0000]
IMGmem_addr           (getelementptr    ) [ 0010]
c_load                (load             ) [ 0001]
j_load                (load             ) [ 0000]
i_load                (load             ) [ 0000]
add_ln196             (add              ) [ 0000]
icmp_ln197            (icmp             ) [ 0001]
select_ln196          (select           ) [ 0000]
xor_ln196             (xor              ) [ 0000]
icmp_ln198            (icmp             ) [ 0000]
and_ln196             (and              ) [ 0001]
select_ln196_1        (select           ) [ 0001]
add_ln197             (add              ) [ 0000]
select_ln197          (select           ) [ 0001]
IMGmem_addr_read      (read             ) [ 0001]
specloopname_ln0      (specloopname     ) [ 0000]
speclooptripcount_ln0 (speclooptripcount) [ 0000]
empty                 (or               ) [ 0000]
c_mid2                (select           ) [ 0000]
tmp                   (bitconcatenate   ) [ 0000]
zext_ln201            (zext             ) [ 0000]
tmp_27                (bitconcatenate   ) [ 0000]
zext_ln201_1          (zext             ) [ 0000]
add_ln201_1           (add              ) [ 0000]
zext_ln201_2          (zext             ) [ 0000]
add_ln201             (add              ) [ 0000]
trunc_ln198           (trunc            ) [ 0000]
specpipeline_ln199    (specpipeline     ) [ 0000]
tmp_s                 (bitconcatenate   ) [ 0000]
zext_ln201_3          (zext             ) [ 0000]
local_img_addr        (getelementptr    ) [ 0000]
local_img_60_addr     (getelementptr    ) [ 0000]
bitcast_ln201         (bitcast          ) [ 0000]
tmp_28                (bitselect        ) [ 0001]
br_ln201              (br               ) [ 0000]
store_ln201           (store            ) [ 0000]
br_ln201              (br               ) [ 0000]
store_ln201           (store            ) [ 0000]
br_ln201              (br               ) [ 0000]
add_ln198             (add              ) [ 0000]
add_ln197_1           (add              ) [ 0000]
select_ln197_1        (select           ) [ 0000]
store_ln196           (store            ) [ 0000]
store_ln196           (store            ) [ 0000]
store_ln197           (store            ) [ 0000]
store_ln197           (store            ) [ 0000]
store_ln198           (store            ) [ 0000]
br_ln198              (br               ) [ 0000]
ret_ln0               (ret              ) [ 0000]
</LifeTime>

<model>

<comp_list>
<comp id="0" class="1000" name="IMGmem">
<pin_list>
<pin id="1" dir="1" index="0" bw="1" slack="0"/>
</pin_list>
<bind>
<StgValue><ssdm name="IMGmem"/><MemPortTyVec>0 </MemPortTyVec>
</StgValue>
</bind>
</comp>

<comp id="2" class="1000" name="sext_ln196">
<pin_list>
<pin id="3" dir="1" index="0" bw="1" slack="0"/>
</pin_list>
<bind>
<StgValue><ssdm name="sext_ln196"/></StgValue>
</bind>
</comp>

<comp id="4" class="1000" name="local_img">
<pin_list>
<pin id="5" dir="1" index="0" bw="1" slack="0"/>
</pin_list>
<bind>
<StgValue><ssdm name="local_img"/><MemPortTyVec>0 3 </MemPortTyVec>
</StgValue>
</bind>
</comp>

<comp id="6" class="1000" name="local_img_60">
<pin_list>
<pin id="7" dir="1" index="0" bw="1" slack="0"/>
</pin_list>
<bind>
<StgValue><ssdm name="local_img_60"/><MemPortTyVec>0 3 </MemPortTyVec>
</StgValue>
</bind>
</comp>

<comp id="8" class="1001" name="const_8">
<pin_list>
<pin id="9" dir="1" index="0" bw="1" slack="0"/>
</pin_list>
<bind>
<StgValue><ssdm name=""/></StgValue>
</bind>
</comp>

<comp id="10" class="1001" name="const_10">
<pin_list>
<pin id="11" dir="1" index="0" bw="1" slack="0"/>
</pin_list>
<bind>
<StgValue><ssdm name="_ssdm_op_Read.ap_auto.i62"/></StgValue>
</bind>
</comp>

<comp id="12" class="1001" name="const_12">
<pin_list>
<pin id="13" dir="1" index="0" bw="1" slack="2147483647"/>
</pin_list>
<bind>
<StgValue><ssdm name="_ssdm_op_SpecInterface"/></StgValue>
</bind>
</comp>

<comp id="14" class="1001" name="const_14">
<pin_list>
<pin id="15" dir="1" index="0" bw="1" slack="2147483647"/>
</pin_list>
<bind>
<StgValue><ssdm name="empty_37"/></StgValue>
</bind>
</comp>

<comp id="16" class="1001" name="const_16">
<pin_list>
<pin id="17" dir="1" index="0" bw="1" slack="2147483647"/>
</pin_list>
<bind>
<StgValue><ssdm name=""/></StgValue>
</bind>
</comp>

<comp id="18" class="1001" name="const_18">
<pin_list>
<pin id="19" dir="1" index="0" bw="1" slack="2147483647"/>
</pin_list>
<bind>
<StgValue><ssdm name="empty_38"/></StgValue>
</bind>
</comp>

<comp id="20" class="1001" name="const_20">
<pin_list>
<pin id="21" dir="1" index="0" bw="1" slack="2147483647"/>
</pin_list>
<bind>
<StgValue><ssdm name=""/></StgValue>
</bind>
</comp>

<comp id="22" class="1001" name="const_22">
<pin_list>
<pin id="23" dir="1" index="0" bw="1" slack="2147483647"/>
</pin_list>
<bind>
<StgValue><ssdm name="empty_4"/></StgValue>
</bind>
</comp>

<comp id="24" class="1001" name="const_24">
<pin_list>
<pin id="25" dir="1" index="0" bw="1" slack="2147483647"/>
</pin_list>
<bind>
<StgValue><ssdm name="empty_23"/></StgValue>
</bind>
</comp>

<comp id="26" class="1001" name="const_26">
<pin_list>
<pin id="27" dir="1" index="0" bw="1" slack="2147483647"/>
</pin_list>
<bind>
<StgValue><ssdm name=""/></StgValue>
</bind>
</comp>

<comp id="28" class="1001" name="const_28">
<pin_list>
<pin id="29" dir="1" index="0" bw="1" slack="2147483647"/>
</pin_list>
<bind>
<StgValue><ssdm name=""/></StgValue>
</bind>
</comp>

<comp id="30" class="1001" name="const_30">
<pin_list>
<pin id="31" dir="1" index="0" bw="1" slack="0"/>
</pin_list>
<bind>
<StgValue><ssdm name=""/></StgValue>
</bind>
</comp>

<comp id="32" class="1001" name="const_32">
<pin_list>
<pin id="33" dir="1" index="0" bw="1" slack="0"/>
</pin_list>
<bind>
<StgValue><ssdm name=""/></StgValue>
</bind>
</comp>

<comp id="34" class="1001" name="const_34">
<pin_list>
<pin id="35" dir="1" index="0" bw="1" slack="0"/>
</pin_list>
<bind>
<StgValue><ssdm name=""/></StgValue>
</bind>
</comp>

<comp id="36" class="1001" name="const_36">
<pin_list>
<pin id="37" dir="1" index="0" bw="1" slack="0"/>
</pin_list>
<bind>
<StgValue><ssdm name=""/></StgValue>
</bind>
</comp>

<comp id="38" class="1001" name="const_38">
<pin_list>
<pin id="39" dir="1" index="0" bw="1" slack="0"/>
</pin_list>
<bind>
<StgValue><ssdm name=""/></StgValue>
</bind>
</comp>

<comp id="40" class="1001" name="const_40">
<pin_list>
<pin id="41" dir="1" index="0" bw="1" slack="0"/>
</pin_list>
<bind>
<StgValue><ssdm name=""/></StgValue>
</bind>
</comp>

<comp id="42" class="1001" name="const_42">
<pin_list>
<pin id="43" dir="1" index="0" bw="1" slack="0"/>
</pin_list>
<bind>
<StgValue><ssdm name=""/></StgValue>
</bind>
</comp>

<comp id="44" class="1001" name="const_44">
<pin_list>
<pin id="45" dir="1" index="0" bw="1" slack="0"/>
</pin_list>
<bind>
<StgValue><ssdm name=""/></StgValue>
</bind>
</comp>

<comp id="46" class="1001" name="const_46">
<pin_list>
<pin id="47" dir="1" index="0" bw="1" slack="0"/>
</pin_list>
<bind>
<StgValue><ssdm name=""/></StgValue>
</bind>
</comp>

<comp id="48" class="1001" name="const_48">
<pin_list>
<pin id="49" dir="1" index="0" bw="1" slack="0"/>
</pin_list>
<bind>
<StgValue><ssdm name=""/></StgValue>
</bind>
</comp>

<comp id="50" class="1001" name="const_50">
<pin_list>
<pin id="51" dir="1" index="0" bw="1" slack="0"/>
</pin_list>
<bind>
<StgValue><ssdm name=""/></StgValue>
</bind>
</comp>

<comp id="52" class="1001" name="const_52">
<pin_list>
<pin id="53" dir="1" index="0" bw="1" slack="0"/>
</pin_list>
<bind>
<StgValue><ssdm name=""/></StgValue>
</bind>
</comp>

<comp id="54" class="1001" name="const_54">
<pin_list>
<pin id="55" dir="1" index="0" bw="1" slack="0"/>
</pin_list>
<bind>
<StgValue><ssdm name="_ssdm_op_Read.m_axi.p1i32"/></StgValue>
</bind>
</comp>

<comp id="56" class="1001" name="const_56">
<pin_list>
<pin id="57" dir="1" index="0" bw="1" slack="2147483647"/>
</pin_list>
<bind>
<StgValue><ssdm name="_ssdm_op_SpecLoopName"/></StgValue>
</bind>
</comp>

<comp id="58" class="1001" name="const_58">
<pin_list>
<pin id="59" dir="1" index="0" bw="1" slack="2147483647"/>
</pin_list>
<bind>
<StgValue><ssdm name="LOAD_IMG_ROWS_LOAD_IMG_COLS_LOAD_IMG_CH_str"/></StgValue>
</bind>
</comp>

<comp id="60" class="1001" name="const_60">
<pin_list>
<pin id="61" dir="1" index="0" bw="1" slack="2147483647"/>
</pin_list>
<bind>
<StgValue><ssdm name="_ssdm_op_SpecLoopTripCount"/></StgValue>
</bind>
</comp>

<comp id="62" class="1001" name="const_62">
<pin_list>
<pin id="63" dir="1" index="0" bw="1" slack="2147483647"/>
</pin_list>
<bind>
<StgValue><ssdm name=""/></StgValue>
</bind>
</comp>

<comp id="64" class="1001" name="const_64">
<pin_list>
<pin id="65" dir="1" index="0" bw="1" slack="0"/>
</pin_list>
<bind>
<StgValue><ssdm name="_ssdm_op_BitConcatenate.i16.i8.i8"/></StgValue>
</bind>
</comp>

<comp id="66" class="1001" name="const_66">
<pin_list>
<pin id="67" dir="1" index="0" bw="1" slack="0"/>
</pin_list>
<bind>
<StgValue><ssdm name="_ssdm_op_BitConcatenate.i14.i8.i6"/></StgValue>
</bind>
</comp>

<comp id="68" class="1001" name="const_68">
<pin_list>
<pin id="69" dir="1" index="0" bw="1" slack="0"/>
</pin_list>
<bind>
<StgValue><ssdm name=""/></StgValue>
</bind>
</comp>

<comp id="70" class="1001" name="const_70">
<pin_list>
<pin id="71" dir="1" index="0" bw="1" slack="2147483647"/>
</pin_list>
<bind>
<StgValue><ssdm name="_ssdm_op_SpecPipeline"/></StgValue>
</bind>
</comp>

<comp id="72" class="1001" name="const_72">
<pin_list>
<pin id="73" dir="1" index="0" bw="1" slack="2147483647"/>
</pin_list>
<bind>
<StgValue><ssdm name=""/></StgValue>
</bind>
</comp>

<comp id="74" class="1001" name="const_74">
<pin_list>
<pin id="75" dir="1" index="0" bw="1" slack="0"/>
</pin_list>
<bind>
<StgValue><ssdm name="_ssdm_op_BitConcatenate.i18.i17.i1"/></StgValue>
</bind>
</comp>

<comp id="76" class="1001" name="const_76">
<pin_list>
<pin id="77" dir="1" index="0" bw="1" slack="0"/>
</pin_list>
<bind>
<StgValue><ssdm name=""/></StgValue>
</bind>
</comp>

<comp id="78" class="1001" name="const_78">
<pin_list>
<pin id="79" dir="1" index="0" bw="1" slack="0"/>
</pin_list>
<bind>
<StgValue><ssdm name="_ssdm_op_BitSelect.i1.i2.i32"/></StgValue>
</bind>
</comp>

<comp id="80" class="1001" name="const_80">
<pin_list>
<pin id="81" dir="1" index="0" bw="1" slack="0"/>
</pin_list>
<bind>
<StgValue><ssdm name=""/></StgValue>
</bind>
</comp>

<comp id="82" class="1001" name="const_82">
<pin_list>
<pin id="83" dir="1" index="0" bw="1" slack="0"/>
</pin_list>
<bind>
<StgValue><ssdm name=""/></StgValue>
</bind>
</comp>

<comp id="84" class="1004" name="c_fu_84">
<pin_list>
<pin id="85" dir="0" index="0" bw="1" slack="0"/>
<pin id="86" dir="1" index="1" bw="2" slack="0"/>
</pin_list>
<bind>
<opcode="alloca(26) " fcode="alloca"/>
<opset="c/1 "/>
</bind>
</comp>

<comp id="88" class="1004" name="j_fu_88">
<pin_list>
<pin id="89" dir="0" index="0" bw="1" slack="0"/>
<pin id="90" dir="1" index="1" bw="9" slack="0"/>
</pin_list>
<bind>
<opcode="alloca(26) " fcode="alloca"/>
<opset="j/1 "/>
</bind>
</comp>

<comp id="92" class="1004" name="indvar_flatten_fu_92">
<pin_list>
<pin id="93" dir="0" index="0" bw="1" slack="0"/>
<pin id="94" dir="1" index="1" bw="11" slack="0"/>
</pin_list>
<bind>
<opcode="alloca(26) " fcode="alloca"/>
<opset="indvar_flatten/1 "/>
</bind>
</comp>

<comp id="96" class="1004" name="i_fu_96">
<pin_list>
<pin id="97" dir="0" index="0" bw="1" slack="0"/>
<pin id="98" dir="1" index="1" bw="8" slack="0"/>
</pin_list>
<bind>
<opcode="alloca(26) " fcode="alloca"/>
<opset="i/1 "/>
</bind>
</comp>

<comp id="100" class="1004" name="indvar_flatten12_fu_100">
<pin_list>
<pin id="101" dir="0" index="0" bw="1" slack="0"/>
<pin id="102" dir="1" index="1" bw="18" slack="0"/>
</pin_list>
<bind>
<opcode="alloca(26) " fcode="alloca"/>
<opset="indvar_flatten12/1 "/>
</bind>
</comp>

<comp id="104" class="1004" name="sext_ln196_read_read_fu_104">
<pin_list>
<pin id="105" dir="0" index="0" bw="62" slack="0"/>
<pin id="106" dir="0" index="1" bw="62" slack="0"/>
<pin id="107" dir="1" index="2" bw="62" slack="0"/>
</pin_list>
<bind>
<opcode="read(1150) " fcode="read"/>
<opset="sext_ln196_read/1 "/>
</bind>
</comp>

<comp id="110" class="1004" name="local_img_addr_gep_fu_110">
<pin_list>
<pin id="111" dir="0" index="0" bw="32" slack="0"/>
<pin id="112" dir="0" index="1" bw="1" slack="0"/>
<pin id="113" dir="0" index="2" bw="18" slack="0"/>
<pin id="114" dir="1" index="3" bw="18" slack="0"/>
</pin_list>
<bind>
<opcode="getelementptr(29) " fcode="getelementptr"/>
<opset="local_img_addr/3 "/>
</bind>
</comp>

<comp id="117" class="1004" name="local_img_60_addr_gep_fu_117">
<pin_list>
<pin id="118" dir="0" index="0" bw="32" slack="0"/>
<pin id="119" dir="0" index="1" bw="1" slack="0"/>
<pin id="120" dir="0" index="2" bw="18" slack="0"/>
<pin id="121" dir="1" index="3" bw="18" slack="0"/>
</pin_list>
<bind>
<opcode="getelementptr(29) " fcode="getelementptr"/>
<opset="local_img_60_addr/3 "/>
</bind>
</comp>

<comp id="124" class="1004" name="store_ln201_access_fu_124">
<pin_list>
<pin id="125" dir="0" index="0" bw="18" slack="0"/>
<pin id="126" dir="0" index="1" bw="32" slack="0"/>
<pin id="127" dir="0" index="2" bw="0" slack="2147483647"/>
<pin id="128" dir="1" index="3" bw="32" slack="2147483647"/>
</pin_list>
<bind>
<opcode="store(28) " fcode="store"/>
<opset="store_ln201/3 "/>
</bind>
</comp>

<comp id="130" class="1004" name="store_ln201_access_fu_130">
<pin_list>
<pin id="131" dir="0" index="0" bw="18" slack="0"/>
<pin id="132" dir="0" index="1" bw="32" slack="0"/>
<pin id="133" dir="0" index="2" bw="0" slack="2147483647"/>
<pin id="134" dir="1" index="3" bw="32" slack="2147483647"/>
</pin_list>
<bind>
<opcode="store(28) " fcode="store"/>
<opset="store_ln201/3 "/>
</bind>
</comp>

<comp id="136" class="1004" name="IMGmem_addr_read_read_fu_136">
<pin_list>
<pin id="137" dir="0" index="0" bw="32" slack="0"/>
<pin id="138" dir="0" index="1" bw="32" slack="1"/>
<pin id="139" dir="1" index="2" bw="32" slack="1"/>
</pin_list>
<bind>
<opcode="read(1150) " fcode="read"/>
<opset="IMGmem_addr_read/2 "/>
</bind>
</comp>

<comp id="141" class="1004" name="sext_ln196_cast_fu_141">
<pin_list>
<pin id="142" dir="0" index="0" bw="62" slack="0"/>
<pin id="143" dir="1" index="1" bw="64" slack="0"/>
</pin_list>
<bind>
<opcode="sext(35) " fcode="sext"/>
<opset="sext_ln196_cast/1 "/>
</bind>
</comp>

<comp id="145" class="1004" name="store_ln0_store_fu_145">
<pin_list>
<pin id="146" dir="0" index="0" bw="1" slack="0"/>
<pin id="147" dir="0" index="1" bw="18" slack="0"/>
<pin id="148" dir="1" index="2" bw="0" slack="2147483647"/>
</pin_list>
<bind>
<opcode="store(28) " fcode="store"/>
<opset="store_ln0/1 "/>
</bind>
</comp>

<comp id="150" class="1004" name="store_ln196_store_fu_150">
<pin_list>
<pin id="151" dir="0" index="0" bw="1" slack="0"/>
<pin id="152" dir="0" index="1" bw="8" slack="0"/>
<pin id="153" dir="1" index="2" bw="0" slack="2147483647"/>
</pin_list>
<bind>
<opcode="store(28) " fcode="store"/>
<opset="store_ln196/1 "/>
</bind>
</comp>

<comp id="155" class="1004" name="store_ln0_store_fu_155">
<pin_list>
<pin id="156" dir="0" index="0" bw="1" slack="0"/>
<pin id="157" dir="0" index="1" bw="11" slack="0"/>
<pin id="158" dir="1" index="2" bw="0" slack="2147483647"/>
</pin_list>
<bind>
<opcode="store(28) " fcode="store"/>
<opset="store_ln0/1 "/>
</bind>
</comp>

<comp id="160" class="1004" name="store_ln197_store_fu_160">
<pin_list>
<pin id="161" dir="0" index="0" bw="1" slack="0"/>
<pin id="162" dir="0" index="1" bw="9" slack="0"/>
<pin id="163" dir="1" index="2" bw="0" slack="2147483647"/>
</pin_list>
<bind>
<opcode="store(28) " fcode="store"/>
<opset="store_ln197/1 "/>
</bind>
</comp>

<comp id="165" class="1004" name="store_ln198_store_fu_165">
<pin_list>
<pin id="166" dir="0" index="0" bw="1" slack="0"/>
<pin id="167" dir="0" index="1" bw="2" slack="0"/>
<pin id="168" dir="1" index="2" bw="0" slack="2147483647"/>
</pin_list>
<bind>
<opcode="store(28) " fcode="store"/>
<opset="store_ln198/1 "/>
</bind>
</comp>

<comp id="170" class="1004" name="indvar_flatten_load_load_fu_170">
<pin_list>
<pin id="171" dir="0" index="0" bw="11" slack="0"/>
<pin id="172" dir="1" index="1" bw="11" slack="1"/>
</pin_list>
<bind>
<opcode="load(27) " fcode="load"/>
<opset="indvar_flatten_load/1 "/>
</bind>
</comp>

<comp id="173" class="1004" name="indvar_flatten12_load_load_fu_173">
<pin_list>
<pin id="174" dir="0" index="0" bw="18" slack="0"/>
<pin id="175" dir="1" index="1" bw="18" slack="0"/>
</pin_list>
<bind>
<opcode="load(27) " fcode="load"/>
<opset="indvar_flatten12_load/1 "/>
</bind>
</comp>

<comp id="176" class="1004" name="icmp_ln196_fu_176">
<pin_list>
<pin id="177" dir="0" index="0" bw="18" slack="0"/>
<pin id="178" dir="0" index="1" bw="16" slack="0"/>
<pin id="179" dir="1" index="2" bw="1" slack="2147483647"/>
</pin_list>
<bind>
<opcode="icmp(45) " fcode="icmp"/>
<opset="icmp_ln196/1 "/>
</bind>
</comp>

<comp id="182" class="1004" name="add_ln196_1_fu_182">
<pin_list>
<pin id="183" dir="0" index="0" bw="18" slack="0"/>
<pin id="184" dir="0" index="1" bw="1" slack="0"/>
<pin id="185" dir="1" index="2" bw="18" slack="2"/>
</pin_list>
<bind>
<opcode="add(8) " fcode="add"/>
<opset="add_ln196_1/1 "/>
</bind>
</comp>

<comp id="188" class="1004" name="IMGmem_addr_fu_188">
<pin_list>
<pin id="189" dir="0" index="0" bw="32" slack="0"/>
<pin id="190" dir="0" index="1" bw="62" slack="0"/>
<pin id="191" dir="1" index="2" bw="32" slack="1"/>
</pin_list>
<bind>
<opcode="getelementptr(29) " fcode="getelementptr"/>
<opset="IMGmem_addr/1 "/>
</bind>
</comp>

<comp id="194" class="1004" name="c_load_load_fu_194">
<pin_list>
<pin id="195" dir="0" index="0" bw="2" slack="1"/>
<pin id="196" dir="1" index="1" bw="2" slack="0"/>
</pin_list>
<bind>
<opcode="load(27) " fcode="load"/>
<opset="c_load/2 "/>
</bind>
</comp>

<comp id="197" class="1004" name="j_load_load_fu_197">
<pin_list>
<pin id="198" dir="0" index="0" bw="9" slack="1"/>
<pin id="199" dir="1" index="1" bw="9" slack="0"/>
</pin_list>
<bind>
<opcode="load(27) " fcode="load"/>
<opset="j_load/2 "/>
</bind>
</comp>

<comp id="200" class="1004" name="i_load_load_fu_200">
<pin_list>
<pin id="201" dir="0" index="0" bw="8" slack="1"/>
<pin id="202" dir="1" index="1" bw="8" slack="0"/>
</pin_list>
<bind>
<opcode="load(27) " fcode="load"/>
<opset="i_load/2 "/>
</bind>
</comp>

<comp id="203" class="1004" name="add_ln196_fu_203">
<pin_list>
<pin id="204" dir="0" index="0" bw="8" slack="0"/>
<pin id="205" dir="0" index="1" bw="1" slack="0"/>
<pin id="206" dir="1" index="2" bw="8" slack="0"/>
</pin_list>
<bind>
<opcode="add(8) " fcode="add"/>
<opset="add_ln196/2 "/>
</bind>
</comp>

<comp id="209" class="1004" name="icmp_ln197_fu_209">
<pin_list>
<pin id="210" dir="0" index="0" bw="11" slack="1"/>
<pin id="211" dir="0" index="1" bw="11" slack="0"/>
<pin id="212" dir="1" index="2" bw="1" slack="0"/>
</pin_list>
<bind>
<opcode="icmp(45) " fcode="icmp"/>
<opset="icmp_ln197/2 "/>
</bind>
</comp>

<comp id="214" class="1004" name="select_ln196_fu_214">
<pin_list>
<pin id="215" dir="0" index="0" bw="1" slack="0"/>
<pin id="216" dir="0" index="1" bw="1" slack="0"/>
<pin id="217" dir="0" index="2" bw="9" slack="0"/>
<pin id="218" dir="1" index="3" bw="9" slack="0"/>
</pin_list>
<bind>
<opcode="select(49) " fcode="select"/>
<opset="select_ln196/2 "/>
</bind>
</comp>

<comp id="222" class="1004" name="xor_ln196_fu_222">
<pin_list>
<pin id="223" dir="0" index="0" bw="1" slack="0"/>
<pin id="224" dir="0" index="1" bw="1" slack="0"/>
<pin id="225" dir="1" index="2" bw="1" slack="0"/>
</pin_list>
<bind>
<opcode="xor(25) " fcode="xor"/>
<opset="xor_ln196/2 "/>
</bind>
</comp>

<comp id="228" class="1004" name="icmp_ln198_fu_228">
<pin_list>
<pin id="229" dir="0" index="0" bw="2" slack="0"/>
<pin id="230" dir="0" index="1" bw="1" slack="0"/>
<pin id="231" dir="1" index="2" bw="1" slack="0"/>
</pin_list>
<bind>
<opcode="icmp(45) " fcode="icmp"/>
<opset="icmp_ln198/2 "/>
</bind>
</comp>

<comp id="234" class="1004" name="and_ln196_fu_234">
<pin_list>
<pin id="235" dir="0" index="0" bw="1" slack="0"/>
<pin id="236" dir="0" index="1" bw="1" slack="0"/>
<pin id="237" dir="1" index="2" bw="1" slack="0"/>
</pin_list>
<bind>
<opcode="and(23) " fcode="and"/>
<opset="and_ln196/2 "/>
</bind>
</comp>

<comp id="240" class="1004" name="select_ln196_1_fu_240">
<pin_list>
<pin id="241" dir="0" index="0" bw="1" slack="0"/>
<pin id="242" dir="0" index="1" bw="8" slack="0"/>
<pin id="243" dir="0" index="2" bw="8" slack="0"/>
<pin id="244" dir="1" index="3" bw="8" slack="1"/>
</pin_list>
<bind>
<opcode="select(49) " fcode="select"/>
<opset="select_ln196_1/2 "/>
</bind>
</comp>

<comp id="248" class="1004" name="add_ln197_fu_248">
<pin_list>
<pin id="249" dir="0" index="0" bw="9" slack="0"/>
<pin id="250" dir="0" index="1" bw="1" slack="0"/>
<pin id="251" dir="1" index="2" bw="9" slack="0"/>
</pin_list>
<bind>
<opcode="add(8) " fcode="add"/>
<opset="add_ln197/2 "/>
</bind>
</comp>

<comp id="254" class="1004" name="select_ln197_fu_254">
<pin_list>
<pin id="255" dir="0" index="0" bw="1" slack="0"/>
<pin id="256" dir="0" index="1" bw="9" slack="0"/>
<pin id="257" dir="0" index="2" bw="9" slack="0"/>
<pin id="258" dir="1" index="3" bw="9" slack="1"/>
</pin_list>
<bind>
<opcode="select(49) " fcode="select"/>
<opset="select_ln197/2 "/>
</bind>
</comp>

<comp id="262" class="1004" name="empty_fu_262">
<pin_list>
<pin id="263" dir="0" index="0" bw="1" slack="1"/>
<pin id="264" dir="0" index="1" bw="1" slack="1"/>
<pin id="265" dir="1" index="2" bw="1" slack="0"/>
</pin_list>
<bind>
<opcode="or(24) " fcode="or"/>
<opset="empty/3 "/>
</bind>
</comp>

<comp id="266" class="1004" name="c_mid2_fu_266">
<pin_list>
<pin id="267" dir="0" index="0" bw="1" slack="0"/>
<pin id="268" dir="0" index="1" bw="1" slack="0"/>
<pin id="269" dir="0" index="2" bw="2" slack="1"/>
<pin id="270" dir="1" index="3" bw="2" slack="0"/>
</pin_list>
<bind>
<opcode="select(49) " fcode="select"/>
<opset="c_mid2/3 "/>
</bind>
</comp>

<comp id="273" class="1004" name="tmp_fu_273">
<pin_list>
<pin id="274" dir="0" index="0" bw="16" slack="0"/>
<pin id="275" dir="0" index="1" bw="8" slack="1"/>
<pin id="276" dir="0" index="2" bw="1" slack="0"/>
<pin id="277" dir="1" index="3" bw="16" slack="0"/>
</pin_list>
<bind>
<opcode="bitconcatenate(1004) " fcode="bitconcatenate"/>
<opset="tmp/3 "/>
</bind>
</comp>

<comp id="280" class="1004" name="zext_ln201_fu_280">
<pin_list>
<pin id="281" dir="0" index="0" bw="16" slack="0"/>
<pin id="282" dir="1" index="1" bw="17" slack="0"/>
</pin_list>
<bind>
<opcode="zext(34) " fcode="zext"/>
<opset="zext_ln201/3 "/>
</bind>
</comp>

<comp id="284" class="1004" name="tmp_27_fu_284">
<pin_list>
<pin id="285" dir="0" index="0" bw="14" slack="0"/>
<pin id="286" dir="0" index="1" bw="8" slack="1"/>
<pin id="287" dir="0" index="2" bw="1" slack="0"/>
<pin id="288" dir="1" index="3" bw="14" slack="0"/>
</pin_list>
<bind>
<opcode="bitconcatenate(1004) " fcode="bitconcatenate"/>
<opset="tmp_27/3 "/>
</bind>
</comp>

<comp id="291" class="1004" name="zext_ln201_1_fu_291">
<pin_list>
<pin id="292" dir="0" index="0" bw="14" slack="0"/>
<pin id="293" dir="1" index="1" bw="17" slack="0"/>
</pin_list>
<bind>
<opcode="zext(34) " fcode="zext"/>
<opset="zext_ln201_1/3 "/>
</bind>
</comp>

<comp id="295" class="1004" name="add_ln201_1_fu_295">
<pin_list>
<pin id="296" dir="0" index="0" bw="16" slack="0"/>
<pin id="297" dir="0" index="1" bw="14" slack="0"/>
<pin id="298" dir="1" index="2" bw="17" slack="0"/>
</pin_list>
<bind>
<opcode="add(8) " fcode="add"/>
<opset="add_ln201_1/3 "/>
</bind>
</comp>

<comp id="301" class="1004" name="zext_ln201_2_fu_301">
<pin_list>
<pin id="302" dir="0" index="0" bw="9" slack="1"/>
<pin id="303" dir="1" index="1" bw="17" slack="0"/>
</pin_list>
<bind>
<opcode="zext(34) " fcode="zext"/>
<opset="zext_ln201_2/3 "/>
</bind>
</comp>

<comp id="304" class="1004" name="add_ln201_fu_304">
<pin_list>
<pin id="305" dir="0" index="0" bw="17" slack="0"/>
<pin id="306" dir="0" index="1" bw="9" slack="0"/>
<pin id="307" dir="1" index="2" bw="17" slack="0"/>
</pin_list>
<bind>
<opcode="add(8) " fcode="add"/>
<opset="add_ln201/3 "/>
</bind>
</comp>

<comp id="310" class="1004" name="trunc_ln198_fu_310">
<pin_list>
<pin id="311" dir="0" index="0" bw="2" slack="0"/>
<pin id="312" dir="1" index="1" bw="1" slack="0"/>
</pin_list>
<bind>
<opcode="trunc(33) " fcode="trunc"/>
<opset="trunc_ln198/3 "/>
</bind>
</comp>

<comp id="314" class="1004" name="tmp_s_fu_314">
<pin_list>
<pin id="315" dir="0" index="0" bw="18" slack="0"/>
<pin id="316" dir="0" index="1" bw="17" slack="0"/>
<pin id="317" dir="0" index="2" bw="1" slack="0"/>
<pin id="318" dir="1" index="3" bw="18" slack="0"/>
</pin_list>
<bind>
<opcode="bitconcatenate(1004) " fcode="bitconcatenate"/>
<opset="tmp_s/3 "/>
</bind>
</comp>

<comp id="322" class="1004" name="zext_ln201_3_fu_322">
<pin_list>
<pin id="323" dir="0" index="0" bw="18" slack="0"/>
<pin id="324" dir="1" index="1" bw="64" slack="0"/>
</pin_list>
<bind>
<opcode="zext(34) " fcode="zext"/>
<opset="zext_ln201_3/3 "/>
</bind>
</comp>

<comp id="328" class="1004" name="bitcast_ln201_fu_328">
<pin_list>
<pin id="329" dir="0" index="0" bw="32" slack="1"/>
<pin id="330" dir="1" index="1" bw="32" slack="0"/>
</pin_list>
<bind>
<opcode="bitcast(44) " fcode="bitcast"/>
<opset="bitcast_ln201/3 "/>
</bind>
</comp>

<comp id="333" class="1004" name="tmp_28_fu_333">
<pin_list>
<pin id="334" dir="0" index="0" bw="1" slack="0"/>
<pin id="335" dir="0" index="1" bw="2" slack="0"/>
<pin id="336" dir="0" index="2" bw="1" slack="0"/>
<pin id="337" dir="1" index="3" bw="1" slack="2147483647"/>
</pin_list>
<bind>
<opcode="bitselect(1000) " fcode="bitselect"/>
<opset="tmp_28/3 "/>
</bind>
</comp>

<comp id="341" class="1004" name="add_ln198_fu_341">
<pin_list>
<pin id="342" dir="0" index="0" bw="2" slack="0"/>
<pin id="343" dir="0" index="1" bw="1" slack="0"/>
<pin id="344" dir="1" index="2" bw="2" slack="0"/>
</pin_list>
<bind>
<opcode="add(8) " fcode="add"/>
<opset="add_ln198/3 "/>
</bind>
</comp>

<comp id="347" class="1004" name="add_ln197_1_fu_347">
<pin_list>
<pin id="348" dir="0" index="0" bw="11" slack="2"/>
<pin id="349" dir="0" index="1" bw="1" slack="0"/>
<pin id="350" dir="1" index="2" bw="11" slack="0"/>
</pin_list>
<bind>
<opcode="add(8) " fcode="add"/>
<opset="add_ln197_1/3 "/>
</bind>
</comp>

<comp id="352" class="1004" name="select_ln197_1_fu_352">
<pin_list>
<pin id="353" dir="0" index="0" bw="1" slack="1"/>
<pin id="354" dir="0" index="1" bw="1" slack="0"/>
<pin id="355" dir="0" index="2" bw="11" slack="0"/>
<pin id="356" dir="1" index="3" bw="11" slack="0"/>
</pin_list>
<bind>
<opcode="select(49) " fcode="select"/>
<opset="select_ln197_1/3 "/>
</bind>
</comp>

<comp id="359" class="1004" name="store_ln196_store_fu_359">
<pin_list>
<pin id="360" dir="0" index="0" bw="18" slack="2"/>
<pin id="361" dir="0" index="1" bw="18" slack="2"/>
<pin id="362" dir="1" index="2" bw="0" slack="2147483647"/>
</pin_list>
<bind>
<opcode="store(28) " fcode="store"/>
<opset="store_ln196/3 "/>
</bind>
</comp>

<comp id="363" class="1004" name="store_ln196_store_fu_363">
<pin_list>
<pin id="364" dir="0" index="0" bw="8" slack="1"/>
<pin id="365" dir="0" index="1" bw="8" slack="2"/>
<pin id="366" dir="1" index="2" bw="0" slack="2147483647"/>
</pin_list>
<bind>
<opcode="store(28) " fcode="store"/>
<opset="store_ln196/3 "/>
</bind>
</comp>

<comp id="367" class="1004" name="store_ln197_store_fu_367">
<pin_list>
<pin id="368" dir="0" index="0" bw="11" slack="0"/>
<pin id="369" dir="0" index="1" bw="11" slack="2"/>
<pin id="370" dir="1" index="2" bw="0" slack="2147483647"/>
</pin_list>
<bind>
<opcode="store(28) " fcode="store"/>
<opset="store_ln197/3 "/>
</bind>
</comp>

<comp id="372" class="1004" name="store_ln197_store_fu_372">
<pin_list>
<pin id="373" dir="0" index="0" bw="9" slack="1"/>
<pin id="374" dir="0" index="1" bw="9" slack="2"/>
<pin id="375" dir="1" index="2" bw="0" slack="2147483647"/>
</pin_list>
<bind>
<opcode="store(28) " fcode="store"/>
<opset="store_ln197/3 "/>
</bind>
</comp>

<comp id="376" class="1004" name="store_ln198_store_fu_376">
<pin_list>
<pin id="377" dir="0" index="0" bw="2" slack="0"/>
<pin id="378" dir="0" index="1" bw="2" slack="2"/>
<pin id="379" dir="1" index="2" bw="0" slack="2147483647"/>
</pin_list>
<bind>
<opcode="store(28) " fcode="store"/>
<opset="store_ln198/3 "/>
</bind>
</comp>

<comp id="381" class="1005" name="c_reg_381">
<pin_list>
<pin id="382" dir="0" index="0" bw="2" slack="0"/>
<pin id="383" dir="1" index="1" bw="2" slack="0"/>
</pin_list>
<bind>
<opset="c "/>
</bind>
</comp>

<comp id="388" class="1005" name="j_reg_388">
<pin_list>
<pin id="389" dir="0" index="0" bw="9" slack="0"/>
<pin id="390" dir="1" index="1" bw="9" slack="0"/>
</pin_list>
<bind>
<opset="j "/>
</bind>
</comp>

<comp id="395" class="1005" name="indvar_flatten_reg_395">
<pin_list>
<pin id="396" dir="0" index="0" bw="11" slack="0"/>
<pin id="397" dir="1" index="1" bw="11" slack="0"/>
</pin_list>
<bind>
<opset="indvar_flatten "/>
</bind>
</comp>

<comp id="402" class="1005" name="i_reg_402">
<pin_list>
<pin id="403" dir="0" index="0" bw="8" slack="0"/>
<pin id="404" dir="1" index="1" bw="8" slack="0"/>
</pin_list>
<bind>
<opset="i "/>
</bind>
</comp>

<comp id="409" class="1005" name="indvar_flatten12_reg_409">
<pin_list>
<pin id="410" dir="0" index="0" bw="18" slack="0"/>
<pin id="411" dir="1" index="1" bw="18" slack="0"/>
</pin_list>
<bind>
<opset="indvar_flatten12 "/>
</bind>
</comp>

<comp id="416" class="1005" name="indvar_flatten_load_reg_416">
<pin_list>
<pin id="417" dir="0" index="0" bw="11" slack="1"/>
<pin id="418" dir="1" index="1" bw="11" slack="1"/>
</pin_list>
<bind>
<opset="indvar_flatten_load "/>
</bind>
</comp>

<comp id="425" class="1005" name="add_ln196_1_reg_425">
<pin_list>
<pin id="426" dir="0" index="0" bw="18" slack="2"/>
<pin id="427" dir="1" index="1" bw="18" slack="2"/>
</pin_list>
<bind>
<opset="add_ln196_1 "/>
</bind>
</comp>

<comp id="430" class="1005" name="IMGmem_addr_reg_430">
<pin_list>
<pin id="431" dir="0" index="0" bw="32" slack="1"/>
<pin id="432" dir="1" index="1" bw="32" slack="1"/>
</pin_list>
<bind>
<opset="IMGmem_addr "/>
</bind>
</comp>

<comp id="435" class="1005" name="c_load_reg_435">
<pin_list>
<pin id="436" dir="0" index="0" bw="2" slack="1"/>
<pin id="437" dir="1" index="1" bw="2" slack="1"/>
</pin_list>
<bind>
<opset="c_load "/>
</bind>
</comp>

<comp id="440" class="1005" name="icmp_ln197_reg_440">
<pin_list>
<pin id="441" dir="0" index="0" bw="1" slack="1"/>
<pin id="442" dir="1" index="1" bw="1" slack="1"/>
</pin_list>
<bind>
<opset="icmp_ln197 "/>
</bind>
</comp>

<comp id="446" class="1005" name="and_ln196_reg_446">
<pin_list>
<pin id="447" dir="0" index="0" bw="1" slack="1"/>
<pin id="448" dir="1" index="1" bw="1" slack="1"/>
</pin_list>
<bind>
<opset="and_ln196 "/>
</bind>
</comp>

<comp id="451" class="1005" name="select_ln196_1_reg_451">
<pin_list>
<pin id="452" dir="0" index="0" bw="8" slack="1"/>
<pin id="453" dir="1" index="1" bw="8" slack="1"/>
</pin_list>
<bind>
<opset="select_ln196_1 "/>
</bind>
</comp>

<comp id="458" class="1005" name="select_ln197_reg_458">
<pin_list>
<pin id="459" dir="0" index="0" bw="9" slack="1"/>
<pin id="460" dir="1" index="1" bw="9" slack="1"/>
</pin_list>
<bind>
<opset="select_ln197 "/>
</bind>
</comp>

<comp id="464" class="1005" name="IMGmem_addr_read_reg_464">
<pin_list>
<pin id="465" dir="0" index="0" bw="32" slack="1"/>
<pin id="466" dir="1" index="1" bw="32" slack="1"/>
</pin_list>
<bind>
<opset="IMGmem_addr_read "/>
</bind>
</comp>

</comp_list>

<net_list>
<net id="87"><net_src comp="8" pin="0"/><net_sink comp="84" pin=0"/></net>

<net id="91"><net_src comp="8" pin="0"/><net_sink comp="88" pin=0"/></net>

<net id="95"><net_src comp="8" pin="0"/><net_sink comp="92" pin=0"/></net>

<net id="99"><net_src comp="8" pin="0"/><net_sink comp="96" pin=0"/></net>

<net id="103"><net_src comp="8" pin="0"/><net_sink comp="100" pin=0"/></net>

<net id="108"><net_src comp="10" pin="0"/><net_sink comp="104" pin=0"/></net>

<net id="109"><net_src comp="2" pin="0"/><net_sink comp="104" pin=1"/></net>

<net id="115"><net_src comp="4" pin="0"/><net_sink comp="110" pin=0"/></net>

<net id="116"><net_src comp="76" pin="0"/><net_sink comp="110" pin=1"/></net>

<net id="122"><net_src comp="6" pin="0"/><net_sink comp="117" pin=0"/></net>

<net id="123"><net_src comp="76" pin="0"/><net_sink comp="117" pin=1"/></net>

<net id="129"><net_src comp="110" pin="3"/><net_sink comp="124" pin=0"/></net>

<net id="135"><net_src comp="117" pin="3"/><net_sink comp="130" pin=0"/></net>

<net id="140"><net_src comp="54" pin="0"/><net_sink comp="136" pin=0"/></net>

<net id="144"><net_src comp="104" pin="2"/><net_sink comp="141" pin=0"/></net>

<net id="149"><net_src comp="30" pin="0"/><net_sink comp="145" pin=0"/></net>

<net id="154"><net_src comp="32" pin="0"/><net_sink comp="150" pin=0"/></net>

<net id="159"><net_src comp="34" pin="0"/><net_sink comp="155" pin=0"/></net>

<net id="164"><net_src comp="36" pin="0"/><net_sink comp="160" pin=0"/></net>

<net id="169"><net_src comp="38" pin="0"/><net_sink comp="165" pin=0"/></net>

<net id="180"><net_src comp="173" pin="1"/><net_sink comp="176" pin=0"/></net>

<net id="181"><net_src comp="40" pin="0"/><net_sink comp="176" pin=1"/></net>

<net id="186"><net_src comp="173" pin="1"/><net_sink comp="182" pin=0"/></net>

<net id="187"><net_src comp="42" pin="0"/><net_sink comp="182" pin=1"/></net>

<net id="192"><net_src comp="0" pin="0"/><net_sink comp="188" pin=0"/></net>

<net id="193"><net_src comp="141" pin="1"/><net_sink comp="188" pin=1"/></net>

<net id="207"><net_src comp="200" pin="1"/><net_sink comp="203" pin=0"/></net>

<net id="208"><net_src comp="44" pin="0"/><net_sink comp="203" pin=1"/></net>

<net id="213"><net_src comp="46" pin="0"/><net_sink comp="209" pin=1"/></net>

<net id="219"><net_src comp="209" pin="2"/><net_sink comp="214" pin=0"/></net>

<net id="220"><net_src comp="36" pin="0"/><net_sink comp="214" pin=1"/></net>

<net id="221"><net_src comp="197" pin="1"/><net_sink comp="214" pin=2"/></net>

<net id="226"><net_src comp="209" pin="2"/><net_sink comp="222" pin=0"/></net>

<net id="227"><net_src comp="48" pin="0"/><net_sink comp="222" pin=1"/></net>

<net id="232"><net_src comp="194" pin="1"/><net_sink comp="228" pin=0"/></net>

<net id="233"><net_src comp="50" pin="0"/><net_sink comp="228" pin=1"/></net>

<net id="238"><net_src comp="228" pin="2"/><net_sink comp="234" pin=0"/></net>

<net id="239"><net_src comp="222" pin="2"/><net_sink comp="234" pin=1"/></net>

<net id="245"><net_src comp="209" pin="2"/><net_sink comp="240" pin=0"/></net>

<net id="246"><net_src comp="203" pin="2"/><net_sink comp="240" pin=1"/></net>

<net id="247"><net_src comp="200" pin="1"/><net_sink comp="240" pin=2"/></net>

<net id="252"><net_src comp="214" pin="3"/><net_sink comp="248" pin=0"/></net>

<net id="253"><net_src comp="52" pin="0"/><net_sink comp="248" pin=1"/></net>

<net id="259"><net_src comp="234" pin="2"/><net_sink comp="254" pin=0"/></net>

<net id="260"><net_src comp="248" pin="2"/><net_sink comp="254" pin=1"/></net>

<net id="261"><net_src comp="214" pin="3"/><net_sink comp="254" pin=2"/></net>

<net id="271"><net_src comp="262" pin="2"/><net_sink comp="266" pin=0"/></net>

<net id="272"><net_src comp="38" pin="0"/><net_sink comp="266" pin=1"/></net>

<net id="278"><net_src comp="64" pin="0"/><net_sink comp="273" pin=0"/></net>

<net id="279"><net_src comp="32" pin="0"/><net_sink comp="273" pin=2"/></net>

<net id="283"><net_src comp="273" pin="3"/><net_sink comp="280" pin=0"/></net>

<net id="289"><net_src comp="66" pin="0"/><net_sink comp="284" pin=0"/></net>

<net id="290"><net_src comp="68" pin="0"/><net_sink comp="284" pin=2"/></net>

<net id="294"><net_src comp="284" pin="3"/><net_sink comp="291" pin=0"/></net>

<net id="299"><net_src comp="280" pin="1"/><net_sink comp="295" pin=0"/></net>

<net id="300"><net_src comp="291" pin="1"/><net_sink comp="295" pin=1"/></net>

<net id="308"><net_src comp="295" pin="2"/><net_sink comp="304" pin=0"/></net>

<net id="309"><net_src comp="301" pin="1"/><net_sink comp="304" pin=1"/></net>

<net id="313"><net_src comp="266" pin="3"/><net_sink comp="310" pin=0"/></net>

<net id="319"><net_src comp="74" pin="0"/><net_sink comp="314" pin=0"/></net>

<net id="320"><net_src comp="304" pin="2"/><net_sink comp="314" pin=1"/></net>

<net id="321"><net_src comp="310" pin="1"/><net_sink comp="314" pin=2"/></net>

<net id="325"><net_src comp="314" pin="3"/><net_sink comp="322" pin=0"/></net>

<net id="326"><net_src comp="322" pin="1"/><net_sink comp="110" pin=2"/></net>

<net id="327"><net_src comp="322" pin="1"/><net_sink comp="117" pin=2"/></net>

<net id="331"><net_src comp="328" pin="1"/><net_sink comp="124" pin=1"/></net>

<net id="332"><net_src comp="328" pin="1"/><net_sink comp="130" pin=1"/></net>

<net id="338"><net_src comp="78" pin="0"/><net_sink comp="333" pin=0"/></net>

<net id="339"><net_src comp="266" pin="3"/><net_sink comp="333" pin=1"/></net>

<net id="340"><net_src comp="8" pin="0"/><net_sink comp="333" pin=2"/></net>

<net id="345"><net_src comp="266" pin="3"/><net_sink comp="341" pin=0"/></net>

<net id="346"><net_src comp="80" pin="0"/><net_sink comp="341" pin=1"/></net>

<net id="351"><net_src comp="82" pin="0"/><net_sink comp="347" pin=1"/></net>

<net id="357"><net_src comp="82" pin="0"/><net_sink comp="352" pin=1"/></net>

<net id="358"><net_src comp="347" pin="2"/><net_sink comp="352" pin=2"/></net>

<net id="371"><net_src comp="352" pin="3"/><net_sink comp="367" pin=0"/></net>

<net id="380"><net_src comp="341" pin="2"/><net_sink comp="376" pin=0"/></net>

<net id="384"><net_src comp="84" pin="1"/><net_sink comp="381" pin=0"/></net>

<net id="385"><net_src comp="381" pin="1"/><net_sink comp="165" pin=1"/></net>

<net id="386"><net_src comp="381" pin="1"/><net_sink comp="194" pin=0"/></net>

<net id="387"><net_src comp="381" pin="1"/><net_sink comp="376" pin=1"/></net>

<net id="391"><net_src comp="88" pin="1"/><net_sink comp="388" pin=0"/></net>

<net id="392"><net_src comp="388" pin="1"/><net_sink comp="160" pin=1"/></net>

<net id="393"><net_src comp="388" pin="1"/><net_sink comp="197" pin=0"/></net>

<net id="394"><net_src comp="388" pin="1"/><net_sink comp="372" pin=1"/></net>

<net id="398"><net_src comp="92" pin="1"/><net_sink comp="395" pin=0"/></net>

<net id="399"><net_src comp="395" pin="1"/><net_sink comp="155" pin=1"/></net>

<net id="400"><net_src comp="395" pin="1"/><net_sink comp="170" pin=0"/></net>

<net id="401"><net_src comp="395" pin="1"/><net_sink comp="367" pin=1"/></net>

<net id="405"><net_src comp="96" pin="1"/><net_sink comp="402" pin=0"/></net>

<net id="406"><net_src comp="402" pin="1"/><net_sink comp="150" pin=1"/></net>

<net id="407"><net_src comp="402" pin="1"/><net_sink comp="200" pin=0"/></net>

<net id="408"><net_src comp="402" pin="1"/><net_sink comp="363" pin=1"/></net>

<net id="412"><net_src comp="100" pin="1"/><net_sink comp="409" pin=0"/></net>

<net id="413"><net_src comp="409" pin="1"/><net_sink comp="145" pin=1"/></net>

<net id="414"><net_src comp="409" pin="1"/><net_sink comp="173" pin=0"/></net>

<net id="415"><net_src comp="409" pin="1"/><net_sink comp="359" pin=1"/></net>

<net id="419"><net_src comp="170" pin="1"/><net_sink comp="416" pin=0"/></net>

<net id="420"><net_src comp="416" pin="1"/><net_sink comp="209" pin=0"/></net>

<net id="421"><net_src comp="416" pin="1"/><net_sink comp="347" pin=0"/></net>

<net id="428"><net_src comp="182" pin="2"/><net_sink comp="425" pin=0"/></net>

<net id="429"><net_src comp="425" pin="1"/><net_sink comp="359" pin=0"/></net>

<net id="433"><net_src comp="188" pin="2"/><net_sink comp="430" pin=0"/></net>

<net id="434"><net_src comp="430" pin="1"/><net_sink comp="136" pin=1"/></net>

<net id="438"><net_src comp="194" pin="1"/><net_sink comp="435" pin=0"/></net>

<net id="439"><net_src comp="435" pin="1"/><net_sink comp="266" pin=2"/></net>

<net id="443"><net_src comp="209" pin="2"/><net_sink comp="440" pin=0"/></net>

<net id="444"><net_src comp="440" pin="1"/><net_sink comp="262" pin=1"/></net>

<net id="445"><net_src comp="440" pin="1"/><net_sink comp="352" pin=0"/></net>

<net id="449"><net_src comp="234" pin="2"/><net_sink comp="446" pin=0"/></net>

<net id="450"><net_src comp="446" pin="1"/><net_sink comp="262" pin=0"/></net>

<net id="454"><net_src comp="240" pin="3"/><net_sink comp="451" pin=0"/></net>

<net id="455"><net_src comp="451" pin="1"/><net_sink comp="273" pin=1"/></net>

<net id="456"><net_src comp="451" pin="1"/><net_sink comp="284" pin=1"/></net>

<net id="457"><net_src comp="451" pin="1"/><net_sink comp="363" pin=0"/></net>

<net id="461"><net_src comp="254" pin="3"/><net_sink comp="458" pin=0"/></net>

<net id="462"><net_src comp="458" pin="1"/><net_sink comp="301" pin=0"/></net>

<net id="463"><net_src comp="458" pin="1"/><net_sink comp="372" pin=0"/></net>

<net id="467"><net_src comp="136" pin="2"/><net_sink comp="464" pin=0"/></net>

<net id="468"><net_src comp="464" pin="1"/><net_sink comp="328" pin=0"/></net>

</net_list>

</model> 
---------------- Datapath Model END ------------------

* FSMD analyzer results:
  - Output states:
	Port: local_img | {3 }
	Port: local_img_60 | {3 }
 - Input state : 
	Port: load_img_Pipeline_LOAD_IMG_ROWS_LOAD_IMG_COLS_LOAD_IMG_CH : IMGmem | {2 }
	Port: load_img_Pipeline_LOAD_IMG_ROWS_LOAD_IMG_COLS_LOAD_IMG_CH : sext_ln196 | {1 }
  - Chain level:
	State 1
		store_ln0 : 1
		store_ln196 : 1
		store_ln0 : 1
		store_ln197 : 1
		store_ln198 : 1
		indvar_flatten_load : 1
		indvar_flatten12_load : 1
		icmp_ln196 : 2
		add_ln196_1 : 2
		br_ln196 : 3
		IMGmem_addr : 1
	State 2
		add_ln196 : 1
		select_ln196 : 1
		xor_ln196 : 1
		icmp_ln198 : 1
		and_ln196 : 1
		select_ln196_1 : 2
		add_ln197 : 2
		select_ln197 : 1
	State 3
		zext_ln201 : 1
		zext_ln201_1 : 1
		add_ln201_1 : 2
		add_ln201 : 3
		trunc_ln198 : 1
		tmp_s : 4
		zext_ln201_3 : 5
		local_img_addr : 6
		local_img_60_addr : 6
		tmp_28 : 1
		br_ln201 : 2
		store_ln201 : 7
		store_ln201 : 7
		add_ln198 : 1
		select_ln197_1 : 1
		store_ln197 : 2
		store_ln198 : 2


============================================================
+ Verbose Summary: Datapath Resource usage 
============================================================

* Functional unit list:
|----------|------------------------------|---------|---------|
| Operation|        Functional Unit       |    FF   |   LUT   |
|----------|------------------------------|---------|---------|
|          |      add_ln196_1_fu_182      |    0    |    25   |
|          |       add_ln196_fu_203       |    0    |    15   |
|          |       add_ln197_fu_248       |    0    |    16   |
|    add   |      add_ln201_1_fu_295      |    0    |    16   |
|          |       add_ln201_fu_304       |    0    |    17   |
|          |       add_ln198_fu_341       |    0    |    10   |
|          |      add_ln197_1_fu_347      |    0    |    18   |
|----------|------------------------------|---------|---------|
|          |       icmp_ln196_fu_176      |    0    |    25   |
|   icmp   |       icmp_ln197_fu_209      |    0    |    18   |
|          |       icmp_ln198_fu_228      |    0    |    10   |
|----------|------------------------------|---------|---------|
|          |      select_ln196_fu_214     |    0    |    9    |
|          |     select_ln196_1_fu_240    |    0    |    8    |
|  select  |      select_ln197_fu_254     |    0    |    9    |
|          |         c_mid2_fu_266        |    0    |    2    |
|          |     select_ln197_1_fu_352    |    0    |    11   |
|----------|------------------------------|---------|---------|
|    xor   |       xor_ln196_fu_222       |    0    |    2    |
|----------|------------------------------|---------|---------|
|    and   |       and_ln196_fu_234       |    0    |    2    |
|----------|------------------------------|---------|---------|
|    or    |         empty_fu_262         |    0    |    2    |
|----------|------------------------------|---------|---------|
|   read   |  sext_ln196_read_read_fu_104 |    0    |    0    |
|          | IMGmem_addr_read_read_fu_136 |    0    |    0    |
|----------|------------------------------|---------|---------|
|   sext   |    sext_ln196_cast_fu_141    |    0    |    0    |
|----------|------------------------------|---------|---------|
|          |          tmp_fu_273          |    0    |    0    |
|bitconcatenate|         tmp_27_fu_284        |    0    |    0    |
|          |         tmp_s_fu_314         |    0    |    0    |
|----------|------------------------------|---------|---------|
|          |       zext_ln201_fu_280      |    0    |    0    |
|   zext   |      zext_ln201_1_fu_291     |    0    |    0    |
|          |      zext_ln201_2_fu_301     |    0    |    0    |
|          |      zext_ln201_3_fu_322     |    0    |    0    |
|----------|------------------------------|---------|---------|
|   trunc  |      trunc_ln198_fu_310      |    0    |    0    |
|----------|------------------------------|---------|---------|
| bitselect|         tmp_28_fu_333        |    0    |    0    |
|----------|------------------------------|---------|---------|
|   Total  |                              |    0    |   215   |
|----------|------------------------------|---------|---------|

Memories:
N/A

* Register list:
+---------------------------+--------+
|                           |   FF   |
+---------------------------+--------+
|  IMGmem_addr_read_reg_464 |   32   |
|    IMGmem_addr_reg_430    |   32   |
|    add_ln196_1_reg_425    |   18   |
|     and_ln196_reg_446     |    1   |
|       c_load_reg_435      |    2   |
|         c_reg_381         |    2   |
|         i_reg_402         |    8   |
|     icmp_ln197_reg_440    |    1   |
|  indvar_flatten12_reg_409 |   18   |
|indvar_flatten_load_reg_416|   11   |
|   indvar_flatten_reg_395  |   11   |
|         j_reg_388         |    9   |
|   select_ln196_1_reg_451  |    8   |
|    select_ln197_reg_458   |    9   |
+---------------------------+--------+
|           Total           |   162  |
+---------------------------+--------+

* Multiplexer (MUX) list: 
|--------|------|------|------|--------|
|  Comp  |  Pin | Size |  BW  | S x BW |
|--------|------|------|------|--------|
|  Total |      |      |      |    0   |
|--------|------|------|------|--------|



* Summary:
+-----------+--------+--------+
|           |   FF   |   LUT  |
+-----------+--------+--------+
|  Function |    0   |   215  |
|   Memory  |    -   |    -   |
|Multiplexer|    -   |    -   |
|  Register |   162  |    -   |
+-----------+--------+--------+
|   Total   |   162  |   215  |
+-----------+--------+--------+
