

================================================================
== Vitis HLS Report for 'pool1'
================================================================
* Date:           Tue Jul  8 00:39:51 2025

* Version:        2025.1 (Build 6135595 on May 21 2025)
* Project:        cnn_accel
* Solution:       hls (Vivado IP Flow Target)
* Product family: artix7
* Target device:  xc7a100t-fgg484-2L


================================================================
== Performance Estimates
================================================================
+ Timing: 
    * Summary: 
    +--------+----------+----------+------------+
    |  Clock |  Target  | Estimated| Uncertainty|
    +--------+----------+----------+------------+
    |ap_clk  |  10.00 ns|  6.248 ns|     2.70 ns|
    +--------+----------+----------+------------+

+ Latency: 
    * Summary: 
    +---------+---------+----------+----------+--------+--------+------------------------------------------------+
    |  Latency (cycles) |  Latency (absolute) |     Interval    |                    Pipeline                    |
    |   min   |   max   |    min   |    max   |   min  |   max  |                      Type                      |
    +---------+---------+----------+----------+--------+--------+------------------------------------------------+
    |   454115|   454115|  4.541 ms|  4.541 ms|  454109|  454109|  loop auto-rewind stp (delay=5 clock cycles(s))|
    +---------+---------+----------+----------+--------+--------+------------------------------------------------+

    + Detail: 
        * Instance: 
        N/A

        * Loop: 
        +--------------------------------+---------+---------+----------+-----------+-----------+--------+----------+
        |                                |  Latency (cycles) | Iteration|  Initiation Interval  |  Trip  |          |
        |            Loop Name           |   min   |   max   |  Latency |  achieved |   target  |  Count | Pipelined|
        +--------------------------------+---------+---------+----------+-----------+-----------+--------+----------+
        |- POOL1_ROW_POOL1_COL_POOL1_CH  |   454113|   454113|        13|          3|          3|  151368|       yes|
        +--------------------------------+---------+---------+----------+-----------+-----------+--------+----------+

============================================================
+ Verbose Summary: Synthesis Manager
============================================================
InlineROM: 1
ExposeGlobal: 0
============================================================
+ Verbose Summary: CDFG Model
============================================================
IsTopModel: 0
ResetActiveHigh: 1
IsCombinational: 2
IsDatapathOnly: 0
HasWiredReturn: 1
HasMFsm: 2
HasVarLatency: 1
IsPipeline: 0
IsRtlPipelined: 0
IsInstanceOverlapped: 0
IsDontTouch: 0
HasImplIP: 0
IsGatedGlobalClock: 0

+ Individual pipeline summary: 
  * Pipeline-0: initiation interval (II) = 3, depth = 13


============================================================
+ Verbose Summary: Schedule
============================================================
* Number of FSM states : 13
* Pipeline : 1
  Pipeline-0 : II = 3, D = 13, States = { 1 2 3 4 5 6 7 8 9 10 11 12 13 }
* Dataflow Pipeline: 0

* FSM state transitions: 
1 --> 2 
2 --> 3 
3 --> 4 
4 --> 5 
5 --> 6 
6 --> 7 
7 --> 8 
8 --> 9 
9 --> 10 
10 --> 11 
11 --> 12 
12 --> 13 
13 --> 

* FSM state operations: 

State 1 <SV = 0> <Delay = 2.12>
ST_1 : Operation 16 [1/1] (0.00ns)   --->   "%indvar_flatten12131 = alloca i32 1"   --->   Operation 16 'alloca' 'indvar_flatten12131' <Predicate = true> <Delay = 0.00>
ST_1 : Operation 17 [1/1] (0.00ns)   --->   "%i132 = alloca i32 1"   --->   Operation 17 'alloca' 'i132' <Predicate = true> <Delay = 0.00>
ST_1 : Operation 18 [1/1] (0.00ns)   --->   "%indvar_flatten133 = alloca i32 1"   --->   Operation 18 'alloca' 'indvar_flatten133' <Predicate = true> <Delay = 0.00>
ST_1 : Operation 19 [1/1] (0.00ns)   --->   "%j134 = alloca i32 1"   --->   Operation 19 'alloca' 'j134' <Predicate = true> <Delay = 0.00>
ST_1 : Operation 20 [1/1] (0.00ns)   --->   "%m135 = alloca i32 1"   --->   Operation 20 'alloca' 'm135' <Predicate = true> <Delay = 0.00>
ST_1 : Operation 21 [1/1] (1.32ns)   --->   "%store_ln0 = store i4 0, i4 %m135"   --->   Operation 21 'store' 'store_ln0' <Predicate = true> <Delay = 1.32>
ST_1 : Operation 22 [1/1] (1.32ns)   --->   "%store_ln0 = store i8 0, i8 %j134"   --->   Operation 22 'store' 'store_ln0' <Predicate = true> <Delay = 1.32>
ST_1 : Operation 23 [1/1] (1.32ns)   --->   "%store_ln0 = store i12 0, i12 %indvar_flatten133"   --->   Operation 23 'store' 'store_ln0' <Predicate = true> <Delay = 1.32>
ST_1 : Operation 24 [1/1] (1.32ns)   --->   "%store_ln0 = store i7 0, i7 %i132"   --->   Operation 24 'store' 'store_ln0' <Predicate = true> <Delay = 1.32>
ST_1 : Operation 25 [1/1] (1.32ns)   --->   "%store_ln0 = store i18 0, i18 %indvar_flatten12131"   --->   Operation 25 'store' 'store_ln0' <Predicate = true> <Delay = 1.32>
ST_1 : Operation 26 [1/1] (1.32ns)   --->   "%br_ln0 = br void %for.inc61.i"   --->   Operation 26 'br' 'br_ln0' <Predicate = true> <Delay = 1.32>
ST_1 : Operation 27 [1/1] (0.00ns)   --->   "%icmp_ln183137 = phi i1 0, void %entry, i1 %icmp_ln183, void %arrayidx571015.exit.i" [../hls_files/conv_pool.cpp:183]   --->   Operation 27 'phi' 'icmp_ln183137' <Predicate = true> <Delay = 0.00>
ST_1 : Operation 28 [1/1] (0.00ns)   --->   "%icmp_ln184136 = phi i1 0, void %entry, i1 %icmp_ln184, void %arrayidx571015.exit.i" [../hls_files/conv_pool.cpp:184]   --->   Operation 28 'phi' 'icmp_ln184136' <Predicate = true> <Delay = 0.00>
ST_1 : Operation 29 [1/1] (0.00ns) (grouped into LUT with out node and_ln182)   --->   "%xor_ln182 = xor i1 %icmp_ln183137, i1 1" [../hls_files/conv_pool.cpp:182]   --->   Operation 29 'xor' 'xor_ln182' <Predicate = true> <Delay = 0.00> <CoreInst = "LogicGate">   --->   Core 74 'LogicGate' <Latency = 0> <II = 1> <Delay = 0.80> <FuncUnit> <Opcode : 'and' 'or' 'xor'> <InPorts = 2> <OutPorts = 1>
ST_1 : Operation 30 [1/1] (0.80ns) (out node of the LUT)   --->   "%and_ln182 = and i1 %icmp_ln184136, i1 %xor_ln182" [../hls_files/conv_pool.cpp:182]   --->   Operation 30 'and' 'and_ln182' <Predicate = true> <Delay = 0.80> <CoreInst = "LogicGate">   --->   Core 74 'LogicGate' <Latency = 0> <II = 1> <Delay = 0.80> <FuncUnit> <Opcode : 'and' 'or' 'xor'> <InPorts = 2> <OutPorts = 1>

State 2 <SV = 1> <Delay = 6.24>
ST_2 : Operation 31 [1/1] (0.00ns)   --->   "%i132_load = load i7 %i132" [../hls_files/conv_pool.cpp:182]   --->   Operation 31 'load' 'i132_load' <Predicate = true> <Delay = 0.00>
ST_2 : Operation 32 [1/1] (0.00ns)   --->   "%j134_load = load i8 %j134" [../hls_files/conv_pool.cpp:182]   --->   Operation 32 'load' 'j134_load' <Predicate = true> <Delay = 0.00>
ST_2 : Operation 33 [1/1] (1.66ns)   --->   "%add_ln182 = add i7 %i132_load, i7 1" [../hls_files/conv_pool.cpp:182]   --->   Operation 33 'add' 'add_ln182' <Predicate = true> <Delay = 1.66> <CoreInst = "Adder">   --->   Core 1 'Adder' <Latency = 0> <II = 1> <Delay = 1.66> <FuncUnit> <Opcode : 'add' 'sub'> <InPorts = 2> <OutPorts = 1>
ST_2 : Operation 34 [1/1] (1.07ns)   --->   "%select_ln182 = select i1 %icmp_ln183137, i8 0, i8 %j134_load" [../hls_files/conv_pool.cpp:182]   --->   Operation 34 'select' 'select_ln182' <Predicate = true> <Delay = 1.07> <CoreInst = "Sel">   --->   Core 73 'Sel' <Latency = 0> <II = 1> <Delay = 1.07> <FuncUnit> <Opcode : 'select'> <InPorts = 3> <OutPorts = 1>
ST_2 : Operation 35 [1/1] (0.80ns)   --->   "%i = select i1 %icmp_ln183137, i7 %add_ln182, i7 %i132_load" [../hls_files/conv_pool.cpp:182]   --->   Operation 35 'select' 'i' <Predicate = true> <Delay = 0.80> <CoreInst = "Sel">   --->   Core 73 'Sel' <Latency = 0> <II = 1> <Delay = 0.80> <FuncUnit> <Opcode : 'select'> <InPorts = 3> <OutPorts = 1>
ST_2 : Operation 36 [1/1] (1.71ns)   --->   "%add_ln183 = add i8 %select_ln182, i8 1" [../hls_files/conv_pool.cpp:183]   --->   Operation 36 'add' 'add_ln183' <Predicate = (and_ln182)> <Delay = 1.71> <CoreInst = "Adder">   --->   Core 1 'Adder' <Latency = 0> <II = 1> <Delay = 1.71> <FuncUnit> <Opcode : 'add' 'sub'> <InPorts = 2> <OutPorts = 1>
ST_2 : Operation 37 [1/1] (1.07ns)   --->   "%j = select i1 %and_ln182, i8 %add_ln183, i8 %select_ln182" [../hls_files/conv_pool.cpp:183]   --->   Operation 37 'select' 'j' <Predicate = true> <Delay = 1.07> <CoreInst = "Sel">   --->   Core 73 'Sel' <Latency = 0> <II = 1> <Delay = 1.07> <FuncUnit> <Opcode : 'select'> <InPorts = 3> <OutPorts = 1>
ST_2 : Operation 38 [1/1] (0.00ns)   --->   "%tmp_17 = bitconcatenate i8 @_ssdm_op_BitConcatenate.i8.i7.i1, i7 %i, i1 0" [../hls_files/conv_pool.cpp:182]   --->   Operation 38 'bitconcatenate' 'tmp_17' <Predicate = true> <Delay = 0.00>
ST_2 : Operation 39 [1/1] (0.00ns)   --->   "%zext_ln186 = zext i8 %tmp_17" [../hls_files/conv_pool.cpp:186]   --->   Operation 39 'zext' 'zext_ln186' <Predicate = true> <Delay = 0.00>
ST_2 : Operation 40 [1/1] (3.78ns)   --->   "%mul_ln186 = mul i17 %zext_ln186, i17 318" [../hls_files/conv_pool.cpp:186]   --->   Operation 40 'mul' 'mul_ln186' <Predicate = true> <Delay = 3.78> <CoreInst = "Multiplier">   --->   Core 3 'Multiplier' <Latency = 0> <II = 1> <Delay = 3.78> <FuncUnit> <Opcode : 'mul'> <InPorts = 2> <OutPorts = 1>

State 3 <SV = 2> <Delay = 5.64>
ST_3 : Operation 41 [1/1] (0.00ns)   --->   "%indvar_flatten12131_load = load i18 %indvar_flatten12131" [../hls_files/conv_pool.cpp:182]   --->   Operation 41 'load' 'indvar_flatten12131_load' <Predicate = true> <Delay = 0.00>
ST_3 : Operation 42 [1/1] (0.00ns)   --->   "%indvar_flatten133_load = load i12 %indvar_flatten133" [../hls_files/conv_pool.cpp:183]   --->   Operation 42 'load' 'indvar_flatten133_load' <Predicate = true> <Delay = 0.00>
ST_3 : Operation 43 [1/1] (0.00ns)   --->   "%m135_load = load i4 %m135"   --->   Operation 43 'load' 'm135_load' <Predicate = true> <Delay = 0.00>
ST_3 : Operation 44 [1/1] (0.00ns) (grouped into LUT with out node m_mid2)   --->   "%empty = or i1 %and_ln182, i1 %icmp_ln183137" [../hls_files/conv_pool.cpp:182]   --->   Operation 44 'or' 'empty' <Predicate = true> <Delay = 0.00> <CoreInst = "LogicGate">   --->   Core 74 'LogicGate' <Latency = 0> <II = 1> <Delay = 0.80> <FuncUnit> <Opcode : 'and' 'or' 'xor'> <InPorts = 2> <OutPorts = 1>
ST_3 : Operation 45 [1/1] (0.80ns) (out node of the LUT)   --->   "%m_mid2 = select i1 %empty, i4 0, i4 %m135_load" [../hls_files/conv_pool.cpp:182]   --->   Operation 45 'select' 'm_mid2' <Predicate = true> <Delay = 0.80> <CoreInst = "Sel">   --->   Core 73 'Sel' <Latency = 0> <II = 1> <Delay = 0.80> <FuncUnit> <Opcode : 'select'> <InPorts = 3> <OutPorts = 1>
ST_3 : Operation 46 [1/1] (0.00ns)   --->   "%tmp_18 = bitconcatenate i8 @_ssdm_op_BitConcatenate.i8.i7.i1, i7 %i, i1 1" [../hls_files/conv_pool.cpp:182]   --->   Operation 46 'bitconcatenate' 'tmp_18' <Predicate = true> <Delay = 0.00>
ST_3 : Operation 47 [1/1] (0.00ns)   --->   "%zext_ln187 = zext i8 %tmp_18" [../hls_files/conv_pool.cpp:187]   --->   Operation 47 'zext' 'zext_ln187' <Predicate = true> <Delay = 0.00>
ST_3 : Operation 48 [1/1] (3.78ns)   --->   "%mul_ln187 = mul i17 %zext_ln187, i17 318" [../hls_files/conv_pool.cpp:187]   --->   Operation 48 'mul' 'mul_ln187' <Predicate = true> <Delay = 3.78> <CoreInst = "Multiplier">   --->   Core 3 'Multiplier' <Latency = 0> <II = 1> <Delay = 3.78> <FuncUnit> <Opcode : 'mul'> <InPorts = 2> <OutPorts = 1>
ST_3 : Operation 49 [1/1] (0.00ns)   --->   "%tmp_19 = bitconcatenate i9 @_ssdm_op_BitConcatenate.i9.i8.i1, i8 %j, i1 0" [../hls_files/conv_pool.cpp:183]   --->   Operation 49 'bitconcatenate' 'tmp_19' <Predicate = true> <Delay = 0.00>
ST_3 : Operation 50 [1/1] (0.00ns)   --->   "%zext_ln186_1 = zext i9 %tmp_19" [../hls_files/conv_pool.cpp:186]   --->   Operation 50 'zext' 'zext_ln186_1' <Predicate = true> <Delay = 0.00>
ST_3 : Operation 51 [1/1] (1.86ns)   --->   "%add_ln186 = add i17 %mul_ln186, i17 %zext_ln186_1" [../hls_files/conv_pool.cpp:186]   --->   Operation 51 'add' 'add_ln186' <Predicate = true> <Delay = 1.86> <CoreInst = "Adder">   --->   Core 1 'Adder' <Latency = 0> <II = 1> <Delay = 1.86> <FuncUnit> <Opcode : 'add' 'sub'> <InPorts = 2> <OutPorts = 1>
ST_3 : Operation 52 [1/1] (1.86ns)   --->   "%add_ln187 = add i17 %mul_ln187, i17 %zext_ln186_1" [../hls_files/conv_pool.cpp:187]   --->   Operation 52 'add' 'add_ln187' <Predicate = true> <Delay = 1.86> <CoreInst = "Adder">   --->   Core 1 'Adder' <Latency = 0> <II = 1> <Delay = 1.86> <FuncUnit> <Opcode : 'add' 'sub'> <InPorts = 2> <OutPorts = 1>
ST_3 : Operation 53 [1/1] (0.00ns)   --->   "%tmp_20 = bitconcatenate i9 @_ssdm_op_BitConcatenate.i9.i8.i1, i8 %j, i1 1" [../hls_files/conv_pool.cpp:183]   --->   Operation 53 'bitconcatenate' 'tmp_20' <Predicate = true> <Delay = 0.00>
ST_3 : Operation 54 [1/1] (0.00ns)   --->   "%zext_ln188 = zext i9 %tmp_20" [../hls_files/conv_pool.cpp:188]   --->   Operation 54 'zext' 'zext_ln188' <Predicate = true> <Delay = 0.00>
ST_3 : Operation 55 [1/1] (1.86ns)   --->   "%add_ln188 = add i17 %mul_ln186, i17 %zext_ln188" [../hls_files/conv_pool.cpp:188]   --->   Operation 55 'add' 'add_ln188' <Predicate = true> <Delay = 1.86> <CoreInst = "Adder">   --->   Core 1 'Adder' <Latency = 0> <II = 1> <Delay = 1.86> <FuncUnit> <Opcode : 'add' 'sub'> <InPorts = 2> <OutPorts = 1>
ST_3 : Operation 56 [1/1] (1.86ns)   --->   "%add_ln189 = add i17 %mul_ln187, i17 %zext_ln188" [../hls_files/conv_pool.cpp:189]   --->   Operation 56 'add' 'add_ln189' <Predicate = true> <Delay = 1.86> <CoreInst = "Adder">   --->   Core 1 'Adder' <Latency = 0> <II = 1> <Delay = 1.86> <FuncUnit> <Opcode : 'add' 'sub'> <InPorts = 2> <OutPorts = 1>
ST_3 : Operation 57 [1/1] (0.00ns)   --->   "%trunc_ln184 = trunc i4 %m_mid2" [../hls_files/conv_pool.cpp:184]   --->   Operation 57 'trunc' 'trunc_ln184' <Predicate = true> <Delay = 0.00>
ST_3 : Operation 58 [1/1] (0.00ns)   --->   "%tmp_21 = bitconcatenate i18 @_ssdm_op_BitConcatenate.i18.i17.i1, i17 %add_ln186, i1 %trunc_ln184" [../hls_files/conv_pool.cpp:186]   --->   Operation 58 'bitconcatenate' 'tmp_21' <Predicate = true> <Delay = 0.00>
ST_3 : Operation 59 [1/1] (0.00ns)   --->   "%zext_ln186_2 = zext i18 %tmp_21" [../hls_files/conv_pool.cpp:186]   --->   Operation 59 'zext' 'zext_ln186_2' <Predicate = true> <Delay = 0.00>
ST_3 : Operation 60 [1/1] (0.00ns)   --->   "%feat1_addr = getelementptr i32 %feat1, i64 0, i64 %zext_ln186_2" [../hls_files/conv_pool.cpp:186]   --->   Operation 60 'getelementptr' 'feat1_addr' <Predicate = true> <Delay = 0.00>
ST_3 : Operation 61 [1/1] (0.00ns)   --->   "%tmp_23 = bitconcatenate i18 @_ssdm_op_BitConcatenate.i18.i17.i1, i17 %add_ln188, i1 %trunc_ln184" [../hls_files/conv_pool.cpp:188]   --->   Operation 61 'bitconcatenate' 'tmp_23' <Predicate = true> <Delay = 0.00>
ST_3 : Operation 62 [1/1] (0.00ns)   --->   "%zext_ln188_1 = zext i18 %tmp_23" [../hls_files/conv_pool.cpp:188]   --->   Operation 62 'zext' 'zext_ln188_1' <Predicate = true> <Delay = 0.00>
ST_3 : Operation 63 [1/1] (0.00ns)   --->   "%feat1_addr_2 = getelementptr i32 %feat1, i64 0, i64 %zext_ln188_1" [../hls_files/conv_pool.cpp:188]   --->   Operation 63 'getelementptr' 'feat1_addr_2' <Predicate = true> <Delay = 0.00>
ST_3 : Operation 64 [1/1] (0.00ns)   --->   "%feat1_2_addr = getelementptr i32 %feat1_2, i64 0, i64 %zext_ln186_2" [../hls_files/conv_pool.cpp:186]   --->   Operation 64 'getelementptr' 'feat1_2_addr' <Predicate = true> <Delay = 0.00>
ST_3 : Operation 65 [1/1] (0.00ns)   --->   "%feat1_2_addr_2 = getelementptr i32 %feat1_2, i64 0, i64 %zext_ln188_1" [../hls_files/conv_pool.cpp:188]   --->   Operation 65 'getelementptr' 'feat1_2_addr_2' <Predicate = true> <Delay = 0.00>
ST_3 : Operation 66 [1/1] (0.00ns)   --->   "%feat1_3_addr = getelementptr i32 %feat1_3, i64 0, i64 %zext_ln186_2" [../hls_files/conv_pool.cpp:186]   --->   Operation 66 'getelementptr' 'feat1_3_addr' <Predicate = true> <Delay = 0.00>
ST_3 : Operation 67 [1/1] (0.00ns)   --->   "%feat1_3_addr_2 = getelementptr i32 %feat1_3, i64 0, i64 %zext_ln188_1" [../hls_files/conv_pool.cpp:188]   --->   Operation 67 'getelementptr' 'feat1_3_addr_2' <Predicate = true> <Delay = 0.00>
ST_3 : Operation 68 [1/1] (0.00ns)   --->   "%feat1_4_addr = getelementptr i32 %feat1_4, i64 0, i64 %zext_ln186_2" [../hls_files/conv_pool.cpp:186]   --->   Operation 68 'getelementptr' 'feat1_4_addr' <Predicate = true> <Delay = 0.00>
ST_3 : Operation 69 [1/1] (0.00ns)   --->   "%feat1_4_addr_2 = getelementptr i32 %feat1_4, i64 0, i64 %zext_ln188_1" [../hls_files/conv_pool.cpp:188]   --->   Operation 69 'getelementptr' 'feat1_4_addr_2' <Predicate = true> <Delay = 0.00>
ST_3 : Operation 70 [1/1] (0.00ns)   --->   "%trunc_ln184_3 = partselect i2 @_ssdm_op_PartSelect.i2.i4.i32.i32, i4 %m_mid2, i32 1, i32 2" [../hls_files/conv_pool.cpp:184]   --->   Operation 70 'partselect' 'trunc_ln184_3' <Predicate = true> <Delay = 0.00>
ST_3 : Operation 71 [2/2] (2.77ns)   --->   "%feat1_load = load i18 %feat1_addr" [../hls_files/conv_pool.cpp:186]   --->   Operation 71 'load' 'feat1_load' <Predicate = true> <Delay = 2.77> <CoreInst = "RAM">   --->   Core 81 'RAM' <Latency = 1> <II = 1> <Delay = 2.77> <Storage> <Opcode : 'load' 'store'> <Ports = 2> <Width = 32> <Depth = 151368> <RAM>
ST_3 : Operation 72 [2/2] (2.77ns)   --->   "%feat1_2_load = load i18 %feat1_2_addr" [../hls_files/conv_pool.cpp:186]   --->   Operation 72 'load' 'feat1_2_load' <Predicate = true> <Delay = 2.77> <CoreInst = "RAM">   --->   Core 81 'RAM' <Latency = 1> <II = 1> <Delay = 2.77> <Storage> <Opcode : 'load' 'store'> <Ports = 2> <Width = 32> <Depth = 151368> <RAM>
ST_3 : Operation 73 [2/2] (2.77ns)   --->   "%feat1_3_load = load i18 %feat1_3_addr" [../hls_files/conv_pool.cpp:186]   --->   Operation 73 'load' 'feat1_3_load' <Predicate = true> <Delay = 2.77> <CoreInst = "RAM">   --->   Core 81 'RAM' <Latency = 1> <II = 1> <Delay = 2.77> <Storage> <Opcode : 'load' 'store'> <Ports = 2> <Width = 32> <Depth = 151368> <RAM>
ST_3 : Operation 74 [2/2] (2.77ns)   --->   "%feat1_4_load = load i18 %feat1_4_addr" [../hls_files/conv_pool.cpp:186]   --->   Operation 74 'load' 'feat1_4_load' <Predicate = true> <Delay = 2.77> <CoreInst = "RAM">   --->   Core 81 'RAM' <Latency = 1> <II = 1> <Delay = 2.77> <Storage> <Opcode : 'load' 'store'> <Ports = 2> <Width = 32> <Depth = 151368> <RAM>
ST_3 : Operation 75 [2/2] (2.77ns)   --->   "%feat1_load_2 = load i18 %feat1_addr_2" [../hls_files/conv_pool.cpp:188]   --->   Operation 75 'load' 'feat1_load_2' <Predicate = true> <Delay = 2.77> <CoreInst = "RAM">   --->   Core 81 'RAM' <Latency = 1> <II = 1> <Delay = 2.77> <Storage> <Opcode : 'load' 'store'> <Ports = 2> <Width = 32> <Depth = 151368> <RAM>
ST_3 : Operation 76 [2/2] (2.77ns)   --->   "%feat1_2_load_2 = load i18 %feat1_2_addr_2" [../hls_files/conv_pool.cpp:188]   --->   Operation 76 'load' 'feat1_2_load_2' <Predicate = true> <Delay = 2.77> <CoreInst = "RAM">   --->   Core 81 'RAM' <Latency = 1> <II = 1> <Delay = 2.77> <Storage> <Opcode : 'load' 'store'> <Ports = 2> <Width = 32> <Depth = 151368> <RAM>
ST_3 : Operation 77 [2/2] (2.77ns)   --->   "%feat1_3_load_2 = load i18 %feat1_3_addr_2" [../hls_files/conv_pool.cpp:188]   --->   Operation 77 'load' 'feat1_3_load_2' <Predicate = true> <Delay = 2.77> <CoreInst = "RAM">   --->   Core 81 'RAM' <Latency = 1> <II = 1> <Delay = 2.77> <Storage> <Opcode : 'load' 'store'> <Ports = 2> <Width = 32> <Depth = 151368> <RAM>
ST_3 : Operation 78 [2/2] (2.77ns)   --->   "%feat1_4_load_2 = load i18 %feat1_4_addr_2" [../hls_files/conv_pool.cpp:188]   --->   Operation 78 'load' 'feat1_4_load_2' <Predicate = true> <Delay = 2.77> <CoreInst = "RAM">   --->   Core 81 'RAM' <Latency = 1> <II = 1> <Delay = 2.77> <Storage> <Opcode : 'load' 'store'> <Ports = 2> <Width = 32> <Depth = 151368> <RAM>
ST_3 : Operation 79 [1/1] (1.88ns)   --->   "%add_ln182_1 = add i18 %indvar_flatten12131_load, i18 1" [../hls_files/conv_pool.cpp:182]   --->   Operation 79 'add' 'add_ln182_1' <Predicate = true> <Delay = 1.88> <CoreInst = "Adder">   --->   Core 1 'Adder' <Latency = 0> <II = 1> <Delay = 1.88> <FuncUnit> <Opcode : 'add' 'sub'> <InPorts = 2> <OutPorts = 1>
ST_3 : Operation 80 [1/1] (1.20ns)   --->   "%switch_ln192 = switch i2 %trunc_ln184_3, void %arrayidx571015.case.3.i, i2 0, void %arrayidx571015.case.0.i, i2 1, void %arrayidx571015.case.1.i, i2 2, void %arrayidx571015.case.2.i" [../hls_files/conv_pool.cpp:192]   --->   Operation 80 'switch' 'switch_ln192' <Predicate = true> <Delay = 1.20>
ST_3 : Operation 81 [1/1] (1.49ns)   --->   "%m = add i4 %m_mid2, i4 1" [../hls_files/conv_pool.cpp:184]   --->   Operation 81 'add' 'm' <Predicate = true> <Delay = 1.49> <CoreInst = "Adder">   --->   Core 1 'Adder' <Latency = 0> <II = 1> <Delay = 1.49> <FuncUnit> <Opcode : 'add' 'sub'> <InPorts = 2> <OutPorts = 1>
ST_3 : Operation 82 [1/1] (1.77ns)   --->   "%add_ln183_1 = add i12 %indvar_flatten133_load, i12 1" [../hls_files/conv_pool.cpp:183]   --->   Operation 82 'add' 'add_ln183_1' <Predicate = true> <Delay = 1.77> <CoreInst = "Adder">   --->   Core 1 'Adder' <Latency = 0> <II = 1> <Delay = 1.77> <FuncUnit> <Opcode : 'add' 'sub'> <InPorts = 2> <OutPorts = 1>
ST_3 : Operation 83 [1/1] (0.59ns)   --->   "%select_ln183_1 = select i1 %icmp_ln183137, i12 1, i12 %add_ln183_1" [../hls_files/conv_pool.cpp:183]   --->   Operation 83 'select' 'select_ln183_1' <Predicate = true> <Delay = 0.59> <CoreInst = "Sel">   --->   Core 73 'Sel' <Latency = 0> <II = 1> <Delay = 0.59> <FuncUnit> <Opcode : 'select'> <InPorts = 3> <OutPorts = 1>
ST_3 : Operation 84 [1/1] (1.49ns)   --->   "%icmp_ln184 = icmp_eq  i4 %m, i4 8" [../hls_files/conv_pool.cpp:184]   --->   Operation 84 'icmp' 'icmp_ln184' <Predicate = true> <Delay = 1.49> <CoreInst = "Cmp">   --->   Core 9 'Cmp' <Latency = 0> <II = 1> <Delay = 1.49> <FuncUnit> <Opcode : 'seteq' 'setne' 'setle' 'setge' 'setlt' 'setgt'> <InPorts = 2> <OutPorts = 1>
ST_3 : Operation 85 [1/1] (1.77ns)   --->   "%icmp_ln183 = icmp_eq  i12 %select_ln183_1, i12 1272" [../hls_files/conv_pool.cpp:183]   --->   Operation 85 'icmp' 'icmp_ln183' <Predicate = true> <Delay = 1.77> <CoreInst = "Cmp">   --->   Core 9 'Cmp' <Latency = 0> <II = 1> <Delay = 1.77> <FuncUnit> <Opcode : 'seteq' 'setne' 'setle' 'setge' 'setlt' 'setgt'> <InPorts = 2> <OutPorts = 1>
ST_3 : Operation 86 [1/1] (1.88ns)   --->   "%icmp_ln182 = icmp_eq  i18 %indvar_flatten12131_load, i18 151367" [../hls_files/conv_pool.cpp:182]   --->   Operation 86 'icmp' 'icmp_ln182' <Predicate = true> <Delay = 1.88> <CoreInst = "Cmp">   --->   Core 9 'Cmp' <Latency = 0> <II = 1> <Delay = 1.88> <FuncUnit> <Opcode : 'seteq' 'setne' 'setle' 'setge' 'setlt' 'setgt'> <InPorts = 2> <OutPorts = 1>
ST_3 : Operation 87 [1/1] (1.32ns)   --->   "%store_ln184 = store i4 %m, i4 %m135" [../hls_files/conv_pool.cpp:184]   --->   Operation 87 'store' 'store_ln184' <Predicate = true> <Delay = 1.32>
ST_3 : Operation 88 [1/1] (1.32ns)   --->   "%store_ln183 = store i8 %j, i8 %j134" [../hls_files/conv_pool.cpp:183]   --->   Operation 88 'store' 'store_ln183' <Predicate = true> <Delay = 1.32>
ST_3 : Operation 89 [1/1] (1.32ns)   --->   "%store_ln183 = store i12 %select_ln183_1, i12 %indvar_flatten133" [../hls_files/conv_pool.cpp:183]   --->   Operation 89 'store' 'store_ln183' <Predicate = true> <Delay = 1.32>
ST_3 : Operation 90 [1/1] (1.32ns)   --->   "%store_ln182 = store i7 %i, i7 %i132" [../hls_files/conv_pool.cpp:182]   --->   Operation 90 'store' 'store_ln182' <Predicate = true> <Delay = 1.32>
ST_3 : Operation 91 [1/1] (1.32ns)   --->   "%store_ln182 = store i18 %add_ln182_1, i18 %indvar_flatten12131" [../hls_files/conv_pool.cpp:182]   --->   Operation 91 'store' 'store_ln182' <Predicate = true> <Delay = 1.32>
ST_3 : Operation 92 [1/1] (0.00ns)   --->   "%br_ln182 = br i1 %icmp_ln182, void %for.inc61.i, void %pool1.exit" [../hls_files/conv_pool.cpp:182]   --->   Operation 92 'br' 'br_ln182' <Predicate = true> <Delay = 0.00>

State 4 <SV = 3> <Delay = 4.14>
ST_4 : Operation 93 [1/1] (0.00ns)   --->   "%tmp_22 = bitconcatenate i18 @_ssdm_op_BitConcatenate.i18.i17.i1, i17 %add_ln187, i1 %trunc_ln184" [../hls_files/conv_pool.cpp:187]   --->   Operation 93 'bitconcatenate' 'tmp_22' <Predicate = true> <Delay = 0.00>
ST_4 : Operation 94 [1/1] (0.00ns)   --->   "%zext_ln187_1 = zext i18 %tmp_22" [../hls_files/conv_pool.cpp:187]   --->   Operation 94 'zext' 'zext_ln187_1' <Predicate = true> <Delay = 0.00>
ST_4 : Operation 95 [1/1] (0.00ns)   --->   "%feat1_addr_1 = getelementptr i32 %feat1, i64 0, i64 %zext_ln187_1" [../hls_files/conv_pool.cpp:187]   --->   Operation 95 'getelementptr' 'feat1_addr_1' <Predicate = (trunc_ln184_3 == 0)> <Delay = 0.00>
ST_4 : Operation 96 [1/1] (0.00ns)   --->   "%tmp_24 = bitconcatenate i18 @_ssdm_op_BitConcatenate.i18.i17.i1, i17 %add_ln189, i1 %trunc_ln184" [../hls_files/conv_pool.cpp:189]   --->   Operation 96 'bitconcatenate' 'tmp_24' <Predicate = true> <Delay = 0.00>
ST_4 : Operation 97 [1/1] (0.00ns)   --->   "%zext_ln189 = zext i18 %tmp_24" [../hls_files/conv_pool.cpp:189]   --->   Operation 97 'zext' 'zext_ln189' <Predicate = true> <Delay = 0.00>
ST_4 : Operation 98 [1/1] (0.00ns)   --->   "%feat1_addr_3 = getelementptr i32 %feat1, i64 0, i64 %zext_ln189" [../hls_files/conv_pool.cpp:189]   --->   Operation 98 'getelementptr' 'feat1_addr_3' <Predicate = (trunc_ln184_3 == 0)> <Delay = 0.00>
ST_4 : Operation 99 [1/1] (0.00ns)   --->   "%feat1_2_addr_1 = getelementptr i32 %feat1_2, i64 0, i64 %zext_ln187_1" [../hls_files/conv_pool.cpp:187]   --->   Operation 99 'getelementptr' 'feat1_2_addr_1' <Predicate = (trunc_ln184_3 == 1)> <Delay = 0.00>
ST_4 : Operation 100 [1/1] (0.00ns)   --->   "%feat1_2_addr_3 = getelementptr i32 %feat1_2, i64 0, i64 %zext_ln189" [../hls_files/conv_pool.cpp:189]   --->   Operation 100 'getelementptr' 'feat1_2_addr_3' <Predicate = (trunc_ln184_3 == 1)> <Delay = 0.00>
ST_4 : Operation 101 [1/1] (0.00ns)   --->   "%feat1_3_addr_1 = getelementptr i32 %feat1_3, i64 0, i64 %zext_ln187_1" [../hls_files/conv_pool.cpp:187]   --->   Operation 101 'getelementptr' 'feat1_3_addr_1' <Predicate = (trunc_ln184_3 == 2)> <Delay = 0.00>
ST_4 : Operation 102 [1/1] (0.00ns)   --->   "%feat1_3_addr_3 = getelementptr i32 %feat1_3, i64 0, i64 %zext_ln189" [../hls_files/conv_pool.cpp:189]   --->   Operation 102 'getelementptr' 'feat1_3_addr_3' <Predicate = (trunc_ln184_3 == 2)> <Delay = 0.00>
ST_4 : Operation 103 [1/1] (0.00ns)   --->   "%feat1_4_addr_1 = getelementptr i32 %feat1_4, i64 0, i64 %zext_ln187_1" [../hls_files/conv_pool.cpp:187]   --->   Operation 103 'getelementptr' 'feat1_4_addr_1' <Predicate = (trunc_ln184_3 == 3)> <Delay = 0.00>
ST_4 : Operation 104 [1/1] (0.00ns)   --->   "%feat1_4_addr_3 = getelementptr i32 %feat1_4, i64 0, i64 %zext_ln189" [../hls_files/conv_pool.cpp:189]   --->   Operation 104 'getelementptr' 'feat1_4_addr_3' <Predicate = (trunc_ln184_3 == 3)> <Delay = 0.00>
ST_4 : Operation 105 [1/2] ( I:2.77ns O:2.77ns )   --->   "%feat1_load = load i18 %feat1_addr" [../hls_files/conv_pool.cpp:186]   --->   Operation 105 'load' 'feat1_load' <Predicate = true> <Delay = 2.77> <CoreInst = "RAM">   --->   Core 81 'RAM' <Latency = 1> <II = 1> <Delay = 2.77> <Storage> <Opcode : 'load' 'store'> <Ports = 2> <Width = 32> <Depth = 151368> <RAM>
ST_4 : Operation 106 [1/2] ( I:2.77ns O:2.77ns )   --->   "%feat1_2_load = load i18 %feat1_2_addr" [../hls_files/conv_pool.cpp:186]   --->   Operation 106 'load' 'feat1_2_load' <Predicate = true> <Delay = 2.77> <CoreInst = "RAM">   --->   Core 81 'RAM' <Latency = 1> <II = 1> <Delay = 2.77> <Storage> <Opcode : 'load' 'store'> <Ports = 2> <Width = 32> <Depth = 151368> <RAM>
ST_4 : Operation 107 [1/2] ( I:2.77ns O:2.77ns )   --->   "%feat1_3_load = load i18 %feat1_3_addr" [../hls_files/conv_pool.cpp:186]   --->   Operation 107 'load' 'feat1_3_load' <Predicate = true> <Delay = 2.77> <CoreInst = "RAM">   --->   Core 81 'RAM' <Latency = 1> <II = 1> <Delay = 2.77> <Storage> <Opcode : 'load' 'store'> <Ports = 2> <Width = 32> <Depth = 151368> <RAM>
ST_4 : Operation 108 [1/2] ( I:2.77ns O:2.77ns )   --->   "%feat1_4_load = load i18 %feat1_4_addr" [../hls_files/conv_pool.cpp:186]   --->   Operation 108 'load' 'feat1_4_load' <Predicate = true> <Delay = 2.77> <CoreInst = "RAM">   --->   Core 81 'RAM' <Latency = 1> <II = 1> <Delay = 2.77> <Storage> <Opcode : 'load' 'store'> <Ports = 2> <Width = 32> <Depth = 151368> <RAM>
ST_4 : Operation 109 [1/1] (1.37ns)   --->   "%m0 = sparsemux i32 @_ssdm_op_SparseMux.ap_auto.4float.float.i2, i2 0, i32 %feat1_load, i2 1, i32 %feat1_2_load, i2 2, i32 %feat1_3_load, i2 3, i32 %feat1_4_load, i32 <undef>, i2 %trunc_ln184_3" [../hls_files/conv_pool.cpp:186]   --->   Operation 109 'sparsemux' 'm0' <Predicate = true> <Delay = 1.37> <CoreInst = "BinarySparseMux_DontCare">   --->   Core 137 'BinarySparseMux_DontCare' <Latency = 0> <II = 1> <Delay = 1.37> <FuncUnit> <Opcode : 'sparsemux'> <InPorts = 2> <OutPorts = 1>
ST_4 : Operation 110 [2/2] (2.77ns)   --->   "%feat1_load_1 = load i18 %feat1_addr_1" [../hls_files/conv_pool.cpp:187]   --->   Operation 110 'load' 'feat1_load_1' <Predicate = (trunc_ln184_3 == 0)> <Delay = 2.77> <CoreInst = "RAM">   --->   Core 81 'RAM' <Latency = 1> <II = 1> <Delay = 2.77> <Storage> <Opcode : 'load' 'store'> <Ports = 2> <Width = 32> <Depth = 151368> <RAM>
ST_4 : Operation 111 [2/2] (2.77ns)   --->   "%feat1_2_load_1 = load i18 %feat1_2_addr_1" [../hls_files/conv_pool.cpp:187]   --->   Operation 111 'load' 'feat1_2_load_1' <Predicate = (trunc_ln184_3 == 1)> <Delay = 2.77> <CoreInst = "RAM">   --->   Core 81 'RAM' <Latency = 1> <II = 1> <Delay = 2.77> <Storage> <Opcode : 'load' 'store'> <Ports = 2> <Width = 32> <Depth = 151368> <RAM>
ST_4 : Operation 112 [2/2] (2.77ns)   --->   "%feat1_3_load_1 = load i18 %feat1_3_addr_1" [../hls_files/conv_pool.cpp:187]   --->   Operation 112 'load' 'feat1_3_load_1' <Predicate = (trunc_ln184_3 == 2)> <Delay = 2.77> <CoreInst = "RAM">   --->   Core 81 'RAM' <Latency = 1> <II = 1> <Delay = 2.77> <Storage> <Opcode : 'load' 'store'> <Ports = 2> <Width = 32> <Depth = 151368> <RAM>
ST_4 : Operation 113 [2/2] (2.77ns)   --->   "%feat1_4_load_1 = load i18 %feat1_4_addr_1" [../hls_files/conv_pool.cpp:187]   --->   Operation 113 'load' 'feat1_4_load_1' <Predicate = (trunc_ln184_3 == 3)> <Delay = 2.77> <CoreInst = "RAM">   --->   Core 81 'RAM' <Latency = 1> <II = 1> <Delay = 2.77> <Storage> <Opcode : 'load' 'store'> <Ports = 2> <Width = 32> <Depth = 151368> <RAM>
ST_4 : Operation 114 [1/2] ( I:2.77ns O:2.77ns )   --->   "%feat1_load_2 = load i18 %feat1_addr_2" [../hls_files/conv_pool.cpp:188]   --->   Operation 114 'load' 'feat1_load_2' <Predicate = true> <Delay = 2.77> <CoreInst = "RAM">   --->   Core 81 'RAM' <Latency = 1> <II = 1> <Delay = 2.77> <Storage> <Opcode : 'load' 'store'> <Ports = 2> <Width = 32> <Depth = 151368> <RAM>
ST_4 : Operation 115 [1/2] ( I:2.77ns O:2.77ns )   --->   "%feat1_2_load_2 = load i18 %feat1_2_addr_2" [../hls_files/conv_pool.cpp:188]   --->   Operation 115 'load' 'feat1_2_load_2' <Predicate = true> <Delay = 2.77> <CoreInst = "RAM">   --->   Core 81 'RAM' <Latency = 1> <II = 1> <Delay = 2.77> <Storage> <Opcode : 'load' 'store'> <Ports = 2> <Width = 32> <Depth = 151368> <RAM>
ST_4 : Operation 116 [1/2] ( I:2.77ns O:2.77ns )   --->   "%feat1_3_load_2 = load i18 %feat1_3_addr_2" [../hls_files/conv_pool.cpp:188]   --->   Operation 116 'load' 'feat1_3_load_2' <Predicate = true> <Delay = 2.77> <CoreInst = "RAM">   --->   Core 81 'RAM' <Latency = 1> <II = 1> <Delay = 2.77> <Storage> <Opcode : 'load' 'store'> <Ports = 2> <Width = 32> <Depth = 151368> <RAM>
ST_4 : Operation 117 [1/2] ( I:2.77ns O:2.77ns )   --->   "%feat1_4_load_2 = load i18 %feat1_4_addr_2" [../hls_files/conv_pool.cpp:188]   --->   Operation 117 'load' 'feat1_4_load_2' <Predicate = true> <Delay = 2.77> <CoreInst = "RAM">   --->   Core 81 'RAM' <Latency = 1> <II = 1> <Delay = 2.77> <Storage> <Opcode : 'load' 'store'> <Ports = 2> <Width = 32> <Depth = 151368> <RAM>
ST_4 : Operation 118 [1/1] (1.37ns)   --->   "%m2 = sparsemux i32 @_ssdm_op_SparseMux.ap_auto.4float.float.i2, i2 0, i32 %feat1_load_2, i2 1, i32 %feat1_2_load_2, i2 2, i32 %feat1_3_load_2, i2 3, i32 %feat1_4_load_2, i32 <undef>, i2 %trunc_ln184_3" [../hls_files/conv_pool.cpp:188]   --->   Operation 118 'sparsemux' 'm2' <Predicate = true> <Delay = 1.37> <CoreInst = "BinarySparseMux_DontCare">   --->   Core 137 'BinarySparseMux_DontCare' <Latency = 0> <II = 1> <Delay = 1.37> <FuncUnit> <Opcode : 'sparsemux'> <InPorts = 2> <OutPorts = 1>
ST_4 : Operation 119 [2/2] (2.77ns)   --->   "%feat1_load_3 = load i18 %feat1_addr_3" [../hls_files/conv_pool.cpp:189]   --->   Operation 119 'load' 'feat1_load_3' <Predicate = (trunc_ln184_3 == 0)> <Delay = 2.77> <CoreInst = "RAM">   --->   Core 81 'RAM' <Latency = 1> <II = 1> <Delay = 2.77> <Storage> <Opcode : 'load' 'store'> <Ports = 2> <Width = 32> <Depth = 151368> <RAM>
ST_4 : Operation 120 [2/2] (2.77ns)   --->   "%feat1_2_load_3 = load i18 %feat1_2_addr_3" [../hls_files/conv_pool.cpp:189]   --->   Operation 120 'load' 'feat1_2_load_3' <Predicate = (trunc_ln184_3 == 1)> <Delay = 2.77> <CoreInst = "RAM">   --->   Core 81 'RAM' <Latency = 1> <II = 1> <Delay = 2.77> <Storage> <Opcode : 'load' 'store'> <Ports = 2> <Width = 32> <Depth = 151368> <RAM>
ST_4 : Operation 121 [2/2] (2.77ns)   --->   "%feat1_3_load_3 = load i18 %feat1_3_addr_3" [../hls_files/conv_pool.cpp:189]   --->   Operation 121 'load' 'feat1_3_load_3' <Predicate = (trunc_ln184_3 == 2)> <Delay = 2.77> <CoreInst = "RAM">   --->   Core 81 'RAM' <Latency = 1> <II = 1> <Delay = 2.77> <Storage> <Opcode : 'load' 'store'> <Ports = 2> <Width = 32> <Depth = 151368> <RAM>
ST_4 : Operation 122 [2/2] (2.77ns)   --->   "%feat1_4_load_3 = load i18 %feat1_4_addr_3" [../hls_files/conv_pool.cpp:189]   --->   Operation 122 'load' 'feat1_4_load_3' <Predicate = (trunc_ln184_3 == 3)> <Delay = 2.77> <CoreInst = "RAM">   --->   Core 81 'RAM' <Latency = 1> <II = 1> <Delay = 2.77> <Storage> <Opcode : 'load' 'store'> <Ports = 2> <Width = 32> <Depth = 151368> <RAM>

State 5 <SV = 4> <Delay = 4.14>
ST_5 : Operation 123 [1/2] ( I:2.77ns O:2.77ns )   --->   "%feat1_load_1 = load i18 %feat1_addr_1" [../hls_files/conv_pool.cpp:187]   --->   Operation 123 'load' 'feat1_load_1' <Predicate = (trunc_ln184_3 == 0)> <Delay = 2.77> <CoreInst = "RAM">   --->   Core 81 'RAM' <Latency = 1> <II = 1> <Delay = 2.77> <Storage> <Opcode : 'load' 'store'> <Ports = 2> <Width = 32> <Depth = 151368> <RAM>
ST_5 : Operation 124 [1/2] ( I:2.77ns O:2.77ns )   --->   "%feat1_2_load_1 = load i18 %feat1_2_addr_1" [../hls_files/conv_pool.cpp:187]   --->   Operation 124 'load' 'feat1_2_load_1' <Predicate = (trunc_ln184_3 == 1)> <Delay = 2.77> <CoreInst = "RAM">   --->   Core 81 'RAM' <Latency = 1> <II = 1> <Delay = 2.77> <Storage> <Opcode : 'load' 'store'> <Ports = 2> <Width = 32> <Depth = 151368> <RAM>
ST_5 : Operation 125 [1/2] ( I:2.77ns O:2.77ns )   --->   "%feat1_3_load_1 = load i18 %feat1_3_addr_1" [../hls_files/conv_pool.cpp:187]   --->   Operation 125 'load' 'feat1_3_load_1' <Predicate = (trunc_ln184_3 == 2)> <Delay = 2.77> <CoreInst = "RAM">   --->   Core 81 'RAM' <Latency = 1> <II = 1> <Delay = 2.77> <Storage> <Opcode : 'load' 'store'> <Ports = 2> <Width = 32> <Depth = 151368> <RAM>
ST_5 : Operation 126 [1/2] ( I:2.77ns O:2.77ns )   --->   "%feat1_4_load_1 = load i18 %feat1_4_addr_1" [../hls_files/conv_pool.cpp:187]   --->   Operation 126 'load' 'feat1_4_load_1' <Predicate = (trunc_ln184_3 == 3)> <Delay = 2.77> <CoreInst = "RAM">   --->   Core 81 'RAM' <Latency = 1> <II = 1> <Delay = 2.77> <Storage> <Opcode : 'load' 'store'> <Ports = 2> <Width = 32> <Depth = 151368> <RAM>
ST_5 : Operation 127 [1/1] (1.37ns)   --->   "%m1 = sparsemux i32 @_ssdm_op_SparseMux.ap_auto.4float.float.i2, i2 0, i32 %feat1_load_1, i2 1, i32 %feat1_2_load_1, i2 2, i32 %feat1_3_load_1, i2 3, i32 %feat1_4_load_1, i32 <undef>, i2 %trunc_ln184_3" [../hls_files/conv_pool.cpp:187]   --->   Operation 127 'sparsemux' 'm1' <Predicate = true> <Delay = 1.37> <CoreInst = "BinarySparseMux_DontCare">   --->   Core 137 'BinarySparseMux_DontCare' <Latency = 0> <II = 1> <Delay = 1.37> <FuncUnit> <Opcode : 'sparsemux'> <InPorts = 2> <OutPorts = 1>
ST_5 : Operation 128 [1/2] ( I:2.77ns O:2.77ns )   --->   "%feat1_load_3 = load i18 %feat1_addr_3" [../hls_files/conv_pool.cpp:189]   --->   Operation 128 'load' 'feat1_load_3' <Predicate = (trunc_ln184_3 == 0)> <Delay = 2.77> <CoreInst = "RAM">   --->   Core 81 'RAM' <Latency = 1> <II = 1> <Delay = 2.77> <Storage> <Opcode : 'load' 'store'> <Ports = 2> <Width = 32> <Depth = 151368> <RAM>
ST_5 : Operation 129 [1/2] ( I:2.77ns O:2.77ns )   --->   "%feat1_2_load_3 = load i18 %feat1_2_addr_3" [../hls_files/conv_pool.cpp:189]   --->   Operation 129 'load' 'feat1_2_load_3' <Predicate = (trunc_ln184_3 == 1)> <Delay = 2.77> <CoreInst = "RAM">   --->   Core 81 'RAM' <Latency = 1> <II = 1> <Delay = 2.77> <Storage> <Opcode : 'load' 'store'> <Ports = 2> <Width = 32> <Depth = 151368> <RAM>
ST_5 : Operation 130 [1/2] ( I:2.77ns O:2.77ns )   --->   "%feat1_3_load_3 = load i18 %feat1_3_addr_3" [../hls_files/conv_pool.cpp:189]   --->   Operation 130 'load' 'feat1_3_load_3' <Predicate = (trunc_ln184_3 == 2)> <Delay = 2.77> <CoreInst = "RAM">   --->   Core 81 'RAM' <Latency = 1> <II = 1> <Delay = 2.77> <Storage> <Opcode : 'load' 'store'> <Ports = 2> <Width = 32> <Depth = 151368> <RAM>
ST_5 : Operation 131 [1/2] ( I:2.77ns O:2.77ns )   --->   "%feat1_4_load_3 = load i18 %feat1_4_addr_3" [../hls_files/conv_pool.cpp:189]   --->   Operation 131 'load' 'feat1_4_load_3' <Predicate = (trunc_ln184_3 == 3)> <Delay = 2.77> <CoreInst = "RAM">   --->   Core 81 'RAM' <Latency = 1> <II = 1> <Delay = 2.77> <Storage> <Opcode : 'load' 'store'> <Ports = 2> <Width = 32> <Depth = 151368> <RAM>
ST_5 : Operation 132 [1/1] (1.37ns)   --->   "%m3 = sparsemux i32 @_ssdm_op_SparseMux.ap_auto.4float.float.i2, i2 0, i32 %feat1_load_3, i2 1, i32 %feat1_2_load_3, i2 2, i32 %feat1_3_load_3, i2 3, i32 %feat1_4_load_3, i32 <undef>, i2 %trunc_ln184_3" [../hls_files/conv_pool.cpp:189]   --->   Operation 132 'sparsemux' 'm3' <Predicate = true> <Delay = 1.37> <CoreInst = "BinarySparseMux_DontCare">   --->   Core 137 'BinarySparseMux_DontCare' <Latency = 0> <II = 1> <Delay = 1.37> <FuncUnit> <Opcode : 'sparsemux'> <InPorts = 2> <OutPorts = 1>

State 6 <SV = 5> <Delay = 4.24>
ST_6 : Operation 133 [2/2] (4.24ns)   --->   "%tmp_s = fcmp_ogt  i32 %m0, i32 %m1" [../hls_files/conv_pool.cpp:190]   --->   Operation 133 'fcmp' 'tmp_s' <Predicate = true> <Delay = 4.24> <CoreInst = "FCompare">   --->   Core 19 'FCompare' <Latency = 1> <II = 1> <Delay = 4.24> <FuncUnit> <Opcode : 'fcmp'> <InPorts = 2> <OutPorts = 1>

State 7 <SV = 6> <Delay = 5.82>
ST_7 : Operation 134 [1/1] (0.00ns)   --->   "%bitcast_ln190 = bitcast i32 %m0" [../hls_files/conv_pool.cpp:190]   --->   Operation 134 'bitcast' 'bitcast_ln190' <Predicate = true> <Delay = 0.00>
ST_7 : Operation 135 [1/1] (0.00ns)   --->   "%tmp = partselect i8 @_ssdm_op_PartSelect.i8.i32.i32.i32, i32 %bitcast_ln190, i32 23, i32 30" [../hls_files/conv_pool.cpp:190]   --->   Operation 135 'partselect' 'tmp' <Predicate = true> <Delay = 0.00>
ST_7 : Operation 136 [1/1] (0.00ns)   --->   "%trunc_ln190 = trunc i32 %bitcast_ln190" [../hls_files/conv_pool.cpp:190]   --->   Operation 136 'trunc' 'trunc_ln190' <Predicate = true> <Delay = 0.00>
ST_7 : Operation 137 [1/1] (0.00ns)   --->   "%bitcast_ln190_1 = bitcast i32 %m1" [../hls_files/conv_pool.cpp:190]   --->   Operation 137 'bitcast' 'bitcast_ln190_1' <Predicate = true> <Delay = 0.00>
ST_7 : Operation 138 [1/1] (0.00ns)   --->   "%tmp_9 = partselect i8 @_ssdm_op_PartSelect.i8.i32.i32.i32, i32 %bitcast_ln190_1, i32 23, i32 30" [../hls_files/conv_pool.cpp:190]   --->   Operation 138 'partselect' 'tmp_9' <Predicate = true> <Delay = 0.00>
ST_7 : Operation 139 [1/1] (0.00ns)   --->   "%trunc_ln190_1 = trunc i32 %bitcast_ln190_1" [../hls_files/conv_pool.cpp:190]   --->   Operation 139 'trunc' 'trunc_ln190_1' <Predicate = true> <Delay = 0.00>
ST_7 : Operation 140 [1/1] (1.71ns)   --->   "%icmp_ln190 = icmp_ne  i8 %tmp, i8 255" [../hls_files/conv_pool.cpp:190]   --->   Operation 140 'icmp' 'icmp_ln190' <Predicate = true> <Delay = 1.71> <CoreInst = "Cmp">   --->   Core 9 'Cmp' <Latency = 0> <II = 1> <Delay = 1.71> <FuncUnit> <Opcode : 'seteq' 'setne' 'setle' 'setge' 'setlt' 'setgt'> <InPorts = 2> <OutPorts = 1>
ST_7 : Operation 141 [1/1] (1.98ns)   --->   "%icmp_ln190_1 = icmp_eq  i23 %trunc_ln190, i23 0" [../hls_files/conv_pool.cpp:190]   --->   Operation 141 'icmp' 'icmp_ln190_1' <Predicate = true> <Delay = 1.98> <CoreInst = "Cmp">   --->   Core 9 'Cmp' <Latency = 0> <II = 1> <Delay = 1.98> <FuncUnit> <Opcode : 'seteq' 'setne' 'setle' 'setge' 'setlt' 'setgt'> <InPorts = 2> <OutPorts = 1>
ST_7 : Operation 142 [1/1] (0.00ns) (grouped into LUT with out node and_ln190_1)   --->   "%or_ln190 = or i1 %icmp_ln190_1, i1 %icmp_ln190" [../hls_files/conv_pool.cpp:190]   --->   Operation 142 'or' 'or_ln190' <Predicate = true> <Delay = 0.00> <CoreInst = "LogicGate">   --->   Core 74 'LogicGate' <Latency = 0> <II = 1> <Delay = 0.80> <FuncUnit> <Opcode : 'and' 'or' 'xor'> <InPorts = 2> <OutPorts = 1>
ST_7 : Operation 143 [1/1] (1.71ns)   --->   "%icmp_ln190_2 = icmp_ne  i8 %tmp_9, i8 255" [../hls_files/conv_pool.cpp:190]   --->   Operation 143 'icmp' 'icmp_ln190_2' <Predicate = true> <Delay = 1.71> <CoreInst = "Cmp">   --->   Core 9 'Cmp' <Latency = 0> <II = 1> <Delay = 1.71> <FuncUnit> <Opcode : 'seteq' 'setne' 'setle' 'setge' 'setlt' 'setgt'> <InPorts = 2> <OutPorts = 1>
ST_7 : Operation 144 [1/1] (1.98ns)   --->   "%icmp_ln190_3 = icmp_eq  i23 %trunc_ln190_1, i23 0" [../hls_files/conv_pool.cpp:190]   --->   Operation 144 'icmp' 'icmp_ln190_3' <Predicate = true> <Delay = 1.98> <CoreInst = "Cmp">   --->   Core 9 'Cmp' <Latency = 0> <II = 1> <Delay = 1.98> <FuncUnit> <Opcode : 'seteq' 'setne' 'setle' 'setge' 'setlt' 'setgt'> <InPorts = 2> <OutPorts = 1>
ST_7 : Operation 145 [1/1] (0.00ns) (grouped into LUT with out node and_ln190_1)   --->   "%or_ln190_1 = or i1 %icmp_ln190_3, i1 %icmp_ln190_2" [../hls_files/conv_pool.cpp:190]   --->   Operation 145 'or' 'or_ln190_1' <Predicate = true> <Delay = 0.00> <CoreInst = "LogicGate">   --->   Core 74 'LogicGate' <Latency = 0> <II = 1> <Delay = 0.80> <FuncUnit> <Opcode : 'and' 'or' 'xor'> <InPorts = 2> <OutPorts = 1>
ST_7 : Operation 146 [1/1] (0.00ns) (grouped into LUT with out node and_ln190_1)   --->   "%and_ln190 = and i1 %or_ln190, i1 %or_ln190_1" [../hls_files/conv_pool.cpp:190]   --->   Operation 146 'and' 'and_ln190' <Predicate = true> <Delay = 0.00> <CoreInst = "LogicGate">   --->   Core 74 'LogicGate' <Latency = 0> <II = 1> <Delay = 0.80> <FuncUnit> <Opcode : 'and' 'or' 'xor'> <InPorts = 2> <OutPorts = 1>
ST_7 : Operation 147 [1/2] (4.24ns)   --->   "%tmp_s = fcmp_ogt  i32 %m0, i32 %m1" [../hls_files/conv_pool.cpp:190]   --->   Operation 147 'fcmp' 'tmp_s' <Predicate = true> <Delay = 4.24> <CoreInst = "FCompare">   --->   Core 19 'FCompare' <Latency = 1> <II = 1> <Delay = 4.24> <FuncUnit> <Opcode : 'fcmp'> <InPorts = 2> <OutPorts = 1>
ST_7 : Operation 148 [1/1] (0.80ns) (out node of the LUT)   --->   "%and_ln190_1 = and i1 %and_ln190, i1 %tmp_s" [../hls_files/conv_pool.cpp:190]   --->   Operation 148 'and' 'and_ln190_1' <Predicate = true> <Delay = 0.80> <CoreInst = "LogicGate">   --->   Core 74 'LogicGate' <Latency = 0> <II = 1> <Delay = 0.80> <FuncUnit> <Opcode : 'and' 'or' 'xor'> <InPorts = 2> <OutPorts = 1>
ST_7 : Operation 149 [1/1] (0.77ns) (out node of the LUT)   --->   "%mx = select i1 %and_ln190_1, i32 %m0, i32 %m1" [../hls_files/conv_pool.cpp:190]   --->   Operation 149 'select' 'mx' <Predicate = true> <Delay = 0.77> <CoreInst = "Sel">   --->   Core 73 'Sel' <Latency = 0> <II = 1> <Delay = 0.77> <FuncUnit> <Opcode : 'select'> <InPorts = 3> <OutPorts = 1>
ST_7 : Operation 150 [2/2] (4.24ns)   --->   "%tmp_3 = fcmp_ogt  i32 %m2, i32 %m3" [../hls_files/conv_pool.cpp:191]   --->   Operation 150 'fcmp' 'tmp_3' <Predicate = true> <Delay = 4.24> <CoreInst = "FCompare">   --->   Core 19 'FCompare' <Latency = 1> <II = 1> <Delay = 4.24> <FuncUnit> <Opcode : 'fcmp'> <InPorts = 2> <OutPorts = 1>

State 8 <SV = 7> <Delay = 5.82>
ST_8 : Operation 151 [1/1] (0.00ns)   --->   "%bitcast_ln191 = bitcast i32 %m2" [../hls_files/conv_pool.cpp:191]   --->   Operation 151 'bitcast' 'bitcast_ln191' <Predicate = true> <Delay = 0.00>
ST_8 : Operation 152 [1/1] (0.00ns)   --->   "%tmp_1 = partselect i8 @_ssdm_op_PartSelect.i8.i32.i32.i32, i32 %bitcast_ln191, i32 23, i32 30" [../hls_files/conv_pool.cpp:191]   --->   Operation 152 'partselect' 'tmp_1' <Predicate = true> <Delay = 0.00>
ST_8 : Operation 153 [1/1] (0.00ns)   --->   "%trunc_ln191 = trunc i32 %bitcast_ln191" [../hls_files/conv_pool.cpp:191]   --->   Operation 153 'trunc' 'trunc_ln191' <Predicate = true> <Delay = 0.00>
ST_8 : Operation 154 [1/1] (0.00ns)   --->   "%bitcast_ln191_1 = bitcast i32 %m3" [../hls_files/conv_pool.cpp:191]   --->   Operation 154 'bitcast' 'bitcast_ln191_1' <Predicate = true> <Delay = 0.00>
ST_8 : Operation 155 [1/1] (0.00ns)   --->   "%tmp_2 = partselect i8 @_ssdm_op_PartSelect.i8.i32.i32.i32, i32 %bitcast_ln191_1, i32 23, i32 30" [../hls_files/conv_pool.cpp:191]   --->   Operation 155 'partselect' 'tmp_2' <Predicate = true> <Delay = 0.00>
ST_8 : Operation 156 [1/1] (0.00ns)   --->   "%trunc_ln191_1 = trunc i32 %bitcast_ln191_1" [../hls_files/conv_pool.cpp:191]   --->   Operation 156 'trunc' 'trunc_ln191_1' <Predicate = true> <Delay = 0.00>
ST_8 : Operation 157 [1/1] (1.71ns)   --->   "%icmp_ln191 = icmp_ne  i8 %tmp_1, i8 255" [../hls_files/conv_pool.cpp:191]   --->   Operation 157 'icmp' 'icmp_ln191' <Predicate = true> <Delay = 1.71> <CoreInst = "Cmp">   --->   Core 9 'Cmp' <Latency = 0> <II = 1> <Delay = 1.71> <FuncUnit> <Opcode : 'seteq' 'setne' 'setle' 'setge' 'setlt' 'setgt'> <InPorts = 2> <OutPorts = 1>
ST_8 : Operation 158 [1/1] (1.98ns)   --->   "%icmp_ln191_1 = icmp_eq  i23 %trunc_ln191, i23 0" [../hls_files/conv_pool.cpp:191]   --->   Operation 158 'icmp' 'icmp_ln191_1' <Predicate = true> <Delay = 1.98> <CoreInst = "Cmp">   --->   Core 9 'Cmp' <Latency = 0> <II = 1> <Delay = 1.98> <FuncUnit> <Opcode : 'seteq' 'setne' 'setle' 'setge' 'setlt' 'setgt'> <InPorts = 2> <OutPorts = 1>
ST_8 : Operation 159 [1/1] (0.00ns) (grouped into LUT with out node and_ln191_1)   --->   "%or_ln191 = or i1 %icmp_ln191_1, i1 %icmp_ln191" [../hls_files/conv_pool.cpp:191]   --->   Operation 159 'or' 'or_ln191' <Predicate = true> <Delay = 0.00> <CoreInst = "LogicGate">   --->   Core 74 'LogicGate' <Latency = 0> <II = 1> <Delay = 0.80> <FuncUnit> <Opcode : 'and' 'or' 'xor'> <InPorts = 2> <OutPorts = 1>
ST_8 : Operation 160 [1/1] (1.71ns)   --->   "%icmp_ln191_2 = icmp_ne  i8 %tmp_2, i8 255" [../hls_files/conv_pool.cpp:191]   --->   Operation 160 'icmp' 'icmp_ln191_2' <Predicate = true> <Delay = 1.71> <CoreInst = "Cmp">   --->   Core 9 'Cmp' <Latency = 0> <II = 1> <Delay = 1.71> <FuncUnit> <Opcode : 'seteq' 'setne' 'setle' 'setge' 'setlt' 'setgt'> <InPorts = 2> <OutPorts = 1>
ST_8 : Operation 161 [1/1] (1.98ns)   --->   "%icmp_ln191_3 = icmp_eq  i23 %trunc_ln191_1, i23 0" [../hls_files/conv_pool.cpp:191]   --->   Operation 161 'icmp' 'icmp_ln191_3' <Predicate = true> <Delay = 1.98> <CoreInst = "Cmp">   --->   Core 9 'Cmp' <Latency = 0> <II = 1> <Delay = 1.98> <FuncUnit> <Opcode : 'seteq' 'setne' 'setle' 'setge' 'setlt' 'setgt'> <InPorts = 2> <OutPorts = 1>
ST_8 : Operation 162 [1/1] (0.00ns) (grouped into LUT with out node and_ln191_1)   --->   "%or_ln191_1 = or i1 %icmp_ln191_3, i1 %icmp_ln191_2" [../hls_files/conv_pool.cpp:191]   --->   Operation 162 'or' 'or_ln191_1' <Predicate = true> <Delay = 0.00> <CoreInst = "LogicGate">   --->   Core 74 'LogicGate' <Latency = 0> <II = 1> <Delay = 0.80> <FuncUnit> <Opcode : 'and' 'or' 'xor'> <InPorts = 2> <OutPorts = 1>
ST_8 : Operation 163 [1/1] (0.00ns) (grouped into LUT with out node and_ln191_1)   --->   "%and_ln191 = and i1 %or_ln191, i1 %or_ln191_1" [../hls_files/conv_pool.cpp:191]   --->   Operation 163 'and' 'and_ln191' <Predicate = true> <Delay = 0.00> <CoreInst = "LogicGate">   --->   Core 74 'LogicGate' <Latency = 0> <II = 1> <Delay = 0.80> <FuncUnit> <Opcode : 'and' 'or' 'xor'> <InPorts = 2> <OutPorts = 1>
ST_8 : Operation 164 [1/2] (4.24ns)   --->   "%tmp_3 = fcmp_ogt  i32 %m2, i32 %m3" [../hls_files/conv_pool.cpp:191]   --->   Operation 164 'fcmp' 'tmp_3' <Predicate = true> <Delay = 4.24> <CoreInst = "FCompare">   --->   Core 19 'FCompare' <Latency = 1> <II = 1> <Delay = 4.24> <FuncUnit> <Opcode : 'fcmp'> <InPorts = 2> <OutPorts = 1>
ST_8 : Operation 165 [1/1] (0.80ns) (out node of the LUT)   --->   "%and_ln191_1 = and i1 %and_ln191, i1 %tmp_3" [../hls_files/conv_pool.cpp:191]   --->   Operation 165 'and' 'and_ln191_1' <Predicate = true> <Delay = 0.80> <CoreInst = "LogicGate">   --->   Core 74 'LogicGate' <Latency = 0> <II = 1> <Delay = 0.80> <FuncUnit> <Opcode : 'and' 'or' 'xor'> <InPorts = 2> <OutPorts = 1>
ST_8 : Operation 166 [1/1] (0.77ns) (out node of the LUT)   --->   "%my = select i1 %and_ln191_1, i32 %m2, i32 %m3" [../hls_files/conv_pool.cpp:191]   --->   Operation 166 'select' 'my' <Predicate = true> <Delay = 0.77> <CoreInst = "Sel">   --->   Core 73 'Sel' <Latency = 0> <II = 1> <Delay = 0.77> <FuncUnit> <Opcode : 'select'> <InPorts = 3> <OutPorts = 1>

State 9 <SV = 8> <Delay = 0.00>

State 10 <SV = 9> <Delay = 1.38>
ST_10 : Operation 167 [1/1] (0.00ns)   --->   "%zext_ln192 = zext i7 %i" [../hls_files/conv_pool.cpp:192]   --->   Operation 167 'zext' 'zext_ln192' <Predicate = true> <Delay = 0.00>
ST_10 : Operation 168 [3/3] (1.38ns) (grouped into DSP with root node add_ln192)   --->   "%mul_ln192 = mul i15 %zext_ln192, i15 159" [../hls_files/conv_pool.cpp:192]   --->   Operation 168 'mul' 'mul_ln192' <Predicate = true> <Delay = 1.38> <CoreInst = "DSP48">   --->   Core 116 'DSP48' <Latency = 3> <II = 1> <Delay = 1.82> <IPBlock> <Opcode : 'add' 'sub' 'mul' 'select'> <InPorts = 0> <OutPorts = 1> <Sync> <CReg>

State 11 <SV = 10> <Delay = 4.24>
ST_11 : Operation 169 [2/3] (1.38ns) (grouped into DSP with root node add_ln192)   --->   "%mul_ln192 = mul i15 %zext_ln192, i15 159" [../hls_files/conv_pool.cpp:192]   --->   Operation 169 'mul' 'mul_ln192' <Predicate = true> <Delay = 1.38> <CoreInst = "DSP48">   --->   Core 116 'DSP48' <Latency = 3> <II = 1> <Delay = 1.82> <IPBlock> <Opcode : 'add' 'sub' 'mul' 'select'> <InPorts = 0> <OutPorts = 1> <Sync> <CReg>
ST_11 : Operation 170 [2/2] (4.24ns)   --->   "%tmp_6 = fcmp_ogt  i32 %mx, i32 %my" [../hls_files/conv_pool.cpp:192]   --->   Operation 170 'fcmp' 'tmp_6' <Predicate = true> <Delay = 4.24> <CoreInst = "FCompare">   --->   Core 19 'FCompare' <Latency = 1> <II = 1> <Delay = 4.24> <FuncUnit> <Opcode : 'fcmp'> <InPorts = 2> <OutPorts = 1>

State 12 <SV = 11> <Delay = 5.82>
ST_12 : Operation 171 [1/3] (0.00ns) (grouped into DSP with root node add_ln192)   --->   "%mul_ln192 = mul i15 %zext_ln192, i15 159" [../hls_files/conv_pool.cpp:192]   --->   Operation 171 'mul' 'mul_ln192' <Predicate = true> <Delay = 0.00> <CoreInst = "DSP48">   --->   Core 116 'DSP48' <Latency = 3> <II = 1> <Delay = 1.82> <IPBlock> <Opcode : 'add' 'sub' 'mul' 'select'> <InPorts = 0> <OutPorts = 1> <Sync> <CReg>
ST_12 : Operation 172 [1/1] (0.00ns)   --->   "%zext_ln192_1 = zext i8 %j" [../hls_files/conv_pool.cpp:192]   --->   Operation 172 'zext' 'zext_ln192_1' <Predicate = true> <Delay = 0.00>
ST_12 : Operation 173 [2/2] (1.76ns) (root node of the DSP)   --->   "%add_ln192 = add i15 %mul_ln192, i15 %zext_ln192_1" [../hls_files/conv_pool.cpp:192]   --->   Operation 173 'add' 'add_ln192' <Predicate = true> <Delay = 1.76> <CoreInst = "DSP48">   --->   Core 116 'DSP48' <Latency = 3> <II = 1> <Delay = 1.82> <IPBlock> <Opcode : 'add' 'sub' 'mul' 'select'> <InPorts = 0> <OutPorts = 1> <Sync> <CReg>
ST_12 : Operation 174 [1/1] (0.00ns)   --->   "%bitcast_ln192 = bitcast i32 %mx" [../hls_files/conv_pool.cpp:192]   --->   Operation 174 'bitcast' 'bitcast_ln192' <Predicate = true> <Delay = 0.00>
ST_12 : Operation 175 [1/1] (0.00ns)   --->   "%tmp_4 = partselect i8 @_ssdm_op_PartSelect.i8.i32.i32.i32, i32 %bitcast_ln192, i32 23, i32 30" [../hls_files/conv_pool.cpp:192]   --->   Operation 175 'partselect' 'tmp_4' <Predicate = true> <Delay = 0.00>
ST_12 : Operation 176 [1/1] (0.00ns)   --->   "%trunc_ln192 = trunc i32 %bitcast_ln192" [../hls_files/conv_pool.cpp:192]   --->   Operation 176 'trunc' 'trunc_ln192' <Predicate = true> <Delay = 0.00>
ST_12 : Operation 177 [1/1] (0.00ns)   --->   "%bitcast_ln192_1 = bitcast i32 %my" [../hls_files/conv_pool.cpp:192]   --->   Operation 177 'bitcast' 'bitcast_ln192_1' <Predicate = true> <Delay = 0.00>
ST_12 : Operation 178 [1/1] (0.00ns)   --->   "%tmp_5 = partselect i8 @_ssdm_op_PartSelect.i8.i32.i32.i32, i32 %bitcast_ln192_1, i32 23, i32 30" [../hls_files/conv_pool.cpp:192]   --->   Operation 178 'partselect' 'tmp_5' <Predicate = true> <Delay = 0.00>
ST_12 : Operation 179 [1/1] (0.00ns)   --->   "%trunc_ln192_1 = trunc i32 %bitcast_ln192_1" [../hls_files/conv_pool.cpp:192]   --->   Operation 179 'trunc' 'trunc_ln192_1' <Predicate = true> <Delay = 0.00>
ST_12 : Operation 180 [1/1] (1.71ns)   --->   "%icmp_ln192 = icmp_ne  i8 %tmp_4, i8 255" [../hls_files/conv_pool.cpp:192]   --->   Operation 180 'icmp' 'icmp_ln192' <Predicate = true> <Delay = 1.71> <CoreInst = "Cmp">   --->   Core 9 'Cmp' <Latency = 0> <II = 1> <Delay = 1.71> <FuncUnit> <Opcode : 'seteq' 'setne' 'setle' 'setge' 'setlt' 'setgt'> <InPorts = 2> <OutPorts = 1>
ST_12 : Operation 181 [1/1] (1.98ns)   --->   "%icmp_ln192_1 = icmp_eq  i23 %trunc_ln192, i23 0" [../hls_files/conv_pool.cpp:192]   --->   Operation 181 'icmp' 'icmp_ln192_1' <Predicate = true> <Delay = 1.98> <CoreInst = "Cmp">   --->   Core 9 'Cmp' <Latency = 0> <II = 1> <Delay = 1.98> <FuncUnit> <Opcode : 'seteq' 'setne' 'setle' 'setge' 'setlt' 'setgt'> <InPorts = 2> <OutPorts = 1>
ST_12 : Operation 182 [1/1] (0.00ns) (grouped into LUT with out node and_ln192_1)   --->   "%or_ln192 = or i1 %icmp_ln192_1, i1 %icmp_ln192" [../hls_files/conv_pool.cpp:192]   --->   Operation 182 'or' 'or_ln192' <Predicate = true> <Delay = 0.00> <CoreInst = "LogicGate">   --->   Core 74 'LogicGate' <Latency = 0> <II = 1> <Delay = 0.80> <FuncUnit> <Opcode : 'and' 'or' 'xor'> <InPorts = 2> <OutPorts = 1>
ST_12 : Operation 183 [1/1] (1.71ns)   --->   "%icmp_ln192_2 = icmp_ne  i8 %tmp_5, i8 255" [../hls_files/conv_pool.cpp:192]   --->   Operation 183 'icmp' 'icmp_ln192_2' <Predicate = true> <Delay = 1.71> <CoreInst = "Cmp">   --->   Core 9 'Cmp' <Latency = 0> <II = 1> <Delay = 1.71> <FuncUnit> <Opcode : 'seteq' 'setne' 'setle' 'setge' 'setlt' 'setgt'> <InPorts = 2> <OutPorts = 1>
ST_12 : Operation 184 [1/1] (1.98ns)   --->   "%icmp_ln192_3 = icmp_eq  i23 %trunc_ln192_1, i23 0" [../hls_files/conv_pool.cpp:192]   --->   Operation 184 'icmp' 'icmp_ln192_3' <Predicate = true> <Delay = 1.98> <CoreInst = "Cmp">   --->   Core 9 'Cmp' <Latency = 0> <II = 1> <Delay = 1.98> <FuncUnit> <Opcode : 'seteq' 'setne' 'setle' 'setge' 'setlt' 'setgt'> <InPorts = 2> <OutPorts = 1>
ST_12 : Operation 185 [1/1] (0.00ns) (grouped into LUT with out node and_ln192_1)   --->   "%or_ln192_1 = or i1 %icmp_ln192_3, i1 %icmp_ln192_2" [../hls_files/conv_pool.cpp:192]   --->   Operation 185 'or' 'or_ln192_1' <Predicate = true> <Delay = 0.00> <CoreInst = "LogicGate">   --->   Core 74 'LogicGate' <Latency = 0> <II = 1> <Delay = 0.80> <FuncUnit> <Opcode : 'and' 'or' 'xor'> <InPorts = 2> <OutPorts = 1>
ST_12 : Operation 186 [1/1] (0.00ns) (grouped into LUT with out node and_ln192_1)   --->   "%and_ln192 = and i1 %or_ln192, i1 %or_ln192_1" [../hls_files/conv_pool.cpp:192]   --->   Operation 186 'and' 'and_ln192' <Predicate = true> <Delay = 0.00> <CoreInst = "LogicGate">   --->   Core 74 'LogicGate' <Latency = 0> <II = 1> <Delay = 0.80> <FuncUnit> <Opcode : 'and' 'or' 'xor'> <InPorts = 2> <OutPorts = 1>
ST_12 : Operation 187 [1/2] (4.24ns)   --->   "%tmp_6 = fcmp_ogt  i32 %mx, i32 %my" [../hls_files/conv_pool.cpp:192]   --->   Operation 187 'fcmp' 'tmp_6' <Predicate = true> <Delay = 4.24> <CoreInst = "FCompare">   --->   Core 19 'FCompare' <Latency = 1> <II = 1> <Delay = 4.24> <FuncUnit> <Opcode : 'fcmp'> <InPorts = 2> <OutPorts = 1>
ST_12 : Operation 188 [1/1] (0.80ns) (out node of the LUT)   --->   "%and_ln192_1 = and i1 %and_ln192, i1 %tmp_6" [../hls_files/conv_pool.cpp:192]   --->   Operation 188 'and' 'and_ln192_1' <Predicate = true> <Delay = 0.80> <CoreInst = "LogicGate">   --->   Core 74 'LogicGate' <Latency = 0> <II = 1> <Delay = 0.80> <FuncUnit> <Opcode : 'and' 'or' 'xor'> <InPorts = 2> <OutPorts = 1>
ST_12 : Operation 189 [1/1] (0.77ns) (out node of the LUT)   --->   "%select_ln192 = select i1 %and_ln192_1, i32 %mx, i32 %my" [../hls_files/conv_pool.cpp:192]   --->   Operation 189 'select' 'select_ln192' <Predicate = true> <Delay = 0.77> <CoreInst = "Sel">   --->   Core 73 'Sel' <Latency = 0> <II = 1> <Delay = 0.77> <FuncUnit> <Opcode : 'select'> <InPorts = 3> <OutPorts = 1>

State 13 <SV = 12> <Delay = 4.53>
ST_13 : Operation 190 [1/1] (0.00ns)   --->   "%specloopname_ln0 = specloopname void @_ssdm_op_SpecLoopName, void @POOL1_ROW_POOL1_COL_POOL1_CH_str"   --->   Operation 190 'specloopname' 'specloopname_ln0' <Predicate = true> <Delay = 0.00>
ST_13 : Operation 191 [1/1] (0.00ns)   --->   "%speclooptripcount_ln0 = speclooptripcount void @_ssdm_op_SpecLoopTripCount, i64 151368, i64 151368, i64 151368"   --->   Operation 191 'speclooptripcount' 'speclooptripcount_ln0' <Predicate = true> <Delay = 0.00>
ST_13 : Operation 192 [1/2] (1.76ns) (root node of the DSP)   --->   "%add_ln192 = add i15 %mul_ln192, i15 %zext_ln192_1" [../hls_files/conv_pool.cpp:192]   --->   Operation 192 'add' 'add_ln192' <Predicate = true> <Delay = 1.76> <CoreInst = "DSP48">   --->   Core 116 'DSP48' <Latency = 3> <II = 1> <Delay = 1.82> <IPBlock> <Opcode : 'add' 'sub' 'mul' 'select'> <InPorts = 0> <OutPorts = 1> <Sync> <CReg>
ST_13 : Operation 193 [1/1] (0.00ns)   --->   "%specpipeline_ln185 = specpipeline void @_ssdm_op_SpecPipeline, i32 3, i32 0, i32 0, i32 0, void @empty_17" [../hls_files/conv_pool.cpp:185]   --->   Operation 193 'specpipeline' 'specpipeline_ln185' <Predicate = true> <Delay = 0.00>
ST_13 : Operation 194 [1/1] (0.00ns)   --->   "%tmp_25 = bitconcatenate i16 @_ssdm_op_BitConcatenate.i16.i15.i1, i15 %add_ln192, i1 %trunc_ln184" [../hls_files/conv_pool.cpp:192]   --->   Operation 194 'bitconcatenate' 'tmp_25' <Predicate = true> <Delay = 0.00>
ST_13 : Operation 195 [1/1] (0.00ns)   --->   "%zext_ln192_2 = zext i16 %tmp_25" [../hls_files/conv_pool.cpp:192]   --->   Operation 195 'zext' 'zext_ln192_2' <Predicate = true> <Delay = 0.00>
ST_13 : Operation 196 [1/1] (0.00ns)   --->   "%feat1_p_addr = getelementptr i32 %feat1_p, i64 0, i64 %zext_ln192_2" [../hls_files/conv_pool.cpp:192]   --->   Operation 196 'getelementptr' 'feat1_p_addr' <Predicate = true> <Delay = 0.00>
ST_13 : Operation 197 [1/1] (0.00ns)   --->   "%feat1_p_5_addr = getelementptr i32 %feat1_p_5, i64 0, i64 %zext_ln192_2" [../hls_files/conv_pool.cpp:192]   --->   Operation 197 'getelementptr' 'feat1_p_5_addr' <Predicate = true> <Delay = 0.00>
ST_13 : Operation 198 [1/1] (0.00ns)   --->   "%feat1_p_6_addr = getelementptr i32 %feat1_p_6, i64 0, i64 %zext_ln192_2" [../hls_files/conv_pool.cpp:192]   --->   Operation 198 'getelementptr' 'feat1_p_6_addr' <Predicate = true> <Delay = 0.00>
ST_13 : Operation 199 [1/1] (0.00ns)   --->   "%feat1_p_7_addr = getelementptr i32 %feat1_p_7, i64 0, i64 %zext_ln192_2" [../hls_files/conv_pool.cpp:192]   --->   Operation 199 'getelementptr' 'feat1_p_7_addr' <Predicate = true> <Delay = 0.00>
ST_13 : Operation 200 [1/1] ( I:2.77ns O:2.77ns )   --->   "%store_ln192 = store i32 %select_ln192, i16 %feat1_p_6_addr" [../hls_files/conv_pool.cpp:192]   --->   Operation 200 'store' 'store_ln192' <Predicate = (trunc_ln184_3 == 2)> <Delay = 2.77> <CoreInst = "RAM">   --->   Core 81 'RAM' <Latency = 1> <II = 1> <Delay = 2.77> <Storage> <Opcode : 'load' 'store'> <Ports = 2> <Width = 32> <Depth = 37842> <RAM>
ST_13 : Operation 201 [1/1] (0.00ns)   --->   "%br_ln192 = br void %arrayidx571015.exit.i" [../hls_files/conv_pool.cpp:192]   --->   Operation 201 'br' 'br_ln192' <Predicate = (trunc_ln184_3 == 2)> <Delay = 0.00>
ST_13 : Operation 202 [1/1] ( I:2.77ns O:2.77ns )   --->   "%store_ln192 = store i32 %select_ln192, i16 %feat1_p_5_addr" [../hls_files/conv_pool.cpp:192]   --->   Operation 202 'store' 'store_ln192' <Predicate = (trunc_ln184_3 == 1)> <Delay = 2.77> <CoreInst = "RAM">   --->   Core 81 'RAM' <Latency = 1> <II = 1> <Delay = 2.77> <Storage> <Opcode : 'load' 'store'> <Ports = 2> <Width = 32> <Depth = 37842> <RAM>
ST_13 : Operation 203 [1/1] (0.00ns)   --->   "%br_ln192 = br void %arrayidx571015.exit.i" [../hls_files/conv_pool.cpp:192]   --->   Operation 203 'br' 'br_ln192' <Predicate = (trunc_ln184_3 == 1)> <Delay = 0.00>
ST_13 : Operation 204 [1/1] ( I:2.77ns O:2.77ns )   --->   "%store_ln192 = store i32 %select_ln192, i16 %feat1_p_addr" [../hls_files/conv_pool.cpp:192]   --->   Operation 204 'store' 'store_ln192' <Predicate = (trunc_ln184_3 == 0)> <Delay = 2.77> <CoreInst = "RAM">   --->   Core 81 'RAM' <Latency = 1> <II = 1> <Delay = 2.77> <Storage> <Opcode : 'load' 'store'> <Ports = 2> <Width = 32> <Depth = 37842> <RAM>
ST_13 : Operation 205 [1/1] (0.00ns)   --->   "%br_ln192 = br void %arrayidx571015.exit.i" [../hls_files/conv_pool.cpp:192]   --->   Operation 205 'br' 'br_ln192' <Predicate = (trunc_ln184_3 == 0)> <Delay = 0.00>
ST_13 : Operation 206 [1/1] ( I:2.77ns O:2.77ns )   --->   "%store_ln192 = store i32 %select_ln192, i16 %feat1_p_7_addr" [../hls_files/conv_pool.cpp:192]   --->   Operation 206 'store' 'store_ln192' <Predicate = (trunc_ln184_3 == 3)> <Delay = 2.77> <CoreInst = "RAM">   --->   Core 81 'RAM' <Latency = 1> <II = 1> <Delay = 2.77> <Storage> <Opcode : 'load' 'store'> <Ports = 2> <Width = 32> <Depth = 37842> <RAM>
ST_13 : Operation 207 [1/1] (0.00ns)   --->   "%br_ln192 = br void %arrayidx571015.exit.i" [../hls_files/conv_pool.cpp:192]   --->   Operation 207 'br' 'br_ln192' <Predicate = (trunc_ln184_3 == 3)> <Delay = 0.00>
ST_13 : Operation 208 [1/1] (1.32ns)   --->   "%ret_ln182 = ret" [../hls_files/conv_pool.cpp:182]   --->   Operation 208 'ret' 'ret_ln182' <Predicate = (icmp_ln182)> <Delay = 1.32>


============================================================
+ Verbose Summary: Timing violations
============================================================
Target clock period: 10.000ns, clock uncertainty: 2.700ns.

 <State 1>: 2.124ns
The critical path consists of the following:
	multiplexor before 'phi' operation 1 bit ('icmp_ln183137', ../hls_files/conv_pool.cpp:183) with incoming values : ('icmp_ln183', ../hls_files/conv_pool.cpp:183) [21]  (1.324 ns)
	'phi' operation 1 bit ('icmp_ln183137', ../hls_files/conv_pool.cpp:183) with incoming values : ('icmp_ln183', ../hls_files/conv_pool.cpp:183) [21]  (0.000 ns)
	'xor' operation 1 bit ('xor_ln182', ../hls_files/conv_pool.cpp:182) [32]  (0.000 ns)
	'and' operation 1 bit ('and_ln182', ../hls_files/conv_pool.cpp:182) [33]  (0.800 ns)

 <State 2>: 6.248ns
The critical path consists of the following:
	'load' operation 7 bit ('i132_load', ../hls_files/conv_pool.cpp:182) on local variable 'i132' [24]  (0.000 ns)
	'add' operation 7 bit ('add_ln182', ../hls_files/conv_pool.cpp:182) [28]  (1.662 ns)
	'select' operation 7 bit ('i', ../hls_files/conv_pool.cpp:182) [34]  (0.806 ns)
	'mul' operation 17 bit ('mul_ln186', ../hls_files/conv_pool.cpp:186) [43]  (3.780 ns)

 <State 3>: 5.641ns
The critical path consists of the following:
	'mul' operation 17 bit ('mul_ln187', ../hls_files/conv_pool.cpp:187) [46]  (3.780 ns)
	'add' operation 17 bit ('add_ln187', ../hls_files/conv_pool.cpp:187) [52]  (1.861 ns)

 <State 4>: 4.146ns
The critical path consists of the following:
	'load' operation 32 bit ('feat1_load', ../hls_files/conv_pool.cpp:186) on array 'feat1' [90]  (2.772 ns)
	'sparsemux' operation 32 bit ('m0', ../hls_files/conv_pool.cpp:186) [94]  (1.374 ns)

 <State 5>: 4.146ns
The critical path consists of the following:
	'load' operation 32 bit ('feat1_load_1', ../hls_files/conv_pool.cpp:187) on array 'feat1' [95]  (2.772 ns)
	'sparsemux' operation 32 bit ('m1', ../hls_files/conv_pool.cpp:187) [99]  (1.374 ns)

 <State 6>: 4.247ns
The critical path consists of the following:
	'fcmp' operation 1 bit ('tmp_s', ../hls_files/conv_pool.cpp:190) [123]  (4.247 ns)

 <State 7>: 5.820ns
The critical path consists of the following:
	'fcmp' operation 1 bit ('tmp_s', ../hls_files/conv_pool.cpp:190) [123]  (4.247 ns)
	'and' operation 1 bit ('and_ln190_1', ../hls_files/conv_pool.cpp:190) [124]  (0.800 ns)
	'select' operation 32 bit ('mx', ../hls_files/conv_pool.cpp:190) [125]  (0.773 ns)

 <State 8>: 5.820ns
The critical path consists of the following:
	'fcmp' operation 1 bit ('tmp_3', ../hls_files/conv_pool.cpp:191) [139]  (4.247 ns)
	'and' operation 1 bit ('and_ln191_1', ../hls_files/conv_pool.cpp:191) [140]  (0.800 ns)
	'select' operation 32 bit ('my', ../hls_files/conv_pool.cpp:191) [141]  (0.773 ns)

 <State 9>: 0.000ns
The critical path consists of the following:

 <State 10>: 1.380ns
The critical path consists of the following:
	'mul' operation 15 bit of DSP[48] ('mul_ln192', ../hls_files/conv_pool.cpp:192) [40]  (1.380 ns)

 <State 11>: 4.247ns
The critical path consists of the following:
	'fcmp' operation 1 bit ('tmp_6', ../hls_files/conv_pool.cpp:192) [155]  (4.247 ns)

 <State 12>: 5.820ns
The critical path consists of the following:
	'fcmp' operation 1 bit ('tmp_6', ../hls_files/conv_pool.cpp:192) [155]  (4.247 ns)
	'and' operation 1 bit ('and_ln192_1', ../hls_files/conv_pool.cpp:192) [156]  (0.800 ns)
	'select' operation 32 bit ('select_ln192', ../hls_files/conv_pool.cpp:192) [157]  (0.773 ns)

 <State 13>: 4.532ns
The critical path consists of the following:
	'add' operation 15 bit of DSP[48] ('add_ln192', ../hls_files/conv_pool.cpp:192) [48]  (1.760 ns)
	'getelementptr' operation 16 bit ('feat1_p_6_addr', ../hls_files/conv_pool.cpp:192) [87]  (0.000 ns)
	'store' operation 0 bit ('store_ln192', ../hls_files/conv_pool.cpp:192) of variable 'select_ln192', ../hls_files/conv_pool.cpp:192 on array 'feat1_p_6' [161]  (2.772 ns)


============================================================
+ Verbose Summary: Binding
============================================================
N/A
* FSMD analyzer results:
  - Output states:
 - Input state : 
  - Chain level:
	State 1
	State 2
	State 3
	State 4
	State 5
	State 6
	State 7
	State 8
	State 9
	State 10
	State 11
	State 12
	State 13


============================================================
+ Verbose Summary: Datapath Resource usage 
============================================================
N/A
