

================================================================
== Vitis HLS Report for 'pool2'
================================================================
* Date:           Tue Jul  8 02:25:42 2025

* Version:        2025.1 (Build 6135595 on May 21 2025)
* Project:        cnn_accel
* Solution:       hls (Vivado IP Flow Target)
* Product family: artix7
* Target device:  xc7a100t-fgg484-2L


================================================================
== Performance Estimates
================================================================
+ Timing: 
    * Summary: 
    +--------+----------+----------+------------+
    |  Clock |  Target  | Estimated| Uncertainty|
    +--------+----------+----------+------------+
    |ap_clk  |  10.00 ns|  7.065 ns|     2.70 ns|
    +--------+----------+----------+------------+

+ Latency: 
    * Summary: 
    +---------+---------+----------+----------+--------+--------+------------------------------------------------+
    |  Latency (cycles) |  Latency (absolute) |     Interval    |                    Pipeline                    |
    |   min   |   max   |    min   |    max   |   min  |   max  |                      Type                      |
    +---------+---------+----------+----------+--------+--------+------------------------------------------------+
    |   217162|   217162|  2.172 ms|  2.172 ms|  217155|  217155|  loop auto-rewind stp (delay=0 clock cycles(s))|
    +---------+---------+----------+----------+--------+--------+------------------------------------------------+

    + Detail: 
        * Instance: 
        N/A

        * Loop: 
        +--------------------------------+---------+---------+----------+-----------+-----------+-------+----------+
        |                                |  Latency (cycles) | Iteration|  Initiation Interval  |  Trip |          |
        |            Loop Name           |   min   |   max   |  Latency |  achieved |   target  | Count | Pipelined|
        +--------------------------------+---------+---------+----------+-----------+-----------+-------+----------+
        |- POOL2_ROW_POOL2_COL_POOL2_CH  |   217160|   217160|        12|          3|          3|  72384|       yes|
        +--------------------------------+---------+---------+----------+-----------+-----------+-------+----------+

============================================================
+ Verbose Summary: Synthesis Manager
============================================================
InlineROM: 1
ExposeGlobal: 0
============================================================
+ Verbose Summary: CDFG Model
============================================================
IsTopModel: 0
ResetActiveHigh: 1
IsCombinational: 0
IsDatapathOnly: 0
HasWiredReturn: 1
HasMFsm: 2
HasVarLatency: 1
IsPipeline: 0
IsRtlPipelined: 0
IsInstanceOverlapped: 0
IsDontTouch: 0
HasImplIP: 0
IsGatedGlobalClock: 0

+ Individual pipeline summary: 
  * Pipeline-0: initiation interval (II) = 3, depth = 13


============================================================
+ Verbose Summary: Schedule
============================================================
* Number of FSM states : 13
* Pipeline : 1
  Pipeline-0 : II = 3, D = 13, States = { 1 2 3 4 5 6 7 8 9 10 11 12 13 }
* Dataflow Pipeline: 0

* FSM state transitions: 
1 --> 2 
2 --> 3 
3 --> 4 
4 --> 5 
5 --> 6 
6 --> 7 
7 --> 8 
8 --> 9 
9 --> 10 
10 --> 11 
11 --> 12 
12 --> 13 
13 --> 

* FSM state operations: 

State 1 <SV = 0> <Delay = 1.32>
ST_1 : Operation 15 [1/1] (0.00ns)   --->   "%m = alloca i32 1" [../hls_files/conv_pool.cpp:288]   --->   Operation 15 'alloca' 'm' <Predicate = true> <Delay = 0.00>
ST_1 : Operation 16 [1/1] (0.00ns)   --->   "%j = alloca i32 1" [../hls_files/conv_pool.cpp:287]   --->   Operation 16 'alloca' 'j' <Predicate = true> <Delay = 0.00>
ST_1 : Operation 17 [1/1] (0.00ns)   --->   "%indvar_flatten = alloca i32 1"   --->   Operation 17 'alloca' 'indvar_flatten' <Predicate = true> <Delay = 0.00>
ST_1 : Operation 18 [1/1] (0.00ns)   --->   "%i = alloca i32 1" [../hls_files/conv_pool.cpp:286]   --->   Operation 18 'alloca' 'i' <Predicate = true> <Delay = 0.00>
ST_1 : Operation 19 [1/1] (0.00ns)   --->   "%indvar_flatten12 = alloca i32 1"   --->   Operation 19 'alloca' 'indvar_flatten12' <Predicate = true> <Delay = 0.00>
ST_1 : Operation 20 [1/1] (1.32ns)   --->   "%store_ln0 = store i17 0, i17 %indvar_flatten12"   --->   Operation 20 'store' 'store_ln0' <Predicate = true> <Delay = 1.32>
ST_1 : Operation 21 [1/1] (1.32ns)   --->   "%store_ln286 = store i6 0, i6 %i" [../hls_files/conv_pool.cpp:286]   --->   Operation 21 'store' 'store_ln286' <Predicate = true> <Delay = 1.32>
ST_1 : Operation 22 [1/1] (1.32ns)   --->   "%store_ln0 = store i12 0, i12 %indvar_flatten"   --->   Operation 22 'store' 'store_ln0' <Predicate = true> <Delay = 1.32>
ST_1 : Operation 23 [1/1] (1.32ns)   --->   "%store_ln287 = store i7 0, i7 %j" [../hls_files/conv_pool.cpp:287]   --->   Operation 23 'store' 'store_ln287' <Predicate = true> <Delay = 1.32>
ST_1 : Operation 24 [1/1] (1.32ns)   --->   "%store_ln288 = store i5 0, i5 %m" [../hls_files/conv_pool.cpp:288]   --->   Operation 24 'store' 'store_ln288' <Predicate = true> <Delay = 1.32>
ST_1 : Operation 25 [1/1] (0.00ns)   --->   "%br_ln286 = br void %for.body8.i" [../hls_files/conv_pool.cpp:286]   --->   Operation 25 'br' 'br_ln286' <Predicate = true> <Delay = 0.00>

State 2 <SV = 1> <Delay = 5.90>
ST_2 : Operation 26 [1/1] (0.00ns)   --->   "%indvar_flatten_load = load i12 %indvar_flatten" [../hls_files/conv_pool.cpp:287]   --->   Operation 26 'load' 'indvar_flatten_load' <Predicate = true> <Delay = 0.00>
ST_2 : Operation 27 [1/1] (0.00ns)   --->   "%indvar_flatten12_load = load i17 %indvar_flatten12" [../hls_files/conv_pool.cpp:286]   --->   Operation 27 'load' 'indvar_flatten12_load' <Predicate = true> <Delay = 0.00>
ST_2 : Operation 28 [1/1] (1.86ns)   --->   "%icmp_ln286 = icmp_eq  i17 %indvar_flatten12_load, i17 72384" [../hls_files/conv_pool.cpp:286]   --->   Operation 28 'icmp' 'icmp_ln286' <Predicate = true> <Delay = 1.86> <CoreInst = "Cmp">   --->   Core 9 'Cmp' <Latency = 0> <II = 1> <Delay = 1.86> <FuncUnit> <Opcode : 'seteq' 'setne' 'setle' 'setge' 'setlt' 'setgt'> <InPorts = 2> <OutPorts = 1>
ST_2 : Operation 29 [1/1] (1.86ns)   --->   "%add_ln286_1 = add i17 %indvar_flatten12_load, i17 1" [../hls_files/conv_pool.cpp:286]   --->   Operation 29 'add' 'add_ln286_1' <Predicate = true> <Delay = 1.86> <CoreInst = "Adder">   --->   Core 1 'Adder' <Latency = 0> <II = 1> <Delay = 1.86> <FuncUnit> <Opcode : 'add' 'sub'> <InPorts = 2> <OutPorts = 1>
ST_2 : Operation 30 [1/1] (0.00ns)   --->   "%br_ln286 = br i1 %icmp_ln286, void %for.inc61.i, void %pool2.exit" [../hls_files/conv_pool.cpp:286]   --->   Operation 30 'br' 'br_ln286' <Predicate = true> <Delay = 0.00>
ST_2 : Operation 31 [1/1] (0.00ns)   --->   "%m_load = load i5 %m" [../hls_files/conv_pool.cpp:288]   --->   Operation 31 'load' 'm_load' <Predicate = (!icmp_ln286)> <Delay = 0.00>
ST_2 : Operation 32 [1/1] (0.00ns)   --->   "%j_load = load i7 %j" [../hls_files/conv_pool.cpp:286]   --->   Operation 32 'load' 'j_load' <Predicate = (!icmp_ln286)> <Delay = 0.00>
ST_2 : Operation 33 [1/1] (0.00ns)   --->   "%i_load = load i6 %i" [../hls_files/conv_pool.cpp:286]   --->   Operation 33 'load' 'i_load' <Predicate = (!icmp_ln286)> <Delay = 0.00>
ST_2 : Operation 34 [1/1] (1.60ns)   --->   "%add_ln286 = add i6 %i_load, i6 1" [../hls_files/conv_pool.cpp:286]   --->   Operation 34 'add' 'add_ln286' <Predicate = (!icmp_ln286)> <Delay = 1.60> <CoreInst = "Adder">   --->   Core 1 'Adder' <Latency = 0> <II = 1> <Delay = 1.60> <FuncUnit> <Opcode : 'add' 'sub'> <InPorts = 2> <OutPorts = 1>
ST_2 : Operation 35 [1/1] (1.77ns)   --->   "%icmp_ln287 = icmp_eq  i12 %indvar_flatten_load, i12 1248" [../hls_files/conv_pool.cpp:287]   --->   Operation 35 'icmp' 'icmp_ln287' <Predicate = (!icmp_ln286)> <Delay = 1.77> <CoreInst = "Cmp">   --->   Core 9 'Cmp' <Latency = 0> <II = 1> <Delay = 1.77> <FuncUnit> <Opcode : 'seteq' 'setne' 'setle' 'setge' 'setlt' 'setgt'> <InPorts = 2> <OutPorts = 1>
ST_2 : Operation 36 [1/1] (0.80ns)   --->   "%select_ln286 = select i1 %icmp_ln287, i7 0, i7 %j_load" [../hls_files/conv_pool.cpp:286]   --->   Operation 36 'select' 'select_ln286' <Predicate = (!icmp_ln286)> <Delay = 0.80> <CoreInst = "Sel">   --->   Core 73 'Sel' <Latency = 0> <II = 1> <Delay = 0.80> <FuncUnit> <Opcode : 'select'> <InPorts = 3> <OutPorts = 1>
ST_2 : Operation 37 [1/1] (1.54ns)   --->   "%icmp_ln288 = icmp_eq  i5 %m_load, i5 16" [../hls_files/conv_pool.cpp:288]   --->   Operation 37 'icmp' 'icmp_ln288' <Predicate = (!icmp_ln286)> <Delay = 1.54> <CoreInst = "Cmp">   --->   Core 9 'Cmp' <Latency = 0> <II = 1> <Delay = 1.54> <FuncUnit> <Opcode : 'seteq' 'setne' 'setle' 'setge' 'setlt' 'setgt'> <InPorts = 2> <OutPorts = 1>
ST_2 : Operation 38 [1/1] (0.58ns)   --->   "%select_ln286_1 = select i1 %icmp_ln287, i6 %add_ln286, i6 %i_load" [../hls_files/conv_pool.cpp:286]   --->   Operation 38 'select' 'select_ln286_1' <Predicate = (!icmp_ln286)> <Delay = 0.58> <CoreInst = "Sel">   --->   Core 73 'Sel' <Latency = 0> <II = 1> <Delay = 0.58> <FuncUnit> <Opcode : 'select'> <InPorts = 3> <OutPorts = 1>
ST_2 : Operation 39 [1/1] (0.00ns)   --->   "%tmp_9 = bitconcatenate i7 @_ssdm_op_BitConcatenate.i7.i6.i1, i6 %select_ln286_1, i1 0" [../hls_files/conv_pool.cpp:286]   --->   Operation 39 'bitconcatenate' 'tmp_9' <Predicate = (!icmp_ln286)> <Delay = 0.00>
ST_2 : Operation 40 [1/1] (0.00ns)   --->   "%zext_ln290 = zext i7 %tmp_9" [../hls_files/conv_pool.cpp:290]   --->   Operation 40 'zext' 'zext_ln290' <Predicate = (!icmp_ln286)> <Delay = 0.00>
ST_2 : Operation 41 [1/1] (3.54ns)   --->   "%mul_ln290 = mul i15 %zext_ln290, i15 157" [../hls_files/conv_pool.cpp:290]   --->   Operation 41 'mul' 'mul_ln290' <Predicate = (!icmp_ln286)> <Delay = 3.54> <CoreInst = "Multiplier">   --->   Core 3 'Multiplier' <Latency = 0> <II = 1> <Delay = 3.54> <FuncUnit> <Opcode : 'mul'> <InPorts = 2> <OutPorts = 1>
ST_2 : Operation 42 [1/1] (1.77ns)   --->   "%add_ln287_1 = add i12 %indvar_flatten_load, i12 1" [../hls_files/conv_pool.cpp:287]   --->   Operation 42 'add' 'add_ln287_1' <Predicate = (!icmp_ln286)> <Delay = 1.77> <CoreInst = "Adder">   --->   Core 1 'Adder' <Latency = 0> <II = 1> <Delay = 1.77> <FuncUnit> <Opcode : 'add' 'sub'> <InPorts = 2> <OutPorts = 1>
ST_2 : Operation 43 [1/1] (0.59ns)   --->   "%select_ln287_1 = select i1 %icmp_ln287, i12 1, i12 %add_ln287_1" [../hls_files/conv_pool.cpp:287]   --->   Operation 43 'select' 'select_ln287_1' <Predicate = (!icmp_ln286)> <Delay = 0.59> <CoreInst = "Sel">   --->   Core 73 'Sel' <Latency = 0> <II = 1> <Delay = 0.59> <FuncUnit> <Opcode : 'select'> <InPorts = 3> <OutPorts = 1>
ST_2 : Operation 44 [1/1] (1.32ns)   --->   "%store_ln286 = store i17 %add_ln286_1, i17 %indvar_flatten12" [../hls_files/conv_pool.cpp:286]   --->   Operation 44 'store' 'store_ln286' <Predicate = (!icmp_ln286)> <Delay = 1.32>
ST_2 : Operation 45 [1/1] (1.32ns)   --->   "%store_ln286 = store i6 %select_ln286_1, i6 %i" [../hls_files/conv_pool.cpp:286]   --->   Operation 45 'store' 'store_ln286' <Predicate = (!icmp_ln286)> <Delay = 1.32>
ST_2 : Operation 46 [1/1] (1.32ns)   --->   "%store_ln287 = store i12 %select_ln287_1, i12 %indvar_flatten" [../hls_files/conv_pool.cpp:287]   --->   Operation 46 'store' 'store_ln287' <Predicate = (!icmp_ln286)> <Delay = 1.32>

State 3 <SV = 2> <Delay = 7.06>
ST_3 : Operation 47 [1/1] (0.00ns) (grouped into LUT with out node and_ln286)   --->   "%xor_ln286 = xor i1 %icmp_ln287, i1 1" [../hls_files/conv_pool.cpp:286]   --->   Operation 47 'xor' 'xor_ln286' <Predicate = (!icmp_ln286)> <Delay = 0.00> <CoreInst = "LogicGate">   --->   Core 74 'LogicGate' <Latency = 0> <II = 1> <Delay = 0.80> <FuncUnit> <Opcode : 'and' 'or' 'xor'> <InPorts = 2> <OutPorts = 1>
ST_3 : Operation 48 [1/1] (0.80ns) (out node of the LUT)   --->   "%and_ln286 = and i1 %icmp_ln288, i1 %xor_ln286" [../hls_files/conv_pool.cpp:286]   --->   Operation 48 'and' 'and_ln286' <Predicate = (!icmp_ln286)> <Delay = 0.80> <CoreInst = "LogicGate">   --->   Core 74 'LogicGate' <Latency = 0> <II = 1> <Delay = 0.80> <FuncUnit> <Opcode : 'and' 'or' 'xor'> <InPorts = 2> <OutPorts = 1>
ST_3 : Operation 49 [1/1] (1.66ns)   --->   "%add_ln287 = add i7 %select_ln286, i7 1" [../hls_files/conv_pool.cpp:287]   --->   Operation 49 'add' 'add_ln287' <Predicate = (!icmp_ln286)> <Delay = 1.66> <CoreInst = "Adder">   --->   Core 1 'Adder' <Latency = 0> <II = 1> <Delay = 1.66> <FuncUnit> <Opcode : 'add' 'sub'> <InPorts = 2> <OutPorts = 1>
ST_3 : Operation 50 [1/1] (0.00ns) (grouped into LUT with out node m_mid2)   --->   "%empty = or i1 %and_ln286, i1 %icmp_ln287" [../hls_files/conv_pool.cpp:286]   --->   Operation 50 'or' 'empty' <Predicate = (!icmp_ln286)> <Delay = 0.00> <CoreInst = "LogicGate">   --->   Core 74 'LogicGate' <Latency = 0> <II = 1> <Delay = 0.80> <FuncUnit> <Opcode : 'and' 'or' 'xor'> <InPorts = 2> <OutPorts = 1>
ST_3 : Operation 51 [1/1] (0.98ns) (out node of the LUT)   --->   "%m_mid2 = select i1 %empty, i5 0, i5 %m_load" [../hls_files/conv_pool.cpp:286]   --->   Operation 51 'select' 'm_mid2' <Predicate = (!icmp_ln286)> <Delay = 0.98> <CoreInst = "Sel">   --->   Core 73 'Sel' <Latency = 0> <II = 1> <Delay = 0.98> <FuncUnit> <Opcode : 'select'> <InPorts = 3> <OutPorts = 1>
ST_3 : Operation 52 [1/1] (0.80ns)   --->   "%select_ln287 = select i1 %and_ln286, i7 %add_ln287, i7 %select_ln286" [../hls_files/conv_pool.cpp:287]   --->   Operation 52 'select' 'select_ln287' <Predicate = (!icmp_ln286)> <Delay = 0.80> <CoreInst = "Sel">   --->   Core 73 'Sel' <Latency = 0> <II = 1> <Delay = 0.80> <FuncUnit> <Opcode : 'select'> <InPorts = 3> <OutPorts = 1>
ST_3 : Operation 53 [1/1] (0.00ns)   --->   "%tmp_s = bitconcatenate i7 @_ssdm_op_BitConcatenate.i7.i6.i1, i6 %select_ln286_1, i1 1" [../hls_files/conv_pool.cpp:286]   --->   Operation 53 'bitconcatenate' 'tmp_s' <Predicate = (!icmp_ln286)> <Delay = 0.00>
ST_3 : Operation 54 [1/1] (0.00ns)   --->   "%zext_ln291 = zext i7 %tmp_s" [../hls_files/conv_pool.cpp:291]   --->   Operation 54 'zext' 'zext_ln291' <Predicate = (!icmp_ln286)> <Delay = 0.00>
ST_3 : Operation 55 [1/1] (3.54ns)   --->   "%mul_ln291 = mul i15 %zext_ln291, i15 157" [../hls_files/conv_pool.cpp:291]   --->   Operation 55 'mul' 'mul_ln291' <Predicate = (!icmp_ln286)> <Delay = 3.54> <CoreInst = "Multiplier">   --->   Core 3 'Multiplier' <Latency = 0> <II = 1> <Delay = 3.54> <FuncUnit> <Opcode : 'mul'> <InPorts = 2> <OutPorts = 1>
ST_3 : Operation 56 [1/1] (0.00ns)   --->   "%tmp_10 = bitconcatenate i8 @_ssdm_op_BitConcatenate.i8.i7.i1, i7 %select_ln287, i1 0" [../hls_files/conv_pool.cpp:287]   --->   Operation 56 'bitconcatenate' 'tmp_10' <Predicate = (!icmp_ln286)> <Delay = 0.00>
ST_3 : Operation 57 [1/1] (0.00ns)   --->   "%zext_ln290_1 = zext i8 %tmp_10" [../hls_files/conv_pool.cpp:290]   --->   Operation 57 'zext' 'zext_ln290_1' <Predicate = (!icmp_ln286)> <Delay = 0.00>
ST_3 : Operation 58 [1/1] (1.82ns)   --->   "%add_ln290 = add i15 %mul_ln290, i15 %zext_ln290_1" [../hls_files/conv_pool.cpp:290]   --->   Operation 58 'add' 'add_ln290' <Predicate = (!icmp_ln286)> <Delay = 1.82> <CoreInst = "Adder">   --->   Core 1 'Adder' <Latency = 0> <II = 1> <Delay = 1.82> <FuncUnit> <Opcode : 'add' 'sub'> <InPorts = 2> <OutPorts = 1>
ST_3 : Operation 59 [1/1] (1.82ns)   --->   "%add_ln291 = add i15 %mul_ln291, i15 %zext_ln290_1" [../hls_files/conv_pool.cpp:291]   --->   Operation 59 'add' 'add_ln291' <Predicate = (!icmp_ln286)> <Delay = 1.82> <CoreInst = "Adder">   --->   Core 1 'Adder' <Latency = 0> <II = 1> <Delay = 1.82> <FuncUnit> <Opcode : 'add' 'sub'> <InPorts = 2> <OutPorts = 1>
ST_3 : Operation 60 [1/1] (0.00ns)   --->   "%tmp_11 = bitconcatenate i8 @_ssdm_op_BitConcatenate.i8.i7.i1, i7 %select_ln287, i1 1" [../hls_files/conv_pool.cpp:287]   --->   Operation 60 'bitconcatenate' 'tmp_11' <Predicate = (!icmp_ln286)> <Delay = 0.00>
ST_3 : Operation 61 [1/1] (0.00ns)   --->   "%zext_ln292 = zext i8 %tmp_11" [../hls_files/conv_pool.cpp:292]   --->   Operation 61 'zext' 'zext_ln292' <Predicate = (!icmp_ln286)> <Delay = 0.00>
ST_3 : Operation 62 [1/1] (1.82ns)   --->   "%add_ln292 = add i15 %mul_ln290, i15 %zext_ln292" [../hls_files/conv_pool.cpp:292]   --->   Operation 62 'add' 'add_ln292' <Predicate = (!icmp_ln286)> <Delay = 1.82> <CoreInst = "Adder">   --->   Core 1 'Adder' <Latency = 0> <II = 1> <Delay = 1.82> <FuncUnit> <Opcode : 'add' 'sub'> <InPorts = 2> <OutPorts = 1>
ST_3 : Operation 63 [1/1] (1.82ns)   --->   "%add_ln293 = add i15 %mul_ln291, i15 %zext_ln292" [../hls_files/conv_pool.cpp:293]   --->   Operation 63 'add' 'add_ln293' <Predicate = (!icmp_ln286)> <Delay = 1.82> <CoreInst = "Adder">   --->   Core 1 'Adder' <Latency = 0> <II = 1> <Delay = 1.82> <FuncUnit> <Opcode : 'add' 'sub'> <InPorts = 2> <OutPorts = 1>
ST_3 : Operation 64 [1/1] (0.00ns)   --->   "%trunc_ln288 = trunc i5 %m_mid2" [../hls_files/conv_pool.cpp:288]   --->   Operation 64 'trunc' 'trunc_ln288' <Predicate = (!icmp_ln286)> <Delay = 0.00>
ST_3 : Operation 65 [1/1] (0.00ns)   --->   "%tmp_12 = bitconcatenate i17 @_ssdm_op_BitConcatenate.i17.i15.i2, i15 %add_ln290, i2 %trunc_ln288" [../hls_files/conv_pool.cpp:290]   --->   Operation 65 'bitconcatenate' 'tmp_12' <Predicate = (!icmp_ln286)> <Delay = 0.00>
ST_3 : Operation 66 [1/1] (0.00ns)   --->   "%zext_ln290_2 = zext i17 %tmp_12" [../hls_files/conv_pool.cpp:290]   --->   Operation 66 'zext' 'zext_ln290_2' <Predicate = (!icmp_ln286)> <Delay = 0.00>
ST_3 : Operation 67 [1/1] (0.00ns)   --->   "%feat2_addr = getelementptr i32 %feat2, i64 0, i64 %zext_ln290_2" [../hls_files/conv_pool.cpp:290]   --->   Operation 67 'getelementptr' 'feat2_addr' <Predicate = (!icmp_ln286)> <Delay = 0.00>
ST_3 : Operation 68 [1/1] (0.00ns)   --->   "%tmp_14 = bitconcatenate i17 @_ssdm_op_BitConcatenate.i17.i15.i2, i15 %add_ln292, i2 %trunc_ln288" [../hls_files/conv_pool.cpp:292]   --->   Operation 68 'bitconcatenate' 'tmp_14' <Predicate = (!icmp_ln286)> <Delay = 0.00>
ST_3 : Operation 69 [1/1] (0.00ns)   --->   "%zext_ln292_1 = zext i17 %tmp_14" [../hls_files/conv_pool.cpp:292]   --->   Operation 69 'zext' 'zext_ln292_1' <Predicate = (!icmp_ln286)> <Delay = 0.00>
ST_3 : Operation 70 [1/1] (0.00ns)   --->   "%feat2_addr_2 = getelementptr i32 %feat2, i64 0, i64 %zext_ln292_1" [../hls_files/conv_pool.cpp:292]   --->   Operation 70 'getelementptr' 'feat2_addr_2' <Predicate = (!icmp_ln286)> <Delay = 0.00>
ST_3 : Operation 71 [1/1] (0.00ns)   --->   "%feat2_67_addr = getelementptr i32 %feat2_67, i64 0, i64 %zext_ln290_2" [../hls_files/conv_pool.cpp:290]   --->   Operation 71 'getelementptr' 'feat2_67_addr' <Predicate = (!icmp_ln286)> <Delay = 0.00>
ST_3 : Operation 72 [1/1] (0.00ns)   --->   "%feat2_67_addr_2 = getelementptr i32 %feat2_67, i64 0, i64 %zext_ln292_1" [../hls_files/conv_pool.cpp:292]   --->   Operation 72 'getelementptr' 'feat2_67_addr_2' <Predicate = (!icmp_ln286)> <Delay = 0.00>
ST_3 : Operation 73 [1/1] (0.00ns)   --->   "%feat2_68_addr = getelementptr i32 %feat2_68, i64 0, i64 %zext_ln290_2" [../hls_files/conv_pool.cpp:290]   --->   Operation 73 'getelementptr' 'feat2_68_addr' <Predicate = (!icmp_ln286)> <Delay = 0.00>
ST_3 : Operation 74 [1/1] (0.00ns)   --->   "%feat2_68_addr_2 = getelementptr i32 %feat2_68, i64 0, i64 %zext_ln292_1" [../hls_files/conv_pool.cpp:292]   --->   Operation 74 'getelementptr' 'feat2_68_addr_2' <Predicate = (!icmp_ln286)> <Delay = 0.00>
ST_3 : Operation 75 [1/1] (0.00ns)   --->   "%feat2_69_addr = getelementptr i32 %feat2_69, i64 0, i64 %zext_ln290_2" [../hls_files/conv_pool.cpp:290]   --->   Operation 75 'getelementptr' 'feat2_69_addr' <Predicate = (!icmp_ln286)> <Delay = 0.00>
ST_3 : Operation 76 [1/1] (0.00ns)   --->   "%feat2_69_addr_2 = getelementptr i32 %feat2_69, i64 0, i64 %zext_ln292_1" [../hls_files/conv_pool.cpp:292]   --->   Operation 76 'getelementptr' 'feat2_69_addr_2' <Predicate = (!icmp_ln286)> <Delay = 0.00>
ST_3 : Operation 77 [1/1] (0.00ns)   --->   "%trunc_ln288_3 = partselect i2 @_ssdm_op_PartSelect.i2.i5.i32.i32, i5 %m_mid2, i32 2, i32 3" [../hls_files/conv_pool.cpp:288]   --->   Operation 77 'partselect' 'trunc_ln288_3' <Predicate = (!icmp_ln286)> <Delay = 0.00>
ST_3 : Operation 78 [2/2] (2.77ns)   --->   "%feat2_load = load i17 %feat2_addr" [../hls_files/conv_pool.cpp:290]   --->   Operation 78 'load' 'feat2_load' <Predicate = (!icmp_ln286)> <Delay = 2.77> <CoreInst = "RAM">   --->   Core 81 'RAM' <Latency = 1> <II = 1> <Delay = 2.77> <Storage> <Opcode : 'load' 'store'> <Ports = 2> <Width = 32> <Depth = 73476> <RAM>
ST_3 : Operation 79 [2/2] (2.77ns)   --->   "%feat2_67_load = load i17 %feat2_67_addr" [../hls_files/conv_pool.cpp:290]   --->   Operation 79 'load' 'feat2_67_load' <Predicate = (!icmp_ln286)> <Delay = 2.77> <CoreInst = "RAM">   --->   Core 81 'RAM' <Latency = 1> <II = 1> <Delay = 2.77> <Storage> <Opcode : 'load' 'store'> <Ports = 2> <Width = 32> <Depth = 73476> <RAM>
ST_3 : Operation 80 [2/2] (2.77ns)   --->   "%feat2_68_load = load i17 %feat2_68_addr" [../hls_files/conv_pool.cpp:290]   --->   Operation 80 'load' 'feat2_68_load' <Predicate = (!icmp_ln286)> <Delay = 2.77> <CoreInst = "RAM">   --->   Core 81 'RAM' <Latency = 1> <II = 1> <Delay = 2.77> <Storage> <Opcode : 'load' 'store'> <Ports = 2> <Width = 32> <Depth = 73476> <RAM>
ST_3 : Operation 81 [2/2] (2.77ns)   --->   "%feat2_69_load = load i17 %feat2_69_addr" [../hls_files/conv_pool.cpp:290]   --->   Operation 81 'load' 'feat2_69_load' <Predicate = (!icmp_ln286)> <Delay = 2.77> <CoreInst = "RAM">   --->   Core 81 'RAM' <Latency = 1> <II = 1> <Delay = 2.77> <Storage> <Opcode : 'load' 'store'> <Ports = 2> <Width = 32> <Depth = 73476> <RAM>
ST_3 : Operation 82 [2/2] (2.77ns)   --->   "%feat2_load_2 = load i17 %feat2_addr_2" [../hls_files/conv_pool.cpp:292]   --->   Operation 82 'load' 'feat2_load_2' <Predicate = (!icmp_ln286)> <Delay = 2.77> <CoreInst = "RAM">   --->   Core 81 'RAM' <Latency = 1> <II = 1> <Delay = 2.77> <Storage> <Opcode : 'load' 'store'> <Ports = 2> <Width = 32> <Depth = 73476> <RAM>
ST_3 : Operation 83 [2/2] (2.77ns)   --->   "%feat2_67_load_2 = load i17 %feat2_67_addr_2" [../hls_files/conv_pool.cpp:292]   --->   Operation 83 'load' 'feat2_67_load_2' <Predicate = (!icmp_ln286)> <Delay = 2.77> <CoreInst = "RAM">   --->   Core 81 'RAM' <Latency = 1> <II = 1> <Delay = 2.77> <Storage> <Opcode : 'load' 'store'> <Ports = 2> <Width = 32> <Depth = 73476> <RAM>
ST_3 : Operation 84 [2/2] (2.77ns)   --->   "%feat2_68_load_2 = load i17 %feat2_68_addr_2" [../hls_files/conv_pool.cpp:292]   --->   Operation 84 'load' 'feat2_68_load_2' <Predicate = (!icmp_ln286)> <Delay = 2.77> <CoreInst = "RAM">   --->   Core 81 'RAM' <Latency = 1> <II = 1> <Delay = 2.77> <Storage> <Opcode : 'load' 'store'> <Ports = 2> <Width = 32> <Depth = 73476> <RAM>
ST_3 : Operation 85 [2/2] (2.77ns)   --->   "%feat2_69_load_2 = load i17 %feat2_69_addr_2" [../hls_files/conv_pool.cpp:292]   --->   Operation 85 'load' 'feat2_69_load_2' <Predicate = (!icmp_ln286)> <Delay = 2.77> <CoreInst = "RAM">   --->   Core 81 'RAM' <Latency = 1> <II = 1> <Delay = 2.77> <Storage> <Opcode : 'load' 'store'> <Ports = 2> <Width = 32> <Depth = 73476> <RAM>
ST_3 : Operation 86 [1/1] (1.20ns)   --->   "%switch_ln296 = switch i2 %trunc_ln288_3, void %arrayidx571015.case.3.i, i2 0, void %arrayidx571015.case.0.i, i2 1, void %arrayidx571015.case.1.i, i2 2, void %arrayidx571015.case.2.i" [../hls_files/conv_pool.cpp:296]   --->   Operation 86 'switch' 'switch_ln296' <Predicate = (!icmp_ln286)> <Delay = 1.20>
ST_3 : Operation 87 [1/1] (1.54ns)   --->   "%add_ln288 = add i5 %m_mid2, i5 1" [../hls_files/conv_pool.cpp:288]   --->   Operation 87 'add' 'add_ln288' <Predicate = (!icmp_ln286)> <Delay = 1.54> <CoreInst = "Adder">   --->   Core 1 'Adder' <Latency = 0> <II = 1> <Delay = 1.54> <FuncUnit> <Opcode : 'add' 'sub'> <InPorts = 2> <OutPorts = 1>
ST_3 : Operation 88 [1/1] (1.32ns)   --->   "%store_ln287 = store i7 %select_ln287, i7 %j" [../hls_files/conv_pool.cpp:287]   --->   Operation 88 'store' 'store_ln287' <Predicate = (!icmp_ln286)> <Delay = 1.32>
ST_3 : Operation 89 [1/1] (1.32ns)   --->   "%store_ln288 = store i5 %add_ln288, i5 %m" [../hls_files/conv_pool.cpp:288]   --->   Operation 89 'store' 'store_ln288' <Predicate = (!icmp_ln286)> <Delay = 1.32>
ST_3 : Operation 90 [1/1] (0.00ns)   --->   "%br_ln288 = br void %for.body8.i" [../hls_files/conv_pool.cpp:288]   --->   Operation 90 'br' 'br_ln288' <Predicate = (!icmp_ln286)> <Delay = 0.00>

State 4 <SV = 3> <Delay = 4.14>
ST_4 : Operation 91 [1/1] (0.00ns)   --->   "%tmp_13 = bitconcatenate i17 @_ssdm_op_BitConcatenate.i17.i15.i2, i15 %add_ln291, i2 %trunc_ln288" [../hls_files/conv_pool.cpp:291]   --->   Operation 91 'bitconcatenate' 'tmp_13' <Predicate = (!icmp_ln286)> <Delay = 0.00>
ST_4 : Operation 92 [1/1] (0.00ns)   --->   "%zext_ln291_1 = zext i17 %tmp_13" [../hls_files/conv_pool.cpp:291]   --->   Operation 92 'zext' 'zext_ln291_1' <Predicate = (!icmp_ln286)> <Delay = 0.00>
ST_4 : Operation 93 [1/1] (0.00ns)   --->   "%feat2_addr_1 = getelementptr i32 %feat2, i64 0, i64 %zext_ln291_1" [../hls_files/conv_pool.cpp:291]   --->   Operation 93 'getelementptr' 'feat2_addr_1' <Predicate = (!icmp_ln286 & trunc_ln288_3 == 0)> <Delay = 0.00>
ST_4 : Operation 94 [1/1] (0.00ns)   --->   "%tmp_15 = bitconcatenate i17 @_ssdm_op_BitConcatenate.i17.i15.i2, i15 %add_ln293, i2 %trunc_ln288" [../hls_files/conv_pool.cpp:293]   --->   Operation 94 'bitconcatenate' 'tmp_15' <Predicate = (!icmp_ln286)> <Delay = 0.00>
ST_4 : Operation 95 [1/1] (0.00ns)   --->   "%zext_ln293 = zext i17 %tmp_15" [../hls_files/conv_pool.cpp:293]   --->   Operation 95 'zext' 'zext_ln293' <Predicate = (!icmp_ln286)> <Delay = 0.00>
ST_4 : Operation 96 [1/1] (0.00ns)   --->   "%feat2_addr_3 = getelementptr i32 %feat2, i64 0, i64 %zext_ln293" [../hls_files/conv_pool.cpp:293]   --->   Operation 96 'getelementptr' 'feat2_addr_3' <Predicate = (!icmp_ln286 & trunc_ln288_3 == 0)> <Delay = 0.00>
ST_4 : Operation 97 [1/1] (0.00ns)   --->   "%feat2_67_addr_1 = getelementptr i32 %feat2_67, i64 0, i64 %zext_ln291_1" [../hls_files/conv_pool.cpp:291]   --->   Operation 97 'getelementptr' 'feat2_67_addr_1' <Predicate = (!icmp_ln286 & trunc_ln288_3 == 1)> <Delay = 0.00>
ST_4 : Operation 98 [1/1] (0.00ns)   --->   "%feat2_67_addr_3 = getelementptr i32 %feat2_67, i64 0, i64 %zext_ln293" [../hls_files/conv_pool.cpp:293]   --->   Operation 98 'getelementptr' 'feat2_67_addr_3' <Predicate = (!icmp_ln286 & trunc_ln288_3 == 1)> <Delay = 0.00>
ST_4 : Operation 99 [1/1] (0.00ns)   --->   "%feat2_68_addr_1 = getelementptr i32 %feat2_68, i64 0, i64 %zext_ln291_1" [../hls_files/conv_pool.cpp:291]   --->   Operation 99 'getelementptr' 'feat2_68_addr_1' <Predicate = (!icmp_ln286 & trunc_ln288_3 == 2)> <Delay = 0.00>
ST_4 : Operation 100 [1/1] (0.00ns)   --->   "%feat2_68_addr_3 = getelementptr i32 %feat2_68, i64 0, i64 %zext_ln293" [../hls_files/conv_pool.cpp:293]   --->   Operation 100 'getelementptr' 'feat2_68_addr_3' <Predicate = (!icmp_ln286 & trunc_ln288_3 == 2)> <Delay = 0.00>
ST_4 : Operation 101 [1/1] (0.00ns)   --->   "%feat2_69_addr_1 = getelementptr i32 %feat2_69, i64 0, i64 %zext_ln291_1" [../hls_files/conv_pool.cpp:291]   --->   Operation 101 'getelementptr' 'feat2_69_addr_1' <Predicate = (!icmp_ln286 & trunc_ln288_3 == 3)> <Delay = 0.00>
ST_4 : Operation 102 [1/1] (0.00ns)   --->   "%feat2_69_addr_3 = getelementptr i32 %feat2_69, i64 0, i64 %zext_ln293" [../hls_files/conv_pool.cpp:293]   --->   Operation 102 'getelementptr' 'feat2_69_addr_3' <Predicate = (!icmp_ln286 & trunc_ln288_3 == 3)> <Delay = 0.00>
ST_4 : Operation 103 [1/2] ( I:2.77ns O:2.77ns )   --->   "%feat2_load = load i17 %feat2_addr" [../hls_files/conv_pool.cpp:290]   --->   Operation 103 'load' 'feat2_load' <Predicate = (!icmp_ln286)> <Delay = 2.77> <CoreInst = "RAM">   --->   Core 81 'RAM' <Latency = 1> <II = 1> <Delay = 2.77> <Storage> <Opcode : 'load' 'store'> <Ports = 2> <Width = 32> <Depth = 73476> <RAM>
ST_4 : Operation 104 [1/2] ( I:2.77ns O:2.77ns )   --->   "%feat2_67_load = load i17 %feat2_67_addr" [../hls_files/conv_pool.cpp:290]   --->   Operation 104 'load' 'feat2_67_load' <Predicate = (!icmp_ln286)> <Delay = 2.77> <CoreInst = "RAM">   --->   Core 81 'RAM' <Latency = 1> <II = 1> <Delay = 2.77> <Storage> <Opcode : 'load' 'store'> <Ports = 2> <Width = 32> <Depth = 73476> <RAM>
ST_4 : Operation 105 [1/2] ( I:2.77ns O:2.77ns )   --->   "%feat2_68_load = load i17 %feat2_68_addr" [../hls_files/conv_pool.cpp:290]   --->   Operation 105 'load' 'feat2_68_load' <Predicate = (!icmp_ln286)> <Delay = 2.77> <CoreInst = "RAM">   --->   Core 81 'RAM' <Latency = 1> <II = 1> <Delay = 2.77> <Storage> <Opcode : 'load' 'store'> <Ports = 2> <Width = 32> <Depth = 73476> <RAM>
ST_4 : Operation 106 [1/2] ( I:2.77ns O:2.77ns )   --->   "%feat2_69_load = load i17 %feat2_69_addr" [../hls_files/conv_pool.cpp:290]   --->   Operation 106 'load' 'feat2_69_load' <Predicate = (!icmp_ln286)> <Delay = 2.77> <CoreInst = "RAM">   --->   Core 81 'RAM' <Latency = 1> <II = 1> <Delay = 2.77> <Storage> <Opcode : 'load' 'store'> <Ports = 2> <Width = 32> <Depth = 73476> <RAM>
ST_4 : Operation 107 [1/1] (1.37ns)   --->   "%m0 = sparsemux i32 @_ssdm_op_SparseMux.ap_auto.4float.float.i2, i2 0, i32 %feat2_load, i2 1, i32 %feat2_67_load, i2 2, i32 %feat2_68_load, i2 3, i32 %feat2_69_load, i32 <undef>, i2 %trunc_ln288_3" [../hls_files/conv_pool.cpp:290]   --->   Operation 107 'sparsemux' 'm0' <Predicate = (!icmp_ln286)> <Delay = 1.37> <CoreInst = "BinarySparseMux_DontCare">   --->   Core 137 'BinarySparseMux_DontCare' <Latency = 0> <II = 1> <Delay = 1.37> <FuncUnit> <Opcode : 'sparsemux'> <InPorts = 2> <OutPorts = 1>
ST_4 : Operation 108 [2/2] (2.77ns)   --->   "%feat2_load_1 = load i17 %feat2_addr_1" [../hls_files/conv_pool.cpp:291]   --->   Operation 108 'load' 'feat2_load_1' <Predicate = (!icmp_ln286 & trunc_ln288_3 == 0)> <Delay = 2.77> <CoreInst = "RAM">   --->   Core 81 'RAM' <Latency = 1> <II = 1> <Delay = 2.77> <Storage> <Opcode : 'load' 'store'> <Ports = 2> <Width = 32> <Depth = 73476> <RAM>
ST_4 : Operation 109 [2/2] (2.77ns)   --->   "%feat2_67_load_1 = load i17 %feat2_67_addr_1" [../hls_files/conv_pool.cpp:291]   --->   Operation 109 'load' 'feat2_67_load_1' <Predicate = (!icmp_ln286 & trunc_ln288_3 == 1)> <Delay = 2.77> <CoreInst = "RAM">   --->   Core 81 'RAM' <Latency = 1> <II = 1> <Delay = 2.77> <Storage> <Opcode : 'load' 'store'> <Ports = 2> <Width = 32> <Depth = 73476> <RAM>
ST_4 : Operation 110 [2/2] (2.77ns)   --->   "%feat2_68_load_1 = load i17 %feat2_68_addr_1" [../hls_files/conv_pool.cpp:291]   --->   Operation 110 'load' 'feat2_68_load_1' <Predicate = (!icmp_ln286 & trunc_ln288_3 == 2)> <Delay = 2.77> <CoreInst = "RAM">   --->   Core 81 'RAM' <Latency = 1> <II = 1> <Delay = 2.77> <Storage> <Opcode : 'load' 'store'> <Ports = 2> <Width = 32> <Depth = 73476> <RAM>
ST_4 : Operation 111 [2/2] (2.77ns)   --->   "%feat2_69_load_1 = load i17 %feat2_69_addr_1" [../hls_files/conv_pool.cpp:291]   --->   Operation 111 'load' 'feat2_69_load_1' <Predicate = (!icmp_ln286 & trunc_ln288_3 == 3)> <Delay = 2.77> <CoreInst = "RAM">   --->   Core 81 'RAM' <Latency = 1> <II = 1> <Delay = 2.77> <Storage> <Opcode : 'load' 'store'> <Ports = 2> <Width = 32> <Depth = 73476> <RAM>
ST_4 : Operation 112 [1/2] ( I:2.77ns O:2.77ns )   --->   "%feat2_load_2 = load i17 %feat2_addr_2" [../hls_files/conv_pool.cpp:292]   --->   Operation 112 'load' 'feat2_load_2' <Predicate = (!icmp_ln286)> <Delay = 2.77> <CoreInst = "RAM">   --->   Core 81 'RAM' <Latency = 1> <II = 1> <Delay = 2.77> <Storage> <Opcode : 'load' 'store'> <Ports = 2> <Width = 32> <Depth = 73476> <RAM>
ST_4 : Operation 113 [1/2] ( I:2.77ns O:2.77ns )   --->   "%feat2_67_load_2 = load i17 %feat2_67_addr_2" [../hls_files/conv_pool.cpp:292]   --->   Operation 113 'load' 'feat2_67_load_2' <Predicate = (!icmp_ln286)> <Delay = 2.77> <CoreInst = "RAM">   --->   Core 81 'RAM' <Latency = 1> <II = 1> <Delay = 2.77> <Storage> <Opcode : 'load' 'store'> <Ports = 2> <Width = 32> <Depth = 73476> <RAM>
ST_4 : Operation 114 [1/2] ( I:2.77ns O:2.77ns )   --->   "%feat2_68_load_2 = load i17 %feat2_68_addr_2" [../hls_files/conv_pool.cpp:292]   --->   Operation 114 'load' 'feat2_68_load_2' <Predicate = (!icmp_ln286)> <Delay = 2.77> <CoreInst = "RAM">   --->   Core 81 'RAM' <Latency = 1> <II = 1> <Delay = 2.77> <Storage> <Opcode : 'load' 'store'> <Ports = 2> <Width = 32> <Depth = 73476> <RAM>
ST_4 : Operation 115 [1/2] ( I:2.77ns O:2.77ns )   --->   "%feat2_69_load_2 = load i17 %feat2_69_addr_2" [../hls_files/conv_pool.cpp:292]   --->   Operation 115 'load' 'feat2_69_load_2' <Predicate = (!icmp_ln286)> <Delay = 2.77> <CoreInst = "RAM">   --->   Core 81 'RAM' <Latency = 1> <II = 1> <Delay = 2.77> <Storage> <Opcode : 'load' 'store'> <Ports = 2> <Width = 32> <Depth = 73476> <RAM>
ST_4 : Operation 116 [1/1] (1.37ns)   --->   "%m2 = sparsemux i32 @_ssdm_op_SparseMux.ap_auto.4float.float.i2, i2 0, i32 %feat2_load_2, i2 1, i32 %feat2_67_load_2, i2 2, i32 %feat2_68_load_2, i2 3, i32 %feat2_69_load_2, i32 <undef>, i2 %trunc_ln288_3" [../hls_files/conv_pool.cpp:292]   --->   Operation 116 'sparsemux' 'm2' <Predicate = (!icmp_ln286)> <Delay = 1.37> <CoreInst = "BinarySparseMux_DontCare">   --->   Core 137 'BinarySparseMux_DontCare' <Latency = 0> <II = 1> <Delay = 1.37> <FuncUnit> <Opcode : 'sparsemux'> <InPorts = 2> <OutPorts = 1>
ST_4 : Operation 117 [2/2] (2.77ns)   --->   "%feat2_load_3 = load i17 %feat2_addr_3" [../hls_files/conv_pool.cpp:293]   --->   Operation 117 'load' 'feat2_load_3' <Predicate = (!icmp_ln286 & trunc_ln288_3 == 0)> <Delay = 2.77> <CoreInst = "RAM">   --->   Core 81 'RAM' <Latency = 1> <II = 1> <Delay = 2.77> <Storage> <Opcode : 'load' 'store'> <Ports = 2> <Width = 32> <Depth = 73476> <RAM>
ST_4 : Operation 118 [2/2] (2.77ns)   --->   "%feat2_67_load_3 = load i17 %feat2_67_addr_3" [../hls_files/conv_pool.cpp:293]   --->   Operation 118 'load' 'feat2_67_load_3' <Predicate = (!icmp_ln286 & trunc_ln288_3 == 1)> <Delay = 2.77> <CoreInst = "RAM">   --->   Core 81 'RAM' <Latency = 1> <II = 1> <Delay = 2.77> <Storage> <Opcode : 'load' 'store'> <Ports = 2> <Width = 32> <Depth = 73476> <RAM>
ST_4 : Operation 119 [2/2] (2.77ns)   --->   "%feat2_68_load_3 = load i17 %feat2_68_addr_3" [../hls_files/conv_pool.cpp:293]   --->   Operation 119 'load' 'feat2_68_load_3' <Predicate = (!icmp_ln286 & trunc_ln288_3 == 2)> <Delay = 2.77> <CoreInst = "RAM">   --->   Core 81 'RAM' <Latency = 1> <II = 1> <Delay = 2.77> <Storage> <Opcode : 'load' 'store'> <Ports = 2> <Width = 32> <Depth = 73476> <RAM>
ST_4 : Operation 120 [2/2] (2.77ns)   --->   "%feat2_69_load_3 = load i17 %feat2_69_addr_3" [../hls_files/conv_pool.cpp:293]   --->   Operation 120 'load' 'feat2_69_load_3' <Predicate = (!icmp_ln286 & trunc_ln288_3 == 3)> <Delay = 2.77> <CoreInst = "RAM">   --->   Core 81 'RAM' <Latency = 1> <II = 1> <Delay = 2.77> <Storage> <Opcode : 'load' 'store'> <Ports = 2> <Width = 32> <Depth = 73476> <RAM>

State 5 <SV = 4> <Delay = 4.14>
ST_5 : Operation 121 [1/2] ( I:2.77ns O:2.77ns )   --->   "%feat2_load_1 = load i17 %feat2_addr_1" [../hls_files/conv_pool.cpp:291]   --->   Operation 121 'load' 'feat2_load_1' <Predicate = (trunc_ln288_3 == 0)> <Delay = 2.77> <CoreInst = "RAM">   --->   Core 81 'RAM' <Latency = 1> <II = 1> <Delay = 2.77> <Storage> <Opcode : 'load' 'store'> <Ports = 2> <Width = 32> <Depth = 73476> <RAM>
ST_5 : Operation 122 [1/2] ( I:2.77ns O:2.77ns )   --->   "%feat2_67_load_1 = load i17 %feat2_67_addr_1" [../hls_files/conv_pool.cpp:291]   --->   Operation 122 'load' 'feat2_67_load_1' <Predicate = (trunc_ln288_3 == 1)> <Delay = 2.77> <CoreInst = "RAM">   --->   Core 81 'RAM' <Latency = 1> <II = 1> <Delay = 2.77> <Storage> <Opcode : 'load' 'store'> <Ports = 2> <Width = 32> <Depth = 73476> <RAM>
ST_5 : Operation 123 [1/2] ( I:2.77ns O:2.77ns )   --->   "%feat2_68_load_1 = load i17 %feat2_68_addr_1" [../hls_files/conv_pool.cpp:291]   --->   Operation 123 'load' 'feat2_68_load_1' <Predicate = (trunc_ln288_3 == 2)> <Delay = 2.77> <CoreInst = "RAM">   --->   Core 81 'RAM' <Latency = 1> <II = 1> <Delay = 2.77> <Storage> <Opcode : 'load' 'store'> <Ports = 2> <Width = 32> <Depth = 73476> <RAM>
ST_5 : Operation 124 [1/2] ( I:2.77ns O:2.77ns )   --->   "%feat2_69_load_1 = load i17 %feat2_69_addr_1" [../hls_files/conv_pool.cpp:291]   --->   Operation 124 'load' 'feat2_69_load_1' <Predicate = (trunc_ln288_3 == 3)> <Delay = 2.77> <CoreInst = "RAM">   --->   Core 81 'RAM' <Latency = 1> <II = 1> <Delay = 2.77> <Storage> <Opcode : 'load' 'store'> <Ports = 2> <Width = 32> <Depth = 73476> <RAM>
ST_5 : Operation 125 [1/1] (1.37ns)   --->   "%m1 = sparsemux i32 @_ssdm_op_SparseMux.ap_auto.4float.float.i2, i2 0, i32 %feat2_load_1, i2 1, i32 %feat2_67_load_1, i2 2, i32 %feat2_68_load_1, i2 3, i32 %feat2_69_load_1, i32 <undef>, i2 %trunc_ln288_3" [../hls_files/conv_pool.cpp:291]   --->   Operation 125 'sparsemux' 'm1' <Predicate = true> <Delay = 1.37> <CoreInst = "BinarySparseMux_DontCare">   --->   Core 137 'BinarySparseMux_DontCare' <Latency = 0> <II = 1> <Delay = 1.37> <FuncUnit> <Opcode : 'sparsemux'> <InPorts = 2> <OutPorts = 1>
ST_5 : Operation 126 [1/2] ( I:2.77ns O:2.77ns )   --->   "%feat2_load_3 = load i17 %feat2_addr_3" [../hls_files/conv_pool.cpp:293]   --->   Operation 126 'load' 'feat2_load_3' <Predicate = (trunc_ln288_3 == 0)> <Delay = 2.77> <CoreInst = "RAM">   --->   Core 81 'RAM' <Latency = 1> <II = 1> <Delay = 2.77> <Storage> <Opcode : 'load' 'store'> <Ports = 2> <Width = 32> <Depth = 73476> <RAM>
ST_5 : Operation 127 [1/2] ( I:2.77ns O:2.77ns )   --->   "%feat2_67_load_3 = load i17 %feat2_67_addr_3" [../hls_files/conv_pool.cpp:293]   --->   Operation 127 'load' 'feat2_67_load_3' <Predicate = (trunc_ln288_3 == 1)> <Delay = 2.77> <CoreInst = "RAM">   --->   Core 81 'RAM' <Latency = 1> <II = 1> <Delay = 2.77> <Storage> <Opcode : 'load' 'store'> <Ports = 2> <Width = 32> <Depth = 73476> <RAM>
ST_5 : Operation 128 [1/2] ( I:2.77ns O:2.77ns )   --->   "%feat2_68_load_3 = load i17 %feat2_68_addr_3" [../hls_files/conv_pool.cpp:293]   --->   Operation 128 'load' 'feat2_68_load_3' <Predicate = (trunc_ln288_3 == 2)> <Delay = 2.77> <CoreInst = "RAM">   --->   Core 81 'RAM' <Latency = 1> <II = 1> <Delay = 2.77> <Storage> <Opcode : 'load' 'store'> <Ports = 2> <Width = 32> <Depth = 73476> <RAM>
ST_5 : Operation 129 [1/2] ( I:2.77ns O:2.77ns )   --->   "%feat2_69_load_3 = load i17 %feat2_69_addr_3" [../hls_files/conv_pool.cpp:293]   --->   Operation 129 'load' 'feat2_69_load_3' <Predicate = (trunc_ln288_3 == 3)> <Delay = 2.77> <CoreInst = "RAM">   --->   Core 81 'RAM' <Latency = 1> <II = 1> <Delay = 2.77> <Storage> <Opcode : 'load' 'store'> <Ports = 2> <Width = 32> <Depth = 73476> <RAM>
ST_5 : Operation 130 [1/1] (1.37ns)   --->   "%m3 = sparsemux i32 @_ssdm_op_SparseMux.ap_auto.4float.float.i2, i2 0, i32 %feat2_load_3, i2 1, i32 %feat2_67_load_3, i2 2, i32 %feat2_68_load_3, i2 3, i32 %feat2_69_load_3, i32 <undef>, i2 %trunc_ln288_3" [../hls_files/conv_pool.cpp:293]   --->   Operation 130 'sparsemux' 'm3' <Predicate = true> <Delay = 1.37> <CoreInst = "BinarySparseMux_DontCare">   --->   Core 137 'BinarySparseMux_DontCare' <Latency = 0> <II = 1> <Delay = 1.37> <FuncUnit> <Opcode : 'sparsemux'> <InPorts = 2> <OutPorts = 1>

State 6 <SV = 5> <Delay = 4.24>
ST_6 : Operation 131 [2/2] (4.24ns)   --->   "%tmp_2 = fcmp_ogt  i32 %m0, i32 %m1" [../hls_files/conv_pool.cpp:294]   --->   Operation 131 'fcmp' 'tmp_2' <Predicate = true> <Delay = 4.24> <CoreInst = "FCompare">   --->   Core 19 'FCompare' <Latency = 1> <II = 1> <Delay = 4.24> <FuncUnit> <Opcode : 'fcmp'> <InPorts = 2> <OutPorts = 1>

State 7 <SV = 6> <Delay = 5.82>
ST_7 : Operation 132 [1/1] (0.00ns)   --->   "%bitcast_ln294 = bitcast i32 %m0" [../hls_files/conv_pool.cpp:294]   --->   Operation 132 'bitcast' 'bitcast_ln294' <Predicate = true> <Delay = 0.00>
ST_7 : Operation 133 [1/1] (0.00ns)   --->   "%tmp = partselect i8 @_ssdm_op_PartSelect.i8.i32.i32.i32, i32 %bitcast_ln294, i32 23, i32 30" [../hls_files/conv_pool.cpp:294]   --->   Operation 133 'partselect' 'tmp' <Predicate = true> <Delay = 0.00>
ST_7 : Operation 134 [1/1] (0.00ns)   --->   "%trunc_ln294 = trunc i32 %bitcast_ln294" [../hls_files/conv_pool.cpp:294]   --->   Operation 134 'trunc' 'trunc_ln294' <Predicate = true> <Delay = 0.00>
ST_7 : Operation 135 [1/1] (0.00ns)   --->   "%bitcast_ln294_1 = bitcast i32 %m1" [../hls_files/conv_pool.cpp:294]   --->   Operation 135 'bitcast' 'bitcast_ln294_1' <Predicate = true> <Delay = 0.00>
ST_7 : Operation 136 [1/1] (0.00ns)   --->   "%tmp_1 = partselect i8 @_ssdm_op_PartSelect.i8.i32.i32.i32, i32 %bitcast_ln294_1, i32 23, i32 30" [../hls_files/conv_pool.cpp:294]   --->   Operation 136 'partselect' 'tmp_1' <Predicate = true> <Delay = 0.00>
ST_7 : Operation 137 [1/1] (0.00ns)   --->   "%trunc_ln294_1 = trunc i32 %bitcast_ln294_1" [../hls_files/conv_pool.cpp:294]   --->   Operation 137 'trunc' 'trunc_ln294_1' <Predicate = true> <Delay = 0.00>
ST_7 : Operation 138 [1/1] (1.71ns)   --->   "%icmp_ln294 = icmp_ne  i8 %tmp, i8 255" [../hls_files/conv_pool.cpp:294]   --->   Operation 138 'icmp' 'icmp_ln294' <Predicate = true> <Delay = 1.71> <CoreInst = "Cmp">   --->   Core 9 'Cmp' <Latency = 0> <II = 1> <Delay = 1.71> <FuncUnit> <Opcode : 'seteq' 'setne' 'setle' 'setge' 'setlt' 'setgt'> <InPorts = 2> <OutPorts = 1>
ST_7 : Operation 139 [1/1] (1.98ns)   --->   "%icmp_ln294_1 = icmp_eq  i23 %trunc_ln294, i23 0" [../hls_files/conv_pool.cpp:294]   --->   Operation 139 'icmp' 'icmp_ln294_1' <Predicate = true> <Delay = 1.98> <CoreInst = "Cmp">   --->   Core 9 'Cmp' <Latency = 0> <II = 1> <Delay = 1.98> <FuncUnit> <Opcode : 'seteq' 'setne' 'setle' 'setge' 'setlt' 'setgt'> <InPorts = 2> <OutPorts = 1>
ST_7 : Operation 140 [1/1] (0.00ns) (grouped into LUT with out node and_ln294_1)   --->   "%or_ln294 = or i1 %icmp_ln294_1, i1 %icmp_ln294" [../hls_files/conv_pool.cpp:294]   --->   Operation 140 'or' 'or_ln294' <Predicate = true> <Delay = 0.00> <CoreInst = "LogicGate">   --->   Core 74 'LogicGate' <Latency = 0> <II = 1> <Delay = 0.80> <FuncUnit> <Opcode : 'and' 'or' 'xor'> <InPorts = 2> <OutPorts = 1>
ST_7 : Operation 141 [1/1] (1.71ns)   --->   "%icmp_ln294_2 = icmp_ne  i8 %tmp_1, i8 255" [../hls_files/conv_pool.cpp:294]   --->   Operation 141 'icmp' 'icmp_ln294_2' <Predicate = true> <Delay = 1.71> <CoreInst = "Cmp">   --->   Core 9 'Cmp' <Latency = 0> <II = 1> <Delay = 1.71> <FuncUnit> <Opcode : 'seteq' 'setne' 'setle' 'setge' 'setlt' 'setgt'> <InPorts = 2> <OutPorts = 1>
ST_7 : Operation 142 [1/1] (1.98ns)   --->   "%icmp_ln294_3 = icmp_eq  i23 %trunc_ln294_1, i23 0" [../hls_files/conv_pool.cpp:294]   --->   Operation 142 'icmp' 'icmp_ln294_3' <Predicate = true> <Delay = 1.98> <CoreInst = "Cmp">   --->   Core 9 'Cmp' <Latency = 0> <II = 1> <Delay = 1.98> <FuncUnit> <Opcode : 'seteq' 'setne' 'setle' 'setge' 'setlt' 'setgt'> <InPorts = 2> <OutPorts = 1>
ST_7 : Operation 143 [1/1] (0.00ns) (grouped into LUT with out node and_ln294_1)   --->   "%or_ln294_1 = or i1 %icmp_ln294_3, i1 %icmp_ln294_2" [../hls_files/conv_pool.cpp:294]   --->   Operation 143 'or' 'or_ln294_1' <Predicate = true> <Delay = 0.00> <CoreInst = "LogicGate">   --->   Core 74 'LogicGate' <Latency = 0> <II = 1> <Delay = 0.80> <FuncUnit> <Opcode : 'and' 'or' 'xor'> <InPorts = 2> <OutPorts = 1>
ST_7 : Operation 144 [1/1] (0.00ns) (grouped into LUT with out node and_ln294_1)   --->   "%and_ln294 = and i1 %or_ln294, i1 %or_ln294_1" [../hls_files/conv_pool.cpp:294]   --->   Operation 144 'and' 'and_ln294' <Predicate = true> <Delay = 0.00> <CoreInst = "LogicGate">   --->   Core 74 'LogicGate' <Latency = 0> <II = 1> <Delay = 0.80> <FuncUnit> <Opcode : 'and' 'or' 'xor'> <InPorts = 2> <OutPorts = 1>
ST_7 : Operation 145 [1/2] (4.24ns)   --->   "%tmp_2 = fcmp_ogt  i32 %m0, i32 %m1" [../hls_files/conv_pool.cpp:294]   --->   Operation 145 'fcmp' 'tmp_2' <Predicate = true> <Delay = 4.24> <CoreInst = "FCompare">   --->   Core 19 'FCompare' <Latency = 1> <II = 1> <Delay = 4.24> <FuncUnit> <Opcode : 'fcmp'> <InPorts = 2> <OutPorts = 1>
ST_7 : Operation 146 [1/1] (0.80ns) (out node of the LUT)   --->   "%and_ln294_1 = and i1 %and_ln294, i1 %tmp_2" [../hls_files/conv_pool.cpp:294]   --->   Operation 146 'and' 'and_ln294_1' <Predicate = true> <Delay = 0.80> <CoreInst = "LogicGate">   --->   Core 74 'LogicGate' <Latency = 0> <II = 1> <Delay = 0.80> <FuncUnit> <Opcode : 'and' 'or' 'xor'> <InPorts = 2> <OutPorts = 1>
ST_7 : Operation 147 [1/1] (0.77ns) (out node of the LUT)   --->   "%mx = select i1 %and_ln294_1, i32 %m0, i32 %m1" [../hls_files/conv_pool.cpp:294]   --->   Operation 147 'select' 'mx' <Predicate = true> <Delay = 0.77> <CoreInst = "Sel">   --->   Core 73 'Sel' <Latency = 0> <II = 1> <Delay = 0.77> <FuncUnit> <Opcode : 'select'> <InPorts = 3> <OutPorts = 1>
ST_7 : Operation 148 [2/2] (4.24ns)   --->   "%tmp_5 = fcmp_ogt  i32 %m2, i32 %m3" [../hls_files/conv_pool.cpp:295]   --->   Operation 148 'fcmp' 'tmp_5' <Predicate = true> <Delay = 4.24> <CoreInst = "FCompare">   --->   Core 19 'FCompare' <Latency = 1> <II = 1> <Delay = 4.24> <FuncUnit> <Opcode : 'fcmp'> <InPorts = 2> <OutPorts = 1>

State 8 <SV = 7> <Delay = 5.82>
ST_8 : Operation 149 [1/1] (0.00ns)   --->   "%bitcast_ln295 = bitcast i32 %m2" [../hls_files/conv_pool.cpp:295]   --->   Operation 149 'bitcast' 'bitcast_ln295' <Predicate = true> <Delay = 0.00>
ST_8 : Operation 150 [1/1] (0.00ns)   --->   "%tmp_3 = partselect i8 @_ssdm_op_PartSelect.i8.i32.i32.i32, i32 %bitcast_ln295, i32 23, i32 30" [../hls_files/conv_pool.cpp:295]   --->   Operation 150 'partselect' 'tmp_3' <Predicate = true> <Delay = 0.00>
ST_8 : Operation 151 [1/1] (0.00ns)   --->   "%trunc_ln295 = trunc i32 %bitcast_ln295" [../hls_files/conv_pool.cpp:295]   --->   Operation 151 'trunc' 'trunc_ln295' <Predicate = true> <Delay = 0.00>
ST_8 : Operation 152 [1/1] (0.00ns)   --->   "%bitcast_ln295_1 = bitcast i32 %m3" [../hls_files/conv_pool.cpp:295]   --->   Operation 152 'bitcast' 'bitcast_ln295_1' <Predicate = true> <Delay = 0.00>
ST_8 : Operation 153 [1/1] (0.00ns)   --->   "%tmp_4 = partselect i8 @_ssdm_op_PartSelect.i8.i32.i32.i32, i32 %bitcast_ln295_1, i32 23, i32 30" [../hls_files/conv_pool.cpp:295]   --->   Operation 153 'partselect' 'tmp_4' <Predicate = true> <Delay = 0.00>
ST_8 : Operation 154 [1/1] (0.00ns)   --->   "%trunc_ln295_1 = trunc i32 %bitcast_ln295_1" [../hls_files/conv_pool.cpp:295]   --->   Operation 154 'trunc' 'trunc_ln295_1' <Predicate = true> <Delay = 0.00>
ST_8 : Operation 155 [1/1] (1.71ns)   --->   "%icmp_ln295 = icmp_ne  i8 %tmp_3, i8 255" [../hls_files/conv_pool.cpp:295]   --->   Operation 155 'icmp' 'icmp_ln295' <Predicate = true> <Delay = 1.71> <CoreInst = "Cmp">   --->   Core 9 'Cmp' <Latency = 0> <II = 1> <Delay = 1.71> <FuncUnit> <Opcode : 'seteq' 'setne' 'setle' 'setge' 'setlt' 'setgt'> <InPorts = 2> <OutPorts = 1>
ST_8 : Operation 156 [1/1] (1.98ns)   --->   "%icmp_ln295_1 = icmp_eq  i23 %trunc_ln295, i23 0" [../hls_files/conv_pool.cpp:295]   --->   Operation 156 'icmp' 'icmp_ln295_1' <Predicate = true> <Delay = 1.98> <CoreInst = "Cmp">   --->   Core 9 'Cmp' <Latency = 0> <II = 1> <Delay = 1.98> <FuncUnit> <Opcode : 'seteq' 'setne' 'setle' 'setge' 'setlt' 'setgt'> <InPorts = 2> <OutPorts = 1>
ST_8 : Operation 157 [1/1] (0.00ns) (grouped into LUT with out node and_ln295_1)   --->   "%or_ln295 = or i1 %icmp_ln295_1, i1 %icmp_ln295" [../hls_files/conv_pool.cpp:295]   --->   Operation 157 'or' 'or_ln295' <Predicate = true> <Delay = 0.00> <CoreInst = "LogicGate">   --->   Core 74 'LogicGate' <Latency = 0> <II = 1> <Delay = 0.80> <FuncUnit> <Opcode : 'and' 'or' 'xor'> <InPorts = 2> <OutPorts = 1>
ST_8 : Operation 158 [1/1] (1.71ns)   --->   "%icmp_ln295_2 = icmp_ne  i8 %tmp_4, i8 255" [../hls_files/conv_pool.cpp:295]   --->   Operation 158 'icmp' 'icmp_ln295_2' <Predicate = true> <Delay = 1.71> <CoreInst = "Cmp">   --->   Core 9 'Cmp' <Latency = 0> <II = 1> <Delay = 1.71> <FuncUnit> <Opcode : 'seteq' 'setne' 'setle' 'setge' 'setlt' 'setgt'> <InPorts = 2> <OutPorts = 1>
ST_8 : Operation 159 [1/1] (1.98ns)   --->   "%icmp_ln295_3 = icmp_eq  i23 %trunc_ln295_1, i23 0" [../hls_files/conv_pool.cpp:295]   --->   Operation 159 'icmp' 'icmp_ln295_3' <Predicate = true> <Delay = 1.98> <CoreInst = "Cmp">   --->   Core 9 'Cmp' <Latency = 0> <II = 1> <Delay = 1.98> <FuncUnit> <Opcode : 'seteq' 'setne' 'setle' 'setge' 'setlt' 'setgt'> <InPorts = 2> <OutPorts = 1>
ST_8 : Operation 160 [1/1] (0.00ns) (grouped into LUT with out node and_ln295_1)   --->   "%or_ln295_1 = or i1 %icmp_ln295_3, i1 %icmp_ln295_2" [../hls_files/conv_pool.cpp:295]   --->   Operation 160 'or' 'or_ln295_1' <Predicate = true> <Delay = 0.00> <CoreInst = "LogicGate">   --->   Core 74 'LogicGate' <Latency = 0> <II = 1> <Delay = 0.80> <FuncUnit> <Opcode : 'and' 'or' 'xor'> <InPorts = 2> <OutPorts = 1>
ST_8 : Operation 161 [1/1] (0.00ns) (grouped into LUT with out node and_ln295_1)   --->   "%and_ln295 = and i1 %or_ln295, i1 %or_ln295_1" [../hls_files/conv_pool.cpp:295]   --->   Operation 161 'and' 'and_ln295' <Predicate = true> <Delay = 0.00> <CoreInst = "LogicGate">   --->   Core 74 'LogicGate' <Latency = 0> <II = 1> <Delay = 0.80> <FuncUnit> <Opcode : 'and' 'or' 'xor'> <InPorts = 2> <OutPorts = 1>
ST_8 : Operation 162 [1/2] (4.24ns)   --->   "%tmp_5 = fcmp_ogt  i32 %m2, i32 %m3" [../hls_files/conv_pool.cpp:295]   --->   Operation 162 'fcmp' 'tmp_5' <Predicate = true> <Delay = 4.24> <CoreInst = "FCompare">   --->   Core 19 'FCompare' <Latency = 1> <II = 1> <Delay = 4.24> <FuncUnit> <Opcode : 'fcmp'> <InPorts = 2> <OutPorts = 1>
ST_8 : Operation 163 [1/1] (0.80ns) (out node of the LUT)   --->   "%and_ln295_1 = and i1 %and_ln295, i1 %tmp_5" [../hls_files/conv_pool.cpp:295]   --->   Operation 163 'and' 'and_ln295_1' <Predicate = true> <Delay = 0.80> <CoreInst = "LogicGate">   --->   Core 74 'LogicGate' <Latency = 0> <II = 1> <Delay = 0.80> <FuncUnit> <Opcode : 'and' 'or' 'xor'> <InPorts = 2> <OutPorts = 1>
ST_8 : Operation 164 [1/1] (0.77ns) (out node of the LUT)   --->   "%my = select i1 %and_ln295_1, i32 %m2, i32 %m3" [../hls_files/conv_pool.cpp:295]   --->   Operation 164 'select' 'my' <Predicate = true> <Delay = 0.77> <CoreInst = "Sel">   --->   Core 73 'Sel' <Latency = 0> <II = 1> <Delay = 0.77> <FuncUnit> <Opcode : 'select'> <InPorts = 3> <OutPorts = 1>

State 9 <SV = 8> <Delay = 0.00>

State 10 <SV = 9> <Delay = 1.38>
ST_10 : Operation 165 [1/1] (0.00ns)   --->   "%zext_ln296 = zext i6 %select_ln286_1" [../hls_files/conv_pool.cpp:296]   --->   Operation 165 'zext' 'zext_ln296' <Predicate = true> <Delay = 0.00>
ST_10 : Operation 166 [3/3] (1.38ns) (grouped into DSP with root node add_ln296)   --->   "%mul_ln296 = mul i13 %zext_ln296, i13 78" [../hls_files/conv_pool.cpp:296]   --->   Operation 166 'mul' 'mul_ln296' <Predicate = true> <Delay = 1.38> <CoreInst = "DSP48">   --->   Core 116 'DSP48' <Latency = 3> <II = 1> <Delay = 1.82> <IPBlock> <Opcode : 'add' 'sub' 'mul' 'select'> <InPorts = 0> <OutPorts = 1> <Sync> <CReg>
ST_10 : Operation 206 [1/1] (1.32ns)   --->   "%ret_ln286 = ret" [../hls_files/conv_pool.cpp:286]   --->   Operation 206 'ret' 'ret_ln286' <Predicate = (icmp_ln286)> <Delay = 1.32>

State 11 <SV = 10> <Delay = 4.24>
ST_11 : Operation 167 [2/3] (1.38ns) (grouped into DSP with root node add_ln296)   --->   "%mul_ln296 = mul i13 %zext_ln296, i13 78" [../hls_files/conv_pool.cpp:296]   --->   Operation 167 'mul' 'mul_ln296' <Predicate = true> <Delay = 1.38> <CoreInst = "DSP48">   --->   Core 116 'DSP48' <Latency = 3> <II = 1> <Delay = 1.82> <IPBlock> <Opcode : 'add' 'sub' 'mul' 'select'> <InPorts = 0> <OutPorts = 1> <Sync> <CReg>
ST_11 : Operation 168 [2/2] (4.24ns)   --->   "%tmp_8 = fcmp_ogt  i32 %mx, i32 %my" [../hls_files/conv_pool.cpp:296]   --->   Operation 168 'fcmp' 'tmp_8' <Predicate = true> <Delay = 4.24> <CoreInst = "FCompare">   --->   Core 19 'FCompare' <Latency = 1> <II = 1> <Delay = 4.24> <FuncUnit> <Opcode : 'fcmp'> <InPorts = 2> <OutPorts = 1>

State 12 <SV = 11> <Delay = 5.82>
ST_12 : Operation 169 [1/3] (0.00ns) (grouped into DSP with root node add_ln296)   --->   "%mul_ln296 = mul i13 %zext_ln296, i13 78" [../hls_files/conv_pool.cpp:296]   --->   Operation 169 'mul' 'mul_ln296' <Predicate = true> <Delay = 0.00> <CoreInst = "DSP48">   --->   Core 116 'DSP48' <Latency = 3> <II = 1> <Delay = 1.82> <IPBlock> <Opcode : 'add' 'sub' 'mul' 'select'> <InPorts = 0> <OutPorts = 1> <Sync> <CReg>
ST_12 : Operation 170 [1/1] (0.00ns)   --->   "%zext_ln296_1 = zext i7 %select_ln287" [../hls_files/conv_pool.cpp:296]   --->   Operation 170 'zext' 'zext_ln296_1' <Predicate = true> <Delay = 0.00>
ST_12 : Operation 171 [2/2] (1.76ns) (root node of the DSP)   --->   "%add_ln296 = add i13 %mul_ln296, i13 %zext_ln296_1" [../hls_files/conv_pool.cpp:296]   --->   Operation 171 'add' 'add_ln296' <Predicate = true> <Delay = 1.76> <CoreInst = "DSP48">   --->   Core 116 'DSP48' <Latency = 3> <II = 1> <Delay = 1.82> <IPBlock> <Opcode : 'add' 'sub' 'mul' 'select'> <InPorts = 0> <OutPorts = 1> <Sync> <CReg>
ST_12 : Operation 172 [1/1] (0.00ns)   --->   "%bitcast_ln296 = bitcast i32 %mx" [../hls_files/conv_pool.cpp:296]   --->   Operation 172 'bitcast' 'bitcast_ln296' <Predicate = true> <Delay = 0.00>
ST_12 : Operation 173 [1/1] (0.00ns)   --->   "%tmp_6 = partselect i8 @_ssdm_op_PartSelect.i8.i32.i32.i32, i32 %bitcast_ln296, i32 23, i32 30" [../hls_files/conv_pool.cpp:296]   --->   Operation 173 'partselect' 'tmp_6' <Predicate = true> <Delay = 0.00>
ST_12 : Operation 174 [1/1] (0.00ns)   --->   "%trunc_ln296 = trunc i32 %bitcast_ln296" [../hls_files/conv_pool.cpp:296]   --->   Operation 174 'trunc' 'trunc_ln296' <Predicate = true> <Delay = 0.00>
ST_12 : Operation 175 [1/1] (0.00ns)   --->   "%bitcast_ln296_1 = bitcast i32 %my" [../hls_files/conv_pool.cpp:296]   --->   Operation 175 'bitcast' 'bitcast_ln296_1' <Predicate = true> <Delay = 0.00>
ST_12 : Operation 176 [1/1] (0.00ns)   --->   "%tmp_7 = partselect i8 @_ssdm_op_PartSelect.i8.i32.i32.i32, i32 %bitcast_ln296_1, i32 23, i32 30" [../hls_files/conv_pool.cpp:296]   --->   Operation 176 'partselect' 'tmp_7' <Predicate = true> <Delay = 0.00>
ST_12 : Operation 177 [1/1] (0.00ns)   --->   "%trunc_ln296_1 = trunc i32 %bitcast_ln296_1" [../hls_files/conv_pool.cpp:296]   --->   Operation 177 'trunc' 'trunc_ln296_1' <Predicate = true> <Delay = 0.00>
ST_12 : Operation 178 [1/1] (1.71ns)   --->   "%icmp_ln296 = icmp_ne  i8 %tmp_6, i8 255" [../hls_files/conv_pool.cpp:296]   --->   Operation 178 'icmp' 'icmp_ln296' <Predicate = true> <Delay = 1.71> <CoreInst = "Cmp">   --->   Core 9 'Cmp' <Latency = 0> <II = 1> <Delay = 1.71> <FuncUnit> <Opcode : 'seteq' 'setne' 'setle' 'setge' 'setlt' 'setgt'> <InPorts = 2> <OutPorts = 1>
ST_12 : Operation 179 [1/1] (1.98ns)   --->   "%icmp_ln296_1 = icmp_eq  i23 %trunc_ln296, i23 0" [../hls_files/conv_pool.cpp:296]   --->   Operation 179 'icmp' 'icmp_ln296_1' <Predicate = true> <Delay = 1.98> <CoreInst = "Cmp">   --->   Core 9 'Cmp' <Latency = 0> <II = 1> <Delay = 1.98> <FuncUnit> <Opcode : 'seteq' 'setne' 'setle' 'setge' 'setlt' 'setgt'> <InPorts = 2> <OutPorts = 1>
ST_12 : Operation 180 [1/1] (0.00ns) (grouped into LUT with out node and_ln296_1)   --->   "%or_ln296 = or i1 %icmp_ln296_1, i1 %icmp_ln296" [../hls_files/conv_pool.cpp:296]   --->   Operation 180 'or' 'or_ln296' <Predicate = true> <Delay = 0.00> <CoreInst = "LogicGate">   --->   Core 74 'LogicGate' <Latency = 0> <II = 1> <Delay = 0.80> <FuncUnit> <Opcode : 'and' 'or' 'xor'> <InPorts = 2> <OutPorts = 1>
ST_12 : Operation 181 [1/1] (1.71ns)   --->   "%icmp_ln296_2 = icmp_ne  i8 %tmp_7, i8 255" [../hls_files/conv_pool.cpp:296]   --->   Operation 181 'icmp' 'icmp_ln296_2' <Predicate = true> <Delay = 1.71> <CoreInst = "Cmp">   --->   Core 9 'Cmp' <Latency = 0> <II = 1> <Delay = 1.71> <FuncUnit> <Opcode : 'seteq' 'setne' 'setle' 'setge' 'setlt' 'setgt'> <InPorts = 2> <OutPorts = 1>
ST_12 : Operation 182 [1/1] (1.98ns)   --->   "%icmp_ln296_3 = icmp_eq  i23 %trunc_ln296_1, i23 0" [../hls_files/conv_pool.cpp:296]   --->   Operation 182 'icmp' 'icmp_ln296_3' <Predicate = true> <Delay = 1.98> <CoreInst = "Cmp">   --->   Core 9 'Cmp' <Latency = 0> <II = 1> <Delay = 1.98> <FuncUnit> <Opcode : 'seteq' 'setne' 'setle' 'setge' 'setlt' 'setgt'> <InPorts = 2> <OutPorts = 1>
ST_12 : Operation 183 [1/1] (0.00ns) (grouped into LUT with out node and_ln296_1)   --->   "%or_ln296_1 = or i1 %icmp_ln296_3, i1 %icmp_ln296_2" [../hls_files/conv_pool.cpp:296]   --->   Operation 183 'or' 'or_ln296_1' <Predicate = true> <Delay = 0.00> <CoreInst = "LogicGate">   --->   Core 74 'LogicGate' <Latency = 0> <II = 1> <Delay = 0.80> <FuncUnit> <Opcode : 'and' 'or' 'xor'> <InPorts = 2> <OutPorts = 1>
ST_12 : Operation 184 [1/1] (0.00ns) (grouped into LUT with out node and_ln296_1)   --->   "%and_ln296 = and i1 %or_ln296, i1 %or_ln296_1" [../hls_files/conv_pool.cpp:296]   --->   Operation 184 'and' 'and_ln296' <Predicate = true> <Delay = 0.00> <CoreInst = "LogicGate">   --->   Core 74 'LogicGate' <Latency = 0> <II = 1> <Delay = 0.80> <FuncUnit> <Opcode : 'and' 'or' 'xor'> <InPorts = 2> <OutPorts = 1>
ST_12 : Operation 185 [1/2] (4.24ns)   --->   "%tmp_8 = fcmp_ogt  i32 %mx, i32 %my" [../hls_files/conv_pool.cpp:296]   --->   Operation 185 'fcmp' 'tmp_8' <Predicate = true> <Delay = 4.24> <CoreInst = "FCompare">   --->   Core 19 'FCompare' <Latency = 1> <II = 1> <Delay = 4.24> <FuncUnit> <Opcode : 'fcmp'> <InPorts = 2> <OutPorts = 1>
ST_12 : Operation 186 [1/1] (0.80ns) (out node of the LUT)   --->   "%and_ln296_1 = and i1 %and_ln296, i1 %tmp_8" [../hls_files/conv_pool.cpp:296]   --->   Operation 186 'and' 'and_ln296_1' <Predicate = true> <Delay = 0.80> <CoreInst = "LogicGate">   --->   Core 74 'LogicGate' <Latency = 0> <II = 1> <Delay = 0.80> <FuncUnit> <Opcode : 'and' 'or' 'xor'> <InPorts = 2> <OutPorts = 1>
ST_12 : Operation 187 [1/1] (0.77ns) (out node of the LUT)   --->   "%select_ln296 = select i1 %and_ln296_1, i32 %mx, i32 %my" [../hls_files/conv_pool.cpp:296]   --->   Operation 187 'select' 'select_ln296' <Predicate = true> <Delay = 0.77> <CoreInst = "Sel">   --->   Core 73 'Sel' <Latency = 0> <II = 1> <Delay = 0.77> <FuncUnit> <Opcode : 'select'> <InPorts = 3> <OutPorts = 1>

State 13 <SV = 12> <Delay = 4.53>
ST_13 : Operation 188 [1/1] (0.00ns)   --->   "%specloopname_ln0 = specloopname void @_ssdm_op_SpecLoopName, void @POOL2_ROW_POOL2_COL_POOL2_CH_str"   --->   Operation 188 'specloopname' 'specloopname_ln0' <Predicate = true> <Delay = 0.00>
ST_13 : Operation 189 [1/1] (0.00ns)   --->   "%speclooptripcount_ln0 = speclooptripcount void @_ssdm_op_SpecLoopTripCount, i64 72384, i64 72384, i64 72384"   --->   Operation 189 'speclooptripcount' 'speclooptripcount_ln0' <Predicate = true> <Delay = 0.00>
ST_13 : Operation 190 [1/2] (1.76ns) (root node of the DSP)   --->   "%add_ln296 = add i13 %mul_ln296, i13 %zext_ln296_1" [../hls_files/conv_pool.cpp:296]   --->   Operation 190 'add' 'add_ln296' <Predicate = true> <Delay = 1.76> <CoreInst = "DSP48">   --->   Core 116 'DSP48' <Latency = 3> <II = 1> <Delay = 1.82> <IPBlock> <Opcode : 'add' 'sub' 'mul' 'select'> <InPorts = 0> <OutPorts = 1> <Sync> <CReg>
ST_13 : Operation 191 [1/1] (0.00ns)   --->   "%specpipeline_ln289 = specpipeline void @_ssdm_op_SpecPipeline, i32 3, i32 0, i32 0, i32 0, void @empty_38" [../hls_files/conv_pool.cpp:289]   --->   Operation 191 'specpipeline' 'specpipeline_ln289' <Predicate = true> <Delay = 0.00>
ST_13 : Operation 192 [1/1] (0.00ns)   --->   "%tmp_16 = bitconcatenate i15 @_ssdm_op_BitConcatenate.i15.i13.i2, i13 %add_ln296, i2 %trunc_ln288" [../hls_files/conv_pool.cpp:296]   --->   Operation 192 'bitconcatenate' 'tmp_16' <Predicate = true> <Delay = 0.00>
ST_13 : Operation 193 [1/1] (0.00ns)   --->   "%zext_ln296_2 = zext i15 %tmp_16" [../hls_files/conv_pool.cpp:296]   --->   Operation 193 'zext' 'zext_ln296_2' <Predicate = true> <Delay = 0.00>
ST_13 : Operation 194 [1/1] (0.00ns)   --->   "%feat2_p_addr = getelementptr i32 %feat2_p, i64 0, i64 %zext_ln296_2" [../hls_files/conv_pool.cpp:296]   --->   Operation 194 'getelementptr' 'feat2_p_addr' <Predicate = true> <Delay = 0.00>
ST_13 : Operation 195 [1/1] (0.00ns)   --->   "%feat2_p_70_addr = getelementptr i32 %feat2_p_70, i64 0, i64 %zext_ln296_2" [../hls_files/conv_pool.cpp:296]   --->   Operation 195 'getelementptr' 'feat2_p_70_addr' <Predicate = true> <Delay = 0.00>
ST_13 : Operation 196 [1/1] (0.00ns)   --->   "%feat2_p_71_addr = getelementptr i32 %feat2_p_71, i64 0, i64 %zext_ln296_2" [../hls_files/conv_pool.cpp:296]   --->   Operation 196 'getelementptr' 'feat2_p_71_addr' <Predicate = true> <Delay = 0.00>
ST_13 : Operation 197 [1/1] (0.00ns)   --->   "%feat2_p_72_addr = getelementptr i32 %feat2_p_72, i64 0, i64 %zext_ln296_2" [../hls_files/conv_pool.cpp:296]   --->   Operation 197 'getelementptr' 'feat2_p_72_addr' <Predicate = true> <Delay = 0.00>
ST_13 : Operation 198 [1/1] ( I:2.77ns O:2.77ns )   --->   "%store_ln296 = store i32 %select_ln296, i15 %feat2_p_71_addr" [../hls_files/conv_pool.cpp:296]   --->   Operation 198 'store' 'store_ln296' <Predicate = (trunc_ln288_3 == 2)> <Delay = 2.77> <CoreInst = "RAM">   --->   Core 81 'RAM' <Latency = 1> <II = 1> <Delay = 2.77> <Storage> <Opcode : 'load' 'store'> <Ports = 2> <Width = 32> <Depth = 18096> <RAM>
ST_13 : Operation 199 [1/1] (0.00ns)   --->   "%br_ln296 = br void %arrayidx571015.exit.i" [../hls_files/conv_pool.cpp:296]   --->   Operation 199 'br' 'br_ln296' <Predicate = (trunc_ln288_3 == 2)> <Delay = 0.00>
ST_13 : Operation 200 [1/1] ( I:2.77ns O:2.77ns )   --->   "%store_ln296 = store i32 %select_ln296, i15 %feat2_p_70_addr" [../hls_files/conv_pool.cpp:296]   --->   Operation 200 'store' 'store_ln296' <Predicate = (trunc_ln288_3 == 1)> <Delay = 2.77> <CoreInst = "RAM">   --->   Core 81 'RAM' <Latency = 1> <II = 1> <Delay = 2.77> <Storage> <Opcode : 'load' 'store'> <Ports = 2> <Width = 32> <Depth = 18096> <RAM>
ST_13 : Operation 201 [1/1] (0.00ns)   --->   "%br_ln296 = br void %arrayidx571015.exit.i" [../hls_files/conv_pool.cpp:296]   --->   Operation 201 'br' 'br_ln296' <Predicate = (trunc_ln288_3 == 1)> <Delay = 0.00>
ST_13 : Operation 202 [1/1] ( I:2.77ns O:2.77ns )   --->   "%store_ln296 = store i32 %select_ln296, i15 %feat2_p_addr" [../hls_files/conv_pool.cpp:296]   --->   Operation 202 'store' 'store_ln296' <Predicate = (trunc_ln288_3 == 0)> <Delay = 2.77> <CoreInst = "RAM">   --->   Core 81 'RAM' <Latency = 1> <II = 1> <Delay = 2.77> <Storage> <Opcode : 'load' 'store'> <Ports = 2> <Width = 32> <Depth = 18096> <RAM>
ST_13 : Operation 203 [1/1] (0.00ns)   --->   "%br_ln296 = br void %arrayidx571015.exit.i" [../hls_files/conv_pool.cpp:296]   --->   Operation 203 'br' 'br_ln296' <Predicate = (trunc_ln288_3 == 0)> <Delay = 0.00>
ST_13 : Operation 204 [1/1] ( I:2.77ns O:2.77ns )   --->   "%store_ln296 = store i32 %select_ln296, i15 %feat2_p_72_addr" [../hls_files/conv_pool.cpp:296]   --->   Operation 204 'store' 'store_ln296' <Predicate = (trunc_ln288_3 == 3)> <Delay = 2.77> <CoreInst = "RAM">   --->   Core 81 'RAM' <Latency = 1> <II = 1> <Delay = 2.77> <Storage> <Opcode : 'load' 'store'> <Ports = 2> <Width = 32> <Depth = 18096> <RAM>
ST_13 : Operation 205 [1/1] (0.00ns)   --->   "%br_ln296 = br void %arrayidx571015.exit.i" [../hls_files/conv_pool.cpp:296]   --->   Operation 205 'br' 'br_ln296' <Predicate = (trunc_ln288_3 == 3)> <Delay = 0.00>


============================================================
+ Verbose Summary: Timing violations
============================================================
Target clock period: 10.000ns, clock uncertainty: 2.700ns.

 <State 1>: 1.324ns
The critical path consists of the following:
	'alloca' operation 17 bit ('indvar_flatten12') [13]  (0.000 ns)
	'store' operation 0 bit ('store_ln0') of constant 0 on local variable 'indvar_flatten12' [14]  (1.324 ns)

 <State 2>: 5.907ns
The critical path consists of the following:
	'load' operation 12 bit ('indvar_flatten_load', ../hls_files/conv_pool.cpp:287) on local variable 'indvar_flatten' [21]  (0.000 ns)
	'icmp' operation 1 bit ('icmp_ln287', ../hls_files/conv_pool.cpp:287) [33]  (1.780 ns)
	'select' operation 6 bit ('select_ln286_1', ../hls_files/conv_pool.cpp:286) [38]  (0.587 ns)
	'mul' operation 15 bit ('mul_ln290', ../hls_files/conv_pool.cpp:290) [47]  (3.540 ns)

 <State 3>: 7.065ns
The critical path consists of the following:
	'add' operation 7 bit ('add_ln287', ../hls_files/conv_pool.cpp:287) [39]  (1.662 ns)
	'select' operation 7 bit ('select_ln287', ../hls_files/conv_pool.cpp:287) [42]  (0.806 ns)
	'add' operation 15 bit ('add_ln290', ../hls_files/conv_pool.cpp:290) [55]  (1.825 ns)
	'getelementptr' operation 17 bit ('feat2_addr', ../hls_files/conv_pool.cpp:290) [65]  (0.000 ns)
	'load' operation 32 bit ('feat2_load', ../hls_files/conv_pool.cpp:290) on array 'feat2' [94]  (2.772 ns)

 <State 4>: 4.146ns
The critical path consists of the following:
	'load' operation 32 bit ('feat2_load', ../hls_files/conv_pool.cpp:290) on array 'feat2' [94]  (2.772 ns)
	'sparsemux' operation 32 bit ('m0', ../hls_files/conv_pool.cpp:290) [98]  (1.374 ns)

 <State 5>: 4.146ns
The critical path consists of the following:
	'load' operation 32 bit ('feat2_load_1', ../hls_files/conv_pool.cpp:291) on array 'feat2' [99]  (2.772 ns)
	'sparsemux' operation 32 bit ('m1', ../hls_files/conv_pool.cpp:291) [103]  (1.374 ns)

 <State 6>: 4.247ns
The critical path consists of the following:
	'fcmp' operation 1 bit ('tmp_2', ../hls_files/conv_pool.cpp:294) [127]  (4.247 ns)

 <State 7>: 5.820ns
The critical path consists of the following:
	'fcmp' operation 1 bit ('tmp_2', ../hls_files/conv_pool.cpp:294) [127]  (4.247 ns)
	'and' operation 1 bit ('and_ln294_1', ../hls_files/conv_pool.cpp:294) [128]  (0.800 ns)
	'select' operation 32 bit ('mx', ../hls_files/conv_pool.cpp:294) [129]  (0.773 ns)

 <State 8>: 5.820ns
The critical path consists of the following:
	'fcmp' operation 1 bit ('tmp_5', ../hls_files/conv_pool.cpp:295) [143]  (4.247 ns)
	'and' operation 1 bit ('and_ln295_1', ../hls_files/conv_pool.cpp:295) [144]  (0.800 ns)
	'select' operation 32 bit ('my', ../hls_files/conv_pool.cpp:295) [145]  (0.773 ns)

 <State 9>: 0.000ns
The critical path consists of the following:

 <State 10>: 1.380ns
The critical path consists of the following:
	'mul' operation 13 bit of DSP[52] ('mul_ln296', ../hls_files/conv_pool.cpp:296) [44]  (1.380 ns)

 <State 11>: 4.247ns
The critical path consists of the following:
	'fcmp' operation 1 bit ('tmp_8', ../hls_files/conv_pool.cpp:296) [159]  (4.247 ns)

 <State 12>: 5.820ns
The critical path consists of the following:
	'fcmp' operation 1 bit ('tmp_8', ../hls_files/conv_pool.cpp:296) [159]  (4.247 ns)
	'and' operation 1 bit ('and_ln296_1', ../hls_files/conv_pool.cpp:296) [160]  (0.800 ns)
	'select' operation 32 bit ('select_ln296', ../hls_files/conv_pool.cpp:296) [161]  (0.773 ns)

 <State 13>: 4.532ns
The critical path consists of the following:
	'add' operation 13 bit of DSP[52] ('add_ln296', ../hls_files/conv_pool.cpp:296) [52]  (1.760 ns)
	'getelementptr' operation 15 bit ('feat2_p_70_addr', ../hls_files/conv_pool.cpp:296) [90]  (0.000 ns)
	'store' operation 0 bit ('store_ln296', ../hls_files/conv_pool.cpp:296) of variable 'select_ln296', ../hls_files/conv_pool.cpp:296 on array 'feat2_p_70' [167]  (2.772 ns)


============================================================
+ Verbose Summary: Binding
============================================================
N/A
* FSMD analyzer results:
  - Output states:
 - Input state : 
  - Chain level:
	State 1
	State 2
	State 3
	State 4
	State 5
	State 6
	State 7
	State 8
	State 9
	State 10
	State 11
	State 12
	State 13


============================================================
+ Verbose Summary: Datapath Resource usage 
============================================================
N/A
