  **** HLS Build v2025.1 6135595
INFO: [HLS 200-2005] Using work_dir C:/Users/ozair/Documents/Code_Drive/Drone/hls_component/cnn_accel 
INFO: [HLS 200-2176] Writing Vitis IDE component file C:/Users/ozair/Documents/Code_Drive/Drone/hls_component/cnn_accel/vitis-comp.json
INFO: [HLS 200-10] Creating and opening component 'C:/Users/ozair/Documents/Code_Drive/Drone/hls_component/cnn_accel'.
INFO: [HLS 200-1505] Using default flow_target 'vivado'
Resolution: For help on HLS 200-1505 see docs.xilinx.com/access/sources/dita/topic?Doc_Version=2025.1%20English&url=ug1448-hls-guidance&resourceid=200-1505.html
INFO: [HLS 200-2174] Applying component config ini file C:/Users/ozair/Documents/Code_Drive/Drone/hls_component/hls_config.cfg
INFO: [HLS 200-1465] Applying config ini 'syn.file=../hls_files/conv_pool.cpp' from C:/Users/ozair/Documents/Code_Drive/Drone/hls_component/hls_config.cfg(18)
INFO: [HLS 200-10] Adding design file 'C:/Users/ozair/Documents/Code_Drive/Drone/hls_files/conv_pool.cpp' to the project
INFO: [HLS 200-1465] Applying config ini 'tb.file=../hls_files/testbench.cpp' from C:/Users/ozair/Documents/Code_Drive/Drone/hls_component/hls_config.cfg(8)
INFO: [HLS 200-10] Adding test bench file 'C:/Users/ozair/Documents/Code_Drive/Drone/hls_files/testbench.cpp' to the project
INFO: [HLS 200-1465] Applying config ini 'syn.top=cnn_accel' from C:/Users/ozair/Documents/Code_Drive/Drone/hls_component/hls_config.cfg(7)
INFO: [HLS 200-1465] Applying config ini 'flow_target=vivado' from C:/Users/ozair/Documents/Code_Drive/Drone/hls_component/hls_config.cfg(4)
INFO: [HLS 200-1505] Using flow_target 'vivado'
Resolution: For help on HLS 200-1505 see docs.xilinx.com/access/sources/dita/topic?Doc_Version=2025.1%20English&url=ug1448-hls-guidance&resourceid=200-1505.html
INFO: [HLS 200-1465] Applying config ini 'part=xc7a100tfgg484-2L' from C:/Users/ozair/Documents/Code_Drive/Drone/hls_component/hls_config.cfg(1)
INFO: [HLS 200-1611] Setting target device to 'xc7a100t-fgg484-2L'
INFO: [HLS 200-1465] Applying config ini 'clock=10ns' from C:/Users/ozair/Documents/Code_Drive/Drone/hls_component/hls_config.cfg(9)
INFO: [SYN 201-201] Setting up clock 'default' with a period of 10ns.
INFO: [HLS 200-1465] Applying config ini 'csim.code_analyzer=1' from C:/Users/ozair/Documents/Code_Drive/Drone/hls_component/hls_config.cfg(10)
INFO: [HLS 200-1465] Applying config ini 'package.output.format=ip_catalog' from C:/Users/ozair/Documents/Code_Drive/Drone/hls_component/hls_config.cfg(5)
INFO: [HLS 200-1465] Applying config ini 'syn.array_partition.complete_threshold=0' from C:/Users/ozair/Documents/Code_Drive/Drone/hls_component/hls_config.cfg(12)
INFO: [XFORM 203-102] Size-based automatic array partition disabled.
INFO: [HLS 200-1465] Applying config ini 'syn.array_partition.throughput_driven=off' from C:/Users/ozair/Documents/Code_Drive/Drone/hls_component/hls_config.cfg(13)
INFO: [XFORM 203-102] Size-based automatic array partition disabled.
INFO: [HLS 200-1465] Applying config ini 'syn.compile.performance_budgeter=disable' from C:/Users/ozair/Documents/Code_Drive/Drone/hls_component/hls_config.cfg(14)
INFO: [HLS 200-1465] Applying config ini 'syn.compile.pipeline_flush_in_task=ii1' from C:/Users/ozair/Documents/Code_Drive/Drone/hls_component/hls_config.cfg(11)
INFO: [HLS 200-1465] Applying config ini 'syn.compile.pipeline_style=stp' from C:/Users/ozair/Documents/Code_Drive/Drone/hls_component/hls_config.cfg(15)
INFO: [HLS 200-1465] Applying config ini 'syn.dataflow.disable_fifo_sizing_opt=1' from C:/Users/ozair/Documents/Code_Drive/Drone/hls_component/hls_config.cfg(16)
INFO: [HLS 200-1465] Applying config ini 'syn.dataflow.enable_canonicalization=0' from C:/Users/ozair/Documents/Code_Drive/Drone/hls_component/hls_config.cfg(17)
INFO: [HLS 200-2176] Writing Vitis IDE component file C:/Users/ozair/Documents/Code_Drive/Drone/hls_component/cnn_accel/vitis-comp.json
INFO: [HLS 200-111] Finished File checks and directory preparation: CPU user time: 2 seconds. CPU system time: 1 seconds. Elapsed time: 2.78 seconds; current allocated memory: 145.516 MB.
INFO: [HLS 200-10] Analyzing design file '../hls_files/conv_pool.cpp' ... 
WARNING: [HLS 207-1016] unknown warning group '-Wmisleading-indentation', ignored (C:/Xilinx/2025.1/Vitis/common/technology/autopilot/etc/hls_sqrt_apfixed.h:16:34)
WARNING: [HLS 214-111] Static scalars and arrays declared inside a dataflow region will be treated like local variables (../hls_files/conv_pool.cpp:93:16)
Resolution: For help on HLS 214-111 see docs.xilinx.com/access/sources/dita/topic?Doc_Version=2025.1%20English&url=ug1448-hls-guidance&resourceid=214-111.html
WARNING: [HLS 214-111] Static scalars and arrays declared inside a dataflow region will be treated like local variables (../hls_files/conv_pool.cpp:94:19)
Resolution: For help on HLS 214-111 see docs.xilinx.com/access/sources/dita/topic?Doc_Version=2025.1%20English&url=ug1448-hls-guidance&resourceid=214-111.html
WARNING: [HLS 214-111] Static scalars and arrays declared inside a dataflow region will be treated like local variables (../hls_files/conv_pool.cpp:95:19)
Resolution: For help on HLS 214-111 see docs.xilinx.com/access/sources/dita/topic?Doc_Version=2025.1%20English&url=ug1448-hls-guidance&resourceid=214-111.html
WARNING: [HLS 214-111] Static scalars and arrays declared inside a dataflow region will be treated like local variables (../hls_files/conv_pool.cpp:96:19)
Resolution: For help on HLS 214-111 see docs.xilinx.com/access/sources/dita/topic?Doc_Version=2025.1%20English&url=ug1448-hls-guidance&resourceid=214-111.html
WARNING: [HLS 214-111] Static scalars and arrays declared inside a dataflow region will be treated like local variables (../hls_files/conv_pool.cpp:97:19)
Resolution: For help on HLS 214-111 see docs.xilinx.com/access/sources/dita/topic?Doc_Version=2025.1%20English&url=ug1448-hls-guidance&resourceid=214-111.html
WARNING: [HLS 214-111] Static scalars and arrays declared inside a dataflow region will be treated like local variables (../hls_files/conv_pool.cpp:98:19)
Resolution: For help on HLS 214-111 see docs.xilinx.com/access/sources/dita/topic?Doc_Version=2025.1%20English&url=ug1448-hls-guidance&resourceid=214-111.html
WARNING: [HLS 214-111] Static scalars and arrays declared inside a dataflow region will be treated like local variables (../hls_files/conv_pool.cpp:99:19)
Resolution: For help on HLS 214-111 see docs.xilinx.com/access/sources/dita/topic?Doc_Version=2025.1%20English&url=ug1448-hls-guidance&resourceid=214-111.html
WARNING: [HLS 214-111] Static scalars and arrays declared inside a dataflow region will be treated like local variables (../hls_files/conv_pool.cpp:103:19)
Resolution: For help on HLS 214-111 see docs.xilinx.com/access/sources/dita/topic?Doc_Version=2025.1%20English&url=ug1448-hls-guidance&resourceid=214-111.html
WARNING: [HLS 214-111] Static scalars and arrays declared inside a dataflow region will be treated like local variables (../hls_files/conv_pool.cpp:104:19)
Resolution: For help on HLS 214-111 see docs.xilinx.com/access/sources/dita/topic?Doc_Version=2025.1%20English&url=ug1448-hls-guidance&resourceid=214-111.html
WARNING: [HLS 214-111] Static scalars and arrays declared inside a dataflow region will be treated like local variables (../hls_files/conv_pool.cpp:105:19)
Resolution: For help on HLS 214-111 see docs.xilinx.com/access/sources/dita/topic?Doc_Version=2025.1%20English&url=ug1448-hls-guidance&resourceid=214-111.html
WARNING: [HLS 214-111] Static scalars and arrays declared inside a dataflow region will be treated like local variables (../hls_files/conv_pool.cpp:106:19)
Resolution: For help on HLS 214-111 see docs.xilinx.com/access/sources/dita/topic?Doc_Version=2025.1%20English&url=ug1448-hls-guidance&resourceid=214-111.html
WARNING: [HLS 214-111] Static scalars and arrays declared inside a dataflow region will be treated like local variables (../hls_files/conv_pool.cpp:107:19)
Resolution: For help on HLS 214-111 see docs.xilinx.com/access/sources/dita/topic?Doc_Version=2025.1%20English&url=ug1448-hls-guidance&resourceid=214-111.html
WARNING: [HLS 214-111] Static scalars and arrays declared inside a dataflow region will be treated like local variables (../hls_files/conv_pool.cpp:108:19)
Resolution: For help on HLS 214-111 see docs.xilinx.com/access/sources/dita/topic?Doc_Version=2025.1%20English&url=ug1448-hls-guidance&resourceid=214-111.html
WARNING: [HLS 214-111] Static scalars and arrays declared inside a dataflow region will be treated like local variables (../hls_files/conv_pool.cpp:109:19)
Resolution: For help on HLS 214-111 see docs.xilinx.com/access/sources/dita/topic?Doc_Version=2025.1%20English&url=ug1448-hls-guidance&resourceid=214-111.html
WARNING: [HLS 214-111] Static scalars and arrays declared inside a dataflow region will be treated like local variables (../hls_files/conv_pool.cpp:110:19)
Resolution: For help on HLS 214-111 see docs.xilinx.com/access/sources/dita/topic?Doc_Version=2025.1%20English&url=ug1448-hls-guidance&resourceid=214-111.html
WARNING: [HLS 214-114] Since the only kind of statements allowed in a canonical dataflow region are variable declarations and function calls, the compiler may not be able to correctly handle the region (../hls_files/conv_pool.cpp:165:9)
Resolution: For help on HLS 214-114 see docs.xilinx.com/access/sources/dita/topic?Doc_Version=2025.1%20English&url=ug1448-hls-guidance&resourceid=214-114.html
WARNING: [HLS 200-471] Dataflow form checks found 16 issue(s) in file ../hls_files/conv_pool.cpp
Resolution: For help on HLS 200-471 see docs.xilinx.com/access/sources/dita/topic?Doc_Version=2025.1%20English&url=ug1448-hls-guidance&resourceid=200-471.html
INFO: [HLS 200-111] Finished Source Code Analysis and Preprocessing: CPU user time: 0 seconds. CPU system time: 0 seconds. Elapsed time: 28.846 seconds; current allocated memory: 153.250 MB.
INFO: [HLS 200-777] Using interface defaults for 'Vivado' flow target.
INFO: [HLS 200-1995] There were 14,936 instructions in the design after the 'Compile/Link' phase of compilation. See the Design Size Report for more details (C:/Users/ozair/Documents/Code_Drive/Drone/hls_component/cnn_accel/hls/syn/report/csynth_design_size.rpt:2)
INFO: [HLS 200-1995] There were 2,725 instructions in the design after the 'Unroll/Inline (step 1)' phase of compilation. See the Design Size Report for more details (C:/Users/ozair/Documents/Code_Drive/Drone/hls_component/cnn_accel/hls/syn/report/csynth_design_size.rpt:2)
INFO: [HLS 200-1995] There were 1,754 instructions in the design after the 'Unroll/Inline (step 2)' phase of compilation. See the Design Size Report for more details (C:/Users/ozair/Documents/Code_Drive/Drone/hls_component/cnn_accel/hls/syn/report/csynth_design_size.rpt:2)
INFO: [HLS 200-1995] There were 1,556 instructions in the design after the 'Unroll/Inline (step 3)' phase of compilation. See the Design Size Report for more details (C:/Users/ozair/Documents/Code_Drive/Drone/hls_component/cnn_accel/hls/syn/report/csynth_design_size.rpt:2)
INFO: [HLS 200-1995] There were 1,312 instructions in the design after the 'Unroll/Inline (step 4)' phase of compilation. See the Design Size Report for more details (C:/Users/ozair/Documents/Code_Drive/Drone/hls_component/cnn_accel/hls/syn/report/csynth_design_size.rpt:2)
INFO: [HLS 200-1995] There were 6,400 instructions in the design after the 'Array/Struct (step 1)' phase of compilation. See the Design Size Report for more details (C:/Users/ozair/Documents/Code_Drive/Drone/hls_component/cnn_accel/hls/syn/report/csynth_design_size.rpt:2)
INFO: [HLS 200-1995] There were 5,731 instructions in the design after the 'Array/Struct (step 2)' phase of compilation. See the Design Size Report for more details (C:/Users/ozair/Documents/Code_Drive/Drone/hls_component/cnn_accel/hls/syn/report/csynth_design_size.rpt:2)
INFO: [HLS 200-1995] There were 5,731 instructions in the design after the 'Array/Struct (step 3)' phase of compilation. See the Design Size Report for more details (C:/Users/ozair/Documents/Code_Drive/Drone/hls_component/cnn_accel/hls/syn/report/csynth_design_size.rpt:2)
INFO: [HLS 200-1995] There were 5,731 instructions in the design after the 'Array/Struct (step 4)' phase of compilation. See the Design Size Report for more details (C:/Users/ozair/Documents/Code_Drive/Drone/hls_component/cnn_accel/hls/syn/report/csynth_design_size.rpt:2)
INFO: [HLS 200-1995] There were 5,750 instructions in the design after the 'Array/Struct (step 5)' phase of compilation. See the Design Size Report for more details (C:/Users/ozair/Documents/Code_Drive/Drone/hls_component/cnn_accel/hls/syn/report/csynth_design_size.rpt:2)
INFO: [HLS 200-1995] There were 5,743 instructions in the design after the 'Performance' phase of compilation. See the Design Size Report for more details (C:/Users/ozair/Documents/Code_Drive/Drone/hls_component/cnn_accel/hls/syn/report/csynth_design_size.rpt:2)
