  **** HLS Build v2025.1 6135595
INFO: [HLS 200-2005] Using work_dir C:/Users/ozair/Documents/Code_Drive/Drone/hls_component/cnn_accel 
INFO: [HLS 200-2176] Writing Vitis IDE component file C:/Users/ozair/Documents/Code_Drive/Drone/hls_component/cnn_accel/vitis-comp.json
INFO: [HLS 200-10] Creating and opening component 'C:/Users/ozair/Documents/Code_Drive/Drone/hls_component/cnn_accel'.
INFO: [HLS 200-1505] Using default flow_target 'vivado'
Resolution: For help on HLS 200-1505 see docs.xilinx.com/access/sources/dita/topic?Doc_Version=2025.1%20English&url=ug1448-hls-guidance&resourceid=200-1505.html
INFO: [HLS 200-2174] Applying component config ini file C:/Users/ozair/Documents/Code_Drive/Drone/hls_component/hls_config.cfg
INFO: [HLS 200-1465] Applying config ini 'syn.file=../hls_files/conv_pool.cpp' from C:/Users/ozair/Documents/Code_Drive/Drone/hls_component/hls_config.cfg(18)
INFO: [HLS 200-10] Adding design file 'C:/Users/ozair/Documents/Code_Drive/Drone/hls_files/conv_pool.cpp' to the project
INFO: [HLS 200-1465] Applying config ini 'tb.file=../hls_files/testbench.cpp' from C:/Users/ozair/Documents/Code_Drive/Drone/hls_component/hls_config.cfg(8)
INFO: [HLS 200-10] Adding test bench file 'C:/Users/ozair/Documents/Code_Drive/Drone/hls_files/testbench.cpp' to the project
INFO: [HLS 200-1465] Applying config ini 'syn.top=cnn_accel' from C:/Users/ozair/Documents/Code_Drive/Drone/hls_component/hls_config.cfg(7)
INFO: [HLS 200-1465] Applying config ini 'flow_target=vivado' from C:/Users/ozair/Documents/Code_Drive/Drone/hls_component/hls_config.cfg(4)
INFO: [HLS 200-1505] Using flow_target 'vivado'
Resolution: For help on HLS 200-1505 see docs.xilinx.com/access/sources/dita/topic?Doc_Version=2025.1%20English&url=ug1448-hls-guidance&resourceid=200-1505.html
INFO: [HLS 200-1465] Applying config ini 'part=xc7a100tfgg484-2L' from C:/Users/ozair/Documents/Code_Drive/Drone/hls_component/hls_config.cfg(1)
INFO: [HLS 200-1611] Setting target device to 'xc7a100t-fgg484-2L'
INFO: [HLS 200-1465] Applying config ini 'clock=10ns' from C:/Users/ozair/Documents/Code_Drive/Drone/hls_component/hls_config.cfg(9)
INFO: [SYN 201-201] Setting up clock 'default' with a period of 10ns.
INFO: [HLS 200-1465] Applying config ini 'csim.code_analyzer=1' from C:/Users/ozair/Documents/Code_Drive/Drone/hls_component/hls_config.cfg(10)
INFO: [HLS 200-1465] Applying config ini 'package.output.format=ip_catalog' from C:/Users/ozair/Documents/Code_Drive/Drone/hls_component/hls_config.cfg(5)
INFO: [HLS 200-1465] Applying config ini 'syn.array_partition.complete_threshold=0' from C:/Users/ozair/Documents/Code_Drive/Drone/hls_component/hls_config.cfg(12)
INFO: [XFORM 203-102] Size-based automatic array partition disabled.
INFO: [HLS 200-1465] Applying config ini 'syn.array_partition.throughput_driven=off' from C:/Users/ozair/Documents/Code_Drive/Drone/hls_component/hls_config.cfg(13)
INFO: [XFORM 203-102] Size-based automatic array partition disabled.
INFO: [HLS 200-1465] Applying config ini 'syn.compile.performance_budgeter=disable' from C:/Users/ozair/Documents/Code_Drive/Drone/hls_component/hls_config.cfg(14)
INFO: [HLS 200-1465] Applying config ini 'syn.compile.pipeline_flush_in_task=ii1' from C:/Users/ozair/Documents/Code_Drive/Drone/hls_component/hls_config.cfg(11)
INFO: [HLS 200-1465] Applying config ini 'syn.compile.pipeline_style=stp' from C:/Users/ozair/Documents/Code_Drive/Drone/hls_component/hls_config.cfg(15)
INFO: [HLS 200-1465] Applying config ini 'syn.dataflow.disable_fifo_sizing_opt=1' from C:/Users/ozair/Documents/Code_Drive/Drone/hls_component/hls_config.cfg(16)
INFO: [HLS 200-1465] Applying config ini 'syn.dataflow.enable_canonicalization=0' from C:/Users/ozair/Documents/Code_Drive/Drone/hls_component/hls_config.cfg(17)
INFO: [HLS 200-2176] Writing Vitis IDE component file C:/Users/ozair/Documents/Code_Drive/Drone/hls_component/cnn_accel/vitis-comp.json
INFO: [SIM 211-200] Executing Code Analyzer instead of classic HLS C simulation
INFO: [HLS 211-200] Compiling source code ../hls_files/conv_pool.cpp as hardware code with instrumentation
INFO: [HLS 211-200] Compiling source code ../hls_files/conv_pool.cpp as test bench code with instrumentation
INFO: [HLS 211-200] Linking hardware code
INFO: [HLS 211-200] Transforming hardware bitcode
INFO: [HLS 211-200] Linking executable
INFO: [HLS 211-200] Computing HLS IR Information
INFO: [HLS 211-200] Determining source code dependencies
INFO: [SIM 211-200] Running executable
Detection flag = 1
INFO: [SIM 211-200] Analyzing trace data
INFO: [SIM 211-208] Running Code Analyzer
WARNING: [SIM 211-206] Code Analyzer does not display the impact of the partition pragma for dataflow channels (C:\Users\ozair\Documents\Code_Drive\Drone\hls_files\conv_pool.cpp:102:1)
WARNING: [SIM 211-206] Code Analyzer does not display the impact of the partition pragma for dataflow channels (C:\Users\ozair\Documents\Code_Drive\Drone\hls_files\conv_pool.cpp:103:1)
WARNING: [SIM 211-206] Code Analyzer does not display the impact of the partition pragma for dataflow channels (C:\Users\ozair\Documents\Code_Drive\Drone\hls_files\conv_pool.cpp:104:1)
WARNING: [SIM 211-206] Code Analyzer does not display the impact of the partition pragma for dataflow channels (C:\Users\ozair\Documents\Code_Drive\Drone\hls_files\conv_pool.cpp:105:1)
WARNING: [SIM 211-206] Code Analyzer does not display the impact of the partition pragma for dataflow channels (C:\Users\ozair\Documents\Code_Drive\Drone\hls_files\conv_pool.cpp:106:1)
WARNING: [HLS 211-200] Invalid pragma detected: Code Analyzer will not display the impact of 'pipeline' (C:\Users\ozair\Documents\Code_Drive\Drone\hls_files\conv_pool.cpp:268:1) as loop pipeline pragma is only valid if:
- All the subloops of the loop to be pipelined can be fully unrolled
- All the subloops are perfectly nested in the loop to be pipelined.
WARNING: [HLS 211-200] C:\Users\ozair\Documents\Code_Drive\Drone\hls_files\conv_pool.cpp:164:1: Ignoring pragma 'unroll' because it conflicts with pragma 'pipeline' (C:\Users\ozair\Documents\Code_Drive\Drone\hls_files\conv_pool.cpp:159:1). Reason: Inner loop cannot be partially unrolled because at least one outer loop has been pipelined
WARNING: [HLS 211-200] C:\Users\ozair\Documents\Code_Drive\Drone\hls_files\conv_pool.cpp:212:1: Ignoring pragma 'unroll' because it conflicts with pragma 'pipeline' (C:\Users\ozair\Documents\Code_Drive\Drone\hls_files\conv_pool.cpp:207:1). Reason: Inner loop cannot be partially unrolled because at least one outer loop has been pipelined
WARNING: [SIM 211-200] C:/Users/ozair/Documents/Code_Drive/Drone/hls_component\../hls_files/conv_pool.cpp:270:9: the dynamic loop had a trip count of min=72384 max=72384 during C simulation. (#pragma HLS loop_tripcount min=72384 max=72384)
INFO: [SIM 211-210] Code Analyzer finished
INFO: [HLS 200-112] Total CPU user time: 1 seconds. Total CPU system time: 2 seconds. Total elapsed time: 55.254 seconds; peak allocated memory: 144.781 MB.
INFO: [vitis-run 60-791] Total elapsed time: 0h 1m 1s
