  **** HLS Build v2025.1 6135595
INFO: [HLS 200-2005] Using work_dir C:/Users/ozair/Documents/Code_Drive/Drone/hls_component/cnn_accel 
INFO: [HLS 200-2176] Writing Vitis IDE component file C:/Users/ozair/Documents/Code_Drive/Drone/hls_component/cnn_accel/vitis-comp.json
INFO: [HLS 200-10] Creating and opening component 'C:/Users/ozair/Documents/Code_Drive/Drone/hls_component/cnn_accel'.
INFO: [HLS 200-1505] Using default flow_target 'vivado'
Resolution: For help on HLS 200-1505 see docs.xilinx.com/access/sources/dita/topic?Doc_Version=2025.1%20English&url=ug1448-hls-guidance&resourceid=200-1505.html
INFO: [HLS 200-2174] Applying component config ini file C:/Users/ozair/Documents/Code_Drive/Drone/hls_component/hls_config.cfg
INFO: [HLS 200-1465] Applying config ini 'syn.file=../hls_files/conv_pool.cpp' from C:/Users/ozair/Documents/Code_Drive/Drone/hls_component/hls_config.cfg(18)
INFO: [HLS 200-10] Adding design file 'C:/Users/ozair/Documents/Code_Drive/Drone/hls_files/conv_pool.cpp' to the project
INFO: [HLS 200-1465] Applying config ini 'tb.file=../hls_files/testbench.cpp' from C:/Users/ozair/Documents/Code_Drive/Drone/hls_component/hls_config.cfg(8)
INFO: [HLS 200-10] Adding test bench file 'C:/Users/ozair/Documents/Code_Drive/Drone/hls_files/testbench.cpp' to the project
INFO: [HLS 200-1465] Applying config ini 'syn.top=cnn_accel' from C:/Users/ozair/Documents/Code_Drive/Drone/hls_component/hls_config.cfg(7)
INFO: [HLS 200-1465] Applying config ini 'flow_target=vivado' from C:/Users/ozair/Documents/Code_Drive/Drone/hls_component/hls_config.cfg(4)
INFO: [HLS 200-1505] Using flow_target 'vivado'
Resolution: For help on HLS 200-1505 see docs.xilinx.com/access/sources/dita/topic?Doc_Version=2025.1%20English&url=ug1448-hls-guidance&resourceid=200-1505.html
INFO: [HLS 200-1465] Applying config ini 'part=xc7a100tfgg484-2L' from C:/Users/ozair/Documents/Code_Drive/Drone/hls_component/hls_config.cfg(1)
INFO: [HLS 200-1611] Setting target device to 'xc7a100t-fgg484-2L'
INFO: [HLS 200-1465] Applying config ini 'clock=10ns' from C:/Users/ozair/Documents/Code_Drive/Drone/hls_component/hls_config.cfg(9)
INFO: [SYN 201-201] Setting up clock 'default' with a period of 10ns.
INFO: [HLS 200-1465] Applying config ini 'csim.code_analyzer=1' from C:/Users/ozair/Documents/Code_Drive/Drone/hls_component/hls_config.cfg(10)
INFO: [HLS 200-1465] Applying config ini 'package.output.format=ip_catalog' from C:/Users/ozair/Documents/Code_Drive/Drone/hls_component/hls_config.cfg(5)
INFO: [HLS 200-1465] Applying config ini 'syn.array_partition.complete_threshold=0' from C:/Users/ozair/Documents/Code_Drive/Drone/hls_component/hls_config.cfg(12)
INFO: [XFORM 203-102] Size-based automatic array partition disabled.
INFO: [HLS 200-1465] Applying config ini 'syn.array_partition.throughput_driven=off' from C:/Users/ozair/Documents/Code_Drive/Drone/hls_component/hls_config.cfg(13)
INFO: [XFORM 203-102] Size-based automatic array partition disabled.
INFO: [HLS 200-1465] Applying config ini 'syn.compile.performance_budgeter=disable' from C:/Users/ozair/Documents/Code_Drive/Drone/hls_component/hls_config.cfg(14)
INFO: [HLS 200-1465] Applying config ini 'syn.compile.pipeline_flush_in_task=ii1' from C:/Users/ozair/Documents/Code_Drive/Drone/hls_component/hls_config.cfg(11)
INFO: [HLS 200-1465] Applying config ini 'syn.compile.pipeline_style=stp' from C:/Users/ozair/Documents/Code_Drive/Drone/hls_component/hls_config.cfg(15)
INFO: [HLS 200-1465] Applying config ini 'syn.dataflow.disable_fifo_sizing_opt=1' from C:/Users/ozair/Documents/Code_Drive/Drone/hls_component/hls_config.cfg(16)
INFO: [HLS 200-1465] Applying config ini 'syn.dataflow.enable_canonicalization=0' from C:/Users/ozair/Documents/Code_Drive/Drone/hls_component/hls_config.cfg(17)
INFO: [HLS 200-2176] Writing Vitis IDE component file C:/Users/ozair/Documents/Code_Drive/Drone/hls_component/cnn_accel/vitis-comp.json
INFO: [HLS 200-111] Finished File checks and directory preparation: CPU user time: 1 seconds. CPU system time: 1 seconds. Elapsed time: 5.638 seconds; current allocated memory: 143.898 MB.
INFO: [HLS 200-10] Analyzing design file '../hls_files/conv_pool.cpp' ... 
WARNING: [HLS 207-1016] unknown warning group '-Wmisleading-indentation', ignored (C:/Xilinx/2025.1/Vitis/common/technology/autopilot/etc/hls_sqrt_apfixed.h:16:34)
WARNING: [HLS 214-111] Static scalars and arrays declared inside a dataflow region will be treated like local variables (../hls_files/conv_pool.cpp:92:16)
Resolution: For help on HLS 214-111 see docs.xilinx.com/access/sources/dita/topic?Doc_Version=2025.1%20English&url=ug1448-hls-guidance&resourceid=214-111.html
WARNING: [HLS 214-111] Static scalars and arrays declared inside a dataflow region will be treated like local variables (../hls_files/conv_pool.cpp:93:19)
Resolution: For help on HLS 214-111 see docs.xilinx.com/access/sources/dita/topic?Doc_Version=2025.1%20English&url=ug1448-hls-guidance&resourceid=214-111.html
WARNING: [HLS 214-111] Static scalars and arrays declared inside a dataflow region will be treated like local variables (../hls_files/conv_pool.cpp:94:19)
Resolution: For help on HLS 214-111 see docs.xilinx.com/access/sources/dita/topic?Doc_Version=2025.1%20English&url=ug1448-hls-guidance&resourceid=214-111.html
WARNING: [HLS 214-111] Static scalars and arrays declared inside a dataflow region will be treated like local variables (../hls_files/conv_pool.cpp:95:19)
Resolution: For help on HLS 214-111 see docs.xilinx.com/access/sources/dita/topic?Doc_Version=2025.1%20English&url=ug1448-hls-guidance&resourceid=214-111.html
WARNING: [HLS 214-111] Static scalars and arrays declared inside a dataflow region will be treated like local variables (../hls_files/conv_pool.cpp:96:19)
Resolution: For help on HLS 214-111 see docs.xilinx.com/access/sources/dita/topic?Doc_Version=2025.1%20English&url=ug1448-hls-guidance&resourceid=214-111.html
WARNING: [HLS 214-111] Static scalars and arrays declared inside a dataflow region will be treated like local variables (../hls_files/conv_pool.cpp:97:19)
Resolution: For help on HLS 214-111 see docs.xilinx.com/access/sources/dita/topic?Doc_Version=2025.1%20English&url=ug1448-hls-guidance&resourceid=214-111.html
WARNING: [HLS 214-111] Static scalars and arrays declared inside a dataflow region will be treated like local variables (../hls_files/conv_pool.cpp:98:19)
Resolution: For help on HLS 214-111 see docs.xilinx.com/access/sources/dita/topic?Doc_Version=2025.1%20English&url=ug1448-hls-guidance&resourceid=214-111.html
WARNING: [HLS 200-471] Dataflow form checks found 7 issue(s) in file ../hls_files/conv_pool.cpp
Resolution: For help on HLS 200-471 see docs.xilinx.com/access/sources/dita/topic?Doc_Version=2025.1%20English&url=ug1448-hls-guidance&resourceid=200-471.html
INFO: [HLS 200-111] Finished Source Code Analysis and Preprocessing: CPU user time: 1 seconds. CPU system time: 0 seconds. Elapsed time: 28.229 seconds; current allocated memory: 151.438 MB.
INFO: [HLS 200-777] Using interface defaults for 'Vivado' flow target.
INFO: [HLS 200-1995] There were 14,801 instructions in the design after the 'Compile/Link' phase of compilation. See the Design Size Report for more details (C:/Users/ozair/Documents/Code_Drive/Drone/hls_component/cnn_accel/hls/syn/report/csynth_design_size.rpt:2)
INFO: [HLS 200-1995] There were 2,604 instructions in the design after the 'Unroll/Inline (step 1)' phase of compilation. See the Design Size Report for more details (C:/Users/ozair/Documents/Code_Drive/Drone/hls_component/cnn_accel/hls/syn/report/csynth_design_size.rpt:2)
INFO: [HLS 200-1995] There were 1,667 instructions in the design after the 'Unroll/Inline (step 2)' phase of compilation. See the Design Size Report for more details (C:/Users/ozair/Documents/Code_Drive/Drone/hls_component/cnn_accel/hls/syn/report/csynth_design_size.rpt:2)
INFO: [HLS 200-1995] There were 1,476 instructions in the design after the 'Unroll/Inline (step 3)' phase of compilation. See the Design Size Report for more details (C:/Users/ozair/Documents/Code_Drive/Drone/hls_component/cnn_accel/hls/syn/report/csynth_design_size.rpt:2)
INFO: [HLS 200-1995] There were 1,232 instructions in the design after the 'Unroll/Inline (step 4)' phase of compilation. See the Design Size Report for more details (C:/Users/ozair/Documents/Code_Drive/Drone/hls_component/cnn_accel/hls/syn/report/csynth_design_size.rpt:2)
INFO: [HLS 200-1995] There were 1,716 instructions in the design after the 'Array/Struct (step 1)' phase of compilation. See the Design Size Report for more details (C:/Users/ozair/Documents/Code_Drive/Drone/hls_component/cnn_accel/hls/syn/report/csynth_design_size.rpt:2)
INFO: [HLS 200-1995] There were 1,463 instructions in the design after the 'Array/Struct (step 2)' phase of compilation. See the Design Size Report for more details (C:/Users/ozair/Documents/Code_Drive/Drone/hls_component/cnn_accel/hls/syn/report/csynth_design_size.rpt:2)
INFO: [HLS 200-1995] There were 1,463 instructions in the design after the 'Array/Struct (step 3)' phase of compilation. See the Design Size Report for more details (C:/Users/ozair/Documents/Code_Drive/Drone/hls_component/cnn_accel/hls/syn/report/csynth_design_size.rpt:2)
INFO: [HLS 200-1995] There were 1,463 instructions in the design after the 'Array/Struct (step 4)' phase of compilation. See the Design Size Report for more details (C:/Users/ozair/Documents/Code_Drive/Drone/hls_component/cnn_accel/hls/syn/report/csynth_design_size.rpt:2)
INFO: [HLS 200-1995] There were 1,346 instructions in the design after the 'Array/Struct (step 5)' phase of compilation. See the Design Size Report for more details (C:/Users/ozair/Documents/Code_Drive/Drone/hls_component/cnn_accel/hls/syn/report/csynth_design_size.rpt:2)
INFO: [HLS 200-1995] There were 1,346 instructions in the design after the 'Performance (step 1)' phase of compilation. See the Design Size Report for more details (C:/Users/ozair/Documents/Code_Drive/Drone/hls_component/cnn_accel/hls/syn/report/csynth_design_size.rpt:2)
INFO: [HLS 200-1995] There were 1,344 instructions in the design after the 'Performance (step 2)' phase of compilation. See the Design Size Report for more details (C:/Users/ozair/Documents/Code_Drive/Drone/hls_component/cnn_accel/hls/syn/report/csynth_design_size.rpt:2)
INFO: [HLS 200-1995] There were 1,343 instructions in the design after the 'Performance (step 3)' phase of compilation. See the Design Size Report for more details (C:/Users/ozair/Documents/Code_Drive/Drone/hls_component/cnn_accel/hls/syn/report/csynth_design_size.rpt:2)
INFO: [HLS 200-1995] There were 1,343 instructions in the design after the 'Performance (step 4)' phase of compilation. See the Design Size Report for more details (C:/Users/ozair/Documents/Code_Drive/Drone/hls_component/cnn_accel/hls/syn/report/csynth_design_size.rpt:2)
INFO: [HLS 200-1995] There were 1,474 instructions in the design after the 'HW Transforms (step 1)' phase of compilation. See the Design Size Report for more details (C:/Users/ozair/Documents/Code_Drive/Drone/hls_component/cnn_accel/hls/syn/report/csynth_design_size.rpt:2)
INFO: [HLS 200-1995] There were 1,430 instructions in the design after the 'HW Transforms (step 2)' phase of compilation. See the Design Size Report for more details (C:/Users/ozair/Documents/Code_Drive/Drone/hls_component/cnn_accel/hls/syn/report/csynth_design_size.rpt:2)
INFO: [HLS 214-131] Inlining function 'exp_reduce_::exp(float)' into 'hls::exp(float)' (C:\scratch\2025.1\hls_product\640\2025.1\src\shared\hls\clib\hlsmath\src\c++\expfloat.cpp:17:9)
INFO: [HLS 214-131] Inlining function 'hls::exp(float)' into 'fc2(float const*, float const*, float const*, unsigned char*)' (../hls_files/conv_pool.cpp:290:34)
INFO: [HLS 214-291] Loop 'VITIS_LOOP_270_1' is marked as complete unroll implied by the pipeline pragma (../hls_files/conv_pool.cpp:270:27)
INFO: [HLS 214-291] Loop 'CONV2_KR' is marked as complete unroll implied by the pipeline pragma (../hls_files/conv_pool.cpp:209:27)
INFO: [HLS 214-291] Loop 'CONV2_KC' is marked as complete unroll implied by the pipeline pragma (../hls_files/conv_pool.cpp:210:31)
INFO: [HLS 214-291] Loop 'CONV2_CH' is marked as complete unroll implied by the pipeline pragma (../hls_files/conv_pool.cpp:211:35)
INFO: [HLS 214-291] Loop 'CONV1_KR' is marked as complete unroll implied by the pipeline pragma (../hls_files/conv_pool.cpp:161:27)
INFO: [HLS 214-291] Loop 'CONV1_KC' is marked as complete unroll implied by the pipeline pragma (../hls_files/conv_pool.cpp:162:31)
INFO: [HLS 214-291] Loop 'CONV1_CH' is marked as complete unroll implied by the pipeline pragma (../hls_files/conv_pool.cpp:163:35)
INFO: [HLS 214-186] Unrolling loop 'CONV2_KR' (../hls_files/conv_pool.cpp:209:27) in function 'conv2' completely with a factor of 3 (../hls_files/conv_pool.cpp:203:0)
INFO: [HLS 214-186] Unrolling loop 'CONV2_KC' (../hls_files/conv_pool.cpp:210:31) in function 'conv2' completely with a factor of 3 (../hls_files/conv_pool.cpp:203:0)
INFO: [HLS 214-186] Unrolling loop 'CONV2_CH' (../hls_files/conv_pool.cpp:211:35) in function 'conv2' completely with a factor of 8 (../hls_files/conv_pool.cpp:203:0)
INFO: [HLS 214-186] Unrolling loop 'CONV1_KR' (../hls_files/conv_pool.cpp:161:27) in function 'conv1' completely with a factor of 3 (../hls_files/conv_pool.cpp:155:0)
INFO: [HLS 214-186] Unrolling loop 'CONV1_KC' (../hls_files/conv_pool.cpp:162:31) in function 'conv1' completely with a factor of 3 (../hls_files/conv_pool.cpp:155:0)
INFO: [HLS 214-186] Unrolling loop 'CONV1_CH' (../hls_files/conv_pool.cpp:163:35) in function 'conv1' completely with a factor of 3 (../hls_files/conv_pool.cpp:155:0)
INFO: [HLS 214-178] Inlining function 'fp_struct<float>::data() const (.35.45.54.65)' into 'fp_struct<float>::to_float() const (.32.42.51.62)' (C:\scratch\2025.1\hls_product\640\2025.1\src\shared\hls\clib/src/hls\utils/x_hls_utils.h:322:0)
INFO: [HLS 214-178] Inlining function 'fp_struct<float>::to_float() const (.32.42.51.62)' into 'fp_struct<float>::to_ieee() const' (C:\scratch\2025.1\hls_product\640\2025.1\src\shared\hls\clib/src/hls\utils/x_hls_utils.h:346:0)
INFO: [HLS 214-178] Inlining function 'fp_struct<float>::fp_struct(float)' into 'float generic_copysign<float>(float, float)' (C:\scratch\2025.1\hls_product\640\2025.1\src\shared\hls\clib/hlsmath/include/FloatingPoint/hls_copysign.h:10:0)
INFO: [HLS 214-178] Inlining function 'fp_struct<float>::to_ieee() const' into 'float generic_copysign<float>(float, float)' (C:\scratch\2025.1\hls_product\640\2025.1\src\shared\hls\clib/hlsmath/include/FloatingPoint/hls_copysign.h:10:0)
INFO: [HLS 214-178] Inlining function 'float generic_copysign<float>(float, float)' into 'float generic_fabs<float>(float)' (C:\scratch\2025.1\hls_product\640\2025.1\src\shared\hls\clib/hlsmath/include/FloatingPoint/hls_fabs.h:12:0)
INFO: [HLS 214-178] Inlining function 'fp_struct<float>::to_ieee() const' into 'float generic_nan<float>(char const*)' (C:\scratch\2025.1\hls_product\640\2025.1\src\shared\hls\clib/hlsmath/include/FloatingPoint/hls_nan.h:10:0)
INFO: [HLS 214-178] Inlining function 'fp_struct<double>::fp_struct(double)' into 'int generic_isnan<double>(double)' (C:\scratch\2025.1\hls_product\640\2025.1\src\shared\hls\clib/hlsmath/include/FloatingPoint/hls_isnan.h:16:0)
INFO: [HLS 214-178] Inlining function 'fp_struct<double>::fp_struct(double)' into 'int generic_isinf<double>(double)' (C:\scratch\2025.1\hls_product\640\2025.1\src\shared\hls\clib/hlsmath/include/FloatingPoint/hls_isinf.h:16:0)
INFO: [HLS 214-178] Inlining function 'fp_struct<double>::data() const (.96.106.116.134)' into 'fp_struct<double>::to_double() const (.93.103.113.131)' (C:\scratch\2025.1\hls_product\640\2025.1\src\shared\hls\clib/src/hls\utils/x_hls_utils.h:494:0)
INFO: [HLS 214-178] Inlining function 'fp_struct<double>::to_double() const (.93.103.113.131)' into 'fp_struct<double>::to_ieee() const' (C:\scratch\2025.1\hls_product\640\2025.1\src\shared\hls\clib/src/hls\utils/x_hls_utils.h:509:0)
INFO: [HLS 214-178] Inlining function 'fp_struct<double>::fp_struct(double)' into 'double exp_reduce_::exp_generic<double>(double)' (C:\scratch\2025.1\hls_product\640\2025.1\src\shared\hls\clib/hlsmath/include/FloatingPoint\hls_exp_.h:157:0)
INFO: [HLS 214-178] Inlining function 'int generic_isnan<double>(double)' into 'double exp_reduce_::exp_generic<double>(double)' (C:\scratch\2025.1\hls_product\640\2025.1\src\shared\hls\clib/hlsmath/include/FloatingPoint\hls_exp_.h:157:0)
INFO: [HLS 214-178] Inlining function 'int generic_isinf<double>(double)' into 'double exp_reduce_::exp_generic<double>(double)' (C:\scratch\2025.1\hls_product\640\2025.1\src\shared\hls\clib/hlsmath/include/FloatingPoint\hls_exp_.h:157:0)
INFO: [HLS 214-178] Inlining function 'fp_struct<double>::to_ieee() const' into 'double exp_reduce_::exp_generic<double>(double)' (C:\scratch\2025.1\hls_product\640\2025.1\src\shared\hls\clib/hlsmath/include/FloatingPoint\hls_exp_.h:157:0)
INFO: [HLS 214-178] Inlining function 'fp_struct<double>::expv() const' into 'double exp_reduce_::exp_generic<double>(double)' (C:\scratch\2025.1\hls_product\640\2025.1\src\shared\hls\clib/hlsmath/include/FloatingPoint\hls_exp_.h:157:0)
INFO: [HLS 214-178] Inlining function 'exp_reduce_::exp_traits<double>::exp_Z1P_m_1(ap_ufixed<51, -8, (ap_q_mode)5, (ap_o_mode)3, 0>)' into 'double exp_reduce_::exp_generic<double>(double)' (C:\scratch\2025.1\hls_product\640\2025.1\src\shared\hls\clib/hlsmath/include/FloatingPoint\hls_exp_.h:157:0)
INFO: [HLS 214-178] Inlining function 'fp_struct<float>::fp_struct(float)' into 'exp_reduce_::expm1(float)' (C:\scratch\2025.1\hls_product\640\2025.1\src\shared\hls\clib\hlsmath\src\common\hls_exp_float.cpp:7:0)
INFO: [HLS 214-178] Inlining function 'fp_struct<float>::fp_struct(float)' into 'float explog_based::generic_tanh<float>(float)' (C:\scratch\2025.1\hls_product\640\2025.1\src\shared\hls\clib/hlsmath/include/FloatingPoint\hls_tanh.h:28:0)
INFO: [HLS 214-178] Inlining function 'float generic_fabs<float>(float)' into 'float explog_based::generic_tanh<float>(float)' (C:\scratch\2025.1\hls_product\640\2025.1\src\shared\hls\clib/hlsmath/include/FloatingPoint\hls_tanh.h:28:0)
INFO: [HLS 214-178] Inlining function 'float generic_nan<float>(char const*)' into 'float explog_based::generic_tanh<float>(float)' (C:\scratch\2025.1\hls_product\640\2025.1\src\shared\hls\clib/hlsmath/include/FloatingPoint\hls_tanh.h:28:0)
INFO: [HLS 214-178] Inlining function 'exp_reduce_::expm1(float)' into 'float explog_based::generic_tanh<float>(float)' (C:\scratch\2025.1\hls_product\640\2025.1\src\shared\hls\clib/hlsmath/include/FloatingPoint\hls_tanh.h:28:0)
INFO: [HLS 214-178] Inlining function 'hls::tanh(float)' into 'fc1(float const*, int, float const*, float const*, float*)' (../hls_files/conv_pool.cpp:266:0)
WARNING: [HLS 214-464] Skipping array undecay on variable length array 'FC2_B'. (../hls_files/conv_pool.cpp:66:0)
WARNING: [HLS 214-464] Skipping array undecay on variable length array 'flag_out'. (../hls_files/conv_pool.cpp:66:0)
INFO: [HLS 214-248] Applying array_partition to '_ZZ9cnn_accelE7feat2_p': Block partitioning with factor 4 on dimension 3. (../hls_files/conv_pool.cpp:96:0)
INFO: [HLS 214-248] Applying array_partition to '_ZZ9cnn_accelE5feat2': Block partitioning with factor 4 on dimension 3. (../hls_files/conv_pool.cpp:95:0)
INFO: [HLS 214-248] Applying array_partition to '_ZZ9cnn_accelE7feat1_p': Block partitioning with factor 4 on dimension 3. (../hls_files/conv_pool.cpp:94:0)
INFO: [HLS 214-248] Applying array_partition to '_ZZ9cnn_accelE5feat1': Block partitioning with factor 4 on dimension 3. (../hls_files/conv_pool.cpp:93:0)
INFO: [HLS 214-248] Applying array_partition to '_ZZ9cnn_accelE9local_img': Block partitioning with factor 2 on dimension 3. (../hls_files/conv_pool.cpp:92:0)
INFO: [HLS 214-115] Multiple burst reads of length 230400 and bit width 32 in loop 'LOAD_IMG_ROWS'(../hls_files/conv_pool.cpp:139:20) has been inferred on bundle 'IMGmem'. These burst requests might be further partitioned into multiple requests during RTL generation, based on max_read_burst_length or max_write_burst_length settings. (../hls_files/conv_pool.cpp:139:20)
INFO: [HLS 214-115] Multiple burst reads of length 216 and bit width 32 in loop 'CONV1_FIL'(../hls_files/conv_pool.cpp:158:24) has been inferred on bundle 'W1mem'. These burst requests might be further partitioned into multiple requests during RTL generation, based on max_read_burst_length or max_write_burst_length settings. (../hls_files/conv_pool.cpp:158:24)
INFO: [HLS 214-115] Multiple burst reads of length 8 and bit width 32 in loop 'CONV1_FIL'(../hls_files/conv_pool.cpp:158:24) has been inferred on bundle 'B1mem'. These burst requests might be further partitioned into multiple requests during RTL generation, based on max_read_burst_length or max_write_burst_length settings. (../hls_files/conv_pool.cpp:158:24)
INFO: [HLS 214-115] Multiple burst reads of length 1152 and bit width 32 in loop 'CONV2_FIL'(../hls_files/conv_pool.cpp:206:24) has been inferred on bundle 'W2mem'. These burst requests might be further partitioned into multiple requests during RTL generation, based on max_read_burst_length or max_write_burst_length settings. (../hls_files/conv_pool.cpp:206:24)
INFO: [HLS 214-115] Multiple burst reads of length 16 and bit width 32 in loop 'CONV2_FIL'(../hls_files/conv_pool.cpp:206:24) has been inferred on bundle 'B2mem'. These burst requests might be further partitioned into multiple requests during RTL generation, based on max_read_burst_length or max_write_burst_length settings. (../hls_files/conv_pool.cpp:206:24)
INFO: [HLS 214-115] Multiple burst reads of variable length and bit width 32 has been inferred on bundle 'W3mem'. These burst requests might be further partitioned into multiple requests during RTL generation, based on max_read_burst_length or max_write_burst_length settings. (../hls_files/conv_pool.cpp:267:14)
INFO: [HLS 214-115] Multiple burst reads of length 32 and bit width 32 in loop 'FC1_OUT'(../hls_files/conv_pool.cpp:267:14) has been inferred on bundle 'B3mem'. These burst requests might be further partitioned into multiple requests during RTL generation, based on max_read_burst_length or max_write_burst_length settings. (../hls_files/conv_pool.cpp:267:14)
INFO: [HLS 214-115] Multiple burst reads of length 32 and bit width 32 in loop 'FC2_LOOP'(../hls_files/conv_pool.cpp:286:15) has been inferred on bundle 'W4mem'. These burst requests might be further partitioned into multiple requests during RTL generation, based on max_read_burst_length or max_write_burst_length settings. (../hls_files/conv_pool.cpp:286:15)
WARNING: [HLS 214-187] Cannot unroll loop 'VITIS_LOOP_270_1' (../hls_files/conv_pool.cpp:270:27) in function 'fc1' as it has a variable trip count (../hls_files/conv_pool.cpp:270:27)
INFO: [HLS 200-111] Finished Compiling Optimization and Transform: CPU user time: 1 seconds. CPU system time: 0 seconds. Elapsed time: 13.244 seconds; current allocated memory: 155.863 MB.
INFO: [HLS 200-111] Finished Checking Pragmas: CPU user time: 0 seconds. CPU system time: 0 seconds. Elapsed time: 0.005 seconds; current allocated memory: 155.863 MB.
INFO: [HLS 200-10] Starting code transformations ...
INFO: [HLS 200-111] Finished Standard Transforms: CPU user time: 0 seconds. CPU system time: 0 seconds. Elapsed time: 0.163 seconds; current allocated memory: 163.738 MB.
INFO: [HLS 200-10] Checking synthesizability ...
INFO: [HLS 200-111] Finished Checking Synthesizability: CPU user time: 0 seconds. CPU system time: 0 seconds. Elapsed time: 0.187 seconds; current allocated memory: 168.254 MB.
INFO: [XFORM 203-712] Applying dataflow to function 'cnn_accel' (../hls_files/conv_pool.cpp:52:1), detected/extracted 8 process function(s): 
	 'load_img'
	 'conv1'
	 'pool1'
	 'conv2'
	 'pool2'
	 'flatten'
	 'fc1'
	 'fc2'.
INFO: [XFORM 203-401] Performing if-conversion on hyperblock from (C:\scratch\2025.1\hls_product\640\2025.1\src\shared\hls\clib/hlsmath/include/FloatingPoint\hls_exp_.h:158:9) to (C:\scratch\2025.1\hls_product\640\2025.1\src\shared\hls\clib/hlsmath/include/FloatingPoint\hls_exp_.h:339:3) in function 'exp_reduce_::exp_generic<double>'... converting 10 basic blocks.
INFO: [HLS 200-111] Finished Loop, function and other optimizations: CPU user time: 1 seconds. CPU system time: 0 seconds. Elapsed time: 0.626 seconds; current allocated memory: 192.953 MB.
INFO: [HLS 200-2061] Successfully converted nested loops 'POOL2_COL'(../hls_files/conv_pool.cpp:230:20) and 'POOL2_CH'(../hls_files/conv_pool.cpp:231:23) in function 'pool2' into perfectly nested loops.
INFO: [HLS 200-2061] Successfully converted nested loops 'POOL2_ROW'(../hls_files/conv_pool.cpp:229:16) and 'POOL2_COL'(../hls_files/conv_pool.cpp:230:20) in function 'pool2' into perfectly nested loops.
INFO: [HLS 200-2061] Successfully converted nested loops 'POOL1_COL'(../hls_files/conv_pool.cpp:183:20) and 'POOL1_CH'(../hls_files/conv_pool.cpp:184:23) in function 'pool1' into perfectly nested loops.
INFO: [HLS 200-2061] Successfully converted nested loops 'POOL1_ROW'(../hls_files/conv_pool.cpp:182:16) and 'POOL1_COL'(../hls_files/conv_pool.cpp:183:20) in function 'pool1' into perfectly nested loops.
INFO: [HLS 200-2061] Successfully converted nested loops 'LOAD_IMG_COLS'(../hls_files/conv_pool.cpp:140:24) and 'LOAD_IMG_CH'(../hls_files/conv_pool.cpp:141:26) in function 'load_img' into perfectly nested loops.
INFO: [HLS 200-2061] Successfully converted nested loops 'LOAD_IMG_ROWS'(../hls_files/conv_pool.cpp:139:20) and 'LOAD_IMG_COLS'(../hls_files/conv_pool.cpp:140:24) in function 'load_img' into perfectly nested loops.
INFO: [HLS 200-2061] Successfully converted nested loops 'VITIS_LOOP_252_1'(../hls_files/conv_pool.cpp:252:27) and 'VITIS_LOOP_253_2'(../hls_files/conv_pool.cpp:253:31) in function 'flatten' into perfectly nested loops.
INFO: [HLS 200-2061] Successfully converted nested loops 'FLATTEN'(../hls_files/conv_pool.cpp:251:14) and 'VITIS_LOOP_252_1'(../hls_files/conv_pool.cpp:252:27) in function 'flatten' into perfectly nested loops.
INFO: [HLS 200-2061] Successfully converted nested loops 'CONV2_COL'(../hls_files/conv_pool.cpp:205:20) and 'CONV2_FIL'(../hls_files/conv_pool.cpp:206:24) in function 'conv2' into perfectly nested loops.
INFO: [HLS 200-2061] Successfully converted nested loops 'CONV2_ROW'(../hls_files/conv_pool.cpp:204:16) and 'CONV2_COL'(../hls_files/conv_pool.cpp:205:20) in function 'conv2' into perfectly nested loops.
INFO: [HLS 200-2061] Successfully converted nested loops 'CONV1_COL'(../hls_files/conv_pool.cpp:157:20) and 'CONV1_FIL'(../hls_files/conv_pool.cpp:158:24) in function 'conv1' into perfectly nested loops.
INFO: [HLS 200-2061] Successfully converted nested loops 'CONV1_ROW'(../hls_files/conv_pool.cpp:156:16) and 'CONV1_COL'(../hls_files/conv_pool.cpp:157:20) in function 'conv1' into perfectly nested loops.
INFO: [XFORM 203-541] Flattening a loop nest 'POOL2_COL' (../hls_files/conv_pool.cpp:230:20) in function 'pool2'.
INFO: [XFORM 203-541] Flattening a loop nest 'POOL2_ROW' (../hls_files/conv_pool.cpp:229:16) in function 'pool2'.
INFO: [XFORM 203-541] Flattening a loop nest 'POOL1_COL' (../hls_files/conv_pool.cpp:183:20) in function 'pool1'.
INFO: [XFORM 203-541] Flattening a loop nest 'POOL1_ROW' (../hls_files/conv_pool.cpp:182:16) in function 'pool1'.
INFO: [XFORM 203-541] Flattening a loop nest 'LOAD_IMG_COLS' (../hls_files/conv_pool.cpp:140:24) in function 'load_img'.
INFO: [XFORM 203-541] Flattening a loop nest 'LOAD_IMG_ROWS' (../hls_files/conv_pool.cpp:139:20) in function 'load_img'.
INFO: [XFORM 203-541] Flattening a loop nest 'VITIS_LOOP_252_1' (../hls_files/conv_pool.cpp:252:27) in function 'flatten'.
INFO: [XFORM 203-541] Flattening a loop nest 'FLATTEN' (../hls_files/conv_pool.cpp:251:14) in function 'flatten'.
INFO: [XFORM 203-541] Flattening a loop nest 'CONV2_COL' (../hls_files/conv_pool.cpp:205:20) in function 'conv2'.
INFO: [XFORM 203-541] Flattening a loop nest 'CONV2_ROW' (../hls_files/conv_pool.cpp:204:16) in function 'conv2'.
INFO: [XFORM 203-541] Flattening a loop nest 'CONV1_COL' (../hls_files/conv_pool.cpp:157:20) in function 'conv1'.
INFO: [XFORM 203-541] Flattening a loop nest 'CONV1_ROW' (../hls_files/conv_pool.cpp:156:16) in function 'conv1'.
WARNING: [HLS 200-1449] Process conv1 has both a predecessor and reads an input from its caller (see the GUI dataflow viewer). This may lead to lower throughput. Consider copying this input via a predecessor process.
WARNING: [HLS 200-1449] Process conv2 has both a predecessor and reads an input from its caller (see the GUI dataflow viewer). This may lead to lower throughput. Consider copying this input via a predecessor process.
WARNING: [HLS 200-1449] Process fc1 has both a predecessor and reads an input from its caller (see the GUI dataflow viewer). This may lead to lower throughput. Consider copying this input via a predecessor process.
WARNING: [HLS 200-1449] Process fc2 has both a predecessor and reads an input from its caller (see the GUI dataflow viewer). This may lead to lower throughput. Consider copying this input via a predecessor process.
INFO: [HLS 200-111] Finished Architecture Synthesis: CPU user time: 0 seconds. CPU system time: 0 seconds. Elapsed time: 1.553 seconds; current allocated memory: 288.656 MB.
INFO: [HLS 200-10] Starting hardware synthesis ...
INFO: [HLS 200-10] Synthesizing 'cnn_accel' ...
WARNING: [SYN 201-103] Legalizing function name 'exp_generic<double>' to 'exp_generic_double_s'.
WARNING: [SYN 201-103] Legalizing function name 'generic_tanh<float>' to 'generic_tanh_float_s'.
INFO: [HLS 200-10] ----------------------------------------------------------------
INFO: [HLS 200-42] -- Implementing module 'load_img' 
INFO: [HLS 200-10] ----------------------------------------------------------------
INFO: [SCHED 204-11] Starting scheduling ...
INFO: [SCHED 204-61] Pipelining loop 'LOAD_IMG_ROWS_LOAD_IMG_COLS_LOAD_IMG_CH'.
INFO: [HLS 200-1470] Pipelining result : Target II = 3, Final II = 3, Depth = 11, loop 'LOAD_IMG_ROWS_LOAD_IMG_COLS_LOAD_IMG_CH'
INFO: [SCHED 204-11] Finished scheduling.
INFO: [HLS 200-111] Finished Scheduling: CPU user time: 1 seconds. CPU system time: 0 seconds. Elapsed time: 0.416 seconds; current allocated memory: 293.527 MB.
INFO: [#UNDEF] Rewind delay = 8 for the pipelined loop 'LOAD_IMG_ROWS_LOAD_IMG_COLS_LOAD_IMG_CH' due to a write-after-read dependence on variable 'i27'.
INFO: [BIND 205-100] Starting micro-architecture generation ...
INFO: [BIND 205-101] Performing variable lifetime analysis.
INFO: [BIND 205-101] Exploring resource sharing.
INFO: [BIND 205-101] Binding ...
INFO: [BIND 205-100] Finished micro-architecture generation.
INFO: [HLS 200-111] Finished Binding: CPU user time: 0 seconds. CPU system time: 0 seconds. Elapsed time: 0.051 seconds; current allocated memory: 294.758 MB.
INFO: [HLS 200-10] ----------------------------------------------------------------
INFO: [HLS 200-42] -- Implementing module 'conv1' 
INFO: [HLS 200-10] ----------------------------------------------------------------
INFO: [SCHED 204-11] Starting scheduling ...
INFO: [HLS 200-486] Changing DSP latency (root=add_ln171) to 3 in order to utilize available DSP registers.
INFO: [SCHED 204-61] Pipelining loop 'CONV1_ROW_CONV1_COL_CONV1_FIL'.
WARNING: [HLS 200-880] The II Violation in module 'conv1' (loop 'CONV1_ROW_CONV1_COL_CONV1_FIL'): Unable to enforce a carried dependence constraint (II = 3, distance = 1, offset = 1) between bus read operation ('W1mem_addr_read_26', ../hls_files/conv_pool.cpp:166) on port 'W1mem' (../hls_files/conv_pool.cpp:166) and bus read operation ('W1mem_addr_read', ../hls_files/conv_pool.cpp:166) on port 'W1mem' (../hls_files/conv_pool.cpp:166).
Resolution: For help on HLS 200-880 see docs.xilinx.com/access/sources/dita/topic?Doc_Version=2025.1%20English&url=ug1448-hls-guidance&resourceid=200-880.html
WARNING: [HLS 200-880] The II Violation in module 'conv1' (loop 'CONV1_ROW_CONV1_COL_CONV1_FIL'): Unable to enforce a carried dependence constraint (II = 4, distance = 1, offset = 1) between bus read operation ('W1mem_addr_read_26', ../hls_files/conv_pool.cpp:166) on port 'W1mem' (../hls_files/conv_pool.cpp:166) and bus read operation ('W1mem_addr_read', ../hls_files/conv_pool.cpp:166) on port 'W1mem' (../hls_files/conv_pool.cpp:166).
Resolution: For help on HLS 200-880 see docs.xilinx.com/access/sources/dita/topic?Doc_Version=2025.1%20English&url=ug1448-hls-guidance&resourceid=200-880.html
WARNING: [HLS 200-880] The II Violation in module 'conv1' (loop 'CONV1_ROW_CONV1_COL_CONV1_FIL'): Unable to enforce a carried dependence constraint (II = 5, distance = 1, offset = 1) between bus read operation ('W1mem_addr_read_26', ../hls_files/conv_pool.cpp:166) on port 'W1mem' (../hls_files/conv_pool.cpp:166) and bus read operation ('W1mem_addr_read', ../hls_files/conv_pool.cpp:166) on port 'W1mem' (../hls_files/conv_pool.cpp:166).
Resolution: For help on HLS 200-880 see docs.xilinx.com/access/sources/dita/topic?Doc_Version=2025.1%20English&url=ug1448-hls-guidance&resourceid=200-880.html
WARNING: [HLS 200-880] The II Violation in module 'conv1' (loop 'CONV1_ROW_CONV1_COL_CONV1_FIL'): Unable to enforce a carried dependence constraint (II = 6, distance = 1, offset = 1) between bus read operation ('W1mem_addr_read_26', ../hls_files/conv_pool.cpp:166) on port 'W1mem' (../hls_files/conv_pool.cpp:166) and bus read operation ('W1mem_addr_read', ../hls_files/conv_pool.cpp:166) on port 'W1mem' (../hls_files/conv_pool.cpp:166).
Resolution: For help on HLS 200-880 see docs.xilinx.com/access/sources/dita/topic?Doc_Version=2025.1%20English&url=ug1448-hls-guidance&resourceid=200-880.html
WARNING: [HLS 200-880] The II Violation in module 'conv1' (loop 'CONV1_ROW_CONV1_COL_CONV1_FIL'): Unable to enforce a carried dependence constraint (II = 21, distance = 1, offset = 1) between bus read operation ('W1mem_addr_read_26', ../hls_files/conv_pool.cpp:166) on port 'W1mem' (../hls_files/conv_pool.cpp:166) and bus read operation ('W1mem_addr_read', ../hls_files/conv_pool.cpp:166) on port 'W1mem' (../hls_files/conv_pool.cpp:166).
Resolution: For help on HLS 200-880 see docs.xilinx.com/access/sources/dita/topic?Doc_Version=2025.1%20English&url=ug1448-hls-guidance&resourceid=200-880.html
WARNING: [HLS 200-880] The II Violation in module 'conv1' (loop 'CONV1_ROW_CONV1_COL_CONV1_FIL'): Unable to enforce a carried dependence constraint (II = 25, distance = 1, offset = 1) between bus read operation ('W1mem_addr_read_26', ../hls_files/conv_pool.cpp:166) on port 'W1mem' (../hls_files/conv_pool.cpp:166) and bus read operation ('W1mem_addr_read', ../hls_files/conv_pool.cpp:166) on port 'W1mem' (../hls_files/conv_pool.cpp:166).
Resolution: For help on HLS 200-880 see docs.xilinx.com/access/sources/dita/topic?Doc_Version=2025.1%20English&url=ug1448-hls-guidance&resourceid=200-880.html
WARNING: [HLS 200-880] The II Violation in module 'conv1' (loop 'CONV1_ROW_CONV1_COL_CONV1_FIL'): Unable to enforce a carried dependence constraint (II = 26, distance = 1, offset = 1) between bus read operation ('W1mem_addr_read_26', ../hls_files/conv_pool.cpp:166) on port 'W1mem' (../hls_files/conv_pool.cpp:166) and bus read operation ('W1mem_addr_read', ../hls_files/conv_pool.cpp:166) on port 'W1mem' (../hls_files/conv_pool.cpp:166).
Resolution: For help on HLS 200-880 see docs.xilinx.com/access/sources/dita/topic?Doc_Version=2025.1%20English&url=ug1448-hls-guidance&resourceid=200-880.html
INFO: [HLS 200-1470] Pipelining result : Target II = 3, Final II = 27, Depth = 171, loop 'CONV1_ROW_CONV1_COL_CONV1_FIL'
INFO: [SCHED 204-11] Finished scheduling.
INFO: [HLS 200-111] Finished Scheduling: CPU user time: 1 seconds. CPU system time: 0 seconds. Elapsed time: 1.958 seconds; current allocated memory: 300.594 MB.
INFO: [#UNDEF] Rewind delay = 26 for the pipelined loop 'CONV1_ROW_CONV1_COL_CONV1_FIL' due to a write-after-read dependence on variable 'local_img_1_load_143198'.
INFO: [BIND 205-100] Starting micro-architecture generation ...
INFO: [BIND 205-101] Performing variable lifetime analysis.
INFO: [BIND 205-101] Exploring resource sharing.
INFO: [BIND 205-101] Binding ...
INFO: [BIND 205-100] Finished micro-architecture generation.
INFO: [HLS 200-111] Finished Binding: CPU user time: 0 seconds. CPU system time: 0 seconds. Elapsed time: 0.157 seconds; current allocated memory: 300.734 MB.
INFO: [HLS 200-10] ----------------------------------------------------------------
INFO: [HLS 200-42] -- Implementing module 'pool1' 
INFO: [HLS 200-10] ----------------------------------------------------------------
INFO: [SCHED 204-11] Starting scheduling ...
INFO: [HLS 200-486] Changing DSP latency (root=add_ln192) to 3 in order to utilize available DSP registers.
INFO: [SCHED 204-61] Pipelining loop 'POOL1_ROW_POOL1_COL_POOL1_CH'.
INFO: [HLS 200-1470] Pipelining result : Target II = 3, Final II = 3, Depth = 13, loop 'POOL1_ROW_POOL1_COL_POOL1_CH'
INFO: [SCHED 204-11] Finished scheduling.
INFO: [HLS 200-111] Finished Scheduling: CPU user time: 0 seconds. CPU system time: 0 seconds. Elapsed time: 0.242 seconds; current allocated memory: 301.688 MB.
INFO: [#UNDEF] Rewind delay = 3 for the pipelined loop 'POOL1_ROW_POOL1_COL_POOL1_CH' to synchronize the reading of PIPO 'feat1' with ap_ready.
INFO: [BIND 205-100] Starting micro-architecture generation ...
INFO: [BIND 205-101] Performing variable lifetime analysis.
INFO: [BIND 205-101] Exploring resource sharing.
INFO: [BIND 205-101] Binding ...
INFO: [BIND 205-100] Finished micro-architecture generation.
INFO: [HLS 200-111] Finished Binding: CPU user time: 0 seconds. CPU system time: 0 seconds. Elapsed time: 0.059 seconds; current allocated memory: 302.016 MB.
INFO: [HLS 200-10] ----------------------------------------------------------------
INFO: [HLS 200-42] -- Implementing module 'conv2' 
INFO: [HLS 200-10] ----------------------------------------------------------------
INFO: [SCHED 204-11] Starting scheduling ...
INFO: [HLS 200-486] Changing DSP latency (root=add_ln218) to 3 in order to utilize available DSP registers.
INFO: [SCHED 204-61] Pipelining loop 'CONV2_ROW_CONV2_COL_CONV2_FIL'.
WARNING: [HLS 200-880] The II Violation in module 'conv2' (loop 'CONV2_ROW_CONV2_COL_CONV2_FIL'): Unable to enforce a carried dependence constraint (II = 3, distance = 1, offset = 1) between bus read operation ('W2mem_addr_read_71', ../hls_files/conv_pool.cpp:214) on port 'W2mem' (../hls_files/conv_pool.cpp:214) and bus read operation ('W2mem_addr_read', ../hls_files/conv_pool.cpp:214) on port 'W2mem' (../hls_files/conv_pool.cpp:214).
Resolution: For help on HLS 200-880 see docs.xilinx.com/access/sources/dita/topic?Doc_Version=2025.1%20English&url=ug1448-hls-guidance&resourceid=200-880.html
WARNING: [HLS 200-880] The II Violation in module 'conv2' (loop 'CONV2_ROW_CONV2_COL_CONV2_FIL'): Unable to enforce a carried dependence constraint (II = 4, distance = 1, offset = 1) between bus read operation ('W2mem_addr_read_71', ../hls_files/conv_pool.cpp:214) on port 'W2mem' (../hls_files/conv_pool.cpp:214) and bus read operation ('W2mem_addr_read', ../hls_files/conv_pool.cpp:214) on port 'W2mem' (../hls_files/conv_pool.cpp:214).
Resolution: For help on HLS 200-880 see docs.xilinx.com/access/sources/dita/topic?Doc_Version=2025.1%20English&url=ug1448-hls-guidance&resourceid=200-880.html
WARNING: [HLS 200-880] The II Violation in module 'conv2' (loop 'CONV2_ROW_CONV2_COL_CONV2_FIL'): Unable to enforce a carried dependence constraint (II = 5, distance = 1, offset = 1) between bus read operation ('W2mem_addr_read_71', ../hls_files/conv_pool.cpp:214) on port 'W2mem' (../hls_files/conv_pool.cpp:214) and bus read operation ('W2mem_addr_read', ../hls_files/conv_pool.cpp:214) on port 'W2mem' (../hls_files/conv_pool.cpp:214).
Resolution: For help on HLS 200-880 see docs.xilinx.com/access/sources/dita/topic?Doc_Version=2025.1%20English&url=ug1448-hls-guidance&resourceid=200-880.html
WARNING: [HLS 200-880] The II Violation in module 'conv2' (loop 'CONV2_ROW_CONV2_COL_CONV2_FIL'): Unable to enforce a carried dependence constraint (II = 6, distance = 1, offset = 1) between bus read operation ('W2mem_addr_read_71', ../hls_files/conv_pool.cpp:214) on port 'W2mem' (../hls_files/conv_pool.cpp:214) and bus read operation ('W2mem_addr_read', ../hls_files/conv_pool.cpp:214) on port 'W2mem' (../hls_files/conv_pool.cpp:214).
Resolution: For help on HLS 200-880 see docs.xilinx.com/access/sources/dita/topic?Doc_Version=2025.1%20English&url=ug1448-hls-guidance&resourceid=200-880.html
WARNING: [HLS 200-880] The II Violation in module 'conv2' (loop 'CONV2_ROW_CONV2_COL_CONV2_FIL'): Unable to enforce a carried dependence constraint (II = 68, distance = 1, offset = 1) between bus read operation ('W2mem_addr_read_71', ../hls_files/conv_pool.cpp:214) on port 'W2mem' (../hls_files/conv_pool.cpp:214) and bus read operation ('W2mem_addr_read', ../hls_files/conv_pool.cpp:214) on port 'W2mem' (../hls_files/conv_pool.cpp:214).
Resolution: For help on HLS 200-880 see docs.xilinx.com/access/sources/dita/topic?Doc_Version=2025.1%20English&url=ug1448-hls-guidance&resourceid=200-880.html
WARNING: [HLS 200-880] The II Violation in module 'conv2' (loop 'CONV2_ROW_CONV2_COL_CONV2_FIL'): Unable to enforce a carried dependence constraint (II = 71, distance = 1, offset = 1) between bus read operation ('W2mem_addr_read_71', ../hls_files/conv_pool.cpp:214) on port 'W2mem' (../hls_files/conv_pool.cpp:214) and bus read operation ('W2mem_addr_read', ../hls_files/conv_pool.cpp:214) on port 'W2mem' (../hls_files/conv_pool.cpp:214).
Resolution: For help on HLS 200-880 see docs.xilinx.com/access/sources/dita/topic?Doc_Version=2025.1%20English&url=ug1448-hls-guidance&resourceid=200-880.html
INFO: [HLS 200-1470] Pipelining result : Target II = 3, Final II = 72, Depth = 441, loop 'CONV2_ROW_CONV2_COL_CONV2_FIL'
INFO: [SCHED 204-11] Finished scheduling.
INFO: [HLS 200-111] Finished Scheduling: CPU user time: 3 seconds. CPU system time: 0 seconds. Elapsed time: 3.888 seconds; current allocated memory: 312.363 MB.
INFO: [#UNDEF] Rewind delay = 70 for the pipelined loop 'CONV2_ROW_CONV2_COL_CONV2_FIL' due to a write-after-read dependence on variable 'indvar_flatten230459'.
INFO: [BIND 205-100] Starting micro-architecture generation ...
INFO: [BIND 205-101] Performing variable lifetime analysis.
INFO: [BIND 205-101] Exploring resource sharing.
INFO: [BIND 205-101] Binding ...
INFO: [BIND 205-100] Finished micro-architecture generation.
INFO: [HLS 200-111] Finished Binding: CPU user time: 0 seconds. CPU system time: 0 seconds. Elapsed time: 0.393 seconds; current allocated memory: 313.328 MB.
INFO: [HLS 200-10] ----------------------------------------------------------------
INFO: [HLS 200-42] -- Implementing module 'pool2' 
INFO: [HLS 200-10] ----------------------------------------------------------------
INFO: [SCHED 204-11] Starting scheduling ...
INFO: [HLS 200-486] Changing DSP latency (root=add_ln239) to 3 in order to utilize available DSP registers.
INFO: [SCHED 204-61] Pipelining loop 'POOL2_ROW_POOL2_COL_POOL2_CH'.
INFO: [HLS 200-1470] Pipelining result : Target II = 3, Final II = 3, Depth = 12, loop 'POOL2_ROW_POOL2_COL_POOL2_CH'
INFO: [SCHED 204-11] Finished scheduling.
INFO: [HLS 200-111] Finished Scheduling: CPU user time: 0 seconds. CPU system time: 0 seconds. Elapsed time: 0.388 seconds; current allocated memory: 313.684 MB.
INFO: [#UNDEF] Rewind delay = 2 for the pipelined loop 'POOL2_ROW_POOL2_COL_POOL2_CH' to synchronize the reading of PIPO 'feat2' with ap_ready.
INFO: [BIND 205-100] Starting micro-architecture generation ...
INFO: [BIND 205-101] Performing variable lifetime analysis.
INFO: [BIND 205-101] Exploring resource sharing.
INFO: [BIND 205-101] Binding ...
INFO: [BIND 205-100] Finished micro-architecture generation.
INFO: [HLS 200-111] Finished Binding: CPU user time: 0 seconds. CPU system time: 0 seconds. Elapsed time: 0.059 seconds; current allocated memory: 313.707 MB.
INFO: [HLS 200-10] ----------------------------------------------------------------
INFO: [HLS 200-42] -- Implementing module 'flatten' 
INFO: [HLS 200-10] ----------------------------------------------------------------
INFO: [SCHED 204-11] Starting scheduling ...
INFO: [HLS 200-486] Changing DSP latency (root=add_ln255_1) to 3 in order to utilize available DSP registers.
INFO: [SCHED 204-61] Pipelining loop 'FLATTEN_VITIS_LOOP_252_1_VITIS_LOOP_253_2'.
INFO: [HLS 200-1470] Pipelining result : Target II = 3, Final II = 3, Depth = 5, loop 'FLATTEN_VITIS_LOOP_252_1_VITIS_LOOP_253_2'
INFO: [SCHED 204-11] Finished scheduling.
INFO: [HLS 200-111] Finished Scheduling: CPU user time: 1 seconds. CPU system time: 0 seconds. Elapsed time: 0.114 seconds; current allocated memory: 314.012 MB.
INFO: [#UNDEF] Rewind delay = 3 for the pipelined loop 'FLATTEN_VITIS_LOOP_252_1_VITIS_LOOP_253_2' due to a write-after-read dependence on variable 'indvars_iv19_i28'.
INFO: [BIND 205-100] Starting micro-architecture generation ...
INFO: [BIND 205-101] Performing variable lifetime analysis.
INFO: [BIND 205-101] Exploring resource sharing.
INFO: [BIND 205-101] Binding ...
INFO: [BIND 205-100] Finished micro-architecture generation.
INFO: [HLS 200-111] Finished Binding: CPU user time: 0 seconds. CPU system time: 0 seconds. Elapsed time: 0.055 seconds; current allocated memory: 314.227 MB.
INFO: [HLS 200-10] ----------------------------------------------------------------
INFO: [HLS 200-42] -- Implementing module 'exp_generic_double_s' 
INFO: [HLS 200-10] ----------------------------------------------------------------
INFO: [SCHED 204-11] Starting scheduling ...
INFO: [HLS 200-486] Changing DSP latency (root=add_ln243) to 3 in order to utilize available DSP registers.
INFO: [SCHED 204-61] Pipelining function 'exp_generic<double>'.
INFO: [HLS 200-1470] Pipelining result : Target II = 3, Final II = 1, Depth = 22, function 'exp_generic<double>'
INFO: [SCHED 204-11] Finished scheduling.
INFO: [HLS 200-111] Finished Scheduling: CPU user time: 0 seconds. CPU system time: 0 seconds. Elapsed time: 0.152 seconds; current allocated memory: 314.871 MB.
INFO: [BIND 205-100] Starting micro-architecture generation ...
INFO: [BIND 205-101] Performing variable lifetime analysis.
INFO: [BIND 205-101] Exploring resource sharing.
INFO: [BIND 205-101] Binding ...
INFO: [BIND 205-100] Finished micro-architecture generation.
INFO: [HLS 200-111] Finished Binding: CPU user time: 0 seconds. CPU system time: 0 seconds. Elapsed time: 0.064 seconds; current allocated memory: 315.355 MB.
INFO: [HLS 200-10] ----------------------------------------------------------------
INFO: [HLS 200-42] -- Implementing module 'generic_tanh_float_s' 
INFO: [HLS 200-10] ----------------------------------------------------------------
INFO: [SCHED 204-11] Starting scheduling ...
INFO: [SCHED 204-61] Pipelining function 'generic_tanh<float>'.
INFO: [HLS 200-1470] Pipelining result : Target II = 3, Final II = 3, Depth = 62, function 'generic_tanh<float>'
INFO: [SCHED 204-11] Finished scheduling.
INFO: [HLS 200-111] Finished Scheduling: CPU user time: 0 seconds. CPU system time: 0 seconds. Elapsed time: 0.106 seconds; current allocated memory: 316.508 MB.
INFO: [BIND 205-100] Starting micro-architecture generation ...
INFO: [BIND 205-101] Performing variable lifetime analysis.
INFO: [BIND 205-101] Exploring resource sharing.
INFO: [BIND 205-101] Binding ...
INFO: [BIND 205-100] Finished micro-architecture generation.
INFO: [HLS 200-111] Finished Binding: CPU user time: 0 seconds. CPU system time: 0 seconds. Elapsed time: 0.051 seconds; current allocated memory: 317.156 MB.
INFO: [HLS 200-10] ----------------------------------------------------------------
INFO: [HLS 200-42] -- Implementing module 'fc1' 
INFO: [HLS 200-10] ----------------------------------------------------------------
INFO: [SCHED 204-11] Starting scheduling ...
WARNING: [SCHED 204-65] Unable to satisfy pipeline directive for loop 'FC1_OUT': contains subloop(s) that are not unrolled or flattened.
INFO: [SCHED 204-11] Finished scheduling.
INFO: [HLS 200-111] Finished Scheduling: CPU user time: 0 seconds. CPU system time: 0 seconds. Elapsed time: 0.071 seconds; current allocated memory: 317.973 MB.
INFO: [BIND 205-100] Starting micro-architecture generation ...
INFO: [BIND 205-101] Performing variable lifetime analysis.
INFO: [BIND 205-101] Exploring resource sharing.
INFO: [BIND 205-101] Binding ...
INFO: [BIND 205-100] Finished micro-architecture generation.
INFO: [HLS 200-111] Finished Binding: CPU user time: 0 seconds. CPU system time: 0 seconds. Elapsed time: 0.042 seconds; current allocated memory: 318.043 MB.
INFO: [HLS 200-10] ----------------------------------------------------------------
INFO: [HLS 200-42] -- Implementing module 'fc2_Pipeline_FC2_LOOP' 
INFO: [HLS 200-10] ----------------------------------------------------------------
INFO: [SCHED 204-11] Starting scheduling ...
INFO: [SCHED 204-61] Pipelining loop 'FC2_LOOP'.
WARNING: [HLS 200-880] The II Violation in module 'fc2_Pipeline_FC2_LOOP' (loop 'FC2_LOOP'): Unable to enforce a carried dependence constraint (II = 3, distance = 1, offset = 0) between 'store' operation 0 bit ('acc2_113_write_ln288', ../hls_files/conv_pool.cpp:288->../hls_files/conv_pool.cpp:132) of variable 'acc2_1', ../hls_files/conv_pool.cpp:288->../hls_files/conv_pool.cpp:132 on local variable 'acc2_113' and 'load' operation 32 bit ('acc2_113_load', ../hls_files/conv_pool.cpp:288->../hls_files/conv_pool.cpp:132) on local variable 'acc2_113'.
Resolution: For help on HLS 200-880 see docs.xilinx.com/access/sources/dita/topic?Doc_Version=2025.1%20English&url=ug1448-hls-guidance&resourceid=200-880.html
WARNING: [HLS 200-887] Cannot meet target clock period from 'fadd' operation 32 bit ('acc2_1', ../hls_files/conv_pool.cpp:288->../hls_files/conv_pool.cpp:132) to 'store' operation 0 bit ('acc2_113_write_ln288', ../hls_files/conv_pool.cpp:288->../hls_files/conv_pool.cpp:132) of variable 'acc2_1', ../hls_files/conv_pool.cpp:288->../hls_files/conv_pool.cpp:132 on local variable 'acc2_113' (combination delay: 7.838 ns) to honor II or Latency constraint in region 'FC2_LOOP'.
Resolution: For help on HLS 200-887 see docs.xilinx.com/access/sources/dita/topic?Doc_Version=2025.1%20English&url=ug1448-hls-guidance&resourceid=200-887.html
INFO: [HLS 200-1470] Pipelining result : Target II = 3, Final II = 4, Depth = 10, loop 'FC2_LOOP'
WARNING: [HLS 200-871] Estimated clock period (7.838 ns) exceeds the target (target clock period: 10.000 ns, clock uncertainty: 2.700 ns, effective delay budget: 7.300 ns).
Resolution: For help on HLS 200-871 see docs.xilinx.com/access/sources/dita/topic?Doc_Version=2025.1%20English&url=ug1448-hls-guidance&resourceid=200-871.html
WARNING: [HLS 200-1016] The critical path in module 'fc2_Pipeline_FC2_LOOP' consists of the following:
	'fadd' operation 32 bit ('acc2_1', ../hls_files/conv_pool.cpp:288->../hls_files/conv_pool.cpp:132) [28]  (6.514 ns)
	'store' operation 0 bit ('acc2_113_write_ln288', ../hls_files/conv_pool.cpp:288->../hls_files/conv_pool.cpp:132) of variable 'acc2_1', ../hls_files/conv_pool.cpp:288->../hls_files/conv_pool.cpp:132 on local variable 'acc2_113' [31]  (1.324 ns)

Resolution: For help on HLS 200-1016 see docs.xilinx.com/access/sources/dita/topic?Doc_Version=2025.1%20English&url=ug1448-hls-guidance&resourceid=200-1016.html
INFO: [SCHED 204-11] Finished scheduling.
INFO: [HLS 200-111] Finished Scheduling: CPU user time: 0 seconds. CPU system time: 0 seconds. Elapsed time: 1.524 seconds; current allocated memory: 318.363 MB.
INFO: [BIND 205-100] Starting micro-architecture generation ...
INFO: [BIND 205-101] Performing variable lifetime analysis.
INFO: [BIND 205-101] Exploring resource sharing.
INFO: [BIND 205-101] Binding ...
INFO: [BIND 205-100] Finished micro-architecture generation.
INFO: [HLS 200-111] Finished Binding: CPU user time: 0 seconds. CPU system time: 0 seconds. Elapsed time: 0.024 seconds; current allocated memory: 318.363 MB.
INFO: [HLS 200-10] ----------------------------------------------------------------
INFO: [HLS 200-42] -- Implementing module 'fc2' 
INFO: [HLS 200-10] ----------------------------------------------------------------
INFO: [SCHED 204-11] Starting scheduling ...
INFO: [SCHED 204-11] Finished scheduling.
INFO: [HLS 200-111] Finished Scheduling: CPU user time: 0 seconds. CPU system time: 0 seconds. Elapsed time: 0.048 seconds; current allocated memory: 318.574 MB.
INFO: [BIND 205-100] Starting micro-architecture generation ...
INFO: [BIND 205-101] Performing variable lifetime analysis.
INFO: [BIND 205-101] Exploring resource sharing.
INFO: [BIND 205-101] Binding ...
INFO: [BIND 205-100] Finished micro-architecture generation.
INFO: [HLS 200-111] Finished Binding: CPU user time: 0 seconds. CPU system time: 0 seconds. Elapsed time: 0.034 seconds; current allocated memory: 318.641 MB.
INFO: [HLS 200-10] ----------------------------------------------------------------
INFO: [HLS 200-42] -- Implementing module 'cnn_accel' 
INFO: [HLS 200-10] ----------------------------------------------------------------
INFO: [SCHED 204-11] Starting scheduling ...
INFO: [SCHED 204-11] Finished scheduling.
INFO: [HLS 200-111] Finished Scheduling: CPU user time: 0 seconds. CPU system time: 0 seconds. Elapsed time: 0.055 seconds; current allocated memory: 319.000 MB.
INFO: [BIND 205-100] Starting micro-architecture generation ...
INFO: [BIND 205-101] Performing variable lifetime analysis.
INFO: [BIND 205-101] Exploring resource sharing.
INFO: [BIND 205-101] Binding ...
INFO: [BIND 205-100] Finished micro-architecture generation.
INFO: [HLS 200-111] Finished Binding: CPU user time: 0 seconds. CPU system time: 0 seconds. Elapsed time: 0.046 seconds; current allocated memory: 319.430 MB.
INFO: [HLS 200-10] ----------------------------------------------------------------
INFO: [HLS 200-10] -- Generating RTL for module 'load_img' 
INFO: [HLS 200-10] ----------------------------------------------------------------
INFO: [HLS 200-1030] Apply Unified Pipeline Control on module 'load_img' pipeline 'LOAD_IMG_ROWS_LOAD_IMG_COLS_LOAD_IMG_CH' pipeline type 'loop pipeline'
INFO: [RTGEN 206-100] Finished creating RTL model for 'load_img'.
INFO: [HLS 200-111] Finished Creating RTL model: CPU user time: 0 seconds. CPU system time: 0 seconds. Elapsed time: 0.151 seconds; current allocated memory: 321.527 MB.
INFO: [HLS 200-10] ----------------------------------------------------------------
INFO: [HLS 200-10] -- Generating RTL for module 'conv1' 
INFO: [HLS 200-10] ----------------------------------------------------------------
INFO: [HLS 200-1030] Apply Unified Pipeline Control on module 'conv1' pipeline 'CONV1_ROW_CONV1_COL_CONV1_FIL' pipeline type 'loop pipeline'
INFO: [RTGEN 206-100] Generating core module 'fadd_32ns_32ns_32_5_full_dsp_1': 1 instance(s).
INFO: [RTGEN 206-100] Generating core module 'fcmp_32ns_32ns_1_2_no_dsp_1': 1 instance(s).
INFO: [RTGEN 206-100] Generating core module 'fmul_32ns_32ns_32_4_max_dsp_1': 1 instance(s).
INFO: [RTGEN 206-100] Generating core module 'mac_muladd_9ns_8ns_9ns_17_4_1': 1 instance(s).
INFO: [RTGEN 206-100] Finished creating RTL model for 'conv1'.
INFO: [HLS 200-111] Finished Creating RTL model: CPU user time: 1 seconds. CPU system time: 1 seconds. Elapsed time: 0.59 seconds; current allocated memory: 329.051 MB.
INFO: [HLS 200-10] ----------------------------------------------------------------
INFO: [HLS 200-10] -- Generating RTL for module 'pool1' 
INFO: [HLS 200-10] ----------------------------------------------------------------
INFO: [HLS 200-1030] Apply Unified Pipeline Control on module 'pool1' pipeline 'POOL1_ROW_POOL1_COL_POOL1_CH' pipeline type 'loop pipeline'
INFO: [RTGEN 206-100] Generating core module 'fcmp_32ns_32ns_1_2_no_dsp_1': 1 instance(s).
INFO: [RTGEN 206-100] Generating core module 'mac_muladd_8ns_7ns_8ns_15_4_1': 1 instance(s).
INFO: [RTGEN 206-100] Generating core module 'mul_8ns_10ns_17_1_1': 2 instance(s).
INFO: [RTGEN 206-100] Generating core module 'sparsemux_9_2_32_1_1': 2 instance(s).
INFO: [RTGEN 206-100] Finished creating RTL model for 'pool1'.
INFO: [HLS 200-111] Finished Creating RTL model: CPU user time: 0 seconds. CPU system time: 0 seconds. Elapsed time: 1.089 seconds; current allocated memory: 339.984 MB.
INFO: [HLS 200-10] ----------------------------------------------------------------
INFO: [HLS 200-10] -- Generating RTL for module 'conv2' 
INFO: [HLS 200-10] ----------------------------------------------------------------
INFO: [HLS 200-1030] Apply Unified Pipeline Control on module 'conv2' pipeline 'CONV2_ROW_CONV2_COL_CONV2_FIL' pipeline type 'loop pipeline'
INFO: [RTGEN 206-100] Generating core module 'fadd_32ns_32ns_32_5_full_dsp_1': 1 instance(s).
INFO: [RTGEN 206-100] Generating core module 'fcmp_32ns_32ns_1_2_no_dsp_1': 1 instance(s).
INFO: [RTGEN 206-100] Generating core module 'fmul_32ns_32ns_32_4_max_dsp_1': 1 instance(s).
INFO: [RTGEN 206-100] Generating core module 'mac_muladd_8ns_7ns_8ns_15_4_1': 1 instance(s).
INFO: [RTGEN 206-100] Generating core module 'mul_7ns_9ns_15_1_1': 3 instance(s).
INFO: [RTGEN 206-100] Finished creating RTL model for 'conv2'.
INFO: [HLS 200-111] Finished Creating RTL model: CPU user time: 1 seconds. CPU system time: 0 seconds. Elapsed time: 0.935 seconds; current allocated memory: 348.031 MB.
INFO: [HLS 200-10] ----------------------------------------------------------------
INFO: [HLS 200-10] -- Generating RTL for module 'pool2' 
INFO: [HLS 200-10] ----------------------------------------------------------------
INFO: [HLS 200-1030] Apply Unified Pipeline Control on module 'pool2' pipeline 'POOL2_ROW_POOL2_COL_POOL2_CH' pipeline type 'loop pipeline'
INFO: [RTGEN 206-100] Generating core module 'fcmp_32ns_32ns_1_2_no_dsp_1': 1 instance(s).
INFO: [RTGEN 206-100] Generating core module 'mac_muladd_7ns_6ns_7ns_13_4_1': 1 instance(s).
INFO: [RTGEN 206-100] Generating core module 'mul_7ns_9ns_15_1_1': 2 instance(s).
INFO: [RTGEN 206-100] Generating core module 'sparsemux_9_2_32_1_1': 4 instance(s).
INFO: [RTGEN 206-100] Finished creating RTL model for 'pool2'.
INFO: [HLS 200-111] Finished Creating RTL model: CPU user time: 1 seconds. CPU system time: 1 seconds. Elapsed time: 1.903 seconds; current allocated memory: 367.492 MB.
INFO: [HLS 200-10] ----------------------------------------------------------------
INFO: [HLS 200-10] -- Generating RTL for module 'flatten' 
INFO: [HLS 200-10] ----------------------------------------------------------------
INFO: [HLS 200-1030] Apply Unified Pipeline Control on module 'flatten' pipeline 'FLATTEN_VITIS_LOOP_252_1_VITIS_LOOP_253_2' pipeline type 'loop pipeline'
INFO: [RTGEN 206-100] Generating core module 'mac_muladd_7ns_6ns_7ns_13_4_1': 1 instance(s).
INFO: [RTGEN 206-100] Generating core module 'sparsemux_9_2_32_1_1': 1 instance(s).
INFO: [RTGEN 206-100] Finished creating RTL model for 'flatten'.
INFO: [HLS 200-111] Finished Creating RTL model: CPU user time: 0 seconds. CPU system time: 1 seconds. Elapsed time: 0.496 seconds; current allocated memory: 367.492 MB.
INFO: [HLS 200-10] ----------------------------------------------------------------
INFO: [HLS 200-10] -- Generating RTL for module 'exp_generic_double_s' 
INFO: [HLS 200-10] ----------------------------------------------------------------
INFO: [SYN 201-210] Renamed object name 'exp_generic_double_s_table_exp_Z1_ap_ufixed_58_1_ap_q_mode_5_ap_o_mode_3_0_array_ROM_AUTO_1R' to 'exp_generic_double_s_table_exp_Z1_ap_ufixed_58_1_ap_q_mode_5_ap_o_mode_3_0_arbkb' due to the length limit 80
INFO: [SYN 201-210] Renamed object name 'exp_generic_double_s_table_f_Z3_ap_ufixed_59_0_ap_q_mode_5_ap_o_mode_3_0_array_ROM_AUTO_1R' to 'exp_generic_double_s_table_f_Z3_ap_ufixed_59_0_ap_q_mode_5_ap_o_mode_3_0_arracud' due to the length limit 80
INFO: [SYN 201-210] Renamed object name 'exp_generic_double_s_table_f_Z2_ap_ufixed_59_0_ap_q_mode_5_ap_o_mode_3_0_array_ROM_AUTO_1R' to 'exp_generic_double_s_table_f_Z2_ap_ufixed_59_0_ap_q_mode_5_ap_o_mode_3_0_arradEe' due to the length limit 80
INFO: [RTGEN 206-100] Generating core module 'mac_muladd_16s_15ns_19s_31_4_0': 1 instance(s).
INFO: [RTGEN 206-100] Generating core module 'mul_13s_71s_71_5_0': 1 instance(s).
INFO: [RTGEN 206-100] Generating core module 'mul_43ns_36ns_79_2_0': 1 instance(s).
INFO: [RTGEN 206-100] Generating core module 'mul_49ns_44ns_93_2_0': 1 instance(s).
INFO: [RTGEN 206-100] Generating core module 'mul_50ns_50ns_99_2_0': 1 instance(s).
INFO: [RTGEN 206-100] Generating core module 'sparsemux_9_3_64_1_0': 1 instance(s).
INFO: [RTGEN 206-100] Finished creating RTL model for 'exp_generic_double_s'.
INFO: [RTMG 210-279] Implementing memory 'cnn_accel_exp_generic_double_s_table_exp_Z1_ap_ufixed_58_1_ap_q_mode_5_ap_o_mode_3_0_arbkb' using auto ROMs.
INFO: [HLS 200-2168] Implementing memory 'cnn_accel_exp_generic_double_s_table_f_Z3_ap_ufixed_59_0_ap_q_mode_5_ap_o_mode_3_0_arracud' using auto ROMs with 2 copies to ensure enough ports to satisfy II or latency constraints.
INFO: [RTMG 210-279] Implementing memory 'cnn_accel_exp_generic_double_s_table_f_Z2_ap_ufixed_59_0_ap_q_mode_5_ap_o_mode_3_0_arradEe' using auto ROMs.
INFO: [HLS 200-111] Finished Creating RTL model: CPU user time: 0 seconds. CPU system time: 0 seconds. Elapsed time: 0.385 seconds; current allocated memory: 368.785 MB.
INFO: [HLS 200-10] ----------------------------------------------------------------
INFO: [HLS 200-10] -- Generating RTL for module 'generic_tanh_float_s' 
INFO: [HLS 200-10] ----------------------------------------------------------------
INFO: [HLS 200-1030] Apply Unified Pipeline Control on module 'generic_tanh_float_s' pipeline 'generic_tanh<float>' pipeline type 'function pipeline'
INFO: [RTGEN 206-100] Generating core module 'dadd_64ns_64ns_64_5_full_dsp_1': 1 instance(s).
INFO: [RTGEN 206-100] Generating core module 'faddfsub_32ns_32ns_32_5_full_dsp_1': 2 instance(s).
INFO: [RTGEN 206-100] Generating core module 'fcmp_32ns_32ns_1_2_no_dsp_1': 1 instance(s).
INFO: [RTGEN 206-100] Generating core module 'fdiv_32ns_32ns_32_12_no_dsp_1': 1 instance(s).
INFO: [RTGEN 206-100] Generating core module 'fmul_32ns_32ns_32_4_max_dsp_1': 1 instance(s).
INFO: [RTGEN 206-100] Generating core module 'fpext_32ns_64_2_no_dsp_1': 1 instance(s).
INFO: [RTGEN 206-100] Generating core module 'fptrunc_64ns_32_2_no_dsp_1': 1 instance(s).
INFO: [RTGEN 206-100] Finished creating RTL model for 'generic_tanh_float_s'.
INFO: [HLS 200-111] Finished Creating RTL model: CPU user time: 0 seconds. CPU system time: 0 seconds. Elapsed time: 0.762 seconds; current allocated memory: 372.883 MB.
INFO: [HLS 200-10] ----------------------------------------------------------------
INFO: [HLS 200-10] -- Generating RTL for module 'fc1' 
INFO: [HLS 200-10] ----------------------------------------------------------------
INFO: [RTGEN 206-100] Generating core module 'faddfsub_32ns_32ns_32_5_full_dsp_1': 1 instance(s).
INFO: [RTGEN 206-100] Generating core module 'fmul_32ns_32ns_32_4_max_dsp_1': 1 instance(s).
INFO: [RTGEN 206-100] Finished creating RTL model for 'fc1'.
INFO: [HLS 200-111] Finished Creating RTL model: CPU user time: 1 seconds. CPU system time: 0 seconds. Elapsed time: 0.475 seconds; current allocated memory: 376.316 MB.
INFO: [HLS 200-10] ----------------------------------------------------------------
INFO: [HLS 200-10] -- Generating RTL for module 'fc2_Pipeline_FC2_LOOP' 
INFO: [HLS 200-10] ----------------------------------------------------------------
INFO: [HLS 200-1030] Apply Unified Pipeline Control on module 'fc2_Pipeline_FC2_LOOP' pipeline 'FC2_LOOP' pipeline type 'loop pipeline'
WARNING: [RTGEN 206-101] Setting dangling out port 'fc2_Pipeline_FC2_LOOP/m_axi_W4mem_0_ARVALID' to 0.
WARNING: [RTGEN 206-101] Setting dangling out port 'fc2_Pipeline_FC2_LOOP/m_axi_W4mem_0_ARADDR' to 0.
WARNING: [RTGEN 206-101] Setting dangling out port 'fc2_Pipeline_FC2_LOOP/m_axi_W4mem_0_ARID' to 0.
WARNING: [RTGEN 206-101] Setting dangling out port 'fc2_Pipeline_FC2_LOOP/m_axi_W4mem_0_ARLEN' to 0.
WARNING: [RTGEN 206-101] Setting dangling out port 'fc2_Pipeline_FC2_LOOP/m_axi_W4mem_0_ARSIZE' to 0.
WARNING: [RTGEN 206-101] Setting dangling out port 'fc2_Pipeline_FC2_LOOP/m_axi_W4mem_0_ARBURST' to 0.
WARNING: [RTGEN 206-101] Setting dangling out port 'fc2_Pipeline_FC2_LOOP/m_axi_W4mem_0_ARLOCK' to 0.
WARNING: [RTGEN 206-101] Setting dangling out port 'fc2_Pipeline_FC2_LOOP/m_axi_W4mem_0_ARCACHE' to 0.
WARNING: [RTGEN 206-101] Setting dangling out port 'fc2_Pipeline_FC2_LOOP/m_axi_W4mem_0_ARPROT' to 0.
WARNING: [RTGEN 206-101] Setting dangling out port 'fc2_Pipeline_FC2_LOOP/m_axi_W4mem_0_ARQOS' to 0.
WARNING: [RTGEN 206-101] Setting dangling out port 'fc2_Pipeline_FC2_LOOP/m_axi_W4mem_0_ARREGION' to 0.
WARNING: [RTGEN 206-101] Setting dangling out port 'fc2_Pipeline_FC2_LOOP/m_axi_W4mem_0_ARUSER' to 0.
INFO: [RTGEN 206-100] Generating core module 'fadd_32ns_32ns_32_5_full_dsp_1': 1 instance(s).
INFO: [RTGEN 206-100] Generating core module 'fmul_32ns_32ns_32_4_max_dsp_1': 1 instance(s).
INFO: [RTGEN 206-100] Finished creating RTL model for 'fc2_Pipeline_FC2_LOOP'.
INFO: [HLS 200-111] Finished Creating RTL model: CPU user time: 0 seconds. CPU system time: 0 seconds. Elapsed time: 0.245 seconds; current allocated memory: 379.285 MB.
INFO: [HLS 200-10] ----------------------------------------------------------------
INFO: [HLS 200-10] -- Generating RTL for module 'fc2' 
INFO: [HLS 200-10] ----------------------------------------------------------------
INFO: [RTGEN 206-100] Generating core module 'fadd_32ns_32ns_32_5_full_dsp_1': 1 instance(s).
INFO: [RTGEN 206-100] Generating core module 'fcmp_32ns_32ns_1_2_no_dsp_1': 1 instance(s).
INFO: [RTGEN 206-100] Generating core module 'fdiv_32ns_32ns_32_12_no_dsp_1': 1 instance(s).
INFO: [RTGEN 206-100] Generating core module 'fexp_32ns_32ns_32_8_full_dsp_1': 1 instance(s).
INFO: [RTGEN 206-100] Finished creating RTL model for 'fc2'.
INFO: [HLS 200-111] Finished Creating RTL model: CPU user time: 0 seconds. CPU system time: 0 seconds. Elapsed time: 1.073 seconds; current allocated memory: 380.375 MB.
INFO: [HLS 200-10] ----------------------------------------------------------------
INFO: [HLS 200-10] -- Generating RTL for module 'cnn_accel' 
INFO: [HLS 200-10] ----------------------------------------------------------------
WARNING: [RTGEN 206-101] Design contains AXI ports. Reset is fixed to synchronous and active low.
INFO: [RTGEN 206-500] Setting interface mode on port 'cnn_accel/IMGmem' to 'm_axi'.
INFO: [RTGEN 206-500] Setting interface mode on port 'cnn_accel/W1mem' to 'm_axi'.
INFO: [RTGEN 206-500] Setting interface mode on port 'cnn_accel/B1mem' to 'm_axi'.
INFO: [RTGEN 206-500] Setting interface mode on port 'cnn_accel/W2mem' to 'm_axi'.
INFO: [RTGEN 206-500] Setting interface mode on port 'cnn_accel/B2mem' to 'm_axi'.
INFO: [RTGEN 206-500] Setting interface mode on port 'cnn_accel/W3mem' to 'm_axi'.
INFO: [RTGEN 206-500] Setting interface mode on port 'cnn_accel/B3mem' to 'm_axi'.
INFO: [RTGEN 206-500] Setting interface mode on port 'cnn_accel/W4mem' to 'm_axi'.
INFO: [RTGEN 206-500] Setting interface mode on port 'cnn_accel/B4mem' to 'm_axi'.
INFO: [RTGEN 206-500] Setting interface mode on port 'cnn_accel/Foutmem' to 'm_axi'.
INFO: [RTGEN 206-500] Setting interface mode on port 'cnn_accel/img_in' to 's_axilite & ap_none'.
INFO: [RTGEN 206-500] Setting interface mode on port 'cnn_accel/weights1' to 's_axilite & ap_none'.
INFO: [RTGEN 206-500] Setting interface mode on port 'cnn_accel/bias1' to 's_axilite & ap_none'.
INFO: [RTGEN 206-500] Setting interface mode on port 'cnn_accel/weights2' to 's_axilite & ap_none'.
INFO: [RTGEN 206-500] Setting interface mode on port 'cnn_accel/bias2' to 's_axilite & ap_none'.
INFO: [RTGEN 206-500] Setting interface mode on port 'cnn_accel/FC1_W' to 's_axilite & ap_none'.
INFO: [RTGEN 206-500] Setting interface mode on port 'cnn_accel/FC1_B' to 's_axilite & ap_none'.
INFO: [RTGEN 206-500] Setting interface mode on port 'cnn_accel/FC2_W' to 's_axilite & ap_none'.
INFO: [RTGEN 206-500] Setting interface mode on port 'cnn_accel/FC2_B' to 's_axilite & ap_none'.
INFO: [RTGEN 206-500] Setting interface mode on port 'cnn_accel/flag_out' to 's_axilite & ap_none'.
INFO: [RTGEN 206-500] Setting interface mode on port 'cnn_accel/ctrl' to 's_axilite & ap_none'.
INFO: [RTGEN 206-500] Setting interface mode on function 'cnn_accel' to 's_axilite & ap_ctrl_hs'.
INFO: [RTGEN 206-100] Bundling port 'img_in', 'weights1', 'bias1', 'weights2', 'bias2', 'FC1_W', 'FC1_B', 'FC2_W', 'FC2_B', 'flag_out', 'ctrl' to AXI-Lite port control.
INFO: [RTGEN 206-100] Finished creating RTL model for 'cnn_accel'.
INFO: [HLS 200-740] Implementing PIPO cnn_accel_local_img_RAM_AUTO_1R1W using a separate memory for each block
INFO: [RTMG 210-278] Implementing memory 'cnn_accel_local_img_RAM_AUTO_1R1W_memcore' using auto RAMs.
INFO: [HLS 200-740] Implementing PIPO cnn_accel_feat1_RAM_AUTO_1R1W using a separate memory for each block
INFO: [RTMG 210-278] Implementing memory 'cnn_accel_feat1_RAM_AUTO_1R1W_memcore' using auto RAMs.
INFO: [HLS 200-740] Implementing PIPO cnn_accel_feat1_p_RAM_AUTO_1R1W using a separate memory for each block
INFO: [RTMG 210-278] Implementing memory 'cnn_accel_feat1_p_RAM_AUTO_1R1W_memcore' using auto RAMs.
INFO: [HLS 200-740] Implementing PIPO cnn_accel_feat2_RAM_AUTO_1R1W using a separate memory for each block
INFO: [RTMG 210-278] Implementing memory 'cnn_accel_feat2_RAM_AUTO_1R1W_memcore' using auto RAMs.
INFO: [HLS 200-741] Implementing PIPO cnn_accel_feat2_p_RAM_AUTO_1R1W using a single memory for all blocks
INFO: [RTMG 210-278] Implementing memory 'cnn_accel_feat2_p_RAM_AUTO_1R1W_memcore' using auto RAMs.
INFO: [HLS 200-741] Implementing PIPO cnn_accel_vec1_RAM_AUTO_1R1W using a single memory for all blocks
INFO: [RTMG 210-278] Implementing memory 'cnn_accel_vec1_RAM_AUTO_1R1W_memcore' using auto RAMs.
INFO: [HLS 200-741] Implementing PIPO cnn_accel_vec2_RAM_AUTO_1R1W using a single memory for all blocks
INFO: [RTMG 210-278] Implementing memory 'cnn_accel_vec2_RAM_AUTO_1R1W_memcore' using auto RAMs.
INFO: [HLS 200-111] Finished Creating RTL model: CPU user time: 0 seconds. CPU system time: 1 seconds. Elapsed time: 2.192 seconds; current allocated memory: 387.148 MB.
INFO: [HLS 200-111] Finished Generating all RTL models: CPU user time: 1 seconds. CPU system time: 0 seconds. Elapsed time: 2.779 seconds; current allocated memory: 394.785 MB.
INFO: [HLS 200-1603] Design has inferred MAXI bursts and missed bursts, see Vitis HLS GUI synthesis summary report for detailed information.
INFO: [HLS 200-111] Finished Updating report files: CPU user time: 2 seconds. CPU system time: 1 seconds. Elapsed time: 3.728 seconds; current allocated memory: 417.180 MB.
INFO: [VHDL 208-304] Generating VHDL RTL for cnn_accel.
INFO: [VLOG 209-307] Generating Verilog RTL for cnn_accel.
INFO: [HLS 200-790] **** Loop Constraint Status: All loop constraints were NOT satisfied.
INFO: [HLS 200-789] **** Estimated Fmax: 122.95 MHz
INFO: [HLS 200-112] Total CPU user time: 17 seconds. Total CPU system time: 6 seconds. Total elapsed time: 80.032 seconds; peak allocated memory: 417.223 MB.
INFO: [v++ 60-791] Total elapsed time: 0h 1m 25s
