  **** HLS Build v2025.1 6135595
INFO: [HLS 200-2005] Using work_dir C:/Users/ozair/Documents/Code_Drive/Drone/hls_component/cnn_accel 
INFO: [HLS 200-2176] Writing Vitis IDE component file C:/Users/ozair/Documents/Code_Drive/Drone/hls_component/cnn_accel/vitis-comp.json
INFO: [HLS 200-10] Creating and opening component 'C:/Users/ozair/Documents/Code_Drive/Drone/hls_component/cnn_accel'.
INFO: [HLS 200-1505] Using default flow_target 'vivado'
Resolution: For help on HLS 200-1505 see docs.xilinx.com/access/sources/dita/topic?Doc_Version=2025.1%20English&url=ug1448-hls-guidance&resourceid=200-1505.html
INFO: [HLS 200-2174] Applying component config ini file C:/Users/ozair/Documents/Code_Drive/Drone/hls_component/hls_config.cfg
INFO: [HLS 200-1465] Applying config ini 'syn.file=../hls_files/conv_pool.cpp' from C:/Users/ozair/Documents/Code_Drive/Drone/hls_component/hls_config.cfg(18)
INFO: [HLS 200-10] Adding design file 'C:/Users/ozair/Documents/Code_Drive/Drone/hls_files/conv_pool.cpp' to the project
INFO: [HLS 200-1465] Applying config ini 'tb.file=../hls_files/testbench.cpp' from C:/Users/ozair/Documents/Code_Drive/Drone/hls_component/hls_config.cfg(8)
INFO: [HLS 200-10] Adding test bench file 'C:/Users/ozair/Documents/Code_Drive/Drone/hls_files/testbench.cpp' to the project
INFO: [HLS 200-1465] Applying config ini 'syn.top=cnn_accel' from C:/Users/ozair/Documents/Code_Drive/Drone/hls_component/hls_config.cfg(7)
INFO: [HLS 200-1465] Applying config ini 'flow_target=vivado' from C:/Users/ozair/Documents/Code_Drive/Drone/hls_component/hls_config.cfg(4)
INFO: [HLS 200-1505] Using flow_target 'vivado'
Resolution: For help on HLS 200-1505 see docs.xilinx.com/access/sources/dita/topic?Doc_Version=2025.1%20English&url=ug1448-hls-guidance&resourceid=200-1505.html
INFO: [HLS 200-1465] Applying config ini 'part=xc7a100tfgg484-2L' from C:/Users/ozair/Documents/Code_Drive/Drone/hls_component/hls_config.cfg(1)
INFO: [HLS 200-1611] Setting target device to 'xc7a100t-fgg484-2L'
INFO: [HLS 200-1465] Applying config ini 'clock=10ns' from C:/Users/ozair/Documents/Code_Drive/Drone/hls_component/hls_config.cfg(9)
INFO: [SYN 201-201] Setting up clock 'default' with a period of 10ns.
INFO: [HLS 200-1465] Applying config ini 'csim.code_analyzer=1' from C:/Users/ozair/Documents/Code_Drive/Drone/hls_component/hls_config.cfg(10)
INFO: [HLS 200-1465] Applying config ini 'package.output.format=ip_catalog' from C:/Users/ozair/Documents/Code_Drive/Drone/hls_component/hls_config.cfg(5)
INFO: [HLS 200-1465] Applying config ini 'syn.array_partition.complete_threshold=0' from C:/Users/ozair/Documents/Code_Drive/Drone/hls_component/hls_config.cfg(12)
INFO: [XFORM 203-102] Size-based automatic array partition disabled.
INFO: [HLS 200-1465] Applying config ini 'syn.array_partition.throughput_driven=off' from C:/Users/ozair/Documents/Code_Drive/Drone/hls_component/hls_config.cfg(13)
INFO: [XFORM 203-102] Size-based automatic array partition disabled.
INFO: [HLS 200-1465] Applying config ini 'syn.compile.performance_budgeter=disable' from C:/Users/ozair/Documents/Code_Drive/Drone/hls_component/hls_config.cfg(14)
INFO: [HLS 200-1465] Applying config ini 'syn.compile.pipeline_flush_in_task=ii1' from C:/Users/ozair/Documents/Code_Drive/Drone/hls_component/hls_config.cfg(11)
INFO: [HLS 200-1465] Applying config ini 'syn.compile.pipeline_style=stp' from C:/Users/ozair/Documents/Code_Drive/Drone/hls_component/hls_config.cfg(15)
INFO: [HLS 200-1465] Applying config ini 'syn.dataflow.disable_fifo_sizing_opt=1' from C:/Users/ozair/Documents/Code_Drive/Drone/hls_component/hls_config.cfg(16)
INFO: [HLS 200-1465] Applying config ini 'syn.dataflow.enable_canonicalization=0' from C:/Users/ozair/Documents/Code_Drive/Drone/hls_component/hls_config.cfg(17)
INFO: [HLS 200-2176] Writing Vitis IDE component file C:/Users/ozair/Documents/Code_Drive/Drone/hls_component/cnn_accel/vitis-comp.json
INFO: [HLS 200-111] Finished File checks and directory preparation: CPU user time: 1 seconds. CPU system time: 1 seconds. Elapsed time: 2.852 seconds; current allocated memory: 145.621 MB.
INFO: [HLS 200-10] Analyzing design file '../hls_files/conv_pool.cpp' ... 
WARNING: [HLS 207-1016] unknown warning group '-Wmisleading-indentation', ignored (C:/Xilinx/2025.1/Vitis/common/technology/autopilot/etc/hls_sqrt_apfixed.h:16:34)
INFO: [HLS 200-111] Finished Source Code Analysis and Preprocessing: CPU user time: 1 seconds. CPU system time: 0 seconds. Elapsed time: 27.617 seconds; current allocated memory: 153.086 MB.
INFO: [HLS 200-777] Using interface defaults for 'Vivado' flow target.
INFO: [HLS 200-1995] There were 14,779 instructions in the design after the 'Compile/Link' phase of compilation. See the Design Size Report for more details (C:/Users/ozair/Documents/Code_Drive/Drone/hls_component/cnn_accel/hls/syn/report/csynth_design_size.rpt:2)
INFO: [HLS 200-1995] There were 1,489 instructions in the design after the 'Unroll/Inline (step 1)' phase of compilation. See the Design Size Report for more details (C:/Users/ozair/Documents/Code_Drive/Drone/hls_component/cnn_accel/hls/syn/report/csynth_design_size.rpt:2)
INFO: [HLS 200-1995] There were 871 instructions in the design after the 'Unroll/Inline (step 2)' phase of compilation. See the Design Size Report for more details (C:/Users/ozair/Documents/Code_Drive/Drone/hls_component/cnn_accel/hls/syn/report/csynth_design_size.rpt:2)
INFO: [HLS 200-1995] There were 773 instructions in the design after the 'Unroll/Inline (step 3)' phase of compilation. See the Design Size Report for more details (C:/Users/ozair/Documents/Code_Drive/Drone/hls_component/cnn_accel/hls/syn/report/csynth_design_size.rpt:2)
INFO: [HLS 200-1995] There were 529 instructions in the design after the 'Unroll/Inline (step 4)' phase of compilation. See the Design Size Report for more details (C:/Users/ozair/Documents/Code_Drive/Drone/hls_component/cnn_accel/hls/syn/report/csynth_design_size.rpt:2)
INFO: [HLS 200-1995] There were 1,120 instructions in the design after the 'Array/Struct (step 1)' phase of compilation. See the Design Size Report for more details (C:/Users/ozair/Documents/Code_Drive/Drone/hls_component/cnn_accel/hls/syn/report/csynth_design_size.rpt:2)
INFO: [HLS 200-1995] There were 1,120 instructions in the design after the 'Array/Struct (step 2)' phase of compilation. See the Design Size Report for more details (C:/Users/ozair/Documents/Code_Drive/Drone/hls_component/cnn_accel/hls/syn/report/csynth_design_size.rpt:2)
INFO: [HLS 200-1995] There were 1,120 instructions in the design after the 'Array/Struct (step 3)' phase of compilation. See the Design Size Report for more details (C:/Users/ozair/Documents/Code_Drive/Drone/hls_component/cnn_accel/hls/syn/report/csynth_design_size.rpt:2)
INFO: [HLS 200-1995] There were 1,120 instructions in the design after the 'Array/Struct (step 4)' phase of compilation. See the Design Size Report for more details (C:/Users/ozair/Documents/Code_Drive/Drone/hls_component/cnn_accel/hls/syn/report/csynth_design_size.rpt:2)
INFO: [HLS 200-1995] There were 1,134 instructions in the design after the 'Array/Struct (step 5)' phase of compilation. See the Design Size Report for more details (C:/Users/ozair/Documents/Code_Drive/Drone/hls_component/cnn_accel/hls/syn/report/csynth_design_size.rpt:2)
INFO: [HLS 200-1995] There were 1,134 instructions in the design after the 'Performance (step 1)' phase of compilation. See the Design Size Report for more details (C:/Users/ozair/Documents/Code_Drive/Drone/hls_component/cnn_accel/hls/syn/report/csynth_design_size.rpt:2)
INFO: [HLS 200-1995] There were 1,292 instructions in the design after the 'Performance (step 2)' phase of compilation. See the Design Size Report for more details (C:/Users/ozair/Documents/Code_Drive/Drone/hls_component/cnn_accel/hls/syn/report/csynth_design_size.rpt:2)
INFO: [HLS 200-1995] There were 1,292 instructions in the design after the 'Performance (step 3)' phase of compilation. See the Design Size Report for more details (C:/Users/ozair/Documents/Code_Drive/Drone/hls_component/cnn_accel/hls/syn/report/csynth_design_size.rpt:2)
INFO: [HLS 200-1995] There were 1,292 instructions in the design after the 'Performance (step 4)' phase of compilation. See the Design Size Report for more details (C:/Users/ozair/Documents/Code_Drive/Drone/hls_component/cnn_accel/hls/syn/report/csynth_design_size.rpt:2)
INFO: [HLS 200-1995] There were 1,438 instructions in the design after the 'HW Transforms (step 1)' phase of compilation. See the Design Size Report for more details (C:/Users/ozair/Documents/Code_Drive/Drone/hls_component/cnn_accel/hls/syn/report/csynth_design_size.rpt:2)
INFO: [HLS 200-1995] There were 1,504 instructions in the design after the 'HW Transforms (step 2)' phase of compilation. See the Design Size Report for more details (C:/Users/ozair/Documents/Code_Drive/Drone/hls_component/cnn_accel/hls/syn/report/csynth_design_size.rpt:2)
INFO: [HLS 214-131] Inlining function 'exp_reduce_::exp(float)' into 'hls::exp(float)' (C:\scratch\2025.1\hls_product\640\2025.1\src\shared\hls\clib\hlsmath\src\c++\expfloat.cpp:17:9)
INFO: [HLS 214-131] Inlining function 'hls::exp(float)' into 'cnn_accel' (../hls_files/conv_pool.cpp:222:34)
INFO: [HLS 214-178] Inlining function 'fp_struct<float>::data() const (.35.45.54.65)' into 'fp_struct<float>::to_float() const (.32.42.51.62)' (C:\scratch\2025.1\hls_product\640\2025.1\src\shared\hls\clib/src/hls\utils/x_hls_utils.h:322:0)
INFO: [HLS 214-178] Inlining function 'fp_struct<float>::to_float() const (.32.42.51.62)' into 'fp_struct<float>::to_ieee() const' (C:\scratch\2025.1\hls_product\640\2025.1\src\shared\hls\clib/src/hls\utils/x_hls_utils.h:346:0)
INFO: [HLS 214-178] Inlining function 'fp_struct<float>::fp_struct(float)' into 'float generic_copysign<float>(float, float)' (C:\scratch\2025.1\hls_product\640\2025.1\src\shared\hls\clib/hlsmath/include/FloatingPoint/hls_copysign.h:10:0)
INFO: [HLS 214-178] Inlining function 'fp_struct<float>::to_ieee() const' into 'float generic_copysign<float>(float, float)' (C:\scratch\2025.1\hls_product\640\2025.1\src\shared\hls\clib/hlsmath/include/FloatingPoint/hls_copysign.h:10:0)
INFO: [HLS 214-178] Inlining function 'float generic_copysign<float>(float, float)' into 'float generic_fabs<float>(float)' (C:\scratch\2025.1\hls_product\640\2025.1\src\shared\hls\clib/hlsmath/include/FloatingPoint/hls_fabs.h:12:0)
INFO: [HLS 214-178] Inlining function 'fp_struct<float>::to_ieee() const' into 'float generic_nan<float>(char const*)' (C:\scratch\2025.1\hls_product\640\2025.1\src\shared\hls\clib/hlsmath/include/FloatingPoint/hls_nan.h:10:0)
INFO: [HLS 214-178] Inlining function 'fp_struct<double>::fp_struct(double)' into 'int generic_isnan<double>(double)' (C:\scratch\2025.1\hls_product\640\2025.1\src\shared\hls\clib/hlsmath/include/FloatingPoint/hls_isnan.h:16:0)
INFO: [HLS 214-178] Inlining function 'fp_struct<double>::fp_struct(double)' into 'int generic_isinf<double>(double)' (C:\scratch\2025.1\hls_product\640\2025.1\src\shared\hls\clib/hlsmath/include/FloatingPoint/hls_isinf.h:16:0)
INFO: [HLS 214-178] Inlining function 'fp_struct<double>::data() const (.96.106.116.134)' into 'fp_struct<double>::to_double() const (.93.103.113.131)' (C:\scratch\2025.1\hls_product\640\2025.1\src\shared\hls\clib/src/hls\utils/x_hls_utils.h:494:0)
INFO: [HLS 214-178] Inlining function 'fp_struct<double>::to_double() const (.93.103.113.131)' into 'fp_struct<double>::to_ieee() const' (C:\scratch\2025.1\hls_product\640\2025.1\src\shared\hls\clib/src/hls\utils/x_hls_utils.h:509:0)
INFO: [HLS 214-178] Inlining function 'fp_struct<double>::fp_struct(double)' into 'double exp_reduce_::exp_generic<double>(double)' (C:\scratch\2025.1\hls_product\640\2025.1\src\shared\hls\clib/hlsmath/include/FloatingPoint\hls_exp_.h:157:0)
INFO: [HLS 214-178] Inlining function 'int generic_isnan<double>(double)' into 'double exp_reduce_::exp_generic<double>(double)' (C:\scratch\2025.1\hls_product\640\2025.1\src\shared\hls\clib/hlsmath/include/FloatingPoint\hls_exp_.h:157:0)
INFO: [HLS 214-178] Inlining function 'int generic_isinf<double>(double)' into 'double exp_reduce_::exp_generic<double>(double)' (C:\scratch\2025.1\hls_product\640\2025.1\src\shared\hls\clib/hlsmath/include/FloatingPoint\hls_exp_.h:157:0)
INFO: [HLS 214-178] Inlining function 'fp_struct<double>::to_ieee() const' into 'double exp_reduce_::exp_generic<double>(double)' (C:\scratch\2025.1\hls_product\640\2025.1\src\shared\hls\clib/hlsmath/include/FloatingPoint\hls_exp_.h:157:0)
INFO: [HLS 214-178] Inlining function 'fp_struct<double>::expv() const' into 'double exp_reduce_::exp_generic<double>(double)' (C:\scratch\2025.1\hls_product\640\2025.1\src\shared\hls\clib/hlsmath/include/FloatingPoint\hls_exp_.h:157:0)
INFO: [HLS 214-178] Inlining function 'exp_reduce_::exp_traits<double>::exp_Z1P_m_1(ap_ufixed<51, -8, (ap_q_mode)5, (ap_o_mode)3, 0>)' into 'double exp_reduce_::exp_generic<double>(double)' (C:\scratch\2025.1\hls_product\640\2025.1\src\shared\hls\clib/hlsmath/include/FloatingPoint\hls_exp_.h:157:0)
INFO: [HLS 214-178] Inlining function 'fp_struct<float>::fp_struct(float)' into 'exp_reduce_::expm1(float)' (C:\scratch\2025.1\hls_product\640\2025.1\src\shared\hls\clib\hlsmath\src\common\hls_exp_float.cpp:7:0)
INFO: [HLS 214-178] Inlining function 'fp_struct<float>::fp_struct(float)' into 'float explog_based::generic_tanh<float>(float)' (C:\scratch\2025.1\hls_product\640\2025.1\src\shared\hls\clib/hlsmath/include/FloatingPoint\hls_tanh.h:28:0)
INFO: [HLS 214-178] Inlining function 'float generic_fabs<float>(float)' into 'float explog_based::generic_tanh<float>(float)' (C:\scratch\2025.1\hls_product\640\2025.1\src\shared\hls\clib/hlsmath/include/FloatingPoint\hls_tanh.h:28:0)
INFO: [HLS 214-178] Inlining function 'float generic_nan<float>(char const*)' into 'float explog_based::generic_tanh<float>(float)' (C:\scratch\2025.1\hls_product\640\2025.1\src\shared\hls\clib/hlsmath/include/FloatingPoint\hls_tanh.h:28:0)
INFO: [HLS 214-178] Inlining function 'exp_reduce_::expm1(float)' into 'float explog_based::generic_tanh<float>(float)' (C:\scratch\2025.1\hls_product\640\2025.1\src\shared\hls\clib/hlsmath/include/FloatingPoint\hls_tanh.h:28:0)
INFO: [HLS 214-178] Inlining function 'hls::tanh(float)' into 'cnn_accel' (../hls_files/conv_pool.cpp:43:0)
INFO: [HLS 214-248] Applying array_partition to '_ZZ9cnn_accelE7feat2_p': Complete partitioning on dimension 3. (../hls_files/conv_pool.cpp:74:0)
INFO: [HLS 214-248] Applying array_partition to '_ZZ9cnn_accelE5feat2': Complete partitioning on dimension 3. (../hls_files/conv_pool.cpp:73:0)
INFO: [HLS 214-248] Applying array_partition to '_ZZ9cnn_accelE7feat1_p': Complete partitioning on dimension 3. (../hls_files/conv_pool.cpp:72:0)
INFO: [HLS 214-248] Applying array_partition to '_ZZ9cnn_accelE5feat1': Complete partitioning on dimension 3. (../hls_files/conv_pool.cpp:71:0)
INFO: [HLS 214-248] Applying array_partition to '_ZZ9cnn_accelE9local_img': Complete partitioning on dimension 3. (../hls_files/conv_pool.cpp:70:0)
INFO: [HLS 214-376] automatically set the pipeline for Loop< LOAD_IMG_CH> at ../hls_files/conv_pool.cpp:92:9 
INFO: [HLS 214-376] automatically set the pipeline for Loop< CONV1_FIL> at ../hls_files/conv_pool.cpp:106:9 
INFO: [HLS 214-376] automatically set the pipeline for Loop< POOL1_CH> at ../hls_files/conv_pool.cpp:133:9 
INFO: [HLS 214-376] automatically set the pipeline for Loop< CONV2_CH> at ../hls_files/conv_pool.cpp:160:15 
INFO: [HLS 214-376] automatically set the pipeline for Loop< POOL2_CH> at ../hls_files/conv_pool.cpp:178:9 
INFO: [HLS 214-376] automatically set the pipeline for Loop< VITIS_LOOP_196_2> at ../hls_files/conv_pool.cpp:196:27 
INFO: [HLS 214-376] automatically set the pipeline for Loop< VITIS_LOOP_208_3> at ../hls_files/conv_pool.cpp:208:25 
INFO: [HLS 214-376] automatically set the pipeline for Loop< FC2_LOOP> at ../hls_files/conv_pool.cpp:218:5 
INFO: [HLS 214-291] Loop 'CONV1_KR' is marked as complete unroll implied by the pipeline pragma (../hls_files/conv_pool.cpp:111:11)
INFO: [HLS 214-291] Loop 'CONV1_KC' is marked as complete unroll implied by the pipeline pragma (../hls_files/conv_pool.cpp:113:13)
INFO: [HLS 214-291] Loop 'CONV1_CH' is marked as complete unroll implied by the pipeline pragma (../hls_files/conv_pool.cpp:115:15)
INFO: [HLS 214-186] Unrolling loop 'CONV1_KR' (../hls_files/conv_pool.cpp:111:11) in function 'cnn_accel' completely with a factor of 3 (../hls_files/conv_pool.cpp:43:0)
INFO: [HLS 214-186] Unrolling loop 'CONV1_KC' (../hls_files/conv_pool.cpp:113:13) in function 'cnn_accel' completely with a factor of 3 (../hls_files/conv_pool.cpp:43:0)
INFO: [HLS 214-186] Unrolling loop 'CONV1_CH' (../hls_files/conv_pool.cpp:115:15) in function 'cnn_accel' completely with a factor of 3 (../hls_files/conv_pool.cpp:43:0)
INFO: [HLS 214-437] Automatically disabling loop flattening for loop 'FC1_OUT'. (../hls_files/conv_pool.cpp:205:5)
INFO: [HLS 214-437] Automatically disabling loop flattening for loop 'CONV2_FIL'. (../hls_files/conv_pool.cpp:152:9)
INFO: [HLS 214-115] Multiple burst reads of length 230400 and bit width 32 in loop 'LOAD_IMG_ROWS'(../hls_files/conv_pool.cpp:88:5) has been inferred on bundle 'gmem'. These burst requests might be further partitioned into multiple requests during RTL generation, based on max_read_burst_length or max_write_burst_length settings. (../hls_files/conv_pool.cpp:88:5)
INFO: [HLS 214-115] Multiple burst reads of length 32 and bit width 32 in loop 'FC2_LOOP'(../hls_files/conv_pool.cpp:218:5) has been inferred on bundle 'gmem'. These burst requests might be further partitioned into multiple requests during RTL generation, based on max_read_burst_length or max_write_burst_length settings. (../hls_files/conv_pool.cpp:218:5)
INFO: [HLS 200-111] Finished Compiling Optimization and Transform: CPU user time: 1 seconds. CPU system time: 0 seconds. Elapsed time: 10.898 seconds; current allocated memory: 156.020 MB.
INFO: [HLS 200-111] Finished Checking Pragmas: CPU user time: 0 seconds. CPU system time: 0 seconds. Elapsed time: 0.006 seconds; current allocated memory: 156.020 MB.
INFO: [HLS 200-10] Starting code transformations ...
INFO: [HLS 200-111] Finished Standard Transforms: CPU user time: 0 seconds. CPU system time: 0 seconds. Elapsed time: 0.269 seconds; current allocated memory: 164.383 MB.
INFO: [HLS 200-10] Checking synthesizability ...
INFO: [HLS 200-111] Finished Checking Synthesizability: CPU user time: 0 seconds. CPU system time: 0 seconds. Elapsed time: 0.217 seconds; current allocated memory: 168.863 MB.
INFO: [XFORM 203-401] Performing if-conversion on hyperblock from (C:\scratch\2025.1\hls_product\640\2025.1\src\shared\hls\clib/hlsmath/include/FloatingPoint\hls_exp_.h:158:9) to (C:\scratch\2025.1\hls_product\640\2025.1\src\shared\hls\clib/hlsmath/include/FloatingPoint\hls_exp_.h:339:3) in function 'exp_reduce_::exp_generic<double>'... converting 10 basic blocks.
INFO: [HLS 200-111] Finished Loop, function and other optimizations: CPU user time: 1 seconds. CPU system time: 0 seconds. Elapsed time: 0.686 seconds; current allocated memory: 195.777 MB.
INFO: [HLS 200-2061] Successfully converted nested loops 'LOAD_IMG_COLS'(../hls_files/conv_pool.cpp:90:7) and 'LOAD_IMG_CH'(../hls_files/conv_pool.cpp:92:9) in function 'cnn_accel' into perfectly nested loops.
INFO: [HLS 200-2061] Successfully converted nested loops 'LOAD_IMG_ROWS'(../hls_files/conv_pool.cpp:88:5) and 'LOAD_IMG_COLS'(../hls_files/conv_pool.cpp:90:7) in function 'cnn_accel' into perfectly nested loops.
INFO: [HLS 200-2061] Successfully converted nested loops 'POOL1_COL'(../hls_files/conv_pool.cpp:131:7) and 'POOL1_CH'(../hls_files/conv_pool.cpp:133:9) in function 'cnn_accel' into perfectly nested loops.
INFO: [HLS 200-2061] Successfully converted nested loops 'POOL1_ROW'(../hls_files/conv_pool.cpp:129:5) and 'POOL1_COL'(../hls_files/conv_pool.cpp:131:7) in function 'cnn_accel' into perfectly nested loops.
INFO: [HLS 200-2061] Successfully converted nested loops 'CONV2_KC'(../hls_files/conv_pool.cpp:158:13) and 'CONV2_CH'(../hls_files/conv_pool.cpp:160:15) in function 'cnn_accel' into perfectly nested loops.
INFO: [HLS 200-2061] Successfully converted nested loops 'CONV2_KR'(../hls_files/conv_pool.cpp:156:11) and 'CONV2_KC'(../hls_files/conv_pool.cpp:158:13) in function 'cnn_accel' into perfectly nested loops.
INFO: [HLS 200-2061] Successfully converted nested loops 'POOL2_COL'(../hls_files/conv_pool.cpp:176:7) and 'POOL2_CH'(../hls_files/conv_pool.cpp:178:9) in function 'cnn_accel' into perfectly nested loops.
INFO: [HLS 200-2061] Successfully converted nested loops 'POOL2_ROW'(../hls_files/conv_pool.cpp:174:5) and 'POOL2_COL'(../hls_files/conv_pool.cpp:176:7) in function 'cnn_accel' into perfectly nested loops.
INFO: [HLS 200-2061] Successfully converted nested loops 'VITIS_LOOP_195_1'(../hls_files/conv_pool.cpp:195:25) and 'VITIS_LOOP_196_2'(../hls_files/conv_pool.cpp:196:27) in function 'cnn_accel' into perfectly nested loops.
INFO: [HLS 200-2061] Successfully converted nested loops 'FLATTEN'(../hls_files/conv_pool.cpp:194:5) and 'VITIS_LOOP_195_1'(../hls_files/conv_pool.cpp:195:25) in function 'cnn_accel' into perfectly nested loops.
INFO: [XFORM 203-541] Flattening a loop nest 'LOAD_IMG_COLS' (../hls_files/conv_pool.cpp:90:7) in function 'cnn_accel'.
INFO: [XFORM 203-541] Flattening a loop nest 'LOAD_IMG_ROWS' (../hls_files/conv_pool.cpp:88:5) in function 'cnn_accel'.
WARNING: [HLS 200-960] Cannot flatten loop 'CONV1_COL' (../hls_files/conv_pool.cpp:104:7) in function 'cnn_accel' either the parent loop or sub loop is do-while loop.
Resolution: For help on HLS 200-960 see docs.xilinx.com/access/sources/dita/topic?Doc_Version=2025.1%20English&url=ug1448-hls-guidance&resourceid=200-960.html
INFO: [XFORM 203-541] Flattening a loop nest 'POOL1_COL' (../hls_files/conv_pool.cpp:131:7) in function 'cnn_accel'.
INFO: [XFORM 203-541] Flattening a loop nest 'POOL1_ROW' (../hls_files/conv_pool.cpp:129:5) in function 'cnn_accel'.
INFO: [XFORM 203-541] Flattening a loop nest 'CONV2_KC' (../hls_files/conv_pool.cpp:158:13) in function 'cnn_accel'.
INFO: [XFORM 203-541] Flattening a loop nest 'CONV2_KR' (../hls_files/conv_pool.cpp:156:11) in function 'cnn_accel'.
INFO: [XFORM 203-541] Flattening a loop nest 'POOL2_COL' (../hls_files/conv_pool.cpp:176:7) in function 'cnn_accel'.
INFO: [XFORM 203-541] Flattening a loop nest 'POOL2_ROW' (../hls_files/conv_pool.cpp:174:5) in function 'cnn_accel'.
INFO: [XFORM 203-541] Flattening a loop nest 'VITIS_LOOP_195_1' (../hls_files/conv_pool.cpp:195:25) in function 'cnn_accel'.
INFO: [XFORM 203-541] Flattening a loop nest 'FLATTEN' (../hls_files/conv_pool.cpp:194:5) in function 'cnn_accel'.
INFO: [HLS 200-111] Finished Architecture Synthesis: CPU user time: 0 seconds. CPU system time: 0 seconds. Elapsed time: 1.56 seconds; current allocated memory: 280.359 MB.
INFO: [HLS 200-10] Starting hardware synthesis ...
INFO: [HLS 200-10] Synthesizing 'cnn_accel' ...
WARNING: [SYN 201-103] Legalizing function name 'exp_generic<double>' to 'exp_generic_double_s'.
WARNING: [SYN 201-103] Legalizing function name 'generic_tanh<float>' to 'generic_tanh_float_s'.
INFO: [HLS 200-10] ----------------------------------------------------------------
INFO: [HLS 200-42] -- Implementing module 'cnn_accel_Pipeline_LOAD_IMG_ROWS_LOAD_IMG_COLS_LOAD_IMG_CH' 
INFO: [HLS 200-10] ----------------------------------------------------------------
INFO: [SCHED 204-11] Starting scheduling ...
INFO: [SCHED 204-61] Pipelining loop 'LOAD_IMG_ROWS_LOAD_IMG_COLS_LOAD_IMG_CH'.
INFO: [HLS 200-1470] Pipelining result : Target II = NA, Final II = 1, Depth = 3, loop 'LOAD_IMG_ROWS_LOAD_IMG_COLS_LOAD_IMG_CH'
INFO: [SCHED 204-11] Finished scheduling.
INFO: [HLS 200-111] Finished Scheduling: CPU user time: 0 seconds. CPU system time: 0 seconds. Elapsed time: 0.393 seconds; current allocated memory: 284.938 MB.
INFO: [BIND 205-100] Starting micro-architecture generation ...
INFO: [BIND 205-101] Performing variable lifetime analysis.
INFO: [BIND 205-101] Exploring resource sharing.
INFO: [BIND 205-101] Binding ...
INFO: [BIND 205-100] Finished micro-architecture generation.
INFO: [HLS 200-111] Finished Binding: CPU user time: 1 seconds. CPU system time: 0 seconds. Elapsed time: 0.05 seconds; current allocated memory: 286.051 MB.
INFO: [HLS 200-10] ----------------------------------------------------------------
INFO: [HLS 200-42] -- Implementing module 'cnn_accel_Pipeline_CONV1_FIL' 
INFO: [HLS 200-10] ----------------------------------------------------------------
INFO: [SCHED 204-11] Starting scheduling ...
INFO: [SCHED 204-61] Pipelining loop 'CONV1_FIL'.
WARNING: [HLS 200-885] The II Violation in module 'cnn_accel_Pipeline_CONV1_FIL' (loop 'CONV1_FIL'): Unable to schedule bus request operation ('gmem_load_1_req', ../hls_files/conv_pool.cpp:118) on port 'gmem' (../hls_files/conv_pool.cpp:118) due to limited memory ports (II = 1). Please consider using a memory core with more ports or partitioning the array.
Resolution: For help on HLS 200-885 see docs.xilinx.com/access/sources/dita/topic?Doc_Version=2025.1%20English&url=ug1448-hls-guidance&resourceid=200-885.html
WARNING: [HLS 200-885] The II Violation in module 'cnn_accel_Pipeline_CONV1_FIL' (loop 'CONV1_FIL'): Unable to schedule bus request operation ('gmem_load_2_req', ../hls_files/conv_pool.cpp:118) on port 'gmem' (../hls_files/conv_pool.cpp:118) due to limited memory ports (II = 2). Please consider using a memory core with more ports or partitioning the array.
Resolution: For help on HLS 200-885 see docs.xilinx.com/access/sources/dita/topic?Doc_Version=2025.1%20English&url=ug1448-hls-guidance&resourceid=200-885.html
WARNING: [HLS 200-885] The II Violation in module 'cnn_accel_Pipeline_CONV1_FIL' (loop 'CONV1_FIL'): Unable to schedule bus request operation ('gmem_load_3_req', ../hls_files/conv_pool.cpp:118) on port 'gmem' (../hls_files/conv_pool.cpp:118) due to limited memory ports (II = 3). Please consider using a memory core with more ports or partitioning the array.
Resolution: For help on HLS 200-885 see docs.xilinx.com/access/sources/dita/topic?Doc_Version=2025.1%20English&url=ug1448-hls-guidance&resourceid=200-885.html
WARNING: [HLS 200-885] The II Violation in module 'cnn_accel_Pipeline_CONV1_FIL' (loop 'CONV1_FIL'): Unable to schedule bus request operation ('gmem_load_4_req', ../hls_files/conv_pool.cpp:118) on port 'gmem' (../hls_files/conv_pool.cpp:118) due to limited memory ports (II = 4). Please consider using a memory core with more ports or partitioning the array.
Resolution: For help on HLS 200-885 see docs.xilinx.com/access/sources/dita/topic?Doc_Version=2025.1%20English&url=ug1448-hls-guidance&resourceid=200-885.html
WARNING: [HLS 200-885] The II Violation in module 'cnn_accel_Pipeline_CONV1_FIL' (loop 'CONV1_FIL'): Unable to schedule bus request operation ('gmem_load_19_req', ../hls_files/conv_pool.cpp:118) on port 'gmem' (../hls_files/conv_pool.cpp:118) due to limited memory ports (II = 19). Please consider using a memory core with more ports or partitioning the array.
Resolution: For help on HLS 200-885 see docs.xilinx.com/access/sources/dita/topic?Doc_Version=2025.1%20English&url=ug1448-hls-guidance&resourceid=200-885.html
WARNING: [HLS 200-885] The II Violation in module 'cnn_accel_Pipeline_CONV1_FIL' (loop 'CONV1_FIL'): Unable to schedule bus request operation ('gmem_load_27_req', ../hls_files/conv_pool.cpp:118) on port 'gmem' (../hls_files/conv_pool.cpp:118) due to limited memory ports (II = 27). Please consider using a memory core with more ports or partitioning the array.
Resolution: For help on HLS 200-885 see docs.xilinx.com/access/sources/dita/topic?Doc_Version=2025.1%20English&url=ug1448-hls-guidance&resourceid=200-885.html
INFO: [HLS 200-1470] Pipelining result : Target II = NA, Final II = 28, Depth = 153, loop 'CONV1_FIL'
INFO: [SCHED 204-11] Finished scheduling.
INFO: [HLS 200-111] Finished Scheduling: CPU user time: 0 seconds. CPU system time: 0 seconds. Elapsed time: 1.082 seconds; current allocated memory: 291.758 MB.
INFO: [BIND 205-100] Starting micro-architecture generation ...
INFO: [BIND 205-101] Performing variable lifetime analysis.
INFO: [BIND 205-101] Exploring resource sharing.
INFO: [BIND 205-101] Binding ...
INFO: [BIND 205-100] Finished micro-architecture generation.
INFO: [HLS 200-111] Finished Binding: CPU user time: 0 seconds. CPU system time: 1 seconds. Elapsed time: 0.194 seconds; current allocated memory: 292.336 MB.
INFO: [HLS 200-10] ----------------------------------------------------------------
INFO: [HLS 200-42] -- Implementing module 'cnn_accel_Pipeline_POOL1_ROW_POOL1_COL_POOL1_CH' 
INFO: [HLS 200-10] ----------------------------------------------------------------
INFO: [SCHED 204-11] Starting scheduling ...
INFO: [HLS 200-486] Changing DSP latency (root=empty_74) to 3 in order to utilize available DSP registers.
INFO: [SCHED 204-61] Pipelining loop 'POOL1_ROW_POOL1_COL_POOL1_CH'.
WARNING: [HLS 200-885] The II Violation in module 'cnn_accel_Pipeline_POOL1_ROW_POOL1_COL_POOL1_CH' (loop 'POOL1_ROW_POOL1_COL_POOL1_CH'): Unable to schedule 'load' operation 32 bit ('feat1_load_1', ../hls_files/conv_pool.cpp:129) on array 'feat1' due to limited memory ports (II = 1). Please consider using a memory core with more ports or partitioning the array 'feat1'.
Resolution: For help on HLS 200-885 see docs.xilinx.com/access/sources/dita/topic?Doc_Version=2025.1%20English&url=ug1448-hls-guidance&resourceid=200-885.html
INFO: [HLS 200-1470] Pipelining result : Target II = NA, Final II = 2, Depth = 11, loop 'POOL1_ROW_POOL1_COL_POOL1_CH'
INFO: [SCHED 204-11] Finished scheduling.
INFO: [HLS 200-111] Finished Scheduling: CPU user time: 1 seconds. CPU system time: 0 seconds. Elapsed time: 0.335 seconds; current allocated memory: 294.543 MB.
INFO: [BIND 205-100] Starting micro-architecture generation ...
INFO: [BIND 205-101] Performing variable lifetime analysis.
INFO: [BIND 205-101] Exploring resource sharing.
INFO: [BIND 205-101] Binding ...
INFO: [BIND 205-100] Finished micro-architecture generation.
INFO: [HLS 200-111] Finished Binding: CPU user time: 0 seconds. CPU system time: 0 seconds. Elapsed time: 0.075 seconds; current allocated memory: 294.586 MB.
INFO: [HLS 200-10] ----------------------------------------------------------------
INFO: [HLS 200-42] -- Implementing module 'cnn_accel_Pipeline_CONV2_KR_CONV2_KC_CONV2_CH' 
INFO: [HLS 200-10] ----------------------------------------------------------------
INFO: [SCHED 204-11] Starting scheduling ...
INFO: [HLS 200-486] Changing DSP latency (root=empty_91) to 3 in order to utilize available DSP registers.
INFO: [SCHED 204-61] Pipelining loop 'CONV2_KR_CONV2_KC_CONV2_CH'.
WARNING: [HLS 200-880] The II Violation in module 'cnn_accel_Pipeline_CONV2_KR_CONV2_KC_CONV2_CH' (loop 'CONV2_KR_CONV2_KC_CONV2_CH'): Unable to enforce a carried dependence constraint (II = 1, distance = 1, offset = 1) between 'store' operation 0 bit ('acc_write_ln154', ../hls_files/conv_pool.cpp:154) of variable 'acc_2', ../hls_files/conv_pool.cpp:163 on local variable 'acc', ../hls_files/conv_pool.cpp:154 and 'fadd' operation 32 bit ('acc_2', ../hls_files/conv_pool.cpp:163).
Resolution: For help on HLS 200-880 see docs.xilinx.com/access/sources/dita/topic?Doc_Version=2025.1%20English&url=ug1448-hls-guidance&resourceid=200-880.html
WARNING: [HLS 200-880] The II Violation in module 'cnn_accel_Pipeline_CONV2_KR_CONV2_KC_CONV2_CH' (loop 'CONV2_KR_CONV2_KC_CONV2_CH'): Unable to enforce a carried dependence constraint (II = 2, distance = 1, offset = 1) between 'store' operation 0 bit ('acc_write_ln154', ../hls_files/conv_pool.cpp:154) of variable 'acc_2', ../hls_files/conv_pool.cpp:163 on local variable 'acc', ../hls_files/conv_pool.cpp:154 and 'fadd' operation 32 bit ('acc_2', ../hls_files/conv_pool.cpp:163).
Resolution: For help on HLS 200-880 see docs.xilinx.com/access/sources/dita/topic?Doc_Version=2025.1%20English&url=ug1448-hls-guidance&resourceid=200-880.html
WARNING: [HLS 200-880] The II Violation in module 'cnn_accel_Pipeline_CONV2_KR_CONV2_KC_CONV2_CH' (loop 'CONV2_KR_CONV2_KC_CONV2_CH'): Unable to enforce a carried dependence constraint (II = 3, distance = 1, offset = 1) between 'store' operation 0 bit ('acc_write_ln154', ../hls_files/conv_pool.cpp:154) of variable 'acc_2', ../hls_files/conv_pool.cpp:163 on local variable 'acc', ../hls_files/conv_pool.cpp:154 and 'fadd' operation 32 bit ('acc_2', ../hls_files/conv_pool.cpp:163).
Resolution: For help on HLS 200-880 see docs.xilinx.com/access/sources/dita/topic?Doc_Version=2025.1%20English&url=ug1448-hls-guidance&resourceid=200-880.html
WARNING: [HLS 200-880] The II Violation in module 'cnn_accel_Pipeline_CONV2_KR_CONV2_KC_CONV2_CH' (loop 'CONV2_KR_CONV2_KC_CONV2_CH'): Unable to enforce a carried dependence constraint (II = 4, distance = 1, offset = 1) between 'store' operation 0 bit ('acc_write_ln154', ../hls_files/conv_pool.cpp:154) of variable 'acc_2', ../hls_files/conv_pool.cpp:163 on local variable 'acc', ../hls_files/conv_pool.cpp:154 and 'fadd' operation 32 bit ('acc_2', ../hls_files/conv_pool.cpp:163).
Resolution: For help on HLS 200-880 see docs.xilinx.com/access/sources/dita/topic?Doc_Version=2025.1%20English&url=ug1448-hls-guidance&resourceid=200-880.html
WARNING: [HLS 200-880] The II Violation in module 'cnn_accel_Pipeline_CONV2_KR_CONV2_KC_CONV2_CH' (loop 'CONV2_KR_CONV2_KC_CONV2_CH'): Unable to enforce a carried dependence constraint (II = 5, distance = 1, offset = 1) between 'store' operation 0 bit ('acc_write_ln154', ../hls_files/conv_pool.cpp:154) of variable 'acc_2', ../hls_files/conv_pool.cpp:163 on local variable 'acc', ../hls_files/conv_pool.cpp:154 and 'fadd' operation 32 bit ('acc_2', ../hls_files/conv_pool.cpp:163).
Resolution: For help on HLS 200-880 see docs.xilinx.com/access/sources/dita/topic?Doc_Version=2025.1%20English&url=ug1448-hls-guidance&resourceid=200-880.html
INFO: [HLS 200-1470] Pipelining result : Target II = NA, Final II = 6, Depth = 22, loop 'CONV2_KR_CONV2_KC_CONV2_CH'
INFO: [SCHED 204-11] Finished scheduling.
INFO: [HLS 200-111] Finished Scheduling: CPU user time: 0 seconds. CPU system time: 0 seconds. Elapsed time: 1.186 seconds; current allocated memory: 294.902 MB.
INFO: [BIND 205-100] Starting micro-architecture generation ...
INFO: [BIND 205-101] Performing variable lifetime analysis.
INFO: [BIND 205-101] Exploring resource sharing.
INFO: [BIND 205-101] Binding ...
INFO: [BIND 205-100] Finished micro-architecture generation.
INFO: [HLS 200-111] Finished Binding: CPU user time: 0 seconds. CPU system time: 0 seconds. Elapsed time: 0.046 seconds; current allocated memory: 295.078 MB.
INFO: [HLS 200-10] ----------------------------------------------------------------
INFO: [HLS 200-42] -- Implementing module 'cnn_accel_Pipeline_POOL2_ROW_POOL2_COL_POOL2_CH' 
INFO: [HLS 200-10] ----------------------------------------------------------------
INFO: [SCHED 204-11] Starting scheduling ...
INFO: [HLS 200-486] Changing DSP latency (root=empty_61) to 3 in order to utilize available DSP registers.
INFO: [SCHED 204-61] Pipelining loop 'POOL2_ROW_POOL2_COL_POOL2_CH'.
WARNING: [HLS 200-885] The II Violation in module 'cnn_accel_Pipeline_POOL2_ROW_POOL2_COL_POOL2_CH' (loop 'POOL2_ROW_POOL2_COL_POOL2_CH'): Unable to schedule 'load' operation 32 bit ('feat2_load_1', ../hls_files/conv_pool.cpp:174) on array 'feat2' due to limited memory ports (II = 1). Please consider using a memory core with more ports or partitioning the array 'feat2'.
Resolution: For help on HLS 200-885 see docs.xilinx.com/access/sources/dita/topic?Doc_Version=2025.1%20English&url=ug1448-hls-guidance&resourceid=200-885.html
INFO: [HLS 200-1470] Pipelining result : Target II = NA, Final II = 2, Depth = 11, loop 'POOL2_ROW_POOL2_COL_POOL2_CH'
INFO: [SCHED 204-11] Finished scheduling.
INFO: [HLS 200-111] Finished Scheduling: CPU user time: 0 seconds. CPU system time: 0 seconds. Elapsed time: 2.025 seconds; current allocated memory: 301.742 MB.
INFO: [BIND 205-100] Starting micro-architecture generation ...
INFO: [BIND 205-101] Performing variable lifetime analysis.
INFO: [BIND 205-101] Exploring resource sharing.
INFO: [BIND 205-101] Binding ...
INFO: [BIND 205-100] Finished micro-architecture generation.
INFO: [HLS 200-111] Finished Binding: CPU user time: 0 seconds. CPU system time: 0 seconds. Elapsed time: 0.1 seconds; current allocated memory: 301.742 MB.
INFO: [HLS 200-10] ----------------------------------------------------------------
INFO: [HLS 200-42] -- Implementing module 'cnn_accel_Pipeline_FLATTEN_VITIS_LOOP_195_1_VITIS_LOOP_196_2' 
INFO: [HLS 200-10] ----------------------------------------------------------------
INFO: [SCHED 204-11] Starting scheduling ...
INFO: [HLS 200-486] Changing DSP latency (root=empty_82) to 3 in order to utilize available DSP registers.
INFO: [SCHED 204-61] Pipelining loop 'FLATTEN_VITIS_LOOP_195_1_VITIS_LOOP_196_2'.
INFO: [HLS 200-1470] Pipelining result : Target II = NA, Final II = 1, Depth = 6, loop 'FLATTEN_VITIS_LOOP_195_1_VITIS_LOOP_196_2'
INFO: [SCHED 204-11] Finished scheduling.
INFO: [HLS 200-111] Finished Scheduling: CPU user time: 0 seconds. CPU system time: 0 seconds. Elapsed time: 0.153 seconds; current allocated memory: 301.750 MB.
INFO: [BIND 205-100] Starting micro-architecture generation ...
INFO: [BIND 205-101] Performing variable lifetime analysis.
INFO: [BIND 205-101] Exploring resource sharing.
INFO: [BIND 205-101] Binding ...
INFO: [BIND 205-100] Finished micro-architecture generation.
INFO: [HLS 200-111] Finished Binding: CPU user time: 0 seconds. CPU system time: 0 seconds. Elapsed time: 0.048 seconds; current allocated memory: 301.758 MB.
INFO: [HLS 200-10] ----------------------------------------------------------------
INFO: [HLS 200-42] -- Implementing module 'cnn_accel_Pipeline_VITIS_LOOP_208_3' 
INFO: [HLS 200-10] ----------------------------------------------------------------
INFO: [SCHED 204-11] Starting scheduling ...
INFO: [SCHED 204-61] Pipelining loop 'VITIS_LOOP_208_3'.
WARNING: [HLS 200-880] The II Violation in module 'cnn_accel_Pipeline_VITIS_LOOP_208_3' (loop 'VITIS_LOOP_208_3'): Unable to enforce a carried dependence constraint (II = 1, distance = 1, offset = 1) between 'store' operation 0 bit ('acc_write_ln207', ../hls_files/conv_pool.cpp:207) of variable 'acc', ../hls_files/conv_pool.cpp:209 on local variable 'acc', ../hls_files/conv_pool.cpp:207 and 'fadd' operation 32 bit ('acc', ../hls_files/conv_pool.cpp:209).
Resolution: For help on HLS 200-880 see docs.xilinx.com/access/sources/dita/topic?Doc_Version=2025.1%20English&url=ug1448-hls-guidance&resourceid=200-880.html
WARNING: [HLS 200-880] The II Violation in module 'cnn_accel_Pipeline_VITIS_LOOP_208_3' (loop 'VITIS_LOOP_208_3'): Unable to enforce a carried dependence constraint (II = 2, distance = 1, offset = 1) between 'store' operation 0 bit ('acc_write_ln207', ../hls_files/conv_pool.cpp:207) of variable 'acc', ../hls_files/conv_pool.cpp:209 on local variable 'acc', ../hls_files/conv_pool.cpp:207 and 'fadd' operation 32 bit ('acc', ../hls_files/conv_pool.cpp:209).
Resolution: For help on HLS 200-880 see docs.xilinx.com/access/sources/dita/topic?Doc_Version=2025.1%20English&url=ug1448-hls-guidance&resourceid=200-880.html
WARNING: [HLS 200-880] The II Violation in module 'cnn_accel_Pipeline_VITIS_LOOP_208_3' (loop 'VITIS_LOOP_208_3'): Unable to enforce a carried dependence constraint (II = 3, distance = 1, offset = 1) between 'store' operation 0 bit ('acc_write_ln207', ../hls_files/conv_pool.cpp:207) of variable 'acc', ../hls_files/conv_pool.cpp:209 on local variable 'acc', ../hls_files/conv_pool.cpp:207 and 'fadd' operation 32 bit ('acc', ../hls_files/conv_pool.cpp:209).
Resolution: For help on HLS 200-880 see docs.xilinx.com/access/sources/dita/topic?Doc_Version=2025.1%20English&url=ug1448-hls-guidance&resourceid=200-880.html
WARNING: [HLS 200-880] The II Violation in module 'cnn_accel_Pipeline_VITIS_LOOP_208_3' (loop 'VITIS_LOOP_208_3'): Unable to enforce a carried dependence constraint (II = 4, distance = 1, offset = 1) between 'store' operation 0 bit ('acc_write_ln207', ../hls_files/conv_pool.cpp:207) of variable 'acc', ../hls_files/conv_pool.cpp:209 on local variable 'acc', ../hls_files/conv_pool.cpp:207 and 'fadd' operation 32 bit ('acc', ../hls_files/conv_pool.cpp:209).
Resolution: For help on HLS 200-880 see docs.xilinx.com/access/sources/dita/topic?Doc_Version=2025.1%20English&url=ug1448-hls-guidance&resourceid=200-880.html
WARNING: [HLS 200-880] The II Violation in module 'cnn_accel_Pipeline_VITIS_LOOP_208_3' (loop 'VITIS_LOOP_208_3'): Unable to enforce a carried dependence constraint (II = 5, distance = 1, offset = 1) between 'store' operation 0 bit ('acc_write_ln207', ../hls_files/conv_pool.cpp:207) of variable 'acc', ../hls_files/conv_pool.cpp:209 on local variable 'acc', ../hls_files/conv_pool.cpp:207 and 'fadd' operation 32 bit ('acc', ../hls_files/conv_pool.cpp:209).
Resolution: For help on HLS 200-880 see docs.xilinx.com/access/sources/dita/topic?Doc_Version=2025.1%20English&url=ug1448-hls-guidance&resourceid=200-880.html
INFO: [HLS 200-1470] Pipelining result : Target II = NA, Final II = 6, Depth = 20, loop 'VITIS_LOOP_208_3'
INFO: [SCHED 204-11] Finished scheduling.
INFO: [HLS 200-111] Finished Scheduling: CPU user time: 0 seconds. CPU system time: 0 seconds. Elapsed time: 1.626 seconds; current allocated memory: 301.758 MB.
INFO: [BIND 205-100] Starting micro-architecture generation ...
INFO: [BIND 205-101] Performing variable lifetime analysis.
INFO: [BIND 205-101] Exploring resource sharing.
INFO: [BIND 205-101] Binding ...
INFO: [BIND 205-100] Finished micro-architecture generation.
INFO: [HLS 200-111] Finished Binding: CPU user time: 0 seconds. CPU system time: 0 seconds. Elapsed time: 0.03 seconds; current allocated memory: 301.758 MB.
INFO: [HLS 200-10] ----------------------------------------------------------------
INFO: [HLS 200-42] -- Implementing module 'exp_generic_double_s' 
INFO: [HLS 200-10] ----------------------------------------------------------------
INFO: [SCHED 204-11] Starting scheduling ...
INFO: [HLS 200-486] Changing DSP latency (root=add_ln243) to 3 in order to utilize available DSP registers.
INFO: [SCHED 204-61] Pipelining function 'exp_generic<double>'.
INFO: [HLS 200-1470] Pipelining result : Target II = NA, Final II = 1, Depth = 22, function 'exp_generic<double>'
INFO: [SCHED 204-11] Finished scheduling.
INFO: [HLS 200-111] Finished Scheduling: CPU user time: 1 seconds. CPU system time: 0 seconds. Elapsed time: 0.159 seconds; current allocated memory: 301.828 MB.
INFO: [BIND 205-100] Starting micro-architecture generation ...
INFO: [BIND 205-101] Performing variable lifetime analysis.
INFO: [BIND 205-101] Exploring resource sharing.
INFO: [BIND 205-101] Binding ...
INFO: [BIND 205-100] Finished micro-architecture generation.
INFO: [HLS 200-111] Finished Binding: CPU user time: 0 seconds. CPU system time: 0 seconds. Elapsed time: 0.063 seconds; current allocated memory: 302.039 MB.
INFO: [HLS 200-10] ----------------------------------------------------------------
INFO: [HLS 200-42] -- Implementing module 'generic_tanh_float_s' 
INFO: [HLS 200-10] ----------------------------------------------------------------
INFO: [SCHED 204-11] Starting scheduling ...
INFO: [SCHED 204-11] Finished scheduling.
INFO: [HLS 200-111] Finished Scheduling: CPU user time: 0 seconds. CPU system time: 0 seconds. Elapsed time: 0.11 seconds; current allocated memory: 302.469 MB.
INFO: [BIND 205-100] Starting micro-architecture generation ...
INFO: [BIND 205-101] Performing variable lifetime analysis.
INFO: [BIND 205-101] Exploring resource sharing.
INFO: [BIND 205-101] Binding ...
INFO: [BIND 205-100] Finished micro-architecture generation.
INFO: [HLS 200-111] Finished Binding: CPU user time: 0 seconds. CPU system time: 0 seconds. Elapsed time: 0.048 seconds; current allocated memory: 302.828 MB.
INFO: [HLS 200-10] ----------------------------------------------------------------
INFO: [HLS 200-42] -- Implementing module 'cnn_accel_Pipeline_FC2_LOOP' 
INFO: [HLS 200-10] ----------------------------------------------------------------
INFO: [SCHED 204-11] Starting scheduling ...
INFO: [SCHED 204-61] Pipelining loop 'FC2_LOOP'.
WARNING: [HLS 200-880] The II Violation in module 'cnn_accel_Pipeline_FC2_LOOP' (loop 'FC2_LOOP'): Unable to enforce a carried dependence constraint (II = 1, distance = 1, offset = 1) between 'store' operation 0 bit ('acc2_1_write_ln216', ../hls_files/conv_pool.cpp:216) of variable 'acc2', ../hls_files/conv_pool.cpp:220 on local variable 'acc2', ../hls_files/conv_pool.cpp:216 and 'fadd' operation 32 bit ('acc2', ../hls_files/conv_pool.cpp:220).
Resolution: For help on HLS 200-880 see docs.xilinx.com/access/sources/dita/topic?Doc_Version=2025.1%20English&url=ug1448-hls-guidance&resourceid=200-880.html
WARNING: [HLS 200-880] The II Violation in module 'cnn_accel_Pipeline_FC2_LOOP' (loop 'FC2_LOOP'): Unable to enforce a carried dependence constraint (II = 2, distance = 1, offset = 1) between 'store' operation 0 bit ('acc2_1_write_ln216', ../hls_files/conv_pool.cpp:216) of variable 'acc2', ../hls_files/conv_pool.cpp:220 on local variable 'acc2', ../hls_files/conv_pool.cpp:216 and 'fadd' operation 32 bit ('acc2', ../hls_files/conv_pool.cpp:220).
Resolution: For help on HLS 200-880 see docs.xilinx.com/access/sources/dita/topic?Doc_Version=2025.1%20English&url=ug1448-hls-guidance&resourceid=200-880.html
WARNING: [HLS 200-880] The II Violation in module 'cnn_accel_Pipeline_FC2_LOOP' (loop 'FC2_LOOP'): Unable to enforce a carried dependence constraint (II = 3, distance = 1, offset = 1) between 'store' operation 0 bit ('acc2_1_write_ln216', ../hls_files/conv_pool.cpp:216) of variable 'acc2', ../hls_files/conv_pool.cpp:220 on local variable 'acc2', ../hls_files/conv_pool.cpp:216 and 'fadd' operation 32 bit ('acc2', ../hls_files/conv_pool.cpp:220).
Resolution: For help on HLS 200-880 see docs.xilinx.com/access/sources/dita/topic?Doc_Version=2025.1%20English&url=ug1448-hls-guidance&resourceid=200-880.html
WARNING: [HLS 200-880] The II Violation in module 'cnn_accel_Pipeline_FC2_LOOP' (loop 'FC2_LOOP'): Unable to enforce a carried dependence constraint (II = 4, distance = 1, offset = 1) between 'store' operation 0 bit ('acc2_1_write_ln216', ../hls_files/conv_pool.cpp:216) of variable 'acc2', ../hls_files/conv_pool.cpp:220 on local variable 'acc2', ../hls_files/conv_pool.cpp:216 and 'fadd' operation 32 bit ('acc2', ../hls_files/conv_pool.cpp:220).
Resolution: For help on HLS 200-880 see docs.xilinx.com/access/sources/dita/topic?Doc_Version=2025.1%20English&url=ug1448-hls-guidance&resourceid=200-880.html
WARNING: [HLS 200-880] The II Violation in module 'cnn_accel_Pipeline_FC2_LOOP' (loop 'FC2_LOOP'): Unable to enforce a carried dependence constraint (II = 5, distance = 1, offset = 1) between 'store' operation 0 bit ('acc2_1_write_ln216', ../hls_files/conv_pool.cpp:216) of variable 'acc2', ../hls_files/conv_pool.cpp:220 on local variable 'acc2', ../hls_files/conv_pool.cpp:216 and 'fadd' operation 32 bit ('acc2', ../hls_files/conv_pool.cpp:220).
Resolution: For help on HLS 200-880 see docs.xilinx.com/access/sources/dita/topic?Doc_Version=2025.1%20English&url=ug1448-hls-guidance&resourceid=200-880.html
INFO: [HLS 200-1470] Pipelining result : Target II = NA, Final II = 6, Depth = 12, loop 'FC2_LOOP'
INFO: [SCHED 204-11] Finished scheduling.
INFO: [HLS 200-111] Finished Scheduling: CPU user time: 0 seconds. CPU system time: 0 seconds. Elapsed time: 1.617 seconds; current allocated memory: 303.000 MB.
INFO: [BIND 205-100] Starting micro-architecture generation ...
INFO: [BIND 205-101] Performing variable lifetime analysis.
INFO: [BIND 205-101] Exploring resource sharing.
INFO: [BIND 205-101] Binding ...
INFO: [BIND 205-100] Finished micro-architecture generation.
INFO: [HLS 200-111] Finished Binding: CPU user time: 0 seconds. CPU system time: 0 seconds. Elapsed time: 0.032 seconds; current allocated memory: 303.117 MB.
INFO: [HLS 200-10] ----------------------------------------------------------------
INFO: [HLS 200-42] -- Implementing module 'cnn_accel' 
INFO: [HLS 200-10] ----------------------------------------------------------------
INFO: [SCHED 204-11] Starting scheduling ...
INFO: [SCHED 204-11] Finished scheduling.
INFO: [HLS 200-111] Finished Scheduling: CPU user time: 0 seconds. CPU system time: 0 seconds. Elapsed time: 1.964 seconds; current allocated memory: 305.996 MB.
INFO: [BIND 205-100] Starting micro-architecture generation ...
INFO: [BIND 205-101] Performing variable lifetime analysis.
INFO: [BIND 205-101] Exploring resource sharing.
INFO: [BIND 205-101] Binding ...
INFO: [BIND 205-100] Finished micro-architecture generation.
INFO: [HLS 200-111] Finished Binding: CPU user time: 0 seconds. CPU system time: 0 seconds. Elapsed time: 0.137 seconds; current allocated memory: 306.645 MB.
INFO: [HLS 200-10] ----------------------------------------------------------------
INFO: [HLS 200-10] -- Generating RTL for module 'cnn_accel_Pipeline_LOAD_IMG_ROWS_LOAD_IMG_COLS_LOAD_IMG_CH' 
INFO: [HLS 200-10] ----------------------------------------------------------------
INFO: [HLS 200-1030] Apply Unified Pipeline Control on module 'cnn_accel_Pipeline_LOAD_IMG_ROWS_LOAD_IMG_COLS_LOAD_IMG_CH' pipeline 'LOAD_IMG_ROWS_LOAD_IMG_COLS_LOAD_IMG_CH' pipeline type 'loop pipeline'
WARNING: [RTGEN 206-101] Setting dangling out port 'cnn_accel_Pipeline_LOAD_IMG_ROWS_LOAD_IMG_COLS_LOAD_IMG_CH/m_axi_gmem_0_ARVALID' to 0.
WARNING: [RTGEN 206-101] Setting dangling out port 'cnn_accel_Pipeline_LOAD_IMG_ROWS_LOAD_IMG_COLS_LOAD_IMG_CH/m_axi_gmem_0_ARADDR' to 0.
WARNING: [RTGEN 206-101] Setting dangling out port 'cnn_accel_Pipeline_LOAD_IMG_ROWS_LOAD_IMG_COLS_LOAD_IMG_CH/m_axi_gmem_0_ARID' to 0.
WARNING: [RTGEN 206-101] Setting dangling out port 'cnn_accel_Pipeline_LOAD_IMG_ROWS_LOAD_IMG_COLS_LOAD_IMG_CH/m_axi_gmem_0_ARLEN' to 0.
WARNING: [RTGEN 206-101] Setting dangling out port 'cnn_accel_Pipeline_LOAD_IMG_ROWS_LOAD_IMG_COLS_LOAD_IMG_CH/m_axi_gmem_0_ARSIZE' to 0.
WARNING: [RTGEN 206-101] Setting dangling out port 'cnn_accel_Pipeline_LOAD_IMG_ROWS_LOAD_IMG_COLS_LOAD_IMG_CH/m_axi_gmem_0_ARBURST' to 0.
WARNING: [RTGEN 206-101] Setting dangling out port 'cnn_accel_Pipeline_LOAD_IMG_ROWS_LOAD_IMG_COLS_LOAD_IMG_CH/m_axi_gmem_0_ARLOCK' to 0.
WARNING: [RTGEN 206-101] Setting dangling out port 'cnn_accel_Pipeline_LOAD_IMG_ROWS_LOAD_IMG_COLS_LOAD_IMG_CH/m_axi_gmem_0_ARCACHE' to 0.
WARNING: [RTGEN 206-101] Setting dangling out port 'cnn_accel_Pipeline_LOAD_IMG_ROWS_LOAD_IMG_COLS_LOAD_IMG_CH/m_axi_gmem_0_ARPROT' to 0.
WARNING: [RTGEN 206-101] Setting dangling out port 'cnn_accel_Pipeline_LOAD_IMG_ROWS_LOAD_IMG_COLS_LOAD_IMG_CH/m_axi_gmem_0_ARQOS' to 0.
WARNING: [RTGEN 206-101] Setting dangling out port 'cnn_accel_Pipeline_LOAD_IMG_ROWS_LOAD_IMG_COLS_LOAD_IMG_CH/m_axi_gmem_0_ARREGION' to 0.
WARNING: [RTGEN 206-101] Setting dangling out port 'cnn_accel_Pipeline_LOAD_IMG_ROWS_LOAD_IMG_COLS_LOAD_IMG_CH/m_axi_gmem_0_ARUSER' to 0.
INFO: [RTGEN 206-100] Finished creating RTL model for 'cnn_accel_Pipeline_LOAD_IMG_ROWS_LOAD_IMG_COLS_LOAD_IMG_CH'.
INFO: [HLS 200-111] Finished Creating RTL model: CPU user time: 0 seconds. CPU system time: 0 seconds. Elapsed time: 0.215 seconds; current allocated memory: 308.559 MB.
INFO: [HLS 200-10] ----------------------------------------------------------------
INFO: [HLS 200-10] -- Generating RTL for module 'cnn_accel_Pipeline_CONV1_FIL' 
INFO: [HLS 200-10] ----------------------------------------------------------------
INFO: [HLS 200-1030] Apply Unified Pipeline Control on module 'cnn_accel_Pipeline_CONV1_FIL' pipeline 'CONV1_FIL' pipeline type 'loop pipeline'
INFO: [RTGEN 206-100] Generating core module 'faddfsub_32ns_32ns_32_5_full_dsp_1': 1 instance(s).
INFO: [RTGEN 206-100] Generating core module 'fcmp_32ns_32ns_1_2_no_dsp_1': 1 instance(s).
INFO: [RTGEN 206-100] Generating core module 'fmul_32ns_32ns_32_4_max_dsp_1': 1 instance(s).
INFO: [RTGEN 206-100] Finished creating RTL model for 'cnn_accel_Pipeline_CONV1_FIL'.
INFO: [HLS 200-111] Finished Creating RTL model: CPU user time: 1 seconds. CPU system time: 0 seconds. Elapsed time: 0.522 seconds; current allocated memory: 316.742 MB.
INFO: [HLS 200-10] ----------------------------------------------------------------
INFO: [HLS 200-10] -- Generating RTL for module 'cnn_accel_Pipeline_POOL1_ROW_POOL1_COL_POOL1_CH' 
INFO: [HLS 200-10] ----------------------------------------------------------------
INFO: [HLS 200-1030] Apply Unified Pipeline Control on module 'cnn_accel_Pipeline_POOL1_ROW_POOL1_COL_POOL1_CH' pipeline 'POOL1_ROW_POOL1_COL_POOL1_CH' pipeline type 'loop pipeline'
INFO: [RTGEN 206-100] Generating core module 'fcmp_32ns_32ns_1_2_no_dsp_1': 2 instance(s).
INFO: [RTGEN 206-100] Generating core module 'mac_muladd_8ns_7ns_8ns_15_4_1': 1 instance(s).
INFO: [RTGEN 206-100] Generating core module 'mul_8ns_10ns_17_1_1': 2 instance(s).
INFO: [RTGEN 206-100] Generating core module 'sparsemux_17_3_32_1_1': 4 instance(s).
INFO: [RTGEN 206-100] Finished creating RTL model for 'cnn_accel_Pipeline_POOL1_ROW_POOL1_COL_POOL1_CH'.
INFO: [HLS 200-111] Finished Creating RTL model: CPU user time: 0 seconds. CPU system time: 0 seconds. Elapsed time: 1.287 seconds; current allocated memory: 327.676 MB.
INFO: [HLS 200-10] ----------------------------------------------------------------
INFO: [HLS 200-10] -- Generating RTL for module 'cnn_accel_Pipeline_CONV2_KR_CONV2_KC_CONV2_CH' 
INFO: [HLS 200-10] ----------------------------------------------------------------
INFO: [HLS 200-1030] Apply Unified Pipeline Control on module 'cnn_accel_Pipeline_CONV2_KR_CONV2_KC_CONV2_CH' pipeline 'CONV2_KR_CONV2_KC_CONV2_CH' pipeline type 'loop pipeline'
INFO: [RTGEN 206-100] Generating core module 'ama_addmuladd_2ns_7ns_8ns_8ns_15_4_1': 1 instance(s).
INFO: [RTGEN 206-100] Generating core module 'faddfsub_32ns_32ns_32_5_full_dsp_1': 1 instance(s).
INFO: [RTGEN 206-100] Generating core module 'fmul_32ns_32ns_32_4_max_dsp_1': 1 instance(s).
INFO: [RTGEN 206-100] Generating core module 'sparsemux_17_3_32_1_1': 1 instance(s).
INFO: [RTGEN 206-100] Finished creating RTL model for 'cnn_accel_Pipeline_CONV2_KR_CONV2_KC_CONV2_CH'.
INFO: [HLS 200-111] Finished Creating RTL model: CPU user time: 0 seconds. CPU system time: 1 seconds. Elapsed time: 0.609 seconds; current allocated memory: 330.473 MB.
INFO: [HLS 200-10] ----------------------------------------------------------------
INFO: [HLS 200-10] -- Generating RTL for module 'cnn_accel_Pipeline_POOL2_ROW_POOL2_COL_POOL2_CH' 
INFO: [HLS 200-10] ----------------------------------------------------------------
INFO: [HLS 200-1030] Apply Unified Pipeline Control on module 'cnn_accel_Pipeline_POOL2_ROW_POOL2_COL_POOL2_CH' pipeline 'POOL2_ROW_POOL2_COL_POOL2_CH' pipeline type 'loop pipeline'
INFO: [RTGEN 206-100] Generating core module 'fcmp_32ns_32ns_1_2_no_dsp_1': 2 instance(s).
INFO: [RTGEN 206-100] Generating core module 'mac_muladd_7ns_6ns_7ns_13_4_1': 1 instance(s).
INFO: [RTGEN 206-100] Generating core module 'mul_7ns_9ns_15_1_1': 2 instance(s).
INFO: [RTGEN 206-100] Generating core module 'sparsemux_33_4_32_1_1': 4 instance(s).
INFO: [RTGEN 206-100] Finished creating RTL model for 'cnn_accel_Pipeline_POOL2_ROW_POOL2_COL_POOL2_CH'.
INFO: [HLS 200-111] Finished Creating RTL model: CPU user time: 1 seconds. CPU system time: 0 seconds. Elapsed time: 0.449 seconds; current allocated memory: 333.793 MB.
INFO: [HLS 200-10] ----------------------------------------------------------------
INFO: [HLS 200-10] -- Generating RTL for module 'cnn_accel_Pipeline_FLATTEN_VITIS_LOOP_195_1_VITIS_LOOP_196_2' 
INFO: [HLS 200-10] ----------------------------------------------------------------
INFO: [HLS 200-1030] Apply Unified Pipeline Control on module 'cnn_accel_Pipeline_FLATTEN_VITIS_LOOP_195_1_VITIS_LOOP_196_2' pipeline 'FLATTEN_VITIS_LOOP_195_1_VITIS_LOOP_196_2' pipeline type 'loop pipeline'
INFO: [RTGEN 206-100] Generating core module 'mac_muladd_7ns_6ns_7ns_13_4_1': 1 instance(s).
INFO: [RTGEN 206-100] Generating core module 'sparsemux_33_4_32_1_1': 1 instance(s).
INFO: [RTGEN 206-100] Finished creating RTL model for 'cnn_accel_Pipeline_FLATTEN_VITIS_LOOP_195_1_VITIS_LOOP_196_2'.
INFO: [HLS 200-111] Finished Creating RTL model: CPU user time: 0 seconds. CPU system time: 0 seconds. Elapsed time: 0.779 seconds; current allocated memory: 341.887 MB.
INFO: [HLS 200-10] ----------------------------------------------------------------
INFO: [HLS 200-10] -- Generating RTL for module 'cnn_accel_Pipeline_VITIS_LOOP_208_3' 
INFO: [HLS 200-10] ----------------------------------------------------------------
INFO: [HLS 200-1030] Apply Unified Pipeline Control on module 'cnn_accel_Pipeline_VITIS_LOOP_208_3' pipeline 'VITIS_LOOP_208_3' pipeline type 'loop pipeline'
INFO: [RTGEN 206-100] Generating core module 'faddfsub_32ns_32ns_32_5_full_dsp_1': 1 instance(s).
INFO: [RTGEN 206-100] Generating core module 'fmul_32ns_32ns_32_4_max_dsp_1': 1 instance(s).
INFO: [RTGEN 206-100] Finished creating RTL model for 'cnn_accel_Pipeline_VITIS_LOOP_208_3'.
INFO: [HLS 200-111] Finished Creating RTL model: CPU user time: 0 seconds. CPU system time: 0 seconds. Elapsed time: 0.337 seconds; current allocated memory: 342.871 MB.
INFO: [HLS 200-10] ----------------------------------------------------------------
INFO: [HLS 200-10] -- Generating RTL for module 'exp_generic_double_s' 
INFO: [HLS 200-10] ----------------------------------------------------------------
INFO: [SYN 201-210] Renamed object name 'exp_generic_double_s_table_exp_Z1_ap_ufixed_58_1_ap_q_mode_5_ap_o_mode_3_0_array_ROM_AUTO_1R' to 'exp_generic_double_s_table_exp_Z1_ap_ufixed_58_1_ap_q_mode_5_ap_o_mode_3_0_arbkb' due to the length limit 80
INFO: [SYN 201-210] Renamed object name 'exp_generic_double_s_table_f_Z3_ap_ufixed_59_0_ap_q_mode_5_ap_o_mode_3_0_array_ROM_AUTO_1R' to 'exp_generic_double_s_table_f_Z3_ap_ufixed_59_0_ap_q_mode_5_ap_o_mode_3_0_arracud' due to the length limit 80
INFO: [SYN 201-210] Renamed object name 'exp_generic_double_s_table_f_Z2_ap_ufixed_59_0_ap_q_mode_5_ap_o_mode_3_0_array_ROM_AUTO_1R' to 'exp_generic_double_s_table_f_Z2_ap_ufixed_59_0_ap_q_mode_5_ap_o_mode_3_0_arradEe' due to the length limit 80
INFO: [RTGEN 206-100] Generating core module 'mac_muladd_16s_15ns_19s_31_4_1': 1 instance(s).
INFO: [RTGEN 206-100] Generating core module 'mul_13s_71s_71_5_1': 1 instance(s).
INFO: [RTGEN 206-100] Generating core module 'mul_43ns_36ns_79_2_1': 1 instance(s).
INFO: [RTGEN 206-100] Generating core module 'mul_49ns_44ns_93_2_1': 1 instance(s).
INFO: [RTGEN 206-100] Generating core module 'mul_50ns_50ns_99_2_1': 1 instance(s).
INFO: [RTGEN 206-100] Generating core module 'sparsemux_9_3_64_1_1': 1 instance(s).
INFO: [RTGEN 206-100] Finished creating RTL model for 'exp_generic_double_s'.
INFO: [RTMG 210-279] Implementing memory 'cnn_accel_exp_generic_double_s_table_exp_Z1_ap_ufixed_58_1_ap_q_mode_5_ap_o_mode_3_0_arbkb' using auto ROMs.
INFO: [HLS 200-2168] Implementing memory 'cnn_accel_exp_generic_double_s_table_f_Z3_ap_ufixed_59_0_ap_q_mode_5_ap_o_mode_3_0_arracud' using auto ROMs with 2 copies to ensure enough ports to satisfy II or latency constraints.
INFO: [RTMG 210-279] Implementing memory 'cnn_accel_exp_generic_double_s_table_f_Z2_ap_ufixed_59_0_ap_q_mode_5_ap_o_mode_3_0_arradEe' using auto ROMs.
INFO: [HLS 200-111] Finished Creating RTL model: CPU user time: 0 seconds. CPU system time: 0 seconds. Elapsed time: 0.287 seconds; current allocated memory: 345.672 MB.
INFO: [HLS 200-10] ----------------------------------------------------------------
INFO: [HLS 200-10] -- Generating RTL for module 'generic_tanh_float_s' 
INFO: [HLS 200-10] ----------------------------------------------------------------
INFO: [RTGEN 206-100] Generating core module 'dadd_64ns_64ns_64_5_full_dsp_1': 1 instance(s).
INFO: [RTGEN 206-100] Generating core module 'faddfsub_32ns_32ns_32_5_full_dsp_1': 1 instance(s).
INFO: [RTGEN 206-100] Generating core module 'fcmp_32ns_32ns_1_2_no_dsp_1': 1 instance(s).
INFO: [RTGEN 206-100] Generating core module 'fdiv_32ns_32ns_32_12_no_dsp_1': 1 instance(s).
INFO: [RTGEN 206-100] Generating core module 'fmul_32ns_32ns_32_4_max_dsp_1': 1 instance(s).
INFO: [RTGEN 206-100] Generating core module 'fpext_32ns_64_2_no_dsp_1': 1 instance(s).
INFO: [RTGEN 206-100] Generating core module 'fptrunc_64ns_32_2_no_dsp_1': 1 instance(s).
INFO: [RTGEN 206-100] Finished creating RTL model for 'generic_tanh_float_s'.
INFO: [HLS 200-111] Finished Creating RTL model: CPU user time: 1 seconds. CPU system time: 1 seconds. Elapsed time: 1.481 seconds; current allocated memory: 350.293 MB.
INFO: [HLS 200-10] ----------------------------------------------------------------
INFO: [HLS 200-10] -- Generating RTL for module 'cnn_accel_Pipeline_FC2_LOOP' 
INFO: [HLS 200-10] ----------------------------------------------------------------
INFO: [HLS 200-1030] Apply Unified Pipeline Control on module 'cnn_accel_Pipeline_FC2_LOOP' pipeline 'FC2_LOOP' pipeline type 'loop pipeline'
WARNING: [RTGEN 206-101] Setting dangling out port 'cnn_accel_Pipeline_FC2_LOOP/m_axi_gmem_0_ARVALID' to 0.
WARNING: [RTGEN 206-101] Setting dangling out port 'cnn_accel_Pipeline_FC2_LOOP/m_axi_gmem_0_ARADDR' to 0.
WARNING: [RTGEN 206-101] Setting dangling out port 'cnn_accel_Pipeline_FC2_LOOP/m_axi_gmem_0_ARID' to 0.
WARNING: [RTGEN 206-101] Setting dangling out port 'cnn_accel_Pipeline_FC2_LOOP/m_axi_gmem_0_ARLEN' to 0.
WARNING: [RTGEN 206-101] Setting dangling out port 'cnn_accel_Pipeline_FC2_LOOP/m_axi_gmem_0_ARSIZE' to 0.
WARNING: [RTGEN 206-101] Setting dangling out port 'cnn_accel_Pipeline_FC2_LOOP/m_axi_gmem_0_ARBURST' to 0.
WARNING: [RTGEN 206-101] Setting dangling out port 'cnn_accel_Pipeline_FC2_LOOP/m_axi_gmem_0_ARLOCK' to 0.
WARNING: [RTGEN 206-101] Setting dangling out port 'cnn_accel_Pipeline_FC2_LOOP/m_axi_gmem_0_ARCACHE' to 0.
WARNING: [RTGEN 206-101] Setting dangling out port 'cnn_accel_Pipeline_FC2_LOOP/m_axi_gmem_0_ARPROT' to 0.
WARNING: [RTGEN 206-101] Setting dangling out port 'cnn_accel_Pipeline_FC2_LOOP/m_axi_gmem_0_ARQOS' to 0.
WARNING: [RTGEN 206-101] Setting dangling out port 'cnn_accel_Pipeline_FC2_LOOP/m_axi_gmem_0_ARREGION' to 0.
WARNING: [RTGEN 206-101] Setting dangling out port 'cnn_accel_Pipeline_FC2_LOOP/m_axi_gmem_0_ARUSER' to 0.
INFO: [RTGEN 206-100] Generating core module 'faddfsub_32ns_32ns_32_5_full_dsp_1': 1 instance(s).
INFO: [RTGEN 206-100] Generating core module 'fmul_32ns_32ns_32_4_max_dsp_1': 1 instance(s).
INFO: [RTGEN 206-100] Finished creating RTL model for 'cnn_accel_Pipeline_FC2_LOOP'.
INFO: [HLS 200-111] Finished Creating RTL model: CPU user time: 0 seconds. CPU system time: 0 seconds. Elapsed time: 0.336 seconds; current allocated memory: 353.223 MB.
INFO: [HLS 200-10] ----------------------------------------------------------------
INFO: [HLS 200-10] -- Generating RTL for module 'cnn_accel' 
INFO: [HLS 200-10] ----------------------------------------------------------------
WARNING: [RTGEN 206-101] Design contains AXI ports. Reset is fixed to synchronous and active low.
INFO: [RTGEN 206-500] Setting interface mode on port 'cnn_accel/gmem' to 'm_axi'.
INFO: [RTGEN 206-500] Setting interface mode on port 'cnn_accel/img_in' to 's_axilite & ap_none'.
INFO: [RTGEN 206-500] Setting interface mode on port 'cnn_accel/weights1' to 's_axilite & ap_none'.
INFO: [RTGEN 206-500] Setting interface mode on port 'cnn_accel/bias1' to 's_axilite & ap_none'.
INFO: [RTGEN 206-500] Setting interface mode on port 'cnn_accel/weights2' to 's_axilite & ap_none'.
INFO: [RTGEN 206-500] Setting interface mode on port 'cnn_accel/bias2' to 's_axilite & ap_none'.
INFO: [RTGEN 206-500] Setting interface mode on port 'cnn_accel/FC1_W' to 's_axilite & ap_none'.
INFO: [RTGEN 206-500] Setting interface mode on port 'cnn_accel/FC1_B' to 's_axilite & ap_none'.
INFO: [RTGEN 206-500] Setting interface mode on port 'cnn_accel/FC2_W' to 's_axilite & ap_none'.
INFO: [RTGEN 206-500] Setting interface mode on port 'cnn_accel/FC2_B' to 's_axilite & ap_none'.
INFO: [RTGEN 206-500] Setting interface mode on port 'cnn_accel/flag_out' to 's_axilite & ap_none'.
INFO: [RTGEN 206-500] Setting interface mode on port 'cnn_accel/ctrl' to 's_axilite & ap_none'.
INFO: [RTGEN 206-500] Setting interface mode on function 'cnn_accel' to 's_axilite & ap_ctrl_hs'.
INFO: [RTGEN 206-100] Bundling port 'img_in', 'weights1', 'bias1', 'weights2', 'bias2', 'FC1_W', 'FC1_B', 'FC2_W', 'FC2_B', 'flag_out', 'ctrl' to AXI-Lite port control.
INFO: [RTGEN 206-100] Generating core module 'faddfsub_32ns_32ns_32_5_full_dsp_1': 1 instance(s).
INFO: [RTGEN 206-100] Generating core module 'fcmp_32ns_32ns_1_2_no_dsp_1': 2 instance(s).
INFO: [RTGEN 206-100] Generating core module 'fdiv_32ns_32ns_32_12_no_dsp_1': 1 instance(s).
INFO: [RTGEN 206-100] Generating core module 'fexp_32ns_32ns_32_8_full_dsp_1': 1 instance(s).
INFO: [RTGEN 206-100] Generating core module 'fmul_32ns_32ns_32_4_max_dsp_1': 1 instance(s).
INFO: [RTGEN 206-100] Finished creating RTL model for 'cnn_accel'.
INFO: [RTMG 210-278] Implementing memory 'cnn_accel_local_img_RAM_AUTO_1R1W' using auto RAMs.
INFO: [RTMG 210-278] Implementing memory 'cnn_accel_feat1_RAM_AUTO_1R1W' using auto RAMs.
INFO: [RTMG 210-278] Implementing memory 'cnn_accel_feat1_p_RAM_AUTO_1R1W' using auto RAMs.
INFO: [RTMG 210-278] Implementing memory 'cnn_accel_feat2_p_RAM_AUTO_1R1W' using auto RAMs.
INFO: [RTMG 210-278] Implementing memory 'cnn_accel_feat2_RAM_AUTO_1R1W' using auto RAMs.
INFO: [RTMG 210-278] Implementing memory 'cnn_accel_vec1_RAM_AUTO_1R1W' using auto RAMs.
INFO: [RTMG 210-278] Implementing memory 'cnn_accel_vec2_RAM_AUTO_1R1W' using auto RAMs.
INFO: [HLS 200-111] Finished Creating RTL model: CPU user time: 0 seconds. CPU system time: 0 seconds. Elapsed time: 2.073 seconds; current allocated memory: 362.090 MB.
INFO: [HLS 200-111] Finished Generating all RTL models: CPU user time: 1 seconds. CPU system time: 1 seconds. Elapsed time: 2.714 seconds; current allocated memory: 373.855 MB.
INFO: [HLS 200-1603] Design has inferred MAXI bursts and missed bursts, see Vitis HLS GUI synthesis summary report for detailed information.
INFO: [HLS 200-111] Finished Updating report files: CPU user time: 2 seconds. CPU system time: 1 seconds. Elapsed time: 2.741 seconds; current allocated memory: 389.430 MB.
INFO: [VHDL 208-304] Generating VHDL RTL for cnn_accel.
INFO: [VLOG 209-307] Generating Verilog RTL for cnn_accel.
INFO: [HLS 200-790] **** Loop Constraint Status: All loop constraints were NOT satisfied.
INFO: [HLS 200-789] **** Estimated Fmax: 122.95 MHz
INFO: [HLS 200-112] Total CPU user time: 13 seconds. Total CPU system time: 6 seconds. Total elapsed time: 71.464 seconds; peak allocated memory: 389.469 MB.
INFO: [v++ 60-791] Total elapsed time: 0h 1m 16s
