07/02/25 20:03:09: Running xcd server. This server was built by gradle.
07/02/25 20:03:09: Server was asked to start on port: '49742'
07/02/25 20:03:09: Server is using token UUID: '60212b8c-3ac9-4c5a-a7d1-13f4cb19269b'
07/02/25 20:03:09: SESSION_MGR: creating session with session uuid: '6d04a3e9-ade5-4ab9-8d63-1f78fcd2ec76' and name 'default'
07/02/25 20:03:09: Attempting to start server on port '49742'
07/02/25 20:03:09: Running Dispatch Server
07/02/25 20:03:09: Version 2.2.0
07/02/25 20:03:12: Dispatch Server: Accepted socket connection from client
07/02/25 20:03:12: Starting Socket connection
07/02/25 20:03:12: EXCHANGE_TOKEN received, server token: 60212b8c-3ac9-4c5a-a7d1-13f4cb19269b, passed token: 60212b8c-3ac9-4c5a-a7d1-13f4cb19269b
07/02/25 20:03:12: DISPATCH_HANDLER: Adding handler from function makeHandler in library xv_system_diagram
07/02/25 20:03:12: SESSION_MGR: creating session with session uuid: 'ce1f710f-22d7-4e2e-8b48-0a62c5abb27e' and name 'vitis-run_compile_cnn_accel'
07/02/25 20:03:12: KERNEL_SVC: creating session with uuid: 'ce1f710f-22d7-4e2e-8b48-0a62c5abb27e' and name 'vitis-run_compile_cnn_accel'
07/02/25 20:03:12: GUIDANCE_SMGR: creating guidance session with uuid: 'ce1f710f-22d7-4e2e-8b48-0a62c5abb27e' and name 'vitis-run_compile_cnn_accel'
07/02/25 20:03:12: SYSTEM_DIAGRAM: creating session with uuid: 'ce1f710f-22d7-4e2e-8b48-0a62c5abb27e' and name 'vitis-run_compile_cnn_accel'
07/02/25 20:03:17: Dispatch Server: Accepted socket connection from client
07/02/25 20:03:17: Starting Socket connection
07/02/25 20:04:02: SESSION_MGR: closing session for UUID 'ce1f710f-22d7-4e2e-8b48-0a62c5abb27e' with name 'vitis-run_compile_cnn_accel'
07/02/25 20:04:02: KERNEL_SVC: closing session for UUID 'ce1f710f-22d7-4e2e-8b48-0a62c5abb27e' with name 'vitis-run_compile_cnn_accel'
07/02/25 20:04:02: GUIDANCE_SMGR: closing session for UUID 'ce1f710f-22d7-4e2e-8b48-0a62c5abb27e' with name 'vitis-run_compile_cnn_accel'
07/02/25 20:04:02: SYSTEM_DIAGRAM: closing session for UUID 'ce1f710f-22d7-4e2e-8b48-0a62c5abb27e' with name 'vitis-run_compile_cnn_accel'
07/02/25 20:04:02: STOP_SERVER received, server token: 60212b8c-3ac9-4c5a-a7d1-13f4cb19269b, passed token: 60212b8c-3ac9-4c5a-a7d1-13f4cb19269b
07/02/25 20:04:02: Socket received request to stop server.
07/02/25 20:04:02: Dispatch Server: do_await_stop
07/02/25 20:04:02: SERVER: destructor for server bound to port 49742
07/02/25 20:04:35: Running xcd server. This server was built by gradle.
07/02/25 20:04:35: Server was asked to start on port: '49763'
07/02/25 20:04:35: Server is using token UUID: '1449cbc4-8153-4b5d-b91c-57557707dad9'
07/02/25 20:04:35: SESSION_MGR: creating session with session uuid: '6d04a3e9-ade5-4ab9-8d63-1f78fcd2ec76' and name 'default'
07/02/25 20:04:35: Attempting to start server on port '49763'
07/02/25 20:04:35: Running Dispatch Server
07/02/25 20:04:35: Version 2.2.0
07/02/25 20:04:38: Dispatch Server: Accepted socket connection from client
07/02/25 20:04:38: Starting Socket connection
07/02/25 20:04:38: EXCHANGE_TOKEN received, server token: 1449cbc4-8153-4b5d-b91c-57557707dad9, passed token: 1449cbc4-8153-4b5d-b91c-57557707dad9
07/02/25 20:04:38: DISPATCH_HANDLER: Adding handler from function makeHandler in library xv_system_diagram
07/02/25 20:04:38: SESSION_MGR: creating session with session uuid: 'b57b6f7b-947a-49a8-9ec1-749c36c47618' and name 'v++_compile_cnn_accel'
07/02/25 20:04:38: KERNEL_SVC: creating session with uuid: 'b57b6f7b-947a-49a8-9ec1-749c36c47618' and name 'v++_compile_cnn_accel'
07/02/25 20:04:38: GUIDANCE_SMGR: creating guidance session with uuid: 'b57b6f7b-947a-49a8-9ec1-749c36c47618' and name 'v++_compile_cnn_accel'
07/02/25 20:04:38: SYSTEM_DIAGRAM: creating session with uuid: 'b57b6f7b-947a-49a8-9ec1-749c36c47618' and name 'v++_compile_cnn_accel'
07/02/25 20:04:42: Dispatch Server: Accepted socket connection from client
07/02/25 20:04:42: Starting Socket connection
07/03/25 11:00:32: Running xcd server. This server was built by gradle.
07/03/25 11:00:32: Server was asked to start on port: '62923'
07/03/25 11:00:32: Server is using token UUID: 'f36a3ff4-48d0-4fa7-8bc4-8a03ac2c55f0'
07/03/25 11:00:32: SESSION_MGR: creating session with session uuid: '6d04a3e9-ade5-4ab9-8d63-1f78fcd2ec76' and name 'default'
07/03/25 11:00:32: Attempting to start server on port '62923'
07/03/25 11:00:32: Running Dispatch Server
07/03/25 11:00:32: Version 2.2.0
07/03/25 11:00:34: Dispatch Server: Accepted socket connection from client
07/03/25 11:00:34: Starting Socket connection
07/03/25 11:00:34: EXCHANGE_TOKEN received, server token: f36a3ff4-48d0-4fa7-8bc4-8a03ac2c55f0, passed token: f36a3ff4-48d0-4fa7-8bc4-8a03ac2c55f0
07/03/25 11:00:35: DISPATCH_HANDLER: Adding handler from function makeHandler in library xv_system_diagram
07/03/25 11:00:35: SESSION_MGR: creating session with session uuid: 'df943cc3-e830-4b70-bac0-4da4d67d0cf6' and name 'vitis-run_compile_cnn_accel'
07/03/25 11:00:35: KERNEL_SVC: creating session with uuid: 'df943cc3-e830-4b70-bac0-4da4d67d0cf6' and name 'vitis-run_compile_cnn_accel'
07/03/25 11:00:35: GUIDANCE_SMGR: creating guidance session with uuid: 'df943cc3-e830-4b70-bac0-4da4d67d0cf6' and name 'vitis-run_compile_cnn_accel'
07/03/25 11:00:35: SYSTEM_DIAGRAM: creating session with uuid: 'df943cc3-e830-4b70-bac0-4da4d67d0cf6' and name 'vitis-run_compile_cnn_accel'
07/03/25 11:00:42: Dispatch Server: Accepted socket connection from client
07/03/25 11:00:42: Starting Socket connection
07/03/25 11:01:28: SESSION_MGR: closing session for UUID 'df943cc3-e830-4b70-bac0-4da4d67d0cf6' with name 'vitis-run_compile_cnn_accel'
07/03/25 11:01:28: KERNEL_SVC: closing session for UUID 'df943cc3-e830-4b70-bac0-4da4d67d0cf6' with name 'vitis-run_compile_cnn_accel'
07/03/25 11:01:28: GUIDANCE_SMGR: closing session for UUID 'df943cc3-e830-4b70-bac0-4da4d67d0cf6' with name 'vitis-run_compile_cnn_accel'
07/03/25 11:01:28: SYSTEM_DIAGRAM: closing session for UUID 'df943cc3-e830-4b70-bac0-4da4d67d0cf6' with name 'vitis-run_compile_cnn_accel'
07/03/25 11:01:28: STOP_SERVER received, server token: f36a3ff4-48d0-4fa7-8bc4-8a03ac2c55f0, passed token: f36a3ff4-48d0-4fa7-8bc4-8a03ac2c55f0
07/03/25 11:01:28: Socket received request to stop server.
07/03/25 11:01:28: Dispatch Server: do_await_stop
07/03/25 11:01:28: SERVER: destructor for server bound to port 62923
07/03/25 11:02:04: Running xcd server. This server was built by gradle.
07/03/25 11:02:04: Server was asked to start on port: '62933'
07/03/25 11:02:04: Server is using token UUID: '5c35ab27-b1ea-475d-bf0c-4eb175a054e7'
07/03/25 11:02:04: SESSION_MGR: creating session with session uuid: '6d04a3e9-ade5-4ab9-8d63-1f78fcd2ec76' and name 'default'
07/03/25 11:02:04: Attempting to start server on port '62933'
07/03/25 11:02:04: Running Dispatch Server
07/03/25 11:02:04: Version 2.2.0
07/03/25 11:02:06: Dispatch Server: Accepted socket connection from client
07/03/25 11:02:06: Starting Socket connection
07/03/25 11:02:06: EXCHANGE_TOKEN received, server token: 5c35ab27-b1ea-475d-bf0c-4eb175a054e7, passed token: 5c35ab27-b1ea-475d-bf0c-4eb175a054e7
07/03/25 11:02:07: DISPATCH_HANDLER: Adding handler from function makeHandler in library xv_system_diagram
07/03/25 11:02:07: SESSION_MGR: creating session with session uuid: '78cb0432-3571-44dd-bb3a-8b54d18b1180' and name 'v++_compile_cnn_accel'
07/03/25 11:02:07: KERNEL_SVC: creating session with uuid: '78cb0432-3571-44dd-bb3a-8b54d18b1180' and name 'v++_compile_cnn_accel'
07/03/25 11:02:07: GUIDANCE_SMGR: creating guidance session with uuid: '78cb0432-3571-44dd-bb3a-8b54d18b1180' and name 'v++_compile_cnn_accel'
07/03/25 11:02:07: SYSTEM_DIAGRAM: creating session with uuid: '78cb0432-3571-44dd-bb3a-8b54d18b1180' and name 'v++_compile_cnn_accel'
07/03/25 11:02:11: Dispatch Server: Accepted socket connection from client
07/03/25 11:02:11: Starting Socket connection
07/03/25 11:03:01: Running xcd server. This server was built by gradle.
07/03/25 11:03:01: Server was asked to start on port: '62938'
07/03/25 11:03:01: Server is using token UUID: 'db6d34df-2d1f-4840-9629-de4606f0afc8'
07/03/25 11:03:01: SESSION_MGR: creating session with session uuid: '6d04a3e9-ade5-4ab9-8d63-1f78fcd2ec76' and name 'default'
07/03/25 11:03:01: Attempting to start server on port '62938'
07/03/25 11:03:01: Running Dispatch Server
07/03/25 11:03:01: Version 2.2.0
07/03/25 11:03:03: Dispatch Server: Accepted socket connection from client
07/03/25 11:03:03: Starting Socket connection
07/03/25 11:03:03: EXCHANGE_TOKEN received, server token: db6d34df-2d1f-4840-9629-de4606f0afc8, passed token: db6d34df-2d1f-4840-9629-de4606f0afc8
07/03/25 11:03:03: DISPATCH_HANDLER: Adding handler from function makeHandler in library xv_system_diagram
07/03/25 11:03:03: SESSION_MGR: creating session with session uuid: 'b4b959ef-f86b-470b-8560-7ba741c1a601' and name 'vitis-run_compile_cnn_accel'
07/03/25 11:03:03: KERNEL_SVC: creating session with uuid: 'b4b959ef-f86b-470b-8560-7ba741c1a601' and name 'vitis-run_compile_cnn_accel'
07/03/25 11:03:03: GUIDANCE_SMGR: creating guidance session with uuid: 'b4b959ef-f86b-470b-8560-7ba741c1a601' and name 'vitis-run_compile_cnn_accel'
07/03/25 11:03:03: SYSTEM_DIAGRAM: creating session with uuid: 'b4b959ef-f86b-470b-8560-7ba741c1a601' and name 'vitis-run_compile_cnn_accel'
07/03/25 11:03:08: Dispatch Server: Accepted socket connection from client
07/03/25 11:03:08: Starting Socket connection
07/03/25 11:03:46: SESSION_MGR: closing session for UUID 'b4b959ef-f86b-470b-8560-7ba741c1a601' with name 'vitis-run_compile_cnn_accel'
07/03/25 11:03:46: KERNEL_SVC: closing session for UUID 'b4b959ef-f86b-470b-8560-7ba741c1a601' with name 'vitis-run_compile_cnn_accel'
07/03/25 11:03:46: GUIDANCE_SMGR: closing session for UUID 'b4b959ef-f86b-470b-8560-7ba741c1a601' with name 'vitis-run_compile_cnn_accel'
07/03/25 11:03:46: SYSTEM_DIAGRAM: closing session for UUID 'b4b959ef-f86b-470b-8560-7ba741c1a601' with name 'vitis-run_compile_cnn_accel'
07/03/25 11:03:46: STOP_SERVER received, server token: db6d34df-2d1f-4840-9629-de4606f0afc8, passed token: db6d34df-2d1f-4840-9629-de4606f0afc8
07/03/25 11:03:46: Socket received request to stop server.
07/03/25 11:03:46: Dispatch Server: do_await_stop
07/03/25 11:03:46: SERVER: destructor for server bound to port 62938
07/03/25 11:04:15: Running xcd server. This server was built by gradle.
07/03/25 11:04:15: Server was asked to start on port: '62945'
07/03/25 11:04:15: Server is using token UUID: 'd5b9961b-7fb0-48a0-8a43-8e5a09371cea'
07/03/25 11:04:15: SESSION_MGR: creating session with session uuid: '6d04a3e9-ade5-4ab9-8d63-1f78fcd2ec76' and name 'default'
07/03/25 11:04:15: Attempting to start server on port '62945'
07/03/25 11:04:15: Running Dispatch Server
07/03/25 11:04:15: Version 2.2.0
07/03/25 11:04:17: Dispatch Server: Accepted socket connection from client
07/03/25 11:04:17: Starting Socket connection
07/03/25 11:04:17: EXCHANGE_TOKEN received, server token: d5b9961b-7fb0-48a0-8a43-8e5a09371cea, passed token: d5b9961b-7fb0-48a0-8a43-8e5a09371cea
07/03/25 11:04:18: DISPATCH_HANDLER: Adding handler from function makeHandler in library xv_system_diagram
07/03/25 11:04:18: SESSION_MGR: creating session with session uuid: 'ac7d1289-0e3f-4c23-a1e3-fc99dafd527f' and name 'v++_compile_cnn_accel'
07/03/25 11:04:18: KERNEL_SVC: creating session with uuid: 'ac7d1289-0e3f-4c23-a1e3-fc99dafd527f' and name 'v++_compile_cnn_accel'
07/03/25 11:04:18: GUIDANCE_SMGR: creating guidance session with uuid: 'ac7d1289-0e3f-4c23-a1e3-fc99dafd527f' and name 'v++_compile_cnn_accel'
07/03/25 11:04:18: SYSTEM_DIAGRAM: creating session with uuid: 'ac7d1289-0e3f-4c23-a1e3-fc99dafd527f' and name 'v++_compile_cnn_accel'
07/03/25 11:04:22: Dispatch Server: Accepted socket connection from client
07/03/25 11:04:22: Starting Socket connection
07/04/25 15:33:19: Running xcd server. This server was built by gradle.
07/04/25 15:33:19: Server was asked to start on port: '51292'
07/04/25 15:33:19: Server is using token UUID: '40005f5d-0d7e-479a-a3f7-e0c69370680a'
07/04/25 15:33:19: SESSION_MGR: creating session with session uuid: '6d04a3e9-ade5-4ab9-8d63-1f78fcd2ec76' and name 'default'
07/04/25 15:33:19: Attempting to start server on port '51292'
07/04/25 15:33:19: Running Dispatch Server
07/04/25 15:33:19: Version 2.2.0
07/04/25 15:33:22: Dispatch Server: Accepted socket connection from client
07/04/25 15:33:22: Starting Socket connection
07/04/25 15:33:22: EXCHANGE_TOKEN received, server token: 40005f5d-0d7e-479a-a3f7-e0c69370680a, passed token: 40005f5d-0d7e-479a-a3f7-e0c69370680a
07/04/25 15:33:22: DISPATCH_HANDLER: Adding handler from function makeHandler in library xv_system_diagram
07/04/25 15:33:22: SESSION_MGR: creating session with session uuid: 'cb387c9a-c221-4ed1-ac3f-01bd8fdf3479' and name 'vitis-run_compile_cnn_accel'
07/04/25 15:33:22: KERNEL_SVC: creating session with uuid: 'cb387c9a-c221-4ed1-ac3f-01bd8fdf3479' and name 'vitis-run_compile_cnn_accel'
07/04/25 15:33:22: GUIDANCE_SMGR: creating guidance session with uuid: 'cb387c9a-c221-4ed1-ac3f-01bd8fdf3479' and name 'vitis-run_compile_cnn_accel'
07/04/25 15:33:22: SYSTEM_DIAGRAM: creating session with uuid: 'cb387c9a-c221-4ed1-ac3f-01bd8fdf3479' and name 'vitis-run_compile_cnn_accel'
07/04/25 15:33:30: Dispatch Server: Accepted socket connection from client
07/04/25 15:33:30: Starting Socket connection
07/04/25 15:34:13: SESSION_MGR: closing session for UUID 'cb387c9a-c221-4ed1-ac3f-01bd8fdf3479' with name 'vitis-run_compile_cnn_accel'
07/04/25 15:34:13: KERNEL_SVC: closing session for UUID 'cb387c9a-c221-4ed1-ac3f-01bd8fdf3479' with name 'vitis-run_compile_cnn_accel'
07/04/25 15:34:13: GUIDANCE_SMGR: closing session for UUID 'cb387c9a-c221-4ed1-ac3f-01bd8fdf3479' with name 'vitis-run_compile_cnn_accel'
07/04/25 15:34:13: SYSTEM_DIAGRAM: closing session for UUID 'cb387c9a-c221-4ed1-ac3f-01bd8fdf3479' with name 'vitis-run_compile_cnn_accel'
07/04/25 15:34:13: STOP_SERVER received, server token: 40005f5d-0d7e-479a-a3f7-e0c69370680a, passed token: 40005f5d-0d7e-479a-a3f7-e0c69370680a
07/04/25 15:34:13: Socket received request to stop server.
07/04/25 15:34:13: Dispatch Server: do_await_stop
07/04/25 15:34:13: SERVER: destructor for server bound to port 51292
07/04/25 15:34:47: Running xcd server. This server was built by gradle.
07/04/25 15:34:47: Server was asked to start on port: '51308'
07/04/25 15:34:47: Server is using token UUID: 'bf566062-2f7a-4a75-aaac-3b9f92a8d201'
07/04/25 15:34:47: SESSION_MGR: creating session with session uuid: '6d04a3e9-ade5-4ab9-8d63-1f78fcd2ec76' and name 'default'
07/04/25 15:34:47: Attempting to start server on port '51308'
07/04/25 15:34:47: Running Dispatch Server
07/04/25 15:34:47: Version 2.2.0
07/04/25 15:34:50: Dispatch Server: Accepted socket connection from client
07/04/25 15:34:50: Starting Socket connection
07/04/25 15:34:50: EXCHANGE_TOKEN received, server token: bf566062-2f7a-4a75-aaac-3b9f92a8d201, passed token: bf566062-2f7a-4a75-aaac-3b9f92a8d201
07/04/25 15:34:50: DISPATCH_HANDLER: Adding handler from function makeHandler in library xv_system_diagram
07/04/25 15:34:50: SESSION_MGR: creating session with session uuid: '6dc21039-547f-4e4f-a86a-41b5757f1e4a' and name 'v++_compile_cnn_accel'
07/04/25 15:34:50: KERNEL_SVC: creating session with uuid: '6dc21039-547f-4e4f-a86a-41b5757f1e4a' and name 'v++_compile_cnn_accel'
07/04/25 15:34:50: GUIDANCE_SMGR: creating guidance session with uuid: '6dc21039-547f-4e4f-a86a-41b5757f1e4a' and name 'v++_compile_cnn_accel'
07/04/25 15:34:50: SYSTEM_DIAGRAM: creating session with uuid: '6dc21039-547f-4e4f-a86a-41b5757f1e4a' and name 'v++_compile_cnn_accel'
07/04/25 15:34:54: Dispatch Server: Accepted socket connection from client
07/04/25 15:34:54: Starting Socket connection
07/04/25 17:04:08: Running xcd server. This server was built by gradle.
07/04/25 17:04:08: Server was asked to start on port: '51817'
07/04/25 17:04:08: Server is using token UUID: 'f7fed53a-31d2-4044-8a55-c2ac7013f555'
07/04/25 17:04:08: SESSION_MGR: creating session with session uuid: '6d04a3e9-ade5-4ab9-8d63-1f78fcd2ec76' and name 'default'
07/04/25 17:04:08: Attempting to start server on port '51817'
07/04/25 17:04:08: Running Dispatch Server
07/04/25 17:04:08: Version 2.2.0
07/04/25 17:04:10: Dispatch Server: Accepted socket connection from client
07/04/25 17:04:10: Starting Socket connection
07/04/25 17:04:10: EXCHANGE_TOKEN received, server token: f7fed53a-31d2-4044-8a55-c2ac7013f555, passed token: f7fed53a-31d2-4044-8a55-c2ac7013f555
07/04/25 17:04:11: DISPATCH_HANDLER: Adding handler from function makeHandler in library xv_system_diagram
07/04/25 17:04:11: SESSION_MGR: creating session with session uuid: 'aef32c5a-acdc-4aca-9c67-10720d30e2b2' and name 'vitis-run_compile_cnn_accel'
07/04/25 17:04:11: KERNEL_SVC: creating session with uuid: 'aef32c5a-acdc-4aca-9c67-10720d30e2b2' and name 'vitis-run_compile_cnn_accel'
07/04/25 17:04:11: GUIDANCE_SMGR: creating guidance session with uuid: 'aef32c5a-acdc-4aca-9c67-10720d30e2b2' and name 'vitis-run_compile_cnn_accel'
07/04/25 17:04:11: SYSTEM_DIAGRAM: creating session with uuid: 'aef32c5a-acdc-4aca-9c67-10720d30e2b2' and name 'vitis-run_compile_cnn_accel'
07/04/25 17:04:16: SESSION_MGR: closing session for UUID 'aef32c5a-acdc-4aca-9c67-10720d30e2b2' with name 'vitis-run_compile_cnn_accel'
07/04/25 17:04:16: KERNEL_SVC: closing session for UUID 'aef32c5a-acdc-4aca-9c67-10720d30e2b2' with name 'vitis-run_compile_cnn_accel'
07/04/25 17:04:16: GUIDANCE_SMGR: closing session for UUID 'aef32c5a-acdc-4aca-9c67-10720d30e2b2' with name 'vitis-run_compile_cnn_accel'
07/04/25 17:04:16: SYSTEM_DIAGRAM: closing session for UUID 'aef32c5a-acdc-4aca-9c67-10720d30e2b2' with name 'vitis-run_compile_cnn_accel'
07/04/25 17:04:16: STOP_SERVER received, server token: f7fed53a-31d2-4044-8a55-c2ac7013f555, passed token: f7fed53a-31d2-4044-8a55-c2ac7013f555
07/04/25 17:04:16: Socket received request to stop server.
07/04/25 17:04:16: Dispatch Server: do_await_stop
07/04/25 17:04:16: SERVER: destructor for server bound to port 51817
07/04/25 17:04:23: Running xcd server. This server was built by gradle.
07/04/25 17:04:23: Server was asked to start on port: '51820'
07/04/25 17:04:23: Server is using token UUID: '2869003a-9966-4d2c-a06b-34a0ad7ed0cc'
07/04/25 17:04:23: SESSION_MGR: creating session with session uuid: '6d04a3e9-ade5-4ab9-8d63-1f78fcd2ec76' and name 'default'
07/04/25 17:04:23: Attempting to start server on port '51820'
07/04/25 17:04:23: Running Dispatch Server
07/04/25 17:04:23: Version 2.2.0
07/04/25 17:04:25: Dispatch Server: Accepted socket connection from client
07/04/25 17:04:25: Starting Socket connection
07/04/25 17:04:25: EXCHANGE_TOKEN received, server token: 2869003a-9966-4d2c-a06b-34a0ad7ed0cc, passed token: 2869003a-9966-4d2c-a06b-34a0ad7ed0cc
07/04/25 17:04:26: DISPATCH_HANDLER: Adding handler from function makeHandler in library xv_system_diagram
07/04/25 17:04:26: SESSION_MGR: creating session with session uuid: 'e21b392d-ff94-4207-a939-c97d7f97939f' and name 'v++_compile_cnn_accel'
07/04/25 17:04:26: KERNEL_SVC: creating session with uuid: 'e21b392d-ff94-4207-a939-c97d7f97939f' and name 'v++_compile_cnn_accel'
07/04/25 17:04:26: GUIDANCE_SMGR: creating guidance session with uuid: 'e21b392d-ff94-4207-a939-c97d7f97939f' and name 'v++_compile_cnn_accel'
07/04/25 17:04:26: SYSTEM_DIAGRAM: creating session with uuid: 'e21b392d-ff94-4207-a939-c97d7f97939f' and name 'v++_compile_cnn_accel'
07/04/25 17:04:31: Dispatch Server: Accepted socket connection from client
07/04/25 17:04:31: Starting Socket connection
07/04/25 17:05:39: SESSION_MGR: closing session for UUID 'e21b392d-ff94-4207-a939-c97d7f97939f' with name 'v++_compile_cnn_accel'
07/04/25 17:05:39: KERNEL_SVC: closing session for UUID 'e21b392d-ff94-4207-a939-c97d7f97939f' with name 'v++_compile_cnn_accel'
07/04/25 17:05:39: GUIDANCE_SMGR: closing session for UUID 'e21b392d-ff94-4207-a939-c97d7f97939f' with name 'v++_compile_cnn_accel'
07/04/25 17:05:39: SYSTEM_DIAGRAM: closing session for UUID 'e21b392d-ff94-4207-a939-c97d7f97939f' with name 'v++_compile_cnn_accel'
07/04/25 17:05:39: STOP_SERVER received, server token: 2869003a-9966-4d2c-a06b-34a0ad7ed0cc, passed token: 2869003a-9966-4d2c-a06b-34a0ad7ed0cc
07/04/25 17:05:39: Socket received request to stop server.
07/04/25 17:05:39: Dispatch Server: do_await_stop
07/04/25 17:05:39: SERVER: destructor for server bound to port 51820
07/04/25 17:31:59: Running xcd server. This server was built by gradle.
07/04/25 17:31:59: Server was asked to start on port: '52036'
07/04/25 17:31:59: Server is using token UUID: 'd72eb6bc-a949-4c96-bf0d-10f8f6a04f47'
07/04/25 17:31:59: SESSION_MGR: creating session with session uuid: '6d04a3e9-ade5-4ab9-8d63-1f78fcd2ec76' and name 'default'
07/04/25 17:31:59: Attempting to start server on port '52036'
07/04/25 17:31:59: Running Dispatch Server
07/04/25 17:31:59: Version 2.2.0
07/04/25 17:32:01: Dispatch Server: Accepted socket connection from client
07/04/25 17:32:01: Starting Socket connection
07/04/25 17:32:01: EXCHANGE_TOKEN received, server token: d72eb6bc-a949-4c96-bf0d-10f8f6a04f47, passed token: d72eb6bc-a949-4c96-bf0d-10f8f6a04f47
07/04/25 17:32:01: DISPATCH_HANDLER: Adding handler from function makeHandler in library xv_system_diagram
07/04/25 17:32:01: SESSION_MGR: creating session with session uuid: '1d38ce29-87c1-4dd7-99bb-e260a408877c' and name 'vitis-run_compile_cnn_accel'
07/04/25 17:32:01: KERNEL_SVC: creating session with uuid: '1d38ce29-87c1-4dd7-99bb-e260a408877c' and name 'vitis-run_compile_cnn_accel'
07/04/25 17:32:01: GUIDANCE_SMGR: creating guidance session with uuid: '1d38ce29-87c1-4dd7-99bb-e260a408877c' and name 'vitis-run_compile_cnn_accel'
07/04/25 17:32:01: SYSTEM_DIAGRAM: creating session with uuid: '1d38ce29-87c1-4dd7-99bb-e260a408877c' and name 'vitis-run_compile_cnn_accel'
07/04/25 17:32:46: Running xcd server. This server was built by gradle.
07/04/25 17:32:46: Server was asked to start on port: '52041'
07/04/25 17:32:46: Server is using token UUID: 'e06fe1df-dbb4-4f2b-a72f-9f3040ffcd6d'
07/04/25 17:32:46: SESSION_MGR: creating session with session uuid: '6d04a3e9-ade5-4ab9-8d63-1f78fcd2ec76' and name 'default'
07/04/25 17:32:46: Attempting to start server on port '52041'
07/04/25 17:32:46: Running Dispatch Server
07/04/25 17:32:46: Version 2.2.0
