07/02/25 20:03:18: Running xcd server. This server was built by gradle.
07/02/25 20:03:18: Server was asked to start on port: '49747'
07/02/25 20:03:18: Server is using token UUID: '1f54b794-57a1-11f0-b7a0-0433c2229f97'
07/02/25 20:03:18: SESSION_MGR: creating session with session uuid: '6d04a3e9-ade5-4ab9-8d63-1f78fcd2ec76' and name 'default'
07/02/25 20:03:18: Attempting to start server on port '49747'
07/02/25 20:03:18: Running Dispatch Server
07/02/25 20:03:18: Version 2.2.0
07/02/25 20:03:19: Dispatch Server: Accepted socket connection from client
07/02/25 20:03:19: Starting Socket connection
07/02/25 20:03:19: EXCHANGE_TOKEN received, server token: 1f54b794-57a1-11f0-b7a0-0433c2229f97, passed token: 1f54b794-57a1-11f0-b7a0-0433c2229f97
07/02/25 20:03:19: SESSION_MGR: creating session with session uuid: '03b94c8e-90e4-4a08-9674-94c2b8db723d' and name 'Code Analyzer'
07/02/25 20:03:19: KERNEL_SVC: creating session with uuid: '03b94c8e-90e4-4a08-9674-94c2b8db723d' and name 'Code Analyzer'
07/02/25 20:03:19: GUIDANCE_SMGR: creating guidance session with uuid: '03b94c8e-90e4-4a08-9674-94c2b8db723d' and name 'Code Analyzer'
07/02/25 20:04:02: SESSION_MGR: closing session for UUID '03b94c8e-90e4-4a08-9674-94c2b8db723d' with name ''
07/02/25 20:04:02: KERNEL_SVC: closing session for UUID '03b94c8e-90e4-4a08-9674-94c2b8db723d' with name ''
07/02/25 20:04:02: GUIDANCE_SMGR: closing session for UUID '03b94c8e-90e4-4a08-9674-94c2b8db723d' with name ''
07/02/25 20:04:02: STOP_SERVER received, server token: 1f54b794-57a1-11f0-b7a0-0433c2229f97, passed token: 1f54b794-57a1-11f0-b7a0-0433c2229f97
07/02/25 20:04:02: Socket received request to stop server.
07/02/25 20:04:02: Dispatch Server: do_await_stop
07/02/25 20:04:02: SERVER: destructor for server bound to port 49747
07/02/25 20:04:02: Server exiting with status 0.
07/02/25 20:04:02: Closing log file.
07/03/25 11:00:44: Running xcd server. This server was built by gradle.
07/03/25 11:00:44: Server was asked to start on port: '62928'
07/03/25 11:00:44: Server is using token UUID: '7df6c287-581e-11f0-93f2-0433c2229f97'
07/03/25 11:00:44: SESSION_MGR: creating session with session uuid: '6d04a3e9-ade5-4ab9-8d63-1f78fcd2ec76' and name 'default'
07/03/25 11:00:44: Attempting to start server on port '62928'
07/03/25 11:00:44: Running Dispatch Server
07/03/25 11:00:44: Version 2.2.0
07/03/25 11:00:44: Dispatch Server: Accepted socket connection from client
07/03/25 11:00:44: Starting Socket connection
07/03/25 11:00:44: EXCHANGE_TOKEN received, server token: 7df6c287-581e-11f0-93f2-0433c2229f97, passed token: 7df6c287-581e-11f0-93f2-0433c2229f97
07/03/25 11:00:44: SESSION_MGR: creating session with session uuid: '6fb82a1f-848d-485c-a91b-26fe26ba98b9' and name 'Code Analyzer'
07/03/25 11:00:44: KERNEL_SVC: creating session with uuid: '6fb82a1f-848d-485c-a91b-26fe26ba98b9' and name 'Code Analyzer'
07/03/25 11:00:44: GUIDANCE_SMGR: creating guidance session with uuid: '6fb82a1f-848d-485c-a91b-26fe26ba98b9' and name 'Code Analyzer'
07/03/25 11:01:28: SESSION_MGR: closing session for UUID '6fb82a1f-848d-485c-a91b-26fe26ba98b9' with name ''
07/03/25 11:01:28: KERNEL_SVC: closing session for UUID '6fb82a1f-848d-485c-a91b-26fe26ba98b9' with name ''
07/03/25 11:01:28: GUIDANCE_SMGR: closing session for UUID '6fb82a1f-848d-485c-a91b-26fe26ba98b9' with name ''
07/03/25 11:01:28: STOP_SERVER received, server token: 7df6c287-581e-11f0-93f2-0433c2229f97, passed token: 7df6c287-581e-11f0-93f2-0433c2229f97
07/03/25 11:01:28: Socket received request to stop server.
07/03/25 11:01:28: Dispatch Server: do_await_stop
07/03/25 11:01:28: SERVER: destructor for server bound to port 62928
07/03/25 11:01:28: Server exiting with status 0.
07/03/25 11:01:28: Closing log file.
07/03/25 11:03:09: Running xcd server. This server was built by gradle.
07/03/25 11:03:09: Server was asked to start on port: '62943'
07/03/25 11:03:09: Server is using token UUID: 'd48032fa-581e-11f0-818e-0433c2229f97'
07/03/25 11:03:09: SESSION_MGR: creating session with session uuid: '6d04a3e9-ade5-4ab9-8d63-1f78fcd2ec76' and name 'default'
07/03/25 11:03:09: Attempting to start server on port '62943'
07/03/25 11:03:09: Running Dispatch Server
07/03/25 11:03:09: Version 2.2.0
07/03/25 11:03:10: Dispatch Server: Accepted socket connection from client
07/03/25 11:03:10: Starting Socket connection
07/03/25 11:03:10: EXCHANGE_TOKEN received, server token: d48032fa-581e-11f0-818e-0433c2229f97, passed token: d48032fa-581e-11f0-818e-0433c2229f97
07/03/25 11:03:10: SESSION_MGR: creating session with session uuid: '36ef53df-71f5-4cf8-a38d-3ded9284ec46' and name 'Code Analyzer'
07/03/25 11:03:10: KERNEL_SVC: creating session with uuid: '36ef53df-71f5-4cf8-a38d-3ded9284ec46' and name 'Code Analyzer'
07/03/25 11:03:10: GUIDANCE_SMGR: creating guidance session with uuid: '36ef53df-71f5-4cf8-a38d-3ded9284ec46' and name 'Code Analyzer'
07/03/25 11:03:46: SESSION_MGR: closing session for UUID '36ef53df-71f5-4cf8-a38d-3ded9284ec46' with name ''
07/03/25 11:03:46: KERNEL_SVC: closing session for UUID '36ef53df-71f5-4cf8-a38d-3ded9284ec46' with name ''
07/03/25 11:03:46: GUIDANCE_SMGR: closing session for UUID '36ef53df-71f5-4cf8-a38d-3ded9284ec46' with name ''
07/03/25 11:03:46: STOP_SERVER received, server token: d48032fa-581e-11f0-818e-0433c2229f97, passed token: d48032fa-581e-11f0-818e-0433c2229f97
07/03/25 11:03:46: Socket received request to stop server.
07/03/25 11:03:46: Dispatch Server: do_await_stop
07/03/25 11:03:46: SERVER: destructor for server bound to port 62943
07/03/25 11:03:46: Server exiting with status 0.
07/03/25 11:03:46: Closing log file.
07/04/25 15:33:32: Running xcd server. This server was built by gradle.
07/04/25 15:33:32: Server was asked to start on port: '51297'
07/04/25 15:33:32: Server is using token UUID: 'c4504f2a-590d-11f0-b532-0433c2229f97'
07/04/25 15:33:32: SESSION_MGR: creating session with session uuid: '6d04a3e9-ade5-4ab9-8d63-1f78fcd2ec76' and name 'default'
07/04/25 15:33:32: Attempting to start server on port '51297'
07/04/25 15:33:32: Running Dispatch Server
07/04/25 15:33:32: Version 2.2.0
07/04/25 15:33:32: Dispatch Server: Accepted socket connection from client
07/04/25 15:33:32: Starting Socket connection
07/04/25 15:33:32: EXCHANGE_TOKEN received, server token: c4504f2a-590d-11f0-b532-0433c2229f97, passed token: c4504f2a-590d-11f0-b532-0433c2229f97
07/04/25 15:33:32: SESSION_MGR: creating session with session uuid: 'dfaec9b1-1dfa-4ef2-884b-da87c4f0bf72' and name 'Code Analyzer'
07/04/25 15:33:32: KERNEL_SVC: creating session with uuid: 'dfaec9b1-1dfa-4ef2-884b-da87c4f0bf72' and name 'Code Analyzer'
07/04/25 15:33:32: GUIDANCE_SMGR: creating guidance session with uuid: 'dfaec9b1-1dfa-4ef2-884b-da87c4f0bf72' and name 'Code Analyzer'
07/04/25 15:34:13: SESSION_MGR: closing session for UUID 'dfaec9b1-1dfa-4ef2-884b-da87c4f0bf72' with name ''
07/04/25 15:34:13: KERNEL_SVC: closing session for UUID 'dfaec9b1-1dfa-4ef2-884b-da87c4f0bf72' with name ''
07/04/25 15:34:13: GUIDANCE_SMGR: closing session for UUID 'dfaec9b1-1dfa-4ef2-884b-da87c4f0bf72' with name ''
07/04/25 15:34:13: STOP_SERVER received, server token: c4504f2a-590d-11f0-b532-0433c2229f97, passed token: c4504f2a-590d-11f0-b532-0433c2229f97
07/04/25 15:34:13: Socket received request to stop server.
07/04/25 15:34:13: Dispatch Server: do_await_stop
07/04/25 15:34:13: SERVER: destructor for server bound to port 51297
07/04/25 15:34:13: Server exiting with status 0.
07/04/25 15:34:13: Closing log file.
07/08/25 00:08:42: Running xcd server. This server was built by gradle.
07/08/25 00:08:42: Server was asked to start on port: '50857'
07/08/25 00:08:42: Server is using token UUID: '608d05a1-5bca-11f0-a727-0433c2229f97'
07/08/25 00:08:42: SESSION_MGR: creating session with session uuid: '6d04a3e9-ade5-4ab9-8d63-1f78fcd2ec76' and name 'default'
07/08/25 00:08:42: Attempting to start server on port '50857'
07/08/25 00:08:42: Running Dispatch Server
07/08/25 00:08:42: Version 2.2.0
07/08/25 00:08:42: Dispatch Server: Accepted socket connection from client
07/08/25 00:08:42: Starting Socket connection
07/08/25 00:08:42: EXCHANGE_TOKEN received, server token: 608d05a1-5bca-11f0-a727-0433c2229f97, passed token: 608d05a1-5bca-11f0-a727-0433c2229f97
07/08/25 00:08:42: SESSION_MGR: creating session with session uuid: '221d63d9-f00e-42db-aa13-267b1aa89287' and name 'Code Analyzer'
07/08/25 00:08:42: KERNEL_SVC: creating session with uuid: '221d63d9-f00e-42db-aa13-267b1aa89287' and name 'Code Analyzer'
07/08/25 00:08:42: GUIDANCE_SMGR: creating guidance session with uuid: '221d63d9-f00e-42db-aa13-267b1aa89287' and name 'Code Analyzer'
07/08/25 00:09:28: SESSION_MGR: closing session for UUID '221d63d9-f00e-42db-aa13-267b1aa89287' with name ''
07/08/25 00:09:28: KERNEL_SVC: closing session for UUID '221d63d9-f00e-42db-aa13-267b1aa89287' with name ''
07/08/25 00:09:28: GUIDANCE_SMGR: closing session for UUID '221d63d9-f00e-42db-aa13-267b1aa89287' with name ''
07/08/25 00:09:28: STOP_SERVER received, server token: 608d05a1-5bca-11f0-a727-0433c2229f97, passed token: 608d05a1-5bca-11f0-a727-0433c2229f97
07/08/25 00:09:28: Socket received request to stop server.
07/08/25 00:09:28: Dispatch Server: do_await_stop
07/08/25 00:09:28: SERVER: destructor for server bound to port 50857
07/08/25 00:09:28: Server exiting with status 0.
07/08/25 00:09:28: Closing log file.
07/09/25 14:22:50: Running xcd server. This server was built by gradle.
07/09/25 14:22:50: Server was asked to start on port: '52126'
07/09/25 14:22:50: Server is using token UUID: 'dd6ec475-5d0a-11f0-960d-0433c2229f97'
07/09/25 14:22:50: SESSION_MGR: creating session with session uuid: '6d04a3e9-ade5-4ab9-8d63-1f78fcd2ec76' and name 'default'
07/09/25 14:22:50: Attempting to start server on port '52126'
07/09/25 14:22:50: Running Dispatch Server
07/09/25 14:22:50: Version 2.2.0
07/09/25 14:22:51: Dispatch Server: Accepted socket connection from client
07/09/25 14:22:51: Starting Socket connection
07/09/25 14:22:51: EXCHANGE_TOKEN received, server token: dd6ec475-5d0a-11f0-960d-0433c2229f97, passed token: dd6ec475-5d0a-11f0-960d-0433c2229f97
07/09/25 14:22:51: SESSION_MGR: creating session with session uuid: '142e0eae-9ce0-4a34-ad5b-3aca36a984df' and name 'Code Analyzer'
07/09/25 14:22:51: KERNEL_SVC: creating session with uuid: '142e0eae-9ce0-4a34-ad5b-3aca36a984df' and name 'Code Analyzer'
07/09/25 14:22:51: GUIDANCE_SMGR: creating guidance session with uuid: '142e0eae-9ce0-4a34-ad5b-3aca36a984df' and name 'Code Analyzer'
07/09/25 14:23:07: SESSION_MGR: closing session for UUID '142e0eae-9ce0-4a34-ad5b-3aca36a984df' with name ''
07/09/25 14:23:07: KERNEL_SVC: closing session for UUID '142e0eae-9ce0-4a34-ad5b-3aca36a984df' with name ''
07/09/25 14:23:07: GUIDANCE_SMGR: closing session for UUID '142e0eae-9ce0-4a34-ad5b-3aca36a984df' with name ''
07/09/25 14:23:07: STOP_SERVER received, server token: dd6ec475-5d0a-11f0-960d-0433c2229f97, passed token: dd6ec475-5d0a-11f0-960d-0433c2229f97
07/09/25 14:23:07: Socket received request to stop server.
07/09/25 14:23:07: Dispatch Server: do_await_stop
07/09/25 14:23:07: SERVER: destructor for server bound to port 52126
07/09/25 14:23:07: Server exiting with status 0.
07/09/25 14:23:07: Closing log file.
07/09/25 14:23:58: Running xcd server. This server was built by gradle.
07/09/25 14:23:58: Server was asked to start on port: '52169'
07/09/25 14:23:58: Server is using token UUID: '05bf5668-5d0b-11f0-bf54-0433c2229f97'
07/09/25 14:23:58: SESSION_MGR: creating session with session uuid: '6d04a3e9-ade5-4ab9-8d63-1f78fcd2ec76' and name 'default'
07/09/25 14:23:58: Attempting to start server on port '52169'
07/09/25 14:23:58: Running Dispatch Server
07/09/25 14:23:58: Version 2.2.0
07/09/25 14:23:58: Dispatch Server: Accepted socket connection from client
07/09/25 14:23:58: Starting Socket connection
07/09/25 14:23:58: EXCHANGE_TOKEN received, server token: 05bf5668-5d0b-11f0-bf54-0433c2229f97, passed token: 05bf5668-5d0b-11f0-bf54-0433c2229f97
07/09/25 14:23:58: SESSION_MGR: creating session with session uuid: 'cf15531c-b6ed-47a1-a55f-8882d90a36ba' and name 'Code Analyzer'
07/09/25 14:23:58: KERNEL_SVC: creating session with uuid: 'cf15531c-b6ed-47a1-a55f-8882d90a36ba' and name 'Code Analyzer'
07/09/25 14:23:58: GUIDANCE_SMGR: creating guidance session with uuid: 'cf15531c-b6ed-47a1-a55f-8882d90a36ba' and name 'Code Analyzer'
07/09/25 14:24:13: SESSION_MGR: closing session for UUID 'cf15531c-b6ed-47a1-a55f-8882d90a36ba' with name ''
07/09/25 14:24:13: KERNEL_SVC: closing session for UUID 'cf15531c-b6ed-47a1-a55f-8882d90a36ba' with name ''
07/09/25 14:24:13: GUIDANCE_SMGR: closing session for UUID 'cf15531c-b6ed-47a1-a55f-8882d90a36ba' with name ''
07/09/25 14:24:13: STOP_SERVER received, server token: 05bf5668-5d0b-11f0-bf54-0433c2229f97, passed token: 05bf5668-5d0b-11f0-bf54-0433c2229f97
07/09/25 14:24:13: Socket received request to stop server.
07/09/25 14:24:13: Dispatch Server: do_await_stop
07/09/25 14:24:13: SERVER: destructor for server bound to port 52169
07/09/25 14:24:13: Server exiting with status 0.
07/09/25 14:24:13: Closing log file.
07/09/25 14:27:14: Running xcd server. This server was built by gradle.
07/09/25 14:27:14: Server was asked to start on port: '52224'
07/09/25 14:27:14: Server is using token UUID: '7ab7bbf4-5d0b-11f0-aec0-0433c2229f97'
07/09/25 14:27:14: SESSION_MGR: creating session with session uuid: '6d04a3e9-ade5-4ab9-8d63-1f78fcd2ec76' and name 'default'
07/09/25 14:27:14: Attempting to start server on port '52224'
07/09/25 14:27:14: Running Dispatch Server
07/09/25 14:27:14: Version 2.2.0
07/09/25 14:27:14: Dispatch Server: Accepted socket connection from client
07/09/25 14:27:14: Starting Socket connection
07/09/25 14:27:14: EXCHANGE_TOKEN received, server token: 7ab7bbf4-5d0b-11f0-aec0-0433c2229f97, passed token: 7ab7bbf4-5d0b-11f0-aec0-0433c2229f97
07/09/25 14:27:14: SESSION_MGR: creating session with session uuid: '90d78a71-e68b-4033-acae-0f038c334101' and name 'Code Analyzer'
07/09/25 14:27:14: KERNEL_SVC: creating session with uuid: '90d78a71-e68b-4033-acae-0f038c334101' and name 'Code Analyzer'
07/09/25 14:27:14: GUIDANCE_SMGR: creating guidance session with uuid: '90d78a71-e68b-4033-acae-0f038c334101' and name 'Code Analyzer'
07/09/25 14:27:29: SESSION_MGR: closing session for UUID '90d78a71-e68b-4033-acae-0f038c334101' with name ''
07/09/25 14:27:29: KERNEL_SVC: closing session for UUID '90d78a71-e68b-4033-acae-0f038c334101' with name ''
07/09/25 14:27:29: GUIDANCE_SMGR: closing session for UUID '90d78a71-e68b-4033-acae-0f038c334101' with name ''
07/09/25 14:27:29: STOP_SERVER received, server token: 7ab7bbf4-5d0b-11f0-aec0-0433c2229f97, passed token: 7ab7bbf4-5d0b-11f0-aec0-0433c2229f97
07/09/25 14:27:29: Socket received request to stop server.
07/09/25 14:27:29: Dispatch Server: do_await_stop
07/09/25 14:27:29: SERVER: destructor for server bound to port 52224
07/09/25 14:27:29: Server exiting with status 0.
07/09/25 14:27:29: Closing log file.
07/09/25 14:32:10: Running xcd server. This server was built by gradle.
07/09/25 14:32:10: Server was asked to start on port: '52317'
07/09/25 14:32:10: Server is using token UUID: '2b2302a4-5d0c-11f0-aefe-0433c2229f97'
07/09/25 14:32:10: SESSION_MGR: creating session with session uuid: '6d04a3e9-ade5-4ab9-8d63-1f78fcd2ec76' and name 'default'
07/09/25 14:32:10: Attempting to start server on port '52317'
07/09/25 14:32:10: Running Dispatch Server
07/09/25 14:32:10: Version 2.2.0
07/09/25 14:32:10: Dispatch Server: Accepted socket connection from client
07/09/25 14:32:10: Starting Socket connection
07/09/25 14:32:10: EXCHANGE_TOKEN received, server token: 2b2302a4-5d0c-11f0-aefe-0433c2229f97, passed token: 2b2302a4-5d0c-11f0-aefe-0433c2229f97
07/09/25 14:32:10: SESSION_MGR: creating session with session uuid: '59932511-e91d-4ca7-be07-56d2154292de' and name 'Code Analyzer'
07/09/25 14:32:10: KERNEL_SVC: creating session with uuid: '59932511-e91d-4ca7-be07-56d2154292de' and name 'Code Analyzer'
07/09/25 14:32:10: GUIDANCE_SMGR: creating guidance session with uuid: '59932511-e91d-4ca7-be07-56d2154292de' and name 'Code Analyzer'
07/09/25 14:32:25: SESSION_MGR: closing session for UUID '59932511-e91d-4ca7-be07-56d2154292de' with name ''
07/09/25 14:32:25: KERNEL_SVC: closing session for UUID '59932511-e91d-4ca7-be07-56d2154292de' with name ''
07/09/25 14:32:25: GUIDANCE_SMGR: closing session for UUID '59932511-e91d-4ca7-be07-56d2154292de' with name ''
07/09/25 14:32:25: STOP_SERVER received, server token: 2b2302a4-5d0c-11f0-aefe-0433c2229f97, passed token: 2b2302a4-5d0c-11f0-aefe-0433c2229f97
07/09/25 14:32:25: Socket received request to stop server.
07/09/25 14:32:25: Dispatch Server: do_await_stop
07/09/25 14:32:25: SERVER: destructor for server bound to port 52317
07/09/25 14:32:25: Server exiting with status 0.
07/09/25 14:32:25: Closing log file.
07/09/25 20:08:38: Running xcd server. This server was built by gradle.
07/09/25 20:08:38: Server was asked to start on port: '64086'
07/09/25 20:08:38: Server is using token UUID: '2c3e1930-5d3b-11f0-80be-0433c2229f97'
07/09/25 20:08:38: SESSION_MGR: creating session with session uuid: '6d04a3e9-ade5-4ab9-8d63-1f78fcd2ec76' and name 'default'
07/09/25 20:08:38: Attempting to start server on port '64086'
07/09/25 20:08:38: Running Dispatch Server
07/09/25 20:08:38: Version 2.2.0
07/09/25 20:08:39: Dispatch Server: Accepted socket connection from client
07/09/25 20:08:39: Starting Socket connection
07/09/25 20:08:39: EXCHANGE_TOKEN received, server token: 2c3e1930-5d3b-11f0-80be-0433c2229f97, passed token: 2c3e1930-5d3b-11f0-80be-0433c2229f97
07/09/25 20:08:39: SESSION_MGR: creating session with session uuid: '7cfcf791-75da-4615-91fa-c0cce5e13bf3' and name 'Code Analyzer'
07/09/25 20:08:39: KERNEL_SVC: creating session with uuid: '7cfcf791-75da-4615-91fa-c0cce5e13bf3' and name 'Code Analyzer'
07/09/25 20:08:39: GUIDANCE_SMGR: creating guidance session with uuid: '7cfcf791-75da-4615-91fa-c0cce5e13bf3' and name 'Code Analyzer'
07/09/25 20:09:01: SESSION_MGR: closing session for UUID '7cfcf791-75da-4615-91fa-c0cce5e13bf3' with name ''
07/09/25 20:09:01: KERNEL_SVC: closing session for UUID '7cfcf791-75da-4615-91fa-c0cce5e13bf3' with name ''
07/09/25 20:09:01: GUIDANCE_SMGR: closing session for UUID '7cfcf791-75da-4615-91fa-c0cce5e13bf3' with name ''
07/09/25 20:09:01: STOP_SERVER received, server token: 2c3e1930-5d3b-11f0-80be-0433c2229f97, passed token: 2c3e1930-5d3b-11f0-80be-0433c2229f97
07/09/25 20:09:01: Socket received request to stop server.
07/09/25 20:09:01: Dispatch Server: do_await_stop
07/09/25 20:09:01: SERVER: destructor for server bound to port 64086
07/09/25 20:09:01: Server exiting with status 0.
07/09/25 20:09:01: Closing log file.
07/09/25 20:11:20: Running xcd server. This server was built by gradle.
07/09/25 20:11:20: Server was asked to start on port: '64112'
07/09/25 20:11:20: Server is using token UUID: '8cf750e5-5d3b-11f0-bcac-0433c2229f97'
07/09/25 20:11:20: SESSION_MGR: creating session with session uuid: '6d04a3e9-ade5-4ab9-8d63-1f78fcd2ec76' and name 'default'
07/09/25 20:11:20: Attempting to start server on port '64112'
07/09/25 20:11:20: Running Dispatch Server
07/09/25 20:11:20: Version 2.2.0
07/09/25 20:11:21: Dispatch Server: Accepted socket connection from client
07/09/25 20:11:21: Starting Socket connection
07/09/25 20:11:21: EXCHANGE_TOKEN received, server token: 8cf750e5-5d3b-11f0-bcac-0433c2229f97, passed token: 8cf750e5-5d3b-11f0-bcac-0433c2229f97
07/09/25 20:11:21: SESSION_MGR: creating session with session uuid: '93b38aa3-c753-4805-ae00-8971c883c82b' and name 'Code Analyzer'
07/09/25 20:11:21: KERNEL_SVC: creating session with uuid: '93b38aa3-c753-4805-ae00-8971c883c82b' and name 'Code Analyzer'
07/09/25 20:11:21: GUIDANCE_SMGR: creating guidance session with uuid: '93b38aa3-c753-4805-ae00-8971c883c82b' and name 'Code Analyzer'
07/09/25 20:15:15: Running xcd server. This server was built by gradle.
07/09/25 20:15:15: Server was asked to start on port: '64193'
07/09/25 20:15:15: Server is using token UUID: '18a6da65-5d3c-11f0-83c0-0433c2229f97'
07/09/25 20:15:15: SESSION_MGR: creating session with session uuid: '6d04a3e9-ade5-4ab9-8d63-1f78fcd2ec76' and name 'default'
07/09/25 20:15:15: Attempting to start server on port '64193'
07/09/25 20:15:15: Running Dispatch Server
07/09/25 20:15:15: Version 2.2.0
07/09/25 20:15:15: Dispatch Server: Accepted socket connection from client
07/09/25 20:15:15: Starting Socket connection
07/09/25 20:15:15: EXCHANGE_TOKEN received, server token: 18a6da65-5d3c-11f0-83c0-0433c2229f97, passed token: 18a6da65-5d3c-11f0-83c0-0433c2229f97
07/09/25 20:15:15: SESSION_MGR: creating session with session uuid: '6b8e2008-7046-4cd3-b79e-6c14995d2e67' and name 'Code Analyzer'
07/09/25 20:15:15: KERNEL_SVC: creating session with uuid: '6b8e2008-7046-4cd3-b79e-6c14995d2e67' and name 'Code Analyzer'
07/09/25 20:15:15: GUIDANCE_SMGR: creating guidance session with uuid: '6b8e2008-7046-4cd3-b79e-6c14995d2e67' and name 'Code Analyzer'
07/09/25 20:25:40: SESSION_MGR: closing session for UUID '6b8e2008-7046-4cd3-b79e-6c14995d2e67' with name ''
07/09/25 20:25:40: KERNEL_SVC: closing session for UUID '6b8e2008-7046-4cd3-b79e-6c14995d2e67' with name ''
07/09/25 20:25:40: GUIDANCE_SMGR: closing session for UUID '6b8e2008-7046-4cd3-b79e-6c14995d2e67' with name ''
07/09/25 20:25:40: STOP_SERVER received, server token: 18a6da65-5d3c-11f0-83c0-0433c2229f97, passed token: 18a6da65-5d3c-11f0-83c0-0433c2229f97
07/09/25 20:25:40: Socket received request to stop server.
07/09/25 20:25:40: Dispatch Server: do_await_stop
07/09/25 20:25:40: SERVER: destructor for server bound to port 64193
07/09/25 20:25:40: Server exiting with status 0.
07/09/25 20:25:40: Closing log file.
07/09/25 22:01:51: Running xcd server. This server was built by gradle.
07/09/25 22:01:51: Server was asked to start on port: '65057'
07/09/25 22:01:51: Server is using token UUID: 'fd06bbd1-5d4a-11f0-b059-0433c2229f97'
07/09/25 22:01:51: SESSION_MGR: creating session with session uuid: '6d04a3e9-ade5-4ab9-8d63-1f78fcd2ec76' and name 'default'
07/09/25 22:01:51: Attempting to start server on port '65057'
07/09/25 22:01:51: Running Dispatch Server
07/09/25 22:01:51: Version 2.2.0
07/09/25 22:01:51: Dispatch Server: Accepted socket connection from client
07/09/25 22:01:51: Starting Socket connection
07/09/25 22:01:51: EXCHANGE_TOKEN received, server token: fd06bbd1-5d4a-11f0-b059-0433c2229f97, passed token: fd06bbd1-5d4a-11f0-b059-0433c2229f97
07/09/25 22:01:51: SESSION_MGR: creating session with session uuid: '036399ec-d33c-4bb6-babc-c927dd462106' and name 'Code Analyzer'
07/09/25 22:01:51: KERNEL_SVC: creating session with uuid: '036399ec-d33c-4bb6-babc-c927dd462106' and name 'Code Analyzer'
07/09/25 22:01:51: GUIDANCE_SMGR: creating guidance session with uuid: '036399ec-d33c-4bb6-babc-c927dd462106' and name 'Code Analyzer'
07/09/25 22:02:05: SESSION_MGR: closing session for UUID '036399ec-d33c-4bb6-babc-c927dd462106' with name ''
07/09/25 22:02:05: KERNEL_SVC: closing session for UUID '036399ec-d33c-4bb6-babc-c927dd462106' with name ''
07/09/25 22:02:05: GUIDANCE_SMGR: closing session for UUID '036399ec-d33c-4bb6-babc-c927dd462106' with name ''
07/09/25 22:02:05: STOP_SERVER received, server token: fd06bbd1-5d4a-11f0-b059-0433c2229f97, passed token: fd06bbd1-5d4a-11f0-b059-0433c2229f97
07/09/25 22:02:05: Socket received request to stop server.
07/09/25 22:02:05: Dispatch Server: do_await_stop
07/09/25 22:02:05: SERVER: destructor for server bound to port 65057
07/09/25 22:02:05: Server exiting with status 0.
07/09/25 22:02:05: Closing log file.
07/09/25 22:06:05: Running xcd server. This server was built by gradle.
07/09/25 22:06:05: Server was asked to start on port: '65122'
07/09/25 22:06:05: Server is using token UUID: '948714e7-5d4b-11f0-af07-0433c2229f97'
07/09/25 22:06:05: SESSION_MGR: creating session with session uuid: '6d04a3e9-ade5-4ab9-8d63-1f78fcd2ec76' and name 'default'
07/09/25 22:06:05: Attempting to start server on port '65122'
07/09/25 22:06:05: Running Dispatch Server
07/09/25 22:06:05: Version 2.2.0
07/09/25 22:06:05: Dispatch Server: Accepted socket connection from client
07/09/25 22:06:05: Starting Socket connection
07/09/25 22:06:05: EXCHANGE_TOKEN received, server token: 948714e7-5d4b-11f0-af07-0433c2229f97, passed token: 948714e7-5d4b-11f0-af07-0433c2229f97
07/09/25 22:06:05: SESSION_MGR: creating session with session uuid: '6cce9796-d290-4e15-abab-637c9ea66506' and name 'Code Analyzer'
07/09/25 22:06:05: KERNEL_SVC: creating session with uuid: '6cce9796-d290-4e15-abab-637c9ea66506' and name 'Code Analyzer'
07/09/25 22:06:05: GUIDANCE_SMGR: creating guidance session with uuid: '6cce9796-d290-4e15-abab-637c9ea66506' and name 'Code Analyzer'
07/09/25 22:06:21: SESSION_MGR: closing session for UUID '6cce9796-d290-4e15-abab-637c9ea66506' with name ''
07/09/25 22:06:21: KERNEL_SVC: closing session for UUID '6cce9796-d290-4e15-abab-637c9ea66506' with name ''
07/09/25 22:06:21: GUIDANCE_SMGR: closing session for UUID '6cce9796-d290-4e15-abab-637c9ea66506' with name ''
07/09/25 22:06:21: STOP_SERVER received, server token: 948714e7-5d4b-11f0-af07-0433c2229f97, passed token: 948714e7-5d4b-11f0-af07-0433c2229f97
07/09/25 22:06:21: Socket received request to stop server.
07/09/25 22:06:21: Dispatch Server: do_await_stop
07/09/25 22:06:21: SERVER: destructor for server bound to port 65122
07/09/25 22:06:21: Server exiting with status 0.
07/09/25 22:06:21: Closing log file.
07/09/25 22:06:49: Running xcd server. This server was built by gradle.
07/09/25 22:06:49: Server was asked to start on port: '65139'
07/09/25 22:06:49: Server is using token UUID: 'aeb702df-5d4b-11f0-b5b4-0433c2229f97'
07/09/25 22:06:49: SESSION_MGR: creating session with session uuid: '6d04a3e9-ade5-4ab9-8d63-1f78fcd2ec76' and name 'default'
07/09/25 22:06:49: Attempting to start server on port '65139'
07/09/25 22:06:49: Running Dispatch Server
07/09/25 22:06:49: Version 2.2.0
07/09/25 22:06:49: Dispatch Server: Accepted socket connection from client
07/09/25 22:06:49: Starting Socket connection
07/09/25 22:06:49: EXCHANGE_TOKEN received, server token: aeb702df-5d4b-11f0-b5b4-0433c2229f97, passed token: aeb702df-5d4b-11f0-b5b4-0433c2229f97
07/09/25 22:06:49: SESSION_MGR: creating session with session uuid: 'ba3edd86-e7d2-441a-af3e-b8705385ddc8' and name 'Code Analyzer'
07/09/25 22:06:49: KERNEL_SVC: creating session with uuid: 'ba3edd86-e7d2-441a-af3e-b8705385ddc8' and name 'Code Analyzer'
07/09/25 22:06:49: GUIDANCE_SMGR: creating guidance session with uuid: 'ba3edd86-e7d2-441a-af3e-b8705385ddc8' and name 'Code Analyzer'
07/09/25 22:15:35: SESSION_MGR: closing session for UUID 'ba3edd86-e7d2-441a-af3e-b8705385ddc8' with name ''
07/09/25 22:15:35: KERNEL_SVC: closing session for UUID 'ba3edd86-e7d2-441a-af3e-b8705385ddc8' with name ''
07/09/25 22:15:35: GUIDANCE_SMGR: closing session for UUID 'ba3edd86-e7d2-441a-af3e-b8705385ddc8' with name ''
07/09/25 22:15:35: STOP_SERVER received, server token: aeb702df-5d4b-11f0-b5b4-0433c2229f97, passed token: aeb702df-5d4b-11f0-b5b4-0433c2229f97
07/09/25 22:15:35: Socket received request to stop server.
07/09/25 22:15:35: Dispatch Server: do_await_stop
07/09/25 22:15:35: SERVER: destructor for server bound to port 65139
07/09/25 22:15:35: Server exiting with status 0.
07/09/25 22:15:35: Closing log file.
07/10/25 00:06:07: Running xcd server. This server was built by gradle.
07/10/25 00:06:07: Server was asked to start on port: '49733'
07/10/25 00:06:07: Server is using token UUID: '5903342b-5d5c-11f0-acf2-0433c2229f97'
07/10/25 00:06:07: SESSION_MGR: creating session with session uuid: '6d04a3e9-ade5-4ab9-8d63-1f78fcd2ec76' and name 'default'
07/10/25 00:06:07: Attempting to start server on port '49733'
07/10/25 00:06:07: Running Dispatch Server
07/10/25 00:06:07: Version 2.2.0
07/10/25 00:06:07: Dispatch Server: Accepted socket connection from client
07/10/25 00:06:07: Starting Socket connection
07/10/25 00:06:07: EXCHANGE_TOKEN received, server token: 5903342b-5d5c-11f0-acf2-0433c2229f97, passed token: 5903342b-5d5c-11f0-acf2-0433c2229f97
07/10/25 00:06:07: SESSION_MGR: creating session with session uuid: 'ef46ea11-a7fa-48f2-a4c8-e5861623e8b3' and name 'Code Analyzer'
07/10/25 00:06:07: KERNEL_SVC: creating session with uuid: 'ef46ea11-a7fa-48f2-a4c8-e5861623e8b3' and name 'Code Analyzer'
07/10/25 00:06:07: GUIDANCE_SMGR: creating guidance session with uuid: 'ef46ea11-a7fa-48f2-a4c8-e5861623e8b3' and name 'Code Analyzer'
07/10/25 00:07:02: SESSION_MGR: closing session for UUID 'ef46ea11-a7fa-48f2-a4c8-e5861623e8b3' with name ''
07/10/25 00:07:02: KERNEL_SVC: closing session for UUID 'ef46ea11-a7fa-48f2-a4c8-e5861623e8b3' with name ''
07/10/25 00:07:02: GUIDANCE_SMGR: closing session for UUID 'ef46ea11-a7fa-48f2-a4c8-e5861623e8b3' with name ''
07/10/25 00:07:02: STOP_SERVER received, server token: 5903342b-5d5c-11f0-acf2-0433c2229f97, passed token: 5903342b-5d5c-11f0-acf2-0433c2229f97
07/10/25 00:07:02: Socket received request to stop server.
07/10/25 00:07:02: Dispatch Server: do_await_stop
07/10/25 00:07:02: SERVER: destructor for server bound to port 49733
07/10/25 00:07:02: Server exiting with status 0.
07/10/25 00:07:02: Closing log file.
07/10/25 01:26:42: Running xcd server. This server was built by gradle.
07/10/25 01:26:42: Server was asked to start on port: '51045'
07/10/25 01:26:42: Server is using token UUID: '9acf6075-5d67-11f0-a350-0433c2229f97'
07/10/25 01:26:42: SESSION_MGR: creating session with session uuid: '6d04a3e9-ade5-4ab9-8d63-1f78fcd2ec76' and name 'default'
07/10/25 01:26:42: Attempting to start server on port '51045'
07/10/25 01:26:42: Running Dispatch Server
07/10/25 01:26:42: Version 2.2.0
07/10/25 01:26:42: Dispatch Server: Accepted socket connection from client
07/10/25 01:26:42: Starting Socket connection
07/10/25 01:26:42: EXCHANGE_TOKEN received, server token: 9acf6075-5d67-11f0-a350-0433c2229f97, passed token: 9acf6075-5d67-11f0-a350-0433c2229f97
07/10/25 01:26:42: SESSION_MGR: creating session with session uuid: '08ed7d67-1df4-4058-85e0-193ceb17a3d9' and name 'Code Analyzer'
07/10/25 01:26:42: KERNEL_SVC: creating session with uuid: '08ed7d67-1df4-4058-85e0-193ceb17a3d9' and name 'Code Analyzer'
07/10/25 01:26:42: GUIDANCE_SMGR: creating guidance session with uuid: '08ed7d67-1df4-4058-85e0-193ceb17a3d9' and name 'Code Analyzer'
07/10/25 01:35:57: SESSION_MGR: closing session for UUID '08ed7d67-1df4-4058-85e0-193ceb17a3d9' with name ''
07/10/25 01:35:57: KERNEL_SVC: closing session for UUID '08ed7d67-1df4-4058-85e0-193ceb17a3d9' with name ''
07/10/25 01:35:57: GUIDANCE_SMGR: closing session for UUID '08ed7d67-1df4-4058-85e0-193ceb17a3d9' with name ''
07/10/25 01:35:57: STOP_SERVER received, server token: 9acf6075-5d67-11f0-a350-0433c2229f97, passed token: 9acf6075-5d67-11f0-a350-0433c2229f97
07/10/25 01:35:57: Socket received request to stop server.
07/10/25 01:35:57: Dispatch Server: do_await_stop
07/10/25 01:35:57: SERVER: destructor for server bound to port 51045
07/10/25 01:35:57: Server exiting with status 0.
07/10/25 01:35:57: Closing log file.
07/17/25 04:03:59: Running xcd server. This server was built by gradle.
07/17/25 04:03:59: Server was asked to start on port: '51826'
07/17/25 04:03:59: Server is using token UUID: 'bcf0f18b-62fd-11f0-bc4e-b42e99a0e8f7'
07/17/25 04:03:59: SESSION_MGR: creating session with session uuid: '6d04a3e9-ade5-4ab9-8d63-1f78fcd2ec76' and name 'default'
07/17/25 04:03:59: Attempting to start server on port '51826'
07/17/25 04:03:59: Running Dispatch Server
07/17/25 04:03:59: Version 2.2.0
07/17/25 04:04:00: Dispatch Server: Accepted socket connection from client
07/17/25 04:04:00: Starting Socket connection
07/17/25 04:04:00: EXCHANGE_TOKEN received, server token: bcf0f18b-62fd-11f0-bc4e-b42e99a0e8f7, passed token: bcf0f18b-62fd-11f0-bc4e-b42e99a0e8f7
07/17/25 04:04:00: SESSION_MGR: creating session with session uuid: 'ff00e385-9e72-492d-8ec7-455938dbf8e9' and name 'Code Analyzer'
07/17/25 04:04:00: KERNEL_SVC: creating session with uuid: 'ff00e385-9e72-492d-8ec7-455938dbf8e9' and name 'Code Analyzer'
07/17/25 04:04:00: GUIDANCE_SMGR: creating guidance session with uuid: 'ff00e385-9e72-492d-8ec7-455938dbf8e9' and name 'Code Analyzer'
07/17/25 04:04:02: SESSION_MGR: closing session for UUID 'ff00e385-9e72-492d-8ec7-455938dbf8e9' with name ''
07/17/25 04:04:02: KERNEL_SVC: closing session for UUID 'ff00e385-9e72-492d-8ec7-455938dbf8e9' with name ''
07/17/25 04:04:02: GUIDANCE_SMGR: closing session for UUID 'ff00e385-9e72-492d-8ec7-455938dbf8e9' with name ''
07/17/25 04:04:02: STOP_SERVER received, server token: bcf0f18b-62fd-11f0-bc4e-b42e99a0e8f7, passed token: bcf0f18b-62fd-11f0-bc4e-b42e99a0e8f7
07/17/25 04:04:02: Socket received request to stop server.
07/17/25 04:04:02: Dispatch Server: do_await_stop
07/17/25 04:04:02: SERVER: destructor for server bound to port 51826
07/17/25 04:04:02: Server exiting with status 0.
07/17/25 04:04:02: Closing log file.
07/17/25 04:08:48: Running xcd server. This server was built by gradle.
07/17/25 04:08:48: Server was asked to start on port: '52157'
07/17/25 04:08:48: Server is using token UUID: '68e8f644-62fe-11f0-87a2-b42e99a0e8f7'
07/17/25 04:08:48: SESSION_MGR: creating session with session uuid: '6d04a3e9-ade5-4ab9-8d63-1f78fcd2ec76' and name 'default'
07/17/25 04:08:48: Attempting to start server on port '52157'
07/17/25 04:08:48: Running Dispatch Server
07/17/25 04:08:48: Version 2.2.0
07/17/25 04:08:48: Dispatch Server: Accepted socket connection from client
07/17/25 04:08:48: Starting Socket connection
07/17/25 04:08:48: EXCHANGE_TOKEN received, server token: 68e8f644-62fe-11f0-87a2-b42e99a0e8f7, passed token: 68e8f644-62fe-11f0-87a2-b42e99a0e8f7
07/17/25 04:08:48: SESSION_MGR: creating session with session uuid: '93402b8e-6689-4782-9845-78f2afe7a0d0' and name 'Code Analyzer'
07/17/25 04:08:48: KERNEL_SVC: creating session with uuid: '93402b8e-6689-4782-9845-78f2afe7a0d0' and name 'Code Analyzer'
07/17/25 04:08:48: GUIDANCE_SMGR: creating guidance session with uuid: '93402b8e-6689-4782-9845-78f2afe7a0d0' and name 'Code Analyzer'
07/17/25 04:08:58: SESSION_MGR: closing session for UUID '93402b8e-6689-4782-9845-78f2afe7a0d0' with name ''
07/17/25 04:08:58: KERNEL_SVC: closing session for UUID '93402b8e-6689-4782-9845-78f2afe7a0d0' with name ''
07/17/25 04:08:58: GUIDANCE_SMGR: closing session for UUID '93402b8e-6689-4782-9845-78f2afe7a0d0' with name ''
07/17/25 04:08:58: STOP_SERVER received, server token: 68e8f644-62fe-11f0-87a2-b42e99a0e8f7, passed token: 68e8f644-62fe-11f0-87a2-b42e99a0e8f7
07/17/25 04:08:58: Socket received request to stop server.
07/17/25 04:08:58: Dispatch Server: do_await_stop
07/17/25 04:08:58: SERVER: destructor for server bound to port 52157
07/17/25 04:08:58: Server exiting with status 0.
07/17/25 04:08:58: Closing log file.
07/17/25 04:12:56: Running xcd server. This server was built by gradle.
07/17/25 04:12:56: Server was asked to start on port: '52285'
07/17/25 04:12:56: Server is using token UUID: 'fce7ea0a-62fe-11f0-b976-b42e99a0e8f7'
07/17/25 04:12:56: SESSION_MGR: creating session with session uuid: '6d04a3e9-ade5-4ab9-8d63-1f78fcd2ec76' and name 'default'
07/17/25 04:12:56: Attempting to start server on port '52285'
07/17/25 04:12:56: Running Dispatch Server
07/17/25 04:12:56: Version 2.2.0
07/17/25 04:12:56: Dispatch Server: Accepted socket connection from client
07/17/25 04:12:56: Starting Socket connection
07/17/25 04:12:56: EXCHANGE_TOKEN received, server token: fce7ea0a-62fe-11f0-b976-b42e99a0e8f7, passed token: fce7ea0a-62fe-11f0-b976-b42e99a0e8f7
07/17/25 04:12:56: SESSION_MGR: creating session with session uuid: '224c6f3d-a2d8-46b3-80a2-81d00d410213' and name 'Code Analyzer'
07/17/25 04:12:56: KERNEL_SVC: creating session with uuid: '224c6f3d-a2d8-46b3-80a2-81d00d410213' and name 'Code Analyzer'
07/17/25 04:12:56: GUIDANCE_SMGR: creating guidance session with uuid: '224c6f3d-a2d8-46b3-80a2-81d00d410213' and name 'Code Analyzer'
07/17/25 04:13:34: SESSION_MGR: closing session for UUID '224c6f3d-a2d8-46b3-80a2-81d00d410213' with name ''
07/17/25 04:13:34: KERNEL_SVC: closing session for UUID '224c6f3d-a2d8-46b3-80a2-81d00d410213' with name ''
07/17/25 04:13:34: GUIDANCE_SMGR: closing session for UUID '224c6f3d-a2d8-46b3-80a2-81d00d410213' with name ''
07/17/25 04:13:34: STOP_SERVER received, server token: fce7ea0a-62fe-11f0-b976-b42e99a0e8f7, passed token: fce7ea0a-62fe-11f0-b976-b42e99a0e8f7
07/17/25 04:13:34: Socket received request to stop server.
07/17/25 04:13:34: Dispatch Server: do_await_stop
07/17/25 04:13:34: SERVER: destructor for server bound to port 52285
07/17/25 04:13:34: Server exiting with status 0.
07/17/25 04:13:34: Closing log file.
07/17/25 05:40:21: Running xcd server. This server was built by gradle.
07/17/25 05:40:21: Server was asked to start on port: '55826'
07/17/25 05:40:21: Server is using token UUID: '3303c5b6-630b-11f0-8a7f-b42e99a0e8f7'
07/17/25 05:40:21: SESSION_MGR: creating session with session uuid: '6d04a3e9-ade5-4ab9-8d63-1f78fcd2ec76' and name 'default'
07/17/25 05:40:21: Attempting to start server on port '55826'
07/17/25 05:40:21: Running Dispatch Server
07/17/25 05:40:21: Version 2.2.0
07/17/25 05:40:21: Dispatch Server: Accepted socket connection from client
07/17/25 05:40:21: Starting Socket connection
07/17/25 05:40:21: EXCHANGE_TOKEN received, server token: 3303c5b6-630b-11f0-8a7f-b42e99a0e8f7, passed token: 3303c5b6-630b-11f0-8a7f-b42e99a0e8f7
07/17/25 05:40:21: SESSION_MGR: creating session with session uuid: '6dfde985-ddd5-4d4f-9fe9-e415e9220e9d' and name 'Code Analyzer'
07/17/25 05:40:21: KERNEL_SVC: creating session with uuid: '6dfde985-ddd5-4d4f-9fe9-e415e9220e9d' and name 'Code Analyzer'
07/17/25 05:40:21: GUIDANCE_SMGR: creating guidance session with uuid: '6dfde985-ddd5-4d4f-9fe9-e415e9220e9d' and name 'Code Analyzer'
07/17/25 05:40:27: SESSION_MGR: closing session for UUID '6dfde985-ddd5-4d4f-9fe9-e415e9220e9d' with name ''
07/17/25 05:40:27: KERNEL_SVC: closing session for UUID '6dfde985-ddd5-4d4f-9fe9-e415e9220e9d' with name ''
07/17/25 05:40:27: GUIDANCE_SMGR: closing session for UUID '6dfde985-ddd5-4d4f-9fe9-e415e9220e9d' with name ''
07/17/25 05:40:27: STOP_SERVER received, server token: 3303c5b6-630b-11f0-8a7f-b42e99a0e8f7, passed token: 3303c5b6-630b-11f0-8a7f-b42e99a0e8f7
07/17/25 05:40:27: Socket received request to stop server.
07/17/25 05:40:27: Dispatch Server: do_await_stop
07/17/25 05:40:27: SERVER: destructor for server bound to port 55826
07/17/25 05:40:27: Server exiting with status 0.
07/17/25 05:40:27: Closing log file.
07/17/25 05:42:22: Running xcd server. This server was built by gradle.
07/17/25 05:42:22: Server was asked to start on port: '55884'
07/17/25 05:42:22: Server is using token UUID: '7b2f18b6-630b-11f0-bf9c-b42e99a0e8f7'
07/17/25 05:42:22: SESSION_MGR: creating session with session uuid: '6d04a3e9-ade5-4ab9-8d63-1f78fcd2ec76' and name 'default'
07/17/25 05:42:22: Attempting to start server on port '55884'
07/17/25 05:42:22: Running Dispatch Server
07/17/25 05:42:22: Version 2.2.0
07/17/25 05:42:22: Dispatch Server: Accepted socket connection from client
07/17/25 05:42:22: Starting Socket connection
07/17/25 05:42:22: EXCHANGE_TOKEN received, server token: 7b2f18b6-630b-11f0-bf9c-b42e99a0e8f7, passed token: 7b2f18b6-630b-11f0-bf9c-b42e99a0e8f7
07/17/25 05:42:22: SESSION_MGR: creating session with session uuid: '31aa313a-509b-441d-b49f-91a1901d791e' and name 'Code Analyzer'
07/17/25 05:42:22: KERNEL_SVC: creating session with uuid: '31aa313a-509b-441d-b49f-91a1901d791e' and name 'Code Analyzer'
07/17/25 05:42:22: GUIDANCE_SMGR: creating guidance session with uuid: '31aa313a-509b-441d-b49f-91a1901d791e' and name 'Code Analyzer'
07/17/25 05:43:07: SESSION_MGR: closing session for UUID '31aa313a-509b-441d-b49f-91a1901d791e' with name ''
07/17/25 05:43:07: KERNEL_SVC: closing session for UUID '31aa313a-509b-441d-b49f-91a1901d791e' with name ''
07/17/25 05:43:07: GUIDANCE_SMGR: closing session for UUID '31aa313a-509b-441d-b49f-91a1901d791e' with name ''
07/17/25 05:43:07: STOP_SERVER received, server token: 7b2f18b6-630b-11f0-bf9c-b42e99a0e8f7, passed token: 7b2f18b6-630b-11f0-bf9c-b42e99a0e8f7
07/17/25 05:43:07: Socket received request to stop server.
07/17/25 05:43:07: Dispatch Server: do_await_stop
07/17/25 05:43:07: SERVER: destructor for server bound to port 55884
07/17/25 05:43:07: Server exiting with status 0.
07/17/25 05:43:07: Closing log file.
07/17/25 06:14:26: Running xcd server. This server was built by gradle.
07/17/25 06:14:26: Server was asked to start on port: '57367'
07/17/25 06:14:26: Server is using token UUID: 'f650b5dd-630f-11f0-9325-b42e99a0e8f7'
07/17/25 06:14:26: SESSION_MGR: creating session with session uuid: '6d04a3e9-ade5-4ab9-8d63-1f78fcd2ec76' and name 'default'
07/17/25 06:14:26: Attempting to start server on port '57367'
07/17/25 06:14:26: Running Dispatch Server
07/17/25 06:14:26: Version 2.2.0
07/17/25 06:14:27: Dispatch Server: Accepted socket connection from client
07/17/25 06:14:27: Starting Socket connection
07/17/25 06:14:27: EXCHANGE_TOKEN received, server token: f650b5dd-630f-11f0-9325-b42e99a0e8f7, passed token: f650b5dd-630f-11f0-9325-b42e99a0e8f7
07/17/25 06:14:27: SESSION_MGR: creating session with session uuid: '9b35d6fb-f889-4e0e-9435-fe790cf4e592' and name 'Code Analyzer'
07/17/25 06:14:27: KERNEL_SVC: creating session with uuid: '9b35d6fb-f889-4e0e-9435-fe790cf4e592' and name 'Code Analyzer'
07/17/25 06:14:27: GUIDANCE_SMGR: creating guidance session with uuid: '9b35d6fb-f889-4e0e-9435-fe790cf4e592' and name 'Code Analyzer'
07/17/25 06:15:05: SESSION_MGR: closing session for UUID '9b35d6fb-f889-4e0e-9435-fe790cf4e592' with name ''
07/17/25 06:15:05: KERNEL_SVC: closing session for UUID '9b35d6fb-f889-4e0e-9435-fe790cf4e592' with name ''
07/17/25 06:15:05: GUIDANCE_SMGR: closing session for UUID '9b35d6fb-f889-4e0e-9435-fe790cf4e592' with name ''
07/17/25 06:15:05: STOP_SERVER received, server token: f650b5dd-630f-11f0-9325-b42e99a0e8f7, passed token: f650b5dd-630f-11f0-9325-b42e99a0e8f7
07/17/25 06:15:05: Socket received request to stop server.
07/17/25 06:15:05: Dispatch Server: do_await_stop
07/17/25 06:15:05: SERVER: destructor for server bound to port 57367
07/17/25 06:15:05: Server exiting with status 0.
07/17/25 06:15:05: Closing log file.
