

================================================================
== Vitis HLS Report for 'Block_entry_proc_Pipeline_LOAD_W1'
================================================================
* Date:           Wed Jul  9 07:45:54 2025

* Version:        2025.1 (Build 6135595 on May 21 2025)
* Project:        cnn_accel
* Solution:       hls (Vivado IP Flow Target)
* Product family: artix7
* Target device:  xc7a100t-fgg484-2L


================================================================
== Performance Estimates
================================================================
+ Timing: 
    * Summary: 
    +--------+----------+----------+------------+
    |  Clock |  Target  | Estimated| Uncertainty|
    +--------+----------+----------+------------+
    |ap_clk  |  10.00 ns|  7.300 ns|     2.70 ns|
    +--------+----------+----------+------------+

+ Latency: 
    * Summary: 
    +---------+---------+----------+----------+-----+-----+------------------------------------------------+
    |  Latency (cycles) |  Latency (absolute) |  Interval |                    Pipeline                    |
    |   min   |   max   |    min   |    max   | min | max |                      Type                      |
    +---------+---------+----------+----------+-----+-----+------------------------------------------------+
    |      434|      434|  4.340 us|  4.340 us|  433|  433|  loop auto-rewind stp (delay=0 clock cycles(s))|
    +---------+---------+----------+----------+-----+-----+------------------------------------------------+

    + Detail: 
        * Instance: 
        N/A

        * Loop: 
        +-----------+---------+---------+----------+-----------+-----------+------+----------+
        |           |  Latency (cycles) | Iteration|  Initiation Interval  | Trip |          |
        | Loop Name |   min   |   max   |  Latency |  achieved |   target  | Count| Pipelined|
        +-----------+---------+---------+----------+-----------+-----------+------+----------+
        |- LOAD_W1  |      432|      432|         2|          2|          3|   216|       yes|
        +-----------+---------+---------+----------+-----------+-----------+------+----------+



================================================================
== Utilization Estimates
================================================================
* Summary: 
+-----------------+---------+-----+--------+-------+-----+
|       Name      | BRAM_18K| DSP |   FF   |  LUT  | URAM|
+-----------------+---------+-----+--------+-------+-----+
|DSP              |        -|    -|       -|      -|    -|
|Expression       |        -|    -|       0|     30|    -|
|FIFO             |        -|    -|       -|      -|    -|
|Instance         |        -|    -|       -|      -|    -|
|Memory           |        -|    -|       -|      -|    -|
|Multiplexer      |        -|    -|       0|     49|    -|
|Register         |        -|    -|      27|      -|    -|
+-----------------+---------+-----+--------+-------+-----+
|Total            |        0|    0|      27|     79|    0|
+-----------------+---------+-----+--------+-------+-----+
|Available        |      270|  240|  126800|  63400|    0|
+-----------------+---------+-----+--------+-------+-----+
|Utilization (%)  |        0|    0|      ~0|     ~0|    0|
+-----------------+---------+-----+--------+-------+-----+

+ Detail: 
    * Instance: 
    N/A

    * DSP: 
    N/A

    * Memory: 
    N/A

    * FIFO: 
    N/A

    * Expression: 
    +----------------------+----------+----+---+----+------------+------------+
    |     Variable Name    | Operation| DSP| FF| LUT| Bitwidth P0| Bitwidth P1|
    +----------------------+----------+----+---+----+------------+------------+
    |add_ln124_fu_937_p2   |         +|   0|  0|  15|           8|           1|
    |icmp_ln124_fu_931_p2  |      icmp|   0|  0|  15|           8|           7|
    +----------------------+----------+----+---+----+------------+------------+
    |Total                 |          |   0|  0|  30|          16|           8|
    +----------------------+----------+----+---+----+------------+------------+

    * Multiplexer: 
    +----------------------+----+-----------+-----+-----------+
    |         Name         | LUT| Input Size| Bits| Total Bits|
    +----------------------+----+-----------+-----+-----------+
    |W1mem_blk_n_R         |   9|          2|    1|          2|
    |ap_NS_fsm             |  13|          3|    1|          3|
    |ap_done_int           |   9|          2|    1|          2|
    |ap_sig_allocacmp_i_3  |   9|          2|    8|         16|
    |i_fu_904              |   9|          2|    8|         16|
    +----------------------+----+-----------+-----+-----------+
    |Total                 |  49|         11|   19|         39|
    +----------------------+----+-----------+-----+-----------+

    * Register: 
    +--------------------+---+----+-----+-----------+
    |        Name        | FF| LUT| Bits| Const Bits|
    +--------------------+---+----+-----+-----------+
    |add_ln124_reg_2701  |  8|   0|    8|          0|
    |ap_CS_fsm           |  2|   0|    2|          0|
    |ap_done_reg         |  1|   0|    1|          0|
    |i_3_reg_2693        |  8|   0|    8|          0|
    |i_fu_904            |  8|   0|    8|          0|
    +--------------------+---+----+-----+-----------+
    |Total               | 27|   0|   27|          0|
    +--------------------+---+----+-----+-----------+



================================================================
== Interface
================================================================
* Summary: 
+-------------------------------------+-----+-----+------------+-----------------------------------+--------------+
|              RTL Ports              | Dir | Bits|  Protocol  |           Source Object           |    C Type    |
+-------------------------------------+-----+-----+------------+-----------------------------------+--------------+
|ap_clk                               |   in|    1|  ap_ctrl_hs|  Block_entry_proc_Pipeline_LOAD_W1|  return value|
|ap_rst                               |   in|    1|  ap_ctrl_hs|  Block_entry_proc_Pipeline_LOAD_W1|  return value|
|ap_start                             |   in|    1|  ap_ctrl_hs|  Block_entry_proc_Pipeline_LOAD_W1|  return value|
|ap_done                              |  out|    1|  ap_ctrl_hs|  Block_entry_proc_Pipeline_LOAD_W1|  return value|
|ap_idle                              |  out|    1|  ap_ctrl_hs|  Block_entry_proc_Pipeline_LOAD_W1|  return value|
|ap_ready                             |  out|    1|  ap_ctrl_hs|  Block_entry_proc_Pipeline_LOAD_W1|  return value|
|m_axi_W1mem_0_AWVALID                |  out|    1|       m_axi|                              W1mem|       pointer|
|m_axi_W1mem_0_AWREADY                |   in|    1|       m_axi|                              W1mem|       pointer|
|m_axi_W1mem_0_AWADDR                 |  out|   64|       m_axi|                              W1mem|       pointer|
|m_axi_W1mem_0_AWID                   |  out|    1|       m_axi|                              W1mem|       pointer|
|m_axi_W1mem_0_AWLEN                  |  out|   32|       m_axi|                              W1mem|       pointer|
|m_axi_W1mem_0_AWSIZE                 |  out|    3|       m_axi|                              W1mem|       pointer|
|m_axi_W1mem_0_AWBURST                |  out|    2|       m_axi|                              W1mem|       pointer|
|m_axi_W1mem_0_AWLOCK                 |  out|    2|       m_axi|                              W1mem|       pointer|
|m_axi_W1mem_0_AWCACHE                |  out|    4|       m_axi|                              W1mem|       pointer|
|m_axi_W1mem_0_AWPROT                 |  out|    3|       m_axi|                              W1mem|       pointer|
|m_axi_W1mem_0_AWQOS                  |  out|    4|       m_axi|                              W1mem|       pointer|
|m_axi_W1mem_0_AWREGION               |  out|    4|       m_axi|                              W1mem|       pointer|
|m_axi_W1mem_0_AWUSER                 |  out|    1|       m_axi|                              W1mem|       pointer|
|m_axi_W1mem_0_WVALID                 |  out|    1|       m_axi|                              W1mem|       pointer|
|m_axi_W1mem_0_WREADY                 |   in|    1|       m_axi|                              W1mem|       pointer|
|m_axi_W1mem_0_WDATA                  |  out|   32|       m_axi|                              W1mem|       pointer|
|m_axi_W1mem_0_WSTRB                  |  out|    4|       m_axi|                              W1mem|       pointer|
|m_axi_W1mem_0_WLAST                  |  out|    1|       m_axi|                              W1mem|       pointer|
|m_axi_W1mem_0_WID                    |  out|    1|       m_axi|                              W1mem|       pointer|
|m_axi_W1mem_0_WUSER                  |  out|    1|       m_axi|                              W1mem|       pointer|
|m_axi_W1mem_0_ARVALID                |  out|    1|       m_axi|                              W1mem|       pointer|
|m_axi_W1mem_0_ARREADY                |   in|    1|       m_axi|                              W1mem|       pointer|
|m_axi_W1mem_0_ARADDR                 |  out|   64|       m_axi|                              W1mem|       pointer|
|m_axi_W1mem_0_ARID                   |  out|    1|       m_axi|                              W1mem|       pointer|
|m_axi_W1mem_0_ARLEN                  |  out|   32|       m_axi|                              W1mem|       pointer|
|m_axi_W1mem_0_ARSIZE                 |  out|    3|       m_axi|                              W1mem|       pointer|
|m_axi_W1mem_0_ARBURST                |  out|    2|       m_axi|                              W1mem|       pointer|
|m_axi_W1mem_0_ARLOCK                 |  out|    2|       m_axi|                              W1mem|       pointer|
|m_axi_W1mem_0_ARCACHE                |  out|    4|       m_axi|                              W1mem|       pointer|
|m_axi_W1mem_0_ARPROT                 |  out|    3|       m_axi|                              W1mem|       pointer|
|m_axi_W1mem_0_ARQOS                  |  out|    4|       m_axi|                              W1mem|       pointer|
|m_axi_W1mem_0_ARREGION               |  out|    4|       m_axi|                              W1mem|       pointer|
|m_axi_W1mem_0_ARUSER                 |  out|    1|       m_axi|                              W1mem|       pointer|
|m_axi_W1mem_0_RVALID                 |   in|    1|       m_axi|                              W1mem|       pointer|
|m_axi_W1mem_0_RREADY                 |  out|    1|       m_axi|                              W1mem|       pointer|
|m_axi_W1mem_0_RDATA                  |   in|   32|       m_axi|                              W1mem|       pointer|
|m_axi_W1mem_0_RLAST                  |   in|    1|       m_axi|                              W1mem|       pointer|
|m_axi_W1mem_0_RID                    |   in|    1|       m_axi|                              W1mem|       pointer|
|m_axi_W1mem_0_RFIFONUM               |   in|    9|       m_axi|                              W1mem|       pointer|
|m_axi_W1mem_0_RUSER                  |   in|    1|       m_axi|                              W1mem|       pointer|
|m_axi_W1mem_0_RRESP                  |   in|    2|       m_axi|                              W1mem|       pointer|
|m_axi_W1mem_0_BVALID                 |   in|    1|       m_axi|                              W1mem|       pointer|
|m_axi_W1mem_0_BREADY                 |  out|    1|       m_axi|                              W1mem|       pointer|
|m_axi_W1mem_0_BRESP                  |   in|    2|       m_axi|                              W1mem|       pointer|
|m_axi_W1mem_0_BID                    |   in|    1|       m_axi|                              W1mem|       pointer|
|m_axi_W1mem_0_BUSER                  |   in|    1|       m_axi|                              W1mem|       pointer|
|sext_ln124                           |   in|   62|     ap_none|                         sext_ln124|        scalar|
|p_ZZ9cnn_accelE8w1_local_214         |  out|   32|      ap_vld|       p_ZZ9cnn_accelE8w1_local_214|       pointer|
|p_ZZ9cnn_accelE8w1_local_214_ap_vld  |  out|    1|      ap_vld|       p_ZZ9cnn_accelE8w1_local_214|       pointer|
|p_ZZ9cnn_accelE8w1_local_213         |  out|   32|      ap_vld|       p_ZZ9cnn_accelE8w1_local_213|       pointer|
|p_ZZ9cnn_accelE8w1_local_213_ap_vld  |  out|    1|      ap_vld|       p_ZZ9cnn_accelE8w1_local_213|       pointer|
|p_ZZ9cnn_accelE8w1_local_212         |  out|   32|      ap_vld|       p_ZZ9cnn_accelE8w1_local_212|       pointer|
|p_ZZ9cnn_accelE8w1_local_212_ap_vld  |  out|    1|      ap_vld|       p_ZZ9cnn_accelE8w1_local_212|       pointer|
|p_ZZ9cnn_accelE8w1_local_211         |  out|   32|      ap_vld|       p_ZZ9cnn_accelE8w1_local_211|       pointer|
|p_ZZ9cnn_accelE8w1_local_211_ap_vld  |  out|    1|      ap_vld|       p_ZZ9cnn_accelE8w1_local_211|       pointer|
|p_ZZ9cnn_accelE8w1_local_210         |  out|   32|      ap_vld|       p_ZZ9cnn_accelE8w1_local_210|       pointer|
|p_ZZ9cnn_accelE8w1_local_210_ap_vld  |  out|    1|      ap_vld|       p_ZZ9cnn_accelE8w1_local_210|       pointer|
|p_ZZ9cnn_accelE8w1_local_209         |  out|   32|      ap_vld|       p_ZZ9cnn_accelE8w1_local_209|       pointer|
|p_ZZ9cnn_accelE8w1_local_209_ap_vld  |  out|    1|      ap_vld|       p_ZZ9cnn_accelE8w1_local_209|       pointer|
|p_ZZ9cnn_accelE8w1_local_208         |  out|   32|      ap_vld|       p_ZZ9cnn_accelE8w1_local_208|       pointer|
|p_ZZ9cnn_accelE8w1_local_208_ap_vld  |  out|    1|      ap_vld|       p_ZZ9cnn_accelE8w1_local_208|       pointer|
|p_ZZ9cnn_accelE8w1_local_207         |  out|   32|      ap_vld|       p_ZZ9cnn_accelE8w1_local_207|       pointer|
|p_ZZ9cnn_accelE8w1_local_207_ap_vld  |  out|    1|      ap_vld|       p_ZZ9cnn_accelE8w1_local_207|       pointer|
|p_ZZ9cnn_accelE8w1_local_206         |  out|   32|      ap_vld|       p_ZZ9cnn_accelE8w1_local_206|       pointer|
|p_ZZ9cnn_accelE8w1_local_206_ap_vld  |  out|    1|      ap_vld|       p_ZZ9cnn_accelE8w1_local_206|       pointer|
|p_ZZ9cnn_accelE8w1_local_205         |  out|   32|      ap_vld|       p_ZZ9cnn_accelE8w1_local_205|       pointer|
|p_ZZ9cnn_accelE8w1_local_205_ap_vld  |  out|    1|      ap_vld|       p_ZZ9cnn_accelE8w1_local_205|       pointer|
|p_ZZ9cnn_accelE8w1_local_204         |  out|   32|      ap_vld|       p_ZZ9cnn_accelE8w1_local_204|       pointer|
|p_ZZ9cnn_accelE8w1_local_204_ap_vld  |  out|    1|      ap_vld|       p_ZZ9cnn_accelE8w1_local_204|       pointer|
|p_ZZ9cnn_accelE8w1_local_203         |  out|   32|      ap_vld|       p_ZZ9cnn_accelE8w1_local_203|       pointer|
|p_ZZ9cnn_accelE8w1_local_203_ap_vld  |  out|    1|      ap_vld|       p_ZZ9cnn_accelE8w1_local_203|       pointer|
|p_ZZ9cnn_accelE8w1_local_202         |  out|   32|      ap_vld|       p_ZZ9cnn_accelE8w1_local_202|       pointer|
|p_ZZ9cnn_accelE8w1_local_202_ap_vld  |  out|    1|      ap_vld|       p_ZZ9cnn_accelE8w1_local_202|       pointer|
|p_ZZ9cnn_accelE8w1_local_201         |  out|   32|      ap_vld|       p_ZZ9cnn_accelE8w1_local_201|       pointer|
|p_ZZ9cnn_accelE8w1_local_201_ap_vld  |  out|    1|      ap_vld|       p_ZZ9cnn_accelE8w1_local_201|       pointer|
|p_ZZ9cnn_accelE8w1_local_200         |  out|   32|      ap_vld|       p_ZZ9cnn_accelE8w1_local_200|       pointer|
|p_ZZ9cnn_accelE8w1_local_200_ap_vld  |  out|    1|      ap_vld|       p_ZZ9cnn_accelE8w1_local_200|       pointer|
|p_ZZ9cnn_accelE8w1_local_199         |  out|   32|      ap_vld|       p_ZZ9cnn_accelE8w1_local_199|       pointer|
|p_ZZ9cnn_accelE8w1_local_199_ap_vld  |  out|    1|      ap_vld|       p_ZZ9cnn_accelE8w1_local_199|       pointer|
|p_ZZ9cnn_accelE8w1_local_198         |  out|   32|      ap_vld|       p_ZZ9cnn_accelE8w1_local_198|       pointer|
|p_ZZ9cnn_accelE8w1_local_198_ap_vld  |  out|    1|      ap_vld|       p_ZZ9cnn_accelE8w1_local_198|       pointer|
|p_ZZ9cnn_accelE8w1_local_197         |  out|   32|      ap_vld|       p_ZZ9cnn_accelE8w1_local_197|       pointer|
|p_ZZ9cnn_accelE8w1_local_197_ap_vld  |  out|    1|      ap_vld|       p_ZZ9cnn_accelE8w1_local_197|       pointer|
|p_ZZ9cnn_accelE8w1_local_196         |  out|   32|      ap_vld|       p_ZZ9cnn_accelE8w1_local_196|       pointer|
|p_ZZ9cnn_accelE8w1_local_196_ap_vld  |  out|    1|      ap_vld|       p_ZZ9cnn_accelE8w1_local_196|       pointer|
|p_ZZ9cnn_accelE8w1_local_195         |  out|   32|      ap_vld|       p_ZZ9cnn_accelE8w1_local_195|       pointer|
|p_ZZ9cnn_accelE8w1_local_195_ap_vld  |  out|    1|      ap_vld|       p_ZZ9cnn_accelE8w1_local_195|       pointer|
|p_ZZ9cnn_accelE8w1_local_194         |  out|   32|      ap_vld|       p_ZZ9cnn_accelE8w1_local_194|       pointer|
|p_ZZ9cnn_accelE8w1_local_194_ap_vld  |  out|    1|      ap_vld|       p_ZZ9cnn_accelE8w1_local_194|       pointer|
|p_ZZ9cnn_accelE8w1_local_193         |  out|   32|      ap_vld|       p_ZZ9cnn_accelE8w1_local_193|       pointer|
|p_ZZ9cnn_accelE8w1_local_193_ap_vld  |  out|    1|      ap_vld|       p_ZZ9cnn_accelE8w1_local_193|       pointer|
|p_ZZ9cnn_accelE8w1_local_192         |  out|   32|      ap_vld|       p_ZZ9cnn_accelE8w1_local_192|       pointer|
|p_ZZ9cnn_accelE8w1_local_192_ap_vld  |  out|    1|      ap_vld|       p_ZZ9cnn_accelE8w1_local_192|       pointer|
|p_ZZ9cnn_accelE8w1_local_191         |  out|   32|      ap_vld|       p_ZZ9cnn_accelE8w1_local_191|       pointer|
|p_ZZ9cnn_accelE8w1_local_191_ap_vld  |  out|    1|      ap_vld|       p_ZZ9cnn_accelE8w1_local_191|       pointer|
|p_ZZ9cnn_accelE8w1_local_190         |  out|   32|      ap_vld|       p_ZZ9cnn_accelE8w1_local_190|       pointer|
|p_ZZ9cnn_accelE8w1_local_190_ap_vld  |  out|    1|      ap_vld|       p_ZZ9cnn_accelE8w1_local_190|       pointer|
|p_ZZ9cnn_accelE8w1_local_189         |  out|   32|      ap_vld|       p_ZZ9cnn_accelE8w1_local_189|       pointer|
|p_ZZ9cnn_accelE8w1_local_189_ap_vld  |  out|    1|      ap_vld|       p_ZZ9cnn_accelE8w1_local_189|       pointer|
|p_ZZ9cnn_accelE8w1_local_188         |  out|   32|      ap_vld|       p_ZZ9cnn_accelE8w1_local_188|       pointer|
|p_ZZ9cnn_accelE8w1_local_188_ap_vld  |  out|    1|      ap_vld|       p_ZZ9cnn_accelE8w1_local_188|       pointer|
|p_ZZ9cnn_accelE8w1_local_187         |  out|   32|      ap_vld|       p_ZZ9cnn_accelE8w1_local_187|       pointer|
|p_ZZ9cnn_accelE8w1_local_187_ap_vld  |  out|    1|      ap_vld|       p_ZZ9cnn_accelE8w1_local_187|       pointer|
|p_ZZ9cnn_accelE8w1_local_186         |  out|   32|      ap_vld|       p_ZZ9cnn_accelE8w1_local_186|       pointer|
|p_ZZ9cnn_accelE8w1_local_186_ap_vld  |  out|    1|      ap_vld|       p_ZZ9cnn_accelE8w1_local_186|       pointer|
|p_ZZ9cnn_accelE8w1_local_185         |  out|   32|      ap_vld|       p_ZZ9cnn_accelE8w1_local_185|       pointer|
|p_ZZ9cnn_accelE8w1_local_185_ap_vld  |  out|    1|      ap_vld|       p_ZZ9cnn_accelE8w1_local_185|       pointer|
|p_ZZ9cnn_accelE8w1_local_184         |  out|   32|      ap_vld|       p_ZZ9cnn_accelE8w1_local_184|       pointer|
|p_ZZ9cnn_accelE8w1_local_184_ap_vld  |  out|    1|      ap_vld|       p_ZZ9cnn_accelE8w1_local_184|       pointer|
|p_ZZ9cnn_accelE8w1_local_183         |  out|   32|      ap_vld|       p_ZZ9cnn_accelE8w1_local_183|       pointer|
|p_ZZ9cnn_accelE8w1_local_183_ap_vld  |  out|    1|      ap_vld|       p_ZZ9cnn_accelE8w1_local_183|       pointer|
|p_ZZ9cnn_accelE8w1_local_182         |  out|   32|      ap_vld|       p_ZZ9cnn_accelE8w1_local_182|       pointer|
|p_ZZ9cnn_accelE8w1_local_182_ap_vld  |  out|    1|      ap_vld|       p_ZZ9cnn_accelE8w1_local_182|       pointer|
|p_ZZ9cnn_accelE8w1_local_181         |  out|   32|      ap_vld|       p_ZZ9cnn_accelE8w1_local_181|       pointer|
|p_ZZ9cnn_accelE8w1_local_181_ap_vld  |  out|    1|      ap_vld|       p_ZZ9cnn_accelE8w1_local_181|       pointer|
|p_ZZ9cnn_accelE8w1_local_180         |  out|   32|      ap_vld|       p_ZZ9cnn_accelE8w1_local_180|       pointer|
|p_ZZ9cnn_accelE8w1_local_180_ap_vld  |  out|    1|      ap_vld|       p_ZZ9cnn_accelE8w1_local_180|       pointer|
|p_ZZ9cnn_accelE8w1_local_179         |  out|   32|      ap_vld|       p_ZZ9cnn_accelE8w1_local_179|       pointer|
|p_ZZ9cnn_accelE8w1_local_179_ap_vld  |  out|    1|      ap_vld|       p_ZZ9cnn_accelE8w1_local_179|       pointer|
|p_ZZ9cnn_accelE8w1_local_178         |  out|   32|      ap_vld|       p_ZZ9cnn_accelE8w1_local_178|       pointer|
|p_ZZ9cnn_accelE8w1_local_178_ap_vld  |  out|    1|      ap_vld|       p_ZZ9cnn_accelE8w1_local_178|       pointer|
|p_ZZ9cnn_accelE8w1_local_177         |  out|   32|      ap_vld|       p_ZZ9cnn_accelE8w1_local_177|       pointer|
|p_ZZ9cnn_accelE8w1_local_177_ap_vld  |  out|    1|      ap_vld|       p_ZZ9cnn_accelE8w1_local_177|       pointer|
|p_ZZ9cnn_accelE8w1_local_176         |  out|   32|      ap_vld|       p_ZZ9cnn_accelE8w1_local_176|       pointer|
|p_ZZ9cnn_accelE8w1_local_176_ap_vld  |  out|    1|      ap_vld|       p_ZZ9cnn_accelE8w1_local_176|       pointer|
|p_ZZ9cnn_accelE8w1_local_175         |  out|   32|      ap_vld|       p_ZZ9cnn_accelE8w1_local_175|       pointer|
|p_ZZ9cnn_accelE8w1_local_175_ap_vld  |  out|    1|      ap_vld|       p_ZZ9cnn_accelE8w1_local_175|       pointer|
|p_ZZ9cnn_accelE8w1_local_174         |  out|   32|      ap_vld|       p_ZZ9cnn_accelE8w1_local_174|       pointer|
|p_ZZ9cnn_accelE8w1_local_174_ap_vld  |  out|    1|      ap_vld|       p_ZZ9cnn_accelE8w1_local_174|       pointer|
|p_ZZ9cnn_accelE8w1_local_173         |  out|   32|      ap_vld|       p_ZZ9cnn_accelE8w1_local_173|       pointer|
|p_ZZ9cnn_accelE8w1_local_173_ap_vld  |  out|    1|      ap_vld|       p_ZZ9cnn_accelE8w1_local_173|       pointer|
|p_ZZ9cnn_accelE8w1_local_172         |  out|   32|      ap_vld|       p_ZZ9cnn_accelE8w1_local_172|       pointer|
|p_ZZ9cnn_accelE8w1_local_172_ap_vld  |  out|    1|      ap_vld|       p_ZZ9cnn_accelE8w1_local_172|       pointer|
|p_ZZ9cnn_accelE8w1_local_171         |  out|   32|      ap_vld|       p_ZZ9cnn_accelE8w1_local_171|       pointer|
|p_ZZ9cnn_accelE8w1_local_171_ap_vld  |  out|    1|      ap_vld|       p_ZZ9cnn_accelE8w1_local_171|       pointer|
|p_ZZ9cnn_accelE8w1_local_170         |  out|   32|      ap_vld|       p_ZZ9cnn_accelE8w1_local_170|       pointer|
|p_ZZ9cnn_accelE8w1_local_170_ap_vld  |  out|    1|      ap_vld|       p_ZZ9cnn_accelE8w1_local_170|       pointer|
|p_ZZ9cnn_accelE8w1_local_169         |  out|   32|      ap_vld|       p_ZZ9cnn_accelE8w1_local_169|       pointer|
|p_ZZ9cnn_accelE8w1_local_169_ap_vld  |  out|    1|      ap_vld|       p_ZZ9cnn_accelE8w1_local_169|       pointer|
|p_ZZ9cnn_accelE8w1_local_168         |  out|   32|      ap_vld|       p_ZZ9cnn_accelE8w1_local_168|       pointer|
|p_ZZ9cnn_accelE8w1_local_168_ap_vld  |  out|    1|      ap_vld|       p_ZZ9cnn_accelE8w1_local_168|       pointer|
|p_ZZ9cnn_accelE8w1_local_167         |  out|   32|      ap_vld|       p_ZZ9cnn_accelE8w1_local_167|       pointer|
|p_ZZ9cnn_accelE8w1_local_167_ap_vld  |  out|    1|      ap_vld|       p_ZZ9cnn_accelE8w1_local_167|       pointer|
|p_ZZ9cnn_accelE8w1_local_166         |  out|   32|      ap_vld|       p_ZZ9cnn_accelE8w1_local_166|       pointer|
|p_ZZ9cnn_accelE8w1_local_166_ap_vld  |  out|    1|      ap_vld|       p_ZZ9cnn_accelE8w1_local_166|       pointer|
|p_ZZ9cnn_accelE8w1_local_165         |  out|   32|      ap_vld|       p_ZZ9cnn_accelE8w1_local_165|       pointer|
|p_ZZ9cnn_accelE8w1_local_165_ap_vld  |  out|    1|      ap_vld|       p_ZZ9cnn_accelE8w1_local_165|       pointer|
|p_ZZ9cnn_accelE8w1_local_164         |  out|   32|      ap_vld|       p_ZZ9cnn_accelE8w1_local_164|       pointer|
|p_ZZ9cnn_accelE8w1_local_164_ap_vld  |  out|    1|      ap_vld|       p_ZZ9cnn_accelE8w1_local_164|       pointer|
|p_ZZ9cnn_accelE8w1_local_163         |  out|   32|      ap_vld|       p_ZZ9cnn_accelE8w1_local_163|       pointer|
|p_ZZ9cnn_accelE8w1_local_163_ap_vld  |  out|    1|      ap_vld|       p_ZZ9cnn_accelE8w1_local_163|       pointer|
|p_ZZ9cnn_accelE8w1_local_162         |  out|   32|      ap_vld|       p_ZZ9cnn_accelE8w1_local_162|       pointer|
|p_ZZ9cnn_accelE8w1_local_162_ap_vld  |  out|    1|      ap_vld|       p_ZZ9cnn_accelE8w1_local_162|       pointer|
|p_ZZ9cnn_accelE8w1_local_161         |  out|   32|      ap_vld|       p_ZZ9cnn_accelE8w1_local_161|       pointer|
|p_ZZ9cnn_accelE8w1_local_161_ap_vld  |  out|    1|      ap_vld|       p_ZZ9cnn_accelE8w1_local_161|       pointer|
|p_ZZ9cnn_accelE8w1_local_160         |  out|   32|      ap_vld|       p_ZZ9cnn_accelE8w1_local_160|       pointer|
|p_ZZ9cnn_accelE8w1_local_160_ap_vld  |  out|    1|      ap_vld|       p_ZZ9cnn_accelE8w1_local_160|       pointer|
|p_ZZ9cnn_accelE8w1_local_159         |  out|   32|      ap_vld|       p_ZZ9cnn_accelE8w1_local_159|       pointer|
|p_ZZ9cnn_accelE8w1_local_159_ap_vld  |  out|    1|      ap_vld|       p_ZZ9cnn_accelE8w1_local_159|       pointer|
|p_ZZ9cnn_accelE8w1_local_158         |  out|   32|      ap_vld|       p_ZZ9cnn_accelE8w1_local_158|       pointer|
|p_ZZ9cnn_accelE8w1_local_158_ap_vld  |  out|    1|      ap_vld|       p_ZZ9cnn_accelE8w1_local_158|       pointer|
|p_ZZ9cnn_accelE8w1_local_157         |  out|   32|      ap_vld|       p_ZZ9cnn_accelE8w1_local_157|       pointer|
|p_ZZ9cnn_accelE8w1_local_157_ap_vld  |  out|    1|      ap_vld|       p_ZZ9cnn_accelE8w1_local_157|       pointer|
|p_ZZ9cnn_accelE8w1_local_156         |  out|   32|      ap_vld|       p_ZZ9cnn_accelE8w1_local_156|       pointer|
|p_ZZ9cnn_accelE8w1_local_156_ap_vld  |  out|    1|      ap_vld|       p_ZZ9cnn_accelE8w1_local_156|       pointer|
|p_ZZ9cnn_accelE8w1_local_155         |  out|   32|      ap_vld|       p_ZZ9cnn_accelE8w1_local_155|       pointer|
|p_ZZ9cnn_accelE8w1_local_155_ap_vld  |  out|    1|      ap_vld|       p_ZZ9cnn_accelE8w1_local_155|       pointer|
|p_ZZ9cnn_accelE8w1_local_154         |  out|   32|      ap_vld|       p_ZZ9cnn_accelE8w1_local_154|       pointer|
|p_ZZ9cnn_accelE8w1_local_154_ap_vld  |  out|    1|      ap_vld|       p_ZZ9cnn_accelE8w1_local_154|       pointer|
|p_ZZ9cnn_accelE8w1_local_153         |  out|   32|      ap_vld|       p_ZZ9cnn_accelE8w1_local_153|       pointer|
|p_ZZ9cnn_accelE8w1_local_153_ap_vld  |  out|    1|      ap_vld|       p_ZZ9cnn_accelE8w1_local_153|       pointer|
|p_ZZ9cnn_accelE8w1_local_152         |  out|   32|      ap_vld|       p_ZZ9cnn_accelE8w1_local_152|       pointer|
|p_ZZ9cnn_accelE8w1_local_152_ap_vld  |  out|    1|      ap_vld|       p_ZZ9cnn_accelE8w1_local_152|       pointer|
|p_ZZ9cnn_accelE8w1_local_151         |  out|   32|      ap_vld|       p_ZZ9cnn_accelE8w1_local_151|       pointer|
|p_ZZ9cnn_accelE8w1_local_151_ap_vld  |  out|    1|      ap_vld|       p_ZZ9cnn_accelE8w1_local_151|       pointer|
|p_ZZ9cnn_accelE8w1_local_150         |  out|   32|      ap_vld|       p_ZZ9cnn_accelE8w1_local_150|       pointer|
|p_ZZ9cnn_accelE8w1_local_150_ap_vld  |  out|    1|      ap_vld|       p_ZZ9cnn_accelE8w1_local_150|       pointer|
|p_ZZ9cnn_accelE8w1_local_149         |  out|   32|      ap_vld|       p_ZZ9cnn_accelE8w1_local_149|       pointer|
|p_ZZ9cnn_accelE8w1_local_149_ap_vld  |  out|    1|      ap_vld|       p_ZZ9cnn_accelE8w1_local_149|       pointer|
|p_ZZ9cnn_accelE8w1_local_148         |  out|   32|      ap_vld|       p_ZZ9cnn_accelE8w1_local_148|       pointer|
|p_ZZ9cnn_accelE8w1_local_148_ap_vld  |  out|    1|      ap_vld|       p_ZZ9cnn_accelE8w1_local_148|       pointer|
|p_ZZ9cnn_accelE8w1_local_147         |  out|   32|      ap_vld|       p_ZZ9cnn_accelE8w1_local_147|       pointer|
|p_ZZ9cnn_accelE8w1_local_147_ap_vld  |  out|    1|      ap_vld|       p_ZZ9cnn_accelE8w1_local_147|       pointer|
|p_ZZ9cnn_accelE8w1_local_146         |  out|   32|      ap_vld|       p_ZZ9cnn_accelE8w1_local_146|       pointer|
|p_ZZ9cnn_accelE8w1_local_146_ap_vld  |  out|    1|      ap_vld|       p_ZZ9cnn_accelE8w1_local_146|       pointer|
|p_ZZ9cnn_accelE8w1_local_145         |  out|   32|      ap_vld|       p_ZZ9cnn_accelE8w1_local_145|       pointer|
|p_ZZ9cnn_accelE8w1_local_145_ap_vld  |  out|    1|      ap_vld|       p_ZZ9cnn_accelE8w1_local_145|       pointer|
|p_ZZ9cnn_accelE8w1_local_144         |  out|   32|      ap_vld|       p_ZZ9cnn_accelE8w1_local_144|       pointer|
|p_ZZ9cnn_accelE8w1_local_144_ap_vld  |  out|    1|      ap_vld|       p_ZZ9cnn_accelE8w1_local_144|       pointer|
|p_ZZ9cnn_accelE8w1_local_143         |  out|   32|      ap_vld|       p_ZZ9cnn_accelE8w1_local_143|       pointer|
|p_ZZ9cnn_accelE8w1_local_143_ap_vld  |  out|    1|      ap_vld|       p_ZZ9cnn_accelE8w1_local_143|       pointer|
|p_ZZ9cnn_accelE8w1_local_142         |  out|   32|      ap_vld|       p_ZZ9cnn_accelE8w1_local_142|       pointer|
|p_ZZ9cnn_accelE8w1_local_142_ap_vld  |  out|    1|      ap_vld|       p_ZZ9cnn_accelE8w1_local_142|       pointer|
|p_ZZ9cnn_accelE8w1_local_141         |  out|   32|      ap_vld|       p_ZZ9cnn_accelE8w1_local_141|       pointer|
|p_ZZ9cnn_accelE8w1_local_141_ap_vld  |  out|    1|      ap_vld|       p_ZZ9cnn_accelE8w1_local_141|       pointer|
|p_ZZ9cnn_accelE8w1_local_140         |  out|   32|      ap_vld|       p_ZZ9cnn_accelE8w1_local_140|       pointer|
|p_ZZ9cnn_accelE8w1_local_140_ap_vld  |  out|    1|      ap_vld|       p_ZZ9cnn_accelE8w1_local_140|       pointer|
|p_ZZ9cnn_accelE8w1_local_139         |  out|   32|      ap_vld|       p_ZZ9cnn_accelE8w1_local_139|       pointer|
|p_ZZ9cnn_accelE8w1_local_139_ap_vld  |  out|    1|      ap_vld|       p_ZZ9cnn_accelE8w1_local_139|       pointer|
|p_ZZ9cnn_accelE8w1_local_138         |  out|   32|      ap_vld|       p_ZZ9cnn_accelE8w1_local_138|       pointer|
|p_ZZ9cnn_accelE8w1_local_138_ap_vld  |  out|    1|      ap_vld|       p_ZZ9cnn_accelE8w1_local_138|       pointer|
|p_ZZ9cnn_accelE8w1_local_137         |  out|   32|      ap_vld|       p_ZZ9cnn_accelE8w1_local_137|       pointer|
|p_ZZ9cnn_accelE8w1_local_137_ap_vld  |  out|    1|      ap_vld|       p_ZZ9cnn_accelE8w1_local_137|       pointer|
|p_ZZ9cnn_accelE8w1_local_136         |  out|   32|      ap_vld|       p_ZZ9cnn_accelE8w1_local_136|       pointer|
|p_ZZ9cnn_accelE8w1_local_136_ap_vld  |  out|    1|      ap_vld|       p_ZZ9cnn_accelE8w1_local_136|       pointer|
|p_ZZ9cnn_accelE8w1_local_135         |  out|   32|      ap_vld|       p_ZZ9cnn_accelE8w1_local_135|       pointer|
|p_ZZ9cnn_accelE8w1_local_135_ap_vld  |  out|    1|      ap_vld|       p_ZZ9cnn_accelE8w1_local_135|       pointer|
|p_ZZ9cnn_accelE8w1_local_134         |  out|   32|      ap_vld|       p_ZZ9cnn_accelE8w1_local_134|       pointer|
|p_ZZ9cnn_accelE8w1_local_134_ap_vld  |  out|    1|      ap_vld|       p_ZZ9cnn_accelE8w1_local_134|       pointer|
|p_ZZ9cnn_accelE8w1_local_133         |  out|   32|      ap_vld|       p_ZZ9cnn_accelE8w1_local_133|       pointer|
|p_ZZ9cnn_accelE8w1_local_133_ap_vld  |  out|    1|      ap_vld|       p_ZZ9cnn_accelE8w1_local_133|       pointer|
|p_ZZ9cnn_accelE8w1_local_132         |  out|   32|      ap_vld|       p_ZZ9cnn_accelE8w1_local_132|       pointer|
|p_ZZ9cnn_accelE8w1_local_132_ap_vld  |  out|    1|      ap_vld|       p_ZZ9cnn_accelE8w1_local_132|       pointer|
|p_ZZ9cnn_accelE8w1_local_131         |  out|   32|      ap_vld|       p_ZZ9cnn_accelE8w1_local_131|       pointer|
|p_ZZ9cnn_accelE8w1_local_131_ap_vld  |  out|    1|      ap_vld|       p_ZZ9cnn_accelE8w1_local_131|       pointer|
|p_ZZ9cnn_accelE8w1_local_130         |  out|   32|      ap_vld|       p_ZZ9cnn_accelE8w1_local_130|       pointer|
|p_ZZ9cnn_accelE8w1_local_130_ap_vld  |  out|    1|      ap_vld|       p_ZZ9cnn_accelE8w1_local_130|       pointer|
|p_ZZ9cnn_accelE8w1_local_129         |  out|   32|      ap_vld|       p_ZZ9cnn_accelE8w1_local_129|       pointer|
|p_ZZ9cnn_accelE8w1_local_129_ap_vld  |  out|    1|      ap_vld|       p_ZZ9cnn_accelE8w1_local_129|       pointer|
|p_ZZ9cnn_accelE8w1_local_128         |  out|   32|      ap_vld|       p_ZZ9cnn_accelE8w1_local_128|       pointer|
|p_ZZ9cnn_accelE8w1_local_128_ap_vld  |  out|    1|      ap_vld|       p_ZZ9cnn_accelE8w1_local_128|       pointer|
|p_ZZ9cnn_accelE8w1_local_127         |  out|   32|      ap_vld|       p_ZZ9cnn_accelE8w1_local_127|       pointer|
|p_ZZ9cnn_accelE8w1_local_127_ap_vld  |  out|    1|      ap_vld|       p_ZZ9cnn_accelE8w1_local_127|       pointer|
|p_ZZ9cnn_accelE8w1_local_126         |  out|   32|      ap_vld|       p_ZZ9cnn_accelE8w1_local_126|       pointer|
|p_ZZ9cnn_accelE8w1_local_126_ap_vld  |  out|    1|      ap_vld|       p_ZZ9cnn_accelE8w1_local_126|       pointer|
|p_ZZ9cnn_accelE8w1_local_125         |  out|   32|      ap_vld|       p_ZZ9cnn_accelE8w1_local_125|       pointer|
|p_ZZ9cnn_accelE8w1_local_125_ap_vld  |  out|    1|      ap_vld|       p_ZZ9cnn_accelE8w1_local_125|       pointer|
|p_ZZ9cnn_accelE8w1_local_124         |  out|   32|      ap_vld|       p_ZZ9cnn_accelE8w1_local_124|       pointer|
|p_ZZ9cnn_accelE8w1_local_124_ap_vld  |  out|    1|      ap_vld|       p_ZZ9cnn_accelE8w1_local_124|       pointer|
|p_ZZ9cnn_accelE8w1_local_123         |  out|   32|      ap_vld|       p_ZZ9cnn_accelE8w1_local_123|       pointer|
|p_ZZ9cnn_accelE8w1_local_123_ap_vld  |  out|    1|      ap_vld|       p_ZZ9cnn_accelE8w1_local_123|       pointer|
|p_ZZ9cnn_accelE8w1_local_122         |  out|   32|      ap_vld|       p_ZZ9cnn_accelE8w1_local_122|       pointer|
|p_ZZ9cnn_accelE8w1_local_122_ap_vld  |  out|    1|      ap_vld|       p_ZZ9cnn_accelE8w1_local_122|       pointer|
|p_ZZ9cnn_accelE8w1_local_121         |  out|   32|      ap_vld|       p_ZZ9cnn_accelE8w1_local_121|       pointer|
|p_ZZ9cnn_accelE8w1_local_121_ap_vld  |  out|    1|      ap_vld|       p_ZZ9cnn_accelE8w1_local_121|       pointer|
|p_ZZ9cnn_accelE8w1_local_120         |  out|   32|      ap_vld|       p_ZZ9cnn_accelE8w1_local_120|       pointer|
|p_ZZ9cnn_accelE8w1_local_120_ap_vld  |  out|    1|      ap_vld|       p_ZZ9cnn_accelE8w1_local_120|       pointer|
|p_ZZ9cnn_accelE8w1_local_119         |  out|   32|      ap_vld|       p_ZZ9cnn_accelE8w1_local_119|       pointer|
|p_ZZ9cnn_accelE8w1_local_119_ap_vld  |  out|    1|      ap_vld|       p_ZZ9cnn_accelE8w1_local_119|       pointer|
|p_ZZ9cnn_accelE8w1_local_118         |  out|   32|      ap_vld|       p_ZZ9cnn_accelE8w1_local_118|       pointer|
|p_ZZ9cnn_accelE8w1_local_118_ap_vld  |  out|    1|      ap_vld|       p_ZZ9cnn_accelE8w1_local_118|       pointer|
|p_ZZ9cnn_accelE8w1_local_117         |  out|   32|      ap_vld|       p_ZZ9cnn_accelE8w1_local_117|       pointer|
|p_ZZ9cnn_accelE8w1_local_117_ap_vld  |  out|    1|      ap_vld|       p_ZZ9cnn_accelE8w1_local_117|       pointer|
|p_ZZ9cnn_accelE8w1_local_116         |  out|   32|      ap_vld|       p_ZZ9cnn_accelE8w1_local_116|       pointer|
|p_ZZ9cnn_accelE8w1_local_116_ap_vld  |  out|    1|      ap_vld|       p_ZZ9cnn_accelE8w1_local_116|       pointer|
|p_ZZ9cnn_accelE8w1_local_115         |  out|   32|      ap_vld|       p_ZZ9cnn_accelE8w1_local_115|       pointer|
|p_ZZ9cnn_accelE8w1_local_115_ap_vld  |  out|    1|      ap_vld|       p_ZZ9cnn_accelE8w1_local_115|       pointer|
|p_ZZ9cnn_accelE8w1_local_114         |  out|   32|      ap_vld|       p_ZZ9cnn_accelE8w1_local_114|       pointer|
|p_ZZ9cnn_accelE8w1_local_114_ap_vld  |  out|    1|      ap_vld|       p_ZZ9cnn_accelE8w1_local_114|       pointer|
|p_ZZ9cnn_accelE8w1_local_113         |  out|   32|      ap_vld|       p_ZZ9cnn_accelE8w1_local_113|       pointer|
|p_ZZ9cnn_accelE8w1_local_113_ap_vld  |  out|    1|      ap_vld|       p_ZZ9cnn_accelE8w1_local_113|       pointer|
|p_ZZ9cnn_accelE8w1_local_112         |  out|   32|      ap_vld|       p_ZZ9cnn_accelE8w1_local_112|       pointer|
|p_ZZ9cnn_accelE8w1_local_112_ap_vld  |  out|    1|      ap_vld|       p_ZZ9cnn_accelE8w1_local_112|       pointer|
|p_ZZ9cnn_accelE8w1_local_111         |  out|   32|      ap_vld|       p_ZZ9cnn_accelE8w1_local_111|       pointer|
|p_ZZ9cnn_accelE8w1_local_111_ap_vld  |  out|    1|      ap_vld|       p_ZZ9cnn_accelE8w1_local_111|       pointer|
|p_ZZ9cnn_accelE8w1_local_110         |  out|   32|      ap_vld|       p_ZZ9cnn_accelE8w1_local_110|       pointer|
|p_ZZ9cnn_accelE8w1_local_110_ap_vld  |  out|    1|      ap_vld|       p_ZZ9cnn_accelE8w1_local_110|       pointer|
|p_ZZ9cnn_accelE8w1_local_109         |  out|   32|      ap_vld|       p_ZZ9cnn_accelE8w1_local_109|       pointer|
|p_ZZ9cnn_accelE8w1_local_109_ap_vld  |  out|    1|      ap_vld|       p_ZZ9cnn_accelE8w1_local_109|       pointer|
|p_ZZ9cnn_accelE8w1_local_108         |  out|   32|      ap_vld|       p_ZZ9cnn_accelE8w1_local_108|       pointer|
|p_ZZ9cnn_accelE8w1_local_108_ap_vld  |  out|    1|      ap_vld|       p_ZZ9cnn_accelE8w1_local_108|       pointer|
|p_ZZ9cnn_accelE8w1_local_107         |  out|   32|      ap_vld|       p_ZZ9cnn_accelE8w1_local_107|       pointer|
|p_ZZ9cnn_accelE8w1_local_107_ap_vld  |  out|    1|      ap_vld|       p_ZZ9cnn_accelE8w1_local_107|       pointer|
|p_ZZ9cnn_accelE8w1_local_106         |  out|   32|      ap_vld|       p_ZZ9cnn_accelE8w1_local_106|       pointer|
|p_ZZ9cnn_accelE8w1_local_106_ap_vld  |  out|    1|      ap_vld|       p_ZZ9cnn_accelE8w1_local_106|       pointer|
|p_ZZ9cnn_accelE8w1_local_105         |  out|   32|      ap_vld|       p_ZZ9cnn_accelE8w1_local_105|       pointer|
|p_ZZ9cnn_accelE8w1_local_105_ap_vld  |  out|    1|      ap_vld|       p_ZZ9cnn_accelE8w1_local_105|       pointer|
|p_ZZ9cnn_accelE8w1_local_104         |  out|   32|      ap_vld|       p_ZZ9cnn_accelE8w1_local_104|       pointer|
|p_ZZ9cnn_accelE8w1_local_104_ap_vld  |  out|    1|      ap_vld|       p_ZZ9cnn_accelE8w1_local_104|       pointer|
|p_ZZ9cnn_accelE8w1_local_103         |  out|   32|      ap_vld|       p_ZZ9cnn_accelE8w1_local_103|       pointer|
|p_ZZ9cnn_accelE8w1_local_103_ap_vld  |  out|    1|      ap_vld|       p_ZZ9cnn_accelE8w1_local_103|       pointer|
|p_ZZ9cnn_accelE8w1_local_102         |  out|   32|      ap_vld|       p_ZZ9cnn_accelE8w1_local_102|       pointer|
|p_ZZ9cnn_accelE8w1_local_102_ap_vld  |  out|    1|      ap_vld|       p_ZZ9cnn_accelE8w1_local_102|       pointer|
|p_ZZ9cnn_accelE8w1_local_101         |  out|   32|      ap_vld|       p_ZZ9cnn_accelE8w1_local_101|       pointer|
|p_ZZ9cnn_accelE8w1_local_101_ap_vld  |  out|    1|      ap_vld|       p_ZZ9cnn_accelE8w1_local_101|       pointer|
|p_ZZ9cnn_accelE8w1_local_100         |  out|   32|      ap_vld|       p_ZZ9cnn_accelE8w1_local_100|       pointer|
|p_ZZ9cnn_accelE8w1_local_100_ap_vld  |  out|    1|      ap_vld|       p_ZZ9cnn_accelE8w1_local_100|       pointer|
|p_ZZ9cnn_accelE8w1_local_99          |  out|   32|      ap_vld|        p_ZZ9cnn_accelE8w1_local_99|       pointer|
|p_ZZ9cnn_accelE8w1_local_99_ap_vld   |  out|    1|      ap_vld|        p_ZZ9cnn_accelE8w1_local_99|       pointer|
|p_ZZ9cnn_accelE8w1_local_98          |  out|   32|      ap_vld|        p_ZZ9cnn_accelE8w1_local_98|       pointer|
|p_ZZ9cnn_accelE8w1_local_98_ap_vld   |  out|    1|      ap_vld|        p_ZZ9cnn_accelE8w1_local_98|       pointer|
|p_ZZ9cnn_accelE8w1_local_97          |  out|   32|      ap_vld|        p_ZZ9cnn_accelE8w1_local_97|       pointer|
|p_ZZ9cnn_accelE8w1_local_97_ap_vld   |  out|    1|      ap_vld|        p_ZZ9cnn_accelE8w1_local_97|       pointer|
|p_ZZ9cnn_accelE8w1_local_96          |  out|   32|      ap_vld|        p_ZZ9cnn_accelE8w1_local_96|       pointer|
|p_ZZ9cnn_accelE8w1_local_96_ap_vld   |  out|    1|      ap_vld|        p_ZZ9cnn_accelE8w1_local_96|       pointer|
|p_ZZ9cnn_accelE8w1_local_95          |  out|   32|      ap_vld|        p_ZZ9cnn_accelE8w1_local_95|       pointer|
|p_ZZ9cnn_accelE8w1_local_95_ap_vld   |  out|    1|      ap_vld|        p_ZZ9cnn_accelE8w1_local_95|       pointer|
|p_ZZ9cnn_accelE8w1_local_94          |  out|   32|      ap_vld|        p_ZZ9cnn_accelE8w1_local_94|       pointer|
|p_ZZ9cnn_accelE8w1_local_94_ap_vld   |  out|    1|      ap_vld|        p_ZZ9cnn_accelE8w1_local_94|       pointer|
|p_ZZ9cnn_accelE8w1_local_93          |  out|   32|      ap_vld|        p_ZZ9cnn_accelE8w1_local_93|       pointer|
|p_ZZ9cnn_accelE8w1_local_93_ap_vld   |  out|    1|      ap_vld|        p_ZZ9cnn_accelE8w1_local_93|       pointer|
|p_ZZ9cnn_accelE8w1_local_92          |  out|   32|      ap_vld|        p_ZZ9cnn_accelE8w1_local_92|       pointer|
|p_ZZ9cnn_accelE8w1_local_92_ap_vld   |  out|    1|      ap_vld|        p_ZZ9cnn_accelE8w1_local_92|       pointer|
|p_ZZ9cnn_accelE8w1_local_91          |  out|   32|      ap_vld|        p_ZZ9cnn_accelE8w1_local_91|       pointer|
|p_ZZ9cnn_accelE8w1_local_91_ap_vld   |  out|    1|      ap_vld|        p_ZZ9cnn_accelE8w1_local_91|       pointer|
|p_ZZ9cnn_accelE8w1_local_90          |  out|   32|      ap_vld|        p_ZZ9cnn_accelE8w1_local_90|       pointer|
|p_ZZ9cnn_accelE8w1_local_90_ap_vld   |  out|    1|      ap_vld|        p_ZZ9cnn_accelE8w1_local_90|       pointer|
|p_ZZ9cnn_accelE8w1_local_89          |  out|   32|      ap_vld|        p_ZZ9cnn_accelE8w1_local_89|       pointer|
|p_ZZ9cnn_accelE8w1_local_89_ap_vld   |  out|    1|      ap_vld|        p_ZZ9cnn_accelE8w1_local_89|       pointer|
|p_ZZ9cnn_accelE8w1_local_88          |  out|   32|      ap_vld|        p_ZZ9cnn_accelE8w1_local_88|       pointer|
|p_ZZ9cnn_accelE8w1_local_88_ap_vld   |  out|    1|      ap_vld|        p_ZZ9cnn_accelE8w1_local_88|       pointer|
|p_ZZ9cnn_accelE8w1_local_87          |  out|   32|      ap_vld|        p_ZZ9cnn_accelE8w1_local_87|       pointer|
|p_ZZ9cnn_accelE8w1_local_87_ap_vld   |  out|    1|      ap_vld|        p_ZZ9cnn_accelE8w1_local_87|       pointer|
|p_ZZ9cnn_accelE8w1_local_86          |  out|   32|      ap_vld|        p_ZZ9cnn_accelE8w1_local_86|       pointer|
|p_ZZ9cnn_accelE8w1_local_86_ap_vld   |  out|    1|      ap_vld|        p_ZZ9cnn_accelE8w1_local_86|       pointer|
|p_ZZ9cnn_accelE8w1_local_85          |  out|   32|      ap_vld|        p_ZZ9cnn_accelE8w1_local_85|       pointer|
|p_ZZ9cnn_accelE8w1_local_85_ap_vld   |  out|    1|      ap_vld|        p_ZZ9cnn_accelE8w1_local_85|       pointer|
|p_ZZ9cnn_accelE8w1_local_84          |  out|   32|      ap_vld|        p_ZZ9cnn_accelE8w1_local_84|       pointer|
|p_ZZ9cnn_accelE8w1_local_84_ap_vld   |  out|    1|      ap_vld|        p_ZZ9cnn_accelE8w1_local_84|       pointer|
|p_ZZ9cnn_accelE8w1_local_83          |  out|   32|      ap_vld|        p_ZZ9cnn_accelE8w1_local_83|       pointer|
|p_ZZ9cnn_accelE8w1_local_83_ap_vld   |  out|    1|      ap_vld|        p_ZZ9cnn_accelE8w1_local_83|       pointer|
|p_ZZ9cnn_accelE8w1_local_82          |  out|   32|      ap_vld|        p_ZZ9cnn_accelE8w1_local_82|       pointer|
|p_ZZ9cnn_accelE8w1_local_82_ap_vld   |  out|    1|      ap_vld|        p_ZZ9cnn_accelE8w1_local_82|       pointer|
|p_ZZ9cnn_accelE8w1_local_81          |  out|   32|      ap_vld|        p_ZZ9cnn_accelE8w1_local_81|       pointer|
|p_ZZ9cnn_accelE8w1_local_81_ap_vld   |  out|    1|      ap_vld|        p_ZZ9cnn_accelE8w1_local_81|       pointer|
|p_ZZ9cnn_accelE8w1_local_80          |  out|   32|      ap_vld|        p_ZZ9cnn_accelE8w1_local_80|       pointer|
|p_ZZ9cnn_accelE8w1_local_80_ap_vld   |  out|    1|      ap_vld|        p_ZZ9cnn_accelE8w1_local_80|       pointer|
|p_ZZ9cnn_accelE8w1_local_79          |  out|   32|      ap_vld|        p_ZZ9cnn_accelE8w1_local_79|       pointer|
|p_ZZ9cnn_accelE8w1_local_79_ap_vld   |  out|    1|      ap_vld|        p_ZZ9cnn_accelE8w1_local_79|       pointer|
|p_ZZ9cnn_accelE8w1_local_78          |  out|   32|      ap_vld|        p_ZZ9cnn_accelE8w1_local_78|       pointer|
|p_ZZ9cnn_accelE8w1_local_78_ap_vld   |  out|    1|      ap_vld|        p_ZZ9cnn_accelE8w1_local_78|       pointer|
|p_ZZ9cnn_accelE8w1_local_77          |  out|   32|      ap_vld|        p_ZZ9cnn_accelE8w1_local_77|       pointer|
|p_ZZ9cnn_accelE8w1_local_77_ap_vld   |  out|    1|      ap_vld|        p_ZZ9cnn_accelE8w1_local_77|       pointer|
|p_ZZ9cnn_accelE8w1_local_76          |  out|   32|      ap_vld|        p_ZZ9cnn_accelE8w1_local_76|       pointer|
|p_ZZ9cnn_accelE8w1_local_76_ap_vld   |  out|    1|      ap_vld|        p_ZZ9cnn_accelE8w1_local_76|       pointer|
|p_ZZ9cnn_accelE8w1_local_75          |  out|   32|      ap_vld|        p_ZZ9cnn_accelE8w1_local_75|       pointer|
|p_ZZ9cnn_accelE8w1_local_75_ap_vld   |  out|    1|      ap_vld|        p_ZZ9cnn_accelE8w1_local_75|       pointer|
|p_ZZ9cnn_accelE8w1_local_74          |  out|   32|      ap_vld|        p_ZZ9cnn_accelE8w1_local_74|       pointer|
|p_ZZ9cnn_accelE8w1_local_74_ap_vld   |  out|    1|      ap_vld|        p_ZZ9cnn_accelE8w1_local_74|       pointer|
|p_ZZ9cnn_accelE8w1_local_73          |  out|   32|      ap_vld|        p_ZZ9cnn_accelE8w1_local_73|       pointer|
|p_ZZ9cnn_accelE8w1_local_73_ap_vld   |  out|    1|      ap_vld|        p_ZZ9cnn_accelE8w1_local_73|       pointer|
|p_ZZ9cnn_accelE8w1_local_72          |  out|   32|      ap_vld|        p_ZZ9cnn_accelE8w1_local_72|       pointer|
|p_ZZ9cnn_accelE8w1_local_72_ap_vld   |  out|    1|      ap_vld|        p_ZZ9cnn_accelE8w1_local_72|       pointer|
|p_ZZ9cnn_accelE8w1_local_71          |  out|   32|      ap_vld|        p_ZZ9cnn_accelE8w1_local_71|       pointer|
|p_ZZ9cnn_accelE8w1_local_71_ap_vld   |  out|    1|      ap_vld|        p_ZZ9cnn_accelE8w1_local_71|       pointer|
|p_ZZ9cnn_accelE8w1_local_70          |  out|   32|      ap_vld|        p_ZZ9cnn_accelE8w1_local_70|       pointer|
|p_ZZ9cnn_accelE8w1_local_70_ap_vld   |  out|    1|      ap_vld|        p_ZZ9cnn_accelE8w1_local_70|       pointer|
|p_ZZ9cnn_accelE8w1_local_69          |  out|   32|      ap_vld|        p_ZZ9cnn_accelE8w1_local_69|       pointer|
|p_ZZ9cnn_accelE8w1_local_69_ap_vld   |  out|    1|      ap_vld|        p_ZZ9cnn_accelE8w1_local_69|       pointer|
|p_ZZ9cnn_accelE8w1_local_68          |  out|   32|      ap_vld|        p_ZZ9cnn_accelE8w1_local_68|       pointer|
|p_ZZ9cnn_accelE8w1_local_68_ap_vld   |  out|    1|      ap_vld|        p_ZZ9cnn_accelE8w1_local_68|       pointer|
|p_ZZ9cnn_accelE8w1_local_67          |  out|   32|      ap_vld|        p_ZZ9cnn_accelE8w1_local_67|       pointer|
|p_ZZ9cnn_accelE8w1_local_67_ap_vld   |  out|    1|      ap_vld|        p_ZZ9cnn_accelE8w1_local_67|       pointer|
|p_ZZ9cnn_accelE8w1_local_66          |  out|   32|      ap_vld|        p_ZZ9cnn_accelE8w1_local_66|       pointer|
|p_ZZ9cnn_accelE8w1_local_66_ap_vld   |  out|    1|      ap_vld|        p_ZZ9cnn_accelE8w1_local_66|       pointer|
|p_ZZ9cnn_accelE8w1_local_65          |  out|   32|      ap_vld|        p_ZZ9cnn_accelE8w1_local_65|       pointer|
|p_ZZ9cnn_accelE8w1_local_65_ap_vld   |  out|    1|      ap_vld|        p_ZZ9cnn_accelE8w1_local_65|       pointer|
|p_ZZ9cnn_accelE8w1_local_64          |  out|   32|      ap_vld|        p_ZZ9cnn_accelE8w1_local_64|       pointer|
|p_ZZ9cnn_accelE8w1_local_64_ap_vld   |  out|    1|      ap_vld|        p_ZZ9cnn_accelE8w1_local_64|       pointer|
|p_ZZ9cnn_accelE8w1_local_63          |  out|   32|      ap_vld|        p_ZZ9cnn_accelE8w1_local_63|       pointer|
|p_ZZ9cnn_accelE8w1_local_63_ap_vld   |  out|    1|      ap_vld|        p_ZZ9cnn_accelE8w1_local_63|       pointer|
|p_ZZ9cnn_accelE8w1_local_62          |  out|   32|      ap_vld|        p_ZZ9cnn_accelE8w1_local_62|       pointer|
|p_ZZ9cnn_accelE8w1_local_62_ap_vld   |  out|    1|      ap_vld|        p_ZZ9cnn_accelE8w1_local_62|       pointer|
|p_ZZ9cnn_accelE8w1_local_61          |  out|   32|      ap_vld|        p_ZZ9cnn_accelE8w1_local_61|       pointer|
|p_ZZ9cnn_accelE8w1_local_61_ap_vld   |  out|    1|      ap_vld|        p_ZZ9cnn_accelE8w1_local_61|       pointer|
|p_ZZ9cnn_accelE8w1_local_60          |  out|   32|      ap_vld|        p_ZZ9cnn_accelE8w1_local_60|       pointer|
|p_ZZ9cnn_accelE8w1_local_60_ap_vld   |  out|    1|      ap_vld|        p_ZZ9cnn_accelE8w1_local_60|       pointer|
|p_ZZ9cnn_accelE8w1_local_59          |  out|   32|      ap_vld|        p_ZZ9cnn_accelE8w1_local_59|       pointer|
|p_ZZ9cnn_accelE8w1_local_59_ap_vld   |  out|    1|      ap_vld|        p_ZZ9cnn_accelE8w1_local_59|       pointer|
|p_ZZ9cnn_accelE8w1_local_58          |  out|   32|      ap_vld|        p_ZZ9cnn_accelE8w1_local_58|       pointer|
|p_ZZ9cnn_accelE8w1_local_58_ap_vld   |  out|    1|      ap_vld|        p_ZZ9cnn_accelE8w1_local_58|       pointer|
|p_ZZ9cnn_accelE8w1_local_57          |  out|   32|      ap_vld|        p_ZZ9cnn_accelE8w1_local_57|       pointer|
|p_ZZ9cnn_accelE8w1_local_57_ap_vld   |  out|    1|      ap_vld|        p_ZZ9cnn_accelE8w1_local_57|       pointer|
|p_ZZ9cnn_accelE8w1_local_56          |  out|   32|      ap_vld|        p_ZZ9cnn_accelE8w1_local_56|       pointer|
|p_ZZ9cnn_accelE8w1_local_56_ap_vld   |  out|    1|      ap_vld|        p_ZZ9cnn_accelE8w1_local_56|       pointer|
|p_ZZ9cnn_accelE8w1_local_55          |  out|   32|      ap_vld|        p_ZZ9cnn_accelE8w1_local_55|       pointer|
|p_ZZ9cnn_accelE8w1_local_55_ap_vld   |  out|    1|      ap_vld|        p_ZZ9cnn_accelE8w1_local_55|       pointer|
|p_ZZ9cnn_accelE8w1_local_54          |  out|   32|      ap_vld|        p_ZZ9cnn_accelE8w1_local_54|       pointer|
|p_ZZ9cnn_accelE8w1_local_54_ap_vld   |  out|    1|      ap_vld|        p_ZZ9cnn_accelE8w1_local_54|       pointer|
|p_ZZ9cnn_accelE8w1_local_53          |  out|   32|      ap_vld|        p_ZZ9cnn_accelE8w1_local_53|       pointer|
|p_ZZ9cnn_accelE8w1_local_53_ap_vld   |  out|    1|      ap_vld|        p_ZZ9cnn_accelE8w1_local_53|       pointer|
|p_ZZ9cnn_accelE8w1_local_52          |  out|   32|      ap_vld|        p_ZZ9cnn_accelE8w1_local_52|       pointer|
|p_ZZ9cnn_accelE8w1_local_52_ap_vld   |  out|    1|      ap_vld|        p_ZZ9cnn_accelE8w1_local_52|       pointer|
|p_ZZ9cnn_accelE8w1_local_51          |  out|   32|      ap_vld|        p_ZZ9cnn_accelE8w1_local_51|       pointer|
|p_ZZ9cnn_accelE8w1_local_51_ap_vld   |  out|    1|      ap_vld|        p_ZZ9cnn_accelE8w1_local_51|       pointer|
|p_ZZ9cnn_accelE8w1_local_50          |  out|   32|      ap_vld|        p_ZZ9cnn_accelE8w1_local_50|       pointer|
|p_ZZ9cnn_accelE8w1_local_50_ap_vld   |  out|    1|      ap_vld|        p_ZZ9cnn_accelE8w1_local_50|       pointer|
|p_ZZ9cnn_accelE8w1_local_49          |  out|   32|      ap_vld|        p_ZZ9cnn_accelE8w1_local_49|       pointer|
|p_ZZ9cnn_accelE8w1_local_49_ap_vld   |  out|    1|      ap_vld|        p_ZZ9cnn_accelE8w1_local_49|       pointer|
|p_ZZ9cnn_accelE8w1_local_48          |  out|   32|      ap_vld|        p_ZZ9cnn_accelE8w1_local_48|       pointer|
|p_ZZ9cnn_accelE8w1_local_48_ap_vld   |  out|    1|      ap_vld|        p_ZZ9cnn_accelE8w1_local_48|       pointer|
|p_ZZ9cnn_accelE8w1_local_47          |  out|   32|      ap_vld|        p_ZZ9cnn_accelE8w1_local_47|       pointer|
|p_ZZ9cnn_accelE8w1_local_47_ap_vld   |  out|    1|      ap_vld|        p_ZZ9cnn_accelE8w1_local_47|       pointer|
|p_ZZ9cnn_accelE8w1_local_46          |  out|   32|      ap_vld|        p_ZZ9cnn_accelE8w1_local_46|       pointer|
|p_ZZ9cnn_accelE8w1_local_46_ap_vld   |  out|    1|      ap_vld|        p_ZZ9cnn_accelE8w1_local_46|       pointer|
|p_ZZ9cnn_accelE8w1_local_45          |  out|   32|      ap_vld|        p_ZZ9cnn_accelE8w1_local_45|       pointer|
|p_ZZ9cnn_accelE8w1_local_45_ap_vld   |  out|    1|      ap_vld|        p_ZZ9cnn_accelE8w1_local_45|       pointer|
|p_ZZ9cnn_accelE8w1_local_44          |  out|   32|      ap_vld|        p_ZZ9cnn_accelE8w1_local_44|       pointer|
|p_ZZ9cnn_accelE8w1_local_44_ap_vld   |  out|    1|      ap_vld|        p_ZZ9cnn_accelE8w1_local_44|       pointer|
|p_ZZ9cnn_accelE8w1_local_43          |  out|   32|      ap_vld|        p_ZZ9cnn_accelE8w1_local_43|       pointer|
|p_ZZ9cnn_accelE8w1_local_43_ap_vld   |  out|    1|      ap_vld|        p_ZZ9cnn_accelE8w1_local_43|       pointer|
|p_ZZ9cnn_accelE8w1_local_42          |  out|   32|      ap_vld|        p_ZZ9cnn_accelE8w1_local_42|       pointer|
|p_ZZ9cnn_accelE8w1_local_42_ap_vld   |  out|    1|      ap_vld|        p_ZZ9cnn_accelE8w1_local_42|       pointer|
|p_ZZ9cnn_accelE8w1_local_41          |  out|   32|      ap_vld|        p_ZZ9cnn_accelE8w1_local_41|       pointer|
|p_ZZ9cnn_accelE8w1_local_41_ap_vld   |  out|    1|      ap_vld|        p_ZZ9cnn_accelE8w1_local_41|       pointer|
|p_ZZ9cnn_accelE8w1_local_40          |  out|   32|      ap_vld|        p_ZZ9cnn_accelE8w1_local_40|       pointer|
|p_ZZ9cnn_accelE8w1_local_40_ap_vld   |  out|    1|      ap_vld|        p_ZZ9cnn_accelE8w1_local_40|       pointer|
|p_ZZ9cnn_accelE8w1_local_39          |  out|   32|      ap_vld|        p_ZZ9cnn_accelE8w1_local_39|       pointer|
|p_ZZ9cnn_accelE8w1_local_39_ap_vld   |  out|    1|      ap_vld|        p_ZZ9cnn_accelE8w1_local_39|       pointer|
|p_ZZ9cnn_accelE8w1_local_38          |  out|   32|      ap_vld|        p_ZZ9cnn_accelE8w1_local_38|       pointer|
|p_ZZ9cnn_accelE8w1_local_38_ap_vld   |  out|    1|      ap_vld|        p_ZZ9cnn_accelE8w1_local_38|       pointer|
|p_ZZ9cnn_accelE8w1_local_37          |  out|   32|      ap_vld|        p_ZZ9cnn_accelE8w1_local_37|       pointer|
|p_ZZ9cnn_accelE8w1_local_37_ap_vld   |  out|    1|      ap_vld|        p_ZZ9cnn_accelE8w1_local_37|       pointer|
|p_ZZ9cnn_accelE8w1_local_36          |  out|   32|      ap_vld|        p_ZZ9cnn_accelE8w1_local_36|       pointer|
|p_ZZ9cnn_accelE8w1_local_36_ap_vld   |  out|    1|      ap_vld|        p_ZZ9cnn_accelE8w1_local_36|       pointer|
|p_ZZ9cnn_accelE8w1_local_35          |  out|   32|      ap_vld|        p_ZZ9cnn_accelE8w1_local_35|       pointer|
|p_ZZ9cnn_accelE8w1_local_35_ap_vld   |  out|    1|      ap_vld|        p_ZZ9cnn_accelE8w1_local_35|       pointer|
|p_ZZ9cnn_accelE8w1_local_34          |  out|   32|      ap_vld|        p_ZZ9cnn_accelE8w1_local_34|       pointer|
|p_ZZ9cnn_accelE8w1_local_34_ap_vld   |  out|    1|      ap_vld|        p_ZZ9cnn_accelE8w1_local_34|       pointer|
|p_ZZ9cnn_accelE8w1_local_33          |  out|   32|      ap_vld|        p_ZZ9cnn_accelE8w1_local_33|       pointer|
|p_ZZ9cnn_accelE8w1_local_33_ap_vld   |  out|    1|      ap_vld|        p_ZZ9cnn_accelE8w1_local_33|       pointer|
|p_ZZ9cnn_accelE8w1_local_32          |  out|   32|      ap_vld|        p_ZZ9cnn_accelE8w1_local_32|       pointer|
|p_ZZ9cnn_accelE8w1_local_32_ap_vld   |  out|    1|      ap_vld|        p_ZZ9cnn_accelE8w1_local_32|       pointer|
|p_ZZ9cnn_accelE8w1_local_31          |  out|   32|      ap_vld|        p_ZZ9cnn_accelE8w1_local_31|       pointer|
|p_ZZ9cnn_accelE8w1_local_31_ap_vld   |  out|    1|      ap_vld|        p_ZZ9cnn_accelE8w1_local_31|       pointer|
|p_ZZ9cnn_accelE8w1_local_30          |  out|   32|      ap_vld|        p_ZZ9cnn_accelE8w1_local_30|       pointer|
|p_ZZ9cnn_accelE8w1_local_30_ap_vld   |  out|    1|      ap_vld|        p_ZZ9cnn_accelE8w1_local_30|       pointer|
|p_ZZ9cnn_accelE8w1_local_29          |  out|   32|      ap_vld|        p_ZZ9cnn_accelE8w1_local_29|       pointer|
|p_ZZ9cnn_accelE8w1_local_29_ap_vld   |  out|    1|      ap_vld|        p_ZZ9cnn_accelE8w1_local_29|       pointer|
|p_ZZ9cnn_accelE8w1_local_28          |  out|   32|      ap_vld|        p_ZZ9cnn_accelE8w1_local_28|       pointer|
|p_ZZ9cnn_accelE8w1_local_28_ap_vld   |  out|    1|      ap_vld|        p_ZZ9cnn_accelE8w1_local_28|       pointer|
|p_ZZ9cnn_accelE8w1_local_27          |  out|   32|      ap_vld|        p_ZZ9cnn_accelE8w1_local_27|       pointer|
|p_ZZ9cnn_accelE8w1_local_27_ap_vld   |  out|    1|      ap_vld|        p_ZZ9cnn_accelE8w1_local_27|       pointer|
|p_ZZ9cnn_accelE8w1_local_26          |  out|   32|      ap_vld|        p_ZZ9cnn_accelE8w1_local_26|       pointer|
|p_ZZ9cnn_accelE8w1_local_26_ap_vld   |  out|    1|      ap_vld|        p_ZZ9cnn_accelE8w1_local_26|       pointer|
|p_ZZ9cnn_accelE8w1_local_25          |  out|   32|      ap_vld|        p_ZZ9cnn_accelE8w1_local_25|       pointer|
|p_ZZ9cnn_accelE8w1_local_25_ap_vld   |  out|    1|      ap_vld|        p_ZZ9cnn_accelE8w1_local_25|       pointer|
|p_ZZ9cnn_accelE8w1_local_24          |  out|   32|      ap_vld|        p_ZZ9cnn_accelE8w1_local_24|       pointer|
|p_ZZ9cnn_accelE8w1_local_24_ap_vld   |  out|    1|      ap_vld|        p_ZZ9cnn_accelE8w1_local_24|       pointer|
|p_ZZ9cnn_accelE8w1_local_23          |  out|   32|      ap_vld|        p_ZZ9cnn_accelE8w1_local_23|       pointer|
|p_ZZ9cnn_accelE8w1_local_23_ap_vld   |  out|    1|      ap_vld|        p_ZZ9cnn_accelE8w1_local_23|       pointer|
|p_ZZ9cnn_accelE8w1_local_22          |  out|   32|      ap_vld|        p_ZZ9cnn_accelE8w1_local_22|       pointer|
|p_ZZ9cnn_accelE8w1_local_22_ap_vld   |  out|    1|      ap_vld|        p_ZZ9cnn_accelE8w1_local_22|       pointer|
|p_ZZ9cnn_accelE8w1_local_21          |  out|   32|      ap_vld|        p_ZZ9cnn_accelE8w1_local_21|       pointer|
|p_ZZ9cnn_accelE8w1_local_21_ap_vld   |  out|    1|      ap_vld|        p_ZZ9cnn_accelE8w1_local_21|       pointer|
|p_ZZ9cnn_accelE8w1_local_20          |  out|   32|      ap_vld|        p_ZZ9cnn_accelE8w1_local_20|       pointer|
|p_ZZ9cnn_accelE8w1_local_20_ap_vld   |  out|    1|      ap_vld|        p_ZZ9cnn_accelE8w1_local_20|       pointer|
|p_ZZ9cnn_accelE8w1_local_19          |  out|   32|      ap_vld|        p_ZZ9cnn_accelE8w1_local_19|       pointer|
|p_ZZ9cnn_accelE8w1_local_19_ap_vld   |  out|    1|      ap_vld|        p_ZZ9cnn_accelE8w1_local_19|       pointer|
|p_ZZ9cnn_accelE8w1_local_18          |  out|   32|      ap_vld|        p_ZZ9cnn_accelE8w1_local_18|       pointer|
|p_ZZ9cnn_accelE8w1_local_18_ap_vld   |  out|    1|      ap_vld|        p_ZZ9cnn_accelE8w1_local_18|       pointer|
|p_ZZ9cnn_accelE8w1_local_17          |  out|   32|      ap_vld|        p_ZZ9cnn_accelE8w1_local_17|       pointer|
|p_ZZ9cnn_accelE8w1_local_17_ap_vld   |  out|    1|      ap_vld|        p_ZZ9cnn_accelE8w1_local_17|       pointer|
|p_ZZ9cnn_accelE8w1_local_16          |  out|   32|      ap_vld|        p_ZZ9cnn_accelE8w1_local_16|       pointer|
|p_ZZ9cnn_accelE8w1_local_16_ap_vld   |  out|    1|      ap_vld|        p_ZZ9cnn_accelE8w1_local_16|       pointer|
|p_ZZ9cnn_accelE8w1_local_15          |  out|   32|      ap_vld|        p_ZZ9cnn_accelE8w1_local_15|       pointer|
|p_ZZ9cnn_accelE8w1_local_15_ap_vld   |  out|    1|      ap_vld|        p_ZZ9cnn_accelE8w1_local_15|       pointer|
|p_ZZ9cnn_accelE8w1_local_14          |  out|   32|      ap_vld|        p_ZZ9cnn_accelE8w1_local_14|       pointer|
|p_ZZ9cnn_accelE8w1_local_14_ap_vld   |  out|    1|      ap_vld|        p_ZZ9cnn_accelE8w1_local_14|       pointer|
|p_ZZ9cnn_accelE8w1_local_13          |  out|   32|      ap_vld|        p_ZZ9cnn_accelE8w1_local_13|       pointer|
|p_ZZ9cnn_accelE8w1_local_13_ap_vld   |  out|    1|      ap_vld|        p_ZZ9cnn_accelE8w1_local_13|       pointer|
|p_ZZ9cnn_accelE8w1_local_12          |  out|   32|      ap_vld|        p_ZZ9cnn_accelE8w1_local_12|       pointer|
|p_ZZ9cnn_accelE8w1_local_12_ap_vld   |  out|    1|      ap_vld|        p_ZZ9cnn_accelE8w1_local_12|       pointer|
|p_ZZ9cnn_accelE8w1_local_11          |  out|   32|      ap_vld|        p_ZZ9cnn_accelE8w1_local_11|       pointer|
|p_ZZ9cnn_accelE8w1_local_11_ap_vld   |  out|    1|      ap_vld|        p_ZZ9cnn_accelE8w1_local_11|       pointer|
|p_ZZ9cnn_accelE8w1_local_10          |  out|   32|      ap_vld|        p_ZZ9cnn_accelE8w1_local_10|       pointer|
|p_ZZ9cnn_accelE8w1_local_10_ap_vld   |  out|    1|      ap_vld|        p_ZZ9cnn_accelE8w1_local_10|       pointer|
|w1_local_9                           |  out|   32|      ap_vld|                         w1_local_9|       pointer|
|w1_local_9_ap_vld                    |  out|    1|      ap_vld|                         w1_local_9|       pointer|
|w1_local_8                           |  out|   32|      ap_vld|                         w1_local_8|       pointer|
|w1_local_8_ap_vld                    |  out|    1|      ap_vld|                         w1_local_8|       pointer|
|w1_local_7                           |  out|   32|      ap_vld|                         w1_local_7|       pointer|
|w1_local_7_ap_vld                    |  out|    1|      ap_vld|                         w1_local_7|       pointer|
|w1_local_6                           |  out|   32|      ap_vld|                         w1_local_6|       pointer|
|w1_local_6_ap_vld                    |  out|    1|      ap_vld|                         w1_local_6|       pointer|
|w1_local_5                           |  out|   32|      ap_vld|                         w1_local_5|       pointer|
|w1_local_5_ap_vld                    |  out|    1|      ap_vld|                         w1_local_5|       pointer|
|w1_local_4                           |  out|   32|      ap_vld|                         w1_local_4|       pointer|
|w1_local_4_ap_vld                    |  out|    1|      ap_vld|                         w1_local_4|       pointer|
|w1_local_3                           |  out|   32|      ap_vld|                         w1_local_3|       pointer|
|w1_local_3_ap_vld                    |  out|    1|      ap_vld|                         w1_local_3|       pointer|
|w1_local_2                           |  out|   32|      ap_vld|                         w1_local_2|       pointer|
|w1_local_2_ap_vld                    |  out|    1|      ap_vld|                         w1_local_2|       pointer|
|w1_local_1                           |  out|   32|      ap_vld|                         w1_local_1|       pointer|
|w1_local_1_ap_vld                    |  out|    1|      ap_vld|                         w1_local_1|       pointer|
|w1_local                             |  out|   32|      ap_vld|                           w1_local|       pointer|
|w1_local_ap_vld                      |  out|    1|      ap_vld|                           w1_local|       pointer|
|p_ZZ9cnn_accelE8w1_local_215         |  out|   32|      ap_vld|       p_ZZ9cnn_accelE8w1_local_215|       pointer|
|p_ZZ9cnn_accelE8w1_local_215_ap_vld  |  out|    1|      ap_vld|       p_ZZ9cnn_accelE8w1_local_215|       pointer|
+-------------------------------------+-----+-----+------------+-----------------------------------+--------------+

