

================================================================
== Vitis HLS Report for 'Block_entry_proc_Pipeline_LOAD_FC1W'
================================================================
* Date:           Tue Jul  8 02:26:25 2025

* Version:        2025.1 (Build 6135595 on May 21 2025)
* Project:        cnn_accel
* Solution:       hls (Vivado IP Flow Target)
* Product family: artix7
* Target device:  xc7a100t-fgg484-2L


================================================================
== Performance Estimates
================================================================
+ Timing: 
    * Summary: 
    +--------+----------+----------+------------+
    |  Clock |  Target  | Estimated| Uncertainty|
    +--------+----------+----------+------------+
    |ap_clk  |  10.00 ns|  7.300 ns|     2.70 ns|
    +--------+----------+----------+------------+

+ Latency: 
    * Summary: 
    +---------+---------+-----------+-----------+---------+---------+------------------------------------------------+
    |  Latency (cycles) |   Latency (absolute)  |      Interval     |                    Pipeline                    |
    |   min   |   max   |    min    |    max    |   min   |   max   |                      Type                      |
    +---------+---------+-----------+-----------+---------+---------+------------------------------------------------+
    |  6948867|  6948867|  69.489 ms|  69.489 ms|  6948866|  6948866|  loop auto-rewind stp (delay=0 clock cycles(s))|
    +---------+---------+-----------+-----------+---------+---------+------------------------------------------------+

    + Detail: 
        * Instance: 
        N/A

        * Loop: 
        +-------------+---------+---------+----------+-----------+-----------+---------+----------+
        |             |  Latency (cycles) | Iteration|  Initiation Interval  |   Trip  |          |
        |  Loop Name  |   min   |   max   |  Latency |  achieved |   target  |  Count  | Pipelined|
        +-------------+---------+---------+----------+-----------+-----------+---------+----------+
        |- LOAD_FC1W  |  6948865|  6948865|         3|          3|          3|  2316288|       yes|
        +-------------+---------+---------+----------+-----------+-----------+---------+----------+



================================================================
== Utilization Estimates
================================================================
* Summary: 
+-----------------+---------+-----+--------+-------+-----+
|       Name      | BRAM_18K| DSP |   FF   |  LUT  | URAM|
+-----------------+---------+-----+--------+-------+-----+
|DSP              |        -|    -|       -|      -|    -|
|Expression       |        -|    -|       0|     60|    -|
|FIFO             |        -|    -|       -|      -|    -|
|Instance         |        -|    -|       -|      -|    -|
|Memory           |        -|    -|       -|      -|    -|
|Multiplexer      |        -|    -|       0|     53|    -|
|Register         |        -|    -|     103|      -|    -|
+-----------------+---------+-----+--------+-------+-----+
|Total            |        0|    0|     103|    113|    0|
+-----------------+---------+-----+--------+-------+-----+
|Available        |      270|  240|  126800|  63400|    0|
+-----------------+---------+-----+--------+-------+-----+
|Utilization (%)  |        0|    0|      ~0|     ~0|    0|
+-----------------+---------+-----+--------+-------+-----+

+ Detail: 
    * Instance: 
    N/A

    * DSP: 
    N/A

    * Memory: 
    N/A

    * FIFO: 
    N/A

    * Expression: 
    +----------------------------------+----------+----+---+----+------------+------------+
    |           Variable Name          | Operation| DSP| FF| LUT| Bitwidth P0| Bitwidth P1|
    +----------------------------------+----------+----+---+----+------------+------------+
    |add_ln140_fu_219_p2               |         +|   0|  0|  29|          22|           1|
    |ap_block_state2_pp0_stage1_iter0  |       and|   0|  0|   2|           1|           1|
    |icmp_ln140_fu_213_p2              |      icmp|   0|  0|  29|          22|          22|
    +----------------------------------+----------+----+---+----+------------+------------+
    |Total                             |          |   0|  0|  60|          45|          24|
    +----------------------------------+----------+----+---+----+------------+------------+

    * Multiplexer: 
    +--------------------+----+-----------+-----+-----------+
    |        Name        | LUT| Input Size| Bits| Total Bits|
    +--------------------+----+-----------+-----+-----------+
    |W3mem_blk_n_R       |   9|          2|    1|          2|
    |ap_NS_fsm           |  17|          4|    1|          4|
    |ap_done_int         |   9|          2|    1|          2|
    |ap_sig_allocacmp_i  |   9|          2|   22|         44|
    |i_4_fu_82           |   9|          2|   22|         44|
    +--------------------+----+-----------+-----+-----------+
    |Total               |  53|         12|   47|         96|
    +--------------------+----+-----------+-----+-----------+

    * Register: 
    +-----------------------+----+----+-----+-----------+
    |          Name         | FF | LUT| Bits| Const Bits|
    +-----------------------+----+----+-----+-----------+
    |add_ln140_reg_303      |  22|   0|   22|          0|
    |ap_CS_fsm              |   3|   0|    3|          0|
    |ap_done_reg            |   1|   0|    1|          0|
    |bitcast_ln142_reg_308  |  32|   0|   32|          0|
    |i_4_fu_82              |  22|   0|   22|          0|
    |i_reg_292              |  22|   0|   22|          0|
    |icmp_ln140_reg_299     |   1|   0|    1|          0|
    +-----------------------+----+----+-----+-----------+
    |Total                  | 103|   0|  103|          0|
    +-----------------------+----+----+-----+-----------+



================================================================
== Interface
================================================================
* Summary: 
+-------------------------+-----+-----+------------+-------------------------------------+--------------+
|        RTL Ports        | Dir | Bits|  Protocol  |            Source Object            |    C Type    |
+-------------------------+-----+-----+------------+-------------------------------------+--------------+
|ap_clk                   |   in|    1|  ap_ctrl_hs|  Block_entry_proc_Pipeline_LOAD_FC1W|  return value|
|ap_rst                   |   in|    1|  ap_ctrl_hs|  Block_entry_proc_Pipeline_LOAD_FC1W|  return value|
|ap_start                 |   in|    1|  ap_ctrl_hs|  Block_entry_proc_Pipeline_LOAD_FC1W|  return value|
|ap_done                  |  out|    1|  ap_ctrl_hs|  Block_entry_proc_Pipeline_LOAD_FC1W|  return value|
|ap_idle                  |  out|    1|  ap_ctrl_hs|  Block_entry_proc_Pipeline_LOAD_FC1W|  return value|
|ap_ready                 |  out|    1|  ap_ctrl_hs|  Block_entry_proc_Pipeline_LOAD_FC1W|  return value|
|m_axi_W3mem_0_AWVALID    |  out|    1|       m_axi|                                W3mem|       pointer|
|m_axi_W3mem_0_AWREADY    |   in|    1|       m_axi|                                W3mem|       pointer|
|m_axi_W3mem_0_AWADDR     |  out|   64|       m_axi|                                W3mem|       pointer|
|m_axi_W3mem_0_AWID       |  out|    1|       m_axi|                                W3mem|       pointer|
|m_axi_W3mem_0_AWLEN      |  out|   32|       m_axi|                                W3mem|       pointer|
|m_axi_W3mem_0_AWSIZE     |  out|    3|       m_axi|                                W3mem|       pointer|
|m_axi_W3mem_0_AWBURST    |  out|    2|       m_axi|                                W3mem|       pointer|
|m_axi_W3mem_0_AWLOCK     |  out|    2|       m_axi|                                W3mem|       pointer|
|m_axi_W3mem_0_AWCACHE    |  out|    4|       m_axi|                                W3mem|       pointer|
|m_axi_W3mem_0_AWPROT     |  out|    3|       m_axi|                                W3mem|       pointer|
|m_axi_W3mem_0_AWQOS      |  out|    4|       m_axi|                                W3mem|       pointer|
|m_axi_W3mem_0_AWREGION   |  out|    4|       m_axi|                                W3mem|       pointer|
|m_axi_W3mem_0_AWUSER     |  out|    1|       m_axi|                                W3mem|       pointer|
|m_axi_W3mem_0_WVALID     |  out|    1|       m_axi|                                W3mem|       pointer|
|m_axi_W3mem_0_WREADY     |   in|    1|       m_axi|                                W3mem|       pointer|
|m_axi_W3mem_0_WDATA      |  out|   32|       m_axi|                                W3mem|       pointer|
|m_axi_W3mem_0_WSTRB      |  out|    4|       m_axi|                                W3mem|       pointer|
|m_axi_W3mem_0_WLAST      |  out|    1|       m_axi|                                W3mem|       pointer|
|m_axi_W3mem_0_WID        |  out|    1|       m_axi|                                W3mem|       pointer|
|m_axi_W3mem_0_WUSER      |  out|    1|       m_axi|                                W3mem|       pointer|
|m_axi_W3mem_0_ARVALID    |  out|    1|       m_axi|                                W3mem|       pointer|
|m_axi_W3mem_0_ARREADY    |   in|    1|       m_axi|                                W3mem|       pointer|
|m_axi_W3mem_0_ARADDR     |  out|   64|       m_axi|                                W3mem|       pointer|
|m_axi_W3mem_0_ARID       |  out|    1|       m_axi|                                W3mem|       pointer|
|m_axi_W3mem_0_ARLEN      |  out|   32|       m_axi|                                W3mem|       pointer|
|m_axi_W3mem_0_ARSIZE     |  out|    3|       m_axi|                                W3mem|       pointer|
|m_axi_W3mem_0_ARBURST    |  out|    2|       m_axi|                                W3mem|       pointer|
|m_axi_W3mem_0_ARLOCK     |  out|    2|       m_axi|                                W3mem|       pointer|
|m_axi_W3mem_0_ARCACHE    |  out|    4|       m_axi|                                W3mem|       pointer|
|m_axi_W3mem_0_ARPROT     |  out|    3|       m_axi|                                W3mem|       pointer|
|m_axi_W3mem_0_ARQOS      |  out|    4|       m_axi|                                W3mem|       pointer|
|m_axi_W3mem_0_ARREGION   |  out|    4|       m_axi|                                W3mem|       pointer|
|m_axi_W3mem_0_ARUSER     |  out|    1|       m_axi|                                W3mem|       pointer|
|m_axi_W3mem_0_RVALID     |   in|    1|       m_axi|                                W3mem|       pointer|
|m_axi_W3mem_0_RREADY     |  out|    1|       m_axi|                                W3mem|       pointer|
|m_axi_W3mem_0_RDATA      |   in|   32|       m_axi|                                W3mem|       pointer|
|m_axi_W3mem_0_RLAST      |   in|    1|       m_axi|                                W3mem|       pointer|
|m_axi_W3mem_0_RID        |   in|    1|       m_axi|                                W3mem|       pointer|
|m_axi_W3mem_0_RFIFONUM   |   in|    9|       m_axi|                                W3mem|       pointer|
|m_axi_W3mem_0_RUSER      |   in|    1|       m_axi|                                W3mem|       pointer|
|m_axi_W3mem_0_RRESP      |   in|    2|       m_axi|                                W3mem|       pointer|
|m_axi_W3mem_0_BVALID     |   in|    1|       m_axi|                                W3mem|       pointer|
|m_axi_W3mem_0_BREADY     |  out|    1|       m_axi|                                W3mem|       pointer|
|m_axi_W3mem_0_BRESP      |   in|    2|       m_axi|                                W3mem|       pointer|
|m_axi_W3mem_0_BID        |   in|    1|       m_axi|                                W3mem|       pointer|
|m_axi_W3mem_0_BUSER      |   in|    1|       m_axi|                                W3mem|       pointer|
|sext_ln140               |   in|   62|     ap_none|                           sext_ln140|        scalar|
|fc1_w_local_40_address0  |  out|   19|   ap_memory|                       fc1_w_local_40|         array|
|fc1_w_local_40_ce0       |  out|    1|   ap_memory|                       fc1_w_local_40|         array|
|fc1_w_local_40_we0       |  out|    1|   ap_memory|                       fc1_w_local_40|         array|
|fc1_w_local_40_d0        |  out|   32|   ap_memory|                       fc1_w_local_40|         array|
|fc1_w_local_39_address0  |  out|   19|   ap_memory|                       fc1_w_local_39|         array|
|fc1_w_local_39_ce0       |  out|    1|   ap_memory|                       fc1_w_local_39|         array|
|fc1_w_local_39_we0       |  out|    1|   ap_memory|                       fc1_w_local_39|         array|
|fc1_w_local_39_d0        |  out|   32|   ap_memory|                       fc1_w_local_39|         array|
|fc1_w_local_38_address0  |  out|   19|   ap_memory|                       fc1_w_local_38|         array|
|fc1_w_local_38_ce0       |  out|    1|   ap_memory|                       fc1_w_local_38|         array|
|fc1_w_local_38_we0       |  out|    1|   ap_memory|                       fc1_w_local_38|         array|
|fc1_w_local_38_d0        |  out|   32|   ap_memory|                       fc1_w_local_38|         array|
|fc1_w_local_37_address0  |  out|   19|   ap_memory|                       fc1_w_local_37|         array|
|fc1_w_local_37_ce0       |  out|    1|   ap_memory|                       fc1_w_local_37|         array|
|fc1_w_local_37_we0       |  out|    1|   ap_memory|                       fc1_w_local_37|         array|
|fc1_w_local_37_d0        |  out|   32|   ap_memory|                       fc1_w_local_37|         array|
|fc1_w_local_36_address0  |  out|   19|   ap_memory|                       fc1_w_local_36|         array|
|fc1_w_local_36_ce0       |  out|    1|   ap_memory|                       fc1_w_local_36|         array|
|fc1_w_local_36_we0       |  out|    1|   ap_memory|                       fc1_w_local_36|         array|
|fc1_w_local_36_d0        |  out|   32|   ap_memory|                       fc1_w_local_36|         array|
|fc1_w_local_35_address0  |  out|   19|   ap_memory|                       fc1_w_local_35|         array|
|fc1_w_local_35_ce0       |  out|    1|   ap_memory|                       fc1_w_local_35|         array|
|fc1_w_local_35_we0       |  out|    1|   ap_memory|                       fc1_w_local_35|         array|
|fc1_w_local_35_d0        |  out|   32|   ap_memory|                       fc1_w_local_35|         array|
|fc1_w_local_address0     |  out|   19|   ap_memory|                          fc1_w_local|         array|
|fc1_w_local_ce0          |  out|    1|   ap_memory|                          fc1_w_local|         array|
|fc1_w_local_we0          |  out|    1|   ap_memory|                          fc1_w_local|         array|
|fc1_w_local_d0           |  out|   32|   ap_memory|                          fc1_w_local|         array|
|fc1_w_local_41_address0  |  out|   19|   ap_memory|                       fc1_w_local_41|         array|
|fc1_w_local_41_ce0       |  out|    1|   ap_memory|                       fc1_w_local_41|         array|
|fc1_w_local_41_we0       |  out|    1|   ap_memory|                       fc1_w_local_41|         array|
|fc1_w_local_41_d0        |  out|   32|   ap_memory|                       fc1_w_local_41|         array|
+-------------------------+-----+-----+------------+-------------------------------------+--------------+

