

================================================================
== Vitis HLS Report for 'Block_entry_proc_Pipeline_LOAD_FC2W'
================================================================
* Date:           Tue Jul  8 02:26:27 2025

* Version:        2025.1 (Build 6135595 on May 21 2025)
* Project:        cnn_accel
* Solution:       hls (Vivado IP Flow Target)
* Product family: artix7
* Target device:  xc7a100t-fgg484-2L


================================================================
== Performance Estimates
================================================================
+ Timing: 
    * Summary: 
    +--------+----------+----------+------------+
    |  Clock |  Target  | Estimated| Uncertainty|
    +--------+----------+----------+------------+
    |ap_clk  |  10.00 ns|  7.300 ns|     2.70 ns|
    +--------+----------+----------+------------+

+ Latency: 
    * Summary: 
    +---------+---------+----------+----------+-----+-----+------------------------------------------------+
    |  Latency (cycles) |  Latency (absolute) |  Interval |                    Pipeline                    |
    |   min   |   max   |    min   |    max   | min | max |                      Type                      |
    +---------+---------+----------+----------+-----+-----+------------------------------------------------+
    |       66|       66|  0.660 us|  0.660 us|   65|   65|  loop auto-rewind stp (delay=0 clock cycles(s))|
    +---------+---------+----------+----------+-----+-----+------------------------------------------------+

    + Detail: 
        * Instance: 
        N/A

        * Loop: 
        +-------------+---------+---------+----------+-----------+-----------+------+----------+
        |             |  Latency (cycles) | Iteration|  Initiation Interval  | Trip |          |
        |  Loop Name  |   min   |   max   |  Latency |  achieved |   target  | Count| Pipelined|
        +-------------+---------+---------+----------+-----------+-----------+------+----------+
        |- LOAD_FC2W  |       64|       64|         2|          2|          3|    32|       yes|
        +-------------+---------+---------+----------+-----------+-----------+------+----------+



================================================================
== Utilization Estimates
================================================================
* Summary: 
+-----------------+---------+-----+--------+-------+-----+
|       Name      | BRAM_18K| DSP |   FF   |  LUT  | URAM|
+-----------------+---------+-----+--------+-------+-----+
|DSP              |        -|    -|       -|      -|    -|
|Expression       |        -|    -|       0|     28|    -|
|FIFO             |        -|    -|       -|      -|    -|
|Instance         |        -|    -|       -|      -|    -|
|Memory           |        -|    -|       -|      -|    -|
|Multiplexer      |        -|    -|       0|     49|    -|
|Register         |        -|    -|      20|      -|    -|
+-----------------+---------+-----+--------+-------+-----+
|Total            |        0|    0|      20|     77|    0|
+-----------------+---------+-----+--------+-------+-----+
|Available        |      270|  240|  126800|  63400|    0|
+-----------------+---------+-----+--------+-------+-----+
|Utilization (%)  |        0|    0|      ~0|     ~0|    0|
+-----------------+---------+-----+--------+-------+-----+

+ Detail: 
    * Instance: 
    N/A

    * DSP: 
    N/A

    * Memory: 
    N/A

    * FIFO: 
    N/A

    * Expression: 
    +----------------------+----------+----+---+----+------------+------------+
    |     Variable Name    | Operation| DSP| FF| LUT| Bitwidth P0| Bitwidth P1|
    +----------------------+----------+----+---+----+------------+------------+
    |add_ln148_fu_205_p2   |         +|   0|  0|  14|           6|           1|
    |icmp_ln148_fu_199_p2  |      icmp|   0|  0|  14|           6|           7|
    +----------------------+----------+----+---+----+------------+------------+
    |Total                 |          |   0|  0|  28|          12|           8|
    +----------------------+----------+----+---+----+------------+------------+

    * Multiplexer: 
    +----------------------+----+-----------+-----+-----------+
    |         Name         | LUT| Input Size| Bits| Total Bits|
    +----------------------+----+-----------+-----+-----------+
    |W4mem_blk_n_R         |   9|          2|    1|          2|
    |ap_NS_fsm             |  13|          3|    1|          3|
    |ap_done_int           |   9|          2|    1|          2|
    |ap_sig_allocacmp_i_4  |   9|          2|    6|         12|
    |i_fu_172              |   9|          2|    6|         12|
    +----------------------+----+-----------+-----+-----------+
    |Total                 |  49|         11|   15|         31|
    +----------------------+----+-----------+-----+-----------+

    * Register: 
    +---------------------+---+----+-----+-----------+
    |         Name        | FF| LUT| Bits| Const Bits|
    +---------------------+---+----+-----+-----------+
    |add_ln148_reg_496    |  6|   0|    6|          0|
    |ap_CS_fsm            |  2|   0|    2|          0|
    |ap_done_reg          |  1|   0|    1|          0|
    |i_fu_172             |  6|   0|    6|          0|
    |trunc_ln148_reg_506  |  5|   0|    5|          0|
    +---------------------+---+----+-----+-----------+
    |Total                | 20|   0|   20|          0|
    +---------------------+---+----+-----+-----------+



================================================================
== Interface
================================================================
* Summary: 
+----------------------------------------+-----+-----+------------+-------------------------------------+--------------+
|                RTL Ports               | Dir | Bits|  Protocol  |            Source Object            |    C Type    |
+----------------------------------------+-----+-----+------------+-------------------------------------+--------------+
|ap_clk                                  |   in|    1|  ap_ctrl_hs|  Block_entry_proc_Pipeline_LOAD_FC2W|  return value|
|ap_rst                                  |   in|    1|  ap_ctrl_hs|  Block_entry_proc_Pipeline_LOAD_FC2W|  return value|
|ap_start                                |   in|    1|  ap_ctrl_hs|  Block_entry_proc_Pipeline_LOAD_FC2W|  return value|
|ap_done                                 |  out|    1|  ap_ctrl_hs|  Block_entry_proc_Pipeline_LOAD_FC2W|  return value|
|ap_idle                                 |  out|    1|  ap_ctrl_hs|  Block_entry_proc_Pipeline_LOAD_FC2W|  return value|
|ap_ready                                |  out|    1|  ap_ctrl_hs|  Block_entry_proc_Pipeline_LOAD_FC2W|  return value|
|m_axi_W4mem_0_AWVALID                   |  out|    1|       m_axi|                                W4mem|       pointer|
|m_axi_W4mem_0_AWREADY                   |   in|    1|       m_axi|                                W4mem|       pointer|
|m_axi_W4mem_0_AWADDR                    |  out|   64|       m_axi|                                W4mem|       pointer|
|m_axi_W4mem_0_AWID                      |  out|    1|       m_axi|                                W4mem|       pointer|
|m_axi_W4mem_0_AWLEN                     |  out|   32|       m_axi|                                W4mem|       pointer|
|m_axi_W4mem_0_AWSIZE                    |  out|    3|       m_axi|                                W4mem|       pointer|
|m_axi_W4mem_0_AWBURST                   |  out|    2|       m_axi|                                W4mem|       pointer|
|m_axi_W4mem_0_AWLOCK                    |  out|    2|       m_axi|                                W4mem|       pointer|
|m_axi_W4mem_0_AWCACHE                   |  out|    4|       m_axi|                                W4mem|       pointer|
|m_axi_W4mem_0_AWPROT                    |  out|    3|       m_axi|                                W4mem|       pointer|
|m_axi_W4mem_0_AWQOS                     |  out|    4|       m_axi|                                W4mem|       pointer|
|m_axi_W4mem_0_AWREGION                  |  out|    4|       m_axi|                                W4mem|       pointer|
|m_axi_W4mem_0_AWUSER                    |  out|    1|       m_axi|                                W4mem|       pointer|
|m_axi_W4mem_0_WVALID                    |  out|    1|       m_axi|                                W4mem|       pointer|
|m_axi_W4mem_0_WREADY                    |   in|    1|       m_axi|                                W4mem|       pointer|
|m_axi_W4mem_0_WDATA                     |  out|   32|       m_axi|                                W4mem|       pointer|
|m_axi_W4mem_0_WSTRB                     |  out|    4|       m_axi|                                W4mem|       pointer|
|m_axi_W4mem_0_WLAST                     |  out|    1|       m_axi|                                W4mem|       pointer|
|m_axi_W4mem_0_WID                       |  out|    1|       m_axi|                                W4mem|       pointer|
|m_axi_W4mem_0_WUSER                     |  out|    1|       m_axi|                                W4mem|       pointer|
|m_axi_W4mem_0_ARVALID                   |  out|    1|       m_axi|                                W4mem|       pointer|
|m_axi_W4mem_0_ARREADY                   |   in|    1|       m_axi|                                W4mem|       pointer|
|m_axi_W4mem_0_ARADDR                    |  out|   64|       m_axi|                                W4mem|       pointer|
|m_axi_W4mem_0_ARID                      |  out|    1|       m_axi|                                W4mem|       pointer|
|m_axi_W4mem_0_ARLEN                     |  out|   32|       m_axi|                                W4mem|       pointer|
|m_axi_W4mem_0_ARSIZE                    |  out|    3|       m_axi|                                W4mem|       pointer|
|m_axi_W4mem_0_ARBURST                   |  out|    2|       m_axi|                                W4mem|       pointer|
|m_axi_W4mem_0_ARLOCK                    |  out|    2|       m_axi|                                W4mem|       pointer|
|m_axi_W4mem_0_ARCACHE                   |  out|    4|       m_axi|                                W4mem|       pointer|
|m_axi_W4mem_0_ARPROT                    |  out|    3|       m_axi|                                W4mem|       pointer|
|m_axi_W4mem_0_ARQOS                     |  out|    4|       m_axi|                                W4mem|       pointer|
|m_axi_W4mem_0_ARREGION                  |  out|    4|       m_axi|                                W4mem|       pointer|
|m_axi_W4mem_0_ARUSER                    |  out|    1|       m_axi|                                W4mem|       pointer|
|m_axi_W4mem_0_RVALID                    |   in|    1|       m_axi|                                W4mem|       pointer|
|m_axi_W4mem_0_RREADY                    |  out|    1|       m_axi|                                W4mem|       pointer|
|m_axi_W4mem_0_RDATA                     |   in|   32|       m_axi|                                W4mem|       pointer|
|m_axi_W4mem_0_RLAST                     |   in|    1|       m_axi|                                W4mem|       pointer|
|m_axi_W4mem_0_RID                       |   in|    1|       m_axi|                                W4mem|       pointer|
|m_axi_W4mem_0_RFIFONUM                  |   in|    9|       m_axi|                                W4mem|       pointer|
|m_axi_W4mem_0_RUSER                     |   in|    1|       m_axi|                                W4mem|       pointer|
|m_axi_W4mem_0_RRESP                     |   in|    2|       m_axi|                                W4mem|       pointer|
|m_axi_W4mem_0_BVALID                    |   in|    1|       m_axi|                                W4mem|       pointer|
|m_axi_W4mem_0_BREADY                    |  out|    1|       m_axi|                                W4mem|       pointer|
|m_axi_W4mem_0_BRESP                     |   in|    2|       m_axi|                                W4mem|       pointer|
|m_axi_W4mem_0_BID                       |   in|    1|       m_axi|                                W4mem|       pointer|
|m_axi_W4mem_0_BUSER                     |   in|    1|       m_axi|                                W4mem|       pointer|
|sext_ln148                              |   in|   62|     ap_none|                           sext_ln148|        scalar|
|p_ZZ9cnn_accelE11fc2_w_local_30         |  out|   32|      ap_vld|      p_ZZ9cnn_accelE11fc2_w_local_30|       pointer|
|p_ZZ9cnn_accelE11fc2_w_local_30_ap_vld  |  out|    1|      ap_vld|      p_ZZ9cnn_accelE11fc2_w_local_30|       pointer|
|p_ZZ9cnn_accelE11fc2_w_local_29         |  out|   32|      ap_vld|      p_ZZ9cnn_accelE11fc2_w_local_29|       pointer|
|p_ZZ9cnn_accelE11fc2_w_local_29_ap_vld  |  out|    1|      ap_vld|      p_ZZ9cnn_accelE11fc2_w_local_29|       pointer|
|p_ZZ9cnn_accelE11fc2_w_local_28         |  out|   32|      ap_vld|      p_ZZ9cnn_accelE11fc2_w_local_28|       pointer|
|p_ZZ9cnn_accelE11fc2_w_local_28_ap_vld  |  out|    1|      ap_vld|      p_ZZ9cnn_accelE11fc2_w_local_28|       pointer|
|p_ZZ9cnn_accelE11fc2_w_local_27         |  out|   32|      ap_vld|      p_ZZ9cnn_accelE11fc2_w_local_27|       pointer|
|p_ZZ9cnn_accelE11fc2_w_local_27_ap_vld  |  out|    1|      ap_vld|      p_ZZ9cnn_accelE11fc2_w_local_27|       pointer|
|p_ZZ9cnn_accelE11fc2_w_local_26         |  out|   32|      ap_vld|      p_ZZ9cnn_accelE11fc2_w_local_26|       pointer|
|p_ZZ9cnn_accelE11fc2_w_local_26_ap_vld  |  out|    1|      ap_vld|      p_ZZ9cnn_accelE11fc2_w_local_26|       pointer|
|p_ZZ9cnn_accelE11fc2_w_local_25         |  out|   32|      ap_vld|      p_ZZ9cnn_accelE11fc2_w_local_25|       pointer|
|p_ZZ9cnn_accelE11fc2_w_local_25_ap_vld  |  out|    1|      ap_vld|      p_ZZ9cnn_accelE11fc2_w_local_25|       pointer|
|p_ZZ9cnn_accelE11fc2_w_local_24         |  out|   32|      ap_vld|      p_ZZ9cnn_accelE11fc2_w_local_24|       pointer|
|p_ZZ9cnn_accelE11fc2_w_local_24_ap_vld  |  out|    1|      ap_vld|      p_ZZ9cnn_accelE11fc2_w_local_24|       pointer|
|p_ZZ9cnn_accelE11fc2_w_local_23         |  out|   32|      ap_vld|      p_ZZ9cnn_accelE11fc2_w_local_23|       pointer|
|p_ZZ9cnn_accelE11fc2_w_local_23_ap_vld  |  out|    1|      ap_vld|      p_ZZ9cnn_accelE11fc2_w_local_23|       pointer|
|p_ZZ9cnn_accelE11fc2_w_local_22         |  out|   32|      ap_vld|      p_ZZ9cnn_accelE11fc2_w_local_22|       pointer|
|p_ZZ9cnn_accelE11fc2_w_local_22_ap_vld  |  out|    1|      ap_vld|      p_ZZ9cnn_accelE11fc2_w_local_22|       pointer|
|p_ZZ9cnn_accelE11fc2_w_local_21         |  out|   32|      ap_vld|      p_ZZ9cnn_accelE11fc2_w_local_21|       pointer|
|p_ZZ9cnn_accelE11fc2_w_local_21_ap_vld  |  out|    1|      ap_vld|      p_ZZ9cnn_accelE11fc2_w_local_21|       pointer|
|p_ZZ9cnn_accelE11fc2_w_local_20         |  out|   32|      ap_vld|      p_ZZ9cnn_accelE11fc2_w_local_20|       pointer|
|p_ZZ9cnn_accelE11fc2_w_local_20_ap_vld  |  out|    1|      ap_vld|      p_ZZ9cnn_accelE11fc2_w_local_20|       pointer|
|p_ZZ9cnn_accelE11fc2_w_local_19         |  out|   32|      ap_vld|      p_ZZ9cnn_accelE11fc2_w_local_19|       pointer|
|p_ZZ9cnn_accelE11fc2_w_local_19_ap_vld  |  out|    1|      ap_vld|      p_ZZ9cnn_accelE11fc2_w_local_19|       pointer|
|p_ZZ9cnn_accelE11fc2_w_local_18         |  out|   32|      ap_vld|      p_ZZ9cnn_accelE11fc2_w_local_18|       pointer|
|p_ZZ9cnn_accelE11fc2_w_local_18_ap_vld  |  out|    1|      ap_vld|      p_ZZ9cnn_accelE11fc2_w_local_18|       pointer|
|p_ZZ9cnn_accelE11fc2_w_local_17         |  out|   32|      ap_vld|      p_ZZ9cnn_accelE11fc2_w_local_17|       pointer|
|p_ZZ9cnn_accelE11fc2_w_local_17_ap_vld  |  out|    1|      ap_vld|      p_ZZ9cnn_accelE11fc2_w_local_17|       pointer|
|p_ZZ9cnn_accelE11fc2_w_local_16         |  out|   32|      ap_vld|      p_ZZ9cnn_accelE11fc2_w_local_16|       pointer|
|p_ZZ9cnn_accelE11fc2_w_local_16_ap_vld  |  out|    1|      ap_vld|      p_ZZ9cnn_accelE11fc2_w_local_16|       pointer|
|p_ZZ9cnn_accelE11fc2_w_local_15         |  out|   32|      ap_vld|      p_ZZ9cnn_accelE11fc2_w_local_15|       pointer|
|p_ZZ9cnn_accelE11fc2_w_local_15_ap_vld  |  out|    1|      ap_vld|      p_ZZ9cnn_accelE11fc2_w_local_15|       pointer|
|p_ZZ9cnn_accelE11fc2_w_local_14         |  out|   32|      ap_vld|      p_ZZ9cnn_accelE11fc2_w_local_14|       pointer|
|p_ZZ9cnn_accelE11fc2_w_local_14_ap_vld  |  out|    1|      ap_vld|      p_ZZ9cnn_accelE11fc2_w_local_14|       pointer|
|p_ZZ9cnn_accelE11fc2_w_local_13         |  out|   32|      ap_vld|      p_ZZ9cnn_accelE11fc2_w_local_13|       pointer|
|p_ZZ9cnn_accelE11fc2_w_local_13_ap_vld  |  out|    1|      ap_vld|      p_ZZ9cnn_accelE11fc2_w_local_13|       pointer|
|p_ZZ9cnn_accelE11fc2_w_local_12         |  out|   32|      ap_vld|      p_ZZ9cnn_accelE11fc2_w_local_12|       pointer|
|p_ZZ9cnn_accelE11fc2_w_local_12_ap_vld  |  out|    1|      ap_vld|      p_ZZ9cnn_accelE11fc2_w_local_12|       pointer|
|p_ZZ9cnn_accelE11fc2_w_local_11         |  out|   32|      ap_vld|      p_ZZ9cnn_accelE11fc2_w_local_11|       pointer|
|p_ZZ9cnn_accelE11fc2_w_local_11_ap_vld  |  out|    1|      ap_vld|      p_ZZ9cnn_accelE11fc2_w_local_11|       pointer|
|p_ZZ9cnn_accelE11fc2_w_local_10         |  out|   32|      ap_vld|      p_ZZ9cnn_accelE11fc2_w_local_10|       pointer|
|p_ZZ9cnn_accelE11fc2_w_local_10_ap_vld  |  out|    1|      ap_vld|      p_ZZ9cnn_accelE11fc2_w_local_10|       pointer|
|fc2_w_local_59                          |  out|   32|      ap_vld|                       fc2_w_local_59|       pointer|
|fc2_w_local_59_ap_vld                   |  out|    1|      ap_vld|                       fc2_w_local_59|       pointer|
|fc2_w_local_58                          |  out|   32|      ap_vld|                       fc2_w_local_58|       pointer|
|fc2_w_local_58_ap_vld                   |  out|    1|      ap_vld|                       fc2_w_local_58|       pointer|
|fc2_w_local_57                          |  out|   32|      ap_vld|                       fc2_w_local_57|       pointer|
|fc2_w_local_57_ap_vld                   |  out|    1|      ap_vld|                       fc2_w_local_57|       pointer|
|fc2_w_local_56                          |  out|   32|      ap_vld|                       fc2_w_local_56|       pointer|
|fc2_w_local_56_ap_vld                   |  out|    1|      ap_vld|                       fc2_w_local_56|       pointer|
|fc2_w_local_55                          |  out|   32|      ap_vld|                       fc2_w_local_55|       pointer|
|fc2_w_local_55_ap_vld                   |  out|    1|      ap_vld|                       fc2_w_local_55|       pointer|
|fc2_w_local_54                          |  out|   32|      ap_vld|                       fc2_w_local_54|       pointer|
|fc2_w_local_54_ap_vld                   |  out|    1|      ap_vld|                       fc2_w_local_54|       pointer|
|fc2_w_local_53                          |  out|   32|      ap_vld|                       fc2_w_local_53|       pointer|
|fc2_w_local_53_ap_vld                   |  out|    1|      ap_vld|                       fc2_w_local_53|       pointer|
|fc2_w_local_52                          |  out|   32|      ap_vld|                       fc2_w_local_52|       pointer|
|fc2_w_local_52_ap_vld                   |  out|    1|      ap_vld|                       fc2_w_local_52|       pointer|
|fc2_w_local_51                          |  out|   32|      ap_vld|                       fc2_w_local_51|       pointer|
|fc2_w_local_51_ap_vld                   |  out|    1|      ap_vld|                       fc2_w_local_51|       pointer|
|fc2_w_local                             |  out|   32|      ap_vld|                          fc2_w_local|       pointer|
|fc2_w_local_ap_vld                      |  out|    1|      ap_vld|                          fc2_w_local|       pointer|
|p_ZZ9cnn_accelE11fc2_w_local_31         |  out|   32|      ap_vld|      p_ZZ9cnn_accelE11fc2_w_local_31|       pointer|
|p_ZZ9cnn_accelE11fc2_w_local_31_ap_vld  |  out|    1|      ap_vld|      p_ZZ9cnn_accelE11fc2_w_local_31|       pointer|
+----------------------------------------+-----+-----+------------+-------------------------------------+--------------+

