

================================================================
== Vitis HLS Report for 'Block_entry_proc_Pipeline_LOAD_B2'
================================================================
* Date:           Tue Jul  8 02:26:25 2025

* Version:        2025.1 (Build 6135595 on May 21 2025)
* Project:        cnn_accel
* Solution:       hls (Vivado IP Flow Target)
* Product family: artix7
* Target device:  xc7a100t-fgg484-2L


================================================================
== Performance Estimates
================================================================
+ Timing: 
    * Summary: 
    +--------+----------+----------+------------+
    |  Clock |  Target  | Estimated| Uncertainty|
    +--------+----------+----------+------------+
    |ap_clk  |  10.00 ns|  7.300 ns|     2.70 ns|
    +--------+----------+----------+------------+

+ Latency: 
    * Summary: 
    +---------+---------+----------+----------+-----+-----+------------------------------------------------+
    |  Latency (cycles) |  Latency (absolute) |  Interval |                    Pipeline                    |
    |   min   |   max   |    min   |    max   | min | max |                      Type                      |
    +---------+---------+----------+----------+-----+-----+------------------------------------------------+
    |       34|       34|  0.340 us|  0.340 us|   33|   33|  loop auto-rewind stp (delay=0 clock cycles(s))|
    +---------+---------+----------+----------+-----+-----+------------------------------------------------+

    + Detail: 
        * Instance: 
        N/A

        * Loop: 
        +-----------+---------+---------+----------+-----------+-----------+------+----------+
        |           |  Latency (cycles) | Iteration|  Initiation Interval  | Trip |          |
        | Loop Name |   min   |   max   |  Latency |  achieved |   target  | Count| Pipelined|
        +-----------+---------+---------+----------+-----------+-----------+------+----------+
        |- LOAD_B2  |       32|       32|         2|          2|          3|    16|       yes|
        +-----------+---------+---------+----------+-----------+-----------+------+----------+



================================================================
== Utilization Estimates
================================================================
* Summary: 
+-----------------+---------+-----+--------+-------+-----+
|       Name      | BRAM_18K| DSP |   FF   |  LUT  | URAM|
+-----------------+---------+-----+--------+-------+-----+
|DSP              |        -|    -|       -|      -|    -|
|Expression       |        -|    -|       0|     27|    -|
|FIFO             |        -|    -|       -|      -|    -|
|Instance         |        -|    -|       -|      -|    -|
|Memory           |        -|    -|       -|      -|    -|
|Multiplexer      |        -|    -|       0|     49|    -|
|Register         |        -|    -|      17|      -|    -|
+-----------------+---------+-----+--------+-------+-----+
|Total            |        0|    0|      17|     76|    0|
+-----------------+---------+-----+--------+-------+-----+
|Available        |      270|  240|  126800|  63400|    0|
+-----------------+---------+-----+--------+-------+-----+
|Utilization (%)  |        0|    0|      ~0|     ~0|    0|
+-----------------+---------+-----+--------+-------+-----+

+ Detail: 
    * Instance: 
    N/A

    * DSP: 
    N/A

    * Memory: 
    N/A

    * FIFO: 
    N/A

    * Expression: 
    +----------------------+----------+----+---+----+------------+------------+
    |     Variable Name    | Operation| DSP| FF| LUT| Bitwidth P0| Bitwidth P1|
    +----------------------+----------+----+---+----+------------+------------+
    |add_ln136_fu_139_p2   |         +|   0|  0|  13|           5|           1|
    |icmp_ln136_fu_133_p2  |      icmp|   0|  0|  14|           5|           6|
    +----------------------+----------+----+---+----+------------+------------+
    |Total                 |          |   0|  0|  27|          10|           7|
    +----------------------+----------+----+---+----+------------+------------+

    * Multiplexer: 
    +--------------------+----+-----------+-----+-----------+
    |        Name        | LUT| Input Size| Bits| Total Bits|
    +--------------------+----+-----------+-----+-----------+
    |B2mem_blk_n_R       |   9|          2|    1|          2|
    |ap_NS_fsm           |  13|          3|    1|          3|
    |ap_done_int         |   9|          2|    1|          2|
    |ap_sig_allocacmp_i  |   9|          2|    5|         10|
    |i_3_fu_106          |   9|          2|    5|         10|
    +--------------------+----+-----------+-----+-----------+
    |Total               |  49|         11|   13|         27|
    +--------------------+----+-----------+-----+-----------+

    * Register: 
    +---------------------+---+----+-----+-----------+
    |         Name        | FF| LUT| Bits| Const Bits|
    +---------------------+---+----+-----+-----------+
    |add_ln136_reg_302    |  5|   0|    5|          0|
    |ap_CS_fsm            |  2|   0|    2|          0|
    |ap_done_reg          |  1|   0|    1|          0|
    |i_3_fu_106           |  5|   0|    5|          0|
    |trunc_ln136_reg_312  |  4|   0|    4|          0|
    +---------------------+---+----+-----+-----------+
    |Total                | 17|   0|   17|          0|
    +---------------------+---+----+-----+-----------+



================================================================
== Interface
================================================================
* Summary: 
+------------------------------------+-----+-----+------------+-----------------------------------+--------------+
|              RTL Ports             | Dir | Bits|  Protocol  |           Source Object           |    C Type    |
+------------------------------------+-----+-----+------------+-----------------------------------+--------------+
|ap_clk                              |   in|    1|  ap_ctrl_hs|  Block_entry_proc_Pipeline_LOAD_B2|  return value|
|ap_rst                              |   in|    1|  ap_ctrl_hs|  Block_entry_proc_Pipeline_LOAD_B2|  return value|
|ap_start                            |   in|    1|  ap_ctrl_hs|  Block_entry_proc_Pipeline_LOAD_B2|  return value|
|ap_done                             |  out|    1|  ap_ctrl_hs|  Block_entry_proc_Pipeline_LOAD_B2|  return value|
|ap_idle                             |  out|    1|  ap_ctrl_hs|  Block_entry_proc_Pipeline_LOAD_B2|  return value|
|ap_ready                            |  out|    1|  ap_ctrl_hs|  Block_entry_proc_Pipeline_LOAD_B2|  return value|
|m_axi_B2mem_0_AWVALID               |  out|    1|       m_axi|                              B2mem|       pointer|
|m_axi_B2mem_0_AWREADY               |   in|    1|       m_axi|                              B2mem|       pointer|
|m_axi_B2mem_0_AWADDR                |  out|   64|       m_axi|                              B2mem|       pointer|
|m_axi_B2mem_0_AWID                  |  out|    1|       m_axi|                              B2mem|       pointer|
|m_axi_B2mem_0_AWLEN                 |  out|   32|       m_axi|                              B2mem|       pointer|
|m_axi_B2mem_0_AWSIZE                |  out|    3|       m_axi|                              B2mem|       pointer|
|m_axi_B2mem_0_AWBURST               |  out|    2|       m_axi|                              B2mem|       pointer|
|m_axi_B2mem_0_AWLOCK                |  out|    2|       m_axi|                              B2mem|       pointer|
|m_axi_B2mem_0_AWCACHE               |  out|    4|       m_axi|                              B2mem|       pointer|
|m_axi_B2mem_0_AWPROT                |  out|    3|       m_axi|                              B2mem|       pointer|
|m_axi_B2mem_0_AWQOS                 |  out|    4|       m_axi|                              B2mem|       pointer|
|m_axi_B2mem_0_AWREGION              |  out|    4|       m_axi|                              B2mem|       pointer|
|m_axi_B2mem_0_AWUSER                |  out|    1|       m_axi|                              B2mem|       pointer|
|m_axi_B2mem_0_WVALID                |  out|    1|       m_axi|                              B2mem|       pointer|
|m_axi_B2mem_0_WREADY                |   in|    1|       m_axi|                              B2mem|       pointer|
|m_axi_B2mem_0_WDATA                 |  out|   32|       m_axi|                              B2mem|       pointer|
|m_axi_B2mem_0_WSTRB                 |  out|    4|       m_axi|                              B2mem|       pointer|
|m_axi_B2mem_0_WLAST                 |  out|    1|       m_axi|                              B2mem|       pointer|
|m_axi_B2mem_0_WID                   |  out|    1|       m_axi|                              B2mem|       pointer|
|m_axi_B2mem_0_WUSER                 |  out|    1|       m_axi|                              B2mem|       pointer|
|m_axi_B2mem_0_ARVALID               |  out|    1|       m_axi|                              B2mem|       pointer|
|m_axi_B2mem_0_ARREADY               |   in|    1|       m_axi|                              B2mem|       pointer|
|m_axi_B2mem_0_ARADDR                |  out|   64|       m_axi|                              B2mem|       pointer|
|m_axi_B2mem_0_ARID                  |  out|    1|       m_axi|                              B2mem|       pointer|
|m_axi_B2mem_0_ARLEN                 |  out|   32|       m_axi|                              B2mem|       pointer|
|m_axi_B2mem_0_ARSIZE                |  out|    3|       m_axi|                              B2mem|       pointer|
|m_axi_B2mem_0_ARBURST               |  out|    2|       m_axi|                              B2mem|       pointer|
|m_axi_B2mem_0_ARLOCK                |  out|    2|       m_axi|                              B2mem|       pointer|
|m_axi_B2mem_0_ARCACHE               |  out|    4|       m_axi|                              B2mem|       pointer|
|m_axi_B2mem_0_ARPROT                |  out|    3|       m_axi|                              B2mem|       pointer|
|m_axi_B2mem_0_ARQOS                 |  out|    4|       m_axi|                              B2mem|       pointer|
|m_axi_B2mem_0_ARREGION              |  out|    4|       m_axi|                              B2mem|       pointer|
|m_axi_B2mem_0_ARUSER                |  out|    1|       m_axi|                              B2mem|       pointer|
|m_axi_B2mem_0_RVALID                |   in|    1|       m_axi|                              B2mem|       pointer|
|m_axi_B2mem_0_RREADY                |  out|    1|       m_axi|                              B2mem|       pointer|
|m_axi_B2mem_0_RDATA                 |   in|   32|       m_axi|                              B2mem|       pointer|
|m_axi_B2mem_0_RLAST                 |   in|    1|       m_axi|                              B2mem|       pointer|
|m_axi_B2mem_0_RID                   |   in|    1|       m_axi|                              B2mem|       pointer|
|m_axi_B2mem_0_RFIFONUM              |   in|    9|       m_axi|                              B2mem|       pointer|
|m_axi_B2mem_0_RUSER                 |   in|    1|       m_axi|                              B2mem|       pointer|
|m_axi_B2mem_0_RRESP                 |   in|    2|       m_axi|                              B2mem|       pointer|
|m_axi_B2mem_0_BVALID                |   in|    1|       m_axi|                              B2mem|       pointer|
|m_axi_B2mem_0_BREADY                |  out|    1|       m_axi|                              B2mem|       pointer|
|m_axi_B2mem_0_BRESP                 |   in|    2|       m_axi|                              B2mem|       pointer|
|m_axi_B2mem_0_BID                   |   in|    1|       m_axi|                              B2mem|       pointer|
|m_axi_B2mem_0_BUSER                 |   in|    1|       m_axi|                              B2mem|       pointer|
|sext_ln136                          |   in|   62|     ap_none|                         sext_ln136|        scalar|
|p_ZZ9cnn_accelE8b2_local_14         |  out|   32|      ap_vld|        p_ZZ9cnn_accelE8b2_local_14|       pointer|
|p_ZZ9cnn_accelE8b2_local_14_ap_vld  |  out|    1|      ap_vld|        p_ZZ9cnn_accelE8b2_local_14|       pointer|
|p_ZZ9cnn_accelE8b2_local_13         |  out|   32|      ap_vld|        p_ZZ9cnn_accelE8b2_local_13|       pointer|
|p_ZZ9cnn_accelE8b2_local_13_ap_vld  |  out|    1|      ap_vld|        p_ZZ9cnn_accelE8b2_local_13|       pointer|
|p_ZZ9cnn_accelE8b2_local_12         |  out|   32|      ap_vld|        p_ZZ9cnn_accelE8b2_local_12|       pointer|
|p_ZZ9cnn_accelE8b2_local_12_ap_vld  |  out|    1|      ap_vld|        p_ZZ9cnn_accelE8b2_local_12|       pointer|
|p_ZZ9cnn_accelE8b2_local_11         |  out|   32|      ap_vld|        p_ZZ9cnn_accelE8b2_local_11|       pointer|
|p_ZZ9cnn_accelE8b2_local_11_ap_vld  |  out|    1|      ap_vld|        p_ZZ9cnn_accelE8b2_local_11|       pointer|
|p_ZZ9cnn_accelE8b2_local_10         |  out|   32|      ap_vld|        p_ZZ9cnn_accelE8b2_local_10|       pointer|
|p_ZZ9cnn_accelE8b2_local_10_ap_vld  |  out|    1|      ap_vld|        p_ZZ9cnn_accelE8b2_local_10|       pointer|
|b2_local_34                         |  out|   32|      ap_vld|                        b2_local_34|       pointer|
|b2_local_34_ap_vld                  |  out|    1|      ap_vld|                        b2_local_34|       pointer|
|b2_local_33                         |  out|   32|      ap_vld|                        b2_local_33|       pointer|
|b2_local_33_ap_vld                  |  out|    1|      ap_vld|                        b2_local_33|       pointer|
|b2_local_32                         |  out|   32|      ap_vld|                        b2_local_32|       pointer|
|b2_local_32_ap_vld                  |  out|    1|      ap_vld|                        b2_local_32|       pointer|
|b2_local_31                         |  out|   32|      ap_vld|                        b2_local_31|       pointer|
|b2_local_31_ap_vld                  |  out|    1|      ap_vld|                        b2_local_31|       pointer|
|b2_local_30                         |  out|   32|      ap_vld|                        b2_local_30|       pointer|
|b2_local_30_ap_vld                  |  out|    1|      ap_vld|                        b2_local_30|       pointer|
|b2_local_29                         |  out|   32|      ap_vld|                        b2_local_29|       pointer|
|b2_local_29_ap_vld                  |  out|    1|      ap_vld|                        b2_local_29|       pointer|
|b2_local_28                         |  out|   32|      ap_vld|                        b2_local_28|       pointer|
|b2_local_28_ap_vld                  |  out|    1|      ap_vld|                        b2_local_28|       pointer|
|b2_local_27                         |  out|   32|      ap_vld|                        b2_local_27|       pointer|
|b2_local_27_ap_vld                  |  out|    1|      ap_vld|                        b2_local_27|       pointer|
|b2_local_26                         |  out|   32|      ap_vld|                        b2_local_26|       pointer|
|b2_local_26_ap_vld                  |  out|    1|      ap_vld|                        b2_local_26|       pointer|
|b2_local                            |  out|   32|      ap_vld|                           b2_local|       pointer|
|b2_local_ap_vld                     |  out|    1|      ap_vld|                           b2_local|       pointer|
|p_ZZ9cnn_accelE8b2_local_15         |  out|   32|      ap_vld|        p_ZZ9cnn_accelE8b2_local_15|       pointer|
|p_ZZ9cnn_accelE8b2_local_15_ap_vld  |  out|    1|      ap_vld|        p_ZZ9cnn_accelE8b2_local_15|       pointer|
+------------------------------------+-----+-----+------------+-----------------------------------+--------------+

