

================================================================
== Vitis HLS Report for 'Block_entry_proc'
================================================================
* Date:           Wed Jul  9 22:27:43 2025

* Version:        2025.1 (Build 6135595 on May 21 2025)
* Project:        cnn_accel
* Solution:       hls (Vivado IP Flow Target)
* Product family: artix7
* Target device:  xc7a100t-fgg484-2L


================================================================
== Performance Estimates
================================================================
+ Timing: 
    * Summary: 
    +--------+----------+----------+------------+
    |  Clock |  Target  | Estimated| Uncertainty|
    +--------+----------+----------+------------+
    |ap_clk  |  10.00 ns|  7.300 ns|     2.70 ns|
    +--------+----------+----------+------------+

+ Latency: 
    * Summary: 
    +---------+---------+-----------+-----------+-----+---------+---------+
    |  Latency (cycles) |   Latency (absolute)  |    Interval   | Pipeline|
    |   min   |   max   |    min    |    max    | min |   max   |   Type  |
    +---------+---------+-----------+-----------+-----+---------+---------+
    |        2|  7337000|  20.000 ns|  73.370 ms|    2|  7337000|       no|
    +---------+---------+-----------+-----------+-----+---------+---------+

    + Detail: 
        * Instance: 
        +---------------------------+----------------+---------+---------+-----------+-----------+---------+---------+------------------------------------------------+
        |                           |                |  Latency (cycles) |   Latency (absolute)  |      Interval     |                    Pipeline                    |
        |          Instance         |     Module     |   min   |   max   |    min    |    max    |   min   |   max   |                      Type                      |
        +---------------------------+----------------+---------+---------+-----------+-----------+---------+---------+------------------------------------------------+
        |grp_stream_img_fu_112      |stream_img      |   230412|   230412|   2.304 ms|   2.304 ms|   230412|   230412|                                              no|
        |grp_fc2_fu_121             |fc2             |        6|        6|  60.000 ns|  60.000 ns|        6|        6|                                              no|
        |grp_conv1_stream_fu_129    |conv1_stream    |   922081|  2304481|   9.221 ms|  23.045 ms|   922081|  2304481|                                              no|
        |grp_pool1_stream_fu_135    |pool1_stream    |  2421891|  2421891|  24.219 ms|  24.219 ms|  2421890|  2421890|  loop auto-rewind stp (delay=0 clock cycles(s))|
        |grp_conv2_stream_fu_143    |conv2_stream    |   416501|  1059815|   4.165 ms|  10.598 ms|   416501|  1059815|                                              no|
        |grp_pool2_stream_fu_149    |pool2_stream    |  1175619|  1175619|  11.756 ms|  11.756 ms|  1175618|  1175618|  loop auto-rewind stp (delay=0 clock cycles(s))|
        |grp_flatten_stream_fu_157  |flatten_stream  |   144770|   144770|   1.448 ms|   1.448 ms|   144769|   144769|  loop auto-rewind stp (delay=0 clock cycles(s))|
        +---------------------------+----------------+---------+---------+-----------+-----------+---------+---------+------------------------------------------------+

        * Loop: 
        N/A



================================================================
== Utilization Estimates
================================================================
* Summary: 
+-----------------+---------+-----+--------+-------+-----+
|       Name      | BRAM_18K| DSP |   FF   |  LUT  | URAM|
+-----------------+---------+-----+--------+-------+-----+
|DSP              |        -|    -|       -|      -|    -|
|Expression       |        -|    -|       0|     45|    -|
|FIFO             |        -|    -|     495|    340|    -|
|Instance         |        1|    -|     582|   2037|    0|
|Memory           |        -|    -|       -|      -|    -|
|Multiplexer      |        -|    -|       0|    156|    -|
|Register         |        -|    -|     150|      -|    -|
+-----------------+---------+-----+--------+-------+-----+
|Total            |        1|    0|    1227|   2578|    0|
+-----------------+---------+-----+--------+-------+-----+
|Available        |      270|  240|  126800|  63400|    0|
+-----------------+---------+-----+--------+-------+-----+
|Utilization (%)  |       ~0|    0|      ~0|      4|    0|
+-----------------+---------+-----+--------+-------+-----+

+ Detail: 
    * Instance: 
    +---------------------------+----------------+---------+----+-----+-----+-----+
    |          Instance         |     Module     | BRAM_18K| DSP|  FF | LUT | URAM|
    +---------------------------+----------------+---------+----+-----+-----+-----+
    |grp_conv1_stream_fu_129    |conv1_stream    |        0|   0|   56|  286|    0|
    |grp_conv2_stream_fu_143    |conv2_stream    |        0|   0|   55|  288|    0|
    |grp_fc2_fu_121             |fc2             |        0|   0|    7|   60|    0|
    |grp_flatten_stream_fu_157  |flatten_stream  |        0|   0|   20|   97|    0|
    |grp_pool1_stream_fu_135    |pool1_stream    |        0|   0|  174|  513|    0|
    |grp_pool2_stream_fu_149    |pool2_stream    |        1|   0|  157|  502|    0|
    |grp_stream_img_fu_112      |stream_img      |        0|   0|  113|  291|    0|
    +---------------------------+----------------+---------+----+-----+-----+-----+
    |Total                      |                |        1|   0|  582| 2037|    0|
    +---------------------------+----------------+---------+----+-----+-----+-----+

    * DSP: 
    N/A

    * Memory: 
    N/A

    * FIFO: 
    +---------------------+---------+----+----+-----+------+-----+---------+
    |         Name        | BRAM_18K| FF | LUT| URAM| Depth| Bits| Size:D*B|
    +---------------------+---------+----+----+-----+------+-----+---------+
    |feat1_p_strm_fifo_U  |        0|  99|   0|    -|     2|   16|       32|
    |feat1_strm_fifo_U    |        0|  99|   0|    -|     2|   16|       32|
    |feat2_p_strm_fifo_U  |        0|  99|   0|    -|     2|   16|       32|
    |feat2_strm_fifo_U    |        0|  99|   0|    -|     2|   16|       32|
    |img_strm_fifo_U      |        0|  99|   0|    -|     2|   16|       32|
    +---------------------+---------+----+----+-----+------+-----+---------+
    |Total                |        0| 495|   0|    0|    10|   80|      160|
    +---------------------+---------+----+----+-----+------+-----+---------+

    * Expression: 
    +----------------------------------+----------+----+---+----+------------+------------+
    |           Variable Name          | Operation| DSP| FF| LUT| Bitwidth P0| Bitwidth P1|
    +----------------------------------+----------+----+---+----+------------+------------+
    |ap_block_state13_on_subcall_done  |       and|   0|  0|   2|           1|           1|
    |icmp_ln291_fu_162_p2              |      icmp|   0|  0|  39|          32|           1|
    |ap_block_state1                   |        or|   0|  0|   2|           1|           1|
    |ap_block_state3_on_subcall_done   |        or|   0|  0|   2|           1|           1|
    +----------------------------------+----------+----+---+----+------------+------------+
    |Total                             |          |   0|  0|  45|          35|           4|
    +----------------------------------+----------+----+---+----+------------+------------+

    * Multiplexer: 
    +--------------------+----+-----------+-----+-----------+
    |        Name        | LUT| Input Size| Bits| Total Bits|
    +--------------------+----+-----------+-----+-----------+
    |ap_NS_fsm           |  57|         14|    1|         14|
    |ap_done             |   9|          2|    1|          2|
    |feat1_p_strm_read   |   9|          2|    1|          2|
    |feat1_p_strm_write  |   9|          2|    1|          2|
    |feat1_strm_read     |   9|          2|    1|          2|
    |feat1_strm_write    |   9|          2|    1|          2|
    |feat2_p_strm_read   |   9|          2|    1|          2|
    |feat2_p_strm_write  |   9|          2|    1|          2|
    |feat2_strm_read     |   9|          2|    1|          2|
    |feat2_strm_write    |   9|          2|    1|          2|
    |img_strm_read       |   9|          2|    1|          2|
    |img_strm_write      |   9|          2|    1|          2|
    +--------------------+----+-----------+-----+-----------+
    |Total               | 156|         36|   12|         36|
    +--------------------+----+-----------+-----+-----------+

    * Register: 
    +----------------------------------------+----+----+-----+-----------+
    |                  Name                  | FF | LUT| Bits| Const Bits|
    +----------------------------------------+----+----+-----+-----------+
    |ap_CS_fsm                               |  13|   0|   13|          0|
    |ap_done_reg                             |   1|   0|    1|          0|
    |flag_out_read_reg_202                   |  64|   0|   64|          0|
    |grp_conv1_stream_fu_129_ap_start_reg    |   1|   0|    1|          0|
    |grp_conv2_stream_fu_143_ap_start_reg    |   1|   0|    1|          0|
    |grp_fc2_fu_121_ap_start_reg             |   1|   0|    1|          0|
    |grp_flatten_stream_fu_157_ap_start_reg  |   1|   0|    1|          0|
    |grp_pool1_stream_fu_135_ap_start_reg    |   1|   0|    1|          0|
    |grp_pool2_stream_fu_149_ap_start_reg    |   1|   0|    1|          0|
    |grp_stream_img_fu_112_ap_start_reg      |   1|   0|    1|          0|
    |icmp_ln291_reg_198                      |   1|   0|    1|          0|
    |img_in_read_reg_207                     |  64|   0|   64|          0|
    +----------------------------------------+----+----+-----+-----------+
    |Total                                   | 150|   0|  150|          0|
    +----------------------------------------+----+----+-----+-----------+



================================================================
== Interface
================================================================
* Summary: 
+--------------------------+-----+-----+------------+------------------+--------------+
|         RTL Ports        | Dir | Bits|  Protocol  |   Source Object  |    C Type    |
+--------------------------+-----+-----+------------+------------------+--------------+
|ap_clk                    |   in|    1|  ap_ctrl_hs|  Block_entry_proc|  return value|
|ap_rst                    |   in|    1|  ap_ctrl_hs|  Block_entry_proc|  return value|
|ap_start                  |   in|    1|  ap_ctrl_hs|  Block_entry_proc|  return value|
|ap_done                   |  out|    1|  ap_ctrl_hs|  Block_entry_proc|  return value|
|ap_continue               |   in|    1|  ap_ctrl_hs|  Block_entry_proc|  return value|
|ap_idle                   |  out|    1|  ap_ctrl_hs|  Block_entry_proc|  return value|
|ap_ready                  |  out|    1|  ap_ctrl_hs|  Block_entry_proc|  return value|
|ctrl                      |   in|   32|     ap_none|              ctrl|        scalar|
|m_axi_IMGmem_0_AWVALID    |  out|    1|       m_axi|            IMGmem|       pointer|
|m_axi_IMGmem_0_AWREADY    |   in|    1|       m_axi|            IMGmem|       pointer|
|m_axi_IMGmem_0_AWADDR     |  out|   64|       m_axi|            IMGmem|       pointer|
|m_axi_IMGmem_0_AWID       |  out|    1|       m_axi|            IMGmem|       pointer|
|m_axi_IMGmem_0_AWLEN      |  out|   32|       m_axi|            IMGmem|       pointer|
|m_axi_IMGmem_0_AWSIZE     |  out|    3|       m_axi|            IMGmem|       pointer|
|m_axi_IMGmem_0_AWBURST    |  out|    2|       m_axi|            IMGmem|       pointer|
|m_axi_IMGmem_0_AWLOCK     |  out|    2|       m_axi|            IMGmem|       pointer|
|m_axi_IMGmem_0_AWCACHE    |  out|    4|       m_axi|            IMGmem|       pointer|
|m_axi_IMGmem_0_AWPROT     |  out|    3|       m_axi|            IMGmem|       pointer|
|m_axi_IMGmem_0_AWQOS      |  out|    4|       m_axi|            IMGmem|       pointer|
|m_axi_IMGmem_0_AWREGION   |  out|    4|       m_axi|            IMGmem|       pointer|
|m_axi_IMGmem_0_AWUSER     |  out|    1|       m_axi|            IMGmem|       pointer|
|m_axi_IMGmem_0_WVALID     |  out|    1|       m_axi|            IMGmem|       pointer|
|m_axi_IMGmem_0_WREADY     |   in|    1|       m_axi|            IMGmem|       pointer|
|m_axi_IMGmem_0_WDATA      |  out|   16|       m_axi|            IMGmem|       pointer|
|m_axi_IMGmem_0_WSTRB      |  out|    2|       m_axi|            IMGmem|       pointer|
|m_axi_IMGmem_0_WLAST      |  out|    1|       m_axi|            IMGmem|       pointer|
|m_axi_IMGmem_0_WID        |  out|    1|       m_axi|            IMGmem|       pointer|
|m_axi_IMGmem_0_WUSER      |  out|    1|       m_axi|            IMGmem|       pointer|
|m_axi_IMGmem_0_ARVALID    |  out|    1|       m_axi|            IMGmem|       pointer|
|m_axi_IMGmem_0_ARREADY    |   in|    1|       m_axi|            IMGmem|       pointer|
|m_axi_IMGmem_0_ARADDR     |  out|   64|       m_axi|            IMGmem|       pointer|
|m_axi_IMGmem_0_ARID       |  out|    1|       m_axi|            IMGmem|       pointer|
|m_axi_IMGmem_0_ARLEN      |  out|   32|       m_axi|            IMGmem|       pointer|
|m_axi_IMGmem_0_ARSIZE     |  out|    3|       m_axi|            IMGmem|       pointer|
|m_axi_IMGmem_0_ARBURST    |  out|    2|       m_axi|            IMGmem|       pointer|
|m_axi_IMGmem_0_ARLOCK     |  out|    2|       m_axi|            IMGmem|       pointer|
|m_axi_IMGmem_0_ARCACHE    |  out|    4|       m_axi|            IMGmem|       pointer|
|m_axi_IMGmem_0_ARPROT     |  out|    3|       m_axi|            IMGmem|       pointer|
|m_axi_IMGmem_0_ARQOS      |  out|    4|       m_axi|            IMGmem|       pointer|
|m_axi_IMGmem_0_ARREGION   |  out|    4|       m_axi|            IMGmem|       pointer|
|m_axi_IMGmem_0_ARUSER     |  out|    1|       m_axi|            IMGmem|       pointer|
|m_axi_IMGmem_0_RVALID     |   in|    1|       m_axi|            IMGmem|       pointer|
|m_axi_IMGmem_0_RREADY     |  out|    1|       m_axi|            IMGmem|       pointer|
|m_axi_IMGmem_0_RDATA      |   in|   16|       m_axi|            IMGmem|       pointer|
|m_axi_IMGmem_0_RLAST      |   in|    1|       m_axi|            IMGmem|       pointer|
|m_axi_IMGmem_0_RID        |   in|    1|       m_axi|            IMGmem|       pointer|
|m_axi_IMGmem_0_RFIFONUM   |   in|   10|       m_axi|            IMGmem|       pointer|
|m_axi_IMGmem_0_RUSER      |   in|    1|       m_axi|            IMGmem|       pointer|
|m_axi_IMGmem_0_RRESP      |   in|    2|       m_axi|            IMGmem|       pointer|
|m_axi_IMGmem_0_BVALID     |   in|    1|       m_axi|            IMGmem|       pointer|
|m_axi_IMGmem_0_BREADY     |  out|    1|       m_axi|            IMGmem|       pointer|
|m_axi_IMGmem_0_BRESP      |   in|    2|       m_axi|            IMGmem|       pointer|
|m_axi_IMGmem_0_BID        |   in|    1|       m_axi|            IMGmem|       pointer|
|m_axi_IMGmem_0_BUSER      |   in|    1|       m_axi|            IMGmem|       pointer|
|img_in                    |   in|   64|     ap_none|            img_in|        scalar|
|m_axi_Foutmem_0_AWVALID   |  out|    1|       m_axi|           Foutmem|       pointer|
|m_axi_Foutmem_0_AWREADY   |   in|    1|       m_axi|           Foutmem|       pointer|
|m_axi_Foutmem_0_AWADDR    |  out|   64|       m_axi|           Foutmem|       pointer|
|m_axi_Foutmem_0_AWID      |  out|    1|       m_axi|           Foutmem|       pointer|
|m_axi_Foutmem_0_AWLEN     |  out|   32|       m_axi|           Foutmem|       pointer|
|m_axi_Foutmem_0_AWSIZE    |  out|    3|       m_axi|           Foutmem|       pointer|
|m_axi_Foutmem_0_AWBURST   |  out|    2|       m_axi|           Foutmem|       pointer|
|m_axi_Foutmem_0_AWLOCK    |  out|    2|       m_axi|           Foutmem|       pointer|
|m_axi_Foutmem_0_AWCACHE   |  out|    4|       m_axi|           Foutmem|       pointer|
|m_axi_Foutmem_0_AWPROT    |  out|    3|       m_axi|           Foutmem|       pointer|
|m_axi_Foutmem_0_AWQOS     |  out|    4|       m_axi|           Foutmem|       pointer|
|m_axi_Foutmem_0_AWREGION  |  out|    4|       m_axi|           Foutmem|       pointer|
|m_axi_Foutmem_0_AWUSER    |  out|    1|       m_axi|           Foutmem|       pointer|
|m_axi_Foutmem_0_WVALID    |  out|    1|       m_axi|           Foutmem|       pointer|
|m_axi_Foutmem_0_WREADY    |   in|    1|       m_axi|           Foutmem|       pointer|
|m_axi_Foutmem_0_WDATA     |  out|    8|       m_axi|           Foutmem|       pointer|
|m_axi_Foutmem_0_WSTRB     |  out|    1|       m_axi|           Foutmem|       pointer|
|m_axi_Foutmem_0_WLAST     |  out|    1|       m_axi|           Foutmem|       pointer|
|m_axi_Foutmem_0_WID       |  out|    1|       m_axi|           Foutmem|       pointer|
|m_axi_Foutmem_0_WUSER     |  out|    1|       m_axi|           Foutmem|       pointer|
|m_axi_Foutmem_0_ARVALID   |  out|    1|       m_axi|           Foutmem|       pointer|
|m_axi_Foutmem_0_ARREADY   |   in|    1|       m_axi|           Foutmem|       pointer|
|m_axi_Foutmem_0_ARADDR    |  out|   64|       m_axi|           Foutmem|       pointer|
|m_axi_Foutmem_0_ARID      |  out|    1|       m_axi|           Foutmem|       pointer|
|m_axi_Foutmem_0_ARLEN     |  out|   32|       m_axi|           Foutmem|       pointer|
|m_axi_Foutmem_0_ARSIZE    |  out|    3|       m_axi|           Foutmem|       pointer|
|m_axi_Foutmem_0_ARBURST   |  out|    2|       m_axi|           Foutmem|       pointer|
|m_axi_Foutmem_0_ARLOCK    |  out|    2|       m_axi|           Foutmem|       pointer|
|m_axi_Foutmem_0_ARCACHE   |  out|    4|       m_axi|           Foutmem|       pointer|
|m_axi_Foutmem_0_ARPROT    |  out|    3|       m_axi|           Foutmem|       pointer|
|m_axi_Foutmem_0_ARQOS     |  out|    4|       m_axi|           Foutmem|       pointer|
|m_axi_Foutmem_0_ARREGION  |  out|    4|       m_axi|           Foutmem|       pointer|
|m_axi_Foutmem_0_ARUSER    |  out|    1|       m_axi|           Foutmem|       pointer|
|m_axi_Foutmem_0_RVALID    |   in|    1|       m_axi|           Foutmem|       pointer|
|m_axi_Foutmem_0_RREADY    |  out|    1|       m_axi|           Foutmem|       pointer|
|m_axi_Foutmem_0_RDATA     |   in|    8|       m_axi|           Foutmem|       pointer|
|m_axi_Foutmem_0_RLAST     |   in|    1|       m_axi|           Foutmem|       pointer|
|m_axi_Foutmem_0_RID       |   in|    1|       m_axi|           Foutmem|       pointer|
|m_axi_Foutmem_0_RFIFONUM  |   in|   11|       m_axi|           Foutmem|       pointer|
|m_axi_Foutmem_0_RUSER     |   in|    1|       m_axi|           Foutmem|       pointer|
|m_axi_Foutmem_0_RRESP     |   in|    2|       m_axi|           Foutmem|       pointer|
|m_axi_Foutmem_0_BVALID    |   in|    1|       m_axi|           Foutmem|       pointer|
|m_axi_Foutmem_0_BREADY    |  out|    1|       m_axi|           Foutmem|       pointer|
|m_axi_Foutmem_0_BRESP     |   in|    2|       m_axi|           Foutmem|       pointer|
|m_axi_Foutmem_0_BID       |   in|    1|       m_axi|           Foutmem|       pointer|
|m_axi_Foutmem_0_BUSER     |   in|    1|       m_axi|           Foutmem|       pointer|
|flag_out                  |   in|   64|     ap_none|          flag_out|        scalar|
+--------------------------+-----+-----+------------+------------------+--------------+

