

================================================================
== Vitis HLS Report for 'cnn_accel_Pipeline_POOL1_ROW_POOL1_COL_POOL1_CH'
================================================================
* Date:           Fri Jul  4 17:05:28 2025

* Version:        2025.1 (Build 6135595 on May 21 2025)
* Project:        cnn_accel
* Solution:       hls (Vivado IP Flow Target)
* Product family: artix7
* Target device:  xc7a100t-fgg484-2L


================================================================
== Performance Estimates
================================================================
+ Timing: 
    * Summary: 
    +--------+----------+-----------+------------+
    |  Clock |  Target  | Estimated | Uncertainty|
    +--------+----------+-----------+------------+
    |ap_clk  |  20.00 ns|  10.999 ns|     5.40 ns|
    +--------+----------+-----------+------------+

+ Latency: 
    * Summary: 
    +---------+---------+----------+----------+--------+--------+------------------------------------------------+
    |  Latency (cycles) |  Latency (absolute) |     Interval    |                    Pipeline                    |
    |   min   |   max   |    min   |    max   |   min  |   max  |                      Type                      |
    +---------+---------+----------+----------+--------+--------+------------------------------------------------+
    |   302740|   302740|  6.055 ms|  6.055 ms|  302738|  302738|  loop auto-rewind stp (delay=0 clock cycles(s))|
    +---------+---------+----------+----------+--------+--------+------------------------------------------------+

    + Detail: 
        * Instance: 
        N/A

        * Loop: 
        +--------------------------------+---------+---------+----------+-----------+-----------+--------+----------+
        |                                |  Latency (cycles) | Iteration|  Initiation Interval  |  Trip  |          |
        |            Loop Name           |   min   |   max   |  Latency |  achieved |   target  |  Count | Pipelined|
        +--------------------------------+---------+---------+----------+-----------+-----------+--------+----------+
        |- POOL1_ROW_POOL1_COL_POOL1_CH  |   302738|   302738|         5|          2|          1|  151368|       yes|
        +--------------------------------+---------+---------+----------+-----------+-----------+--------+----------+



================================================================
== Utilization Estimates
================================================================
* Summary: 
+-----------------+---------+-----+--------+-------+-----+
|       Name      | BRAM_18K| DSP |   FF   |  LUT  | URAM|
+-----------------+---------+-----+--------+-------+-----+
|DSP              |        -|    1|       -|      -|    -|
|Expression       |        -|    -|       0|    676|    -|
|FIFO             |        -|    -|       -|      -|    -|
|Instance         |        -|    0|       0|    192|    -|
|Memory           |        -|    -|       -|      -|    -|
|Multiplexer      |        -|    -|       0|    319|    -|
|Register         |        -|    -|     329|      -|    -|
+-----------------+---------+-----+--------+-------+-----+
|Total            |        0|    1|     329|   1187|    0|
+-----------------+---------+-----+--------+-------+-----+
|Available        |      270|  240|  126800|  63400|    0|
+-----------------+---------+-----+--------+-------+-----+
|Utilization (%)  |        0|   ~0|      ~0|      1|    0|
+-----------------+---------+-----+--------+-------+-----+

+ Detail: 
    * Instance: 
    +---------------------------+-----------------------+---------+----+---+----+-----+
    |          Instance         |         Module        | BRAM_18K| DSP| FF| LUT| URAM|
    +---------------------------+-----------------------+---------+----+---+----+-----+
    |mul_8ns_10ns_17_1_1_U52    |mul_8ns_10ns_17_1_1    |        0|   0|  0|  63|    0|
    |mul_8ns_10ns_17_1_1_U53    |mul_8ns_10ns_17_1_1    |        0|   0|  0|  63|    0|
    |sparsemux_17_3_32_1_1_U50  |sparsemux_17_3_32_1_1  |        0|   0|  0|  33|    0|
    |sparsemux_17_3_32_1_1_U51  |sparsemux_17_3_32_1_1  |        0|   0|  0|  33|    0|
    +---------------------------+-----------------------+---------+----+---+----+-----+
    |Total                      |                       |        0|   0|  0| 192|    0|
    +---------------------------+-----------------------+---------+----+---+----+-----+

    * DSP: 
    +-----------------------------------+-------------------------------+--------------+
    |              Instance             |             Module            |  Expression  |
    +-----------------------------------+-------------------------------+--------------+
    |mac_muladd_8ns_7ns_8ns_15_4_1_U54  |mac_muladd_8ns_7ns_8ns_15_4_1  |  i0 * i1 + i2|
    +-----------------------------------+-------------------------------+--------------+

    * Memory: 
    N/A

    * FIFO: 
    N/A

    * Expression: 
    +--------------------------+----------+----+---+----+------------+------------+
    |       Variable Name      | Operation| DSP| FF| LUT| Bitwidth P0| Bitwidth P1|
    +--------------------------+----------+----+---+----+------------+------------+
    |add_ln124_1_fu_697_p2     |         +|   0|  0|  25|          18|           1|
    |add_ln124_fu_712_p2       |         +|   0|  0|  14|           7|           1|
    |add_ln126_2_fu_945_p2     |         +|   0|  0|  19|          12|           1|
    |add_ln126_fu_758_p2       |         +|   0|  0|  15|           8|           1|
    |add_ln128_fu_940_p2       |         +|   0|  0|  13|           4|           1|
    |empty_75_fu_816_p2        |         +|   0|  0|  24|          17|          17|
    |empty_76_fu_906_p2        |         +|   0|  0|  24|          17|          17|
    |empty_77_fu_846_p2        |         +|   0|  0|  24|          17|          17|
    |empty_78_fu_923_p2        |         +|   0|  0|  24|          17|          17|
    |and_ln124_fu_744_p2       |       and|   0|  0|   2|           1|           1|
    |and_ln134_1_fu_1058_p2    |       and|   0|  0|   2|           1|           1|
    |and_ln134_fu_1052_p2      |       and|   0|  0|   2|           1|           1|
    |and_ln135_1_fu_1147_p2    |       and|   0|  0|   2|           1|           1|
    |and_ln135_fu_1141_p2      |       and|   0|  0|   2|           1|           1|
    |and_ln136_1_fu_1247_p2    |       and|   0|  0|   2|           1|           1|
    |and_ln136_fu_1241_p2      |       and|   0|  0|   2|           1|           1|
    |icmp_ln124_fu_691_p2      |      icmp|   0|  0|  25|          18|          18|
    |icmp_ln126_fu_718_p2      |      icmp|   0|  0|  19|          12|          11|
    |icmp_ln128_fu_738_p2      |      icmp|   0|  0|  13|           4|           5|
    |icmp_ln134_1_fu_1022_p2   |      icmp|   0|  0|  30|          23|           1|
    |icmp_ln134_2_fu_1034_p2   |      icmp|   0|  0|  15|           8|           2|
    |icmp_ln134_3_fu_1040_p2   |      icmp|   0|  0|  30|          23|           1|
    |icmp_ln134_fu_1016_p2     |      icmp|   0|  0|  15|           8|           2|
    |icmp_ln135_1_fu_1111_p2   |      icmp|   0|  0|  30|          23|           1|
    |icmp_ln135_2_fu_1123_p2   |      icmp|   0|  0|  15|           8|           2|
    |icmp_ln135_3_fu_1129_p2   |      icmp|   0|  0|  30|          23|           1|
    |icmp_ln135_fu_1105_p2     |      icmp|   0|  0|  15|           8|           2|
    |icmp_ln136_1_fu_1205_p2   |      icmp|   0|  0|  15|           8|           2|
    |icmp_ln136_2_fu_1211_p2   |      icmp|   0|  0|  30|          23|           1|
    |icmp_ln136_3_fu_1223_p2   |      icmp|   0|  0|  15|           8|           2|
    |icmp_ln136_4_fu_1229_p2   |      icmp|   0|  0|  30|          23|           1|
    |empty_fu_764_p2           |        or|   0|  0|   2|           1|           1|
    |or_ln134_1_fu_1046_p2     |        or|   0|  0|   2|           1|           1|
    |or_ln134_fu_1028_p2       |        or|   0|  0|   2|           1|           1|
    |or_ln135_1_fu_1135_p2     |        or|   0|  0|   2|           1|           1|
    |or_ln135_fu_1117_p2       |        or|   0|  0|   2|           1|           1|
    |or_ln136_1_fu_1235_p2     |        or|   0|  0|   2|           1|           1|
    |or_ln136_fu_1217_p2       |        or|   0|  0|   2|           1|           1|
    |m_1_mid2_fu_770_p3        |    select|   0|  0|   4|           1|           1|
    |mx_fu_1064_p3             |    select|   0|  0|  32|           1|          32|
    |my_fu_1153_p3             |    select|   0|  0|  32|           1|          32|
    |select_ln124_1_fu_750_p3  |    select|   0|  0|   7|           1|           7|
    |select_ln124_fu_724_p3    |    select|   0|  0|   8|           1|           1|
    |select_ln126_1_fu_950_p3  |    select|   0|  0|  12|           1|           1|
    |select_ln126_fu_778_p3    |    select|   0|  0|   8|           1|           8|
    |select_ln136_fu_1253_p3   |    select|   0|  0|  32|           1|          32|
    |ap_enable_pp0             |       xor|   0|  0|   2|           1|           2|
    |xor_ln124_fu_732_p2       |       xor|   0|  0|   2|           1|           2|
    +--------------------------+----------+----+---+----+------------+------------+
    |Total                     |          |   0|  0| 676|         361|         257|
    +--------------------------+----------+----+---+----+------------+------------+

    * Multiplexer: 
    +-------------------------+----+-----------+-----+-----------+
    |           Name          | LUT| Input Size| Bits| Total Bits|
    +-------------------------+----+-----------+-----+-----------+
    |ap_NS_fsm                |  13|          3|    1|          3|
    |ap_done_int              |   9|          2|    1|          2|
    |ap_enable_reg_pp0_iter0  |   9|          2|    1|          2|
    |ap_enable_reg_pp0_iter1  |   9|          2|    1|          2|
    |feat1_3_address0_local   |  13|          3|   17|         51|
    |feat1_3_address1_local   |  13|          3|   17|         51|
    |feat1_4_address0_local   |  13|          3|   17|         51|
    |feat1_4_address1_local   |  13|          3|   17|         51|
    |feat1_5_address0_local   |  13|          3|   17|         51|
    |feat1_5_address1_local   |  13|          3|   17|         51|
    |feat1_6_address0_local   |  13|          3|   17|         51|
    |feat1_6_address1_local   |  13|          3|   17|         51|
    |feat1_7_address0_local   |  13|          3|   17|         51|
    |feat1_7_address1_local   |  13|          3|   17|         51|
    |feat1_8_address0_local   |  13|          3|   17|         51|
    |feat1_8_address1_local   |  13|          3|   17|         51|
    |feat1_9_address0_local   |  13|          3|   17|         51|
    |feat1_9_address1_local   |  13|          3|   17|         51|
    |feat1_address0_local     |  13|          3|   17|         51|
    |feat1_address1_local     |  13|          3|   17|         51|
    |grp_fu_572_p0            |  13|          3|   32|         96|
    |grp_fu_572_p1            |  13|          3|   32|         96|
    |i_fu_132                 |   9|          2|    7|         14|
    |indvar_flatten55_fu_128  |   9|          2|   12|         24|
    |indvar_flatten68_fu_136  |   9|          2|   18|         36|
    |j_fu_124                 |   9|          2|    8|         16|
    |m_fu_120                 |   9|          2|    4|          8|
    +-------------------------+----+-----------+-----+-----------+
    |Total                    | 319|         73|  389|       1115|
    +-------------------------+----+-----------+-----+-----------+

    * Register: 
    +-------------------------------------+----+----+-----+-----------+
    |                 Name                | FF | LUT| Bits| Const Bits|
    +-------------------------------------+----+----+-----+-----------+
    |add_ln124_1_reg_1320                 |  18|   0|   18|          0|
    |ap_CS_fsm                            |   2|   0|    2|          0|
    |ap_done_reg                          |   1|   0|    1|          0|
    |ap_enable_reg_pp0_iter0_reg          |   1|   0|    1|          0|
    |ap_enable_reg_pp0_iter1              |   1|   0|    1|          0|
    |ap_enable_reg_pp0_iter2              |   1|   0|    1|          0|
    |ap_loop_exit_ready_pp0_iter1_reg     |   1|   0|    1|          0|
    |i_fu_132                             |   7|   0|    7|          0|
    |icmp_ln124_reg_1316                  |   1|   0|    1|          0|
    |icmp_ln126_reg_1325                  |   1|   0|    1|          0|
    |indvar_flatten55_fu_128              |  12|   0|   12|          0|
    |indvar_flatten55_load_reg_1311       |  12|   0|   12|          0|
    |indvar_flatten68_fu_136              |  18|   0|   18|          0|
    |j_fu_124                             |   8|   0|    8|          0|
    |m0_reg_1529                          |  32|   0|   32|          0|
    |m1_reg_1543                          |  32|   0|   32|          0|
    |m2_reg_1536                          |  32|   0|   32|          0|
    |m3_reg_1550                          |  32|   0|   32|          0|
    |m_1_mid2_reg_1337                    |   4|   0|    4|          0|
    |m_fu_120                             |   4|   0|    4|          0|
    |mx_reg_1562                          |  32|   0|   32|          0|
    |my_reg_1569                          |  32|   0|   32|          0|
    |select_ln124_1_reg_1330              |   7|   0|    7|          0|
    |select_ln126_reg_1342                |   8|   0|    8|          0|
    |select_ln126_reg_1342_pp0_iter1_reg  |   8|   0|    8|          0|
    |tmp_35_cast_reg_1348                 |   8|   0|   17|          9|
    |tmp_36_cast_reg_1393                 |   8|   0|   17|          9|
    |trunc_ln128_reg_1438                 |   3|   0|    3|          0|
    |trunc_ln128_reg_1438_pp0_iter1_reg   |   3|   0|    3|          0|
    +-------------------------------------+----+----+-----+-----------+
    |Total                                | 329|   0|  347|         18|
    +-------------------------------------+----+----+-----+-----------+



================================================================
== Interface
================================================================
* Summary: 
+----------------------+-----+-----+------------+-------------------------------------------------+--------------+
|       RTL Ports      | Dir | Bits|  Protocol  |                  Source Object                  |    C Type    |
+----------------------+-----+-----+------------+-------------------------------------------------+--------------+
|ap_clk                |   in|    1|  ap_ctrl_hs|  cnn_accel_Pipeline_POOL1_ROW_POOL1_COL_POOL1_CH|  return value|
|ap_rst                |   in|    1|  ap_ctrl_hs|  cnn_accel_Pipeline_POOL1_ROW_POOL1_COL_POOL1_CH|  return value|
|ap_start              |   in|    1|  ap_ctrl_hs|  cnn_accel_Pipeline_POOL1_ROW_POOL1_COL_POOL1_CH|  return value|
|ap_done               |  out|    1|  ap_ctrl_hs|  cnn_accel_Pipeline_POOL1_ROW_POOL1_COL_POOL1_CH|  return value|
|ap_idle               |  out|    1|  ap_ctrl_hs|  cnn_accel_Pipeline_POOL1_ROW_POOL1_COL_POOL1_CH|  return value|
|ap_ready              |  out|    1|  ap_ctrl_hs|  cnn_accel_Pipeline_POOL1_ROW_POOL1_COL_POOL1_CH|  return value|
|grp_fu_1278_p_din0    |  out|   32|  ap_ctrl_hs|  cnn_accel_Pipeline_POOL1_ROW_POOL1_COL_POOL1_CH|  return value|
|grp_fu_1278_p_din1    |  out|   32|  ap_ctrl_hs|  cnn_accel_Pipeline_POOL1_ROW_POOL1_COL_POOL1_CH|  return value|
|grp_fu_1278_p_opcode  |  out|    5|  ap_ctrl_hs|  cnn_accel_Pipeline_POOL1_ROW_POOL1_COL_POOL1_CH|  return value|
|grp_fu_1278_p_dout0   |   in|    1|  ap_ctrl_hs|  cnn_accel_Pipeline_POOL1_ROW_POOL1_COL_POOL1_CH|  return value|
|grp_fu_1278_p_ce      |  out|    1|  ap_ctrl_hs|  cnn_accel_Pipeline_POOL1_ROW_POOL1_COL_POOL1_CH|  return value|
|grp_fu_2863_p_din0    |  out|   32|  ap_ctrl_hs|  cnn_accel_Pipeline_POOL1_ROW_POOL1_COL_POOL1_CH|  return value|
|grp_fu_2863_p_din1    |  out|   32|  ap_ctrl_hs|  cnn_accel_Pipeline_POOL1_ROW_POOL1_COL_POOL1_CH|  return value|
|grp_fu_2863_p_opcode  |  out|    5|  ap_ctrl_hs|  cnn_accel_Pipeline_POOL1_ROW_POOL1_COL_POOL1_CH|  return value|
|grp_fu_2863_p_dout0   |   in|    1|  ap_ctrl_hs|  cnn_accel_Pipeline_POOL1_ROW_POOL1_COL_POOL1_CH|  return value|
|grp_fu_2863_p_ce      |  out|    1|  ap_ctrl_hs|  cnn_accel_Pipeline_POOL1_ROW_POOL1_COL_POOL1_CH|  return value|
|feat1_p_address0      |  out|   15|   ap_memory|                                          feat1_p|         array|
|feat1_p_ce0           |  out|    1|   ap_memory|                                          feat1_p|         array|
|feat1_p_we0           |  out|    1|   ap_memory|                                          feat1_p|         array|
|feat1_p_d0            |  out|   32|   ap_memory|                                          feat1_p|         array|
|feat1_address0        |  out|   17|   ap_memory|                                            feat1|         array|
|feat1_ce0             |  out|    1|   ap_memory|                                            feat1|         array|
|feat1_q0              |   in|   32|   ap_memory|                                            feat1|         array|
|feat1_address1        |  out|   17|   ap_memory|                                            feat1|         array|
|feat1_ce1             |  out|    1|   ap_memory|                                            feat1|         array|
|feat1_q1              |   in|   32|   ap_memory|                                            feat1|         array|
|feat1_3_address0      |  out|   17|   ap_memory|                                          feat1_3|         array|
|feat1_3_ce0           |  out|    1|   ap_memory|                                          feat1_3|         array|
|feat1_3_q0            |   in|   32|   ap_memory|                                          feat1_3|         array|
|feat1_3_address1      |  out|   17|   ap_memory|                                          feat1_3|         array|
|feat1_3_ce1           |  out|    1|   ap_memory|                                          feat1_3|         array|
|feat1_3_q1            |   in|   32|   ap_memory|                                          feat1_3|         array|
|feat1_4_address0      |  out|   17|   ap_memory|                                          feat1_4|         array|
|feat1_4_ce0           |  out|    1|   ap_memory|                                          feat1_4|         array|
|feat1_4_q0            |   in|   32|   ap_memory|                                          feat1_4|         array|
|feat1_4_address1      |  out|   17|   ap_memory|                                          feat1_4|         array|
|feat1_4_ce1           |  out|    1|   ap_memory|                                          feat1_4|         array|
|feat1_4_q1            |   in|   32|   ap_memory|                                          feat1_4|         array|
|feat1_5_address0      |  out|   17|   ap_memory|                                          feat1_5|         array|
|feat1_5_ce0           |  out|    1|   ap_memory|                                          feat1_5|         array|
|feat1_5_q0            |   in|   32|   ap_memory|                                          feat1_5|         array|
|feat1_5_address1      |  out|   17|   ap_memory|                                          feat1_5|         array|
|feat1_5_ce1           |  out|    1|   ap_memory|                                          feat1_5|         array|
|feat1_5_q1            |   in|   32|   ap_memory|                                          feat1_5|         array|
|feat1_6_address0      |  out|   17|   ap_memory|                                          feat1_6|         array|
|feat1_6_ce0           |  out|    1|   ap_memory|                                          feat1_6|         array|
|feat1_6_q0            |   in|   32|   ap_memory|                                          feat1_6|         array|
|feat1_6_address1      |  out|   17|   ap_memory|                                          feat1_6|         array|
|feat1_6_ce1           |  out|    1|   ap_memory|                                          feat1_6|         array|
|feat1_6_q1            |   in|   32|   ap_memory|                                          feat1_6|         array|
|feat1_7_address0      |  out|   17|   ap_memory|                                          feat1_7|         array|
|feat1_7_ce0           |  out|    1|   ap_memory|                                          feat1_7|         array|
|feat1_7_q0            |   in|   32|   ap_memory|                                          feat1_7|         array|
|feat1_7_address1      |  out|   17|   ap_memory|                                          feat1_7|         array|
|feat1_7_ce1           |  out|    1|   ap_memory|                                          feat1_7|         array|
|feat1_7_q1            |   in|   32|   ap_memory|                                          feat1_7|         array|
|feat1_8_address0      |  out|   17|   ap_memory|                                          feat1_8|         array|
|feat1_8_ce0           |  out|    1|   ap_memory|                                          feat1_8|         array|
|feat1_8_q0            |   in|   32|   ap_memory|                                          feat1_8|         array|
|feat1_8_address1      |  out|   17|   ap_memory|                                          feat1_8|         array|
|feat1_8_ce1           |  out|    1|   ap_memory|                                          feat1_8|         array|
|feat1_8_q1            |   in|   32|   ap_memory|                                          feat1_8|         array|
|feat1_9_address0      |  out|   17|   ap_memory|                                          feat1_9|         array|
|feat1_9_ce0           |  out|    1|   ap_memory|                                          feat1_9|         array|
|feat1_9_q0            |   in|   32|   ap_memory|                                          feat1_9|         array|
|feat1_9_address1      |  out|   17|   ap_memory|                                          feat1_9|         array|
|feat1_9_ce1           |  out|    1|   ap_memory|                                          feat1_9|         array|
|feat1_9_q1            |   in|   32|   ap_memory|                                          feat1_9|         array|
|feat1_p_10_address0   |  out|   15|   ap_memory|                                       feat1_p_10|         array|
|feat1_p_10_ce0        |  out|    1|   ap_memory|                                       feat1_p_10|         array|
|feat1_p_10_we0        |  out|    1|   ap_memory|                                       feat1_p_10|         array|
|feat1_p_10_d0         |  out|   32|   ap_memory|                                       feat1_p_10|         array|
|feat1_p_11_address0   |  out|   15|   ap_memory|                                       feat1_p_11|         array|
|feat1_p_11_ce0        |  out|    1|   ap_memory|                                       feat1_p_11|         array|
|feat1_p_11_we0        |  out|    1|   ap_memory|                                       feat1_p_11|         array|
|feat1_p_11_d0         |  out|   32|   ap_memory|                                       feat1_p_11|         array|
|feat1_p_12_address0   |  out|   15|   ap_memory|                                       feat1_p_12|         array|
|feat1_p_12_ce0        |  out|    1|   ap_memory|                                       feat1_p_12|         array|
|feat1_p_12_we0        |  out|    1|   ap_memory|                                       feat1_p_12|         array|
|feat1_p_12_d0         |  out|   32|   ap_memory|                                       feat1_p_12|         array|
|feat1_p_13_address0   |  out|   15|   ap_memory|                                       feat1_p_13|         array|
|feat1_p_13_ce0        |  out|    1|   ap_memory|                                       feat1_p_13|         array|
|feat1_p_13_we0        |  out|    1|   ap_memory|                                       feat1_p_13|         array|
|feat1_p_13_d0         |  out|   32|   ap_memory|                                       feat1_p_13|         array|
|feat1_p_14_address0   |  out|   15|   ap_memory|                                       feat1_p_14|         array|
|feat1_p_14_ce0        |  out|    1|   ap_memory|                                       feat1_p_14|         array|
|feat1_p_14_we0        |  out|    1|   ap_memory|                                       feat1_p_14|         array|
|feat1_p_14_d0         |  out|   32|   ap_memory|                                       feat1_p_14|         array|
|feat1_p_15_address0   |  out|   15|   ap_memory|                                       feat1_p_15|         array|
|feat1_p_15_ce0        |  out|    1|   ap_memory|                                       feat1_p_15|         array|
|feat1_p_15_we0        |  out|    1|   ap_memory|                                       feat1_p_15|         array|
|feat1_p_15_d0         |  out|   32|   ap_memory|                                       feat1_p_15|         array|
|feat1_p_16_address0   |  out|   15|   ap_memory|                                       feat1_p_16|         array|
|feat1_p_16_ce0        |  out|    1|   ap_memory|                                       feat1_p_16|         array|
|feat1_p_16_we0        |  out|    1|   ap_memory|                                       feat1_p_16|         array|
|feat1_p_16_d0         |  out|   32|   ap_memory|                                       feat1_p_16|         array|
+----------------------+-----+-----+------------+-------------------------------------------------+--------------+

