

================================================================
== Vitis HLS Report for 'cnn_accel'
================================================================
* Date:           Thu Jul 17 06:00:31 2025

* Version:        2025.1 (Build 6135595 on May 21 2025)
* Project:        cnn_accel
* Solution:       hls (Vivado IP Flow Target)
* Product family: artix7
* Target device:  xc7a100t-fgg484-2L


================================================================
== Performance Estimates
================================================================
+ Timing: 
    * Summary: 
    +--------+----------+----------+------------+
    |  Clock |  Target  | Estimated| Uncertainty|
    +--------+----------+----------+------------+
    |ap_clk  |  10.00 ns|  7.090 ns|     2.70 ns|
    +--------+----------+----------+------------+

+ Latency: 
    * Summary: 
    +---------+---------+----------+----------+--------+--------+---------+
    |  Latency (cycles) |  Latency (absolute) |     Interval    | Pipeline|
    |   min   |   max   |    min   |    max   |   min  |   max  |   Type  |
    +---------+---------+----------+----------+--------+--------+---------+
    |   200720|   200720|  2.007 ms|  2.007 ms|  200721|  200721|       no|
    +---------+---------+----------+----------+--------+--------+---------+

    + Detail: 
        * Instance: 
        +------------------------------------------------+------------------------------------+---------+---------+----------+----------+--------+--------+------------------------------------------------+
        |                                                |                                    |  Latency (cycles) |  Latency (absolute) |     Interval    |                    Pipeline                    |
        |                    Instance                    |               Module               |   min   |   max   |    min   |    max   |   min  |   max  |                      Type                      |
        +------------------------------------------------+------------------------------------+---------+---------+----------+----------+--------+--------+------------------------------------------------+
        |grp_cnn_accel_Pipeline_RowLoop_ColLoop_fu_2340  |cnn_accel_Pipeline_RowLoop_ColLoop  |   200709|   200709|  2.007 ms|  2.007 ms|  200704|  200704|  loop auto-rewind stp (delay=0 clock cycles(s))|
        +------------------------------------------------+------------------------------------+---------+---------+----------+----------+--------+--------+------------------------------------------------+

        * Loop: 
        N/A



================================================================
== Utilization Estimates
================================================================
* Summary: 
+-----------------+---------+-----+--------+-------+-----+
|       Name      | BRAM_18K| DSP |   FF   |  LUT  | URAM|
+-----------------+---------+-----+--------+-------+-----+
|DSP              |        -|    -|       -|      -|    -|
|Expression       |        -|    -|       0|      6|    -|
|FIFO             |        -|    -|       -|      -|    -|
|Instance         |        3|  141|   10223|   9446|    -|
|Memory           |        -|    -|       -|      -|    -|
|Multiplexer      |        -|    -|       0|   1116|    -|
|Register         |        -|    -|    3757|      -|    -|
+-----------------+---------+-----+--------+-------+-----+
|Total            |        3|  141|   13980|  10568|    0|
+-----------------+---------+-----+--------+-------+-----+
|Available        |      270|  240|  126800|  63400|    0|
+-----------------+---------+-----+--------+-------+-----+
|Utilization (%)  |        1|   58|      11|     16|    0|
+-----------------+---------+-----+--------+-------+-----+

+ Detail: 
    * Instance: 
    +------------------------------------------------+------------------------------------+---------+-----+------+------+-----+
    |                    Instance                    |               Module               | BRAM_18K| DSP |  FF  |  LUT | URAM|
    +------------------------------------------------+------------------------------------+---------+-----+------+------+-----+
    |CTRL_s_axi_U                                    |CTRL_s_axi                          |        0|    0|  3172|  2056|    0|
    |grp_cnn_accel_Pipeline_RowLoop_ColLoop_fu_2340  |cnn_accel_Pipeline_RowLoop_ColLoop  |        3|  141|  7051|  7390|    0|
    +------------------------------------------------+------------------------------------+---------+-----+------+------+-----+
    |Total                                           |                                    |        3|  141| 10223|  9446|    0|
    +------------------------------------------------+------------------------------------+---------+-----+------+------+-----+

    * DSP: 
    N/A

    * Memory: 
    N/A

    * FIFO: 
    N/A

    * Expression: 
    +-----------------------------------------------------------------+----------+----+---+----+------------+------------+
    |                          Variable Name                          | Operation| DSP| FF| LUT| Bitwidth P0| Bitwidth P1|
    +-----------------------------------------------------------------+----------+----+---+----+------------+------------+
    |grp_cnn_accel_Pipeline_RowLoop_ColLoop_fu_2340_fmap_out0_TREADY  |       and|   0|  0|   2|           1|           1|
    |grp_cnn_accel_Pipeline_RowLoop_ColLoop_fu_2340_fmap_out1_TREADY  |       and|   0|  0|   2|           1|           1|
    |ap_block_state12                                                 |        or|   0|  0|   2|           1|           1|
    +-----------------------------------------------------------------+----------+----+---+----+------------+------------+
    |Total                                                            |          |   0|  0|   6|           3|           3|
    +-----------------------------------------------------------------+----------+----+---+----+------------+------------+

    * Multiplexer: 
    +------------------------------+----+-----------+-----+-----------+
    |             Name             | LUT| Input Size| Bits| Total Bits|
    +------------------------------+----+-----------+-----+-----------+
    |ap_NS_fsm                     |  53|         13|    1|         13|
    |bias_address0_local           |  37|          9|    3|         27|
    |fmap_out0_TDATA_int_regslice  |   9|          2|   16|         32|
    |fmap_out1_TDATA_int_regslice  |   9|          2|   16|         32|
    |pix_in_TREADY_int_regslice    |   9|          2|    1|          2|
    |weights_0_0_0_address0_local  |  37|          9|    3|         27|
    |weights_0_0_1_address0_local  |  37|          9|    3|         27|
    |weights_0_0_2_address0_local  |  37|          9|    3|         27|
    |weights_0_1_0_address0_local  |  37|          9|    3|         27|
    |weights_0_1_1_address0_local  |  37|          9|    3|         27|
    |weights_0_1_2_address0_local  |  37|          9|    3|         27|
    |weights_0_2_0_address0_local  |  37|          9|    3|         27|
    |weights_0_2_1_address0_local  |  37|          9|    3|         27|
    |weights_0_2_2_address0_local  |  37|          9|    3|         27|
    |weights_1_0_0_address0_local  |  37|          9|    3|         27|
    |weights_1_0_1_address0_local  |  37|          9|    3|         27|
    |weights_1_0_2_address0_local  |  37|          9|    3|         27|
    |weights_1_1_0_address0_local  |  37|          9|    3|         27|
    |weights_1_1_1_address0_local  |  37|          9|    3|         27|
    |weights_1_1_2_address0_local  |  37|          9|    3|         27|
    |weights_1_2_0_address0_local  |  37|          9|    3|         27|
    |weights_1_2_1_address0_local  |  37|          9|    3|         27|
    |weights_1_2_2_address0_local  |  37|          9|    3|         27|
    |weights_2_0_0_address0_local  |  37|          9|    3|         27|
    |weights_2_0_1_address0_local  |  37|          9|    3|         27|
    |weights_2_0_2_address0_local  |  37|          9|    3|         27|
    |weights_2_1_0_address0_local  |  37|          9|    3|         27|
    |weights_2_1_1_address0_local  |  37|          9|    3|         27|
    |weights_2_1_2_address0_local  |  37|          9|    3|         27|
    |weights_2_2_0_address0_local  |  37|          9|    3|         27|
    |weights_2_2_1_address0_local  |  37|          9|    3|         27|
    |weights_2_2_2_address0_local  |  37|          9|    3|         27|
    +------------------------------+----+-----------+-----+-----------+
    |Total                         |1116|        271|  118|        835|
    +------------------------------+----+-----------+-----+-----------+

    * Register: 
    +-------------------------------------------------------------+----+----+-----+-----------+
    |                             Name                            | FF | LUT| Bits| Const Bits|
    +-------------------------------------------------------------+----+----+-----+-----------+
    |ap_CS_fsm                                                    |  12|   0|   12|          0|
    |bias_load_1_reg_3336                                         |  16|   0|   16|          0|
    |bias_load_2_reg_3616                                         |  16|   0|   16|          0|
    |bias_load_3_reg_3761                                         |  16|   0|   16|          0|
    |bias_load_4_reg_4176                                         |  16|   0|   16|          0|
    |bias_load_5_reg_4456                                         |  16|   0|   16|          0|
    |bias_load_6_reg_4736                                         |  16|   0|   16|          0|
    |bias_load_7_reg_4881                                         |  16|   0|   16|          0|
    |bias_load_reg_3056                                           |  16|   0|   16|          0|
    |fmap_out0_TDATA_reg                                          |  16|   0|   16|          0|
    |fmap_out1_TDATA_reg                                          |  16|   0|   16|          0|
    |grp_cnn_accel_Pipeline_RowLoop_ColLoop_fu_2340_ap_start_reg  |   1|   0|    1|          0|
    |shl_i_i16_i_i1_reg_4906                                      |  16|   0|   30|         14|
    |shl_i_i16_i_i276_1_reg_4911                                  |  16|   0|   30|         14|
    |shl_i_i16_i_i276_2_reg_4916                                  |  16|   0|   30|         14|
    |shl_i_i16_i_i276_3_reg_4921                                  |  16|   0|   30|         14|
    |shl_i_i16_i_i_1_reg_4891                                     |  16|   0|   30|         14|
    |shl_i_i16_i_i_2_reg_4896                                     |  16|   0|   30|         14|
    |shl_i_i16_i_i_3_reg_4901                                     |  16|   0|   30|         14|
    |shl_i_i16_i_i_reg_4886                                       |  16|   0|   30|         14|
    |weights_0_0_0_load_1_reg_3066                                |  16|   0|   16|          0|
    |weights_0_0_0_load_2_reg_3346                                |  16|   0|   16|          0|
    |weights_0_0_0_load_3_reg_3626                                |  16|   0|   16|          0|
    |weights_0_0_0_load_4_reg_3906                                |  16|   0|   16|          0|
    |weights_0_0_0_load_5_reg_4186                                |  16|   0|   16|          0|
    |weights_0_0_0_load_6_reg_4466                                |  16|   0|   16|          0|
    |weights_0_0_0_load_7_reg_4746                                |  16|   0|   16|          0|
    |weights_0_0_0_load_reg_2786                                  |  16|   0|   16|          0|
    |weights_0_0_1_load_1_reg_3071                                |  16|   0|   16|          0|
    |weights_0_0_1_load_2_reg_3351                                |  16|   0|   16|          0|
    |weights_0_0_1_load_3_reg_3631                                |  16|   0|   16|          0|
    |weights_0_0_1_load_4_reg_3911                                |  16|   0|   16|          0|
    |weights_0_0_1_load_5_reg_4191                                |  16|   0|   16|          0|
    |weights_0_0_1_load_6_reg_4471                                |  16|   0|   16|          0|
    |weights_0_0_1_load_7_reg_4751                                |  16|   0|   16|          0|
    |weights_0_0_1_load_reg_2791                                  |  16|   0|   16|          0|
    |weights_0_0_2_load_1_reg_3076                                |  16|   0|   16|          0|
    |weights_0_0_2_load_2_reg_3356                                |  16|   0|   16|          0|
    |weights_0_0_2_load_3_reg_3636                                |  16|   0|   16|          0|
    |weights_0_0_2_load_4_reg_3916                                |  16|   0|   16|          0|
    |weights_0_0_2_load_5_reg_4196                                |  16|   0|   16|          0|
    |weights_0_0_2_load_6_reg_4476                                |  16|   0|   16|          0|
    |weights_0_0_2_load_7_reg_4756                                |  16|   0|   16|          0|
    |weights_0_0_2_load_reg_2796                                  |  16|   0|   16|          0|
    |weights_0_1_0_load_1_reg_3081                                |  16|   0|   16|          0|
    |weights_0_1_0_load_2_reg_3361                                |  16|   0|   16|          0|
    |weights_0_1_0_load_3_reg_3641                                |  16|   0|   16|          0|
    |weights_0_1_0_load_4_reg_3921                                |  16|   0|   16|          0|
    |weights_0_1_0_load_5_reg_4201                                |  16|   0|   16|          0|
    |weights_0_1_0_load_6_reg_4481                                |  16|   0|   16|          0|
    |weights_0_1_0_load_7_reg_4761                                |  16|   0|   16|          0|
    |weights_0_1_0_load_reg_2801                                  |  16|   0|   16|          0|
    |weights_0_1_1_load_1_reg_3086                                |  16|   0|   16|          0|
    |weights_0_1_1_load_2_reg_3366                                |  16|   0|   16|          0|
    |weights_0_1_1_load_3_reg_3646                                |  16|   0|   16|          0|
    |weights_0_1_1_load_4_reg_3926                                |  16|   0|   16|          0|
    |weights_0_1_1_load_5_reg_4206                                |  16|   0|   16|          0|
    |weights_0_1_1_load_6_reg_4486                                |  16|   0|   16|          0|
    |weights_0_1_1_load_7_reg_4766                                |  16|   0|   16|          0|
    |weights_0_1_1_load_reg_2806                                  |  16|   0|   16|          0|
    |weights_0_1_2_load_1_reg_3091                                |  16|   0|   16|          0|
    |weights_0_1_2_load_2_reg_3371                                |  16|   0|   16|          0|
    |weights_0_1_2_load_3_reg_3651                                |  16|   0|   16|          0|
    |weights_0_1_2_load_4_reg_3931                                |  16|   0|   16|          0|
    |weights_0_1_2_load_5_reg_4211                                |  16|   0|   16|          0|
    |weights_0_1_2_load_6_reg_4491                                |  16|   0|   16|          0|
    |weights_0_1_2_load_7_reg_4771                                |  16|   0|   16|          0|
    |weights_0_1_2_load_reg_2811                                  |  16|   0|   16|          0|
    |weights_0_2_0_load_1_reg_3096                                |  16|   0|   16|          0|
    |weights_0_2_0_load_2_reg_3376                                |  16|   0|   16|          0|
    |weights_0_2_0_load_3_reg_3656                                |  16|   0|   16|          0|
    |weights_0_2_0_load_4_reg_3936                                |  16|   0|   16|          0|
    |weights_0_2_0_load_5_reg_4216                                |  16|   0|   16|          0|
    |weights_0_2_0_load_6_reg_4496                                |  16|   0|   16|          0|
    |weights_0_2_0_load_7_reg_4776                                |  16|   0|   16|          0|
    |weights_0_2_0_load_reg_2816                                  |  16|   0|   16|          0|
    |weights_0_2_1_load_1_reg_3101                                |  16|   0|   16|          0|
    |weights_0_2_1_load_2_reg_3381                                |  16|   0|   16|          0|
    |weights_0_2_1_load_3_reg_3661                                |  16|   0|   16|          0|
    |weights_0_2_1_load_4_reg_3941                                |  16|   0|   16|          0|
    |weights_0_2_1_load_5_reg_4221                                |  16|   0|   16|          0|
    |weights_0_2_1_load_6_reg_4501                                |  16|   0|   16|          0|
    |weights_0_2_1_load_7_reg_4781                                |  16|   0|   16|          0|
    |weights_0_2_1_load_reg_2821                                  |  16|   0|   16|          0|
    |weights_0_2_2_load_1_reg_3106                                |  16|   0|   16|          0|
    |weights_0_2_2_load_2_reg_3386                                |  16|   0|   16|          0|
    |weights_0_2_2_load_3_reg_3666                                |  16|   0|   16|          0|
    |weights_0_2_2_load_4_reg_3946                                |  16|   0|   16|          0|
    |weights_0_2_2_load_5_reg_4226                                |  16|   0|   16|          0|
    |weights_0_2_2_load_6_reg_4506                                |  16|   0|   16|          0|
    |weights_0_2_2_load_7_reg_4786                                |  16|   0|   16|          0|
    |weights_0_2_2_load_reg_2826                                  |  16|   0|   16|          0|
    |weights_1_0_0_load_1_reg_3111                                |  16|   0|   16|          0|
    |weights_1_0_0_load_2_reg_3391                                |  16|   0|   16|          0|
    |weights_1_0_0_load_3_reg_3671                                |  16|   0|   16|          0|
    |weights_1_0_0_load_4_reg_3951                                |  16|   0|   16|          0|
    |weights_1_0_0_load_5_reg_4231                                |  16|   0|   16|          0|
    |weights_1_0_0_load_6_reg_4511                                |  16|   0|   16|          0|
    |weights_1_0_0_load_7_reg_4791                                |  16|   0|   16|          0|
    |weights_1_0_0_load_reg_2831                                  |  16|   0|   16|          0|
    |weights_1_0_1_load_1_reg_3116                                |  16|   0|   16|          0|
    |weights_1_0_1_load_2_reg_3396                                |  16|   0|   16|          0|
    |weights_1_0_1_load_3_reg_3676                                |  16|   0|   16|          0|
    |weights_1_0_1_load_4_reg_3956                                |  16|   0|   16|          0|
    |weights_1_0_1_load_5_reg_4236                                |  16|   0|   16|          0|
    |weights_1_0_1_load_6_reg_4516                                |  16|   0|   16|          0|
    |weights_1_0_1_load_7_reg_4796                                |  16|   0|   16|          0|
    |weights_1_0_1_load_reg_2836                                  |  16|   0|   16|          0|
    |weights_1_0_2_load_1_reg_3121                                |  16|   0|   16|          0|
    |weights_1_0_2_load_2_reg_3401                                |  16|   0|   16|          0|
    |weights_1_0_2_load_3_reg_3681                                |  16|   0|   16|          0|
    |weights_1_0_2_load_4_reg_3961                                |  16|   0|   16|          0|
    |weights_1_0_2_load_5_reg_4241                                |  16|   0|   16|          0|
    |weights_1_0_2_load_6_reg_4521                                |  16|   0|   16|          0|
    |weights_1_0_2_load_7_reg_4801                                |  16|   0|   16|          0|
    |weights_1_0_2_load_reg_2841                                  |  16|   0|   16|          0|
    |weights_1_1_0_load_1_reg_3126                                |  16|   0|   16|          0|
    |weights_1_1_0_load_2_reg_3406                                |  16|   0|   16|          0|
    |weights_1_1_0_load_3_reg_3686                                |  16|   0|   16|          0|
    |weights_1_1_0_load_4_reg_3966                                |  16|   0|   16|          0|
    |weights_1_1_0_load_5_reg_4246                                |  16|   0|   16|          0|
    |weights_1_1_0_load_6_reg_4526                                |  16|   0|   16|          0|
    |weights_1_1_0_load_7_reg_4806                                |  16|   0|   16|          0|
    |weights_1_1_0_load_reg_2846                                  |  16|   0|   16|          0|
    |weights_1_1_1_load_1_reg_3131                                |  16|   0|   16|          0|
    |weights_1_1_1_load_2_reg_3411                                |  16|   0|   16|          0|
    |weights_1_1_1_load_3_reg_3691                                |  16|   0|   16|          0|
    |weights_1_1_1_load_4_reg_3971                                |  16|   0|   16|          0|
    |weights_1_1_1_load_5_reg_4251                                |  16|   0|   16|          0|
    |weights_1_1_1_load_6_reg_4531                                |  16|   0|   16|          0|
    |weights_1_1_1_load_7_reg_4811                                |  16|   0|   16|          0|
    |weights_1_1_1_load_reg_2851                                  |  16|   0|   16|          0|
    |weights_1_1_2_load_1_reg_3136                                |  16|   0|   16|          0|
    |weights_1_1_2_load_2_reg_3416                                |  16|   0|   16|          0|
    |weights_1_1_2_load_3_reg_3696                                |  16|   0|   16|          0|
    |weights_1_1_2_load_4_reg_3976                                |  16|   0|   16|          0|
    |weights_1_1_2_load_5_reg_4256                                |  16|   0|   16|          0|
    |weights_1_1_2_load_6_reg_4536                                |  16|   0|   16|          0|
    |weights_1_1_2_load_7_reg_4816                                |  16|   0|   16|          0|
    |weights_1_1_2_load_reg_2856                                  |  16|   0|   16|          0|
    |weights_1_2_0_load_1_reg_3141                                |  16|   0|   16|          0|
    |weights_1_2_0_load_2_reg_3421                                |  16|   0|   16|          0|
    |weights_1_2_0_load_3_reg_3701                                |  16|   0|   16|          0|
    |weights_1_2_0_load_4_reg_3981                                |  16|   0|   16|          0|
    |weights_1_2_0_load_5_reg_4261                                |  16|   0|   16|          0|
    |weights_1_2_0_load_6_reg_4541                                |  16|   0|   16|          0|
    |weights_1_2_0_load_7_reg_4821                                |  16|   0|   16|          0|
    |weights_1_2_0_load_reg_2861                                  |  16|   0|   16|          0|
    |weights_1_2_1_load_1_reg_3146                                |  16|   0|   16|          0|
    |weights_1_2_1_load_2_reg_3426                                |  16|   0|   16|          0|
    |weights_1_2_1_load_3_reg_3706                                |  16|   0|   16|          0|
    |weights_1_2_1_load_4_reg_3986                                |  16|   0|   16|          0|
    |weights_1_2_1_load_5_reg_4266                                |  16|   0|   16|          0|
    |weights_1_2_1_load_6_reg_4546                                |  16|   0|   16|          0|
    |weights_1_2_1_load_7_reg_4826                                |  16|   0|   16|          0|
    |weights_1_2_1_load_reg_2866                                  |  16|   0|   16|          0|
    |weights_1_2_2_load_1_reg_3151                                |  16|   0|   16|          0|
    |weights_1_2_2_load_2_reg_3431                                |  16|   0|   16|          0|
    |weights_1_2_2_load_3_reg_3711                                |  16|   0|   16|          0|
    |weights_1_2_2_load_4_reg_3991                                |  16|   0|   16|          0|
    |weights_1_2_2_load_5_reg_4271                                |  16|   0|   16|          0|
    |weights_1_2_2_load_6_reg_4551                                |  16|   0|   16|          0|
    |weights_1_2_2_load_7_reg_4831                                |  16|   0|   16|          0|
    |weights_1_2_2_load_reg_2871                                  |  16|   0|   16|          0|
    |weights_2_0_0_load_1_reg_3156                                |  16|   0|   16|          0|
    |weights_2_0_0_load_2_reg_3436                                |  16|   0|   16|          0|
    |weights_2_0_0_load_3_reg_3716                                |  16|   0|   16|          0|
    |weights_2_0_0_load_4_reg_3996                                |  16|   0|   16|          0|
    |weights_2_0_0_load_5_reg_4276                                |  16|   0|   16|          0|
    |weights_2_0_0_load_6_reg_4556                                |  16|   0|   16|          0|
    |weights_2_0_0_load_7_reg_4836                                |  16|   0|   16|          0|
    |weights_2_0_0_load_reg_2876                                  |  16|   0|   16|          0|
    |weights_2_0_1_load_1_reg_3161                                |  16|   0|   16|          0|
    |weights_2_0_1_load_2_reg_3441                                |  16|   0|   16|          0|
    |weights_2_0_1_load_3_reg_3721                                |  16|   0|   16|          0|
    |weights_2_0_1_load_4_reg_4001                                |  16|   0|   16|          0|
    |weights_2_0_1_load_5_reg_4281                                |  16|   0|   16|          0|
    |weights_2_0_1_load_6_reg_4561                                |  16|   0|   16|          0|
    |weights_2_0_1_load_7_reg_4841                                |  16|   0|   16|          0|
    |weights_2_0_1_load_reg_2881                                  |  16|   0|   16|          0|
    |weights_2_0_2_load_1_reg_3166                                |  16|   0|   16|          0|
    |weights_2_0_2_load_2_reg_3446                                |  16|   0|   16|          0|
    |weights_2_0_2_load_3_reg_3726                                |  16|   0|   16|          0|
    |weights_2_0_2_load_4_reg_4006                                |  16|   0|   16|          0|
    |weights_2_0_2_load_5_reg_4286                                |  16|   0|   16|          0|
    |weights_2_0_2_load_6_reg_4566                                |  16|   0|   16|          0|
    |weights_2_0_2_load_7_reg_4846                                |  16|   0|   16|          0|
    |weights_2_0_2_load_reg_2886                                  |  16|   0|   16|          0|
    |weights_2_1_0_load_1_reg_3171                                |  16|   0|   16|          0|
    |weights_2_1_0_load_2_reg_3451                                |  16|   0|   16|          0|
    |weights_2_1_0_load_3_reg_3731                                |  16|   0|   16|          0|
    |weights_2_1_0_load_4_reg_4011                                |  16|   0|   16|          0|
    |weights_2_1_0_load_5_reg_4291                                |  16|   0|   16|          0|
    |weights_2_1_0_load_6_reg_4571                                |  16|   0|   16|          0|
    |weights_2_1_0_load_7_reg_4851                                |  16|   0|   16|          0|
    |weights_2_1_0_load_reg_2891                                  |  16|   0|   16|          0|
    |weights_2_1_1_load_1_reg_3176                                |  16|   0|   16|          0|
    |weights_2_1_1_load_2_reg_3456                                |  16|   0|   16|          0|
    |weights_2_1_1_load_3_reg_3736                                |  16|   0|   16|          0|
    |weights_2_1_1_load_4_reg_4016                                |  16|   0|   16|          0|
    |weights_2_1_1_load_5_reg_4296                                |  16|   0|   16|          0|
    |weights_2_1_1_load_6_reg_4576                                |  16|   0|   16|          0|
    |weights_2_1_1_load_7_reg_4856                                |  16|   0|   16|          0|
    |weights_2_1_1_load_reg_2896                                  |  16|   0|   16|          0|
    |weights_2_1_2_load_1_reg_3181                                |  16|   0|   16|          0|
    |weights_2_1_2_load_2_reg_3461                                |  16|   0|   16|          0|
    |weights_2_1_2_load_3_reg_3741                                |  16|   0|   16|          0|
    |weights_2_1_2_load_4_reg_4021                                |  16|   0|   16|          0|
    |weights_2_1_2_load_5_reg_4301                                |  16|   0|   16|          0|
    |weights_2_1_2_load_6_reg_4581                                |  16|   0|   16|          0|
    |weights_2_1_2_load_7_reg_4861                                |  16|   0|   16|          0|
    |weights_2_1_2_load_reg_2901                                  |  16|   0|   16|          0|
    |weights_2_2_0_load_1_reg_3186                                |  16|   0|   16|          0|
    |weights_2_2_0_load_2_reg_3466                                |  16|   0|   16|          0|
    |weights_2_2_0_load_3_reg_3746                                |  16|   0|   16|          0|
    |weights_2_2_0_load_4_reg_4026                                |  16|   0|   16|          0|
    |weights_2_2_0_load_5_reg_4306                                |  16|   0|   16|          0|
    |weights_2_2_0_load_6_reg_4586                                |  16|   0|   16|          0|
    |weights_2_2_0_load_7_reg_4866                                |  16|   0|   16|          0|
    |weights_2_2_0_load_reg_2906                                  |  16|   0|   16|          0|
    |weights_2_2_1_load_1_reg_3191                                |  16|   0|   16|          0|
    |weights_2_2_1_load_2_reg_3471                                |  16|   0|   16|          0|
    |weights_2_2_1_load_3_reg_3751                                |  16|   0|   16|          0|
    |weights_2_2_1_load_4_reg_4031                                |  16|   0|   16|          0|
    |weights_2_2_1_load_5_reg_4311                                |  16|   0|   16|          0|
    |weights_2_2_1_load_6_reg_4591                                |  16|   0|   16|          0|
    |weights_2_2_1_load_7_reg_4871                                |  16|   0|   16|          0|
    |weights_2_2_1_load_reg_2911                                  |  16|   0|   16|          0|
    |weights_2_2_2_load_1_reg_3196                                |  16|   0|   16|          0|
    |weights_2_2_2_load_2_reg_3476                                |  16|   0|   16|          0|
    |weights_2_2_2_load_3_reg_3756                                |  16|   0|   16|          0|
    |weights_2_2_2_load_4_reg_4036                                |  16|   0|   16|          0|
    |weights_2_2_2_load_5_reg_4316                                |  16|   0|   16|          0|
    |weights_2_2_2_load_6_reg_4596                                |  16|   0|   16|          0|
    |weights_2_2_2_load_7_reg_4876                                |  16|   0|   16|          0|
    |weights_2_2_2_load_reg_2916                                  |  16|   0|   16|          0|
    +-------------------------------------------------------------+----+----+-----+-----------+
    |Total                                                        |3757|   0| 3869|        112|
    +-------------------------------------------------------------+----+----+-----+-----------+



================================================================
== Interface
================================================================
* Summary: 
+--------------------+-----+-----+------------+--------------+--------------+
|      RTL Ports     | Dir | Bits|  Protocol  | Source Object|    C Type    |
+--------------------+-----+-----+------------+--------------+--------------+
|s_axi_CTRL_AWVALID  |   in|    1|       s_axi|          CTRL|         array|
|s_axi_CTRL_AWREADY  |  out|    1|       s_axi|          CTRL|         array|
|s_axi_CTRL_AWADDR   |   in|    9|       s_axi|          CTRL|         array|
|s_axi_CTRL_WVALID   |   in|    1|       s_axi|          CTRL|         array|
|s_axi_CTRL_WREADY   |  out|    1|       s_axi|          CTRL|         array|
|s_axi_CTRL_WDATA    |   in|   32|       s_axi|          CTRL|         array|
|s_axi_CTRL_WSTRB    |   in|    4|       s_axi|          CTRL|         array|
|s_axi_CTRL_ARVALID  |   in|    1|       s_axi|          CTRL|         array|
|s_axi_CTRL_ARREADY  |  out|    1|       s_axi|          CTRL|         array|
|s_axi_CTRL_ARADDR   |   in|    9|       s_axi|          CTRL|         array|
|s_axi_CTRL_RVALID   |  out|    1|       s_axi|          CTRL|         array|
|s_axi_CTRL_RREADY   |   in|    1|       s_axi|          CTRL|         array|
|s_axi_CTRL_RDATA    |  out|   32|       s_axi|          CTRL|         array|
|s_axi_CTRL_RRESP    |  out|    2|       s_axi|          CTRL|         array|
|s_axi_CTRL_BVALID   |  out|    1|       s_axi|          CTRL|         array|
|s_axi_CTRL_BREADY   |   in|    1|       s_axi|          CTRL|         array|
|s_axi_CTRL_BRESP    |  out|    2|       s_axi|          CTRL|         array|
|ap_clk              |   in|    1|  ap_ctrl_hs|     cnn_accel|  return value|
|ap_rst_n            |   in|    1|  ap_ctrl_hs|     cnn_accel|  return value|
|interrupt           |  out|    1|  ap_ctrl_hs|     cnn_accel|  return value|
|pix_in_TDATA        |   in|   48|        axis|        pix_in|       pointer|
|pix_in_TVALID       |   in|    1|        axis|        pix_in|       pointer|
|pix_in_TREADY       |  out|    1|        axis|        pix_in|       pointer|
|fmap_out0_TDATA     |  out|   16|        axis|     fmap_out0|       pointer|
|fmap_out0_TVALID    |  out|    1|        axis|     fmap_out0|       pointer|
|fmap_out0_TREADY    |   in|    1|        axis|     fmap_out0|       pointer|
|fmap_out1_TDATA     |  out|   16|        axis|     fmap_out1|       pointer|
|fmap_out1_TVALID    |  out|    1|        axis|     fmap_out1|       pointer|
|fmap_out1_TREADY    |   in|    1|        axis|     fmap_out1|       pointer|
+--------------------+-----+-----+------------+--------------+--------------+

