

================================================================
== Vitis HLS Report for 'cnn_accel_Pipeline_LOAD_IMG_ROWS_LOAD_IMG_COLS_LOAD_IMG_CH'
================================================================
* Date:           Fri Jul  4 17:05:25 2025

* Version:        2025.1 (Build 6135595 on May 21 2025)
* Project:        cnn_accel
* Solution:       hls (Vivado IP Flow Target)
* Product family: artix7
* Target device:  xc7a100t-fgg484-2L


================================================================
== Performance Estimates
================================================================
+ Timing: 
    * Summary: 
    +--------+----------+-----------+------------+
    |  Clock |  Target  | Estimated | Uncertainty|
    +--------+----------+-----------+------------+
    |ap_clk  |  20.00 ns|  14.600 ns|     5.40 ns|
    +--------+----------+-----------+------------+

+ Latency: 
    * Summary: 
    +---------+---------+----------+----------+--------+--------+------------------------------------------------+
    |  Latency (cycles) |  Latency (absolute) |     Interval    |                    Pipeline                    |
    |   min   |   max   |    min   |    max   |   min  |   max  |                      Type                      |
    +---------+---------+----------+----------+--------+--------+------------------------------------------------+
    |   230403|   230403|  4.608 ms|  4.608 ms|  230401|  230401|  loop auto-rewind stp (delay=0 clock cycles(s))|
    +---------+---------+----------+----------+--------+--------+------------------------------------------------+

    + Detail: 
        * Instance: 
        N/A

        * Loop: 
        +-------------------------------------------+---------+---------+----------+-----------+-----------+--------+----------+
        |                                           |  Latency (cycles) | Iteration|  Initiation Interval  |  Trip  |          |
        |                 Loop Name                 |   min   |   max   |  Latency |  achieved |   target  |  Count | Pipelined|
        +-------------------------------------------+---------+---------+----------+-----------+-----------+--------+----------+
        |- LOAD_IMG_ROWS_LOAD_IMG_COLS_LOAD_IMG_CH  |   230401|   230401|         3|          1|          1|  230400|       yes|
        +-------------------------------------------+---------+---------+----------+-----------+-----------+--------+----------+



================================================================
== Utilization Estimates
================================================================
* Summary: 
+-----------------+---------+-----+--------+-------+-----+
|       Name      | BRAM_18K| DSP |   FF   |  LUT  | URAM|
+-----------------+---------+-----+--------+-------+-----+
|DSP              |        -|    -|       -|      -|    -|
|Expression       |        -|    -|       0|    224|    -|
|FIFO             |        -|    -|       -|      -|    -|
|Instance         |        -|    -|       -|      -|    -|
|Memory           |        -|    -|       -|      -|    -|
|Multiplexer      |        -|    -|       0|     81|    -|
|Register         |        -|    -|      88|      -|    -|
+-----------------+---------+-----+--------+-------+-----+
|Total            |        0|    0|      88|    305|    0|
+-----------------+---------+-----+--------+-------+-----+
|Available        |      270|  240|  126800|  63400|    0|
+-----------------+---------+-----+--------+-------+-----+
|Utilization (%)  |        0|    0|      ~0|     ~0|    0|
+-----------------+---------+-----+--------+-------+-----+

+ Detail: 
    * Instance: 
    N/A

    * DSP: 
    N/A

    * Memory: 
    N/A

    * FIFO: 
    N/A

    * Expression: 
    +---------------------------------------+----------+----+---+----+------------+------------+
    |             Variable Name             | Operation| DSP| FF| LUT| Bitwidth P0| Bitwidth P1|
    +---------------------------------------+----------+----+---+----+------------+------------+
    |add_ln85_1_fu_188_p2                   |         +|   0|  0|  25|          18|           1|
    |add_ln85_fu_246_p2                     |         +|   0|  0|  15|           8|           1|
    |add_ln87_1_fu_218_p2                   |         +|   0|  0|  18|          11|           1|
    |add_ln87_fu_283_p2                     |         +|   0|  0|  16|           9|           1|
    |add_ln89_fu_365_p2                     |         +|   0|  0|  10|           2|           1|
    |empty_79_fu_334_p2                     |         +|   0|  0|  17|          17|          17|
    |empty_80_fu_344_p2                     |         +|   0|  0|  17|          17|          17|
    |and_ln85_fu_270_p2                     |       and|   0|  0|   2|           1|           1|
    |ap_block_pp0_stage0_11001              |       and|   0|  0|   2|           1|           1|
    |ap_block_state2_pp0_stage0_iter1_grp1  |       and|   0|  0|   2|           1|           1|
    |ap_condition_153                       |       and|   0|  0|   2|           1|           1|
    |icmp_ln85_fu_182_p2                    |      icmp|   0|  0|  25|          18|          16|
    |icmp_ln87_fu_208_p2                    |      icmp|   0|  0|  18|          11|          10|
    |icmp_ln89_fu_264_p2                    |      icmp|   0|  0|  10|           2|           2|
    |empty_fu_289_p2                        |        or|   0|  0|   2|           1|           1|
    |c_mid2_fu_294_p3                       |    select|   0|  0|   2|           1|           1|
    |select_ln85_1_fu_276_p3                |    select|   0|  0|   8|           1|           8|
    |select_ln85_fu_252_p3                  |    select|   0|  0|   9|           1|           1|
    |select_ln87_1_fu_224_p3                |    select|   0|  0|  11|           1|           1|
    |select_ln87_fu_302_p3                  |    select|   0|  0|   9|           1|           9|
    |ap_enable_pp0                          |       xor|   0|  0|   2|           1|           2|
    |xor_ln85_fu_259_p2                     |       xor|   0|  0|   2|           1|           2|
    +---------------------------------------+----------+----+---+----+------------+------------+
    |Total                                  |          |   0|  0| 224|         125|          96|
    +---------------------------------------+----------+----+---+----+------------+------------+

    * Multiplexer: 
    +----------------------------------------+----+-----------+-----+-----------+
    |                  Name                  | LUT| Input Size| Bits| Total Bits|
    +----------------------------------------+----+-----------+-----+-----------+
    |ap_done_int                             |   9|          2|    1|          2|
    |ap_enable_reg_pp0_iter2                 |   9|          2|    1|          2|
    |ap_sig_allocacmp_indvar_flatten48_load  |   9|          2|   18|         36|
    |c_fu_80                                 |   9|          2|    2|          4|
    |gmem_blk_n_R                            |   9|          2|    1|          2|
    |i_fu_92                                 |   9|          2|    8|         16|
    |indvar_flatten48_fu_96                  |   9|          2|   18|         36|
    |indvar_flatten_fu_88                    |   9|          2|   11|         22|
    |j_fu_84                                 |   9|          2|    9|         18|
    +----------------------------------------+----+-----------+-----+-----------+
    |Total                                   |  81|         18|   69|        138|
    +----------------------------------------+----+-----------+-----+-----------+

    * Register: 
    +-------------------------------------------+----+----+-----+-----------+
    |                    Name                   | FF | LUT| Bits| Const Bits|
    +-------------------------------------------+----+----+-----+-----------+
    |ap_CS_fsm                                  |   1|   0|    1|          0|
    |ap_block_pp0_stage0_subdone_grp0_done_reg  |   1|   0|    1|          0|
    |ap_done_reg                                |   1|   0|    1|          0|
    |ap_enable_reg_pp0_iter1                    |   1|   0|    1|          0|
    |ap_enable_reg_pp0_iter2                    |   1|   0|    1|          0|
    |ap_loop_exit_ready_pp0_iter1_reg           |   1|   0|    1|          0|
    |bitcast_ln92_reg_438                       |  32|   0|   32|          0|
    |c_fu_80                                    |   2|   0|    2|          0|
    |i_fu_92                                    |   8|   0|    8|          0|
    |icmp_ln85_reg_426                          |   1|   0|    1|          0|
    |icmp_ln87_reg_430                          |   1|   0|    1|          0|
    |indvar_flatten48_fu_96                     |  18|   0|   18|          0|
    |indvar_flatten_fu_88                       |  11|   0|   11|          0|
    |j_fu_84                                    |   9|   0|    9|          0|
    +-------------------------------------------+----+----+-----+-----------+
    |Total                                      |  88|   0|   88|          0|
    +-------------------------------------------+----+----+-----+-----------+



================================================================
== Interface
================================================================
* Summary: 
+-----------------------+-----+-----+------------+------------------------------------------------------------+--------------+
|       RTL Ports       | Dir | Bits|  Protocol  |                        Source Object                       |    C Type    |
+-----------------------+-----+-----+------------+------------------------------------------------------------+--------------+
|ap_clk                 |   in|    1|  ap_ctrl_hs|  cnn_accel_Pipeline_LOAD_IMG_ROWS_LOAD_IMG_COLS_LOAD_IMG_CH|  return value|
|ap_rst                 |   in|    1|  ap_ctrl_hs|  cnn_accel_Pipeline_LOAD_IMG_ROWS_LOAD_IMG_COLS_LOAD_IMG_CH|  return value|
|ap_start               |   in|    1|  ap_ctrl_hs|  cnn_accel_Pipeline_LOAD_IMG_ROWS_LOAD_IMG_COLS_LOAD_IMG_CH|  return value|
|ap_done                |  out|    1|  ap_ctrl_hs|  cnn_accel_Pipeline_LOAD_IMG_ROWS_LOAD_IMG_COLS_LOAD_IMG_CH|  return value|
|ap_idle                |  out|    1|  ap_ctrl_hs|  cnn_accel_Pipeline_LOAD_IMG_ROWS_LOAD_IMG_COLS_LOAD_IMG_CH|  return value|
|ap_ready               |  out|    1|  ap_ctrl_hs|  cnn_accel_Pipeline_LOAD_IMG_ROWS_LOAD_IMG_COLS_LOAD_IMG_CH|  return value|
|m_axi_gmem_0_AWVALID   |  out|    1|       m_axi|                                                        gmem|       pointer|
|m_axi_gmem_0_AWREADY   |   in|    1|       m_axi|                                                        gmem|       pointer|
|m_axi_gmem_0_AWADDR    |  out|   64|       m_axi|                                                        gmem|       pointer|
|m_axi_gmem_0_AWID      |  out|    1|       m_axi|                                                        gmem|       pointer|
|m_axi_gmem_0_AWLEN     |  out|   32|       m_axi|                                                        gmem|       pointer|
|m_axi_gmem_0_AWSIZE    |  out|    3|       m_axi|                                                        gmem|       pointer|
|m_axi_gmem_0_AWBURST   |  out|    2|       m_axi|                                                        gmem|       pointer|
|m_axi_gmem_0_AWLOCK    |  out|    2|       m_axi|                                                        gmem|       pointer|
|m_axi_gmem_0_AWCACHE   |  out|    4|       m_axi|                                                        gmem|       pointer|
|m_axi_gmem_0_AWPROT    |  out|    3|       m_axi|                                                        gmem|       pointer|
|m_axi_gmem_0_AWQOS     |  out|    4|       m_axi|                                                        gmem|       pointer|
|m_axi_gmem_0_AWREGION  |  out|    4|       m_axi|                                                        gmem|       pointer|
|m_axi_gmem_0_AWUSER    |  out|    1|       m_axi|                                                        gmem|       pointer|
|m_axi_gmem_0_WVALID    |  out|    1|       m_axi|                                                        gmem|       pointer|
|m_axi_gmem_0_WREADY    |   in|    1|       m_axi|                                                        gmem|       pointer|
|m_axi_gmem_0_WDATA     |  out|   32|       m_axi|                                                        gmem|       pointer|
|m_axi_gmem_0_WSTRB     |  out|    4|       m_axi|                                                        gmem|       pointer|
|m_axi_gmem_0_WLAST     |  out|    1|       m_axi|                                                        gmem|       pointer|
|m_axi_gmem_0_WID       |  out|    1|       m_axi|                                                        gmem|       pointer|
|m_axi_gmem_0_WUSER     |  out|    1|       m_axi|                                                        gmem|       pointer|
|m_axi_gmem_0_ARVALID   |  out|    1|       m_axi|                                                        gmem|       pointer|
|m_axi_gmem_0_ARREADY   |   in|    1|       m_axi|                                                        gmem|       pointer|
|m_axi_gmem_0_ARADDR    |  out|   64|       m_axi|                                                        gmem|       pointer|
|m_axi_gmem_0_ARID      |  out|    1|       m_axi|                                                        gmem|       pointer|
|m_axi_gmem_0_ARLEN     |  out|   32|       m_axi|                                                        gmem|       pointer|
|m_axi_gmem_0_ARSIZE    |  out|    3|       m_axi|                                                        gmem|       pointer|
|m_axi_gmem_0_ARBURST   |  out|    2|       m_axi|                                                        gmem|       pointer|
|m_axi_gmem_0_ARLOCK    |  out|    2|       m_axi|                                                        gmem|       pointer|
|m_axi_gmem_0_ARCACHE   |  out|    4|       m_axi|                                                        gmem|       pointer|
|m_axi_gmem_0_ARPROT    |  out|    3|       m_axi|                                                        gmem|       pointer|
|m_axi_gmem_0_ARQOS     |  out|    4|       m_axi|                                                        gmem|       pointer|
|m_axi_gmem_0_ARREGION  |  out|    4|       m_axi|                                                        gmem|       pointer|
|m_axi_gmem_0_ARUSER    |  out|    1|       m_axi|                                                        gmem|       pointer|
|m_axi_gmem_0_RVALID    |   in|    1|       m_axi|                                                        gmem|       pointer|
|m_axi_gmem_0_RREADY    |  out|    1|       m_axi|                                                        gmem|       pointer|
|m_axi_gmem_0_RDATA     |   in|   32|       m_axi|                                                        gmem|       pointer|
|m_axi_gmem_0_RLAST     |   in|    1|       m_axi|                                                        gmem|       pointer|
|m_axi_gmem_0_RID       |   in|    1|       m_axi|                                                        gmem|       pointer|
|m_axi_gmem_0_RFIFONUM  |   in|    9|       m_axi|                                                        gmem|       pointer|
|m_axi_gmem_0_RUSER     |   in|    1|       m_axi|                                                        gmem|       pointer|
|m_axi_gmem_0_RRESP     |   in|    2|       m_axi|                                                        gmem|       pointer|
|m_axi_gmem_0_BVALID    |   in|    1|       m_axi|                                                        gmem|       pointer|
|m_axi_gmem_0_BREADY    |  out|    1|       m_axi|                                                        gmem|       pointer|
|m_axi_gmem_0_BRESP     |   in|    2|       m_axi|                                                        gmem|       pointer|
|m_axi_gmem_0_BID       |   in|    1|       m_axi|                                                        gmem|       pointer|
|m_axi_gmem_0_BUSER     |   in|    1|       m_axi|                                                        gmem|       pointer|
|sext_ln85              |   in|   62|     ap_none|                                                   sext_ln85|        scalar|
|local_img_address0     |  out|   17|   ap_memory|                                                   local_img|         array|
|local_img_ce0          |  out|    1|   ap_memory|                                                   local_img|         array|
|local_img_we0          |  out|    1|   ap_memory|                                                   local_img|         array|
|local_img_d0           |  out|   32|   ap_memory|                                                   local_img|         array|
|local_img_1_address0   |  out|   17|   ap_memory|                                                 local_img_1|         array|
|local_img_1_ce0        |  out|    1|   ap_memory|                                                 local_img_1|         array|
|local_img_1_we0        |  out|    1|   ap_memory|                                                 local_img_1|         array|
|local_img_1_d0         |  out|   32|   ap_memory|                                                 local_img_1|         array|
|local_img_2_address0   |  out|   17|   ap_memory|                                                 local_img_2|         array|
|local_img_2_ce0        |  out|    1|   ap_memory|                                                 local_img_2|         array|
|local_img_2_we0        |  out|    1|   ap_memory|                                                 local_img_2|         array|
|local_img_2_d0         |  out|   32|   ap_memory|                                                 local_img_2|         array|
+-----------------------+-----+-----+------------+------------------------------------------------------------+--------------+

