

================================================================
== Vitis HLS Report for 'cnn_accel_Pipeline_VITIS_LOOP_202_3'
================================================================
* Date:           Fri Jul  4 17:05:30 2025

* Version:        2025.1 (Build 6135595 on May 21 2025)
* Project:        cnn_accel
* Solution:       hls (Vivado IP Flow Target)
* Product family: artix7
* Target device:  xc7a100t-fgg484-2L


================================================================
== Performance Estimates
================================================================
+ Timing: 
    * Summary: 
    +--------+----------+-----------+------------+
    |  Clock |  Target  | Estimated | Uncertainty|
    +--------+----------+-----------+------------+
    |ap_clk  |  20.00 ns|  14.600 ns|     5.40 ns|
    +--------+----------+-----------+------------+

+ Latency: 
    * Summary: 
    +---------+---------+----------+----------+--------+--------+------------------------------------------------+
    |  Latency (cycles) |  Latency (absolute) |     Interval    |                    Pipeline                    |
    |   min   |   max   |    min   |    max   |   min  |   max  |                      Type                      |
    +---------+---------+----------+----------+--------+--------+------------------------------------------------+
    |   289549|   289549|  5.791 ms|  5.791 ms|  289540|  289540|  loop auto-rewind stp (delay=0 clock cycles(s))|
    +---------+---------+----------+----------+--------+--------+------------------------------------------------+

    + Detail: 
        * Instance: 
        N/A

        * Loop: 
        +--------------------+---------+---------+----------+-----------+-----------+-------+----------+
        |                    |  Latency (cycles) | Iteration|  Initiation Interval  |  Trip |          |
        |      Loop Name     |   min   |   max   |  Latency |  achieved |   target  | Count | Pipelined|
        +--------------------+---------+---------+----------+-----------+-----------+-------+----------+
        |- VITIS_LOOP_202_3  |   289547|   289547|        16|          4|          1|  72384|       yes|
        +--------------------+---------+---------+----------+-----------+-----------+-------+----------+



================================================================
== Utilization Estimates
================================================================
* Summary: 
+-----------------+---------+-----+--------+-------+-----+
|       Name      | BRAM_18K| DSP |   FF   |  LUT  | URAM|
+-----------------+---------+-----+--------+-------+-----+
|DSP              |        -|    -|       -|      -|    -|
|Expression       |        -|    -|       0|    184|    -|
|FIFO             |        -|    -|       -|      -|    -|
|Instance         |        -|    -|       -|      -|    -|
|Memory           |        -|    -|       -|      -|    -|
|Multiplexer      |        -|    -|       0|     93|    -|
|Register         |        -|    -|     354|     32|    -|
+-----------------+---------+-----+--------+-------+-----+
|Total            |        0|    0|     354|    309|    0|
+-----------------+---------+-----+--------+-------+-----+
|Available        |      270|  240|  126800|  63400|    0|
+-----------------+---------+-----+--------+-------+-----+
|Utilization (%)  |        0|    0|      ~0|     ~0|    0|
+-----------------+---------+-----+--------+-------+-----+

+ Detail: 
    * Instance: 
    N/A

    * DSP: 
    N/A

    * Memory: 
    N/A

    * FIFO: 
    N/A

    * Expression: 
    +--------------------------------+----------+----+---+----+------------+------------+
    |          Variable Name         | Operation| DSP| FF| LUT| Bitwidth P0| Bitwidth P1|
    +--------------------------------+----------+----+---+----+------------+------------+
    |add_ln202_fu_157_p2             |         +|   0|  0|  24|          17|           1|
    |add_ln203_1_fu_173_p2           |         +|   0|  0|  63|          63|          63|
    |add_ln203_fu_167_p2             |         +|   0|  0|  63|          63|          63|
    |ap_block_pp0_stage1_11001_grp1  |       and|   0|  0|   2|           1|           1|
    |ap_block_pp0_stage1_11001_grp2  |       and|   0|  0|   2|           1|           1|
    |ap_block_state2_io_grp1         |       and|   0|  0|   2|           1|           1|
    |icmp_ln202_fu_151_p2            |      icmp|   0|  0|  24|          17|          17|
    |ap_block_pp0_stage1_11001       |        or|   0|  0|   2|           1|           1|
    |ap_enable_pp0                   |       xor|   0|  0|   2|           1|           2|
    +--------------------------------+----------+----+---+----+------------+------------+
    |Total                           |          |   0|  0| 184|         165|         150|
    +--------------------------------+----------+----+---+----+------------+------------+

    * Multiplexer: 
    +-------------------------+----+-----------+-----+-----------+
    |           Name          | LUT| Input Size| Bits| Total Bits|
    +-------------------------+----+-----------+-----+-----------+
    |acc_fu_64                |   9|          2|   32|         64|
    |ap_NS_fsm                |  21|          5|    1|          5|
    |ap_done_int              |   9|          2|    1|          2|
    |ap_enable_reg_pp0_iter0  |   9|          2|    1|          2|
    |ap_enable_reg_pp0_iter1  |   9|          2|    1|          2|
    |ap_sig_allocacmp_i_1     |   9|          2|   17|         34|
    |gmem_blk_n_AR            |   9|          2|    1|          2|
    |gmem_blk_n_R             |   9|          2|    1|          2|
    |i_fu_68                  |   9|          2|   17|         34|
    +-------------------------+----+-----------+-----+-----------+
    |Total                    |  93|         21|   72|        147|
    +-------------------------+----+-----------+-----+-----------+

    * Register: 
    +-------------------------------------------+----+----+-----+-----------+
    |                    Name                   | FF | LUT| Bits| Const Bits|
    +-------------------------------------------+----+----+-----+-----------+
    |acc_1_reg_274                              |  32|   0|   32|          0|
    |acc_fu_64                                  |  32|   0|   32|          0|
    |ap_CS_fsm                                  |   4|   0|    4|          0|
    |ap_block_pp0_stage1_subdone_grp0_done_reg  |   1|   0|    1|          0|
    |ap_block_pp0_stage1_subdone_grp1_done_reg  |   1|   0|    1|          0|
    |ap_block_pp0_stage1_subdone_grp2_done_reg  |   1|   0|    1|          0|
    |ap_done_reg                                |   1|   0|    1|          0|
    |ap_enable_reg_pp0_iter0_reg                |   1|   0|    1|          0|
    |ap_enable_reg_pp0_iter1                    |   1|   0|    1|          0|
    |ap_enable_reg_pp0_iter2                    |   1|   0|    1|          0|
    |ap_enable_reg_pp0_iter3                    |   1|   0|    1|          0|
    |ap_loop_exit_ready_pp0_iter1_reg           |   1|   0|    1|          0|
    |ap_loop_exit_ready_pp0_iter2_reg           |   1|   0|    1|          0|
    |gmem_addr_read_reg_254                     |  32|   0|   32|          0|
    |gmem_addr_reg_238                          |  64|   0|   64|          0|
    |i_1_reg_229                                |  17|   0|   17|          0|
    |i_1_reg_229_pp0_iter1_reg                  |  17|   0|   17|          0|
    |i_fu_68                                    |  17|   0|   17|          0|
    |icmp_ln202_reg_234                         |   1|   0|    1|          0|
    |mul2_reg_264                               |  32|   0|   32|          0|
    |vec1_load_reg_249                          |  32|   0|   32|          0|
    |icmp_ln202_reg_234                         |  64|  32|    1|          0|
    +-------------------------------------------+----+----+-----+-----------+
    |Total                                      | 354|  32|  291|          0|
    +-------------------------------------------+----+----+-----+-----------+



================================================================
== Interface
================================================================
* Summary: 
+-----------------------+-----+-----+------------+-------------------------------------+--------------+
|       RTL Ports       | Dir | Bits|  Protocol  |            Source Object            |    C Type    |
+-----------------------+-----+-----+------------+-------------------------------------+--------------+
|ap_clk                 |   in|    1|  ap_ctrl_hs|  cnn_accel_Pipeline_VITIS_LOOP_202_3|  return value|
|ap_rst                 |   in|    1|  ap_ctrl_hs|  cnn_accel_Pipeline_VITIS_LOOP_202_3|  return value|
|ap_start               |   in|    1|  ap_ctrl_hs|  cnn_accel_Pipeline_VITIS_LOOP_202_3|  return value|
|ap_done                |  out|    1|  ap_ctrl_hs|  cnn_accel_Pipeline_VITIS_LOOP_202_3|  return value|
|ap_idle                |  out|    1|  ap_ctrl_hs|  cnn_accel_Pipeline_VITIS_LOOP_202_3|  return value|
|ap_ready               |  out|    1|  ap_ctrl_hs|  cnn_accel_Pipeline_VITIS_LOOP_202_3|  return value|
|grp_fu_1268_p_din0     |  out|   32|  ap_ctrl_hs|  cnn_accel_Pipeline_VITIS_LOOP_202_3|  return value|
|grp_fu_1268_p_din1     |  out|   32|  ap_ctrl_hs|  cnn_accel_Pipeline_VITIS_LOOP_202_3|  return value|
|grp_fu_1268_p_opcode   |  out|    1|  ap_ctrl_hs|  cnn_accel_Pipeline_VITIS_LOOP_202_3|  return value|
|grp_fu_1268_p_dout0    |   in|   32|  ap_ctrl_hs|  cnn_accel_Pipeline_VITIS_LOOP_202_3|  return value|
|grp_fu_1268_p_ce       |  out|    1|  ap_ctrl_hs|  cnn_accel_Pipeline_VITIS_LOOP_202_3|  return value|
|grp_fu_2859_p_din0     |  out|   32|  ap_ctrl_hs|  cnn_accel_Pipeline_VITIS_LOOP_202_3|  return value|
|grp_fu_2859_p_din1     |  out|   32|  ap_ctrl_hs|  cnn_accel_Pipeline_VITIS_LOOP_202_3|  return value|
|grp_fu_2859_p_dout0    |   in|   32|  ap_ctrl_hs|  cnn_accel_Pipeline_VITIS_LOOP_202_3|  return value|
|grp_fu_2859_p_ce       |  out|    1|  ap_ctrl_hs|  cnn_accel_Pipeline_VITIS_LOOP_202_3|  return value|
|acc_33                 |   in|   32|     ap_none|                               acc_33|        scalar|
|m_axi_gmem_0_AWVALID   |  out|    1|       m_axi|                                 gmem|       pointer|
|m_axi_gmem_0_AWREADY   |   in|    1|       m_axi|                                 gmem|       pointer|
|m_axi_gmem_0_AWADDR    |  out|   64|       m_axi|                                 gmem|       pointer|
|m_axi_gmem_0_AWID      |  out|    1|       m_axi|                                 gmem|       pointer|
|m_axi_gmem_0_AWLEN     |  out|   32|       m_axi|                                 gmem|       pointer|
|m_axi_gmem_0_AWSIZE    |  out|    3|       m_axi|                                 gmem|       pointer|
|m_axi_gmem_0_AWBURST   |  out|    2|       m_axi|                                 gmem|       pointer|
|m_axi_gmem_0_AWLOCK    |  out|    2|       m_axi|                                 gmem|       pointer|
|m_axi_gmem_0_AWCACHE   |  out|    4|       m_axi|                                 gmem|       pointer|
|m_axi_gmem_0_AWPROT    |  out|    3|       m_axi|                                 gmem|       pointer|
|m_axi_gmem_0_AWQOS     |  out|    4|       m_axi|                                 gmem|       pointer|
|m_axi_gmem_0_AWREGION  |  out|    4|       m_axi|                                 gmem|       pointer|
|m_axi_gmem_0_AWUSER    |  out|    1|       m_axi|                                 gmem|       pointer|
|m_axi_gmem_0_WVALID    |  out|    1|       m_axi|                                 gmem|       pointer|
|m_axi_gmem_0_WREADY    |   in|    1|       m_axi|                                 gmem|       pointer|
|m_axi_gmem_0_WDATA     |  out|   32|       m_axi|                                 gmem|       pointer|
|m_axi_gmem_0_WSTRB     |  out|    4|       m_axi|                                 gmem|       pointer|
|m_axi_gmem_0_WLAST     |  out|    1|       m_axi|                                 gmem|       pointer|
|m_axi_gmem_0_WID       |  out|    1|       m_axi|                                 gmem|       pointer|
|m_axi_gmem_0_WUSER     |  out|    1|       m_axi|                                 gmem|       pointer|
|m_axi_gmem_0_ARVALID   |  out|    1|       m_axi|                                 gmem|       pointer|
|m_axi_gmem_0_ARREADY   |   in|    1|       m_axi|                                 gmem|       pointer|
|m_axi_gmem_0_ARADDR    |  out|   64|       m_axi|                                 gmem|       pointer|
|m_axi_gmem_0_ARID      |  out|    1|       m_axi|                                 gmem|       pointer|
|m_axi_gmem_0_ARLEN     |  out|   32|       m_axi|                                 gmem|       pointer|
|m_axi_gmem_0_ARSIZE    |  out|    3|       m_axi|                                 gmem|       pointer|
|m_axi_gmem_0_ARBURST   |  out|    2|       m_axi|                                 gmem|       pointer|
|m_axi_gmem_0_ARLOCK    |  out|    2|       m_axi|                                 gmem|       pointer|
|m_axi_gmem_0_ARCACHE   |  out|    4|       m_axi|                                 gmem|       pointer|
|m_axi_gmem_0_ARPROT    |  out|    3|       m_axi|                                 gmem|       pointer|
|m_axi_gmem_0_ARQOS     |  out|    4|       m_axi|                                 gmem|       pointer|
|m_axi_gmem_0_ARREGION  |  out|    4|       m_axi|                                 gmem|       pointer|
|m_axi_gmem_0_ARUSER    |  out|    1|       m_axi|                                 gmem|       pointer|
|m_axi_gmem_0_RVALID    |   in|    1|       m_axi|                                 gmem|       pointer|
|m_axi_gmem_0_RREADY    |  out|    1|       m_axi|                                 gmem|       pointer|
|m_axi_gmem_0_RDATA     |   in|   32|       m_axi|                                 gmem|       pointer|
|m_axi_gmem_0_RLAST     |   in|    1|       m_axi|                                 gmem|       pointer|
|m_axi_gmem_0_RID       |   in|    1|       m_axi|                                 gmem|       pointer|
|m_axi_gmem_0_RFIFONUM  |   in|    9|       m_axi|                                 gmem|       pointer|
|m_axi_gmem_0_RUSER     |   in|    1|       m_axi|                                 gmem|       pointer|
|m_axi_gmem_0_RRESP     |   in|    2|       m_axi|                                 gmem|       pointer|
|m_axi_gmem_0_BVALID    |   in|    1|       m_axi|                                 gmem|       pointer|
|m_axi_gmem_0_BREADY    |  out|    1|       m_axi|                                 gmem|       pointer|
|m_axi_gmem_0_BRESP     |   in|    2|       m_axi|                                 gmem|       pointer|
|m_axi_gmem_0_BID       |   in|    1|       m_axi|                                 gmem|       pointer|
|m_axi_gmem_0_BUSER     |   in|    1|       m_axi|                                 gmem|       pointer|
|sext_ln199             |   in|   62|     ap_none|                           sext_ln199|        scalar|
|zext_ln201             |   in|   22|     ap_none|                           zext_ln201|        scalar|
|acc_31_out             |  out|   32|      ap_vld|                           acc_31_out|       pointer|
|acc_31_out_ap_vld      |  out|    1|      ap_vld|                           acc_31_out|       pointer|
|vec1_address0          |  out|   17|   ap_memory|                                 vec1|         array|
|vec1_ce0               |  out|    1|   ap_memory|                                 vec1|         array|
|vec1_q0                |   in|   32|   ap_memory|                                 vec1|         array|
+-----------------------+-----+-----+------------+-------------------------------------+--------------+

