

================================================================
== Vitis HLS Report for 'cnn_accel_Pipeline_CONV2_KR_CONV2_KC_CONV2_CH'
================================================================
* Date:           Fri Jul  4 17:05:29 2025

* Version:        2025.1 (Build 6135595 on May 21 2025)
* Project:        cnn_accel
* Solution:       hls (Vivado IP Flow Target)
* Product family: artix7
* Target device:  xc7a100t-fgg484-2L


================================================================
== Performance Estimates
================================================================
+ Timing: 
    * Summary: 
    +--------+----------+-----------+------------+
    |  Clock |  Target  | Estimated | Uncertainty|
    +--------+----------+-----------+------------+
    |ap_clk  |  20.00 ns|  14.600 ns|     5.40 ns|
    +--------+----------+-----------+------------+

+ Latency: 
    * Summary: 
    +---------+---------+----------+----------+-----+-----+------------------------------------------------+
    |  Latency (cycles) |  Latency (absolute) |  Interval |                    Pipeline                    |
    |   min   |   max   |    min   |    max   | min | max |                      Type                      |
    +---------+---------+----------+----------+-----+-----+------------------------------------------------+
    |      302|      302|  6.040 us|  6.040 us|  292|  292|  loop auto-rewind stp (delay=0 clock cycles(s))|
    +---------+---------+----------+----------+-----+-----+------------------------------------------------+

    + Detail: 
        * Instance: 
        N/A

        * Loop: 
        +------------------------------+---------+---------+----------+-----------+-----------+------+----------+
        |                              |  Latency (cycles) | Iteration|  Initiation Interval  | Trip |          |
        |           Loop Name          |   min   |   max   |  Latency |  achieved |   target  | Count| Pipelined|
        +------------------------------+---------+---------+----------+-----------+-----------+------+----------+
        |- CONV2_KR_CONV2_KC_CONV2_CH  |      300|      300|        17|          4|          1|    72|       yes|
        +------------------------------+---------+---------+----------+-----------+-----------+------+----------+



================================================================
== Utilization Estimates
================================================================
* Summary: 
+-----------------+---------+-----+--------+-------+-----+
|       Name      | BRAM_18K| DSP |   FF   |  LUT  | URAM|
+-----------------+---------+-----+--------+-------+-----+
|DSP              |        -|    1|       -|      -|    -|
|Expression       |        -|    -|       0|    274|    -|
|FIFO             |        -|    -|       -|      -|    -|
|Instance         |        -|    -|       0|     33|    -|
|Memory           |        -|    -|       -|      -|    -|
|Multiplexer      |        -|    -|       0|    156|    -|
|Register         |        -|    -|     338|     32|    -|
+-----------------+---------+-----+--------+-------+-----+
|Total            |        0|    1|     338|    495|    0|
+-----------------+---------+-----+--------+-------+-----+
|Available        |      270|  240|  126800|  63400|    0|
+-----------------+---------+-----+--------+-------+-----+
|Utilization (%)  |        0|   ~0|      ~0|     ~0|    0|
+-----------------+---------+-----+--------+-------+-----+

+ Detail: 
    * Instance: 
    +---------------------------+-----------------------+---------+----+---+----+-----+
    |          Instance         |         Module        | BRAM_18K| DSP| FF| LUT| URAM|
    +---------------------------+-----------------------+---------+----+---+----+-----+
    |sparsemux_17_3_32_1_1_U76  |sparsemux_17_3_32_1_1  |        0|   0|  0|  33|    0|
    +---------------------------+-----------------------+---------+----+---+----+-----+
    |Total                      |                       |        0|   0|  0|  33|    0|
    +---------------------------+-----------------------+---------+----+---+----+-----+

    * DSP: 
    +------------------------------------------+--------------------------------------+---------------------+
    |                 Instance                 |                Module                |      Expression     |
    +------------------------------------------+--------------------------------------+---------------------+
    |ama_addmuladd_2ns_7ns_8ns_8ns_15_4_1_U77  |ama_addmuladd_2ns_7ns_8ns_8ns_15_4_1  |  (i0 + i1) * i2 + i3|
    +------------------------------------------+--------------------------------------+---------------------+

    * Memory: 
    N/A

    * FIFO: 
    N/A

    * Expression: 
    +--------------------------------+----------+----+---+----+------------+------------+
    |          Variable Name         | Operation| DSP| FF| LUT| Bitwidth P0| Bitwidth P1|
    +--------------------------------+----------+----+---+----+------------+------------+
    |add_ln151_1_fu_360_p2           |         +|   0|  0|  14|           7|           1|
    |add_ln151_fu_378_p2             |         +|   0|  0|  10|           2|           1|
    |add_ln153_1_fu_564_p2           |         +|   0|  0|  14|           6|           1|
    |add_ln153_fu_424_p2             |         +|   0|  0|  10|           2|           1|
    |add_ln155_fu_558_p2             |         +|   0|  0|  13|           4|           1|
    |add_ln156_1_fu_491_p2           |         +|   0|  0|   9|           9|           9|
    |add_ln156_2_fu_515_p2           |         +|   0|  0|  11|          11|          11|
    |add_ln156_fu_468_p2             |         +|   0|  0|  14|           7|           7|
    |add_ln157_fu_533_p2             |         +|   0|  0|  71|          64|          64|
    |empty_90_fu_609_p2              |         +|   0|  0|  15|           8|           8|
    |sub_ln156_1_fu_509_p2           |         -|   0|  0|  11|          11|          11|
    |sub_ln156_fu_485_p2             |         -|   0|  0|   9|           9|           9|
    |and_ln149_fu_410_p2             |       and|   0|  0|   2|           1|           1|
    |ap_block_pp0_stage2_11001_grp1  |       and|   0|  0|   2|           1|           1|
    |ap_block_pp0_stage2_11001_grp2  |       and|   0|  0|   2|           1|           1|
    |ap_block_state3_io_grp1         |       and|   0|  0|   2|           1|           1|
    |icmp_ln151_fu_354_p2            |      icmp|   0|  0|  14|           7|           7|
    |icmp_ln153_fu_384_p2            |      icmp|   0|  0|  14|           6|           5|
    |icmp_ln155_fu_404_p2            |      icmp|   0|  0|  13|           4|           5|
    |ap_block_pp0_stage2_11001       |        or|   0|  0|   2|           1|           1|
    |empty_fu_430_p2                 |        or|   0|  0|   2|           1|           1|
    |c_1_mid2_fu_436_p3              |    select|   0|  0|   4|           1|           1|
    |select_ln149_fu_390_p3          |    select|   0|  0|   2|           1|           1|
    |select_ln151_fu_416_p3          |    select|   0|  0|   2|           1|           2|
    |select_ln153_1_fu_570_p3        |    select|   0|  0|   6|           1|           1|
    |select_ln153_fu_444_p3          |    select|   0|  0|   2|           1|           2|
    |ap_enable_pp0                   |       xor|   0|  0|   2|           1|           2|
    |xor_ln149_fu_398_p2             |       xor|   0|  0|   2|           1|           2|
    +--------------------------------+----------+----+---+----+------------+------------+
    |Total                           |          |   0|  0| 274|         170|         158|
    +--------------------------------+----------+----+---+----+------------+------------+

    * Multiplexer: 
    +----------------------------------+----+-----------+-----+-----------+
    |               Name               | LUT| Input Size| Bits| Total Bits|
    +----------------------------------+----+-----------+-----+-----------+
    |acc_fu_136                        |   9|          2|   32|         64|
    |ap_NS_fsm                         |  21|          5|    1|          5|
    |ap_done_int                       |   9|          2|    1|          2|
    |ap_enable_reg_pp0_iter0           |   9|          2|    1|          2|
    |ap_enable_reg_pp0_iter1           |   9|          2|    1|          2|
    |ap_enable_reg_pp0_iter4           |   9|          2|    1|          2|
    |ap_loop_exit_ready_pp0_iter1_reg  |   9|          2|    1|          2|
    |ap_loop_exit_ready_pp0_iter2_reg  |   9|          2|    1|          2|
    |ap_loop_exit_ready_pp0_iter3_reg  |   9|          2|    1|          2|
    |c_fu_140                          |   9|          2|    4|          8|
    |gmem_blk_n_AR                     |   9|          2|    1|          2|
    |gmem_blk_n_R                      |   9|          2|    1|          2|
    |indvar_flatten75_fu_148           |   9|          2|    6|         12|
    |indvar_flatten90_fu_156           |   9|          2|    7|         14|
    |p_fu_152                          |   9|          2|    2|          4|
    |q_fu_144                          |   9|          2|    2|          4|
    +----------------------------------+----+-----------+-----+-----------+
    |Total                             | 156|         35|   63|        129|
    +----------------------------------+----+-----------+-----+-----------+

    * Register: 
    +-------------------------------------------+----+----+-----+-----------+
    |                    Name                   | FF | LUT| Bits| Const Bits|
    +-------------------------------------------+----+----+-----+-----------+
    |acc_2_reg_852                              |  32|   0|   32|          0|
    |acc_fu_136                                 |  32|   0|   32|          0|
    |ap_CS_fsm                                  |   4|   0|    4|          0|
    |ap_block_pp0_stage2_subdone_grp0_done_reg  |   1|   0|    1|          0|
    |ap_block_pp0_stage2_subdone_grp1_done_reg  |   1|   0|    1|          0|
    |ap_block_pp0_stage2_subdone_grp2_done_reg  |   1|   0|    1|          0|
    |ap_done_reg                                |   1|   0|    1|          0|
    |ap_enable_reg_pp0_iter0_reg                |   1|   0|    1|          0|
    |ap_enable_reg_pp0_iter1                    |   1|   0|    1|          0|
    |ap_enable_reg_pp0_iter2                    |   1|   0|    1|          0|
    |ap_enable_reg_pp0_iter3                    |   1|   0|    1|          0|
    |ap_enable_reg_pp0_iter4                    |   1|   0|    1|          0|
    |ap_loop_exit_ready_pp0_iter1_reg           |   1|   0|    1|          0|
    |ap_loop_exit_ready_pp0_iter2_reg           |   1|   0|    1|          0|
    |ap_loop_exit_ready_pp0_iter3_reg           |   1|   0|    1|          0|
    |c_fu_140                                   |   4|   0|    4|          0|
    |gmem_addr_read_reg_832                     |  32|   0|   32|          0|
    |gmem_addr_reg_776                          |  64|   0|   64|          0|
    |icmp_ln151_reg_757                         |   1|   0|    1|          0|
    |indvar_flatten75_fu_148                    |   6|   0|    6|          0|
    |indvar_flatten90_fu_156                    |   7|   0|    7|          0|
    |mul3_reg_842                               |  32|   0|   32|          0|
    |p_fu_152                                   |   2|   0|    2|          0|
    |q_fu_144                                   |   2|   0|    2|          0|
    |select_ln151_reg_761                       |   2|   0|    2|          0|
    |select_ln153_reg_766                       |   2|   0|    2|          0|
    |select_ln153_reg_766_pp0_iter1_reg         |   2|   0|    2|          0|
    |tmp_8_reg_827                              |  32|   0|   32|          0|
    |trunc_ln155_reg_771                        |   3|   0|    3|          0|
    |trunc_ln155_reg_771_pp0_iter1_reg          |   3|   0|    3|          0|
    |icmp_ln151_reg_757                         |  64|  32|    1|          0|
    +-------------------------------------------+----+----+-----+-----------+
    |Total                                      | 338|  32|  275|          0|
    +-------------------------------------------+----+----+-----+-----------+



================================================================
== Interface
================================================================
* Summary: 
+-----------------------+-----+-----+------------+-----------------------------------------------+--------------+
|       RTL Ports       | Dir | Bits|  Protocol  |                 Source Object                 |    C Type    |
+-----------------------+-----+-----+------------+-----------------------------------------------+--------------+
|ap_clk                 |   in|    1|  ap_ctrl_hs|  cnn_accel_Pipeline_CONV2_KR_CONV2_KC_CONV2_CH|  return value|
|ap_rst                 |   in|    1|  ap_ctrl_hs|  cnn_accel_Pipeline_CONV2_KR_CONV2_KC_CONV2_CH|  return value|
|ap_start               |   in|    1|  ap_ctrl_hs|  cnn_accel_Pipeline_CONV2_KR_CONV2_KC_CONV2_CH|  return value|
|ap_done                |  out|    1|  ap_ctrl_hs|  cnn_accel_Pipeline_CONV2_KR_CONV2_KC_CONV2_CH|  return value|
|ap_idle                |  out|    1|  ap_ctrl_hs|  cnn_accel_Pipeline_CONV2_KR_CONV2_KC_CONV2_CH|  return value|
|ap_ready               |  out|    1|  ap_ctrl_hs|  cnn_accel_Pipeline_CONV2_KR_CONV2_KC_CONV2_CH|  return value|
|grp_fu_1268_p_din0     |  out|   32|  ap_ctrl_hs|  cnn_accel_Pipeline_CONV2_KR_CONV2_KC_CONV2_CH|  return value|
|grp_fu_1268_p_din1     |  out|   32|  ap_ctrl_hs|  cnn_accel_Pipeline_CONV2_KR_CONV2_KC_CONV2_CH|  return value|
|grp_fu_1268_p_opcode   |  out|    1|  ap_ctrl_hs|  cnn_accel_Pipeline_CONV2_KR_CONV2_KC_CONV2_CH|  return value|
|grp_fu_1268_p_dout0    |   in|   32|  ap_ctrl_hs|  cnn_accel_Pipeline_CONV2_KR_CONV2_KC_CONV2_CH|  return value|
|grp_fu_1268_p_ce       |  out|    1|  ap_ctrl_hs|  cnn_accel_Pipeline_CONV2_KR_CONV2_KC_CONV2_CH|  return value|
|grp_fu_2859_p_din0     |  out|   32|  ap_ctrl_hs|  cnn_accel_Pipeline_CONV2_KR_CONV2_KC_CONV2_CH|  return value|
|grp_fu_2859_p_din1     |  out|   32|  ap_ctrl_hs|  cnn_accel_Pipeline_CONV2_KR_CONV2_KC_CONV2_CH|  return value|
|grp_fu_2859_p_dout0    |   in|   32|  ap_ctrl_hs|  cnn_accel_Pipeline_CONV2_KR_CONV2_KC_CONV2_CH|  return value|
|grp_fu_2859_p_ce       |  out|    1|  ap_ctrl_hs|  cnn_accel_Pipeline_CONV2_KR_CONV2_KC_CONV2_CH|  return value|
|acc_28                 |   in|   32|     ap_none|                                         acc_28|        scalar|
|m_axi_gmem_0_AWVALID   |  out|    1|       m_axi|                                           gmem|       pointer|
|m_axi_gmem_0_AWREADY   |   in|    1|       m_axi|                                           gmem|       pointer|
|m_axi_gmem_0_AWADDR    |  out|   64|       m_axi|                                           gmem|       pointer|
|m_axi_gmem_0_AWID      |  out|    1|       m_axi|                                           gmem|       pointer|
|m_axi_gmem_0_AWLEN     |  out|   32|       m_axi|                                           gmem|       pointer|
|m_axi_gmem_0_AWSIZE    |  out|    3|       m_axi|                                           gmem|       pointer|
|m_axi_gmem_0_AWBURST   |  out|    2|       m_axi|                                           gmem|       pointer|
|m_axi_gmem_0_AWLOCK    |  out|    2|       m_axi|                                           gmem|       pointer|
|m_axi_gmem_0_AWCACHE   |  out|    4|       m_axi|                                           gmem|       pointer|
|m_axi_gmem_0_AWPROT    |  out|    3|       m_axi|                                           gmem|       pointer|
|m_axi_gmem_0_AWQOS     |  out|    4|       m_axi|                                           gmem|       pointer|
|m_axi_gmem_0_AWREGION  |  out|    4|       m_axi|                                           gmem|       pointer|
|m_axi_gmem_0_AWUSER    |  out|    1|       m_axi|                                           gmem|       pointer|
|m_axi_gmem_0_WVALID    |  out|    1|       m_axi|                                           gmem|       pointer|
|m_axi_gmem_0_WREADY    |   in|    1|       m_axi|                                           gmem|       pointer|
|m_axi_gmem_0_WDATA     |  out|   32|       m_axi|                                           gmem|       pointer|
|m_axi_gmem_0_WSTRB     |  out|    4|       m_axi|                                           gmem|       pointer|
|m_axi_gmem_0_WLAST     |  out|    1|       m_axi|                                           gmem|       pointer|
|m_axi_gmem_0_WID       |  out|    1|       m_axi|                                           gmem|       pointer|
|m_axi_gmem_0_WUSER     |  out|    1|       m_axi|                                           gmem|       pointer|
|m_axi_gmem_0_ARVALID   |  out|    1|       m_axi|                                           gmem|       pointer|
|m_axi_gmem_0_ARREADY   |   in|    1|       m_axi|                                           gmem|       pointer|
|m_axi_gmem_0_ARADDR    |  out|   64|       m_axi|                                           gmem|       pointer|
|m_axi_gmem_0_ARID      |  out|    1|       m_axi|                                           gmem|       pointer|
|m_axi_gmem_0_ARLEN     |  out|   32|       m_axi|                                           gmem|       pointer|
|m_axi_gmem_0_ARSIZE    |  out|    3|       m_axi|                                           gmem|       pointer|
|m_axi_gmem_0_ARBURST   |  out|    2|       m_axi|                                           gmem|       pointer|
|m_axi_gmem_0_ARLOCK    |  out|    2|       m_axi|                                           gmem|       pointer|
|m_axi_gmem_0_ARCACHE   |  out|    4|       m_axi|                                           gmem|       pointer|
|m_axi_gmem_0_ARPROT    |  out|    3|       m_axi|                                           gmem|       pointer|
|m_axi_gmem_0_ARQOS     |  out|    4|       m_axi|                                           gmem|       pointer|
|m_axi_gmem_0_ARREGION  |  out|    4|       m_axi|                                           gmem|       pointer|
|m_axi_gmem_0_ARUSER    |  out|    1|       m_axi|                                           gmem|       pointer|
|m_axi_gmem_0_RVALID    |   in|    1|       m_axi|                                           gmem|       pointer|
|m_axi_gmem_0_RREADY    |  out|    1|       m_axi|                                           gmem|       pointer|
|m_axi_gmem_0_RDATA     |   in|   32|       m_axi|                                           gmem|       pointer|
|m_axi_gmem_0_RLAST     |   in|    1|       m_axi|                                           gmem|       pointer|
|m_axi_gmem_0_RID       |   in|    1|       m_axi|                                           gmem|       pointer|
|m_axi_gmem_0_RFIFONUM  |   in|    9|       m_axi|                                           gmem|       pointer|
|m_axi_gmem_0_RUSER     |   in|    1|       m_axi|                                           gmem|       pointer|
|m_axi_gmem_0_RRESP     |   in|    2|       m_axi|                                           gmem|       pointer|
|m_axi_gmem_0_BVALID    |   in|    1|       m_axi|                                           gmem|       pointer|
|m_axi_gmem_0_BREADY    |  out|    1|       m_axi|                                           gmem|       pointer|
|m_axi_gmem_0_BRESP     |   in|    2|       m_axi|                                           gmem|       pointer|
|m_axi_gmem_0_BID       |   in|    1|       m_axi|                                           gmem|       pointer|
|m_axi_gmem_0_BUSER     |   in|    1|       m_axi|                                           gmem|       pointer|
|i_3                    |   in|    7|     ap_none|                                            i_3|        scalar|
|j_3                    |   in|    8|     ap_none|                                            j_3|        scalar|
|tmp_42                 |   in|    7|     ap_none|                                         tmp_42|        scalar|
|weights2               |   in|   64|     ap_none|                                       weights2|        scalar|
|acc_34_out             |  out|   32|      ap_vld|                                     acc_34_out|       pointer|
|acc_34_out_ap_vld      |  out|    1|      ap_vld|                                     acc_34_out|       pointer|
|feat1_p_address0       |  out|   15|   ap_memory|                                        feat1_p|         array|
|feat1_p_ce0            |  out|    1|   ap_memory|                                        feat1_p|         array|
|feat1_p_q0             |   in|   32|   ap_memory|                                        feat1_p|         array|
|feat1_p_10_address0    |  out|   15|   ap_memory|                                     feat1_p_10|         array|
|feat1_p_10_ce0         |  out|    1|   ap_memory|                                     feat1_p_10|         array|
|feat1_p_10_q0          |   in|   32|   ap_memory|                                     feat1_p_10|         array|
|feat1_p_11_address0    |  out|   15|   ap_memory|                                     feat1_p_11|         array|
|feat1_p_11_ce0         |  out|    1|   ap_memory|                                     feat1_p_11|         array|
|feat1_p_11_q0          |   in|   32|   ap_memory|                                     feat1_p_11|         array|
|feat1_p_12_address0    |  out|   15|   ap_memory|                                     feat1_p_12|         array|
|feat1_p_12_ce0         |  out|    1|   ap_memory|                                     feat1_p_12|         array|
|feat1_p_12_q0          |   in|   32|   ap_memory|                                     feat1_p_12|         array|
|feat1_p_13_address0    |  out|   15|   ap_memory|                                     feat1_p_13|         array|
|feat1_p_13_ce0         |  out|    1|   ap_memory|                                     feat1_p_13|         array|
|feat1_p_13_q0          |   in|   32|   ap_memory|                                     feat1_p_13|         array|
|feat1_p_14_address0    |  out|   15|   ap_memory|                                     feat1_p_14|         array|
|feat1_p_14_ce0         |  out|    1|   ap_memory|                                     feat1_p_14|         array|
|feat1_p_14_q0          |   in|   32|   ap_memory|                                     feat1_p_14|         array|
|feat1_p_15_address0    |  out|   15|   ap_memory|                                     feat1_p_15|         array|
|feat1_p_15_ce0         |  out|    1|   ap_memory|                                     feat1_p_15|         array|
|feat1_p_15_q0          |   in|   32|   ap_memory|                                     feat1_p_15|         array|
|feat1_p_16_address0    |  out|   15|   ap_memory|                                     feat1_p_16|         array|
|feat1_p_16_ce0         |  out|    1|   ap_memory|                                     feat1_p_16|         array|
|feat1_p_16_q0          |   in|   32|   ap_memory|                                     feat1_p_16|         array|
+-----------------------+-----+-----+------------+-----------------------------------------------+--------------+

