

================================================================
== Vitis HLS Report for 'cnn_accel_Pipeline_POOL2_ROW_POOL2_COL_POOL2_CH'
================================================================
* Date:           Fri Jul  4 17:05:29 2025

* Version:        2025.1 (Build 6135595 on May 21 2025)
* Project:        cnn_accel
* Solution:       hls (Vivado IP Flow Target)
* Product family: artix7
* Target device:  xc7a100t-fgg484-2L


================================================================
== Performance Estimates
================================================================
+ Timing: 
    * Summary: 
    +--------+----------+-----------+------------+
    |  Clock |  Target  | Estimated | Uncertainty|
    +--------+----------+-----------+------------+
    |ap_clk  |  20.00 ns|  10.503 ns|     5.40 ns|
    +--------+----------+-----------+------------+

+ Latency: 
    * Summary: 
    +---------+---------+----------+----------+--------+--------+------------------------------------------------+
    |  Latency (cycles) |  Latency (absolute) |     Interval    |                    Pipeline                    |
    |   min   |   max   |    min   |    max   |   min  |   max  |                      Type                      |
    +---------+---------+----------+----------+--------+--------+------------------------------------------------+
    |   144772|   144772|  2.895 ms|  2.895 ms|  144770|  144770|  loop auto-rewind stp (delay=0 clock cycles(s))|
    +---------+---------+----------+----------+--------+--------+------------------------------------------------+

    + Detail: 
        * Instance: 
        N/A

        * Loop: 
        +--------------------------------+---------+---------+----------+-----------+-----------+-------+----------+
        |                                |  Latency (cycles) | Iteration|  Initiation Interval  |  Trip |          |
        |            Loop Name           |   min   |   max   |  Latency |  achieved |   target  | Count | Pipelined|
        +--------------------------------+---------+---------+----------+-----------+-----------+-------+----------+
        |- POOL2_ROW_POOL2_COL_POOL2_CH  |   144770|   144770|         5|          2|          1|  72384|       yes|
        +--------------------------------+---------+---------+----------+-----------+-----------+-------+----------+



================================================================
== Utilization Estimates
================================================================
* Summary: 
+-----------------+---------+-----+--------+-------+-----+
|       Name      | BRAM_18K| DSP |   FF   |  LUT  | URAM|
+-----------------+---------+-----+--------+-------+-----+
|DSP              |        -|    1|       -|      -|    -|
|Expression       |        -|    -|       0|    664|    -|
|FIFO             |        -|    -|       -|      -|    -|
|Instance         |        -|    0|       0|    230|    -|
|Memory           |        -|    -|       -|      -|    -|
|Multiplexer      |        -|    -|       0|    527|    -|
|Register         |        -|    -|     324|      -|    -|
+-----------------+---------+-----+--------+-------+-----+
|Total            |        0|    1|     324|   1421|    0|
+-----------------+---------+-----+--------+-------+-----+
|Available        |      270|  240|  126800|  63400|    0|
+-----------------+---------+-----+--------+-------+-----+
|Utilization (%)  |        0|   ~0|      ~0|      2|    0|
+-----------------+---------+-----+--------+-------+-----+

+ Detail: 
    * Instance: 
    +---------------------------+-----------------------+---------+----+---+----+-----+
    |          Instance         |         Module        | BRAM_18K| DSP| FF| LUT| URAM|
    +---------------------------+-----------------------+---------+----+---+----+-----+
    |mul_7ns_9ns_15_1_1_U98     |mul_7ns_9ns_15_1_1     |        0|   0|  0|  50|    0|
    |mul_7ns_9ns_15_1_1_U99     |mul_7ns_9ns_15_1_1     |        0|   0|  0|  50|    0|
    |sparsemux_33_4_32_1_1_U96  |sparsemux_33_4_32_1_1  |        0|   0|  0|  65|    0|
    |sparsemux_33_4_32_1_1_U97  |sparsemux_33_4_32_1_1  |        0|   0|  0|  65|    0|
    +---------------------------+-----------------------+---------+----+---+----+-----+
    |Total                      |                       |        0|   0|  0| 230|    0|
    +---------------------------+-----------------------+---------+----+---+----+-----+

    * DSP: 
    +------------------------------------+-------------------------------+--------------+
    |              Instance              |             Module            |  Expression  |
    +------------------------------------+-------------------------------+--------------+
    |mac_muladd_7ns_6ns_7ns_13_4_1_U100  |mac_muladd_7ns_6ns_7ns_13_4_1  |  i0 * i1 + i2|
    +------------------------------------+-------------------------------+--------------+

    * Memory: 
    N/A

    * FIFO: 
    N/A

    * Expression: 
    +---------------------------+----------+----+---+----+------------+------------+
    |       Variable Name       | Operation| DSP| FF| LUT| Bitwidth P0| Bitwidth P1|
    +---------------------------+----------+----+---+----+------------+------------+
    |add_ln168_1_fu_1241_p2     |         +|   0|  0|  24|          17|           1|
    |add_ln168_fu_1256_p2       |         +|   0|  0|  14|           6|           1|
    |add_ln170_1_fu_1537_p2     |         +|   0|  0|  19|          12|           1|
    |add_ln170_fu_1302_p2       |         +|   0|  0|  14|           7|           1|
    |add_ln172_fu_1532_p2       |         +|   0|  0|  13|           5|           1|
    |empty_62_fu_1360_p2        |         +|   0|  0|  22|          15|          15|
    |empty_63_fu_1482_p2        |         +|   0|  0|  22|          15|          15|
    |empty_64_fu_1398_p2        |         +|   0|  0|  22|          15|          15|
    |empty_65_fu_1507_p2        |         +|   0|  0|  22|          15|          15|
    |and_ln168_fu_1288_p2       |       and|   0|  0|   2|           1|           1|
    |and_ln178_1_fu_1650_p2     |       and|   0|  0|   2|           1|           1|
    |and_ln178_fu_1644_p2       |       and|   0|  0|   2|           1|           1|
    |and_ln179_1_fu_1739_p2     |       and|   0|  0|   2|           1|           1|
    |and_ln179_fu_1733_p2       |       and|   0|  0|   2|           1|           1|
    |and_ln180_1_fu_1847_p2     |       and|   0|  0|   2|           1|           1|
    |and_ln180_fu_1841_p2       |       and|   0|  0|   2|           1|           1|
    |icmp_ln168_fu_1235_p2      |      icmp|   0|  0|  24|          17|          17|
    |icmp_ln170_fu_1262_p2      |      icmp|   0|  0|  19|          12|          11|
    |icmp_ln172_fu_1282_p2      |      icmp|   0|  0|  14|           5|           6|
    |icmp_ln178_1_fu_1614_p2    |      icmp|   0|  0|  30|          23|           1|
    |icmp_ln178_2_fu_1626_p2    |      icmp|   0|  0|  15|           8|           2|
    |icmp_ln178_3_fu_1632_p2    |      icmp|   0|  0|  30|          23|           1|
    |icmp_ln178_fu_1608_p2      |      icmp|   0|  0|  15|           8|           2|
    |icmp_ln179_1_fu_1703_p2    |      icmp|   0|  0|  30|          23|           1|
    |icmp_ln179_2_fu_1715_p2    |      icmp|   0|  0|  15|           8|           2|
    |icmp_ln179_3_fu_1721_p2    |      icmp|   0|  0|  30|          23|           1|
    |icmp_ln179_fu_1697_p2      |      icmp|   0|  0|  15|           8|           2|
    |icmp_ln180_1_fu_1805_p2    |      icmp|   0|  0|  15|           8|           2|
    |icmp_ln180_2_fu_1811_p2    |      icmp|   0|  0|  30|          23|           1|
    |icmp_ln180_3_fu_1823_p2    |      icmp|   0|  0|  15|           8|           2|
    |icmp_ln180_4_fu_1829_p2    |      icmp|   0|  0|  30|          23|           1|
    |empty_fu_1308_p2           |        or|   0|  0|   2|           1|           1|
    |or_ln178_1_fu_1638_p2      |        or|   0|  0|   2|           1|           1|
    |or_ln178_fu_1620_p2        |        or|   0|  0|   2|           1|           1|
    |or_ln179_1_fu_1727_p2      |        or|   0|  0|   2|           1|           1|
    |or_ln179_fu_1709_p2        |        or|   0|  0|   2|           1|           1|
    |or_ln180_1_fu_1835_p2      |        or|   0|  0|   2|           1|           1|
    |or_ln180_fu_1817_p2        |        or|   0|  0|   2|           1|           1|
    |m_3_mid2_fu_1314_p3        |    select|   0|  0|   5|           1|           1|
    |mx_fu_1656_p3              |    select|   0|  0|  32|           1|          32|
    |my_fu_1745_p3              |    select|   0|  0|  32|           1|          32|
    |select_ln168_1_fu_1294_p3  |    select|   0|  0|   6|           1|           6|
    |select_ln168_fu_1268_p3    |    select|   0|  0|   7|           1|           1|
    |select_ln170_1_fu_1542_p3  |    select|   0|  0|  12|           1|           1|
    |select_ln170_fu_1322_p3    |    select|   0|  0|   7|           1|           7|
    |select_ln180_fu_1853_p3    |    select|   0|  0|  32|           1|          32|
    |ap_enable_pp0              |       xor|   0|  0|   2|           1|           2|
    |xor_ln168_fu_1276_p2       |       xor|   0|  0|   2|           1|           2|
    +---------------------------+----------+----+---+----+------------+------------+
    |Total                      |          |   0|  0| 664|         351|         247|
    +---------------------------+----------+----+---+----+------------+------------+

    * Multiplexer: 
    +-----------------------------------------+----+-----------+-----+-----------+
    |                   Name                  | LUT| Input Size| Bits| Total Bits|
    +-----------------------------------------+----+-----------+-----+-----------+
    |ap_NS_fsm                                |  13|          3|    1|          3|
    |ap_done_int                              |   9|          2|    1|          2|
    |ap_enable_reg_pp0_iter0                  |   9|          2|    1|          2|
    |ap_enable_reg_pp0_iter1                  |   9|          2|    1|          2|
    |feat2_17_address0_local                  |  13|          3|   15|         45|
    |feat2_17_address1_local                  |  13|          3|   15|         45|
    |feat2_18_address0_local                  |  13|          3|   15|         45|
    |feat2_18_address1_local                  |  13|          3|   15|         45|
    |feat2_19_address0_local                  |  13|          3|   15|         45|
    |feat2_19_address1_local                  |  13|          3|   15|         45|
    |feat2_20_address0_local                  |  13|          3|   15|         45|
    |feat2_20_address1_local                  |  13|          3|   15|         45|
    |feat2_21_address0_local                  |  13|          3|   15|         45|
    |feat2_21_address1_local                  |  13|          3|   15|         45|
    |feat2_22_address0_local                  |  13|          3|   15|         45|
    |feat2_22_address1_local                  |  13|          3|   15|         45|
    |feat2_23_address0_local                  |  13|          3|   15|         45|
    |feat2_23_address1_local                  |  13|          3|   15|         45|
    |feat2_24_address0_local                  |  13|          3|   15|         45|
    |feat2_24_address1_local                  |  13|          3|   15|         45|
    |feat2_25_address0_local                  |  13|          3|   15|         45|
    |feat2_25_address1_local                  |  13|          3|   15|         45|
    |feat2_address0_local                     |  13|          3|   15|         45|
    |feat2_address1_local                     |  13|          3|   15|         45|
    |grp_fu_1052_p0                           |  13|          3|   32|         96|
    |grp_fu_1052_p1                           |  13|          3|   32|         96|
    |i_fu_180                                 |   9|          2|    6|         12|
    |indvar_flatten110_fu_184                 |   9|          2|   17|         34|
    |indvar_flatten97_fu_176                  |   9|          2|   12|         24|
    |j_fu_172                                 |   9|          2|    7|         14|
    |m_fu_168                                 |   9|          2|    5|         10|
    |p_ZZ9cnn_accelE5feat2_10_address0_local  |  13|          3|   15|         45|
    |p_ZZ9cnn_accelE5feat2_10_address1_local  |  13|          3|   15|         45|
    |p_ZZ9cnn_accelE5feat2_11_address0_local  |  13|          3|   15|         45|
    |p_ZZ9cnn_accelE5feat2_11_address1_local  |  13|          3|   15|         45|
    |p_ZZ9cnn_accelE5feat2_12_address0_local  |  13|          3|   15|         45|
    |p_ZZ9cnn_accelE5feat2_12_address1_local  |  13|          3|   15|         45|
    |p_ZZ9cnn_accelE5feat2_13_address0_local  |  13|          3|   15|         45|
    |p_ZZ9cnn_accelE5feat2_13_address1_local  |  13|          3|   15|         45|
    |p_ZZ9cnn_accelE5feat2_14_address0_local  |  13|          3|   15|         45|
    |p_ZZ9cnn_accelE5feat2_14_address1_local  |  13|          3|   15|         45|
    |p_ZZ9cnn_accelE5feat2_15_address0_local  |  13|          3|   15|         45|
    |p_ZZ9cnn_accelE5feat2_15_address1_local  |  13|          3|   15|         45|
    +-----------------------------------------+----+-----------+-----+-----------+
    |Total                                    | 527|        121|  595|       1735|
    +-----------------------------------------+----+-----------+-----+-----------+

    * Register: 
    +-------------------------------------+----+----+-----+-----------+
    |                 Name                | FF | LUT| Bits| Const Bits|
    +-------------------------------------+----+----+-----+-----------+
    |add_ln168_1_reg_1928                 |  17|   0|   17|          0|
    |ap_CS_fsm                            |   2|   0|    2|          0|
    |ap_done_reg                          |   1|   0|    1|          0|
    |ap_enable_reg_pp0_iter0_reg          |   1|   0|    1|          0|
    |ap_enable_reg_pp0_iter1              |   1|   0|    1|          0|
    |ap_enable_reg_pp0_iter2              |   1|   0|    1|          0|
    |ap_loop_exit_ready_pp0_iter1_reg     |   1|   0|    1|          0|
    |i_fu_180                             |   6|   0|    6|          0|
    |icmp_ln168_reg_1924                  |   1|   0|    1|          0|
    |icmp_ln170_reg_1933                  |   1|   0|    1|          0|
    |indvar_flatten110_fu_184             |  17|   0|   17|          0|
    |indvar_flatten97_fu_176              |  12|   0|   12|          0|
    |indvar_flatten97_load_reg_1919       |  12|   0|   12|          0|
    |j_fu_172                             |   7|   0|    7|          0|
    |m0_reg_2297                          |  32|   0|   32|          0|
    |m1_reg_2311                          |  32|   0|   32|          0|
    |m2_reg_2304                          |  32|   0|   32|          0|
    |m3_reg_2318                          |  32|   0|   32|          0|
    |m_3_mid2_reg_1945                    |   5|   0|    5|          0|
    |m_fu_168                             |   5|   0|    5|          0|
    |mx_reg_2330                          |  32|   0|   32|          0|
    |my_reg_2337                          |  32|   0|   32|          0|
    |select_ln168_1_reg_1938              |   6|   0|    6|          0|
    |select_ln170_reg_1950                |   7|   0|    7|          0|
    |select_ln170_reg_1950_pp0_iter1_reg  |   7|   0|    7|          0|
    |tmp_39_cast_reg_1956                 |   7|   0|   15|          8|
    |tmp_40_cast_reg_2041                 |   7|   0|   15|          8|
    |trunc_ln172_reg_2126                 |   4|   0|    4|          0|
    |trunc_ln172_reg_2126_pp0_iter1_reg   |   4|   0|    4|          0|
    +-------------------------------------+----+----+-----+-----------+
    |Total                                | 324|   0|  340|         16|
    +-------------------------------------+----+----+-----+-----------+



================================================================
== Interface
================================================================
* Summary: 
+-------------------------------------+-----+-----+------------+-------------------------------------------------+--------------+
|              RTL Ports              | Dir | Bits|  Protocol  |                  Source Object                  |    C Type    |
+-------------------------------------+-----+-----+------------+-------------------------------------------------+--------------+
|ap_clk                               |   in|    1|  ap_ctrl_hs|  cnn_accel_Pipeline_POOL2_ROW_POOL2_COL_POOL2_CH|  return value|
|ap_rst                               |   in|    1|  ap_ctrl_hs|  cnn_accel_Pipeline_POOL2_ROW_POOL2_COL_POOL2_CH|  return value|
|ap_start                             |   in|    1|  ap_ctrl_hs|  cnn_accel_Pipeline_POOL2_ROW_POOL2_COL_POOL2_CH|  return value|
|ap_done                              |  out|    1|  ap_ctrl_hs|  cnn_accel_Pipeline_POOL2_ROW_POOL2_COL_POOL2_CH|  return value|
|ap_idle                              |  out|    1|  ap_ctrl_hs|  cnn_accel_Pipeline_POOL2_ROW_POOL2_COL_POOL2_CH|  return value|
|ap_ready                             |  out|    1|  ap_ctrl_hs|  cnn_accel_Pipeline_POOL2_ROW_POOL2_COL_POOL2_CH|  return value|
|grp_fu_1278_p_din0                   |  out|   32|  ap_ctrl_hs|  cnn_accel_Pipeline_POOL2_ROW_POOL2_COL_POOL2_CH|  return value|
|grp_fu_1278_p_din1                   |  out|   32|  ap_ctrl_hs|  cnn_accel_Pipeline_POOL2_ROW_POOL2_COL_POOL2_CH|  return value|
|grp_fu_1278_p_opcode                 |  out|    5|  ap_ctrl_hs|  cnn_accel_Pipeline_POOL2_ROW_POOL2_COL_POOL2_CH|  return value|
|grp_fu_1278_p_dout0                  |   in|    1|  ap_ctrl_hs|  cnn_accel_Pipeline_POOL2_ROW_POOL2_COL_POOL2_CH|  return value|
|grp_fu_1278_p_ce                     |  out|    1|  ap_ctrl_hs|  cnn_accel_Pipeline_POOL2_ROW_POOL2_COL_POOL2_CH|  return value|
|grp_fu_2863_p_din0                   |  out|   32|  ap_ctrl_hs|  cnn_accel_Pipeline_POOL2_ROW_POOL2_COL_POOL2_CH|  return value|
|grp_fu_2863_p_din1                   |  out|   32|  ap_ctrl_hs|  cnn_accel_Pipeline_POOL2_ROW_POOL2_COL_POOL2_CH|  return value|
|grp_fu_2863_p_opcode                 |  out|    5|  ap_ctrl_hs|  cnn_accel_Pipeline_POOL2_ROW_POOL2_COL_POOL2_CH|  return value|
|grp_fu_2863_p_dout0                  |   in|    1|  ap_ctrl_hs|  cnn_accel_Pipeline_POOL2_ROW_POOL2_COL_POOL2_CH|  return value|
|grp_fu_2863_p_ce                     |  out|    1|  ap_ctrl_hs|  cnn_accel_Pipeline_POOL2_ROW_POOL2_COL_POOL2_CH|  return value|
|feat2_p_address0                     |  out|   13|   ap_memory|                                          feat2_p|         array|
|feat2_p_ce0                          |  out|    1|   ap_memory|                                          feat2_p|         array|
|feat2_p_we0                          |  out|    1|   ap_memory|                                          feat2_p|         array|
|feat2_p_d0                           |  out|   32|   ap_memory|                                          feat2_p|         array|
|feat2_address0                       |  out|   15|   ap_memory|                                            feat2|         array|
|feat2_ce0                            |  out|    1|   ap_memory|                                            feat2|         array|
|feat2_q0                             |   in|   32|   ap_memory|                                            feat2|         array|
|feat2_address1                       |  out|   15|   ap_memory|                                            feat2|         array|
|feat2_ce1                            |  out|    1|   ap_memory|                                            feat2|         array|
|feat2_q1                             |   in|   32|   ap_memory|                                            feat2|         array|
|feat2_17_address0                    |  out|   15|   ap_memory|                                         feat2_17|         array|
|feat2_17_ce0                         |  out|    1|   ap_memory|                                         feat2_17|         array|
|feat2_17_q0                          |   in|   32|   ap_memory|                                         feat2_17|         array|
|feat2_17_address1                    |  out|   15|   ap_memory|                                         feat2_17|         array|
|feat2_17_ce1                         |  out|    1|   ap_memory|                                         feat2_17|         array|
|feat2_17_q1                          |   in|   32|   ap_memory|                                         feat2_17|         array|
|feat2_18_address0                    |  out|   15|   ap_memory|                                         feat2_18|         array|
|feat2_18_ce0                         |  out|    1|   ap_memory|                                         feat2_18|         array|
|feat2_18_q0                          |   in|   32|   ap_memory|                                         feat2_18|         array|
|feat2_18_address1                    |  out|   15|   ap_memory|                                         feat2_18|         array|
|feat2_18_ce1                         |  out|    1|   ap_memory|                                         feat2_18|         array|
|feat2_18_q1                          |   in|   32|   ap_memory|                                         feat2_18|         array|
|feat2_19_address0                    |  out|   15|   ap_memory|                                         feat2_19|         array|
|feat2_19_ce0                         |  out|    1|   ap_memory|                                         feat2_19|         array|
|feat2_19_q0                          |   in|   32|   ap_memory|                                         feat2_19|         array|
|feat2_19_address1                    |  out|   15|   ap_memory|                                         feat2_19|         array|
|feat2_19_ce1                         |  out|    1|   ap_memory|                                         feat2_19|         array|
|feat2_19_q1                          |   in|   32|   ap_memory|                                         feat2_19|         array|
|feat2_20_address0                    |  out|   15|   ap_memory|                                         feat2_20|         array|
|feat2_20_ce0                         |  out|    1|   ap_memory|                                         feat2_20|         array|
|feat2_20_q0                          |   in|   32|   ap_memory|                                         feat2_20|         array|
|feat2_20_address1                    |  out|   15|   ap_memory|                                         feat2_20|         array|
|feat2_20_ce1                         |  out|    1|   ap_memory|                                         feat2_20|         array|
|feat2_20_q1                          |   in|   32|   ap_memory|                                         feat2_20|         array|
|feat2_21_address0                    |  out|   15|   ap_memory|                                         feat2_21|         array|
|feat2_21_ce0                         |  out|    1|   ap_memory|                                         feat2_21|         array|
|feat2_21_q0                          |   in|   32|   ap_memory|                                         feat2_21|         array|
|feat2_21_address1                    |  out|   15|   ap_memory|                                         feat2_21|         array|
|feat2_21_ce1                         |  out|    1|   ap_memory|                                         feat2_21|         array|
|feat2_21_q1                          |   in|   32|   ap_memory|                                         feat2_21|         array|
|feat2_22_address0                    |  out|   15|   ap_memory|                                         feat2_22|         array|
|feat2_22_ce0                         |  out|    1|   ap_memory|                                         feat2_22|         array|
|feat2_22_q0                          |   in|   32|   ap_memory|                                         feat2_22|         array|
|feat2_22_address1                    |  out|   15|   ap_memory|                                         feat2_22|         array|
|feat2_22_ce1                         |  out|    1|   ap_memory|                                         feat2_22|         array|
|feat2_22_q1                          |   in|   32|   ap_memory|                                         feat2_22|         array|
|feat2_23_address0                    |  out|   15|   ap_memory|                                         feat2_23|         array|
|feat2_23_ce0                         |  out|    1|   ap_memory|                                         feat2_23|         array|
|feat2_23_q0                          |   in|   32|   ap_memory|                                         feat2_23|         array|
|feat2_23_address1                    |  out|   15|   ap_memory|                                         feat2_23|         array|
|feat2_23_ce1                         |  out|    1|   ap_memory|                                         feat2_23|         array|
|feat2_23_q1                          |   in|   32|   ap_memory|                                         feat2_23|         array|
|feat2_24_address0                    |  out|   15|   ap_memory|                                         feat2_24|         array|
|feat2_24_ce0                         |  out|    1|   ap_memory|                                         feat2_24|         array|
|feat2_24_q0                          |   in|   32|   ap_memory|                                         feat2_24|         array|
|feat2_24_address1                    |  out|   15|   ap_memory|                                         feat2_24|         array|
|feat2_24_ce1                         |  out|    1|   ap_memory|                                         feat2_24|         array|
|feat2_24_q1                          |   in|   32|   ap_memory|                                         feat2_24|         array|
|feat2_25_address0                    |  out|   15|   ap_memory|                                         feat2_25|         array|
|feat2_25_ce0                         |  out|    1|   ap_memory|                                         feat2_25|         array|
|feat2_25_q0                          |   in|   32|   ap_memory|                                         feat2_25|         array|
|feat2_25_address1                    |  out|   15|   ap_memory|                                         feat2_25|         array|
|feat2_25_ce1                         |  out|    1|   ap_memory|                                         feat2_25|         array|
|feat2_25_q1                          |   in|   32|   ap_memory|                                         feat2_25|         array|
|p_ZZ9cnn_accelE5feat2_10_address0    |  out|   15|   ap_memory|                         p_ZZ9cnn_accelE5feat2_10|         array|
|p_ZZ9cnn_accelE5feat2_10_ce0         |  out|    1|   ap_memory|                         p_ZZ9cnn_accelE5feat2_10|         array|
|p_ZZ9cnn_accelE5feat2_10_q0          |   in|   32|   ap_memory|                         p_ZZ9cnn_accelE5feat2_10|         array|
|p_ZZ9cnn_accelE5feat2_10_address1    |  out|   15|   ap_memory|                         p_ZZ9cnn_accelE5feat2_10|         array|
|p_ZZ9cnn_accelE5feat2_10_ce1         |  out|    1|   ap_memory|                         p_ZZ9cnn_accelE5feat2_10|         array|
|p_ZZ9cnn_accelE5feat2_10_q1          |   in|   32|   ap_memory|                         p_ZZ9cnn_accelE5feat2_10|         array|
|p_ZZ9cnn_accelE5feat2_11_address0    |  out|   15|   ap_memory|                         p_ZZ9cnn_accelE5feat2_11|         array|
|p_ZZ9cnn_accelE5feat2_11_ce0         |  out|    1|   ap_memory|                         p_ZZ9cnn_accelE5feat2_11|         array|
|p_ZZ9cnn_accelE5feat2_11_q0          |   in|   32|   ap_memory|                         p_ZZ9cnn_accelE5feat2_11|         array|
|p_ZZ9cnn_accelE5feat2_11_address1    |  out|   15|   ap_memory|                         p_ZZ9cnn_accelE5feat2_11|         array|
|p_ZZ9cnn_accelE5feat2_11_ce1         |  out|    1|   ap_memory|                         p_ZZ9cnn_accelE5feat2_11|         array|
|p_ZZ9cnn_accelE5feat2_11_q1          |   in|   32|   ap_memory|                         p_ZZ9cnn_accelE5feat2_11|         array|
|p_ZZ9cnn_accelE5feat2_12_address0    |  out|   15|   ap_memory|                         p_ZZ9cnn_accelE5feat2_12|         array|
|p_ZZ9cnn_accelE5feat2_12_ce0         |  out|    1|   ap_memory|                         p_ZZ9cnn_accelE5feat2_12|         array|
|p_ZZ9cnn_accelE5feat2_12_q0          |   in|   32|   ap_memory|                         p_ZZ9cnn_accelE5feat2_12|         array|
|p_ZZ9cnn_accelE5feat2_12_address1    |  out|   15|   ap_memory|                         p_ZZ9cnn_accelE5feat2_12|         array|
|p_ZZ9cnn_accelE5feat2_12_ce1         |  out|    1|   ap_memory|                         p_ZZ9cnn_accelE5feat2_12|         array|
|p_ZZ9cnn_accelE5feat2_12_q1          |   in|   32|   ap_memory|                         p_ZZ9cnn_accelE5feat2_12|         array|
|p_ZZ9cnn_accelE5feat2_13_address0    |  out|   15|   ap_memory|                         p_ZZ9cnn_accelE5feat2_13|         array|
|p_ZZ9cnn_accelE5feat2_13_ce0         |  out|    1|   ap_memory|                         p_ZZ9cnn_accelE5feat2_13|         array|
|p_ZZ9cnn_accelE5feat2_13_q0          |   in|   32|   ap_memory|                         p_ZZ9cnn_accelE5feat2_13|         array|
|p_ZZ9cnn_accelE5feat2_13_address1    |  out|   15|   ap_memory|                         p_ZZ9cnn_accelE5feat2_13|         array|
|p_ZZ9cnn_accelE5feat2_13_ce1         |  out|    1|   ap_memory|                         p_ZZ9cnn_accelE5feat2_13|         array|
|p_ZZ9cnn_accelE5feat2_13_q1          |   in|   32|   ap_memory|                         p_ZZ9cnn_accelE5feat2_13|         array|
|p_ZZ9cnn_accelE5feat2_14_address0    |  out|   15|   ap_memory|                         p_ZZ9cnn_accelE5feat2_14|         array|
|p_ZZ9cnn_accelE5feat2_14_ce0         |  out|    1|   ap_memory|                         p_ZZ9cnn_accelE5feat2_14|         array|
|p_ZZ9cnn_accelE5feat2_14_q0          |   in|   32|   ap_memory|                         p_ZZ9cnn_accelE5feat2_14|         array|
|p_ZZ9cnn_accelE5feat2_14_address1    |  out|   15|   ap_memory|                         p_ZZ9cnn_accelE5feat2_14|         array|
|p_ZZ9cnn_accelE5feat2_14_ce1         |  out|    1|   ap_memory|                         p_ZZ9cnn_accelE5feat2_14|         array|
|p_ZZ9cnn_accelE5feat2_14_q1          |   in|   32|   ap_memory|                         p_ZZ9cnn_accelE5feat2_14|         array|
|p_ZZ9cnn_accelE5feat2_15_address0    |  out|   15|   ap_memory|                         p_ZZ9cnn_accelE5feat2_15|         array|
|p_ZZ9cnn_accelE5feat2_15_ce0         |  out|    1|   ap_memory|                         p_ZZ9cnn_accelE5feat2_15|         array|
|p_ZZ9cnn_accelE5feat2_15_q0          |   in|   32|   ap_memory|                         p_ZZ9cnn_accelE5feat2_15|         array|
|p_ZZ9cnn_accelE5feat2_15_address1    |  out|   15|   ap_memory|                         p_ZZ9cnn_accelE5feat2_15|         array|
|p_ZZ9cnn_accelE5feat2_15_ce1         |  out|    1|   ap_memory|                         p_ZZ9cnn_accelE5feat2_15|         array|
|p_ZZ9cnn_accelE5feat2_15_q1          |   in|   32|   ap_memory|                         p_ZZ9cnn_accelE5feat2_15|         array|
|feat2_p_26_address0                  |  out|   13|   ap_memory|                                       feat2_p_26|         array|
|feat2_p_26_ce0                       |  out|    1|   ap_memory|                                       feat2_p_26|         array|
|feat2_p_26_we0                       |  out|    1|   ap_memory|                                       feat2_p_26|         array|
|feat2_p_26_d0                        |  out|   32|   ap_memory|                                       feat2_p_26|         array|
|feat2_p_27_address0                  |  out|   13|   ap_memory|                                       feat2_p_27|         array|
|feat2_p_27_ce0                       |  out|    1|   ap_memory|                                       feat2_p_27|         array|
|feat2_p_27_we0                       |  out|    1|   ap_memory|                                       feat2_p_27|         array|
|feat2_p_27_d0                        |  out|   32|   ap_memory|                                       feat2_p_27|         array|
|feat2_p_28_address0                  |  out|   13|   ap_memory|                                       feat2_p_28|         array|
|feat2_p_28_ce0                       |  out|    1|   ap_memory|                                       feat2_p_28|         array|
|feat2_p_28_we0                       |  out|    1|   ap_memory|                                       feat2_p_28|         array|
|feat2_p_28_d0                        |  out|   32|   ap_memory|                                       feat2_p_28|         array|
|feat2_p_29_address0                  |  out|   13|   ap_memory|                                       feat2_p_29|         array|
|feat2_p_29_ce0                       |  out|    1|   ap_memory|                                       feat2_p_29|         array|
|feat2_p_29_we0                       |  out|    1|   ap_memory|                                       feat2_p_29|         array|
|feat2_p_29_d0                        |  out|   32|   ap_memory|                                       feat2_p_29|         array|
|feat2_p_30_address0                  |  out|   13|   ap_memory|                                       feat2_p_30|         array|
|feat2_p_30_ce0                       |  out|    1|   ap_memory|                                       feat2_p_30|         array|
|feat2_p_30_we0                       |  out|    1|   ap_memory|                                       feat2_p_30|         array|
|feat2_p_30_d0                        |  out|   32|   ap_memory|                                       feat2_p_30|         array|
|feat2_p_31_address0                  |  out|   13|   ap_memory|                                       feat2_p_31|         array|
|feat2_p_31_ce0                       |  out|    1|   ap_memory|                                       feat2_p_31|         array|
|feat2_p_31_we0                       |  out|    1|   ap_memory|                                       feat2_p_31|         array|
|feat2_p_31_d0                        |  out|   32|   ap_memory|                                       feat2_p_31|         array|
|feat2_p_32_address0                  |  out|   13|   ap_memory|                                       feat2_p_32|         array|
|feat2_p_32_ce0                       |  out|    1|   ap_memory|                                       feat2_p_32|         array|
|feat2_p_32_we0                       |  out|    1|   ap_memory|                                       feat2_p_32|         array|
|feat2_p_32_d0                        |  out|   32|   ap_memory|                                       feat2_p_32|         array|
|feat2_p_33_address0                  |  out|   13|   ap_memory|                                       feat2_p_33|         array|
|feat2_p_33_ce0                       |  out|    1|   ap_memory|                                       feat2_p_33|         array|
|feat2_p_33_we0                       |  out|    1|   ap_memory|                                       feat2_p_33|         array|
|feat2_p_33_d0                        |  out|   32|   ap_memory|                                       feat2_p_33|         array|
|feat2_p_34_address0                  |  out|   13|   ap_memory|                                       feat2_p_34|         array|
|feat2_p_34_ce0                       |  out|    1|   ap_memory|                                       feat2_p_34|         array|
|feat2_p_34_we0                       |  out|    1|   ap_memory|                                       feat2_p_34|         array|
|feat2_p_34_d0                        |  out|   32|   ap_memory|                                       feat2_p_34|         array|
|p_ZZ9cnn_accelE7feat2_p_10_address0  |  out|   13|   ap_memory|                       p_ZZ9cnn_accelE7feat2_p_10|         array|
|p_ZZ9cnn_accelE7feat2_p_10_ce0       |  out|    1|   ap_memory|                       p_ZZ9cnn_accelE7feat2_p_10|         array|
|p_ZZ9cnn_accelE7feat2_p_10_we0       |  out|    1|   ap_memory|                       p_ZZ9cnn_accelE7feat2_p_10|         array|
|p_ZZ9cnn_accelE7feat2_p_10_d0        |  out|   32|   ap_memory|                       p_ZZ9cnn_accelE7feat2_p_10|         array|
|p_ZZ9cnn_accelE7feat2_p_11_address0  |  out|   13|   ap_memory|                       p_ZZ9cnn_accelE7feat2_p_11|         array|
|p_ZZ9cnn_accelE7feat2_p_11_ce0       |  out|    1|   ap_memory|                       p_ZZ9cnn_accelE7feat2_p_11|         array|
|p_ZZ9cnn_accelE7feat2_p_11_we0       |  out|    1|   ap_memory|                       p_ZZ9cnn_accelE7feat2_p_11|         array|
|p_ZZ9cnn_accelE7feat2_p_11_d0        |  out|   32|   ap_memory|                       p_ZZ9cnn_accelE7feat2_p_11|         array|
|p_ZZ9cnn_accelE7feat2_p_12_address0  |  out|   13|   ap_memory|                       p_ZZ9cnn_accelE7feat2_p_12|         array|
|p_ZZ9cnn_accelE7feat2_p_12_ce0       |  out|    1|   ap_memory|                       p_ZZ9cnn_accelE7feat2_p_12|         array|
|p_ZZ9cnn_accelE7feat2_p_12_we0       |  out|    1|   ap_memory|                       p_ZZ9cnn_accelE7feat2_p_12|         array|
|p_ZZ9cnn_accelE7feat2_p_12_d0        |  out|   32|   ap_memory|                       p_ZZ9cnn_accelE7feat2_p_12|         array|
|p_ZZ9cnn_accelE7feat2_p_13_address0  |  out|   13|   ap_memory|                       p_ZZ9cnn_accelE7feat2_p_13|         array|
|p_ZZ9cnn_accelE7feat2_p_13_ce0       |  out|    1|   ap_memory|                       p_ZZ9cnn_accelE7feat2_p_13|         array|
|p_ZZ9cnn_accelE7feat2_p_13_we0       |  out|    1|   ap_memory|                       p_ZZ9cnn_accelE7feat2_p_13|         array|
|p_ZZ9cnn_accelE7feat2_p_13_d0        |  out|   32|   ap_memory|                       p_ZZ9cnn_accelE7feat2_p_13|         array|
|p_ZZ9cnn_accelE7feat2_p_14_address0  |  out|   13|   ap_memory|                       p_ZZ9cnn_accelE7feat2_p_14|         array|
|p_ZZ9cnn_accelE7feat2_p_14_ce0       |  out|    1|   ap_memory|                       p_ZZ9cnn_accelE7feat2_p_14|         array|
|p_ZZ9cnn_accelE7feat2_p_14_we0       |  out|    1|   ap_memory|                       p_ZZ9cnn_accelE7feat2_p_14|         array|
|p_ZZ9cnn_accelE7feat2_p_14_d0        |  out|   32|   ap_memory|                       p_ZZ9cnn_accelE7feat2_p_14|         array|
|p_ZZ9cnn_accelE7feat2_p_15_address0  |  out|   13|   ap_memory|                       p_ZZ9cnn_accelE7feat2_p_15|         array|
|p_ZZ9cnn_accelE7feat2_p_15_ce0       |  out|    1|   ap_memory|                       p_ZZ9cnn_accelE7feat2_p_15|         array|
|p_ZZ9cnn_accelE7feat2_p_15_we0       |  out|    1|   ap_memory|                       p_ZZ9cnn_accelE7feat2_p_15|         array|
|p_ZZ9cnn_accelE7feat2_p_15_d0        |  out|   32|   ap_memory|                       p_ZZ9cnn_accelE7feat2_p_15|         array|
+-------------------------------------+-----+-----+------------+-------------------------------------------------+--------------+

