

================================================================
== Vitis HLS Report for 'conv1'
================================================================
* Date:           Tue Jul  8 02:26:03 2025

* Version:        2025.1 (Build 6135595 on May 21 2025)
* Project:        cnn_accel
* Solution:       hls (Vivado IP Flow Target)
* Product family: artix7
* Target device:  xc7a100t-fgg484-2L


================================================================
== Performance Estimates
================================================================
+ Timing: 
    * Summary: 
    +--------+----------+----------+------------+
    |  Clock |  Target  | Estimated| Uncertainty|
    +--------+----------+----------+------------+
    |ap_clk  |  10.00 ns|  6.993 ns|     2.70 ns|
    +--------+----------+----------+------------+

+ Latency: 
    * Summary: 
    +---------+---------+-----------+-----------+---------+---------+---------+
    |  Latency (cycles) |   Latency (absolute)  |      Interval     | Pipeline|
    |   min   |   max   |    min    |    max    |   min   |   max   |   Type  |
    +---------+---------+-----------+-----------+---------+---------+---------+
    |  5449385|  5449385|  54.494 ms|  54.494 ms|  5449385|  5449385|       no|
    +---------+---------+-----------+-----------+---------+---------+---------+

    + Detail: 
        * Instance: 
        N/A

        * Loop: 
        +---------------------------------+---------+---------+----------+-----------+-----------+--------+----------+
        |                                 |  Latency (cycles) | Iteration|  Initiation Interval  |  Trip  |          |
        |            Loop Name            |   min   |   max   |  Latency |  achieved |   target  |  Count | Pipelined|
        +---------------------------------+---------+---------+----------+-----------+-----------+--------+----------+
        |- CONV1_ROW_CONV1_COL_CONV1_FIL  |  5449383|  5449383|       145|          9|          3|  605472|       yes|
        +---------------------------------+---------+---------+----------+-----------+-----------+--------+----------+



================================================================
== Utilization Estimates
================================================================
* Summary: 
+-----------------+---------+-----+--------+-------+-----+
|       Name      | BRAM_18K| DSP |   FF   |  LUT  | URAM|
+-----------------+---------+-----+--------+-------+-----+
|DSP              |        -|    1|       -|      -|    -|
|Expression       |        -|    -|       0|    675|    -|
|FIFO             |        -|    -|       -|      -|    -|
|Instance         |        -|    -|       0|    924|    -|
|Memory           |        -|    -|       -|      -|    -|
|Multiplexer      |        -|    -|       0|    691|    -|
|Register         |        -|    -|    4600|    864|    -|
+-----------------+---------+-----+--------+-------+-----+
|Total            |        0|    1|    4600|   3154|    0|
+-----------------+---------+-----+--------+-------+-----+
|Available        |      270|  240|  126800|  63400|    0|
+-----------------+---------+-----+--------+-------+-----+
|Utilization (%)  |        0|   ~0|       3|      4|    0|
+-----------------+---------+-----+--------+-------+-----+

+ Detail: 
    * Instance: 
    +---------------------------+-----------------------+---------+----+---+----+-----+
    |          Instance         |         Module        | BRAM_18K| DSP| FF| LUT| URAM|
    +---------------------------+-----------------------+---------+----+---+----+-----+
    |sparsemux_17_3_32_1_1_U16  |sparsemux_17_3_32_1_1  |        0|   0|  0|  33|    0|
    |sparsemux_17_3_32_1_1_U17  |sparsemux_17_3_32_1_1  |        0|   0|  0|  33|    0|
    |sparsemux_17_3_32_1_1_U18  |sparsemux_17_3_32_1_1  |        0|   0|  0|  33|    0|
    |sparsemux_17_3_32_1_1_U19  |sparsemux_17_3_32_1_1  |        0|   0|  0|  33|    0|
    |sparsemux_17_3_32_1_1_U20  |sparsemux_17_3_32_1_1  |        0|   0|  0|  33|    0|
    |sparsemux_17_3_32_1_1_U21  |sparsemux_17_3_32_1_1  |        0|   0|  0|  33|    0|
    |sparsemux_17_3_32_1_1_U22  |sparsemux_17_3_32_1_1  |        0|   0|  0|  33|    0|
    |sparsemux_17_3_32_1_1_U23  |sparsemux_17_3_32_1_1  |        0|   0|  0|  33|    0|
    |sparsemux_17_3_32_1_1_U24  |sparsemux_17_3_32_1_1  |        0|   0|  0|  33|    0|
    |sparsemux_17_3_32_1_1_U25  |sparsemux_17_3_32_1_1  |        0|   0|  0|  33|    0|
    |sparsemux_17_3_32_1_1_U26  |sparsemux_17_3_32_1_1  |        0|   0|  0|  33|    0|
    |sparsemux_17_3_32_1_1_U27  |sparsemux_17_3_32_1_1  |        0|   0|  0|  33|    0|
    |sparsemux_17_3_32_1_1_U28  |sparsemux_17_3_32_1_1  |        0|   0|  0|  33|    0|
    |sparsemux_17_3_32_1_1_U29  |sparsemux_17_3_32_1_1  |        0|   0|  0|  33|    0|
    |sparsemux_17_3_32_1_1_U30  |sparsemux_17_3_32_1_1  |        0|   0|  0|  33|    0|
    |sparsemux_17_3_32_1_1_U31  |sparsemux_17_3_32_1_1  |        0|   0|  0|  33|    0|
    |sparsemux_17_3_32_1_1_U32  |sparsemux_17_3_32_1_1  |        0|   0|  0|  33|    0|
    |sparsemux_17_3_32_1_1_U33  |sparsemux_17_3_32_1_1  |        0|   0|  0|  33|    0|
    |sparsemux_17_3_32_1_1_U34  |sparsemux_17_3_32_1_1  |        0|   0|  0|  33|    0|
    |sparsemux_17_3_32_1_1_U35  |sparsemux_17_3_32_1_1  |        0|   0|  0|  33|    0|
    |sparsemux_17_3_32_1_1_U36  |sparsemux_17_3_32_1_1  |        0|   0|  0|  33|    0|
    |sparsemux_17_3_32_1_1_U37  |sparsemux_17_3_32_1_1  |        0|   0|  0|  33|    0|
    |sparsemux_17_3_32_1_1_U38  |sparsemux_17_3_32_1_1  |        0|   0|  0|  33|    0|
    |sparsemux_17_3_32_1_1_U39  |sparsemux_17_3_32_1_1  |        0|   0|  0|  33|    0|
    |sparsemux_17_3_32_1_1_U40  |sparsemux_17_3_32_1_1  |        0|   0|  0|  33|    0|
    |sparsemux_17_3_32_1_1_U41  |sparsemux_17_3_32_1_1  |        0|   0|  0|  33|    0|
    |sparsemux_17_3_32_1_1_U42  |sparsemux_17_3_32_1_1  |        0|   0|  0|  33|    0|
    |sparsemux_17_3_32_1_1_U43  |sparsemux_17_3_32_1_1  |        0|   0|  0|  33|    0|
    +---------------------------+-----------------------+---------+----+---+----+-----+
    |Total                      |                       |        0|   0|  0| 924|    0|
    +---------------------------+-----------------------+---------+----+---+----+-----+

    * DSP: 
    +-----------------------------------+-------------------------------+--------------+
    |              Instance             |             Module            |  Expression  |
    +-----------------------------------+-------------------------------+--------------+
    |mac_muladd_9ns_8ns_9ns_17_4_1_U44  |mac_muladd_9ns_8ns_9ns_17_4_1  |  i0 * i1 + i2|
    +-----------------------------------+-------------------------------+--------------+

    * Memory: 
    N/A

    * FIFO: 
    N/A

    * Expression: 
    +--------------------------------------+----------+----+---+----+------------+------------+
    |             Variable Name            | Operation| DSP| FF| LUT| Bitwidth P0| Bitwidth P1|
    +--------------------------------------+----------+----+---+----+------------+------------+
    |add_ln213_fu_1880_p2                  |         +|   0|  0|  27|          20|           1|
    |add_ln214_fu_2045_p2                  |         +|   0|  0|  20|          13|           1|
    |add_ln215_fu_2039_p2                  |         +|   0|  0|  13|           4|           1|
    |empty_227_fu_2106_p2                  |         +|   0|  0|  24|          17|          17|
    |empty_228_fu_2192_p2                  |         +|   0|  0|  24|          17|          17|
    |empty_229_fu_2258_p2                  |         +|   0|  0|  15|           8|           2|
    |empty_230_fu_2427_p2                  |         +|   0|  0|  24|          17|          17|
    |empty_231_fu_2115_p2                  |         +|   0|  0|  24|          17|          17|
    |empty_232_fu_2198_p2                  |         +|   0|  0|  24|          17|          17|
    |empty_233_fu_2445_p2                  |         +|   0|  0|  24|          17|          17|
    |empty_234_fu_2151_p2                  |         +|   0|  0|  24|          17|          17|
    |empty_235_fu_2263_p2                  |         +|   0|  0|  24|          17|          17|
    |empty_236_fu_2463_p2                  |         +|   0|  0|  24|          17|          17|
    |empty_237_fu_2228_p2                  |         +|   0|  0|  16|           9|           2|
    |empty_238_fu_2237_p2                  |         +|   0|  0|  24|          17|          17|
    |empty_239_fu_2292_p2                  |         +|   0|  0|  24|          17|          17|
    |empty_240_fu_2481_p2                  |         +|   0|  0|  24|          17|          17|
    |indvars_iv_next138_i192_fu_1929_p2    |         +|   0|  0|  16|           9|           1|
    |indvars_iv_next138_i_dup_fu_1969_p2   |         +|   0|  0|  16|           9|           1|
    |indvars_iv_next138_i_mid1_fu_1989_p2  |         +|   0|  0|  16|           9|           2|
    |indvars_iv_next142_i184_fu_1915_p2    |         +|   0|  0|  15|           8|           1|
    |indvars_iv_next142_i_mid1_fu_1909_p2  |         +|   0|  0|  15|           8|           2|
    |and_ln213_fu_1955_p2                  |       and|   0|  0|   2|           1|           1|
    |and_ln228_fu_3393_p2                  |       and|   0|  0|   2|           1|           1|
    |icmp_ln213_fu_1874_p2                 |      icmp|   0|  0|  27|          20|          20|
    |icmp_ln214_fu_1895_p2                 |      icmp|   0|  0|  20|          13|          12|
    |icmp_ln215_fu_1949_p2                 |      icmp|   0|  0|  13|           4|           5|
    |icmp_ln228_1_fu_3381_p2               |      icmp|   0|  0|  30|          23|           1|
    |icmp_ln228_fu_3375_p2                 |      icmp|   0|  0|  15|           8|           2|
    |empty_fu_1975_p2                      |        or|   0|  0|   2|           1|           1|
    |or_ln228_fu_3387_p2                   |        or|   0|  0|   2|           1|           1|
    |indvars_iv_next138_i_mid2_fu_1995_p3  |    select|   0|  0|   9|           1|           9|
    |m_mid2_fu_1981_p3                     |    select|   0|  0|   4|           1|           1|
    |select_ln213_1_fu_1921_p3             |    select|   0|  0|   8|           1|           8|
    |select_ln213_2_fu_1935_p3             |    select|   0|  0|   9|           1|           1|
    |select_ln213_3_fu_1961_p3             |    select|   0|  0|   8|           1|           8|
    |select_ln213_fu_1901_p3               |    select|   0|  0|   9|           1|           1|
    |select_ln214_1_fu_2051_p3             |    select|   0|  0|  13|           1|           1|
    |select_ln214_fu_2003_p3               |    select|   0|  0|   9|           1|           9|
    |select_ln228_fu_3399_p3               |    select|   0|  0|  32|           1|          32|
    |ap_enable_pp0                         |       xor|   0|  0|   2|           1|           2|
    |xor_ln213_fu_1943_p2                  |       xor|   0|  0|   2|           1|           2|
    +--------------------------------------+----------+----+---+----+------------+------------+
    |Total                                 |          |   0|  0| 675|         384|         336|
    +--------------------------------------+----------+----+---+----+------------+------------+

    * Multiplexer: 
    +-----------------------------+----+-----------+-----+-----------+
    |             Name            | LUT| Input Size| Bits| Total Bits|
    +-----------------------------+----+-----------+-----+-----------+
    |ap_NS_fsm                    |  49|         12|    1|         12|
    |ap_enable_reg_pp0_iter16     |   9|          2|    1|          2|
    |grp_fu_872_p0                |  41|         10|   32|        320|
    |grp_fu_872_p1                |  41|         10|   32|        320|
    |grp_fu_876_p0                |  41|         10|   32|        320|
    |grp_fu_876_p1                |  41|         10|   32|        320|
    |grp_fu_880_p0                |  41|         10|   32|        320|
    |grp_fu_880_p1                |  41|         10|   32|        320|
    |grp_fu_884_p0                |  25|          6|   32|        192|
    |grp_fu_884_p1                |  41|         10|   32|        320|
    |grp_fu_888_p0                |  25|          6|   32|        192|
    |grp_fu_888_p1                |  41|         10|   32|        320|
    |grp_fu_892_p0                |  41|         10|   32|        320|
    |grp_fu_892_p1                |  41|         10|   32|        320|
    |i_fu_578                     |   9|          2|    8|         16|
    |indvar_flatten14_fu_582      |   9|          2|   20|         40|
    |indvar_flatten_fu_574        |   9|          2|   13|         26|
    |j_fu_570                     |   9|          2|    9|         18|
    |local_img_60_address0_local  |  25|          6|   18|        108|
    |local_img_60_address1_local  |  21|          5|   18|         90|
    |local_img_address0_local     |  41|         10|   18|        180|
    |local_img_address1_local     |  41|         10|   18|        180|
    |m_fu_566                     |   9|          2|    4|          8|
    +-----------------------------+----+-----------+-----+-----------+
    |Total                        | 691|        167|  512|       4264|
    +-----------------------------+----+-----------+-----+-----------+

    * Register: 
    +-----------------------------------------+----+----+-----+-----------+
    |                   Name                  | FF | LUT| Bits| Const Bits|
    +-----------------------------------------+----+----+-----+-----------+
    |acc_100_reg_5365                         |  32|   0|   32|          0|
    |acc_75_reg_5170                          |  32|   0|   32|          0|
    |acc_76_reg_5250                          |  32|   0|   32|          0|
    |acc_77_reg_5255                          |  32|   0|   32|          0|
    |acc_78_reg_5260                          |  32|   0|   32|          0|
    |acc_79_reg_5265                          |  32|   0|   32|          0|
    |acc_80_reg_5270                          |  32|   0|   32|          0|
    |acc_81_reg_5275                          |  32|   0|   32|          0|
    |acc_82_reg_5280                          |  32|   0|   32|          0|
    |acc_83_reg_5285                          |  32|   0|   32|          0|
    |acc_84_reg_5290                          |  32|   0|   32|          0|
    |acc_85_reg_5295                          |  32|   0|   32|          0|
    |acc_86_reg_5300                          |  32|   0|   32|          0|
    |acc_87_reg_5305                          |  32|   0|   32|          0|
    |acc_88_reg_5310                          |  32|   0|   32|          0|
    |acc_89_reg_5315                          |  32|   0|   32|          0|
    |acc_90_reg_5320                          |  32|   0|   32|          0|
    |acc_91_reg_5325                          |  32|   0|   32|          0|
    |acc_92_reg_5330                          |  32|   0|   32|          0|
    |acc_93_reg_5335                          |  32|   0|   32|          0|
    |acc_94_reg_5340                          |  32|   0|   32|          0|
    |acc_95_reg_5345                          |  32|   0|   32|          0|
    |acc_97_reg_5350                          |  32|   0|   32|          0|
    |acc_98_reg_5355                          |  32|   0|   32|          0|
    |acc_99_reg_5360                          |  32|   0|   32|          0|
    |acc_reg_4975                             |  32|   0|   32|          0|
    |add_ln228_reg_4955                       |  17|   0|   17|          0|
    |ap_CS_fsm                                |  11|   0|   11|          0|
    |ap_enable_reg_pp0_iter0                  |   1|   0|    1|          0|
    |ap_enable_reg_pp0_iter0_reg              |   1|   0|    1|          0|
    |ap_enable_reg_pp0_iter1                  |   1|   0|    1|          0|
    |ap_enable_reg_pp0_iter10                 |   1|   0|    1|          0|
    |ap_enable_reg_pp0_iter11                 |   1|   0|    1|          0|
    |ap_enable_reg_pp0_iter12                 |   1|   0|    1|          0|
    |ap_enable_reg_pp0_iter13                 |   1|   0|    1|          0|
    |ap_enable_reg_pp0_iter14                 |   1|   0|    1|          0|
    |ap_enable_reg_pp0_iter15                 |   1|   0|    1|          0|
    |ap_enable_reg_pp0_iter16                 |   1|   0|    1|          0|
    |ap_enable_reg_pp0_iter2                  |   1|   0|    1|          0|
    |ap_enable_reg_pp0_iter3                  |   1|   0|    1|          0|
    |ap_enable_reg_pp0_iter4                  |   1|   0|    1|          0|
    |ap_enable_reg_pp0_iter5                  |   1|   0|    1|          0|
    |ap_enable_reg_pp0_iter6                  |   1|   0|    1|          0|
    |ap_enable_reg_pp0_iter7                  |   1|   0|    1|          0|
    |ap_enable_reg_pp0_iter8                  |   1|   0|    1|          0|
    |ap_enable_reg_pp0_iter9                  |   1|   0|    1|          0|
    |empty_227_reg_4653                       |  11|   0|   17|          6|
    |empty_228_reg_4701                       |  11|   0|   17|          6|
    |empty_229_reg_4768                       |   8|   0|    8|          0|
    |empty_232_reg_4707                       |  17|   0|   17|          0|
    |empty_233_reg_4849                       |  17|   0|   17|          0|
    |empty_234_reg_4686                       |  17|   0|   17|          0|
    |empty_235_reg_4774                       |  17|   0|   17|          0|
    |empty_236_reg_4864                       |  17|   0|   17|          0|
    |empty_238_reg_4748                       |  17|   0|   17|          0|
    |empty_239_reg_4799                       |  17|   0|   17|          0|
    |empty_240_reg_4879                       |  17|   0|   17|          0|
    |i_fu_578                                 |   8|   0|    8|          0|
    |indvar_flatten14_fu_582                  |  20|   0|   20|          0|
    |indvar_flatten_fu_574                    |  13|   0|   13|          0|
    |indvars_iv_next138_i_mid2_cast_reg_4680  |   9|   0|   17|          8|
    |indvars_iv_next138_i_mid2_reg_4601       |   9|   0|    9|          0|
    |j_fu_570                                 |   9|   0|    9|          0|
    |local_img_60_load_1_reg_4737             |  32|   0|   32|          0|
    |local_img_60_load_2_reg_4814             |  32|   0|   32|          0|
    |local_img_60_load_3_reg_4819             |  32|   0|   32|          0|
    |local_img_60_load_4_reg_4885             |  32|   0|   32|          0|
    |local_img_60_load_5_reg_4890             |  32|   0|   32|          0|
    |local_img_60_load_6_reg_4930             |  32|   0|   32|          0|
    |local_img_60_load_7_reg_4935             |  32|   0|   32|          0|
    |local_img_60_load_8_reg_4970             |  32|   0|   32|          0|
    |local_img_60_load_reg_4732               |  32|   0|   32|          0|
    |local_img_load_16_reg_5130               |  32|   0|   32|          0|
    |local_img_load_17_reg_5135               |  32|   0|   32|          0|
    |m_fu_566                                 |   4|   0|    4|          0|
    |mul35_11_i_reg_4990                      |  32|   0|   32|          0|
    |mul35_11_i_reg_4990_pp0_iter1_reg        |  32|   0|   32|          0|
    |mul35_12_i_reg_5020                      |  32|   0|   32|          0|
    |mul35_13_i_reg_5060                      |  32|   0|   32|          0|
    |mul35_161_1_i_reg_5025                   |  32|   0|   32|          0|
    |mul35_161_2_i_reg_5030                   |  32|   0|   32|          0|
    |mul35_1_1_1_i_reg_5145                   |  32|   0|   32|          0|
    |mul35_1_1_2_i_reg_5150                   |  32|   0|   32|          0|
    |mul35_1_1_i_reg_5140                     |  32|   0|   32|          0|
    |mul35_1_2_1_i_reg_5180                   |  32|   0|   32|          0|
    |mul35_1_2_2_i_reg_5185                   |  32|   0|   32|          0|
    |mul35_1_2_i_reg_5175                     |  32|   0|   32|          0|
    |mul35_1_9_i_reg_5110                     |  32|   0|   32|          0|
    |mul35_1_i_242_reg_5105                   |  32|   0|   32|          0|
    |mul35_1_i_reg_5100                       |  32|   0|   32|          0|
    |mul35_271_1_i_reg_5065                   |  32|   0|   32|          0|
    |mul35_271_2_i_reg_5070                   |  32|   0|   32|          0|
    |mul35_2_1_1_i_reg_5225                   |  32|   0|   32|          0|
    |mul35_2_1_2_i_reg_5230                   |  32|   0|   32|          0|
    |mul35_2_1_i_reg_5220                     |  32|   0|   32|          0|
    |mul35_2_2_1_i_reg_5240                   |  32|   0|   32|          0|
    |mul35_2_2_2_i_reg_5245                   |  32|   0|   32|          0|
    |mul35_2_2_i_reg_5235                     |  32|   0|   32|          0|
    |mul35_2_9_i_reg_5215                     |  32|   0|   32|          0|
    |mul35_2_i_243_reg_5210                   |  32|   0|   32|          0|
    |mul35_2_i_reg_5205                       |  32|   0|   32|          0|
    |mul35_i_reg_4985                         |  32|   0|   32|          0|
    |mul_i_reg_4980                           |  32|   0|   32|          0|
    |p_cast203_reg_4742                       |   9|   0|   17|          8|
    |p_cast210_reg_4712                       |  17|   0|   64|         47|
    |p_cast211_reg_4854                       |  17|   0|   64|         47|
    |p_cast212_reg_4691                       |  17|   0|   64|         47|
    |p_cast213_reg_4779                       |  17|   0|   64|         47|
    |p_cast214_reg_4869                       |  17|   0|   64|         47|
    |p_cast215_reg_4753                       |  17|   0|   64|         47|
    |p_cast216_reg_4804                       |  17|   0|   64|         47|
    |p_cast217_reg_4920                       |  17|   0|   64|         47|
    |reg_901                                  |  32|   0|   32|          0|
    |reg_906                                  |  32|   0|   32|          0|
    |reg_911                                  |  32|   0|   32|          0|
    |reg_916                                  |  32|   0|   32|          0|
    |reg_921                                  |  32|   0|   32|          0|
    |reg_926                                  |  32|   0|   32|          0|
    |reg_931                                  |  32|   0|   32|          0|
    |reg_936                                  |  32|   0|   32|          0|
    |reg_941                                  |  32|   0|   32|          0|
    |select_ln213_1_reg_4587                  |   8|   0|    8|          0|
    |select_ln213_3_reg_4593                  |   8|   0|    8|          0|
    |select_ln214_reg_4606                    |   9|   0|    9|          0|
    |select_ln228_reg_5370                    |  32|   0|   32|          0|
    |trunc_ln215_1_reg_4644                   |   1|   0|    1|          0|
    |trunc_ln215_3_reg_4649                   |   2|   0|    2|          0|
    |trunc_ln215_reg_4612                     |   3|   0|    3|          0|
    |trunc_ln215_reg_4612_pp0_iter1_reg       |   3|   0|    3|          0|
    |zext_ln228_reg_4658                      |   9|   0|   17|          8|
    |add_ln228_reg_4955                       |  64|  32|   17|          0|
    |mul35_12_i_reg_5020                      |  64|  32|   32|          0|
    |mul35_13_i_reg_5060                      |  64|  32|   32|          0|
    |mul35_161_1_i_reg_5025                   |  64|  32|   32|          0|
    |mul35_161_2_i_reg_5030                   |  64|  32|   32|          0|
    |mul35_1_1_1_i_reg_5145                   |  64|  32|   32|          0|
    |mul35_1_1_2_i_reg_5150                   |  64|  32|   32|          0|
    |mul35_1_1_i_reg_5140                     |  64|  32|   32|          0|
    |mul35_1_2_1_i_reg_5180                   |  64|  32|   32|          0|
    |mul35_1_2_2_i_reg_5185                   |  64|  32|   32|          0|
    |mul35_1_2_i_reg_5175                     |  64|  32|   32|          0|
    |mul35_1_9_i_reg_5110                     |  64|  32|   32|          0|
    |mul35_1_i_242_reg_5105                   |  64|  32|   32|          0|
    |mul35_1_i_reg_5100                       |  64|  32|   32|          0|
    |mul35_271_1_i_reg_5065                   |  64|  32|   32|          0|
    |mul35_271_2_i_reg_5070                   |  64|  32|   32|          0|
    |mul35_2_1_1_i_reg_5225                   |  64|  32|   32|          0|
    |mul35_2_1_2_i_reg_5230                   |  64|  32|   32|          0|
    |mul35_2_1_i_reg_5220                     |  64|  32|   32|          0|
    |mul35_2_2_1_i_reg_5240                   |  64|  32|   32|          0|
    |mul35_2_2_2_i_reg_5245                   |  64|  32|   32|          0|
    |mul35_2_2_i_reg_5235                     |  64|  32|   32|          0|
    |mul35_2_9_i_reg_5215                     |  64|  32|   32|          0|
    |mul35_2_i_243_reg_5210                   |  64|  32|   32|          0|
    |mul35_2_i_reg_5205                       |  64|  32|   32|          0|
    |trunc_ln215_1_reg_4644                   |  64|  32|    1|          0|
    |trunc_ln215_3_reg_4649                   |  64|  32|    2|          0|
    +-----------------------------------------+----+----+-----+-----------+
    |Total                                    |4600| 864| 4072|        412|
    +-----------------------------------------+----+----+-----+-----------+



================================================================
== Interface
================================================================
* Summary: 
+------------------------------+-----+-----+------------+------------------------------+--------------+
|           RTL Ports          | Dir | Bits|  Protocol  |         Source Object        |    C Type    |
+------------------------------+-----+-----+------------+------------------------------+--------------+
|ap_clk                        |   in|    1|  ap_ctrl_hs|                         conv1|  return value|
|ap_rst                        |   in|    1|  ap_ctrl_hs|                         conv1|  return value|
|ap_start                      |   in|    1|  ap_ctrl_hs|                         conv1|  return value|
|ap_done                       |  out|    1|  ap_ctrl_hs|                         conv1|  return value|
|ap_idle                       |  out|    1|  ap_ctrl_hs|                         conv1|  return value|
|ap_ready                      |  out|    1|  ap_ctrl_hs|                         conv1|  return value|
|grp_fu_9558_p_din0            |  out|   32|  ap_ctrl_hs|                         conv1|  return value|
|grp_fu_9558_p_din1            |  out|   32|  ap_ctrl_hs|                         conv1|  return value|
|grp_fu_9558_p_opcode          |  out|    1|  ap_ctrl_hs|                         conv1|  return value|
|grp_fu_9558_p_dout0           |   in|   32|  ap_ctrl_hs|                         conv1|  return value|
|grp_fu_9558_p_ce              |  out|    1|  ap_ctrl_hs|                         conv1|  return value|
|grp_fu_9562_p_din0            |  out|   32|  ap_ctrl_hs|                         conv1|  return value|
|grp_fu_9562_p_din1            |  out|   32|  ap_ctrl_hs|                         conv1|  return value|
|grp_fu_9562_p_opcode          |  out|    1|  ap_ctrl_hs|                         conv1|  return value|
|grp_fu_9562_p_dout0           |   in|   32|  ap_ctrl_hs|                         conv1|  return value|
|grp_fu_9562_p_ce              |  out|    1|  ap_ctrl_hs|                         conv1|  return value|
|grp_fu_9566_p_din0            |  out|   32|  ap_ctrl_hs|                         conv1|  return value|
|grp_fu_9566_p_din1            |  out|   32|  ap_ctrl_hs|                         conv1|  return value|
|grp_fu_9566_p_opcode          |  out|    2|  ap_ctrl_hs|                         conv1|  return value|
|grp_fu_9566_p_dout0           |   in|   32|  ap_ctrl_hs|                         conv1|  return value|
|grp_fu_9566_p_ce              |  out|    1|  ap_ctrl_hs|                         conv1|  return value|
|grp_fu_9570_p_din0            |  out|   32|  ap_ctrl_hs|                         conv1|  return value|
|grp_fu_9570_p_din1            |  out|   32|  ap_ctrl_hs|                         conv1|  return value|
|grp_fu_9570_p_dout0           |   in|   32|  ap_ctrl_hs|                         conv1|  return value|
|grp_fu_9570_p_ce              |  out|    1|  ap_ctrl_hs|                         conv1|  return value|
|grp_fu_9574_p_din0            |  out|   32|  ap_ctrl_hs|                         conv1|  return value|
|grp_fu_9574_p_din1            |  out|   32|  ap_ctrl_hs|                         conv1|  return value|
|grp_fu_9574_p_dout0           |   in|   32|  ap_ctrl_hs|                         conv1|  return value|
|grp_fu_9574_p_ce              |  out|    1|  ap_ctrl_hs|                         conv1|  return value|
|grp_fu_9578_p_din0            |  out|   32|  ap_ctrl_hs|                         conv1|  return value|
|grp_fu_9578_p_din1            |  out|   32|  ap_ctrl_hs|                         conv1|  return value|
|grp_fu_9578_p_dout0           |   in|   32|  ap_ctrl_hs|                         conv1|  return value|
|grp_fu_9578_p_ce              |  out|    1|  ap_ctrl_hs|                         conv1|  return value|
|grp_fu_9582_p_din0            |  out|   32|  ap_ctrl_hs|                         conv1|  return value|
|grp_fu_9582_p_din1            |  out|   32|  ap_ctrl_hs|                         conv1|  return value|
|grp_fu_9582_p_opcode          |  out|    5|  ap_ctrl_hs|                         conv1|  return value|
|grp_fu_9582_p_dout0           |   in|    1|  ap_ctrl_hs|                         conv1|  return value|
|grp_fu_9582_p_ce              |  out|    1|  ap_ctrl_hs|                         conv1|  return value|
|feat1_address0                |  out|   18|   ap_memory|                         feat1|         array|
|feat1_ce0                     |  out|    1|   ap_memory|                         feat1|         array|
|feat1_we0                     |  out|    1|   ap_memory|                         feat1|         array|
|feat1_d0                      |  out|   32|   ap_memory|                         feat1|         array|
|feat1_61_address0             |  out|   18|   ap_memory|                      feat1_61|         array|
|feat1_61_ce0                  |  out|    1|   ap_memory|                      feat1_61|         array|
|feat1_61_we0                  |  out|    1|   ap_memory|                      feat1_61|         array|
|feat1_61_d0                   |  out|   32|   ap_memory|                      feat1_61|         array|
|feat1_62_address0             |  out|   18|   ap_memory|                      feat1_62|         array|
|feat1_62_ce0                  |  out|    1|   ap_memory|                      feat1_62|         array|
|feat1_62_we0                  |  out|    1|   ap_memory|                      feat1_62|         array|
|feat1_62_d0                   |  out|   32|   ap_memory|                      feat1_62|         array|
|feat1_63_address0             |  out|   18|   ap_memory|                      feat1_63|         array|
|feat1_63_ce0                  |  out|    1|   ap_memory|                      feat1_63|         array|
|feat1_63_we0                  |  out|    1|   ap_memory|                      feat1_63|         array|
|feat1_63_d0                   |  out|   32|   ap_memory|                      feat1_63|         array|
|local_img_address0            |  out|   18|   ap_memory|                     local_img|         array|
|local_img_ce0                 |  out|    1|   ap_memory|                     local_img|         array|
|local_img_q0                  |   in|   32|   ap_memory|                     local_img|         array|
|local_img_address1            |  out|   18|   ap_memory|                     local_img|         array|
|local_img_ce1                 |  out|    1|   ap_memory|                     local_img|         array|
|local_img_q1                  |   in|   32|   ap_memory|                     local_img|         array|
|local_img_60_address0         |  out|   18|   ap_memory|                  local_img_60|         array|
|local_img_60_ce0              |  out|    1|   ap_memory|                  local_img_60|         array|
|local_img_60_q0               |   in|   32|   ap_memory|                  local_img_60|         array|
|local_img_60_address1         |  out|   18|   ap_memory|                  local_img_60|         array|
|local_img_60_ce1              |  out|    1|   ap_memory|                  local_img_60|         array|
|local_img_60_q1               |   in|   32|   ap_memory|                  local_img_60|         array|
|b1_local                      |   in|   32|     ap_none|                      b1_local|       pointer|
|b1_local_10                   |   in|   32|     ap_none|                   b1_local_10|       pointer|
|b1_local_11                   |   in|   32|     ap_none|                   b1_local_11|       pointer|
|b1_local_12                   |   in|   32|     ap_none|                   b1_local_12|       pointer|
|b1_local_13                   |   in|   32|     ap_none|                   b1_local_13|       pointer|
|b1_local_14                   |   in|   32|     ap_none|                   b1_local_14|       pointer|
|b1_local_15                   |   in|   32|     ap_none|                   b1_local_15|       pointer|
|b1_local_16                   |   in|   32|     ap_none|                   b1_local_16|       pointer|
|w1_local                      |   in|   32|     ap_none|                      w1_local|       pointer|
|p_ZZ9cnn_accelE8w1_local_27   |   in|   32|     ap_none|   p_ZZ9cnn_accelE8w1_local_27|       pointer|
|p_ZZ9cnn_accelE8w1_local_54   |   in|   32|     ap_none|   p_ZZ9cnn_accelE8w1_local_54|       pointer|
|p_ZZ9cnn_accelE8w1_local_81   |   in|   32|     ap_none|   p_ZZ9cnn_accelE8w1_local_81|       pointer|
|p_ZZ9cnn_accelE8w1_local_108  |   in|   32|     ap_none|  p_ZZ9cnn_accelE8w1_local_108|       pointer|
|p_ZZ9cnn_accelE8w1_local_135  |   in|   32|     ap_none|  p_ZZ9cnn_accelE8w1_local_135|       pointer|
|p_ZZ9cnn_accelE8w1_local_162  |   in|   32|     ap_none|  p_ZZ9cnn_accelE8w1_local_162|       pointer|
|p_ZZ9cnn_accelE8w1_local_189  |   in|   32|     ap_none|  p_ZZ9cnn_accelE8w1_local_189|       pointer|
|w1_local_9                    |   in|   32|     ap_none|                    w1_local_9|       pointer|
|p_ZZ9cnn_accelE8w1_local_36   |   in|   32|     ap_none|   p_ZZ9cnn_accelE8w1_local_36|       pointer|
|p_ZZ9cnn_accelE8w1_local_63   |   in|   32|     ap_none|   p_ZZ9cnn_accelE8w1_local_63|       pointer|
|p_ZZ9cnn_accelE8w1_local_90   |   in|   32|     ap_none|   p_ZZ9cnn_accelE8w1_local_90|       pointer|
|p_ZZ9cnn_accelE8w1_local_117  |   in|   32|     ap_none|  p_ZZ9cnn_accelE8w1_local_117|       pointer|
|p_ZZ9cnn_accelE8w1_local_144  |   in|   32|     ap_none|  p_ZZ9cnn_accelE8w1_local_144|       pointer|
|p_ZZ9cnn_accelE8w1_local_171  |   in|   32|     ap_none|  p_ZZ9cnn_accelE8w1_local_171|       pointer|
|p_ZZ9cnn_accelE8w1_local_198  |   in|   32|     ap_none|  p_ZZ9cnn_accelE8w1_local_198|       pointer|
|p_ZZ9cnn_accelE8w1_local_18   |   in|   32|     ap_none|   p_ZZ9cnn_accelE8w1_local_18|       pointer|
|p_ZZ9cnn_accelE8w1_local_45   |   in|   32|     ap_none|   p_ZZ9cnn_accelE8w1_local_45|       pointer|
|p_ZZ9cnn_accelE8w1_local_72   |   in|   32|     ap_none|   p_ZZ9cnn_accelE8w1_local_72|       pointer|
|p_ZZ9cnn_accelE8w1_local_99   |   in|   32|     ap_none|   p_ZZ9cnn_accelE8w1_local_99|       pointer|
|p_ZZ9cnn_accelE8w1_local_126  |   in|   32|     ap_none|  p_ZZ9cnn_accelE8w1_local_126|       pointer|
|p_ZZ9cnn_accelE8w1_local_153  |   in|   32|     ap_none|  p_ZZ9cnn_accelE8w1_local_153|       pointer|
|p_ZZ9cnn_accelE8w1_local_180  |   in|   32|     ap_none|  p_ZZ9cnn_accelE8w1_local_180|       pointer|
|p_ZZ9cnn_accelE8w1_local_207  |   in|   32|     ap_none|  p_ZZ9cnn_accelE8w1_local_207|       pointer|
|w1_local_1                    |   in|   32|     ap_none|                    w1_local_1|       pointer|
|p_ZZ9cnn_accelE8w1_local_28   |   in|   32|     ap_none|   p_ZZ9cnn_accelE8w1_local_28|       pointer|
|p_ZZ9cnn_accelE8w1_local_55   |   in|   32|     ap_none|   p_ZZ9cnn_accelE8w1_local_55|       pointer|
|p_ZZ9cnn_accelE8w1_local_82   |   in|   32|     ap_none|   p_ZZ9cnn_accelE8w1_local_82|       pointer|
|p_ZZ9cnn_accelE8w1_local_109  |   in|   32|     ap_none|  p_ZZ9cnn_accelE8w1_local_109|       pointer|
|p_ZZ9cnn_accelE8w1_local_136  |   in|   32|     ap_none|  p_ZZ9cnn_accelE8w1_local_136|       pointer|
|p_ZZ9cnn_accelE8w1_local_163  |   in|   32|     ap_none|  p_ZZ9cnn_accelE8w1_local_163|       pointer|
|p_ZZ9cnn_accelE8w1_local_190  |   in|   32|     ap_none|  p_ZZ9cnn_accelE8w1_local_190|       pointer|
|p_ZZ9cnn_accelE8w1_local_10   |   in|   32|     ap_none|   p_ZZ9cnn_accelE8w1_local_10|       pointer|
|p_ZZ9cnn_accelE8w1_local_37   |   in|   32|     ap_none|   p_ZZ9cnn_accelE8w1_local_37|       pointer|
|p_ZZ9cnn_accelE8w1_local_64   |   in|   32|     ap_none|   p_ZZ9cnn_accelE8w1_local_64|       pointer|
|p_ZZ9cnn_accelE8w1_local_91   |   in|   32|     ap_none|   p_ZZ9cnn_accelE8w1_local_91|       pointer|
|p_ZZ9cnn_accelE8w1_local_118  |   in|   32|     ap_none|  p_ZZ9cnn_accelE8w1_local_118|       pointer|
|p_ZZ9cnn_accelE8w1_local_145  |   in|   32|     ap_none|  p_ZZ9cnn_accelE8w1_local_145|       pointer|
|p_ZZ9cnn_accelE8w1_local_172  |   in|   32|     ap_none|  p_ZZ9cnn_accelE8w1_local_172|       pointer|
|p_ZZ9cnn_accelE8w1_local_199  |   in|   32|     ap_none|  p_ZZ9cnn_accelE8w1_local_199|       pointer|
|p_ZZ9cnn_accelE8w1_local_19   |   in|   32|     ap_none|   p_ZZ9cnn_accelE8w1_local_19|       pointer|
|p_ZZ9cnn_accelE8w1_local_46   |   in|   32|     ap_none|   p_ZZ9cnn_accelE8w1_local_46|       pointer|
|p_ZZ9cnn_accelE8w1_local_73   |   in|   32|     ap_none|   p_ZZ9cnn_accelE8w1_local_73|       pointer|
|p_ZZ9cnn_accelE8w1_local_100  |   in|   32|     ap_none|  p_ZZ9cnn_accelE8w1_local_100|       pointer|
|p_ZZ9cnn_accelE8w1_local_127  |   in|   32|     ap_none|  p_ZZ9cnn_accelE8w1_local_127|       pointer|
|p_ZZ9cnn_accelE8w1_local_154  |   in|   32|     ap_none|  p_ZZ9cnn_accelE8w1_local_154|       pointer|
|p_ZZ9cnn_accelE8w1_local_181  |   in|   32|     ap_none|  p_ZZ9cnn_accelE8w1_local_181|       pointer|
|p_ZZ9cnn_accelE8w1_local_208  |   in|   32|     ap_none|  p_ZZ9cnn_accelE8w1_local_208|       pointer|
|w1_local_2                    |   in|   32|     ap_none|                    w1_local_2|       pointer|
|p_ZZ9cnn_accelE8w1_local_29   |   in|   32|     ap_none|   p_ZZ9cnn_accelE8w1_local_29|       pointer|
|p_ZZ9cnn_accelE8w1_local_56   |   in|   32|     ap_none|   p_ZZ9cnn_accelE8w1_local_56|       pointer|
|p_ZZ9cnn_accelE8w1_local_83   |   in|   32|     ap_none|   p_ZZ9cnn_accelE8w1_local_83|       pointer|
|p_ZZ9cnn_accelE8w1_local_110  |   in|   32|     ap_none|  p_ZZ9cnn_accelE8w1_local_110|       pointer|
|p_ZZ9cnn_accelE8w1_local_137  |   in|   32|     ap_none|  p_ZZ9cnn_accelE8w1_local_137|       pointer|
|p_ZZ9cnn_accelE8w1_local_164  |   in|   32|     ap_none|  p_ZZ9cnn_accelE8w1_local_164|       pointer|
|p_ZZ9cnn_accelE8w1_local_191  |   in|   32|     ap_none|  p_ZZ9cnn_accelE8w1_local_191|       pointer|
|p_ZZ9cnn_accelE8w1_local_11   |   in|   32|     ap_none|   p_ZZ9cnn_accelE8w1_local_11|       pointer|
|p_ZZ9cnn_accelE8w1_local_38   |   in|   32|     ap_none|   p_ZZ9cnn_accelE8w1_local_38|       pointer|
|p_ZZ9cnn_accelE8w1_local_65   |   in|   32|     ap_none|   p_ZZ9cnn_accelE8w1_local_65|       pointer|
|p_ZZ9cnn_accelE8w1_local_92   |   in|   32|     ap_none|   p_ZZ9cnn_accelE8w1_local_92|       pointer|
|p_ZZ9cnn_accelE8w1_local_119  |   in|   32|     ap_none|  p_ZZ9cnn_accelE8w1_local_119|       pointer|
|p_ZZ9cnn_accelE8w1_local_146  |   in|   32|     ap_none|  p_ZZ9cnn_accelE8w1_local_146|       pointer|
|p_ZZ9cnn_accelE8w1_local_173  |   in|   32|     ap_none|  p_ZZ9cnn_accelE8w1_local_173|       pointer|
|p_ZZ9cnn_accelE8w1_local_200  |   in|   32|     ap_none|  p_ZZ9cnn_accelE8w1_local_200|       pointer|
|p_ZZ9cnn_accelE8w1_local_20   |   in|   32|     ap_none|   p_ZZ9cnn_accelE8w1_local_20|       pointer|
|p_ZZ9cnn_accelE8w1_local_47   |   in|   32|     ap_none|   p_ZZ9cnn_accelE8w1_local_47|       pointer|
|p_ZZ9cnn_accelE8w1_local_74   |   in|   32|     ap_none|   p_ZZ9cnn_accelE8w1_local_74|       pointer|
|p_ZZ9cnn_accelE8w1_local_101  |   in|   32|     ap_none|  p_ZZ9cnn_accelE8w1_local_101|       pointer|
|p_ZZ9cnn_accelE8w1_local_128  |   in|   32|     ap_none|  p_ZZ9cnn_accelE8w1_local_128|       pointer|
|p_ZZ9cnn_accelE8w1_local_155  |   in|   32|     ap_none|  p_ZZ9cnn_accelE8w1_local_155|       pointer|
|p_ZZ9cnn_accelE8w1_local_182  |   in|   32|     ap_none|  p_ZZ9cnn_accelE8w1_local_182|       pointer|
|p_ZZ9cnn_accelE8w1_local_209  |   in|   32|     ap_none|  p_ZZ9cnn_accelE8w1_local_209|       pointer|
|w1_local_3                    |   in|   32|     ap_none|                    w1_local_3|       pointer|
|p_ZZ9cnn_accelE8w1_local_30   |   in|   32|     ap_none|   p_ZZ9cnn_accelE8w1_local_30|       pointer|
|p_ZZ9cnn_accelE8w1_local_57   |   in|   32|     ap_none|   p_ZZ9cnn_accelE8w1_local_57|       pointer|
|p_ZZ9cnn_accelE8w1_local_84   |   in|   32|     ap_none|   p_ZZ9cnn_accelE8w1_local_84|       pointer|
|p_ZZ9cnn_accelE8w1_local_111  |   in|   32|     ap_none|  p_ZZ9cnn_accelE8w1_local_111|       pointer|
|p_ZZ9cnn_accelE8w1_local_138  |   in|   32|     ap_none|  p_ZZ9cnn_accelE8w1_local_138|       pointer|
|p_ZZ9cnn_accelE8w1_local_165  |   in|   32|     ap_none|  p_ZZ9cnn_accelE8w1_local_165|       pointer|
|p_ZZ9cnn_accelE8w1_local_192  |   in|   32|     ap_none|  p_ZZ9cnn_accelE8w1_local_192|       pointer|
|p_ZZ9cnn_accelE8w1_local_12   |   in|   32|     ap_none|   p_ZZ9cnn_accelE8w1_local_12|       pointer|
|p_ZZ9cnn_accelE8w1_local_39   |   in|   32|     ap_none|   p_ZZ9cnn_accelE8w1_local_39|       pointer|
|p_ZZ9cnn_accelE8w1_local_66   |   in|   32|     ap_none|   p_ZZ9cnn_accelE8w1_local_66|       pointer|
|p_ZZ9cnn_accelE8w1_local_93   |   in|   32|     ap_none|   p_ZZ9cnn_accelE8w1_local_93|       pointer|
|p_ZZ9cnn_accelE8w1_local_120  |   in|   32|     ap_none|  p_ZZ9cnn_accelE8w1_local_120|       pointer|
|p_ZZ9cnn_accelE8w1_local_147  |   in|   32|     ap_none|  p_ZZ9cnn_accelE8w1_local_147|       pointer|
|p_ZZ9cnn_accelE8w1_local_174  |   in|   32|     ap_none|  p_ZZ9cnn_accelE8w1_local_174|       pointer|
|p_ZZ9cnn_accelE8w1_local_201  |   in|   32|     ap_none|  p_ZZ9cnn_accelE8w1_local_201|       pointer|
|p_ZZ9cnn_accelE8w1_local_21   |   in|   32|     ap_none|   p_ZZ9cnn_accelE8w1_local_21|       pointer|
|p_ZZ9cnn_accelE8w1_local_48   |   in|   32|     ap_none|   p_ZZ9cnn_accelE8w1_local_48|       pointer|
|p_ZZ9cnn_accelE8w1_local_75   |   in|   32|     ap_none|   p_ZZ9cnn_accelE8w1_local_75|       pointer|
|p_ZZ9cnn_accelE8w1_local_102  |   in|   32|     ap_none|  p_ZZ9cnn_accelE8w1_local_102|       pointer|
|p_ZZ9cnn_accelE8w1_local_129  |   in|   32|     ap_none|  p_ZZ9cnn_accelE8w1_local_129|       pointer|
|p_ZZ9cnn_accelE8w1_local_156  |   in|   32|     ap_none|  p_ZZ9cnn_accelE8w1_local_156|       pointer|
|p_ZZ9cnn_accelE8w1_local_183  |   in|   32|     ap_none|  p_ZZ9cnn_accelE8w1_local_183|       pointer|
|p_ZZ9cnn_accelE8w1_local_210  |   in|   32|     ap_none|  p_ZZ9cnn_accelE8w1_local_210|       pointer|
|w1_local_4                    |   in|   32|     ap_none|                    w1_local_4|       pointer|
|p_ZZ9cnn_accelE8w1_local_31   |   in|   32|     ap_none|   p_ZZ9cnn_accelE8w1_local_31|       pointer|
|p_ZZ9cnn_accelE8w1_local_58   |   in|   32|     ap_none|   p_ZZ9cnn_accelE8w1_local_58|       pointer|
|p_ZZ9cnn_accelE8w1_local_85   |   in|   32|     ap_none|   p_ZZ9cnn_accelE8w1_local_85|       pointer|
|p_ZZ9cnn_accelE8w1_local_112  |   in|   32|     ap_none|  p_ZZ9cnn_accelE8w1_local_112|       pointer|
|p_ZZ9cnn_accelE8w1_local_139  |   in|   32|     ap_none|  p_ZZ9cnn_accelE8w1_local_139|       pointer|
|p_ZZ9cnn_accelE8w1_local_166  |   in|   32|     ap_none|  p_ZZ9cnn_accelE8w1_local_166|       pointer|
|p_ZZ9cnn_accelE8w1_local_193  |   in|   32|     ap_none|  p_ZZ9cnn_accelE8w1_local_193|       pointer|
|p_ZZ9cnn_accelE8w1_local_13   |   in|   32|     ap_none|   p_ZZ9cnn_accelE8w1_local_13|       pointer|
|p_ZZ9cnn_accelE8w1_local_40   |   in|   32|     ap_none|   p_ZZ9cnn_accelE8w1_local_40|       pointer|
|p_ZZ9cnn_accelE8w1_local_67   |   in|   32|     ap_none|   p_ZZ9cnn_accelE8w1_local_67|       pointer|
|p_ZZ9cnn_accelE8w1_local_94   |   in|   32|     ap_none|   p_ZZ9cnn_accelE8w1_local_94|       pointer|
|p_ZZ9cnn_accelE8w1_local_121  |   in|   32|     ap_none|  p_ZZ9cnn_accelE8w1_local_121|       pointer|
|p_ZZ9cnn_accelE8w1_local_148  |   in|   32|     ap_none|  p_ZZ9cnn_accelE8w1_local_148|       pointer|
|p_ZZ9cnn_accelE8w1_local_175  |   in|   32|     ap_none|  p_ZZ9cnn_accelE8w1_local_175|       pointer|
|p_ZZ9cnn_accelE8w1_local_202  |   in|   32|     ap_none|  p_ZZ9cnn_accelE8w1_local_202|       pointer|
|p_ZZ9cnn_accelE8w1_local_22   |   in|   32|     ap_none|   p_ZZ9cnn_accelE8w1_local_22|       pointer|
|p_ZZ9cnn_accelE8w1_local_49   |   in|   32|     ap_none|   p_ZZ9cnn_accelE8w1_local_49|       pointer|
|p_ZZ9cnn_accelE8w1_local_76   |   in|   32|     ap_none|   p_ZZ9cnn_accelE8w1_local_76|       pointer|
|p_ZZ9cnn_accelE8w1_local_103  |   in|   32|     ap_none|  p_ZZ9cnn_accelE8w1_local_103|       pointer|
|p_ZZ9cnn_accelE8w1_local_130  |   in|   32|     ap_none|  p_ZZ9cnn_accelE8w1_local_130|       pointer|
|p_ZZ9cnn_accelE8w1_local_157  |   in|   32|     ap_none|  p_ZZ9cnn_accelE8w1_local_157|       pointer|
|p_ZZ9cnn_accelE8w1_local_184  |   in|   32|     ap_none|  p_ZZ9cnn_accelE8w1_local_184|       pointer|
|p_ZZ9cnn_accelE8w1_local_211  |   in|   32|     ap_none|  p_ZZ9cnn_accelE8w1_local_211|       pointer|
|w1_local_5                    |   in|   32|     ap_none|                    w1_local_5|       pointer|
|p_ZZ9cnn_accelE8w1_local_32   |   in|   32|     ap_none|   p_ZZ9cnn_accelE8w1_local_32|       pointer|
|p_ZZ9cnn_accelE8w1_local_59   |   in|   32|     ap_none|   p_ZZ9cnn_accelE8w1_local_59|       pointer|
|p_ZZ9cnn_accelE8w1_local_86   |   in|   32|     ap_none|   p_ZZ9cnn_accelE8w1_local_86|       pointer|
|p_ZZ9cnn_accelE8w1_local_113  |   in|   32|     ap_none|  p_ZZ9cnn_accelE8w1_local_113|       pointer|
|p_ZZ9cnn_accelE8w1_local_140  |   in|   32|     ap_none|  p_ZZ9cnn_accelE8w1_local_140|       pointer|
|p_ZZ9cnn_accelE8w1_local_167  |   in|   32|     ap_none|  p_ZZ9cnn_accelE8w1_local_167|       pointer|
|p_ZZ9cnn_accelE8w1_local_194  |   in|   32|     ap_none|  p_ZZ9cnn_accelE8w1_local_194|       pointer|
|p_ZZ9cnn_accelE8w1_local_14   |   in|   32|     ap_none|   p_ZZ9cnn_accelE8w1_local_14|       pointer|
|p_ZZ9cnn_accelE8w1_local_41   |   in|   32|     ap_none|   p_ZZ9cnn_accelE8w1_local_41|       pointer|
|p_ZZ9cnn_accelE8w1_local_68   |   in|   32|     ap_none|   p_ZZ9cnn_accelE8w1_local_68|       pointer|
|p_ZZ9cnn_accelE8w1_local_95   |   in|   32|     ap_none|   p_ZZ9cnn_accelE8w1_local_95|       pointer|
|p_ZZ9cnn_accelE8w1_local_122  |   in|   32|     ap_none|  p_ZZ9cnn_accelE8w1_local_122|       pointer|
|p_ZZ9cnn_accelE8w1_local_149  |   in|   32|     ap_none|  p_ZZ9cnn_accelE8w1_local_149|       pointer|
|p_ZZ9cnn_accelE8w1_local_176  |   in|   32|     ap_none|  p_ZZ9cnn_accelE8w1_local_176|       pointer|
|p_ZZ9cnn_accelE8w1_local_203  |   in|   32|     ap_none|  p_ZZ9cnn_accelE8w1_local_203|       pointer|
|p_ZZ9cnn_accelE8w1_local_23   |   in|   32|     ap_none|   p_ZZ9cnn_accelE8w1_local_23|       pointer|
|p_ZZ9cnn_accelE8w1_local_50   |   in|   32|     ap_none|   p_ZZ9cnn_accelE8w1_local_50|       pointer|
|p_ZZ9cnn_accelE8w1_local_77   |   in|   32|     ap_none|   p_ZZ9cnn_accelE8w1_local_77|       pointer|
|p_ZZ9cnn_accelE8w1_local_104  |   in|   32|     ap_none|  p_ZZ9cnn_accelE8w1_local_104|       pointer|
|p_ZZ9cnn_accelE8w1_local_131  |   in|   32|     ap_none|  p_ZZ9cnn_accelE8w1_local_131|       pointer|
|p_ZZ9cnn_accelE8w1_local_158  |   in|   32|     ap_none|  p_ZZ9cnn_accelE8w1_local_158|       pointer|
|p_ZZ9cnn_accelE8w1_local_185  |   in|   32|     ap_none|  p_ZZ9cnn_accelE8w1_local_185|       pointer|
|p_ZZ9cnn_accelE8w1_local_212  |   in|   32|     ap_none|  p_ZZ9cnn_accelE8w1_local_212|       pointer|
|w1_local_6                    |   in|   32|     ap_none|                    w1_local_6|       pointer|
|p_ZZ9cnn_accelE8w1_local_33   |   in|   32|     ap_none|   p_ZZ9cnn_accelE8w1_local_33|       pointer|
|p_ZZ9cnn_accelE8w1_local_60   |   in|   32|     ap_none|   p_ZZ9cnn_accelE8w1_local_60|       pointer|
|p_ZZ9cnn_accelE8w1_local_87   |   in|   32|     ap_none|   p_ZZ9cnn_accelE8w1_local_87|       pointer|
|p_ZZ9cnn_accelE8w1_local_114  |   in|   32|     ap_none|  p_ZZ9cnn_accelE8w1_local_114|       pointer|
|p_ZZ9cnn_accelE8w1_local_141  |   in|   32|     ap_none|  p_ZZ9cnn_accelE8w1_local_141|       pointer|
|p_ZZ9cnn_accelE8w1_local_168  |   in|   32|     ap_none|  p_ZZ9cnn_accelE8w1_local_168|       pointer|
|p_ZZ9cnn_accelE8w1_local_195  |   in|   32|     ap_none|  p_ZZ9cnn_accelE8w1_local_195|       pointer|
|p_ZZ9cnn_accelE8w1_local_15   |   in|   32|     ap_none|   p_ZZ9cnn_accelE8w1_local_15|       pointer|
|p_ZZ9cnn_accelE8w1_local_42   |   in|   32|     ap_none|   p_ZZ9cnn_accelE8w1_local_42|       pointer|
|p_ZZ9cnn_accelE8w1_local_69   |   in|   32|     ap_none|   p_ZZ9cnn_accelE8w1_local_69|       pointer|
|p_ZZ9cnn_accelE8w1_local_96   |   in|   32|     ap_none|   p_ZZ9cnn_accelE8w1_local_96|       pointer|
|p_ZZ9cnn_accelE8w1_local_123  |   in|   32|     ap_none|  p_ZZ9cnn_accelE8w1_local_123|       pointer|
|p_ZZ9cnn_accelE8w1_local_150  |   in|   32|     ap_none|  p_ZZ9cnn_accelE8w1_local_150|       pointer|
|p_ZZ9cnn_accelE8w1_local_177  |   in|   32|     ap_none|  p_ZZ9cnn_accelE8w1_local_177|       pointer|
|p_ZZ9cnn_accelE8w1_local_204  |   in|   32|     ap_none|  p_ZZ9cnn_accelE8w1_local_204|       pointer|
|p_ZZ9cnn_accelE8w1_local_24   |   in|   32|     ap_none|   p_ZZ9cnn_accelE8w1_local_24|       pointer|
|p_ZZ9cnn_accelE8w1_local_51   |   in|   32|     ap_none|   p_ZZ9cnn_accelE8w1_local_51|       pointer|
|p_ZZ9cnn_accelE8w1_local_78   |   in|   32|     ap_none|   p_ZZ9cnn_accelE8w1_local_78|       pointer|
|p_ZZ9cnn_accelE8w1_local_105  |   in|   32|     ap_none|  p_ZZ9cnn_accelE8w1_local_105|       pointer|
|p_ZZ9cnn_accelE8w1_local_132  |   in|   32|     ap_none|  p_ZZ9cnn_accelE8w1_local_132|       pointer|
|p_ZZ9cnn_accelE8w1_local_159  |   in|   32|     ap_none|  p_ZZ9cnn_accelE8w1_local_159|       pointer|
|p_ZZ9cnn_accelE8w1_local_186  |   in|   32|     ap_none|  p_ZZ9cnn_accelE8w1_local_186|       pointer|
|p_ZZ9cnn_accelE8w1_local_213  |   in|   32|     ap_none|  p_ZZ9cnn_accelE8w1_local_213|       pointer|
|w1_local_7                    |   in|   32|     ap_none|                    w1_local_7|       pointer|
|p_ZZ9cnn_accelE8w1_local_34   |   in|   32|     ap_none|   p_ZZ9cnn_accelE8w1_local_34|       pointer|
|p_ZZ9cnn_accelE8w1_local_61   |   in|   32|     ap_none|   p_ZZ9cnn_accelE8w1_local_61|       pointer|
|p_ZZ9cnn_accelE8w1_local_88   |   in|   32|     ap_none|   p_ZZ9cnn_accelE8w1_local_88|       pointer|
|p_ZZ9cnn_accelE8w1_local_115  |   in|   32|     ap_none|  p_ZZ9cnn_accelE8w1_local_115|       pointer|
|p_ZZ9cnn_accelE8w1_local_142  |   in|   32|     ap_none|  p_ZZ9cnn_accelE8w1_local_142|       pointer|
|p_ZZ9cnn_accelE8w1_local_169  |   in|   32|     ap_none|  p_ZZ9cnn_accelE8w1_local_169|       pointer|
|p_ZZ9cnn_accelE8w1_local_196  |   in|   32|     ap_none|  p_ZZ9cnn_accelE8w1_local_196|       pointer|
|p_ZZ9cnn_accelE8w1_local_16   |   in|   32|     ap_none|   p_ZZ9cnn_accelE8w1_local_16|       pointer|
|p_ZZ9cnn_accelE8w1_local_43   |   in|   32|     ap_none|   p_ZZ9cnn_accelE8w1_local_43|       pointer|
|p_ZZ9cnn_accelE8w1_local_70   |   in|   32|     ap_none|   p_ZZ9cnn_accelE8w1_local_70|       pointer|
|p_ZZ9cnn_accelE8w1_local_97   |   in|   32|     ap_none|   p_ZZ9cnn_accelE8w1_local_97|       pointer|
|p_ZZ9cnn_accelE8w1_local_124  |   in|   32|     ap_none|  p_ZZ9cnn_accelE8w1_local_124|       pointer|
|p_ZZ9cnn_accelE8w1_local_151  |   in|   32|     ap_none|  p_ZZ9cnn_accelE8w1_local_151|       pointer|
|p_ZZ9cnn_accelE8w1_local_178  |   in|   32|     ap_none|  p_ZZ9cnn_accelE8w1_local_178|       pointer|
|p_ZZ9cnn_accelE8w1_local_205  |   in|   32|     ap_none|  p_ZZ9cnn_accelE8w1_local_205|       pointer|
|p_ZZ9cnn_accelE8w1_local_25   |   in|   32|     ap_none|   p_ZZ9cnn_accelE8w1_local_25|       pointer|
|p_ZZ9cnn_accelE8w1_local_52   |   in|   32|     ap_none|   p_ZZ9cnn_accelE8w1_local_52|       pointer|
|p_ZZ9cnn_accelE8w1_local_79   |   in|   32|     ap_none|   p_ZZ9cnn_accelE8w1_local_79|       pointer|
|p_ZZ9cnn_accelE8w1_local_106  |   in|   32|     ap_none|  p_ZZ9cnn_accelE8w1_local_106|       pointer|
|p_ZZ9cnn_accelE8w1_local_133  |   in|   32|     ap_none|  p_ZZ9cnn_accelE8w1_local_133|       pointer|
|p_ZZ9cnn_accelE8w1_local_160  |   in|   32|     ap_none|  p_ZZ9cnn_accelE8w1_local_160|       pointer|
|p_ZZ9cnn_accelE8w1_local_187  |   in|   32|     ap_none|  p_ZZ9cnn_accelE8w1_local_187|       pointer|
|p_ZZ9cnn_accelE8w1_local_214  |   in|   32|     ap_none|  p_ZZ9cnn_accelE8w1_local_214|       pointer|
|w1_local_8                    |   in|   32|     ap_none|                    w1_local_8|       pointer|
|p_ZZ9cnn_accelE8w1_local_35   |   in|   32|     ap_none|   p_ZZ9cnn_accelE8w1_local_35|       pointer|
|p_ZZ9cnn_accelE8w1_local_62   |   in|   32|     ap_none|   p_ZZ9cnn_accelE8w1_local_62|       pointer|
|p_ZZ9cnn_accelE8w1_local_89   |   in|   32|     ap_none|   p_ZZ9cnn_accelE8w1_local_89|       pointer|
|p_ZZ9cnn_accelE8w1_local_116  |   in|   32|     ap_none|  p_ZZ9cnn_accelE8w1_local_116|       pointer|
|p_ZZ9cnn_accelE8w1_local_143  |   in|   32|     ap_none|  p_ZZ9cnn_accelE8w1_local_143|       pointer|
|p_ZZ9cnn_accelE8w1_local_170  |   in|   32|     ap_none|  p_ZZ9cnn_accelE8w1_local_170|       pointer|
|p_ZZ9cnn_accelE8w1_local_197  |   in|   32|     ap_none|  p_ZZ9cnn_accelE8w1_local_197|       pointer|
|p_ZZ9cnn_accelE8w1_local_17   |   in|   32|     ap_none|   p_ZZ9cnn_accelE8w1_local_17|       pointer|
|p_ZZ9cnn_accelE8w1_local_44   |   in|   32|     ap_none|   p_ZZ9cnn_accelE8w1_local_44|       pointer|
|p_ZZ9cnn_accelE8w1_local_71   |   in|   32|     ap_none|   p_ZZ9cnn_accelE8w1_local_71|       pointer|
|p_ZZ9cnn_accelE8w1_local_98   |   in|   32|     ap_none|   p_ZZ9cnn_accelE8w1_local_98|       pointer|
|p_ZZ9cnn_accelE8w1_local_125  |   in|   32|     ap_none|  p_ZZ9cnn_accelE8w1_local_125|       pointer|
|p_ZZ9cnn_accelE8w1_local_152  |   in|   32|     ap_none|  p_ZZ9cnn_accelE8w1_local_152|       pointer|
|p_ZZ9cnn_accelE8w1_local_179  |   in|   32|     ap_none|  p_ZZ9cnn_accelE8w1_local_179|       pointer|
|p_ZZ9cnn_accelE8w1_local_206  |   in|   32|     ap_none|  p_ZZ9cnn_accelE8w1_local_206|       pointer|
|p_ZZ9cnn_accelE8w1_local_26   |   in|   32|     ap_none|   p_ZZ9cnn_accelE8w1_local_26|       pointer|
|p_ZZ9cnn_accelE8w1_local_53   |   in|   32|     ap_none|   p_ZZ9cnn_accelE8w1_local_53|       pointer|
|p_ZZ9cnn_accelE8w1_local_80   |   in|   32|     ap_none|   p_ZZ9cnn_accelE8w1_local_80|       pointer|
|p_ZZ9cnn_accelE8w1_local_107  |   in|   32|     ap_none|  p_ZZ9cnn_accelE8w1_local_107|       pointer|
|p_ZZ9cnn_accelE8w1_local_134  |   in|   32|     ap_none|  p_ZZ9cnn_accelE8w1_local_134|       pointer|
|p_ZZ9cnn_accelE8w1_local_161  |   in|   32|     ap_none|  p_ZZ9cnn_accelE8w1_local_161|       pointer|
|p_ZZ9cnn_accelE8w1_local_188  |   in|   32|     ap_none|  p_ZZ9cnn_accelE8w1_local_188|       pointer|
|p_ZZ9cnn_accelE8w1_local_215  |   in|   32|     ap_none|  p_ZZ9cnn_accelE8w1_local_215|       pointer|
+------------------------------+-----+-----+------------+------------------------------+--------------+

