

================================================================
== Vitis HLS Report for 'conv1'
================================================================
* Date:           Wed Jul  9 07:45:45 2025

* Version:        2025.1 (Build 6135595 on May 21 2025)
* Project:        cnn_accel
* Solution:       hls (Vivado IP Flow Target)
* Product family: artix7
* Target device:  xc7a100t-fgg484-2L


================================================================
== Performance Estimates
================================================================
+ Timing: 
    * Summary: 
    +--------+----------+----------+------------+
    |  Clock |  Target  | Estimated| Uncertainty|
    +--------+----------+----------+------------+
    |ap_clk  |  10.00 ns|  7.369 ns|     2.70 ns|
    +--------+----------+----------+------------+

+ Latency: 
    * Summary: 
    +---------+---------+-----------+-----------+---------+---------+---------+
    |  Latency (cycles) |   Latency (absolute)  |      Interval     | Pipeline|
    |   min   |   max   |    min    |    max    |   min   |   max   |   Type  |
    +---------+---------+-----------+-----------+---------+---------+---------+
    |  8476740|  8476740|  84.767 ms|  84.767 ms|  8476740|  8476740|       no|
    +---------+---------+-----------+-----------+---------+---------+---------+

    + Detail: 
        * Instance: 
        N/A

        * Loop: 
        +---------------------------------+---------+---------+----------+-----------+-----------+--------+----------+
        |                                 |  Latency (cycles) | Iteration|  Initiation Interval  |  Trip  |          |
        |            Loop Name            |   min   |   max   |  Latency |  achieved |   target  |  Count | Pipelined|
        +---------------------------------+---------+---------+----------+-----------+-----------+--------+----------+
        |- CONV1_ROW_CONV1_COL_CONV1_FIL  |  8476738|  8476738|       145|         14|          3|  605472|       yes|
        +---------------------------------+---------+---------+----------+-----------+-----------+--------+----------+



================================================================
== Utilization Estimates
================================================================
* Summary: 
+-----------------+---------+-----+--------+-------+-----+
|       Name      | BRAM_18K| DSP |   FF   |  LUT  | URAM|
+-----------------+---------+-----+--------+-------+-----+
|DSP              |        -|    1|       -|      -|    -|
|Expression       |        -|    -|       0|   1359|    -|
|FIFO             |        -|    -|       -|      -|    -|
|Instance         |        -|    -|       0|    924|    -|
|Memory           |        -|    -|       -|      -|    -|
|Multiplexer      |        -|    -|       0|    631|    -|
|Register         |        -|    -|    3766|    768|    -|
+-----------------+---------+-----+--------+-------+-----+
|Total            |        0|    1|    3766|   3682|    0|
+-----------------+---------+-----+--------+-------+-----+
|Available        |      270|  240|  126800|  63400|    0|
+-----------------+---------+-----+--------+-------+-----+
|Utilization (%)  |        0|   ~0|       2|      5|    0|
+-----------------+---------+-----+--------+-------+-----+

+ Detail: 
    * Instance: 
    +---------------------------+-----------------------+---------+----+---+----+-----+
    |          Instance         |         Module        | BRAM_18K| DSP| FF| LUT| URAM|
    +---------------------------+-----------------------+---------+----+---+----+-----+
    |sparsemux_17_3_32_1_1_U12  |sparsemux_17_3_32_1_1  |        0|   0|  0|  33|    0|
    |sparsemux_17_3_32_1_1_U13  |sparsemux_17_3_32_1_1  |        0|   0|  0|  33|    0|
    |sparsemux_17_3_32_1_1_U14  |sparsemux_17_3_32_1_1  |        0|   0|  0|  33|    0|
    |sparsemux_17_3_32_1_1_U15  |sparsemux_17_3_32_1_1  |        0|   0|  0|  33|    0|
    |sparsemux_17_3_32_1_1_U16  |sparsemux_17_3_32_1_1  |        0|   0|  0|  33|    0|
    |sparsemux_17_3_32_1_1_U17  |sparsemux_17_3_32_1_1  |        0|   0|  0|  33|    0|
    |sparsemux_17_3_32_1_1_U18  |sparsemux_17_3_32_1_1  |        0|   0|  0|  33|    0|
    |sparsemux_17_3_32_1_1_U19  |sparsemux_17_3_32_1_1  |        0|   0|  0|  33|    0|
    |sparsemux_17_3_32_1_1_U20  |sparsemux_17_3_32_1_1  |        0|   0|  0|  33|    0|
    |sparsemux_17_3_32_1_1_U21  |sparsemux_17_3_32_1_1  |        0|   0|  0|  33|    0|
    |sparsemux_17_3_32_1_1_U22  |sparsemux_17_3_32_1_1  |        0|   0|  0|  33|    0|
    |sparsemux_17_3_32_1_1_U23  |sparsemux_17_3_32_1_1  |        0|   0|  0|  33|    0|
    |sparsemux_17_3_32_1_1_U24  |sparsemux_17_3_32_1_1  |        0|   0|  0|  33|    0|
    |sparsemux_17_3_32_1_1_U25  |sparsemux_17_3_32_1_1  |        0|   0|  0|  33|    0|
    |sparsemux_17_3_32_1_1_U26  |sparsemux_17_3_32_1_1  |        0|   0|  0|  33|    0|
    |sparsemux_17_3_32_1_1_U27  |sparsemux_17_3_32_1_1  |        0|   0|  0|  33|    0|
    |sparsemux_17_3_32_1_1_U28  |sparsemux_17_3_32_1_1  |        0|   0|  0|  33|    0|
    |sparsemux_17_3_32_1_1_U29  |sparsemux_17_3_32_1_1  |        0|   0|  0|  33|    0|
    |sparsemux_17_3_32_1_1_U30  |sparsemux_17_3_32_1_1  |        0|   0|  0|  33|    0|
    |sparsemux_17_3_32_1_1_U31  |sparsemux_17_3_32_1_1  |        0|   0|  0|  33|    0|
    |sparsemux_17_3_32_1_1_U32  |sparsemux_17_3_32_1_1  |        0|   0|  0|  33|    0|
    |sparsemux_17_3_32_1_1_U33  |sparsemux_17_3_32_1_1  |        0|   0|  0|  33|    0|
    |sparsemux_17_3_32_1_1_U34  |sparsemux_17_3_32_1_1  |        0|   0|  0|  33|    0|
    |sparsemux_17_3_32_1_1_U35  |sparsemux_17_3_32_1_1  |        0|   0|  0|  33|    0|
    |sparsemux_17_3_32_1_1_U36  |sparsemux_17_3_32_1_1  |        0|   0|  0|  33|    0|
    |sparsemux_17_3_32_1_1_U37  |sparsemux_17_3_32_1_1  |        0|   0|  0|  33|    0|
    |sparsemux_17_3_32_1_1_U38  |sparsemux_17_3_32_1_1  |        0|   0|  0|  33|    0|
    |sparsemux_17_3_32_1_1_U39  |sparsemux_17_3_32_1_1  |        0|   0|  0|  33|    0|
    +---------------------------+-----------------------+---------+----+---+----+-----+
    |Total                      |                       |        0|   0|  0| 924|    0|
    +---------------------------+-----------------------+---------+----+---+----+-----+

    * DSP: 
    +-----------------------------------+-------------------------------+--------------+
    |              Instance             |             Module            |  Expression  |
    +-----------------------------------+-------------------------------+--------------+
    |mac_muladd_9ns_8ns_9ns_17_4_1_U40  |mac_muladd_9ns_8ns_9ns_17_4_1  |  i0 * i1 + i2|
    +-----------------------------------+-------------------------------+--------------+

    * Memory: 
    N/A

    * FIFO: 
    N/A

    * Expression: 
    +--------------------------------------+----------+----+---+----+------------+------------+
    |             Variable Name            | Operation| DSP| FF| LUT| Bitwidth P0| Bitwidth P1|
    +--------------------------------------+----------+----+---+----+------------+------------+
    |add_ln213_fu_1928_p2                  |         +|   0|  0|  27|          20|           1|
    |add_ln214_fu_2123_p2                  |         +|   0|  0|  20|          13|           1|
    |add_ln215_fu_2117_p2                  |         +|   0|  0|  13|           4|           1|
    |empty_227_fu_2083_p2                  |         +|   0|  0|  24|          17|          17|
    |empty_228_fu_2372_p2                  |         +|   0|  0|  24|          17|          17|
    |empty_229_fu_2910_p2                  |         +|   0|  0|  15|           8|           2|
    |empty_230_fu_2939_p2                  |         +|   0|  0|  24|          17|          17|
    |empty_231_fu_2165_p2                  |         +|   0|  0|  24|          17|          17|
    |empty_234_fu_2232_p2                  |         +|   0|  0|  25|          18|           1|
    |empty_235_fu_2242_p2                  |         +|   0|  0|  25|          18|           2|
    |empty_236_fu_2478_p2                  |         +|   0|  0|  24|          17|          17|
    |empty_239_fu_2583_p2                  |         +|   0|  0|  25|          18|           1|
    |empty_240_fu_2593_p2                  |         +|   0|  0|  25|          18|           2|
    |empty_241_fu_2945_p2                  |         +|   0|  0|  24|          17|          17|
    |empty_244_fu_3069_p2                  |         +|   0|  0|  25|          18|           1|
    |empty_245_fu_3144_p2                  |         +|   0|  0|  25|          18|           2|
    |empty_246_fu_2200_p2                  |         +|   0|  0|  24|          17|          17|
    |empty_249_fu_2252_p2                  |         +|   0|  0|  25|          18|           1|
    |empty_250_fu_2262_p2                  |         +|   0|  0|  25|          18|           2|
    |empty_251_fu_2603_p2                  |         +|   0|  0|  24|          17|          17|
    |empty_254_fu_2727_p2                  |         +|   0|  0|  25|          18|           1|
    |empty_255_fu_2802_p2                  |         +|   0|  0|  25|          18|           2|
    |empty_256_fu_2950_p2                  |         +|   0|  0|  24|          17|          17|
    |empty_259_fu_3243_p2                  |         +|   0|  0|  25|          18|           1|
    |empty_260_fu_3253_p2                  |         +|   0|  0|  25|          18|           2|
    |empty_261_fu_2272_p2                  |         +|   0|  0|  16|           9|           2|
    |empty_262_fu_2281_p2                  |         +|   0|  0|  24|          17|          17|
    |empty_265_fu_2403_p2                  |         +|   0|  0|  25|          18|           1|
    |empty_266_fu_2509_p2                  |         +|   0|  0|  25|          18|           2|
    |empty_267_fu_2812_p2                  |         +|   0|  0|  24|          17|          17|
    |empty_270_fu_2955_p2                  |         +|   0|  0|  25|          18|           1|
    |empty_271_fu_2965_p2                  |         +|   0|  0|  25|          18|           2|
    |empty_272_fu_2975_p2                  |         +|   0|  0|  24|          17|          17|
    |empty_275_fu_3352_p2                  |         +|   0|  0|  25|          18|           1|
    |empty_276_fu_3427_p2                  |         +|   0|  0|  25|          18|           2|
    |indvars_iv_next138_i192_fu_1977_p2    |         +|   0|  0|  16|           9|           1|
    |indvars_iv_next138_i_dup_fu_2017_p2   |         +|   0|  0|  16|           9|           1|
    |indvars_iv_next138_i_mid1_fu_2037_p2  |         +|   0|  0|  16|           9|           2|
    |indvars_iv_next142_i184_fu_1963_p2    |         +|   0|  0|  15|           8|           1|
    |indvars_iv_next142_i_mid1_fu_1957_p2  |         +|   0|  0|  15|           8|           2|
    |empty_232_fu_2182_p2                  |         -|   0|  0|  26|          19|          19|
    |empty_237_fu_2494_p2                  |         -|   0|  0|  26|          19|          19|
    |empty_242_fu_3054_p2                  |         -|   0|  0|  26|          19|          19|
    |empty_247_fu_2217_p2                  |         -|   0|  0|  26|          19|          19|
    |empty_252_fu_2712_p2                  |         -|   0|  0|  26|          19|          19|
    |empty_257_fu_3164_p2                  |         -|   0|  0|  26|          19|          19|
    |empty_263_fu_2388_p2                  |         -|   0|  0|  26|          19|          19|
    |empty_268_fu_2828_p2                  |         -|   0|  0|  26|          19|          19|
    |empty_273_fu_3337_p2                  |         -|   0|  0|  26|          19|          19|
    |and_ln213_fu_2003_p2                  |       and|   0|  0|   2|           1|           1|
    |and_ln228_fu_3633_p2                  |       and|   0|  0|   2|           1|           1|
    |icmp_ln213_fu_1922_p2                 |      icmp|   0|  0|  27|          20|          20|
    |icmp_ln214_fu_1943_p2                 |      icmp|   0|  0|  20|          13|          12|
    |icmp_ln215_fu_1997_p2                 |      icmp|   0|  0|  13|           4|           5|
    |icmp_ln228_1_fu_3621_p2               |      icmp|   0|  0|  30|          23|           1|
    |icmp_ln228_fu_3615_p2                 |      icmp|   0|  0|  15|           8|           2|
    |empty_fu_2023_p2                      |        or|   0|  0|   2|           1|           1|
    |or_ln228_fu_3627_p2                   |        or|   0|  0|   2|           1|           1|
    |indvars_iv_next138_i_mid2_fu_2043_p3  |    select|   0|  0|   9|           1|           9|
    |m_mid2_fu_2029_p3                     |    select|   0|  0|   4|           1|           1|
    |select_ln213_1_fu_1969_p3             |    select|   0|  0|   8|           1|           8|
    |select_ln213_2_fu_1983_p3             |    select|   0|  0|   9|           1|           1|
    |select_ln213_3_fu_2009_p3             |    select|   0|  0|   8|           1|           8|
    |select_ln213_fu_1949_p3               |    select|   0|  0|   9|           1|           1|
    |select_ln214_1_fu_2129_p3             |    select|   0|  0|  13|           1|           1|
    |select_ln214_fu_2051_p3               |    select|   0|  0|   9|           1|           9|
    |select_ln228_fu_3639_p3               |    select|   0|  0|  32|           1|          32|
    |ap_enable_pp0                         |       xor|   0|  0|   2|           1|           2|
    |xor_ln213_fu_1991_p2                  |       xor|   0|  0|   2|           1|           2|
    +--------------------------------------+----------+----+---+----+------------+------------+
    |Total                                 |          |   0|  0|1359|         879|         534|
    +--------------------------------------+----------+----+---+----+------------+------------+

    * Multiplexer: 
    +--------------------------+----+-----------+-----+-----------+
    |           Name           | LUT| Input Size| Bits| Total Bits|
    +--------------------------+----+-----------+-----+-----------+
    |ap_NS_fsm                 |  81|         17|    1|         17|
    |ap_enable_reg_pp0_iter10  |   9|          2|    1|          2|
    |grp_fu_865_p0             |  37|          9|   32|        288|
    |grp_fu_865_p1             |  61|         15|   32|        480|
    |grp_fu_869_p0             |  33|          8|   32|        256|
    |grp_fu_869_p1             |  57|         14|   32|        448|
    |grp_fu_873_p0             |  29|          7|   32|        224|
    |grp_fu_873_p1             |  61|         15|   32|        480|
    |grp_fu_877_p0             |  25|          6|   32|        192|
    |grp_fu_877_p1             |  57|         14|   32|        448|
    |i_fu_580                  |   9|          2|    8|         16|
    |indvar_flatten14_fu_584   |   9|          2|   20|         40|
    |indvar_flatten_fu_576     |   9|          2|   13|         26|
    |j_fu_572                  |   9|          2|    9|         18|
    |local_img_address0_local  |  61|         15|   18|        270|
    |local_img_address1_local  |  57|         14|   18|        252|
    |m_fu_568                  |   9|          2|    4|          8|
    |reg_886                   |   9|          2|   32|         64|
    |reg_892                   |   9|          2|   32|         64|
    +--------------------------+----+-----------+-----+-----------+
    |Total                     | 631|        150|  412|       3593|
    +--------------------------+----+-----------+-----+-----------+

    * Register: 
    +-----------------------------------------+----+----+-----+-----------+
    |                   Name                  | FF | LUT| Bits| Const Bits|
    +-----------------------------------------+----+----+-----+-----------+
    |acc_reg_5049                             |  32|   0|   32|          0|
    |add_ln228_reg_5269                       |  17|   0|   17|          0|
    |ap_CS_fsm                                |  16|   0|   16|          0|
    |ap_enable_reg_pp0_iter0                  |   1|   0|    1|          0|
    |ap_enable_reg_pp0_iter0_reg              |   1|   0|    1|          0|
    |ap_enable_reg_pp0_iter1                  |   1|   0|    1|          0|
    |ap_enable_reg_pp0_iter10                 |   1|   0|    1|          0|
    |ap_enable_reg_pp0_iter2                  |   1|   0|    1|          0|
    |ap_enable_reg_pp0_iter3                  |   1|   0|    1|          0|
    |ap_enable_reg_pp0_iter4                  |   1|   0|    1|          0|
    |ap_enable_reg_pp0_iter5                  |   1|   0|    1|          0|
    |ap_enable_reg_pp0_iter6                  |   1|   0|    1|          0|
    |ap_enable_reg_pp0_iter7                  |   1|   0|    1|          0|
    |ap_enable_reg_pp0_iter8                  |   1|   0|    1|          0|
    |ap_enable_reg_pp0_iter9                  |   1|   0|    1|          0|
    |empty_227_reg_4850                       |  11|   0|   17|          6|
    |empty_228_reg_4975                       |  11|   0|   17|          6|
    |empty_233_reg_4905                       |  18|   0|   18|          0|
    |empty_238_reg_5007                       |  18|   0|   18|          0|
    |empty_241_reg_5150                       |  17|   0|   17|          0|
    |empty_243_reg_5198                       |  18|   0|   18|          0|
    |empty_248_reg_4922                       |  18|   0|   18|          0|
    |empty_251_reg_5043                       |  17|   0|   17|          0|
    |empty_253_reg_5074                       |  18|   0|   18|          0|
    |empty_256_reg_5156                       |  17|   0|   17|          0|
    |empty_258_reg_5238                       |  18|   0|   18|          0|
    |empty_262_reg_4959                       |  17|   0|   17|          0|
    |empty_264_reg_4982                       |  18|   0|   18|          0|
    |empty_269_reg_5114                       |  18|   0|   18|          0|
    |empty_272_reg_5172                       |  17|   0|   17|          0|
    |empty_274_reg_5304                       |  18|   0|   18|          0|
    |i_fu_580                                 |   8|   0|    8|          0|
    |indvar_flatten14_fu_584                  |  20|   0|   20|          0|
    |indvar_flatten_fu_576                    |  13|   0|   13|          0|
    |indvars_iv_next138_i_mid2_cast_reg_4916  |   9|   0|   17|          8|
    |indvars_iv_next138_i_mid2_reg_4839       |   9|   0|    9|          0|
    |j_fu_572                                 |   9|   0|    9|          0|
    |local_img_load_24_reg_5344               |  32|   0|   32|          0|
    |local_img_load_25_reg_5349               |  32|   0|   32|          0|
    |local_img_load_26_reg_5374               |  32|   0|   32|          0|
    |m_fu_568                                 |   4|   0|    4|          0|
    |mul35_11_i_reg_5094                      |  32|   0|   32|          0|
    |mul35_12_i_reg_5059                      |  32|   0|   32|          0|
    |mul35_12_i_reg_5059_pp0_iter1_reg        |  32|   0|   32|          0|
    |mul35_13_i_reg_5178                      |  32|   0|   32|          0|
    |mul35_161_1_i_reg_5125                   |  32|   0|   32|          0|
    |mul35_161_1_i_reg_5125_pp0_iter1_reg     |  32|   0|   32|          0|
    |mul35_161_2_i_reg_5130                   |  32|   0|   32|          0|
    |mul35_161_2_i_reg_5130_pp0_iter1_reg     |  32|   0|   32|          0|
    |mul35_1_1_1_i_reg_5289                   |  32|   0|   32|          0|
    |mul35_1_1_2_i_reg_5319                   |  32|   0|   32|          0|
    |mul35_1_1_i_reg_5284                     |  32|   0|   32|          0|
    |mul35_1_2_1_i_reg_5354                   |  32|   0|   32|          0|
    |mul35_1_2_2_i_reg_5359                   |  32|   0|   32|          0|
    |mul35_1_2_i_reg_5324                     |  32|   0|   32|          0|
    |mul35_1_9_i_reg_5254                     |  32|   0|   32|          0|
    |mul35_1_i_278_reg_5249                   |  32|   0|   32|          0|
    |mul35_1_i_reg_5218                       |  32|   0|   32|          0|
    |mul35_271_1_i_reg_5183                   |  32|   0|   32|          0|
    |mul35_271_2_i_reg_5213                   |  32|   0|   32|          0|
    |mul35_2_1_1_i_reg_5414                   |  32|   0|   32|          0|
    |mul35_2_1_2_i_reg_5419                   |  32|   0|   32|          0|
    |mul35_2_1_i_reg_5404                     |  32|   0|   32|          0|
    |mul35_2_2_1_i_reg_5429                   |  32|   0|   32|          0|
    |mul35_2_2_2_i_reg_5434                   |  32|   0|   32|          0|
    |mul35_2_2_i_reg_5424                     |  32|   0|   32|          0|
    |mul35_2_9_i_reg_5399                     |  32|   0|   32|          0|
    |mul35_2_i_279_reg_5384                   |  32|   0|   32|          0|
    |mul35_2_i_reg_5379                       |  32|   0|   32|          0|
    |mul35_i_reg_5089                         |  32|   0|   32|          0|
    |mul_i_reg_5054                           |  32|   0|   32|          0|
    |p_cast209_reg_4953                       |   9|   0|   17|          8|
    |reg_886                                  |  32|   0|   32|          0|
    |reg_892                                  |  32|   0|   32|          0|
    |reg_898                                  |  32|   0|   32|          0|
    |reg_903                                  |  32|   0|   32|          0|
    |reg_908                                  |  32|   0|   32|          0|
    |reg_913                                  |  32|   0|   32|          0|
    |reg_918                                  |  32|   0|   32|          0|
    |reg_923                                  |  32|   0|   32|          0|
    |reg_928                                  |  32|   0|   32|          0|
    |reg_933                                  |  32|   0|   32|          0|
    |reg_938                                  |  32|   0|   32|          0|
    |reg_943                                  |  32|   0|   32|          0|
    |reg_948                                  |  32|   0|   32|          0|
    |reg_953                                  |  32|   0|   32|          0|
    |reg_958                                  |  32|   0|   32|          0|
    |reg_964                                  |  32|   0|   32|          0|
    |reg_969                                  |  32|   0|   32|          0|
    |reg_974                                  |  32|   0|   32|          0|
    |reg_980                                  |  32|   0|   32|          0|
    |reg_985                                  |  32|   0|   32|          0|
    |reg_990                                  |  32|   0|   32|          0|
    |select_ln213_1_reg_4827                  |   8|   0|    8|          0|
    |select_ln213_3_reg_4833                  |   8|   0|    8|          0|
    |select_ln214_reg_4844                    |   9|   0|    9|          0|
    |select_ln228_reg_5439                    |  32|   0|   32|          0|
    |trunc_ln215_1_reg_4889                   |   1|   0|    1|          0|
    |trunc_ln215_3_reg_4894                   |   2|   0|    2|          0|
    |trunc_ln215_reg_4857                     |   3|   0|    3|          0|
    |trunc_ln215_reg_4857_pp0_iter1_reg       |   3|   0|    3|          0|
    |zext_ln228_reg_4898                      |   9|   0|   17|          8|
    |add_ln228_reg_5269                       |  64|  32|   17|          0|
    |mul35_13_i_reg_5178                      |  64|  32|   32|          0|
    |mul35_1_1_1_i_reg_5289                   |  64|  32|   32|          0|
    |mul35_1_1_2_i_reg_5319                   |  64|  32|   32|          0|
    |mul35_1_1_i_reg_5284                     |  64|  32|   32|          0|
    |mul35_1_2_1_i_reg_5354                   |  64|  32|   32|          0|
    |mul35_1_2_2_i_reg_5359                   |  64|  32|   32|          0|
    |mul35_1_2_i_reg_5324                     |  64|  32|   32|          0|
    |mul35_1_9_i_reg_5254                     |  64|  32|   32|          0|
    |mul35_1_i_278_reg_5249                   |  64|  32|   32|          0|
    |mul35_1_i_reg_5218                       |  64|  32|   32|          0|
    |mul35_271_1_i_reg_5183                   |  64|  32|   32|          0|
    |mul35_271_2_i_reg_5213                   |  64|  32|   32|          0|
    |mul35_2_1_1_i_reg_5414                   |  64|  32|   32|          0|
    |mul35_2_1_2_i_reg_5419                   |  64|  32|   32|          0|
    |mul35_2_1_i_reg_5404                     |  64|  32|   32|          0|
    |mul35_2_2_1_i_reg_5429                   |  64|  32|   32|          0|
    |mul35_2_2_2_i_reg_5434                   |  64|  32|   32|          0|
    |mul35_2_2_i_reg_5424                     |  64|  32|   32|          0|
    |mul35_2_9_i_reg_5399                     |  64|  32|   32|          0|
    |mul35_2_i_279_reg_5384                   |  64|  32|   32|          0|
    |mul35_2_i_reg_5379                       |  64|  32|   32|          0|
    |trunc_ln215_1_reg_4889                   |  64|  32|    1|          0|
    |trunc_ln215_3_reg_4894                   |  64|  32|    2|          0|
    +-----------------------------------------+----+----+-----+-----------+
    |Total                                    |3766| 768| 2958|         36|
    +-----------------------------------------+----+----+-----+-----------+



================================================================
== Interface
================================================================
* Summary: 
+------------------------------+-----+-----+------------+------------------------------+--------------+
|           RTL Ports          | Dir | Bits|  Protocol  |         Source Object        |    C Type    |
+------------------------------+-----+-----+------------+------------------------------+--------------+
|ap_clk                        |   in|    1|  ap_ctrl_hs|                         conv1|  return value|
|ap_rst                        |   in|    1|  ap_ctrl_hs|                         conv1|  return value|
|ap_start                      |   in|    1|  ap_ctrl_hs|                         conv1|  return value|
|ap_done                       |  out|    1|  ap_ctrl_hs|                         conv1|  return value|
|ap_idle                       |  out|    1|  ap_ctrl_hs|                         conv1|  return value|
|ap_ready                      |  out|    1|  ap_ctrl_hs|                         conv1|  return value|
|grp_fu_9552_p_din0            |  out|   32|  ap_ctrl_hs|                         conv1|  return value|
|grp_fu_9552_p_din1            |  out|   32|  ap_ctrl_hs|                         conv1|  return value|
|grp_fu_9552_p_opcode          |  out|    1|  ap_ctrl_hs|                         conv1|  return value|
|grp_fu_9552_p_dout0           |   in|   32|  ap_ctrl_hs|                         conv1|  return value|
|grp_fu_9552_p_ce              |  out|    1|  ap_ctrl_hs|                         conv1|  return value|
|grp_fu_9556_p_din0            |  out|   32|  ap_ctrl_hs|                         conv1|  return value|
|grp_fu_9556_p_din1            |  out|   32|  ap_ctrl_hs|                         conv1|  return value|
|grp_fu_9556_p_opcode          |  out|    1|  ap_ctrl_hs|                         conv1|  return value|
|grp_fu_9556_p_dout0           |   in|   32|  ap_ctrl_hs|                         conv1|  return value|
|grp_fu_9556_p_ce              |  out|    1|  ap_ctrl_hs|                         conv1|  return value|
|grp_fu_9560_p_din0            |  out|   32|  ap_ctrl_hs|                         conv1|  return value|
|grp_fu_9560_p_din1            |  out|   32|  ap_ctrl_hs|                         conv1|  return value|
|grp_fu_9560_p_dout0           |   in|   32|  ap_ctrl_hs|                         conv1|  return value|
|grp_fu_9560_p_ce              |  out|    1|  ap_ctrl_hs|                         conv1|  return value|
|grp_fu_9564_p_din0            |  out|   32|  ap_ctrl_hs|                         conv1|  return value|
|grp_fu_9564_p_din1            |  out|   32|  ap_ctrl_hs|                         conv1|  return value|
|grp_fu_9564_p_dout0           |   in|   32|  ap_ctrl_hs|                         conv1|  return value|
|grp_fu_9564_p_ce              |  out|    1|  ap_ctrl_hs|                         conv1|  return value|
|grp_fu_9568_p_din0            |  out|   32|  ap_ctrl_hs|                         conv1|  return value|
|grp_fu_9568_p_din1            |  out|   32|  ap_ctrl_hs|                         conv1|  return value|
|grp_fu_9568_p_opcode          |  out|    5|  ap_ctrl_hs|                         conv1|  return value|
|grp_fu_9568_p_dout0           |   in|    1|  ap_ctrl_hs|                         conv1|  return value|
|grp_fu_9568_p_ce              |  out|    1|  ap_ctrl_hs|                         conv1|  return value|
|feat1_address0                |  out|   18|   ap_memory|                         feat1|         array|
|feat1_ce0                     |  out|    1|   ap_memory|                         feat1|         array|
|feat1_we0                     |  out|    1|   ap_memory|                         feat1|         array|
|feat1_d0                      |  out|   32|   ap_memory|                         feat1|         array|
|feat1_60_address0             |  out|   18|   ap_memory|                      feat1_60|         array|
|feat1_60_ce0                  |  out|    1|   ap_memory|                      feat1_60|         array|
|feat1_60_we0                  |  out|    1|   ap_memory|                      feat1_60|         array|
|feat1_60_d0                   |  out|   32|   ap_memory|                      feat1_60|         array|
|feat1_61_address0             |  out|   18|   ap_memory|                      feat1_61|         array|
|feat1_61_ce0                  |  out|    1|   ap_memory|                      feat1_61|         array|
|feat1_61_we0                  |  out|    1|   ap_memory|                      feat1_61|         array|
|feat1_61_d0                   |  out|   32|   ap_memory|                      feat1_61|         array|
|feat1_62_address0             |  out|   18|   ap_memory|                      feat1_62|         array|
|feat1_62_ce0                  |  out|    1|   ap_memory|                      feat1_62|         array|
|feat1_62_we0                  |  out|    1|   ap_memory|                      feat1_62|         array|
|feat1_62_d0                   |  out|   32|   ap_memory|                      feat1_62|         array|
|local_img_address0            |  out|   18|   ap_memory|                     local_img|         array|
|local_img_ce0                 |  out|    1|   ap_memory|                     local_img|         array|
|local_img_q0                  |   in|   32|   ap_memory|                     local_img|         array|
|local_img_address1            |  out|   18|   ap_memory|                     local_img|         array|
|local_img_ce1                 |  out|    1|   ap_memory|                     local_img|         array|
|local_img_q1                  |   in|   32|   ap_memory|                     local_img|         array|
|b1_local                      |   in|   32|     ap_none|                      b1_local|       pointer|
|b1_local_10                   |   in|   32|     ap_none|                   b1_local_10|       pointer|
|b1_local_11                   |   in|   32|     ap_none|                   b1_local_11|       pointer|
|b1_local_12                   |   in|   32|     ap_none|                   b1_local_12|       pointer|
|b1_local_13                   |   in|   32|     ap_none|                   b1_local_13|       pointer|
|b1_local_14                   |   in|   32|     ap_none|                   b1_local_14|       pointer|
|b1_local_15                   |   in|   32|     ap_none|                   b1_local_15|       pointer|
|b1_local_16                   |   in|   32|     ap_none|                   b1_local_16|       pointer|
|w1_local                      |   in|   32|     ap_none|                      w1_local|       pointer|
|p_ZZ9cnn_accelE8w1_local_27   |   in|   32|     ap_none|   p_ZZ9cnn_accelE8w1_local_27|       pointer|
|p_ZZ9cnn_accelE8w1_local_54   |   in|   32|     ap_none|   p_ZZ9cnn_accelE8w1_local_54|       pointer|
|p_ZZ9cnn_accelE8w1_local_81   |   in|   32|     ap_none|   p_ZZ9cnn_accelE8w1_local_81|       pointer|
|p_ZZ9cnn_accelE8w1_local_108  |   in|   32|     ap_none|  p_ZZ9cnn_accelE8w1_local_108|       pointer|
|p_ZZ9cnn_accelE8w1_local_135  |   in|   32|     ap_none|  p_ZZ9cnn_accelE8w1_local_135|       pointer|
|p_ZZ9cnn_accelE8w1_local_162  |   in|   32|     ap_none|  p_ZZ9cnn_accelE8w1_local_162|       pointer|
|p_ZZ9cnn_accelE8w1_local_189  |   in|   32|     ap_none|  p_ZZ9cnn_accelE8w1_local_189|       pointer|
|w1_local_9                    |   in|   32|     ap_none|                    w1_local_9|       pointer|
|p_ZZ9cnn_accelE8w1_local_36   |   in|   32|     ap_none|   p_ZZ9cnn_accelE8w1_local_36|       pointer|
|p_ZZ9cnn_accelE8w1_local_63   |   in|   32|     ap_none|   p_ZZ9cnn_accelE8w1_local_63|       pointer|
|p_ZZ9cnn_accelE8w1_local_90   |   in|   32|     ap_none|   p_ZZ9cnn_accelE8w1_local_90|       pointer|
|p_ZZ9cnn_accelE8w1_local_117  |   in|   32|     ap_none|  p_ZZ9cnn_accelE8w1_local_117|       pointer|
|p_ZZ9cnn_accelE8w1_local_144  |   in|   32|     ap_none|  p_ZZ9cnn_accelE8w1_local_144|       pointer|
|p_ZZ9cnn_accelE8w1_local_171  |   in|   32|     ap_none|  p_ZZ9cnn_accelE8w1_local_171|       pointer|
|p_ZZ9cnn_accelE8w1_local_198  |   in|   32|     ap_none|  p_ZZ9cnn_accelE8w1_local_198|       pointer|
|p_ZZ9cnn_accelE8w1_local_18   |   in|   32|     ap_none|   p_ZZ9cnn_accelE8w1_local_18|       pointer|
|p_ZZ9cnn_accelE8w1_local_45   |   in|   32|     ap_none|   p_ZZ9cnn_accelE8w1_local_45|       pointer|
|p_ZZ9cnn_accelE8w1_local_72   |   in|   32|     ap_none|   p_ZZ9cnn_accelE8w1_local_72|       pointer|
|p_ZZ9cnn_accelE8w1_local_99   |   in|   32|     ap_none|   p_ZZ9cnn_accelE8w1_local_99|       pointer|
|p_ZZ9cnn_accelE8w1_local_126  |   in|   32|     ap_none|  p_ZZ9cnn_accelE8w1_local_126|       pointer|
|p_ZZ9cnn_accelE8w1_local_153  |   in|   32|     ap_none|  p_ZZ9cnn_accelE8w1_local_153|       pointer|
|p_ZZ9cnn_accelE8w1_local_180  |   in|   32|     ap_none|  p_ZZ9cnn_accelE8w1_local_180|       pointer|
|p_ZZ9cnn_accelE8w1_local_207  |   in|   32|     ap_none|  p_ZZ9cnn_accelE8w1_local_207|       pointer|
|w1_local_1                    |   in|   32|     ap_none|                    w1_local_1|       pointer|
|p_ZZ9cnn_accelE8w1_local_28   |   in|   32|     ap_none|   p_ZZ9cnn_accelE8w1_local_28|       pointer|
|p_ZZ9cnn_accelE8w1_local_55   |   in|   32|     ap_none|   p_ZZ9cnn_accelE8w1_local_55|       pointer|
|p_ZZ9cnn_accelE8w1_local_82   |   in|   32|     ap_none|   p_ZZ9cnn_accelE8w1_local_82|       pointer|
|p_ZZ9cnn_accelE8w1_local_109  |   in|   32|     ap_none|  p_ZZ9cnn_accelE8w1_local_109|       pointer|
|p_ZZ9cnn_accelE8w1_local_136  |   in|   32|     ap_none|  p_ZZ9cnn_accelE8w1_local_136|       pointer|
|p_ZZ9cnn_accelE8w1_local_163  |   in|   32|     ap_none|  p_ZZ9cnn_accelE8w1_local_163|       pointer|
|p_ZZ9cnn_accelE8w1_local_190  |   in|   32|     ap_none|  p_ZZ9cnn_accelE8w1_local_190|       pointer|
|p_ZZ9cnn_accelE8w1_local_10   |   in|   32|     ap_none|   p_ZZ9cnn_accelE8w1_local_10|       pointer|
|p_ZZ9cnn_accelE8w1_local_37   |   in|   32|     ap_none|   p_ZZ9cnn_accelE8w1_local_37|       pointer|
|p_ZZ9cnn_accelE8w1_local_64   |   in|   32|     ap_none|   p_ZZ9cnn_accelE8w1_local_64|       pointer|
|p_ZZ9cnn_accelE8w1_local_91   |   in|   32|     ap_none|   p_ZZ9cnn_accelE8w1_local_91|       pointer|
|p_ZZ9cnn_accelE8w1_local_118  |   in|   32|     ap_none|  p_ZZ9cnn_accelE8w1_local_118|       pointer|
|p_ZZ9cnn_accelE8w1_local_145  |   in|   32|     ap_none|  p_ZZ9cnn_accelE8w1_local_145|       pointer|
|p_ZZ9cnn_accelE8w1_local_172  |   in|   32|     ap_none|  p_ZZ9cnn_accelE8w1_local_172|       pointer|
|p_ZZ9cnn_accelE8w1_local_199  |   in|   32|     ap_none|  p_ZZ9cnn_accelE8w1_local_199|       pointer|
|p_ZZ9cnn_accelE8w1_local_19   |   in|   32|     ap_none|   p_ZZ9cnn_accelE8w1_local_19|       pointer|
|p_ZZ9cnn_accelE8w1_local_46   |   in|   32|     ap_none|   p_ZZ9cnn_accelE8w1_local_46|       pointer|
|p_ZZ9cnn_accelE8w1_local_73   |   in|   32|     ap_none|   p_ZZ9cnn_accelE8w1_local_73|       pointer|
|p_ZZ9cnn_accelE8w1_local_100  |   in|   32|     ap_none|  p_ZZ9cnn_accelE8w1_local_100|       pointer|
|p_ZZ9cnn_accelE8w1_local_127  |   in|   32|     ap_none|  p_ZZ9cnn_accelE8w1_local_127|       pointer|
|p_ZZ9cnn_accelE8w1_local_154  |   in|   32|     ap_none|  p_ZZ9cnn_accelE8w1_local_154|       pointer|
|p_ZZ9cnn_accelE8w1_local_181  |   in|   32|     ap_none|  p_ZZ9cnn_accelE8w1_local_181|       pointer|
|p_ZZ9cnn_accelE8w1_local_208  |   in|   32|     ap_none|  p_ZZ9cnn_accelE8w1_local_208|       pointer|
|w1_local_2                    |   in|   32|     ap_none|                    w1_local_2|       pointer|
|p_ZZ9cnn_accelE8w1_local_29   |   in|   32|     ap_none|   p_ZZ9cnn_accelE8w1_local_29|       pointer|
|p_ZZ9cnn_accelE8w1_local_56   |   in|   32|     ap_none|   p_ZZ9cnn_accelE8w1_local_56|       pointer|
|p_ZZ9cnn_accelE8w1_local_83   |   in|   32|     ap_none|   p_ZZ9cnn_accelE8w1_local_83|       pointer|
|p_ZZ9cnn_accelE8w1_local_110  |   in|   32|     ap_none|  p_ZZ9cnn_accelE8w1_local_110|       pointer|
|p_ZZ9cnn_accelE8w1_local_137  |   in|   32|     ap_none|  p_ZZ9cnn_accelE8w1_local_137|       pointer|
|p_ZZ9cnn_accelE8w1_local_164  |   in|   32|     ap_none|  p_ZZ9cnn_accelE8w1_local_164|       pointer|
|p_ZZ9cnn_accelE8w1_local_191  |   in|   32|     ap_none|  p_ZZ9cnn_accelE8w1_local_191|       pointer|
|p_ZZ9cnn_accelE8w1_local_11   |   in|   32|     ap_none|   p_ZZ9cnn_accelE8w1_local_11|       pointer|
|p_ZZ9cnn_accelE8w1_local_38   |   in|   32|     ap_none|   p_ZZ9cnn_accelE8w1_local_38|       pointer|
|p_ZZ9cnn_accelE8w1_local_65   |   in|   32|     ap_none|   p_ZZ9cnn_accelE8w1_local_65|       pointer|
|p_ZZ9cnn_accelE8w1_local_92   |   in|   32|     ap_none|   p_ZZ9cnn_accelE8w1_local_92|       pointer|
|p_ZZ9cnn_accelE8w1_local_119  |   in|   32|     ap_none|  p_ZZ9cnn_accelE8w1_local_119|       pointer|
|p_ZZ9cnn_accelE8w1_local_146  |   in|   32|     ap_none|  p_ZZ9cnn_accelE8w1_local_146|       pointer|
|p_ZZ9cnn_accelE8w1_local_173  |   in|   32|     ap_none|  p_ZZ9cnn_accelE8w1_local_173|       pointer|
|p_ZZ9cnn_accelE8w1_local_200  |   in|   32|     ap_none|  p_ZZ9cnn_accelE8w1_local_200|       pointer|
|p_ZZ9cnn_accelE8w1_local_20   |   in|   32|     ap_none|   p_ZZ9cnn_accelE8w1_local_20|       pointer|
|p_ZZ9cnn_accelE8w1_local_47   |   in|   32|     ap_none|   p_ZZ9cnn_accelE8w1_local_47|       pointer|
|p_ZZ9cnn_accelE8w1_local_74   |   in|   32|     ap_none|   p_ZZ9cnn_accelE8w1_local_74|       pointer|
|p_ZZ9cnn_accelE8w1_local_101  |   in|   32|     ap_none|  p_ZZ9cnn_accelE8w1_local_101|       pointer|
|p_ZZ9cnn_accelE8w1_local_128  |   in|   32|     ap_none|  p_ZZ9cnn_accelE8w1_local_128|       pointer|
|p_ZZ9cnn_accelE8w1_local_155  |   in|   32|     ap_none|  p_ZZ9cnn_accelE8w1_local_155|       pointer|
|p_ZZ9cnn_accelE8w1_local_182  |   in|   32|     ap_none|  p_ZZ9cnn_accelE8w1_local_182|       pointer|
|p_ZZ9cnn_accelE8w1_local_209  |   in|   32|     ap_none|  p_ZZ9cnn_accelE8w1_local_209|       pointer|
|w1_local_3                    |   in|   32|     ap_none|                    w1_local_3|       pointer|
|p_ZZ9cnn_accelE8w1_local_30   |   in|   32|     ap_none|   p_ZZ9cnn_accelE8w1_local_30|       pointer|
|p_ZZ9cnn_accelE8w1_local_57   |   in|   32|     ap_none|   p_ZZ9cnn_accelE8w1_local_57|       pointer|
|p_ZZ9cnn_accelE8w1_local_84   |   in|   32|     ap_none|   p_ZZ9cnn_accelE8w1_local_84|       pointer|
|p_ZZ9cnn_accelE8w1_local_111  |   in|   32|     ap_none|  p_ZZ9cnn_accelE8w1_local_111|       pointer|
|p_ZZ9cnn_accelE8w1_local_138  |   in|   32|     ap_none|  p_ZZ9cnn_accelE8w1_local_138|       pointer|
|p_ZZ9cnn_accelE8w1_local_165  |   in|   32|     ap_none|  p_ZZ9cnn_accelE8w1_local_165|       pointer|
|p_ZZ9cnn_accelE8w1_local_192  |   in|   32|     ap_none|  p_ZZ9cnn_accelE8w1_local_192|       pointer|
|p_ZZ9cnn_accelE8w1_local_12   |   in|   32|     ap_none|   p_ZZ9cnn_accelE8w1_local_12|       pointer|
|p_ZZ9cnn_accelE8w1_local_39   |   in|   32|     ap_none|   p_ZZ9cnn_accelE8w1_local_39|       pointer|
|p_ZZ9cnn_accelE8w1_local_66   |   in|   32|     ap_none|   p_ZZ9cnn_accelE8w1_local_66|       pointer|
|p_ZZ9cnn_accelE8w1_local_93   |   in|   32|     ap_none|   p_ZZ9cnn_accelE8w1_local_93|       pointer|
|p_ZZ9cnn_accelE8w1_local_120  |   in|   32|     ap_none|  p_ZZ9cnn_accelE8w1_local_120|       pointer|
|p_ZZ9cnn_accelE8w1_local_147  |   in|   32|     ap_none|  p_ZZ9cnn_accelE8w1_local_147|       pointer|
|p_ZZ9cnn_accelE8w1_local_174  |   in|   32|     ap_none|  p_ZZ9cnn_accelE8w1_local_174|       pointer|
|p_ZZ9cnn_accelE8w1_local_201  |   in|   32|     ap_none|  p_ZZ9cnn_accelE8w1_local_201|       pointer|
|p_ZZ9cnn_accelE8w1_local_21   |   in|   32|     ap_none|   p_ZZ9cnn_accelE8w1_local_21|       pointer|
|p_ZZ9cnn_accelE8w1_local_48   |   in|   32|     ap_none|   p_ZZ9cnn_accelE8w1_local_48|       pointer|
|p_ZZ9cnn_accelE8w1_local_75   |   in|   32|     ap_none|   p_ZZ9cnn_accelE8w1_local_75|       pointer|
|p_ZZ9cnn_accelE8w1_local_102  |   in|   32|     ap_none|  p_ZZ9cnn_accelE8w1_local_102|       pointer|
|p_ZZ9cnn_accelE8w1_local_129  |   in|   32|     ap_none|  p_ZZ9cnn_accelE8w1_local_129|       pointer|
|p_ZZ9cnn_accelE8w1_local_156  |   in|   32|     ap_none|  p_ZZ9cnn_accelE8w1_local_156|       pointer|
|p_ZZ9cnn_accelE8w1_local_183  |   in|   32|     ap_none|  p_ZZ9cnn_accelE8w1_local_183|       pointer|
|p_ZZ9cnn_accelE8w1_local_210  |   in|   32|     ap_none|  p_ZZ9cnn_accelE8w1_local_210|       pointer|
|w1_local_4                    |   in|   32|     ap_none|                    w1_local_4|       pointer|
|p_ZZ9cnn_accelE8w1_local_31   |   in|   32|     ap_none|   p_ZZ9cnn_accelE8w1_local_31|       pointer|
|p_ZZ9cnn_accelE8w1_local_58   |   in|   32|     ap_none|   p_ZZ9cnn_accelE8w1_local_58|       pointer|
|p_ZZ9cnn_accelE8w1_local_85   |   in|   32|     ap_none|   p_ZZ9cnn_accelE8w1_local_85|       pointer|
|p_ZZ9cnn_accelE8w1_local_112  |   in|   32|     ap_none|  p_ZZ9cnn_accelE8w1_local_112|       pointer|
|p_ZZ9cnn_accelE8w1_local_139  |   in|   32|     ap_none|  p_ZZ9cnn_accelE8w1_local_139|       pointer|
|p_ZZ9cnn_accelE8w1_local_166  |   in|   32|     ap_none|  p_ZZ9cnn_accelE8w1_local_166|       pointer|
|p_ZZ9cnn_accelE8w1_local_193  |   in|   32|     ap_none|  p_ZZ9cnn_accelE8w1_local_193|       pointer|
|p_ZZ9cnn_accelE8w1_local_13   |   in|   32|     ap_none|   p_ZZ9cnn_accelE8w1_local_13|       pointer|
|p_ZZ9cnn_accelE8w1_local_40   |   in|   32|     ap_none|   p_ZZ9cnn_accelE8w1_local_40|       pointer|
|p_ZZ9cnn_accelE8w1_local_67   |   in|   32|     ap_none|   p_ZZ9cnn_accelE8w1_local_67|       pointer|
|p_ZZ9cnn_accelE8w1_local_94   |   in|   32|     ap_none|   p_ZZ9cnn_accelE8w1_local_94|       pointer|
|p_ZZ9cnn_accelE8w1_local_121  |   in|   32|     ap_none|  p_ZZ9cnn_accelE8w1_local_121|       pointer|
|p_ZZ9cnn_accelE8w1_local_148  |   in|   32|     ap_none|  p_ZZ9cnn_accelE8w1_local_148|       pointer|
|p_ZZ9cnn_accelE8w1_local_175  |   in|   32|     ap_none|  p_ZZ9cnn_accelE8w1_local_175|       pointer|
|p_ZZ9cnn_accelE8w1_local_202  |   in|   32|     ap_none|  p_ZZ9cnn_accelE8w1_local_202|       pointer|
|p_ZZ9cnn_accelE8w1_local_22   |   in|   32|     ap_none|   p_ZZ9cnn_accelE8w1_local_22|       pointer|
|p_ZZ9cnn_accelE8w1_local_49   |   in|   32|     ap_none|   p_ZZ9cnn_accelE8w1_local_49|       pointer|
|p_ZZ9cnn_accelE8w1_local_76   |   in|   32|     ap_none|   p_ZZ9cnn_accelE8w1_local_76|       pointer|
|p_ZZ9cnn_accelE8w1_local_103  |   in|   32|     ap_none|  p_ZZ9cnn_accelE8w1_local_103|       pointer|
|p_ZZ9cnn_accelE8w1_local_130  |   in|   32|     ap_none|  p_ZZ9cnn_accelE8w1_local_130|       pointer|
|p_ZZ9cnn_accelE8w1_local_157  |   in|   32|     ap_none|  p_ZZ9cnn_accelE8w1_local_157|       pointer|
|p_ZZ9cnn_accelE8w1_local_184  |   in|   32|     ap_none|  p_ZZ9cnn_accelE8w1_local_184|       pointer|
|p_ZZ9cnn_accelE8w1_local_211  |   in|   32|     ap_none|  p_ZZ9cnn_accelE8w1_local_211|       pointer|
|w1_local_5                    |   in|   32|     ap_none|                    w1_local_5|       pointer|
|p_ZZ9cnn_accelE8w1_local_32   |   in|   32|     ap_none|   p_ZZ9cnn_accelE8w1_local_32|       pointer|
|p_ZZ9cnn_accelE8w1_local_59   |   in|   32|     ap_none|   p_ZZ9cnn_accelE8w1_local_59|       pointer|
|p_ZZ9cnn_accelE8w1_local_86   |   in|   32|     ap_none|   p_ZZ9cnn_accelE8w1_local_86|       pointer|
|p_ZZ9cnn_accelE8w1_local_113  |   in|   32|     ap_none|  p_ZZ9cnn_accelE8w1_local_113|       pointer|
|p_ZZ9cnn_accelE8w1_local_140  |   in|   32|     ap_none|  p_ZZ9cnn_accelE8w1_local_140|       pointer|
|p_ZZ9cnn_accelE8w1_local_167  |   in|   32|     ap_none|  p_ZZ9cnn_accelE8w1_local_167|       pointer|
|p_ZZ9cnn_accelE8w1_local_194  |   in|   32|     ap_none|  p_ZZ9cnn_accelE8w1_local_194|       pointer|
|p_ZZ9cnn_accelE8w1_local_14   |   in|   32|     ap_none|   p_ZZ9cnn_accelE8w1_local_14|       pointer|
|p_ZZ9cnn_accelE8w1_local_41   |   in|   32|     ap_none|   p_ZZ9cnn_accelE8w1_local_41|       pointer|
|p_ZZ9cnn_accelE8w1_local_68   |   in|   32|     ap_none|   p_ZZ9cnn_accelE8w1_local_68|       pointer|
|p_ZZ9cnn_accelE8w1_local_95   |   in|   32|     ap_none|   p_ZZ9cnn_accelE8w1_local_95|       pointer|
|p_ZZ9cnn_accelE8w1_local_122  |   in|   32|     ap_none|  p_ZZ9cnn_accelE8w1_local_122|       pointer|
|p_ZZ9cnn_accelE8w1_local_149  |   in|   32|     ap_none|  p_ZZ9cnn_accelE8w1_local_149|       pointer|
|p_ZZ9cnn_accelE8w1_local_176  |   in|   32|     ap_none|  p_ZZ9cnn_accelE8w1_local_176|       pointer|
|p_ZZ9cnn_accelE8w1_local_203  |   in|   32|     ap_none|  p_ZZ9cnn_accelE8w1_local_203|       pointer|
|p_ZZ9cnn_accelE8w1_local_23   |   in|   32|     ap_none|   p_ZZ9cnn_accelE8w1_local_23|       pointer|
|p_ZZ9cnn_accelE8w1_local_50   |   in|   32|     ap_none|   p_ZZ9cnn_accelE8w1_local_50|       pointer|
|p_ZZ9cnn_accelE8w1_local_77   |   in|   32|     ap_none|   p_ZZ9cnn_accelE8w1_local_77|       pointer|
|p_ZZ9cnn_accelE8w1_local_104  |   in|   32|     ap_none|  p_ZZ9cnn_accelE8w1_local_104|       pointer|
|p_ZZ9cnn_accelE8w1_local_131  |   in|   32|     ap_none|  p_ZZ9cnn_accelE8w1_local_131|       pointer|
|p_ZZ9cnn_accelE8w1_local_158  |   in|   32|     ap_none|  p_ZZ9cnn_accelE8w1_local_158|       pointer|
|p_ZZ9cnn_accelE8w1_local_185  |   in|   32|     ap_none|  p_ZZ9cnn_accelE8w1_local_185|       pointer|
|p_ZZ9cnn_accelE8w1_local_212  |   in|   32|     ap_none|  p_ZZ9cnn_accelE8w1_local_212|       pointer|
|w1_local_6                    |   in|   32|     ap_none|                    w1_local_6|       pointer|
|p_ZZ9cnn_accelE8w1_local_33   |   in|   32|     ap_none|   p_ZZ9cnn_accelE8w1_local_33|       pointer|
|p_ZZ9cnn_accelE8w1_local_60   |   in|   32|     ap_none|   p_ZZ9cnn_accelE8w1_local_60|       pointer|
|p_ZZ9cnn_accelE8w1_local_87   |   in|   32|     ap_none|   p_ZZ9cnn_accelE8w1_local_87|       pointer|
|p_ZZ9cnn_accelE8w1_local_114  |   in|   32|     ap_none|  p_ZZ9cnn_accelE8w1_local_114|       pointer|
|p_ZZ9cnn_accelE8w1_local_141  |   in|   32|     ap_none|  p_ZZ9cnn_accelE8w1_local_141|       pointer|
|p_ZZ9cnn_accelE8w1_local_168  |   in|   32|     ap_none|  p_ZZ9cnn_accelE8w1_local_168|       pointer|
|p_ZZ9cnn_accelE8w1_local_195  |   in|   32|     ap_none|  p_ZZ9cnn_accelE8w1_local_195|       pointer|
|p_ZZ9cnn_accelE8w1_local_15   |   in|   32|     ap_none|   p_ZZ9cnn_accelE8w1_local_15|       pointer|
|p_ZZ9cnn_accelE8w1_local_42   |   in|   32|     ap_none|   p_ZZ9cnn_accelE8w1_local_42|       pointer|
|p_ZZ9cnn_accelE8w1_local_69   |   in|   32|     ap_none|   p_ZZ9cnn_accelE8w1_local_69|       pointer|
|p_ZZ9cnn_accelE8w1_local_96   |   in|   32|     ap_none|   p_ZZ9cnn_accelE8w1_local_96|       pointer|
|p_ZZ9cnn_accelE8w1_local_123  |   in|   32|     ap_none|  p_ZZ9cnn_accelE8w1_local_123|       pointer|
|p_ZZ9cnn_accelE8w1_local_150  |   in|   32|     ap_none|  p_ZZ9cnn_accelE8w1_local_150|       pointer|
|p_ZZ9cnn_accelE8w1_local_177  |   in|   32|     ap_none|  p_ZZ9cnn_accelE8w1_local_177|       pointer|
|p_ZZ9cnn_accelE8w1_local_204  |   in|   32|     ap_none|  p_ZZ9cnn_accelE8w1_local_204|       pointer|
|p_ZZ9cnn_accelE8w1_local_24   |   in|   32|     ap_none|   p_ZZ9cnn_accelE8w1_local_24|       pointer|
|p_ZZ9cnn_accelE8w1_local_51   |   in|   32|     ap_none|   p_ZZ9cnn_accelE8w1_local_51|       pointer|
|p_ZZ9cnn_accelE8w1_local_78   |   in|   32|     ap_none|   p_ZZ9cnn_accelE8w1_local_78|       pointer|
|p_ZZ9cnn_accelE8w1_local_105  |   in|   32|     ap_none|  p_ZZ9cnn_accelE8w1_local_105|       pointer|
|p_ZZ9cnn_accelE8w1_local_132  |   in|   32|     ap_none|  p_ZZ9cnn_accelE8w1_local_132|       pointer|
|p_ZZ9cnn_accelE8w1_local_159  |   in|   32|     ap_none|  p_ZZ9cnn_accelE8w1_local_159|       pointer|
|p_ZZ9cnn_accelE8w1_local_186  |   in|   32|     ap_none|  p_ZZ9cnn_accelE8w1_local_186|       pointer|
|p_ZZ9cnn_accelE8w1_local_213  |   in|   32|     ap_none|  p_ZZ9cnn_accelE8w1_local_213|       pointer|
|w1_local_7                    |   in|   32|     ap_none|                    w1_local_7|       pointer|
|p_ZZ9cnn_accelE8w1_local_34   |   in|   32|     ap_none|   p_ZZ9cnn_accelE8w1_local_34|       pointer|
|p_ZZ9cnn_accelE8w1_local_61   |   in|   32|     ap_none|   p_ZZ9cnn_accelE8w1_local_61|       pointer|
|p_ZZ9cnn_accelE8w1_local_88   |   in|   32|     ap_none|   p_ZZ9cnn_accelE8w1_local_88|       pointer|
|p_ZZ9cnn_accelE8w1_local_115  |   in|   32|     ap_none|  p_ZZ9cnn_accelE8w1_local_115|       pointer|
|p_ZZ9cnn_accelE8w1_local_142  |   in|   32|     ap_none|  p_ZZ9cnn_accelE8w1_local_142|       pointer|
|p_ZZ9cnn_accelE8w1_local_169  |   in|   32|     ap_none|  p_ZZ9cnn_accelE8w1_local_169|       pointer|
|p_ZZ9cnn_accelE8w1_local_196  |   in|   32|     ap_none|  p_ZZ9cnn_accelE8w1_local_196|       pointer|
|p_ZZ9cnn_accelE8w1_local_16   |   in|   32|     ap_none|   p_ZZ9cnn_accelE8w1_local_16|       pointer|
|p_ZZ9cnn_accelE8w1_local_43   |   in|   32|     ap_none|   p_ZZ9cnn_accelE8w1_local_43|       pointer|
|p_ZZ9cnn_accelE8w1_local_70   |   in|   32|     ap_none|   p_ZZ9cnn_accelE8w1_local_70|       pointer|
|p_ZZ9cnn_accelE8w1_local_97   |   in|   32|     ap_none|   p_ZZ9cnn_accelE8w1_local_97|       pointer|
|p_ZZ9cnn_accelE8w1_local_124  |   in|   32|     ap_none|  p_ZZ9cnn_accelE8w1_local_124|       pointer|
|p_ZZ9cnn_accelE8w1_local_151  |   in|   32|     ap_none|  p_ZZ9cnn_accelE8w1_local_151|       pointer|
|p_ZZ9cnn_accelE8w1_local_178  |   in|   32|     ap_none|  p_ZZ9cnn_accelE8w1_local_178|       pointer|
|p_ZZ9cnn_accelE8w1_local_205  |   in|   32|     ap_none|  p_ZZ9cnn_accelE8w1_local_205|       pointer|
|p_ZZ9cnn_accelE8w1_local_25   |   in|   32|     ap_none|   p_ZZ9cnn_accelE8w1_local_25|       pointer|
|p_ZZ9cnn_accelE8w1_local_52   |   in|   32|     ap_none|   p_ZZ9cnn_accelE8w1_local_52|       pointer|
|p_ZZ9cnn_accelE8w1_local_79   |   in|   32|     ap_none|   p_ZZ9cnn_accelE8w1_local_79|       pointer|
|p_ZZ9cnn_accelE8w1_local_106  |   in|   32|     ap_none|  p_ZZ9cnn_accelE8w1_local_106|       pointer|
|p_ZZ9cnn_accelE8w1_local_133  |   in|   32|     ap_none|  p_ZZ9cnn_accelE8w1_local_133|       pointer|
|p_ZZ9cnn_accelE8w1_local_160  |   in|   32|     ap_none|  p_ZZ9cnn_accelE8w1_local_160|       pointer|
|p_ZZ9cnn_accelE8w1_local_187  |   in|   32|     ap_none|  p_ZZ9cnn_accelE8w1_local_187|       pointer|
|p_ZZ9cnn_accelE8w1_local_214  |   in|   32|     ap_none|  p_ZZ9cnn_accelE8w1_local_214|       pointer|
|w1_local_8                    |   in|   32|     ap_none|                    w1_local_8|       pointer|
|p_ZZ9cnn_accelE8w1_local_35   |   in|   32|     ap_none|   p_ZZ9cnn_accelE8w1_local_35|       pointer|
|p_ZZ9cnn_accelE8w1_local_62   |   in|   32|     ap_none|   p_ZZ9cnn_accelE8w1_local_62|       pointer|
|p_ZZ9cnn_accelE8w1_local_89   |   in|   32|     ap_none|   p_ZZ9cnn_accelE8w1_local_89|       pointer|
|p_ZZ9cnn_accelE8w1_local_116  |   in|   32|     ap_none|  p_ZZ9cnn_accelE8w1_local_116|       pointer|
|p_ZZ9cnn_accelE8w1_local_143  |   in|   32|     ap_none|  p_ZZ9cnn_accelE8w1_local_143|       pointer|
|p_ZZ9cnn_accelE8w1_local_170  |   in|   32|     ap_none|  p_ZZ9cnn_accelE8w1_local_170|       pointer|
|p_ZZ9cnn_accelE8w1_local_197  |   in|   32|     ap_none|  p_ZZ9cnn_accelE8w1_local_197|       pointer|
|p_ZZ9cnn_accelE8w1_local_17   |   in|   32|     ap_none|   p_ZZ9cnn_accelE8w1_local_17|       pointer|
|p_ZZ9cnn_accelE8w1_local_44   |   in|   32|     ap_none|   p_ZZ9cnn_accelE8w1_local_44|       pointer|
|p_ZZ9cnn_accelE8w1_local_71   |   in|   32|     ap_none|   p_ZZ9cnn_accelE8w1_local_71|       pointer|
|p_ZZ9cnn_accelE8w1_local_98   |   in|   32|     ap_none|   p_ZZ9cnn_accelE8w1_local_98|       pointer|
|p_ZZ9cnn_accelE8w1_local_125  |   in|   32|     ap_none|  p_ZZ9cnn_accelE8w1_local_125|       pointer|
|p_ZZ9cnn_accelE8w1_local_152  |   in|   32|     ap_none|  p_ZZ9cnn_accelE8w1_local_152|       pointer|
|p_ZZ9cnn_accelE8w1_local_179  |   in|   32|     ap_none|  p_ZZ9cnn_accelE8w1_local_179|       pointer|
|p_ZZ9cnn_accelE8w1_local_206  |   in|   32|     ap_none|  p_ZZ9cnn_accelE8w1_local_206|       pointer|
|p_ZZ9cnn_accelE8w1_local_26   |   in|   32|     ap_none|   p_ZZ9cnn_accelE8w1_local_26|       pointer|
|p_ZZ9cnn_accelE8w1_local_53   |   in|   32|     ap_none|   p_ZZ9cnn_accelE8w1_local_53|       pointer|
|p_ZZ9cnn_accelE8w1_local_80   |   in|   32|     ap_none|   p_ZZ9cnn_accelE8w1_local_80|       pointer|
|p_ZZ9cnn_accelE8w1_local_107  |   in|   32|     ap_none|  p_ZZ9cnn_accelE8w1_local_107|       pointer|
|p_ZZ9cnn_accelE8w1_local_134  |   in|   32|     ap_none|  p_ZZ9cnn_accelE8w1_local_134|       pointer|
|p_ZZ9cnn_accelE8w1_local_161  |   in|   32|     ap_none|  p_ZZ9cnn_accelE8w1_local_161|       pointer|
|p_ZZ9cnn_accelE8w1_local_188  |   in|   32|     ap_none|  p_ZZ9cnn_accelE8w1_local_188|       pointer|
|p_ZZ9cnn_accelE8w1_local_215  |   in|   32|     ap_none|  p_ZZ9cnn_accelE8w1_local_215|       pointer|
+------------------------------+-----+-----+------------+------------------------------+--------------+

