

================================================================
== Vitis HLS Report for 'exp_generic_double_s'
================================================================
* Date:           Fri Jul  4 17:05:31 2025

* Version:        2025.1 (Build 6135595 on May 21 2025)
* Project:        cnn_accel
* Solution:       hls (Vivado IP Flow Target)
* Product family: artix7
* Target device:  xc7a100t-fgg484-2L


================================================================
== Performance Estimates
================================================================
+ Timing: 
    * Summary: 
    +--------+----------+-----------+------------+
    |  Clock |  Target  | Estimated | Uncertainty|
    +--------+----------+-----------+------------+
    |ap_clk  |  20.00 ns|  14.584 ns|     5.40 ns|
    +--------+----------+-----------+------------+

+ Latency: 
    * Summary: 
    +---------+---------+----------+----------+-----+-----+---------+
    |  Latency (cycles) |  Latency (absolute) |  Interval | Pipeline|
    |   min   |   max   |    min   |    max   | min | max |   Type  |
    +---------+---------+----------+----------+-----+-----+---------+
    |        9|        9|  0.180 us|  0.180 us|    1|    1|      yes|
    +---------+---------+----------+----------+-----+-----+---------+

    + Detail: 
        * Instance: 
        N/A

        * Loop: 
        N/A



================================================================
== Utilization Estimates
================================================================
* Summary: 
+-----------------+---------+-----+--------+-------+-----+
|       Name      | BRAM_18K| DSP |   FF   |  LUT  | URAM|
+-----------------+---------+-----+--------+-------+-----+
|DSP              |        -|    1|       -|      -|    -|
|Expression       |        -|    -|       0|   2243|    -|
|FIFO             |        -|    -|       -|      -|    -|
|Instance         |        -|   28|       0|    142|    -|
|Memory           |        5|    -|       0|      0|    -|
|Multiplexer      |        -|    -|       -|      -|    -|
|Register         |        -|    -|    1261|    320|    -|
+-----------------+---------+-----+--------+-------+-----+
|Total            |        5|   29|    1261|   2705|    0|
+-----------------+---------+-----+--------+-------+-----+
|Available        |      270|  240|  126800|  63400|    0|
+-----------------+---------+-----+--------+-------+-----+
|Utilization (%)  |        1|   12|      ~0|      4|    0|
+-----------------+---------+-----+--------+-------+-----+

+ Detail: 
    * Instance: 
    +---------------------------+----------------------+---------+----+---+----+-----+
    |          Instance         |        Module        | BRAM_18K| DSP| FF| LUT| URAM|
    +---------------------------+----------------------+---------+----+---+----+-----+
    |mul_13s_71s_71_1_1_U163    |mul_13s_71s_71_1_1    |        0|   4|  0|  66|    0|
    |mul_43ns_36ns_79_1_1_U164  |mul_43ns_36ns_79_1_1  |        0|   6|  0|  20|    0|
    |mul_49ns_44ns_93_1_1_U165  |mul_49ns_44ns_93_1_1  |        0|   9|  0|  21|    0|
    |mul_50ns_50ns_99_1_1_U166  |mul_50ns_50ns_99_1_1  |        0|   9|  0|  22|    0|
    |sparsemux_9_3_64_1_1_U167  |sparsemux_9_3_64_1_1  |        0|   0|  0|  13|    0|
    +---------------------------+----------------------+---------+----+---+----+-----+
    |Total                      |                      |        0|  28|  0| 142|    0|
    +---------------------------+----------------------+---------+----+---+----+-----+

    * DSP: 
    +-------------------------------------+--------------------------------+--------------+
    |               Instance              |             Module             |  Expression  |
    +-------------------------------------+--------------------------------+--------------+
    |mac_muladd_16s_15ns_19s_31_4_1_U168  |mac_muladd_16s_15ns_19s_31_4_1  |  i0 + i1 * i2|
    +-------------------------------------+--------------------------------+--------------+

    * Memory: 
    +---------------------------------------------------------------+----------------------------------------------------------------------------------+---------+---+----+-----+------+-----+------+-------------+
    |                             Memory                            |                                      Module                                      | BRAM_18K| FF| LUT| URAM| Words| Bits| Banks| W*Bits*Banks|
    +---------------------------------------------------------------+----------------------------------------------------------------------------------+---------+---+----+-----+------+-----+------+-------------+
    |table_exp_Z1_ap_ufixed_58_1_ap_q_mode_5_ap_o_mode_3_0_array_U  |exp_generic_double_s_table_exp_Z1_ap_ufixed_58_1_ap_q_mode_5_ap_o_mode_3_0_arbkb  |        2|  0|   0|    0|   256|   58|     1|        14848|
    |table_f_Z2_ap_ufixed_59_0_ap_q_mode_5_ap_o_mode_3_0_array_U    |exp_generic_double_s_table_f_Z2_ap_ufixed_59_0_ap_q_mode_5_ap_o_mode_3_0_arradEe  |        2|  0|   0|    0|   256|   42|     1|        10752|
    |table_f_Z3_ap_ufixed_59_0_ap_q_mode_5_ap_o_mode_3_0_array_U    |exp_generic_double_s_table_f_Z3_ap_ufixed_59_0_ap_q_mode_5_ap_o_mode_3_0_arracud  |        1|  0|   0|    0|   256|   26|     1|         6656|
    +---------------------------------------------------------------+----------------------------------------------------------------------------------+---------+---+----+-----+------+-----+------+-------------+
    |Total                                                          |                                                                                  |        5|  0|   0|    0|   768|  126|     3|        32256|
    +---------------------------------------------------------------+----------------------------------------------------------------------------------+---------+---+----+-----+------+-----+------+-------------+

    * FIFO: 
    N/A

    * Expression: 
    +-------------------------+----------+----+---+-----+------------+------------+
    |      Variable Name      | Operation| DSP| FF| LUT | Bitwidth P0| Bitwidth P1|
    +-------------------------+----------+----+---+-----+------------+------------+
    |add_ln126_fu_727_p2      |         +|   0|  0|   43|          36|          36|
    |add_ln145_fu_798_p2      |         +|   0|  0|   51|          44|          44|
    |add_ln243_1_fu_560_p2    |         +|   0|  0|   20|          13|           1|
    |add_ln297_1_fu_893_p2    |         +|   0|  0|  114|         107|         107|
    |add_ln297_fu_877_p2      |         +|   0|  0|   65|          58|           5|
    |exp_Z1P_m_1_l_fu_807_p2  |         +|   0|  0|   59|          52|          52|
    |exp_Z2P_m_1_fu_736_p2    |         +|   0|  0|   51|          44|          44|
    |exp_Z4_m_1_fu_678_p2     |         +|   0|  0|   43|          36|          36|
    |m_exp_fu_338_p2          |         +|   0|  0|   19|          12|          11|
    |out_exp_fu_957_p2        |         +|   0|  0|   18|          11|          10|
    |r_exp_1_fu_907_p2        |         +|   0|  0|   20|          13|           2|
    |e_frac_1_fu_356_p2       |         -|   0|  0|   61|           1|          54|
    |sub_ln229_fu_390_p2      |         -|   0|  0|   18|          10|          11|
    |sub_ln255_fu_604_p2      |         -|   0|  0|   66|          59|          59|
    |and_ln309_1_fu_1017_p2   |       and|   0|  0|    2|           1|           1|
    |and_ln309_2_fu_1035_p2   |       and|   0|  0|    2|           1|           1|
    |and_ln309_3_fu_1047_p2   |       and|   0|  0|    2|           1|           1|
    |and_ln309_4_fu_1069_p2   |       and|   0|  0|    2|           1|           1|
    |and_ln309_5_fu_1075_p2   |       and|   0|  0|    2|           1|           1|
    |and_ln309_fu_1007_p2     |       and|   0|  0|    2|           1|           1|
    |x_is_NaN_fu_316_p2       |       and|   0|  0|    2|           1|           1|
    |x_is_inf_fu_328_p2       |       and|   0|  0|    2|           1|           1|
    |x_is_pinf_fu_848_p2      |       and|   0|  0|    2|           1|           1|
    |ashr_ln229_fu_416_p2     |      ashr|   0|  0|  210|          71|          71|
    |ashr_ln230_fu_456_p2     |      ashr|   0|  0|  182|          64|          64|
    |icmp_ln18_1_fu_310_p2    |      icmp|   0|  0|   59|          52|           1|
    |icmp_ln18_2_fu_322_p2    |      icmp|   0|  0|   59|          52|           1|
    |icmp_ln18_fu_304_p2      |      icmp|   0|  0|   18|          11|           2|
    |icmp_ln243_fu_554_p2     |      icmp|   0|  0|   25|          18|           1|
    |icmp_ln309_1_fu_929_p2   |      icmp|   0|  0|   11|           3|           1|
    |icmp_ln309_2_fu_510_p2   |      icmp|   0|  0|   78|          71|          71|
    |icmp_ln309_fu_488_p2     |      icmp|   0|  0|   19|          12|           1|
    |icmp_ln326_fu_947_p2     |      icmp|   0|  0|   20|          13|          11|
    |or_ln185_1_fu_865_p2     |        or|   0|  0|    2|           1|           1|
    |or_ln185_fu_853_p2       |        or|   0|  0|    2|           1|           1|
    |or_ln309_1_fu_1023_p2    |        or|   0|  0|    2|           1|           1|
    |or_ln309_2_fu_1052_p2    |        or|   0|  0|    2|           1|           1|
    |or_ln309_3_fu_1063_p2    |        or|   0|  0|    2|           1|           1|
    |or_ln309_fu_935_p2       |        or|   0|  0|    2|           1|           1|
    |e_frac_2_fu_362_p3       |    select|   0|  0|   54|           1|          54|
    |m_fix_fu_428_p3          |    select|   0|  0|   71|           1|          71|
    |r_exp_2_fu_912_p3        |    select|   0|  0|   13|           1|          13|
    |r_exp_fu_574_p3          |    select|   0|  0|   13|           1|          13|
    |retval_1_fu_1091_p2      |    select|   0|  0|   64|           1|          64|
    |retval_1_fu_1091_p4      |    select|   0|  0|   63|           1|           1|
    |select_ln185_fu_858_p3   |    select|   0|  0|   63|           1|          63|
    |select_ln229_fu_400_p3   |    select|   0|  0|   12|           1|          12|
    |select_ln230_fu_494_p3   |    select|   0|  0|   64|           1|          64|
    |select_ln243_fu_566_p3   |    select|   0|  0|   13|           1|          13|
    |select_ln303_fu_983_p3   |    select|   0|  0|   52|           1|          52|
    |shl_ln229_fu_422_p2      |       shl|   0|  0|  210|          71|          71|
    |shl_ln230_fu_450_p2      |       shl|   0|  0|  182|          64|          64|
    |xor_ln182_fu_843_p2      |       xor|   0|  0|    2|           1|           2|
    |xor_ln185_fu_1029_p2     |       xor|   0|  0|    2|           1|           2|
    |xor_ln309_1_fu_1041_p2   |       xor|   0|  0|    2|           1|           2|
    |xor_ln309_2_fu_1057_p2   |       xor|   0|  0|    2|           1|           2|
    |xor_ln309_fu_1012_p2     |       xor|   0|  0|    2|           1|           2|
    +-------------------------+----------+----+---+-----+------------+------------+
    |Total                    |          |   0|  0| 2243|        1029|        1276|
    +-------------------------+----------+----+---+-----+------------+------------+

    * Multiplexer: 
    N/A

    * Register: 
    +------------------------------+----+----+-----+-----------+
    |             Name             | FF | LUT| Bits| Const Bits|
    +------------------------------+----+----+-----+-----------+
    |Z2_reg_1194                   |   8|   0|    8|          0|
    |Z3_reg_1201                   |   8|   0|    8|          0|
    |Z3_reg_1201_pp0_iter5_reg     |   8|   0|    8|          0|
    |Z4_ind_reg_1212               |   8|   0|    8|          0|
    |Z4_reg_1207                   |  35|   0|   35|          0|
    |Z4_reg_1207_pp0_iter5_reg     |  35|   0|   35|          0|
    |es_sign_reg_1126              |   1|   0|    1|          0|
    |exp_Z1_reg_1267               |  58|   0|   58|          0|
    |exp_Z2P_m_1_reg_1252          |  44|   0|   44|          0|
    |exp_Z3_m_1_reg_1232           |  34|   0|   43|          9|
    |exp_Z4_m_1_reg_1227           |  36|   0|   36|          0|
    |icmp_ln309_2_reg_1167         |   1|   0|    1|          0|
    |icmp_ln309_reg_1159           |   1|   0|    1|          0|
    |m_diff_hi_reg_1189            |   8|   0|    8|          0|
    |mul_ln297_reg_1272            |  99|   0|   99|          0|
    |r_exp_reg_1182                |  13|   0|   13|          0|
    |tmp_10_reg_1172               |   1|   0|    1|          0|
    |tmp_1_reg_1262                |  36|   0|   36|          0|
    |tmp_2_reg_1144                |   1|   0|    1|          0|
    |tmp_2_reg_1144_pp0_iter1_reg  |   1|   0|    1|          0|
    |tmp_9_reg_1237                |  20|   0|   20|          0|
    |tmp_s_reg_1257                |  40|   0|   40|          0|
    |trunc_ln255_reg_1154          |  59|   0|   59|          0|
    |x_int_reg                     |  64|   0|   64|          0|
    |x_is_NaN_reg_1131             |   1|   0|    1|          0|
    |x_is_inf_reg_1138             |   1|   0|    1|          0|
    |Z2_reg_1194                   |  64|  32|    8|          0|
    |es_sign_reg_1126              |  64|  32|    1|          0|
    |icmp_ln309_2_reg_1167         |  64|  32|    1|          0|
    |icmp_ln309_reg_1159           |  64|  32|    1|          0|
    |m_diff_hi_reg_1189            |  64|  32|    8|          0|
    |r_exp_reg_1182                |  64|  32|   13|          0|
    |tmp_10_reg_1172               |  64|  32|    1|          0|
    |trunc_ln255_reg_1154          |  64|  32|   59|          0|
    |x_is_NaN_reg_1131             |  64|  32|    1|          0|
    |x_is_inf_reg_1138             |  64|  32|    1|          0|
    +------------------------------+----+----+-----+-----------+
    |Total                         |1261| 320|  724|          9|
    +------------------------------+----+----+-----+-----------+



================================================================
== Interface
================================================================
* Summary: 
+-----------+-----+-----+------------+---------------------+--------------+
| RTL Ports | Dir | Bits|  Protocol  |    Source Object    |    C Type    |
+-----------+-----+-----+------------+---------------------+--------------+
|ap_clk     |   in|    1|  ap_ctrl_hs|  exp_generic<double>|  return value|
|ap_rst     |   in|    1|  ap_ctrl_hs|  exp_generic<double>|  return value|
|ap_return  |  out|   64|  ap_ctrl_hs|  exp_generic<double>|  return value|
|x          |   in|   64|     ap_none|                    x|        scalar|
+-----------+-----+-----+------------+---------------------+--------------+

