

================================================================
== Vitis HLS Report for 'fc1'
================================================================
* Date:           Tue Jul  8 00:40:07 2025

* Version:        2025.1 (Build 6135595 on May 21 2025)
* Project:        cnn_accel
* Solution:       hls (Vivado IP Flow Target)
* Product family: artix7
* Target device:  xc7a100t-fgg484-2L


================================================================
== Performance Estimates
================================================================
+ Timing: 
    * Summary: 
    +--------+----------+----------+------------+
    |  Clock |  Target  | Estimated| Uncertainty|
    +--------+----------+----------+------------+
    |ap_clk  |  10.00 ns|  7.300 ns|     2.70 ns|
    +--------+----------+----------+------------+

+ Latency: 
    * Summary: 
    +----------+----------+-----------+-----------+----------+----------+---------+
    |   Latency (cycles)  |   Latency (absolute)  |       Interval      | Pipeline|
    |    min   |    max   |    min    |    max    |    min   |    max   |   Type  |
    +----------+----------+-----------+-----------+----------+----------+---------+
    |  25481289|  25481289|  0.255 sec|  0.255 sec|  25481289|  25481289|       no|
    +----------+----------+-----------+-----------+----------+----------+---------+

    + Detail: 
        * Instance: 
        +---------------------------------+----------------------+---------+---------+----------+----------+-----+-----+---------+
        |                                 |                      |  Latency (cycles) |  Latency (absolute) |  Interval | Pipeline|
        |             Instance            |        Module        |   min   |   max   |    min   |    max   | min | max |   Type  |
        +---------------------------------+----------------------+---------+---------+----------+----------+-----+-----+---------+
        |grp_generic_tanh_float_s_fu_175  |generic_tanh_float_s  |       61|       61|  0.610 us|  0.610 us|    3|    3|      yes|
        +---------------------------------+----------------------+---------+---------+----------+----------+-----+-----+---------+

        * Loop: 
        +---------------------+----------+----------+----------+-----------+-----------+-------+----------+
        |                     |   Latency (cycles)  | Iteration|  Initiation Interval  |  Trip |          |
        |      Loop Name      |    min   |    max   |  Latency |  achieved |   target  | Count | Pipelined|
        +---------------------+----------+----------+----------+-----------+-----------+-------+----------+
        |- FC1_OUT            |  25481281|  25481281|    796290|          -|          -|     32|        no|
        | + VITIS_LOOP_270_1  |    796224|    796224|        11|          -|          -|  72384|        no|
        +---------------------+----------+----------+----------+-----------+-----------+-------+----------+



================================================================
== Utilization Estimates
================================================================
* Summary: 
+-----------------+---------+-----+--------+-------+-----+
|       Name      | BRAM_18K| DSP |   FF   |  LUT  | URAM|
+-----------------+---------+-----+--------+-------+-----+
|DSP              |        -|    -|       -|      -|    -|
|Expression       |        -|    -|       0|     82|    -|
|FIFO             |        -|    -|       -|      -|    -|
|Instance         |        5|   39|    6326|   5385|    -|
|Memory           |        -|    -|       -|      -|    -|
|Multiplexer      |        -|    -|       0|    564|    -|
|Register         |        -|    -|     299|      -|    -|
+-----------------+---------+-----+--------+-------+-----+
|Total            |        5|   39|    6625|   6031|    0|
+-----------------+---------+-----+--------+-------+-----+
|Available        |      270|  240|  126800|  63400|    0|
+-----------------+---------+-----+--------+-------+-----+
|Utilization (%)  |        1|   16|       5|      9|    0|
+-----------------+---------+-----+--------+-------+-----+

+ Detail: 
    * Instance: 
    +-----------------------------------------+------------------------------------+---------+----+------+------+-----+
    |                 Instance                |               Module               | BRAM_18K| DSP|  FF  |  LUT | URAM|
    +-----------------------------------------+------------------------------------+---------+----+------+------+-----+
    |faddfsub_32ns_32ns_32_5_full_dsp_1_U114  |faddfsub_32ns_32ns_32_5_full_dsp_1  |        0|   2|   205|   203|    0|
    |fmul_32ns_32ns_32_4_max_dsp_1_U115       |fmul_32ns_32ns_32_4_max_dsp_1       |        0|   3|   143|   134|    0|
    |grp_generic_tanh_float_s_fu_175          |generic_tanh_float_s                |        5|  34|  5978|  5048|    0|
    +-----------------------------------------+------------------------------------+---------+----+------+------+-----+
    |Total                                    |                                    |        5|  39|  6326|  5385|    0|
    +-----------------------------------------+------------------------------------+---------+----+------+------+-----+

    * DSP: 
    N/A

    * Memory: 
    N/A

    * FIFO: 
    N/A

    * Expression: 
    +----------------------+----------+----+---+----+------------+------------+
    |     Variable Name    | Operation| DSP| FF| LUT| Bitwidth P0| Bitwidth P1|
    +----------------------+----------+----+---+----+------------+------------+
    |add_ln267_fu_253_p2   |         +|   0|  0|  14|           6|           1|
    |add_ln270_fu_270_p2   |         +|   0|  0|  24|          17|           1|
    |ap_block_state10      |       and|   0|  0|   2|           1|           1|
    |icmp_ln267_fu_247_p2  |      icmp|   0|  0|  14|           6|           7|
    |icmp_ln270_fu_264_p2  |      icmp|   0|  0|  24|          17|          17|
    |ap_block_state1       |        or|   0|  0|   2|           1|           1|
    |ap_block_state1_io    |        or|   0|  0|   2|           1|           1|
    +----------------------+----------+----+---+----+------------+------------+
    |Total                 |          |   0|  0|  82|          49|          29|
    +----------------------+----------+----+---+----+------------+------------+

    * Multiplexer: 
    +-------------------+-----+-----------+-----+-----------+
    |        Name       | LUT | Input Size| Bits| Total Bits|
    +-------------------+-----+-----------+-----+-----------+
    |B3mem_blk_n_AR     |    9|          2|    1|          2|
    |B3mem_blk_n_R      |    9|          2|    1|          2|
    |W3mem_blk_n_AR     |    9|          2|    1|          2|
    |W3mem_blk_n_R      |    9|          2|    1|          2|
    |acc_1_reg_165      |    9|          2|   32|         64|
    |ap_NS_fsm          |  409|         85|    1|         85|
    |ap_done            |    9|          2|    1|          2|
    |grp_fu_188_ce      |    9|          2|    1|          2|
    |grp_fu_188_opcode  |   13|          3|    2|          6|
    |grp_fu_188_p0      |   13|          3|   32|         96|
    |grp_fu_188_p1      |   13|          3|   32|         96|
    |grp_fu_193_ce      |    9|          2|    1|          2|
    |grp_fu_193_p0      |   13|          3|   32|         96|
    |grp_fu_193_p1      |   13|          3|   32|         96|
    |i_reg_154          |    9|          2|   17|         34|
    |o_fu_88            |    9|          2|    6|         12|
    +-------------------+-----+-----------+-----+-----------+
    |Total              |  564|        120|  193|        599|
    +-------------------+-----+-----------+-----+-----------+

    * Register: 
    +----------------------------------------------+----+----+-----+-----------+
    |                     Name                     | FF | LUT| Bits| Const Bits|
    +----------------------------------------------+----+----+-----+-----------+
    |B3mem_addr_read_reg_320                       |  32|   0|   32|          0|
    |W3mem_addr_read_reg_353                       |  32|   0|   32|          0|
    |acc_1_reg_165                                 |  32|   0|   32|          0|
    |add_ln267_reg_315                             |   6|   0|    6|          0|
    |add_ln270_reg_338                             |  17|   0|   17|          0|
    |ap_CS_fsm                                     |  84|   0|   84|          0|
    |ap_done_reg                                   |   1|   0|    1|          0|
    |grp_generic_tanh_float_s_fu_175_ap_start_reg  |   1|   0|    1|          0|
    |i_reg_154                                     |  17|   0|   17|          0|
    |icmp_ln267_reg_311                            |   1|   0|    1|          0|
    |mul9_i_i_reg_363                              |  32|   0|   32|          0|
    |o_fu_88                                       |   6|   0|    6|          0|
    |vec1_load_reg_348                             |  32|   0|   32|          0|
    |zext_ln267_reg_325                            |   6|   0|   64|         58|
    +----------------------------------------------+----+----+-----+-----------+
    |Total                                         | 299|   0|  357|         58|
    +----------------------------------------------+----+----+-----+-----------+



================================================================
== Interface
================================================================
* Summary: 
+------------------------+-----+-----+------------+--------------+--------------+
|        RTL Ports       | Dir | Bits|  Protocol  | Source Object|    C Type    |
+------------------------+-----+-----+------------+--------------+--------------+
|ap_clk                  |   in|    1|  ap_ctrl_hs|           fc1|  return value|
|ap_rst                  |   in|    1|  ap_ctrl_hs|           fc1|  return value|
|ap_start                |   in|    1|  ap_ctrl_hs|           fc1|  return value|
|ap_done                 |  out|    1|  ap_ctrl_hs|           fc1|  return value|
|ap_continue             |   in|    1|  ap_ctrl_hs|           fc1|  return value|
|ap_idle                 |  out|    1|  ap_ctrl_hs|           fc1|  return value|
|ap_ready                |  out|    1|  ap_ctrl_hs|           fc1|  return value|
|m_axi_W3mem_0_AWVALID   |  out|    1|       m_axi|         W3mem|       pointer|
|m_axi_W3mem_0_AWREADY   |   in|    1|       m_axi|         W3mem|       pointer|
|m_axi_W3mem_0_AWADDR    |  out|   64|       m_axi|         W3mem|       pointer|
|m_axi_W3mem_0_AWID      |  out|    1|       m_axi|         W3mem|       pointer|
|m_axi_W3mem_0_AWLEN     |  out|   32|       m_axi|         W3mem|       pointer|
|m_axi_W3mem_0_AWSIZE    |  out|    3|       m_axi|         W3mem|       pointer|
|m_axi_W3mem_0_AWBURST   |  out|    2|       m_axi|         W3mem|       pointer|
|m_axi_W3mem_0_AWLOCK    |  out|    2|       m_axi|         W3mem|       pointer|
|m_axi_W3mem_0_AWCACHE   |  out|    4|       m_axi|         W3mem|       pointer|
|m_axi_W3mem_0_AWPROT    |  out|    3|       m_axi|         W3mem|       pointer|
|m_axi_W3mem_0_AWQOS     |  out|    4|       m_axi|         W3mem|       pointer|
|m_axi_W3mem_0_AWREGION  |  out|    4|       m_axi|         W3mem|       pointer|
|m_axi_W3mem_0_AWUSER    |  out|    1|       m_axi|         W3mem|       pointer|
|m_axi_W3mem_0_WVALID    |  out|    1|       m_axi|         W3mem|       pointer|
|m_axi_W3mem_0_WREADY    |   in|    1|       m_axi|         W3mem|       pointer|
|m_axi_W3mem_0_WDATA     |  out|   32|       m_axi|         W3mem|       pointer|
|m_axi_W3mem_0_WSTRB     |  out|    4|       m_axi|         W3mem|       pointer|
|m_axi_W3mem_0_WLAST     |  out|    1|       m_axi|         W3mem|       pointer|
|m_axi_W3mem_0_WID       |  out|    1|       m_axi|         W3mem|       pointer|
|m_axi_W3mem_0_WUSER     |  out|    1|       m_axi|         W3mem|       pointer|
|m_axi_W3mem_0_ARVALID   |  out|    1|       m_axi|         W3mem|       pointer|
|m_axi_W3mem_0_ARREADY   |   in|    1|       m_axi|         W3mem|       pointer|
|m_axi_W3mem_0_ARADDR    |  out|   64|       m_axi|         W3mem|       pointer|
|m_axi_W3mem_0_ARID      |  out|    1|       m_axi|         W3mem|       pointer|
|m_axi_W3mem_0_ARLEN     |  out|   32|       m_axi|         W3mem|       pointer|
|m_axi_W3mem_0_ARSIZE    |  out|    3|       m_axi|         W3mem|       pointer|
|m_axi_W3mem_0_ARBURST   |  out|    2|       m_axi|         W3mem|       pointer|
|m_axi_W3mem_0_ARLOCK    |  out|    2|       m_axi|         W3mem|       pointer|
|m_axi_W3mem_0_ARCACHE   |  out|    4|       m_axi|         W3mem|       pointer|
|m_axi_W3mem_0_ARPROT    |  out|    3|       m_axi|         W3mem|       pointer|
|m_axi_W3mem_0_ARQOS     |  out|    4|       m_axi|         W3mem|       pointer|
|m_axi_W3mem_0_ARREGION  |  out|    4|       m_axi|         W3mem|       pointer|
|m_axi_W3mem_0_ARUSER    |  out|    1|       m_axi|         W3mem|       pointer|
|m_axi_W3mem_0_RVALID    |   in|    1|       m_axi|         W3mem|       pointer|
|m_axi_W3mem_0_RREADY    |  out|    1|       m_axi|         W3mem|       pointer|
|m_axi_W3mem_0_RDATA     |   in|   32|       m_axi|         W3mem|       pointer|
|m_axi_W3mem_0_RLAST     |   in|    1|       m_axi|         W3mem|       pointer|
|m_axi_W3mem_0_RID       |   in|    1|       m_axi|         W3mem|       pointer|
|m_axi_W3mem_0_RFIFONUM  |   in|    9|       m_axi|         W3mem|       pointer|
|m_axi_W3mem_0_RUSER     |   in|    1|       m_axi|         W3mem|       pointer|
|m_axi_W3mem_0_RRESP     |   in|    2|       m_axi|         W3mem|       pointer|
|m_axi_W3mem_0_BVALID    |   in|    1|       m_axi|         W3mem|       pointer|
|m_axi_W3mem_0_BREADY    |  out|    1|       m_axi|         W3mem|       pointer|
|m_axi_W3mem_0_BRESP     |   in|    2|       m_axi|         W3mem|       pointer|
|m_axi_W3mem_0_BID       |   in|    1|       m_axi|         W3mem|       pointer|
|m_axi_W3mem_0_BUSER     |   in|    1|       m_axi|         W3mem|       pointer|
|FC1_W                   |   in|   64|     ap_none|         FC1_W|        scalar|
|m_axi_B3mem_0_AWVALID   |  out|    1|       m_axi|         B3mem|       pointer|
|m_axi_B3mem_0_AWREADY   |   in|    1|       m_axi|         B3mem|       pointer|
|m_axi_B3mem_0_AWADDR    |  out|   64|       m_axi|         B3mem|       pointer|
|m_axi_B3mem_0_AWID      |  out|    1|       m_axi|         B3mem|       pointer|
|m_axi_B3mem_0_AWLEN     |  out|   32|       m_axi|         B3mem|       pointer|
|m_axi_B3mem_0_AWSIZE    |  out|    3|       m_axi|         B3mem|       pointer|
|m_axi_B3mem_0_AWBURST   |  out|    2|       m_axi|         B3mem|       pointer|
|m_axi_B3mem_0_AWLOCK    |  out|    2|       m_axi|         B3mem|       pointer|
|m_axi_B3mem_0_AWCACHE   |  out|    4|       m_axi|         B3mem|       pointer|
|m_axi_B3mem_0_AWPROT    |  out|    3|       m_axi|         B3mem|       pointer|
|m_axi_B3mem_0_AWQOS     |  out|    4|       m_axi|         B3mem|       pointer|
|m_axi_B3mem_0_AWREGION  |  out|    4|       m_axi|         B3mem|       pointer|
|m_axi_B3mem_0_AWUSER    |  out|    1|       m_axi|         B3mem|       pointer|
|m_axi_B3mem_0_WVALID    |  out|    1|       m_axi|         B3mem|       pointer|
|m_axi_B3mem_0_WREADY    |   in|    1|       m_axi|         B3mem|       pointer|
|m_axi_B3mem_0_WDATA     |  out|   32|       m_axi|         B3mem|       pointer|
|m_axi_B3mem_0_WSTRB     |  out|    4|       m_axi|         B3mem|       pointer|
|m_axi_B3mem_0_WLAST     |  out|    1|       m_axi|         B3mem|       pointer|
|m_axi_B3mem_0_WID       |  out|    1|       m_axi|         B3mem|       pointer|
|m_axi_B3mem_0_WUSER     |  out|    1|       m_axi|         B3mem|       pointer|
|m_axi_B3mem_0_ARVALID   |  out|    1|       m_axi|         B3mem|       pointer|
|m_axi_B3mem_0_ARREADY   |   in|    1|       m_axi|         B3mem|       pointer|
|m_axi_B3mem_0_ARADDR    |  out|   64|       m_axi|         B3mem|       pointer|
|m_axi_B3mem_0_ARID      |  out|    1|       m_axi|         B3mem|       pointer|
|m_axi_B3mem_0_ARLEN     |  out|   32|       m_axi|         B3mem|       pointer|
|m_axi_B3mem_0_ARSIZE    |  out|    3|       m_axi|         B3mem|       pointer|
|m_axi_B3mem_0_ARBURST   |  out|    2|       m_axi|         B3mem|       pointer|
|m_axi_B3mem_0_ARLOCK    |  out|    2|       m_axi|         B3mem|       pointer|
|m_axi_B3mem_0_ARCACHE   |  out|    4|       m_axi|         B3mem|       pointer|
|m_axi_B3mem_0_ARPROT    |  out|    3|       m_axi|         B3mem|       pointer|
|m_axi_B3mem_0_ARQOS     |  out|    4|       m_axi|         B3mem|       pointer|
|m_axi_B3mem_0_ARREGION  |  out|    4|       m_axi|         B3mem|       pointer|
|m_axi_B3mem_0_ARUSER    |  out|    1|       m_axi|         B3mem|       pointer|
|m_axi_B3mem_0_RVALID    |   in|    1|       m_axi|         B3mem|       pointer|
|m_axi_B3mem_0_RREADY    |  out|    1|       m_axi|         B3mem|       pointer|
|m_axi_B3mem_0_RDATA     |   in|   32|       m_axi|         B3mem|       pointer|
|m_axi_B3mem_0_RLAST     |   in|    1|       m_axi|         B3mem|       pointer|
|m_axi_B3mem_0_RID       |   in|    1|       m_axi|         B3mem|       pointer|
|m_axi_B3mem_0_RFIFONUM  |   in|    9|       m_axi|         B3mem|       pointer|
|m_axi_B3mem_0_RUSER     |   in|    1|       m_axi|         B3mem|       pointer|
|m_axi_B3mem_0_RRESP     |   in|    2|       m_axi|         B3mem|       pointer|
|m_axi_B3mem_0_BVALID    |   in|    1|       m_axi|         B3mem|       pointer|
|m_axi_B3mem_0_BREADY    |  out|    1|       m_axi|         B3mem|       pointer|
|m_axi_B3mem_0_BRESP     |   in|    2|       m_axi|         B3mem|       pointer|
|m_axi_B3mem_0_BID       |   in|    1|       m_axi|         B3mem|       pointer|
|m_axi_B3mem_0_BUSER     |   in|    1|       m_axi|         B3mem|       pointer|
|FC1_B                   |   in|   64|     ap_none|         FC1_B|        scalar|
|vec1_address0           |  out|   17|   ap_memory|          vec1|         array|
|vec1_ce0                |  out|    1|   ap_memory|          vec1|         array|
|vec1_q0                 |   in|   32|   ap_memory|          vec1|         array|
|vec2_address0           |  out|    5|   ap_memory|          vec2|         array|
|vec2_ce0                |  out|    1|   ap_memory|          vec2|         array|
|vec2_we0                |  out|    1|   ap_memory|          vec2|         array|
|vec2_d0                 |  out|   32|   ap_memory|          vec2|         array|
+------------------------+-----+-----+------------+--------------+--------------+

