

================================================================
== Vitis HLS Report for 'fc2'
================================================================
* Date:           Tue Jul  8 00:40:08 2025

* Version:        2025.1 (Build 6135595 on May 21 2025)
* Project:        cnn_accel
* Solution:       hls (Vivado IP Flow Target)
* Product family: artix7
* Target device:  xc7a100t-fgg484-2L


================================================================
== Performance Estimates
================================================================
+ Timing: 
    * Summary: 
    +--------+----------+----------+------------+
    |  Clock |  Target  | Estimated| Uncertainty|
    +--------+----------+----------+------------+
    |ap_clk  |  10.00 ns|  7.838 ns|     2.70 ns|
    +--------+----------+----------+------------+

+ Latency: 
    * Summary: 
    +---------+---------+----------+----------+-----+-----+---------+
    |  Latency (cycles) |  Latency (absolute) |  Interval | Pipeline|
    |   min   |   max   |    min   |    max   | min | max |   Type  |
    +---------+---------+----------+----------+-----+-----+---------+
    |      179|      179|  1.790 us|  1.790 us|  179|  179|       no|
    +---------+---------+----------+----------+-----+-----+---------+

    + Detail: 
        * Instance: 
        +----------------------------------+-----------------------+---------+---------+----------+----------+-----+-----+------------------------------------------------+
        |                                  |                       |  Latency (cycles) |  Latency (absolute) |  Interval |                    Pipeline                    |
        |             Instance             |         Module        |   min   |   max   |    min   |    max   | min | max |                      Type                      |
        +----------------------------------+-----------------------+---------+---------+----------+----------+-----+-----+------------------------------------------------+
        |grp_fc2_Pipeline_FC2_LOOP_fu_149  |fc2_Pipeline_FC2_LOOP  |      135|      135|  1.350 us|  1.350 us|  128|  128|  loop auto-rewind stp (delay=0 clock cycles(s))|
        +----------------------------------+-----------------------+---------+---------+----------+----------+-----+-----+------------------------------------------------+

        * Loop: 
        N/A



================================================================
== Utilization Estimates
================================================================
* Summary: 
+-----------------+---------+-----+--------+-------+-----+
|       Name      | BRAM_18K| DSP |   FF   |  LUT  | URAM|
+-----------------+---------+-----+--------+-------+-----+
|DSP              |        -|    -|       -|      -|    -|
|Expression       |        -|    -|       0|     55|    -|
|FIFO             |        -|    -|       -|      -|    -|
|Instance         |        -|   12|     849|   1414|    -|
|Memory           |        -|    -|       -|      -|    -|
|Multiplexer      |        -|    -|       0|    428|    -|
|Register         |        -|    -|     336|      -|    -|
+-----------------+---------+-----+--------+-------+-----+
|Total            |        0|   12|    1185|   1897|    0|
+-----------------+---------+-----+--------+-------+-----+
|Available        |      270|  240|  126800|  63400|    0|
+-----------------+---------+-----+--------+-------+-----+
|Utilization (%)  |        0|    5|      ~0|      2|    0|
+-----------------+---------+-----+--------+-------+-----+

+ Detail: 
    * Instance: 
    +-------------------------------------+--------------------------------+---------+----+-----+-----+-----+
    |               Instance              |             Module             | BRAM_18K| DSP|  FF | LUT | URAM|
    +-------------------------------------+--------------------------------+---------+----+-----+-----+-----+
    |fadd_32ns_32ns_32_5_full_dsp_1_U130  |fadd_32ns_32ns_32_5_full_dsp_1  |        0|   2|  205|  203|    0|
    |grp_fc2_Pipeline_FC2_LOOP_fu_149     |fc2_Pipeline_FC2_LOOP           |        0|   3|  320|  307|    0|
    |fcmp_32ns_32ns_1_2_no_dsp_1_U132     |fcmp_32ns_32ns_1_2_no_dsp_1     |        0|   0|    0|    0|    0|
    |fdiv_32ns_32ns_32_12_no_dsp_1_U131   |fdiv_32ns_32ns_32_12_no_dsp_1   |        0|   0|    0|    0|    0|
    |fexp_32ns_32ns_32_8_full_dsp_1_U133  |fexp_32ns_32ns_32_8_full_dsp_1  |        0|   7|  324|  904|    0|
    +-------------------------------------+--------------------------------+---------+----+-----+-----+-----+
    |Total                                |                                |        0|  12|  849| 1414|    0|
    +-------------------------------------+--------------------------------+---------+----+-----+-----+-----+

    * DSP: 
    N/A

    * Memory: 
    N/A

    * FIFO: 
    N/A

    * Expression: 
    +------------------------+----------+----+---+----+------------+------------+
    |      Variable Name     | Operation| DSP| FF| LUT| Bitwidth P0| Bitwidth P1|
    +------------------------+----------+----+---+----+------------+------------+
    |flag_fu_295_p2          |       and|   0|  0|   2|           1|           1|
    |icmp_ln291_1_fu_285_p2  |      icmp|   0|  0|  30|          23|           1|
    |icmp_ln291_fu_279_p2    |      icmp|   0|  0|  15|           8|           2|
    |ap_block_state1         |        or|   0|  0|   2|           1|           1|
    |ap_block_state1_io      |        or|   0|  0|   2|           1|           1|
    |or_ln291_fu_291_p2      |        or|   0|  0|   2|           1|           1|
    |xor_ln290_fu_241_p2     |       xor|   0|  0|   2|           1|           2|
    +------------------------+----------+----+---+----+------------+------------+
    |Total                   |          |   0|  0|  55|          36|           9|
    +------------------------+----------+----+---+----+------------+------------+

    * Multiplexer: 
    +------------------------+-----+-----------+-----+-----------+
    |          Name          | LUT | Input Size| Bits| Total Bits|
    +------------------------+-----+-----------+-----+-----------+
    |B4mem_blk_n_AR          |    9|          2|    1|          2|
    |B4mem_blk_n_R           |    9|          2|    1|          2|
    |Foutmem_blk_n_AW        |    9|          2|    1|          2|
    |Foutmem_blk_n_B         |    9|          2|    1|          2|
    |Foutmem_blk_n_W         |    9|          2|    1|          2|
    |W4mem_blk_n_AR          |    9|          2|    1|          2|
    |ap_NS_fsm               |  201|         46|    1|         46|
    |ap_done                 |    9|          2|    1|          2|
    |grp_fu_160_ce           |    9|          2|    1|          2|
    |grp_fu_160_p0           |   13|          3|   32|         96|
    |grp_fu_160_p1           |   13|          3|   32|         96|
    |m_axi_W4mem_0_ARADDR    |   13|          3|   64|        192|
    |m_axi_W4mem_0_ARBURST   |    9|          2|    2|          4|
    |m_axi_W4mem_0_ARCACHE   |    9|          2|    4|          8|
    |m_axi_W4mem_0_ARID      |    9|          2|    1|          2|
    |m_axi_W4mem_0_ARLEN     |   13|          3|   32|         96|
    |m_axi_W4mem_0_ARLOCK    |    9|          2|    2|          4|
    |m_axi_W4mem_0_ARPROT    |    9|          2|    3|          6|
    |m_axi_W4mem_0_ARQOS     |    9|          2|    4|          8|
    |m_axi_W4mem_0_ARREGION  |    9|          2|    4|          8|
    |m_axi_W4mem_0_ARSIZE    |    9|          2|    3|          6|
    |m_axi_W4mem_0_ARUSER    |    9|          2|    1|          2|
    |m_axi_W4mem_0_ARVALID   |   13|          3|    1|          3|
    |m_axi_W4mem_0_RREADY    |    9|          2|    1|          2|
    +------------------------+-----+-----------+-----+-----------+
    |Total                   |  428|         97|  195|        595|
    +------------------------+-----+-----------+-----+-----------+

    * Register: 
    +-----------------------------------------------+----+----+-----+-----------+
    |                      Name                     | FF | LUT| Bits| Const Bits|
    +-----------------------------------------------+----+----+-----+-----------+
    |B4mem_addr_read_reg_334                        |  32|   0|   32|          0|
    |acc2_2_loc_fu_88                               |  32|   0|   32|          0|
    |acc2_reg_339                                   |  32|   0|   32|          0|
    |add4_i_i_reg_364                               |  32|   0|   32|          0|
    |ap_CS_fsm                                      |  45|   0|   45|          0|
    |ap_done_reg                                    |   1|   0|    1|          0|
    |flag_reg_385                                   |   1|   0|    1|          0|
    |grp_fc2_Pipeline_FC2_LOOP_fu_149_ap_start_reg  |   1|   0|    1|          0|
    |icmp_ln291_1_reg_380                           |   1|   0|    1|          0|
    |icmp_ln291_reg_375                             |   1|   0|    1|          0|
    |prob_reg_369                                   |  32|   0|   32|          0|
    |tmp_i_reg_359                                  |  32|   0|   32|          0|
    |trunc_ln290_reg_349                            |  31|   0|   31|          0|
    |trunc_ln_reg_324                               |  62|   0|   62|          0|
    |xor_ln290_reg_344                              |   1|   0|    1|          0|
    +-----------------------------------------------+----+----+-----+-----------+
    |Total                                          | 336|   0|  336|          0|
    +-----------------------------------------------+----+----+-----+-----------+



================================================================
== Interface
================================================================
* Summary: 
+--------------------------+-----+-----+------------+--------------+--------------+
|         RTL Ports        | Dir | Bits|  Protocol  | Source Object|    C Type    |
+--------------------------+-----+-----+------------+--------------+--------------+
|ap_clk                    |   in|    1|  ap_ctrl_hs|           fc2|  return value|
|ap_rst                    |   in|    1|  ap_ctrl_hs|           fc2|  return value|
|ap_start                  |   in|    1|  ap_ctrl_hs|           fc2|  return value|
|ap_done                   |  out|    1|  ap_ctrl_hs|           fc2|  return value|
|ap_continue               |   in|    1|  ap_ctrl_hs|           fc2|  return value|
|ap_idle                   |  out|    1|  ap_ctrl_hs|           fc2|  return value|
|ap_ready                  |  out|    1|  ap_ctrl_hs|           fc2|  return value|
|FC2_B                     |   in|   64|     ap_none|         FC2_B|        scalar|
|m_axi_B4mem_0_AWVALID     |  out|    1|       m_axi|         B4mem|       pointer|
|m_axi_B4mem_0_AWREADY     |   in|    1|       m_axi|         B4mem|       pointer|
|m_axi_B4mem_0_AWADDR      |  out|   64|       m_axi|         B4mem|       pointer|
|m_axi_B4mem_0_AWID        |  out|    1|       m_axi|         B4mem|       pointer|
|m_axi_B4mem_0_AWLEN       |  out|   32|       m_axi|         B4mem|       pointer|
|m_axi_B4mem_0_AWSIZE      |  out|    3|       m_axi|         B4mem|       pointer|
|m_axi_B4mem_0_AWBURST     |  out|    2|       m_axi|         B4mem|       pointer|
|m_axi_B4mem_0_AWLOCK      |  out|    2|       m_axi|         B4mem|       pointer|
|m_axi_B4mem_0_AWCACHE     |  out|    4|       m_axi|         B4mem|       pointer|
|m_axi_B4mem_0_AWPROT      |  out|    3|       m_axi|         B4mem|       pointer|
|m_axi_B4mem_0_AWQOS       |  out|    4|       m_axi|         B4mem|       pointer|
|m_axi_B4mem_0_AWREGION    |  out|    4|       m_axi|         B4mem|       pointer|
|m_axi_B4mem_0_AWUSER      |  out|    1|       m_axi|         B4mem|       pointer|
|m_axi_B4mem_0_WVALID      |  out|    1|       m_axi|         B4mem|       pointer|
|m_axi_B4mem_0_WREADY      |   in|    1|       m_axi|         B4mem|       pointer|
|m_axi_B4mem_0_WDATA       |  out|   32|       m_axi|         B4mem|       pointer|
|m_axi_B4mem_0_WSTRB       |  out|    4|       m_axi|         B4mem|       pointer|
|m_axi_B4mem_0_WLAST       |  out|    1|       m_axi|         B4mem|       pointer|
|m_axi_B4mem_0_WID         |  out|    1|       m_axi|         B4mem|       pointer|
|m_axi_B4mem_0_WUSER       |  out|    1|       m_axi|         B4mem|       pointer|
|m_axi_B4mem_0_ARVALID     |  out|    1|       m_axi|         B4mem|       pointer|
|m_axi_B4mem_0_ARREADY     |   in|    1|       m_axi|         B4mem|       pointer|
|m_axi_B4mem_0_ARADDR      |  out|   64|       m_axi|         B4mem|       pointer|
|m_axi_B4mem_0_ARID        |  out|    1|       m_axi|         B4mem|       pointer|
|m_axi_B4mem_0_ARLEN       |  out|   32|       m_axi|         B4mem|       pointer|
|m_axi_B4mem_0_ARSIZE      |  out|    3|       m_axi|         B4mem|       pointer|
|m_axi_B4mem_0_ARBURST     |  out|    2|       m_axi|         B4mem|       pointer|
|m_axi_B4mem_0_ARLOCK      |  out|    2|       m_axi|         B4mem|       pointer|
|m_axi_B4mem_0_ARCACHE     |  out|    4|       m_axi|         B4mem|       pointer|
|m_axi_B4mem_0_ARPROT      |  out|    3|       m_axi|         B4mem|       pointer|
|m_axi_B4mem_0_ARQOS       |  out|    4|       m_axi|         B4mem|       pointer|
|m_axi_B4mem_0_ARREGION    |  out|    4|       m_axi|         B4mem|       pointer|
|m_axi_B4mem_0_ARUSER      |  out|    1|       m_axi|         B4mem|       pointer|
|m_axi_B4mem_0_RVALID      |   in|    1|       m_axi|         B4mem|       pointer|
|m_axi_B4mem_0_RREADY      |  out|    1|       m_axi|         B4mem|       pointer|
|m_axi_B4mem_0_RDATA       |   in|   32|       m_axi|         B4mem|       pointer|
|m_axi_B4mem_0_RLAST       |   in|    1|       m_axi|         B4mem|       pointer|
|m_axi_B4mem_0_RID         |   in|    1|       m_axi|         B4mem|       pointer|
|m_axi_B4mem_0_RFIFONUM    |   in|    9|       m_axi|         B4mem|       pointer|
|m_axi_B4mem_0_RUSER       |   in|    1|       m_axi|         B4mem|       pointer|
|m_axi_B4mem_0_RRESP       |   in|    2|       m_axi|         B4mem|       pointer|
|m_axi_B4mem_0_BVALID      |   in|    1|       m_axi|         B4mem|       pointer|
|m_axi_B4mem_0_BREADY      |  out|    1|       m_axi|         B4mem|       pointer|
|m_axi_B4mem_0_BRESP       |   in|    2|       m_axi|         B4mem|       pointer|
|m_axi_B4mem_0_BID         |   in|    1|       m_axi|         B4mem|       pointer|
|m_axi_B4mem_0_BUSER       |   in|    1|       m_axi|         B4mem|       pointer|
|m_axi_W4mem_0_AWVALID     |  out|    1|       m_axi|         W4mem|       pointer|
|m_axi_W4mem_0_AWREADY     |   in|    1|       m_axi|         W4mem|       pointer|
|m_axi_W4mem_0_AWADDR      |  out|   64|       m_axi|         W4mem|       pointer|
|m_axi_W4mem_0_AWID        |  out|    1|       m_axi|         W4mem|       pointer|
|m_axi_W4mem_0_AWLEN       |  out|   32|       m_axi|         W4mem|       pointer|
|m_axi_W4mem_0_AWSIZE      |  out|    3|       m_axi|         W4mem|       pointer|
|m_axi_W4mem_0_AWBURST     |  out|    2|       m_axi|         W4mem|       pointer|
|m_axi_W4mem_0_AWLOCK      |  out|    2|       m_axi|         W4mem|       pointer|
|m_axi_W4mem_0_AWCACHE     |  out|    4|       m_axi|         W4mem|       pointer|
|m_axi_W4mem_0_AWPROT      |  out|    3|       m_axi|         W4mem|       pointer|
|m_axi_W4mem_0_AWQOS       |  out|    4|       m_axi|         W4mem|       pointer|
|m_axi_W4mem_0_AWREGION    |  out|    4|       m_axi|         W4mem|       pointer|
|m_axi_W4mem_0_AWUSER      |  out|    1|       m_axi|         W4mem|       pointer|
|m_axi_W4mem_0_WVALID      |  out|    1|       m_axi|         W4mem|       pointer|
|m_axi_W4mem_0_WREADY      |   in|    1|       m_axi|         W4mem|       pointer|
|m_axi_W4mem_0_WDATA       |  out|   32|       m_axi|         W4mem|       pointer|
|m_axi_W4mem_0_WSTRB       |  out|    4|       m_axi|         W4mem|       pointer|
|m_axi_W4mem_0_WLAST       |  out|    1|       m_axi|         W4mem|       pointer|
|m_axi_W4mem_0_WID         |  out|    1|       m_axi|         W4mem|       pointer|
|m_axi_W4mem_0_WUSER       |  out|    1|       m_axi|         W4mem|       pointer|
|m_axi_W4mem_0_ARVALID     |  out|    1|       m_axi|         W4mem|       pointer|
|m_axi_W4mem_0_ARREADY     |   in|    1|       m_axi|         W4mem|       pointer|
|m_axi_W4mem_0_ARADDR      |  out|   64|       m_axi|         W4mem|       pointer|
|m_axi_W4mem_0_ARID        |  out|    1|       m_axi|         W4mem|       pointer|
|m_axi_W4mem_0_ARLEN       |  out|   32|       m_axi|         W4mem|       pointer|
|m_axi_W4mem_0_ARSIZE      |  out|    3|       m_axi|         W4mem|       pointer|
|m_axi_W4mem_0_ARBURST     |  out|    2|       m_axi|         W4mem|       pointer|
|m_axi_W4mem_0_ARLOCK      |  out|    2|       m_axi|         W4mem|       pointer|
|m_axi_W4mem_0_ARCACHE     |  out|    4|       m_axi|         W4mem|       pointer|
|m_axi_W4mem_0_ARPROT      |  out|    3|       m_axi|         W4mem|       pointer|
|m_axi_W4mem_0_ARQOS       |  out|    4|       m_axi|         W4mem|       pointer|
|m_axi_W4mem_0_ARREGION    |  out|    4|       m_axi|         W4mem|       pointer|
|m_axi_W4mem_0_ARUSER      |  out|    1|       m_axi|         W4mem|       pointer|
|m_axi_W4mem_0_RVALID      |   in|    1|       m_axi|         W4mem|       pointer|
|m_axi_W4mem_0_RREADY      |  out|    1|       m_axi|         W4mem|       pointer|
|m_axi_W4mem_0_RDATA       |   in|   32|       m_axi|         W4mem|       pointer|
|m_axi_W4mem_0_RLAST       |   in|    1|       m_axi|         W4mem|       pointer|
|m_axi_W4mem_0_RID         |   in|    1|       m_axi|         W4mem|       pointer|
|m_axi_W4mem_0_RFIFONUM    |   in|    9|       m_axi|         W4mem|       pointer|
|m_axi_W4mem_0_RUSER       |   in|    1|       m_axi|         W4mem|       pointer|
|m_axi_W4mem_0_RRESP       |   in|    2|       m_axi|         W4mem|       pointer|
|m_axi_W4mem_0_BVALID      |   in|    1|       m_axi|         W4mem|       pointer|
|m_axi_W4mem_0_BREADY      |  out|    1|       m_axi|         W4mem|       pointer|
|m_axi_W4mem_0_BRESP       |   in|    2|       m_axi|         W4mem|       pointer|
|m_axi_W4mem_0_BID         |   in|    1|       m_axi|         W4mem|       pointer|
|m_axi_W4mem_0_BUSER       |   in|    1|       m_axi|         W4mem|       pointer|
|FC2_W                     |   in|   64|     ap_none|         FC2_W|        scalar|
|m_axi_Foutmem_0_AWVALID   |  out|    1|       m_axi|       Foutmem|       pointer|
|m_axi_Foutmem_0_AWREADY   |   in|    1|       m_axi|       Foutmem|       pointer|
|m_axi_Foutmem_0_AWADDR    |  out|   64|       m_axi|       Foutmem|       pointer|
|m_axi_Foutmem_0_AWID      |  out|    1|       m_axi|       Foutmem|       pointer|
|m_axi_Foutmem_0_AWLEN     |  out|   32|       m_axi|       Foutmem|       pointer|
|m_axi_Foutmem_0_AWSIZE    |  out|    3|       m_axi|       Foutmem|       pointer|
|m_axi_Foutmem_0_AWBURST   |  out|    2|       m_axi|       Foutmem|       pointer|
|m_axi_Foutmem_0_AWLOCK    |  out|    2|       m_axi|       Foutmem|       pointer|
|m_axi_Foutmem_0_AWCACHE   |  out|    4|       m_axi|       Foutmem|       pointer|
|m_axi_Foutmem_0_AWPROT    |  out|    3|       m_axi|       Foutmem|       pointer|
|m_axi_Foutmem_0_AWQOS     |  out|    4|       m_axi|       Foutmem|       pointer|
|m_axi_Foutmem_0_AWREGION  |  out|    4|       m_axi|       Foutmem|       pointer|
|m_axi_Foutmem_0_AWUSER    |  out|    1|       m_axi|       Foutmem|       pointer|
|m_axi_Foutmem_0_WVALID    |  out|    1|       m_axi|       Foutmem|       pointer|
|m_axi_Foutmem_0_WREADY    |   in|    1|       m_axi|       Foutmem|       pointer|
|m_axi_Foutmem_0_WDATA     |  out|    8|       m_axi|       Foutmem|       pointer|
|m_axi_Foutmem_0_WSTRB     |  out|    1|       m_axi|       Foutmem|       pointer|
|m_axi_Foutmem_0_WLAST     |  out|    1|       m_axi|       Foutmem|       pointer|
|m_axi_Foutmem_0_WID       |  out|    1|       m_axi|       Foutmem|       pointer|
|m_axi_Foutmem_0_WUSER     |  out|    1|       m_axi|       Foutmem|       pointer|
|m_axi_Foutmem_0_ARVALID   |  out|    1|       m_axi|       Foutmem|       pointer|
|m_axi_Foutmem_0_ARREADY   |   in|    1|       m_axi|       Foutmem|       pointer|
|m_axi_Foutmem_0_ARADDR    |  out|   64|       m_axi|       Foutmem|       pointer|
|m_axi_Foutmem_0_ARID      |  out|    1|       m_axi|       Foutmem|       pointer|
|m_axi_Foutmem_0_ARLEN     |  out|   32|       m_axi|       Foutmem|       pointer|
|m_axi_Foutmem_0_ARSIZE    |  out|    3|       m_axi|       Foutmem|       pointer|
|m_axi_Foutmem_0_ARBURST   |  out|    2|       m_axi|       Foutmem|       pointer|
|m_axi_Foutmem_0_ARLOCK    |  out|    2|       m_axi|       Foutmem|       pointer|
|m_axi_Foutmem_0_ARCACHE   |  out|    4|       m_axi|       Foutmem|       pointer|
|m_axi_Foutmem_0_ARPROT    |  out|    3|       m_axi|       Foutmem|       pointer|
|m_axi_Foutmem_0_ARQOS     |  out|    4|       m_axi|       Foutmem|       pointer|
|m_axi_Foutmem_0_ARREGION  |  out|    4|       m_axi|       Foutmem|       pointer|
|m_axi_Foutmem_0_ARUSER    |  out|    1|       m_axi|       Foutmem|       pointer|
|m_axi_Foutmem_0_RVALID    |   in|    1|       m_axi|       Foutmem|       pointer|
|m_axi_Foutmem_0_RREADY    |  out|    1|       m_axi|       Foutmem|       pointer|
|m_axi_Foutmem_0_RDATA     |   in|    8|       m_axi|       Foutmem|       pointer|
|m_axi_Foutmem_0_RLAST     |   in|    1|       m_axi|       Foutmem|       pointer|
|m_axi_Foutmem_0_RID       |   in|    1|       m_axi|       Foutmem|       pointer|
|m_axi_Foutmem_0_RFIFONUM  |   in|   11|       m_axi|       Foutmem|       pointer|
|m_axi_Foutmem_0_RUSER     |   in|    1|       m_axi|       Foutmem|       pointer|
|m_axi_Foutmem_0_RRESP     |   in|    2|       m_axi|       Foutmem|       pointer|
|m_axi_Foutmem_0_BVALID    |   in|    1|       m_axi|       Foutmem|       pointer|
|m_axi_Foutmem_0_BREADY    |  out|    1|       m_axi|       Foutmem|       pointer|
|m_axi_Foutmem_0_BRESP     |   in|    2|       m_axi|       Foutmem|       pointer|
|m_axi_Foutmem_0_BID       |   in|    1|       m_axi|       Foutmem|       pointer|
|m_axi_Foutmem_0_BUSER     |   in|    1|       m_axi|       Foutmem|       pointer|
|flag_out                  |   in|   64|     ap_none|      flag_out|        scalar|
|vec2_address0             |  out|    5|   ap_memory|          vec2|         array|
|vec2_ce0                  |  out|    1|   ap_memory|          vec2|         array|
|vec2_q0                   |   in|   32|   ap_memory|          vec2|         array|
+--------------------------+-----+-----+------------+--------------+--------------+

