

================================================================
== Vitis HLS Report for 'fc2'
================================================================
* Date:           Wed Jul  9 22:27:43 2025

* Version:        2025.1 (Build 6135595 on May 21 2025)
* Project:        cnn_accel
* Solution:       hls (Vivado IP Flow Target)
* Product family: artix7
* Target device:  xc7a100t-fgg484-2L


================================================================
== Performance Estimates
================================================================
+ Timing: 
    * Summary: 
    +--------+----------+----------+------------+
    |  Clock |  Target  | Estimated| Uncertainty|
    +--------+----------+----------+------------+
    |ap_clk  |  10.00 ns|  7.300 ns|     2.70 ns|
    +--------+----------+----------+------------+

+ Latency: 
    * Summary: 
    +---------+---------+-----------+-----------+-----+-----+---------+
    |  Latency (cycles) |   Latency (absolute)  |  Interval | Pipeline|
    |   min   |   max   |    min    |    max    | min | max |   Type  |
    +---------+---------+-----------+-----------+-----+-----+---------+
    |        6|        6|  60.000 ns|  60.000 ns|    6|    6|       no|
    +---------+---------+-----------+-----------+-----+-----+---------+

    + Detail: 
        * Instance: 
        N/A

        * Loop: 
        N/A



================================================================
== Utilization Estimates
================================================================
* Summary: 
+-----------------+---------+-----+--------+-------+-----+
|       Name      | BRAM_18K| DSP |   FF   |  LUT  | URAM|
+-----------------+---------+-----+--------+-------+-----+
|DSP              |        -|    -|       -|      -|    -|
|Expression       |        -|    -|       -|      -|    -|
|FIFO             |        -|    -|       -|      -|    -|
|Instance         |        -|    -|       -|      -|    -|
|Memory           |        -|    -|       -|      -|    -|
|Multiplexer      |        -|    -|       0|     60|    -|
|Register         |        -|    -|       7|      -|    -|
+-----------------+---------+-----+--------+-------+-----+
|Total            |        0|    0|       7|     60|    0|
+-----------------+---------+-----+--------+-------+-----+
|Available        |      270|  240|  126800|  63400|    0|
+-----------------+---------+-----+--------+-------+-----+
|Utilization (%)  |        0|    0|      ~0|     ~0|    0|
+-----------------+---------+-----+--------+-------+-----+

+ Detail: 
    * Instance: 
    N/A

    * DSP: 
    N/A

    * Memory: 
    N/A

    * FIFO: 
    N/A

    * Expression: 
    N/A

    * Multiplexer: 
    +------------------+----+-----------+-----+-----------+
    |       Name       | LUT| Input Size| Bits| Total Bits|
    +------------------+----+-----------+-----+-----------+
    |Foutmem_blk_n_AW  |   9|          2|    1|          2|
    |Foutmem_blk_n_B   |   9|          2|    1|          2|
    |Foutmem_blk_n_W   |   9|          2|    1|          2|
    |ap_NS_fsm         |  33|          8|    1|          8|
    +------------------+----+-----------+-----+-----------+
    |Total             |  60|         14|    4|         14|
    +------------------+----+-----------+-----+-----------+

    * Register: 
    +-----------+---+----+-----+-----------+
    |    Name   | FF| LUT| Bits| Const Bits|
    +-----------+---+----+-----+-----------+
    |ap_CS_fsm  |  7|   0|    7|          0|
    +-----------+---+----+-----+-----------+
    |Total      |  7|   0|    7|          0|
    +-----------+---+----+-----+-----------+



================================================================
== Interface
================================================================
* Summary: 
+--------------------------+-----+-----+------------+--------------+--------------+
|         RTL Ports        | Dir | Bits|  Protocol  | Source Object|    C Type    |
+--------------------------+-----+-----+------------+--------------+--------------+
|ap_clk                    |   in|    1|  ap_ctrl_hs|           fc2|  return value|
|ap_rst                    |   in|    1|  ap_ctrl_hs|           fc2|  return value|
|ap_start                  |   in|    1|  ap_ctrl_hs|           fc2|  return value|
|ap_done                   |  out|    1|  ap_ctrl_hs|           fc2|  return value|
|ap_idle                   |  out|    1|  ap_ctrl_hs|           fc2|  return value|
|ap_ready                  |  out|    1|  ap_ctrl_hs|           fc2|  return value|
|m_axi_Foutmem_0_AWVALID   |  out|    1|       m_axi|       Foutmem|       pointer|
|m_axi_Foutmem_0_AWREADY   |   in|    1|       m_axi|       Foutmem|       pointer|
|m_axi_Foutmem_0_AWADDR    |  out|   64|       m_axi|       Foutmem|       pointer|
|m_axi_Foutmem_0_AWID      |  out|    1|       m_axi|       Foutmem|       pointer|
|m_axi_Foutmem_0_AWLEN     |  out|   32|       m_axi|       Foutmem|       pointer|
|m_axi_Foutmem_0_AWSIZE    |  out|    3|       m_axi|       Foutmem|       pointer|
|m_axi_Foutmem_0_AWBURST   |  out|    2|       m_axi|       Foutmem|       pointer|
|m_axi_Foutmem_0_AWLOCK    |  out|    2|       m_axi|       Foutmem|       pointer|
|m_axi_Foutmem_0_AWCACHE   |  out|    4|       m_axi|       Foutmem|       pointer|
|m_axi_Foutmem_0_AWPROT    |  out|    3|       m_axi|       Foutmem|       pointer|
|m_axi_Foutmem_0_AWQOS     |  out|    4|       m_axi|       Foutmem|       pointer|
|m_axi_Foutmem_0_AWREGION  |  out|    4|       m_axi|       Foutmem|       pointer|
|m_axi_Foutmem_0_AWUSER    |  out|    1|       m_axi|       Foutmem|       pointer|
|m_axi_Foutmem_0_WVALID    |  out|    1|       m_axi|       Foutmem|       pointer|
|m_axi_Foutmem_0_WREADY    |   in|    1|       m_axi|       Foutmem|       pointer|
|m_axi_Foutmem_0_WDATA     |  out|    8|       m_axi|       Foutmem|       pointer|
|m_axi_Foutmem_0_WSTRB     |  out|    1|       m_axi|       Foutmem|       pointer|
|m_axi_Foutmem_0_WLAST     |  out|    1|       m_axi|       Foutmem|       pointer|
|m_axi_Foutmem_0_WID       |  out|    1|       m_axi|       Foutmem|       pointer|
|m_axi_Foutmem_0_WUSER     |  out|    1|       m_axi|       Foutmem|       pointer|
|m_axi_Foutmem_0_ARVALID   |  out|    1|       m_axi|       Foutmem|       pointer|
|m_axi_Foutmem_0_ARREADY   |   in|    1|       m_axi|       Foutmem|       pointer|
|m_axi_Foutmem_0_ARADDR    |  out|   64|       m_axi|       Foutmem|       pointer|
|m_axi_Foutmem_0_ARID      |  out|    1|       m_axi|       Foutmem|       pointer|
|m_axi_Foutmem_0_ARLEN     |  out|   32|       m_axi|       Foutmem|       pointer|
|m_axi_Foutmem_0_ARSIZE    |  out|    3|       m_axi|       Foutmem|       pointer|
|m_axi_Foutmem_0_ARBURST   |  out|    2|       m_axi|       Foutmem|       pointer|
|m_axi_Foutmem_0_ARLOCK    |  out|    2|       m_axi|       Foutmem|       pointer|
|m_axi_Foutmem_0_ARCACHE   |  out|    4|       m_axi|       Foutmem|       pointer|
|m_axi_Foutmem_0_ARPROT    |  out|    3|       m_axi|       Foutmem|       pointer|
|m_axi_Foutmem_0_ARQOS     |  out|    4|       m_axi|       Foutmem|       pointer|
|m_axi_Foutmem_0_ARREGION  |  out|    4|       m_axi|       Foutmem|       pointer|
|m_axi_Foutmem_0_ARUSER    |  out|    1|       m_axi|       Foutmem|       pointer|
|m_axi_Foutmem_0_RVALID    |   in|    1|       m_axi|       Foutmem|       pointer|
|m_axi_Foutmem_0_RREADY    |  out|    1|       m_axi|       Foutmem|       pointer|
|m_axi_Foutmem_0_RDATA     |   in|    8|       m_axi|       Foutmem|       pointer|
|m_axi_Foutmem_0_RLAST     |   in|    1|       m_axi|       Foutmem|       pointer|
|m_axi_Foutmem_0_RID       |   in|    1|       m_axi|       Foutmem|       pointer|
|m_axi_Foutmem_0_RFIFONUM  |   in|   11|       m_axi|       Foutmem|       pointer|
|m_axi_Foutmem_0_RUSER     |   in|    1|       m_axi|       Foutmem|       pointer|
|m_axi_Foutmem_0_RRESP     |   in|    2|       m_axi|       Foutmem|       pointer|
|m_axi_Foutmem_0_BVALID    |   in|    1|       m_axi|       Foutmem|       pointer|
|m_axi_Foutmem_0_BREADY    |  out|    1|       m_axi|       Foutmem|       pointer|
|m_axi_Foutmem_0_BRESP     |   in|    2|       m_axi|       Foutmem|       pointer|
|m_axi_Foutmem_0_BID       |   in|    1|       m_axi|       Foutmem|       pointer|
|m_axi_Foutmem_0_BUSER     |   in|    1|       m_axi|       Foutmem|       pointer|
|flag_out                  |   in|   64|     ap_none|      flag_out|        scalar|
+--------------------------+-----+-----+------------+--------------+--------------+

