

================================================================
== Vitis HLS Report for 'fc2_Pipeline_FC2_LOOP'
================================================================
* Date:           Tue Jul  8 00:40:07 2025

* Version:        2025.1 (Build 6135595 on May 21 2025)
* Project:        cnn_accel
* Solution:       hls (Vivado IP Flow Target)
* Product family: artix7
* Target device:  xc7a100t-fgg484-2L


================================================================
== Performance Estimates
================================================================
+ Timing: 
    * Summary: 
    +--------+----------+----------+------------+
    |  Clock |  Target  | Estimated| Uncertainty|
    +--------+----------+----------+------------+
    |ap_clk  |  10.00 ns|  7.838 ns|     2.70 ns|
    +--------+----------+----------+------------+

+ Latency: 
    * Summary: 
    +---------+---------+----------+----------+-----+-----+------------------------------------------------+
    |  Latency (cycles) |  Latency (absolute) |  Interval |                    Pipeline                    |
    |   min   |   max   |    min   |    max   | min | max |                      Type                      |
    +---------+---------+----------+----------+-----+-----+------------------------------------------------+
    |      135|      135|  1.350 us|  1.350 us|  128|  128|  loop auto-rewind stp (delay=0 clock cycles(s))|
    +---------+---------+----------+----------+-----+-----+------------------------------------------------+

    + Detail: 
        * Instance: 
        N/A

        * Loop: 
        +------------+---------+---------+----------+-----------+-----------+------+----------+
        |            |  Latency (cycles) | Iteration|  Initiation Interval  | Trip |          |
        |  Loop Name |   min   |   max   |  Latency |  achieved |   target  | Count| Pipelined|
        +------------+---------+---------+----------+-----------+-----------+------+----------+
        |- FC2_LOOP  |      133|      133|        10|          4|          3|    32|       yes|
        +------------+---------+---------+----------+-----------+-----------+------+----------+



================================================================
== Utilization Estimates
================================================================
* Summary: 
+-----------------+---------+-----+--------+-------+-----+
|       Name      | BRAM_18K| DSP |   FF   |  LUT  | URAM|
+-----------------+---------+-----+--------+-------+-----+
|DSP              |        -|    -|       -|      -|    -|
|Expression       |        -|    -|       0|     30|    -|
|FIFO             |        -|    -|       -|      -|    -|
|Instance         |        -|    3|     143|    134|    -|
|Memory           |        -|    -|       -|      -|    -|
|Multiplexer      |        -|    -|       0|    111|    -|
|Register         |        -|    -|     177|     32|    -|
+-----------------+---------+-----+--------+-------+-----+
|Total            |        0|    3|     320|    307|    0|
+-----------------+---------+-----+--------+-------+-----+
|Available        |      270|  240|  126800|  63400|    0|
+-----------------+---------+-----+--------+-------+-----+
|Utilization (%)  |        0|    1|      ~0|     ~0|    0|
+-----------------+---------+-----+--------+-------+-----+

+ Detail: 
    * Instance: 
    +------------------------------------+-------------------------------+---------+----+-----+-----+-----+
    |              Instance              |             Module            | BRAM_18K| DSP|  FF | LUT | URAM|
    +------------------------------------+-------------------------------+---------+----+-----+-----+-----+
    |fmul_32ns_32ns_32_4_max_dsp_1_U124  |fmul_32ns_32ns_32_4_max_dsp_1  |        0|   3|  143|  134|    0|
    +------------------------------------+-------------------------------+---------+----+-----+-----+-----+
    |Total                               |                               |        0|   3|  143|  134|    0|
    +------------------------------------+-------------------------------+---------+----+-----+-----+-----+

    * DSP: 
    N/A

    * Memory: 
    N/A

    * FIFO: 
    N/A

    * Expression: 
    +---------------------------+----------+----+---+----+------------+------------+
    |       Variable Name       | Operation| DSP| FF| LUT| Bitwidth P0| Bitwidth P1|
    +---------------------------+----------+----+---+----+------------+------------+
    |i_fu_142_p2                |         +|   0|  0|  13|           5|           1|
    |ap_block_pp0_stage0_11001  |       and|   0|  0|   2|           1|           1|
    |icmp_ln286_fu_148_p2       |      icmp|   0|  0|  13|           5|           2|
    |ap_enable_pp0              |       xor|   0|  0|   2|           1|           2|
    +---------------------------+----------+----+---+----+------------+------------+
    |Total                      |          |   0|  0|  30|          12|           6|
    +---------------------------+----------+----+---+----+------------+------------+

    * Multiplexer: 
    +----------------------------------+----+-----------+-----+-----------+
    |               Name               | LUT| Input Size| Bits| Total Bits|
    +----------------------------------+----+-----------+-----+-----------+
    |W4mem_blk_n_R                     |   9|          2|    1|          2|
    |acc2_113_fu_62                    |   9|          2|   32|         64|
    |ap_NS_fsm                         |  21|          5|    1|          5|
    |ap_done_int                       |   9|          2|    1|          2|
    |ap_enable_reg_pp0_iter0           |   9|          2|    1|          2|
    |ap_enable_reg_pp0_iter2           |   9|          2|    1|          2|
    |ap_loop_exit_ready_pp0_iter1_reg  |   9|          2|    1|          2|
    |ap_loop_exit_ready_pp0_iter2_reg  |   9|          2|    1|          2|
    |ap_sig_allocacmp_acc2_113_load    |   9|          2|   32|         64|
    |ap_sig_allocacmp_i12_load         |   9|          2|    5|         10|
    |i12_fu_58                         |   9|          2|    5|         10|
    +----------------------------------+----+-----------+-----+-----------+
    |Total                             | 111|         25|   81|        165|
    +----------------------------------+----+-----------+-----+-----------+

    * Register: 
    +-------------------------------------------+----+----+-----+-----------+
    |                    Name                   | FF | LUT| Bits| Const Bits|
    +-------------------------------------------+----+----+-----+-----------+
    |W4mem_addr_read_reg_191                    |  32|   0|   32|          0|
    |acc2_113_fu_62                             |  32|   0|   32|          0|
    |ap_CS_fsm                                  |   4|   0|    4|          0|
    |ap_block_pp0_stage0_subdone_grp0_done_reg  |   1|   0|    1|          0|
    |ap_done_reg                                |   1|   0|    1|          0|
    |ap_enable_reg_pp0_iter0_reg                |   1|   0|    1|          0|
    |ap_enable_reg_pp0_iter1                    |   1|   0|    1|          0|
    |ap_enable_reg_pp0_iter2                    |   1|   0|    1|          0|
    |ap_loop_exit_ready_pp0_iter1_reg           |   1|   0|    1|          0|
    |ap_loop_exit_ready_pp0_iter2_reg           |   1|   0|    1|          0|
    |i12_fu_58                                  |   5|   0|    5|          0|
    |icmp_ln286_reg_196                         |   1|   0|    1|          0|
    |mul_i_i_reg_210                            |  32|   0|   32|          0|
    |icmp_ln286_reg_196                         |  64|  32|    1|          0|
    +-------------------------------------------+----+----+-----+-----------+
    |Total                                      | 177|  32|  114|          0|
    +-------------------------------------------+----+----+-----+-----------+



================================================================
== Interface
================================================================
* Summary: 
+------------------------+-----+-----+------------+-----------------------+--------------+
|        RTL Ports       | Dir | Bits|  Protocol  |     Source Object     |    C Type    |
+------------------------+-----+-----+------------+-----------------------+--------------+
|ap_clk                  |   in|    1|  ap_ctrl_hs|  fc2_Pipeline_FC2_LOOP|  return value|
|ap_rst                  |   in|    1|  ap_ctrl_hs|  fc2_Pipeline_FC2_LOOP|  return value|
|ap_start                |   in|    1|  ap_ctrl_hs|  fc2_Pipeline_FC2_LOOP|  return value|
|ap_done                 |  out|    1|  ap_ctrl_hs|  fc2_Pipeline_FC2_LOOP|  return value|
|ap_idle                 |  out|    1|  ap_ctrl_hs|  fc2_Pipeline_FC2_LOOP|  return value|
|ap_ready                |  out|    1|  ap_ctrl_hs|  fc2_Pipeline_FC2_LOOP|  return value|
|grp_fu_160_p_din0       |  out|   32|  ap_ctrl_hs|  fc2_Pipeline_FC2_LOOP|  return value|
|grp_fu_160_p_din1       |  out|   32|  ap_ctrl_hs|  fc2_Pipeline_FC2_LOOP|  return value|
|grp_fu_160_p_opcode     |  out|    2|  ap_ctrl_hs|  fc2_Pipeline_FC2_LOOP|  return value|
|grp_fu_160_p_dout0      |   in|   32|  ap_ctrl_hs|  fc2_Pipeline_FC2_LOOP|  return value|
|grp_fu_160_p_ce         |  out|    1|  ap_ctrl_hs|  fc2_Pipeline_FC2_LOOP|  return value|
|acc2                    |   in|   32|     ap_none|                   acc2|        scalar|
|m_axi_W4mem_0_AWVALID   |  out|    1|       m_axi|                  W4mem|       pointer|
|m_axi_W4mem_0_AWREADY   |   in|    1|       m_axi|                  W4mem|       pointer|
|m_axi_W4mem_0_AWADDR    |  out|   64|       m_axi|                  W4mem|       pointer|
|m_axi_W4mem_0_AWID      |  out|    1|       m_axi|                  W4mem|       pointer|
|m_axi_W4mem_0_AWLEN     |  out|   32|       m_axi|                  W4mem|       pointer|
|m_axi_W4mem_0_AWSIZE    |  out|    3|       m_axi|                  W4mem|       pointer|
|m_axi_W4mem_0_AWBURST   |  out|    2|       m_axi|                  W4mem|       pointer|
|m_axi_W4mem_0_AWLOCK    |  out|    2|       m_axi|                  W4mem|       pointer|
|m_axi_W4mem_0_AWCACHE   |  out|    4|       m_axi|                  W4mem|       pointer|
|m_axi_W4mem_0_AWPROT    |  out|    3|       m_axi|                  W4mem|       pointer|
|m_axi_W4mem_0_AWQOS     |  out|    4|       m_axi|                  W4mem|       pointer|
|m_axi_W4mem_0_AWREGION  |  out|    4|       m_axi|                  W4mem|       pointer|
|m_axi_W4mem_0_AWUSER    |  out|    1|       m_axi|                  W4mem|       pointer|
|m_axi_W4mem_0_WVALID    |  out|    1|       m_axi|                  W4mem|       pointer|
|m_axi_W4mem_0_WREADY    |   in|    1|       m_axi|                  W4mem|       pointer|
|m_axi_W4mem_0_WDATA     |  out|   32|       m_axi|                  W4mem|       pointer|
|m_axi_W4mem_0_WSTRB     |  out|    4|       m_axi|                  W4mem|       pointer|
|m_axi_W4mem_0_WLAST     |  out|    1|       m_axi|                  W4mem|       pointer|
|m_axi_W4mem_0_WID       |  out|    1|       m_axi|                  W4mem|       pointer|
|m_axi_W4mem_0_WUSER     |  out|    1|       m_axi|                  W4mem|       pointer|
|m_axi_W4mem_0_ARVALID   |  out|    1|       m_axi|                  W4mem|       pointer|
|m_axi_W4mem_0_ARREADY   |   in|    1|       m_axi|                  W4mem|       pointer|
|m_axi_W4mem_0_ARADDR    |  out|   64|       m_axi|                  W4mem|       pointer|
|m_axi_W4mem_0_ARID      |  out|    1|       m_axi|                  W4mem|       pointer|
|m_axi_W4mem_0_ARLEN     |  out|   32|       m_axi|                  W4mem|       pointer|
|m_axi_W4mem_0_ARSIZE    |  out|    3|       m_axi|                  W4mem|       pointer|
|m_axi_W4mem_0_ARBURST   |  out|    2|       m_axi|                  W4mem|       pointer|
|m_axi_W4mem_0_ARLOCK    |  out|    2|       m_axi|                  W4mem|       pointer|
|m_axi_W4mem_0_ARCACHE   |  out|    4|       m_axi|                  W4mem|       pointer|
|m_axi_W4mem_0_ARPROT    |  out|    3|       m_axi|                  W4mem|       pointer|
|m_axi_W4mem_0_ARQOS     |  out|    4|       m_axi|                  W4mem|       pointer|
|m_axi_W4mem_0_ARREGION  |  out|    4|       m_axi|                  W4mem|       pointer|
|m_axi_W4mem_0_ARUSER    |  out|    1|       m_axi|                  W4mem|       pointer|
|m_axi_W4mem_0_RVALID    |   in|    1|       m_axi|                  W4mem|       pointer|
|m_axi_W4mem_0_RREADY    |  out|    1|       m_axi|                  W4mem|       pointer|
|m_axi_W4mem_0_RDATA     |   in|   32|       m_axi|                  W4mem|       pointer|
|m_axi_W4mem_0_RLAST     |   in|    1|       m_axi|                  W4mem|       pointer|
|m_axi_W4mem_0_RID       |   in|    1|       m_axi|                  W4mem|       pointer|
|m_axi_W4mem_0_RFIFONUM  |   in|    9|       m_axi|                  W4mem|       pointer|
|m_axi_W4mem_0_RUSER     |   in|    1|       m_axi|                  W4mem|       pointer|
|m_axi_W4mem_0_RRESP     |   in|    2|       m_axi|                  W4mem|       pointer|
|m_axi_W4mem_0_BVALID    |   in|    1|       m_axi|                  W4mem|       pointer|
|m_axi_W4mem_0_BREADY    |  out|    1|       m_axi|                  W4mem|       pointer|
|m_axi_W4mem_0_BRESP     |   in|    2|       m_axi|                  W4mem|       pointer|
|m_axi_W4mem_0_BID       |   in|    1|       m_axi|                  W4mem|       pointer|
|m_axi_W4mem_0_BUSER     |   in|    1|       m_axi|                  W4mem|       pointer|
|sext_ln286              |   in|   62|     ap_none|             sext_ln286|        scalar|
|acc2_2_out              |  out|   32|      ap_vld|             acc2_2_out|       pointer|
|acc2_2_out_ap_vld       |  out|    1|      ap_vld|             acc2_2_out|       pointer|
|vec2_address0           |  out|    5|   ap_memory|                   vec2|         array|
|vec2_ce0                |  out|    1|   ap_memory|                   vec2|         array|
|vec2_q0                 |   in|   32|   ap_memory|                   vec2|         array|
+------------------------+-----+-----+------------+-----------------------+--------------+

