

================================================================
== Vitis HLS Report for 'flatten'
================================================================
* Date:           Tue Jul  8 00:40:05 2025

* Version:        2025.1 (Build 6135595 on May 21 2025)
* Project:        cnn_accel
* Solution:       hls (Vivado IP Flow Target)
* Product family: artix7
* Target device:  xc7a100t-fgg484-2L


================================================================
== Performance Estimates
================================================================
+ Timing: 
    * Summary: 
    +--------+----------+----------+------------+
    |  Clock |  Target  | Estimated| Uncertainty|
    +--------+----------+----------+------------+
    |ap_clk  |  10.00 ns|  6.918 ns|     2.70 ns|
    +--------+----------+----------+------------+

+ Latency: 
    * Summary: 
    +---------+---------+----------+----------+--------+--------+------------------------------------------------+
    |  Latency (cycles) |  Latency (absolute) |     Interval    |                    Pipeline                    |
    |   min   |   max   |    min   |    max   |   min  |   max  |                      Type                      |
    +---------+---------+----------+----------+--------+--------+------------------------------------------------+
    |   217155|   217155|  2.172 ms|  2.172 ms|  217156|  217156|  loop auto-rewind stp (delay=4 clock cycles(s))|
    +---------+---------+----------+----------+--------+--------+------------------------------------------------+

    + Detail: 
        * Instance: 
        N/A

        * Loop: 
        +---------------------------------------------+---------+---------+----------+-----------+-----------+-------+----------+
        |                                             |  Latency (cycles) | Iteration|  Initiation Interval  |  Trip |          |
        |                  Loop Name                  |   min   |   max   |  Latency |  achieved |   target  | Count | Pipelined|
        +---------------------------------------------+---------+---------+----------+-----------+-----------+-------+----------+
        |- FLATTEN_VITIS_LOOP_252_1_VITIS_LOOP_253_2  |   217153|   217153|         5|          3|          3|  72384|       yes|
        +---------------------------------------------+---------+---------+----------+-----------+-----------+-------+----------+



================================================================
== Utilization Estimates
================================================================
* Summary: 
+-----------------+---------+-----+--------+-------+-----+
|       Name      | BRAM_18K| DSP |   FF   |  LUT  | URAM|
+-----------------+---------+-----+--------+-------+-----+
|DSP              |        -|    1|       -|      -|    -|
|Expression       |        -|    -|       0|    353|    -|
|FIFO             |        -|    -|       -|      -|    -|
|Instance         |        -|    -|       0|     17|    -|
|Memory           |        -|    -|       -|      -|    -|
|Multiplexer      |        -|    -|       0|    170|    -|
|Register         |        -|    -|     148|      -|    -|
+-----------------+---------+-----+--------+-------+-----+
|Total            |        0|    1|     148|    540|    0|
+-----------------+---------+-----+--------+-------+-----+
|Available        |      270|  240|  126800|  63400|    0|
+-----------------+---------+-----+--------+-------+-----+
|Utilization (%)  |        0|   ~0|      ~0|     ~0|    0|
+-----------------+---------+-----+--------+-------+-----+

+ Detail: 
    * Instance: 
    +--------------------------+----------------------+---------+----+---+----+-----+
    |         Instance         |        Module        | BRAM_18K| DSP| FF| LUT| URAM|
    +--------------------------+----------------------+---------+----+---+----+-----+
    |sparsemux_9_2_32_1_1_U77  |sparsemux_9_2_32_1_1  |        0|   0|  0|  17|    0|
    +--------------------------+----------------------+---------+----+---+----+-----+
    |Total                     |                      |        0|   0|  0|  17|    0|
    +--------------------------+----------------------+---------+----+---+----+-----+

    * DSP: 
    +-----------------------------------+-------------------------------+--------------+
    |              Instance             |             Module            |  Expression  |
    +-----------------------------------+-------------------------------+--------------+
    |mac_muladd_7ns_6ns_7ns_13_4_1_U78  |mac_muladd_7ns_6ns_7ns_13_4_1  |  i0 * i1 + i2|
    +-----------------------------------+-------------------------------+--------------+

    * Memory: 
    N/A

    * FIFO: 
    N/A

    * Expression: 
    +-----------------------------+----------+----+---+----+------------+------------+
    |        Variable Name        | Operation| DSP| FF| LUT| Bitwidth P0| Bitwidth P1|
    +-----------------------------+----------+----+---+----+------------+------------+
    |add_ln251_1_fu_526_p2        |         +|   0|  0|  24|          17|          11|
    |add_ln251_2_fu_337_p2        |         +|   0|  0|  24|          17|           1|
    |add_ln251_fu_254_p2          |         +|   0|  0|  14|           6|           1|
    |add_ln252_1_fu_323_p2        |         +|   0|  0|  19|          12|           1|
    |add_ln252_fu_306_p2          |         +|   0|  0|  14|           7|           1|
    |add_ln253_fu_520_p2          |         +|   0|  0|  24|          17|           5|
    |add_ln255_fu_514_p2          |         +|   0|  0|  24|          17|           1|
    |m_fu_415_p2                  |         +|   0|  0|  13|           5|           1|
    |and_ln251_fu_283_p2          |       and|   0|  0|   2|           1|           1|
    |ap_block_pp0_stage0_11001    |       and|   0|  0|   2|           1|           1|
    |ap_condition_204             |       and|   0|  0|   2|           1|           1|
    |ap_condition_484             |       and|   0|  0|   2|           1|           1|
    |ap_condition_488             |       and|   0|  0|   2|           1|           1|
    |ap_condition_495             |       and|   0|  0|   2|           1|           1|
    |icmp_ln251_fu_349_p2         |      icmp|   0|  0|  24|          17|          17|
    |icmp_ln252_fu_343_p2         |      icmp|   0|  0|  19|          12|          11|
    |icmp_ln253_fu_421_p2         |      icmp|   0|  0|  14|           5|           6|
    |empty_fu_373_p2              |        or|   0|  0|   2|           1|           1|
    |i_fu_260_p3                  |    select|   0|  0|   6|           1|           6|
    |indvars_iv_i_mid2_fu_471_p3  |    select|   0|  0|  17|           1|          17|
    |j_fu_312_p3                  |    select|   0|  0|   7|           1|           7|
    |m_mid2_fu_378_p3             |    select|   0|  0|   5|           1|           1|
    |select_ln251_1_fu_298_p3     |    select|   0|  0|   7|           1|           1|
    |select_ln251_2_fu_455_p3     |    select|   0|  0|  17|           1|          17|
    |select_ln251_3_fu_463_p3     |    select|   0|  0|  17|           1|          17|
    |select_ln251_fu_447_p3       |    select|   0|  0|  17|           1|          17|
    |select_ln252_2_fu_329_p3     |    select|   0|  0|  12|           1|           1|
    |select_ln252_fu_478_p3       |    select|   0|  0|  17|           1|          17|
    |ap_enable_pp0                |       xor|   0|  0|   2|           1|           2|
    |xor_ln251_fu_277_p2          |       xor|   0|  0|   2|           1|           2|
    +-----------------------------+----------+----+---+----+------------+------------+
    |Total                        |          |   0|  0| 353|         151|         168|
    +-----------------------------+----------+----+---+----+------------+------------+

    * Multiplexer: 
    +--------------------------------------------------+----+-----------+-----+-----------+
    |                       Name                       | LUT| Input Size| Bits| Total Bits|
    +--------------------------------------------------+----+-----------+-----+-----------+
    |ap_NS_fsm                                         |  17|          4|    1|          4|
    |ap_condition_exit_pp0_iter0_stage2_pp0_iter1_reg  |   9|          2|    1|          2|
    |ap_done_int                                       |   9|          2|    1|          2|
    |ap_enable_reg_pp0_iter0                           |   9|          2|    1|          2|
    |ap_enable_reg_pp0_iter1                           |   9|          2|    1|          2|
    |ap_loop_exit_ready_pp0_iter1_reg                  |   9|          2|    1|          2|
    |ap_phi_mux_icmp_ln25238_phi_fu_192_p4             |   9|          2|    1|          2|
    |ap_phi_mux_icmp_ln25337_phi_fu_203_p4             |   9|          2|    1|          2|
    |ap_sig_allocacmp_i29_load                         |   9|          2|    6|         12|
    |i29_fu_92                                         |   9|          2|    6|         12|
    |icmp_ln25238_reg_189                              |   9|          2|    1|          2|
    |indvar_flatten2027_fu_84                          |   9|          2|   17|         34|
    |indvar_flatten30_fu_96                            |   9|          2|   12|         24|
    |indvars_iv19_i28_fu_88                            |   9|          2|   17|         34|
    |indvars_iv21_i31_fu_100                           |   9|          2|   17|         34|
    |indvars_iv_i36_fu_120                             |   9|          2|   17|         34|
    |j32_fu_104                                        |   9|          2|    7|         14|
    |m35_fu_116                                        |   9|          2|    5|         10|
    +--------------------------------------------------+----+-----------+-----+-----------+
    |Total                                             | 170|         38|  113|        228|
    +--------------------------------------------------+----+-----------+-----+-----------+

    * Register: 
    +--------------------------------------------------+----+----+-----+-----------+
    |                       Name                       | FF | LUT| Bits| Const Bits|
    +--------------------------------------------------+----+----+-----+-----------+
    |add_ln251_1134_fu_112                             |  17|   0|   17|          0|
    |add_ln253333_fu_108                               |  17|   0|   17|          0|
    |and_ln251_reg_639                                 |   1|   0|    1|          0|
    |ap_CS_fsm                                         |   3|   0|    3|          0|
    |ap_condition_exit_pp0_iter0_stage2_pp0_iter1_reg  |   1|   0|    1|          0|
    |ap_done_reg                                       |   1|   0|    1|          0|
    |ap_enable_reg_pp0_iter0_reg                       |   1|   0|    1|          0|
    |ap_enable_reg_pp0_iter1                           |   1|   0|    1|          0|
    |ap_loop_exit_ready_pp0_iter1_reg                  |   1|   0|    1|          0|
    |i29_fu_92                                         |   6|   0|    6|          0|
    |icmp_ln251_reg_657                                |   1|   0|    1|          0|
    |icmp_ln25238_reg_189                              |   1|   0|    1|          0|
    |icmp_ln25238_reg_189_pp0_iter1_reg                |   1|   0|    1|          0|
    |icmp_ln252_reg_652                                |   1|   0|    1|          0|
    |icmp_ln253_reg_686                                |   1|   0|    1|          0|
    |indvar_flatten2027_fu_84                          |  17|   0|   17|          0|
    |indvar_flatten30_fu_96                            |  12|   0|   12|          0|
    |indvars_iv19_i28_fu_88                            |  17|   0|   17|          0|
    |indvars_iv21_i31_fu_100                           |  17|   0|   17|          0|
    |indvars_iv_i36_fu_120                             |  17|   0|   17|          0|
    |j32_fu_104                                        |   7|   0|    7|          0|
    |m35_fu_116                                        |   5|   0|    5|          0|
    |trunc_ln253_2_reg_681                             |   2|   0|    2|          0|
    +--------------------------------------------------+----+----+-----+-----------+
    |Total                                             | 148|   0|  148|          0|
    +--------------------------------------------------+----+----+-----+-----------+



================================================================
== Interface
================================================================
* Summary: 
+---------------------+-----+-----+------------+--------------+--------------+
|      RTL Ports      | Dir | Bits|  Protocol  | Source Object|    C Type    |
+---------------------+-----+-----+------------+--------------+--------------+
|ap_clk               |   in|    1|  ap_ctrl_hs|       flatten|  return value|
|ap_rst               |   in|    1|  ap_ctrl_hs|       flatten|  return value|
|ap_start             |   in|    1|  ap_ctrl_hs|       flatten|  return value|
|ap_done              |  out|    1|  ap_ctrl_hs|       flatten|  return value|
|ap_continue          |   in|    1|  ap_ctrl_hs|       flatten|  return value|
|ap_idle              |  out|    1|  ap_ctrl_hs|       flatten|  return value|
|ap_ready             |  out|    1|  ap_ctrl_hs|       flatten|  return value|
|feat2_p_address0     |  out|   15|   ap_memory|       feat2_p|         array|
|feat2_p_ce0          |  out|    1|   ap_memory|       feat2_p|         array|
|feat2_p_q0           |   in|   32|   ap_memory|       feat2_p|         array|
|feat2_p_11_address0  |  out|   15|   ap_memory|    feat2_p_11|         array|
|feat2_p_11_ce0       |  out|    1|   ap_memory|    feat2_p_11|         array|
|feat2_p_11_q0        |   in|   32|   ap_memory|    feat2_p_11|         array|
|feat2_p_12_address0  |  out|   15|   ap_memory|    feat2_p_12|         array|
|feat2_p_12_ce0       |  out|    1|   ap_memory|    feat2_p_12|         array|
|feat2_p_12_q0        |   in|   32|   ap_memory|    feat2_p_12|         array|
|feat2_p_13_address0  |  out|   15|   ap_memory|    feat2_p_13|         array|
|feat2_p_13_ce0       |  out|    1|   ap_memory|    feat2_p_13|         array|
|feat2_p_13_q0        |   in|   32|   ap_memory|    feat2_p_13|         array|
|vec1_address0        |  out|   17|   ap_memory|          vec1|         array|
|vec1_ce0             |  out|    1|   ap_memory|          vec1|         array|
|vec1_we0             |  out|    1|   ap_memory|          vec1|         array|
|vec1_d0              |  out|   32|   ap_memory|          vec1|         array|
+---------------------+-----+-----+------------+--------------+--------------+

