

================================================================
== Vitis HLS Report for 'flatten'
================================================================
* Date:           Tue Jul  8 02:26:09 2025

* Version:        2025.1 (Build 6135595 on May 21 2025)
* Project:        cnn_accel
* Solution:       hls (Vivado IP Flow Target)
* Product family: artix7
* Target device:  xc7a100t-fgg484-2L


================================================================
== Performance Estimates
================================================================
+ Timing: 
    * Summary: 
    +--------+----------+----------+------------+
    |  Clock |  Target  | Estimated| Uncertainty|
    +--------+----------+----------+------------+
    |ap_clk  |  10.00 ns|  6.918 ns|     2.70 ns|
    +--------+----------+----------+------------+

+ Latency: 
    * Summary: 
    +---------+---------+----------+----------+--------+--------+------------------------------------------------+
    |  Latency (cycles) |  Latency (absolute) |     Interval    |                    Pipeline                    |
    |   min   |   max   |    min   |    max   |   min  |   max  |                      Type                      |
    +---------+---------+----------+----------+--------+--------+------------------------------------------------+
    |   217155|   217155|  2.172 ms|  2.172 ms|  217154|  217154|  loop auto-rewind stp (delay=0 clock cycles(s))|
    +---------+---------+----------+----------+--------+--------+------------------------------------------------+

    + Detail: 
        * Instance: 
        N/A

        * Loop: 
        +---------------------------------------------+---------+---------+----------+-----------+-----------+-------+----------+
        |                                             |  Latency (cycles) | Iteration|  Initiation Interval  |  Trip |          |
        |                  Loop Name                  |   min   |   max   |  Latency |  achieved |   target  | Count | Pipelined|
        +---------------------------------------------+---------+---------+----------+-----------+-----------+-------+----------+
        |- FLATTEN_VITIS_LOOP_309_1_VITIS_LOOP_310_2  |   217153|   217153|         5|          3|          3|  72384|       yes|
        +---------------------------------------------+---------+---------+----------+-----------+-----------+-------+----------+



================================================================
== Utilization Estimates
================================================================
* Summary: 
+-----------------+---------+-----+--------+-------+-----+
|       Name      | BRAM_18K| DSP |   FF   |  LUT  | URAM|
+-----------------+---------+-----+--------+-------+-----+
|DSP              |        -|    1|       -|      -|    -|
|Expression       |        -|    -|       0|    343|    -|
|FIFO             |        -|    -|       -|      -|    -|
|Instance         |        -|    -|       0|     17|    -|
|Memory           |        -|    -|       -|      -|    -|
|Multiplexer      |        -|    -|       0|    116|    -|
|Register         |        -|    -|     146|      -|    -|
+-----------------+---------+-----+--------+-------+-----+
|Total            |        0|    1|     146|    476|    0|
+-----------------+---------+-----+--------+-------+-----+
|Available        |      270|  240|  126800|  63400|    0|
+-----------------+---------+-----+--------+-------+-----+
|Utilization (%)  |        0|   ~0|      ~0|     ~0|    0|
+-----------------+---------+-----+--------+-------+-----+

+ Detail: 
    * Instance: 
    +----------------------------+----------------------+---------+----+---+----+-----+
    |          Instance          |        Module        | BRAM_18K| DSP| FF| LUT| URAM|
    +----------------------------+----------------------+---------+----+---+----+-----+
    |sparsemux_9_2_32_1_1_U1581  |sparsemux_9_2_32_1_1  |        0|   0|  0|  17|    0|
    +----------------------------+----------------------+---------+----+---+----+-----+
    |Total                       |                      |        0|   0|  0|  17|    0|
    +----------------------------+----------------------+---------+----+---+----+-----+

    * DSP: 
    +-------------------------------------+-------------------------------+--------------+
    |               Instance              |             Module            |  Expression  |
    +-------------------------------------+-------------------------------+--------------+
    |mac_muladd_7ns_6ns_7ns_13_4_1_U1582  |mac_muladd_7ns_6ns_7ns_13_4_1  |  i0 * i1 + i2|
    +-------------------------------------+-------------------------------+--------------+

    * Memory: 
    N/A

    * FIFO: 
    N/A

    * Expression: 
    +-----------------------------+----------+----+---+----+------------+------------+
    |        Variable Name        | Operation| DSP| FF| LUT| Bitwidth P0| Bitwidth P1|
    +-----------------------------+----------+----+---+----+------------+------------+
    |add_ln308_1_fu_497_p2        |         +|   0|  0|  24|          17|          11|
    |add_ln308_2_fu_236_p2        |         +|   0|  0|  24|          17|           1|
    |add_ln308_fu_248_p2          |         +|   0|  0|  14|           6|           1|
    |add_ln309_1_fu_272_p2        |         +|   0|  0|  19|          12|           1|
    |add_ln309_fu_331_p2          |         +|   0|  0|  14|           7|           1|
    |add_ln310_1_fu_376_p2        |         +|   0|  0|  13|           5|           1|
    |add_ln310_fu_491_p2          |         +|   0|  0|  24|          17|           5|
    |add_ln312_fu_485_p2          |         +|   0|  0|  24|          17|           1|
    |and_ln308_fu_325_p2          |       and|   0|  0|   2|           1|           1|
    |icmp_ln308_fu_230_p2         |      icmp|   0|  0|  24|          17|          17|
    |icmp_ln309_fu_254_p2         |      icmp|   0|  0|  19|          12|          11|
    |icmp_ln310_fu_319_p2         |      icmp|   0|  0|  14|           5|           6|
    |empty_fu_337_p2              |        or|   0|  0|   2|           1|           1|
    |indvars_iv_i_mid2_fu_442_p3  |    select|   0|  0|  17|           1|          17|
    |m_mid2_fu_342_p3             |    select|   0|  0|   5|           1|           1|
    |select_ln308_1_fu_307_p3     |    select|   0|  0|   7|           1|           1|
    |select_ln308_2_fu_428_p3     |    select|   0|  0|  17|           1|          17|
    |select_ln308_3_fu_435_p3     |    select|   0|  0|  17|           1|          17|
    |select_ln308_4_fu_260_p3     |    select|   0|  0|   6|           1|           6|
    |select_ln308_fu_421_p3       |    select|   0|  0|  17|           1|          17|
    |select_ln309_1_fu_350_p3     |    select|   0|  0|   7|           1|           7|
    |select_ln309_2_fu_278_p3     |    select|   0|  0|  12|           1|           1|
    |select_ln309_fu_449_p3       |    select|   0|  0|  17|           1|          17|
    |ap_enable_pp0                |       xor|   0|  0|   2|           1|           2|
    |xor_ln308_fu_314_p2          |       xor|   0|  0|   2|           1|           2|
    +-----------------------------+----------+----+---+----+------------+------------+
    |Total                        |          |   0|  0| 343|         146|         163|
    +-----------------------------+----------+----+---+----+------------+------------+

    * Multiplexer: 
    +-------------------------+----+-----------+-----+-----------+
    |           Name          | LUT| Input Size| Bits| Total Bits|
    +-------------------------+----+-----------+-----+-----------+
    |ap_NS_fsm                |  17|          4|    1|          4|
    |ap_done_int              |   9|          2|    1|          2|
    |ap_enable_reg_pp0_iter0  |   9|          2|    1|          2|
    |ap_enable_reg_pp0_iter1  |   9|          2|    1|          2|
    |i_fu_110                 |   9|          2|    6|         12|
    |indvar_flatten20_fu_118  |   9|          2|   17|         34|
    |indvar_flatten_fu_106    |   9|          2|   12|         24|
    |indvars_iv19_i_fu_114    |   9|          2|   17|         34|
    |indvars_iv21_i_fu_94     |   9|          2|   17|         34|
    |indvars_iv_i_fu_82       |   9|          2|   17|         34|
    |j_fu_102                 |   9|          2|    7|         14|
    |m_fu_86                  |   9|          2|    5|         10|
    +-------------------------+----+-----------+-----+-----------+
    |Total                    | 116|         26|  102|        206|
    +-------------------------+----+-----------+-----+-----------+

    * Register: 
    +----------------------------------+----+----+-----+-----------+
    |               Name               | FF | LUT| Bits| Const Bits|
    +----------------------------------+----+----+-----+-----------+
    |add_ln308_11_fu_90                |  17|   0|   17|          0|
    |add_ln3103_fu_98                  |  17|   0|   17|          0|
    |and_ln308_reg_624                 |   1|   0|    1|          0|
    |ap_CS_fsm                         |   3|   0|    3|          0|
    |ap_done_reg                       |   1|   0|    1|          0|
    |ap_enable_reg_pp0_iter0_reg       |   1|   0|    1|          0|
    |ap_enable_reg_pp0_iter1           |   1|   0|    1|          0|
    |i_fu_110                          |   6|   0|    6|          0|
    |icmp_ln308_reg_605                |   1|   0|    1|          0|
    |icmp_ln309_reg_609                |   1|   0|    1|          0|
    |icmp_ln309_reg_609_pp0_iter1_reg  |   1|   0|    1|          0|
    |indvar_flatten20_fu_118           |  17|   0|   17|          0|
    |indvar_flatten_fu_106             |  12|   0|   12|          0|
    |indvars_iv19_i_fu_114             |  17|   0|   17|          0|
    |indvars_iv21_i_fu_94              |  17|   0|   17|          0|
    |indvars_iv_i_fu_82                |  17|   0|   17|          0|
    |j_fu_102                          |   7|   0|    7|          0|
    |m_fu_86                           |   5|   0|    5|          0|
    |trunc_ln310_2_reg_640             |   2|   0|    2|          0|
    |trunc_ln310_reg_635               |   2|   0|    2|          0|
    +----------------------------------+----+----+-----+-----------+
    |Total                             | 146|   0|  146|          0|
    +----------------------------------+----+----+-----+-----------+



================================================================
== Interface
================================================================
* Summary: 
+---------------------+-----+-----+------------+--------------+--------------+
|      RTL Ports      | Dir | Bits|  Protocol  | Source Object|    C Type    |
+---------------------+-----+-----+------------+--------------+--------------+
|ap_clk               |   in|    1|  ap_ctrl_hs|       flatten|  return value|
|ap_rst               |   in|    1|  ap_ctrl_hs|       flatten|  return value|
|ap_start             |   in|    1|  ap_ctrl_hs|       flatten|  return value|
|ap_done              |  out|    1|  ap_ctrl_hs|       flatten|  return value|
|ap_idle              |  out|    1|  ap_ctrl_hs|       flatten|  return value|
|ap_ready             |  out|    1|  ap_ctrl_hs|       flatten|  return value|
|feat2_p_address0     |  out|   15|   ap_memory|       feat2_p|         array|
|feat2_p_ce0          |  out|    1|   ap_memory|       feat2_p|         array|
|feat2_p_q0           |   in|   32|   ap_memory|       feat2_p|         array|
|feat2_p_70_address0  |  out|   15|   ap_memory|    feat2_p_70|         array|
|feat2_p_70_ce0       |  out|    1|   ap_memory|    feat2_p_70|         array|
|feat2_p_70_q0        |   in|   32|   ap_memory|    feat2_p_70|         array|
|feat2_p_71_address0  |  out|   15|   ap_memory|    feat2_p_71|         array|
|feat2_p_71_ce0       |  out|    1|   ap_memory|    feat2_p_71|         array|
|feat2_p_71_q0        |   in|   32|   ap_memory|    feat2_p_71|         array|
|feat2_p_72_address0  |  out|   15|   ap_memory|    feat2_p_72|         array|
|feat2_p_72_ce0       |  out|    1|   ap_memory|    feat2_p_72|         array|
|feat2_p_72_q0        |   in|   32|   ap_memory|    feat2_p_72|         array|
|vec1_address0        |  out|   17|   ap_memory|          vec1|         array|
|vec1_ce0             |  out|    1|   ap_memory|          vec1|         array|
|vec1_we0             |  out|    1|   ap_memory|          vec1|         array|
|vec1_d0              |  out|   32|   ap_memory|          vec1|         array|
+---------------------+-----+-----+------------+--------------+--------------+

