

================================================================
== Vitis HLS Report for 'load_img'
================================================================
* Date:           Wed Jul  9 07:45:44 2025

* Version:        2025.1 (Build 6135595 on May 21 2025)
* Project:        cnn_accel
* Solution:       hls (Vivado IP Flow Target)
* Product family: artix7
* Target device:  xc7a100t-fgg484-2L


================================================================
== Performance Estimates
================================================================
+ Timing: 
    * Summary: 
    +--------+----------+----------+------------+
    |  Clock |  Target  | Estimated| Uncertainty|
    +--------+----------+----------+------------+
    |ap_clk  |  10.00 ns|  7.300 ns|     2.70 ns|
    +--------+----------+----------+------------+

+ Latency: 
    * Summary: 
    +---------+---------+----------+----------+--------+--------+---------+
    |  Latency (cycles) |  Latency (absolute) |     Interval    | Pipeline|
    |   min   |   max   |    min   |    max   |   min  |   max  |   Type  |
    +---------+---------+----------+----------+--------+--------+---------+
    |   691211|   691211|  6.912 ms|  6.912 ms|  691211|  691211|       no|
    +---------+---------+----------+----------+--------+--------+---------+

    + Detail: 
        * Instance: 
        +---------------------------------------------------------------------+-----------------------------------------------------------+---------+---------+----------+----------+--------+--------+------------------------------------------------+
        |                                                                     |                                                           |  Latency (cycles) |  Latency (absolute) |     Interval    |                    Pipeline                    |
        |                               Instance                              |                           Module                          |   min   |   max   |    min   |    max   |   min  |   max  |                      Type                      |
        +---------------------------------------------------------------------+-----------------------------------------------------------+---------+---------+----------+----------+--------+--------+------------------------------------------------+
        |grp_load_img_Pipeline_LOAD_IMG_ROWS_LOAD_IMG_COLS_LOAD_IMG_CH_fu_51  |load_img_Pipeline_LOAD_IMG_ROWS_LOAD_IMG_COLS_LOAD_IMG_CH  |   691202|   691202|  6.912 ms|  6.912 ms|  691201|  691201|  loop auto-rewind stp (delay=0 clock cycles(s))|
        +---------------------------------------------------------------------+-----------------------------------------------------------+---------+---------+----------+----------+--------+--------+------------------------------------------------+

        * Loop: 
        N/A



================================================================
== Utilization Estimates
================================================================
* Summary: 
+-----------------+---------+-----+--------+-------+-----+
|       Name      | BRAM_18K| DSP |   FF   |  LUT  | URAM|
+-----------------+---------+-----+--------+-------+-----+
|DSP              |        -|    -|       -|      -|    -|
|Expression       |        -|    -|       -|      -|    -|
|FIFO             |        -|    -|       -|      -|    -|
|Instance         |        -|    -|     120|    350|    -|
|Memory           |        -|    -|       -|      -|    -|
|Multiplexer      |        -|    -|       0|    183|    -|
|Register         |        -|    -|      73|      -|    -|
+-----------------+---------+-----+--------+-------+-----+
|Total            |        0|    0|     193|    533|    0|
+-----------------+---------+-----+--------+-------+-----+
|Available        |      270|  240|  126800|  63400|    0|
+-----------------+---------+-----+--------+-------+-----+
|Utilization (%)  |        0|    0|      ~0|     ~0|    0|
+-----------------+---------+-----+--------+-------+-----+

+ Detail: 
    * Instance: 
    +---------------------------------------------------------------------+-----------------------------------------------------------+---------+----+-----+-----+-----+
    |                               Instance                              |                           Module                          | BRAM_18K| DSP|  FF | LUT | URAM|
    +---------------------------------------------------------------------+-----------------------------------------------------------+---------+----+-----+-----+-----+
    |grp_load_img_Pipeline_LOAD_IMG_ROWS_LOAD_IMG_COLS_LOAD_IMG_CH_fu_51  |load_img_Pipeline_LOAD_IMG_ROWS_LOAD_IMG_COLS_LOAD_IMG_CH  |        0|   0|  120|  350|    0|
    +---------------------------------------------------------------------+-----------------------------------------------------------+---------+----+-----+-----+-----+
    |Total                                                                |                                                           |        0|   0|  120|  350|    0|
    +---------------------------------------------------------------------+-----------------------------------------------------------+---------+----+-----+-----+-----+

    * DSP: 
    N/A

    * Memory: 
    N/A

    * FIFO: 
    N/A

    * Expression: 
    N/A

    * Multiplexer: 
    +-------------------------+----+-----------+-----+-----------+
    |           Name          | LUT| Input Size| Bits| Total Bits|
    +-------------------------+----+-----------+-----+-----------+
    |IMGmem_blk_n_AR          |   9|          2|    1|          2|
    |ap_NS_fsm                |  45|         11|    1|         11|
    |m_axi_IMGmem_0_ARADDR    |  13|          3|   64|        192|
    |m_axi_IMGmem_0_ARBURST   |   9|          2|    2|          4|
    |m_axi_IMGmem_0_ARCACHE   |   9|          2|    4|          8|
    |m_axi_IMGmem_0_ARID      |   9|          2|    1|          2|
    |m_axi_IMGmem_0_ARLEN     |  13|          3|   32|         96|
    |m_axi_IMGmem_0_ARLOCK    |   9|          2|    2|          4|
    |m_axi_IMGmem_0_ARPROT    |   9|          2|    3|          6|
    |m_axi_IMGmem_0_ARQOS     |   9|          2|    4|          8|
    |m_axi_IMGmem_0_ARREGION  |   9|          2|    4|          8|
    |m_axi_IMGmem_0_ARSIZE    |   9|          2|    3|          6|
    |m_axi_IMGmem_0_ARUSER    |   9|          2|    1|          2|
    |m_axi_IMGmem_0_ARVALID   |  13|          3|    1|          3|
    |m_axi_IMGmem_0_RREADY    |   9|          2|    1|          2|
    +-------------------------+----+-----------+-----+-----------+
    |Total                    | 183|         42|  124|        354|
    +-------------------------+----+-----------+-----+-----------+

    * Register: 
    +----------------------------------------------------------------------------------+----+----+-----+-----------+
    |                                       Name                                       | FF | LUT| Bits| Const Bits|
    +----------------------------------------------------------------------------------+----+----+-----+-----------+
    |ap_CS_fsm                                                                         |  10|   0|   10|          0|
    |grp_load_img_Pipeline_LOAD_IMG_ROWS_LOAD_IMG_COLS_LOAD_IMG_CH_fu_51_ap_start_reg  |   1|   0|    1|          0|
    |trunc_ln_reg_81                                                                   |  62|   0|   62|          0|
    +----------------------------------------------------------------------------------+----+----+-----+-----------+
    |Total                                                                             |  73|   0|   73|          0|
    +----------------------------------------------------------------------------------+----+----+-----+-----------+



================================================================
== Interface
================================================================
* Summary: 
+-------------------------+-----+-----+------------+--------------+--------------+
|        RTL Ports        | Dir | Bits|  Protocol  | Source Object|    C Type    |
+-------------------------+-----+-----+------------+--------------+--------------+
|ap_clk                   |   in|    1|  ap_ctrl_hs|      load_img|  return value|
|ap_rst                   |   in|    1|  ap_ctrl_hs|      load_img|  return value|
|ap_start                 |   in|    1|  ap_ctrl_hs|      load_img|  return value|
|ap_done                  |  out|    1|  ap_ctrl_hs|      load_img|  return value|
|ap_idle                  |  out|    1|  ap_ctrl_hs|      load_img|  return value|
|ap_ready                 |  out|    1|  ap_ctrl_hs|      load_img|  return value|
|m_axi_IMGmem_0_AWVALID   |  out|    1|       m_axi|        IMGmem|       pointer|
|m_axi_IMGmem_0_AWREADY   |   in|    1|       m_axi|        IMGmem|       pointer|
|m_axi_IMGmem_0_AWADDR    |  out|   64|       m_axi|        IMGmem|       pointer|
|m_axi_IMGmem_0_AWID      |  out|    1|       m_axi|        IMGmem|       pointer|
|m_axi_IMGmem_0_AWLEN     |  out|   32|       m_axi|        IMGmem|       pointer|
|m_axi_IMGmem_0_AWSIZE    |  out|    3|       m_axi|        IMGmem|       pointer|
|m_axi_IMGmem_0_AWBURST   |  out|    2|       m_axi|        IMGmem|       pointer|
|m_axi_IMGmem_0_AWLOCK    |  out|    2|       m_axi|        IMGmem|       pointer|
|m_axi_IMGmem_0_AWCACHE   |  out|    4|       m_axi|        IMGmem|       pointer|
|m_axi_IMGmem_0_AWPROT    |  out|    3|       m_axi|        IMGmem|       pointer|
|m_axi_IMGmem_0_AWQOS     |  out|    4|       m_axi|        IMGmem|       pointer|
|m_axi_IMGmem_0_AWREGION  |  out|    4|       m_axi|        IMGmem|       pointer|
|m_axi_IMGmem_0_AWUSER    |  out|    1|       m_axi|        IMGmem|       pointer|
|m_axi_IMGmem_0_WVALID    |  out|    1|       m_axi|        IMGmem|       pointer|
|m_axi_IMGmem_0_WREADY    |   in|    1|       m_axi|        IMGmem|       pointer|
|m_axi_IMGmem_0_WDATA     |  out|   32|       m_axi|        IMGmem|       pointer|
|m_axi_IMGmem_0_WSTRB     |  out|    4|       m_axi|        IMGmem|       pointer|
|m_axi_IMGmem_0_WLAST     |  out|    1|       m_axi|        IMGmem|       pointer|
|m_axi_IMGmem_0_WID       |  out|    1|       m_axi|        IMGmem|       pointer|
|m_axi_IMGmem_0_WUSER     |  out|    1|       m_axi|        IMGmem|       pointer|
|m_axi_IMGmem_0_ARVALID   |  out|    1|       m_axi|        IMGmem|       pointer|
|m_axi_IMGmem_0_ARREADY   |   in|    1|       m_axi|        IMGmem|       pointer|
|m_axi_IMGmem_0_ARADDR    |  out|   64|       m_axi|        IMGmem|       pointer|
|m_axi_IMGmem_0_ARID      |  out|    1|       m_axi|        IMGmem|       pointer|
|m_axi_IMGmem_0_ARLEN     |  out|   32|       m_axi|        IMGmem|       pointer|
|m_axi_IMGmem_0_ARSIZE    |  out|    3|       m_axi|        IMGmem|       pointer|
|m_axi_IMGmem_0_ARBURST   |  out|    2|       m_axi|        IMGmem|       pointer|
|m_axi_IMGmem_0_ARLOCK    |  out|    2|       m_axi|        IMGmem|       pointer|
|m_axi_IMGmem_0_ARCACHE   |  out|    4|       m_axi|        IMGmem|       pointer|
|m_axi_IMGmem_0_ARPROT    |  out|    3|       m_axi|        IMGmem|       pointer|
|m_axi_IMGmem_0_ARQOS     |  out|    4|       m_axi|        IMGmem|       pointer|
|m_axi_IMGmem_0_ARREGION  |  out|    4|       m_axi|        IMGmem|       pointer|
|m_axi_IMGmem_0_ARUSER    |  out|    1|       m_axi|        IMGmem|       pointer|
|m_axi_IMGmem_0_RVALID    |   in|    1|       m_axi|        IMGmem|       pointer|
|m_axi_IMGmem_0_RREADY    |  out|    1|       m_axi|        IMGmem|       pointer|
|m_axi_IMGmem_0_RDATA     |   in|   32|       m_axi|        IMGmem|       pointer|
|m_axi_IMGmem_0_RLAST     |   in|    1|       m_axi|        IMGmem|       pointer|
|m_axi_IMGmem_0_RID       |   in|    1|       m_axi|        IMGmem|       pointer|
|m_axi_IMGmem_0_RFIFONUM  |   in|    9|       m_axi|        IMGmem|       pointer|
|m_axi_IMGmem_0_RUSER     |   in|    1|       m_axi|        IMGmem|       pointer|
|m_axi_IMGmem_0_RRESP     |   in|    2|       m_axi|        IMGmem|       pointer|
|m_axi_IMGmem_0_BVALID    |   in|    1|       m_axi|        IMGmem|       pointer|
|m_axi_IMGmem_0_BREADY    |  out|    1|       m_axi|        IMGmem|       pointer|
|m_axi_IMGmem_0_BRESP     |   in|    2|       m_axi|        IMGmem|       pointer|
|m_axi_IMGmem_0_BID       |   in|    1|       m_axi|        IMGmem|       pointer|
|m_axi_IMGmem_0_BUSER     |   in|    1|       m_axi|        IMGmem|       pointer|
|img_in                   |   in|   64|     ap_none|        img_in|        scalar|
|local_img_address0       |  out|   18|   ap_memory|     local_img|         array|
|local_img_ce0            |  out|    1|   ap_memory|     local_img|         array|
|local_img_we0            |  out|    1|   ap_memory|     local_img|         array|
|local_img_d0             |  out|   32|   ap_memory|     local_img|         array|
+-------------------------+-----+-----+------------+--------------+--------------+

