

================================================================
== Vitis HLS Report for 'pool1'
================================================================
* Date:           Tue Jul  8 02:26:04 2025

* Version:        2025.1 (Build 6135595 on May 21 2025)
* Project:        cnn_accel
* Solution:       hls (Vivado IP Flow Target)
* Product family: artix7
* Target device:  xc7a100t-fgg484-2L


================================================================
== Performance Estimates
================================================================
+ Timing: 
    * Summary: 
    +--------+----------+----------+------------+
    |  Clock |  Target  | Estimated| Uncertainty|
    +--------+----------+----------+------------+
    |ap_clk  |  10.00 ns|  6.975 ns|     2.70 ns|
    +--------+----------+----------+------------+

+ Latency: 
    * Summary: 
    +---------+---------+----------+----------+--------+--------+------------------------------------------------+
    |  Latency (cycles) |  Latency (absolute) |     Interval    |                    Pipeline                    |
    |   min   |   max   |    min   |    max   |   min  |   max  |                      Type                      |
    +---------+---------+----------+----------+--------+--------+------------------------------------------------+
    |   454115|   454115|  4.541 ms|  4.541 ms|  454107|  454107|  loop auto-rewind stp (delay=0 clock cycles(s))|
    +---------+---------+----------+----------+--------+--------+------------------------------------------------+

    + Detail: 
        * Instance: 
        N/A

        * Loop: 
        +--------------------------------+---------+---------+----------+-----------+-----------+--------+----------+
        |                                |  Latency (cycles) | Iteration|  Initiation Interval  |  Trip  |          |
        |            Loop Name           |   min   |   max   |  Latency |  achieved |   target  |  Count | Pipelined|
        +--------------------------------+---------+---------+----------+-----------+-----------+--------+----------+
        |- POOL1_ROW_POOL1_COL_POOL1_CH  |   454113|   454113|        13|          3|          3|  151368|       yes|
        +--------------------------------+---------+---------+----------+-----------+-----------+--------+----------+



================================================================
== Utilization Estimates
================================================================
* Summary: 
+-----------------+---------+-----+--------+-------+-----+
|       Name      | BRAM_18K| DSP |   FF   |  LUT  | URAM|
+-----------------+---------+-----+--------+-------+-----+
|DSP              |        -|    1|       -|      -|    -|
|Expression       |        -|    -|       0|    676|    -|
|FIFO             |        -|    -|       -|      -|    -|
|Instance         |        -|    0|       0|    160|    -|
|Memory           |        -|    -|       -|      -|    -|
|Multiplexer      |        -|    -|       0|    263|    -|
|Register         |        -|    -|     771|    160|    -|
+-----------------+---------+-----+--------+-------+-----+
|Total            |        0|    1|     771|   1259|    0|
+-----------------+---------+-----+--------+-------+-----+
|Available        |      270|  240|  126800|  63400|    0|
+-----------------+---------+-----+--------+-------+-----+
|Utilization (%)  |        0|   ~0|      ~0|      1|    0|
+-----------------+---------+-----+--------+-------+-----+

+ Detail: 
    * Instance: 
    +---------------------------+----------------------+---------+----+---+----+-----+
    |          Instance         |        Module        | BRAM_18K| DSP| FF| LUT| URAM|
    +---------------------------+----------------------+---------+----+---+----+-----+
    |mul_8ns_10ns_17_1_1_U280   |mul_8ns_10ns_17_1_1   |        0|   0|  0|  63|    0|
    |mul_8ns_10ns_17_1_1_U281   |mul_8ns_10ns_17_1_1   |        0|   0|  0|  63|    0|
    |sparsemux_9_2_32_1_1_U278  |sparsemux_9_2_32_1_1  |        0|   0|  0|  17|    0|
    |sparsemux_9_2_32_1_1_U279  |sparsemux_9_2_32_1_1  |        0|   0|  0|  17|    0|
    +---------------------------+----------------------+---------+----+---+----+-----+
    |Total                      |                      |        0|   0|  0| 160|    0|
    +---------------------------+----------------------+---------+----+---+----+-----+

    * DSP: 
    +------------------------------------+-------------------------------+--------------+
    |              Instance              |             Module            |  Expression  |
    +------------------------------------+-------------------------------+--------------+
    |mac_muladd_8ns_7ns_8ns_15_4_1_U282  |mac_muladd_8ns_7ns_8ns_15_4_1  |  i0 * i1 + i2|
    +------------------------------------+-------------------------------+--------------+

    * Memory: 
    N/A

    * FIFO: 
    N/A

    * Expression: 
    +--------------------------+----------+----+---+----+------------+------------+
    |       Variable Name      | Operation| DSP| FF| LUT| Bitwidth P0| Bitwidth P1|
    +--------------------------+----------+----+---+----+------------+------------+
    |add_ln239_1_fu_427_p2     |         +|   0|  0|  25|          18|           1|
    |add_ln239_fu_442_p2       |         +|   0|  0|  14|           7|           1|
    |add_ln240_1_fu_564_p2     |         +|   0|  0|  19|          12|           1|
    |add_ln240_fu_488_p2       |         +|   0|  0|  15|           8|           1|
    |add_ln241_fu_558_p2       |         +|   0|  0|  13|           4|           1|
    |add_ln243_fu_631_p2       |         +|   0|  0|  24|          17|          17|
    |add_ln244_fu_636_p2       |         +|   0|  0|  24|          17|          17|
    |add_ln245_fu_653_p2       |         +|   0|  0|  24|          17|          17|
    |add_ln246_fu_658_p2       |         +|   0|  0|  24|          17|          17|
    |and_ln239_fu_474_p2       |       and|   0|  0|   2|           1|           1|
    |and_ln247_1_fu_798_p2     |       and|   0|  0|   2|           1|           1|
    |and_ln247_fu_792_p2       |       and|   0|  0|   2|           1|           1|
    |and_ln248_1_fu_886_p2     |       and|   0|  0|   2|           1|           1|
    |and_ln248_fu_880_p2       |       and|   0|  0|   2|           1|           1|
    |and_ln249_1_fu_980_p2     |       and|   0|  0|   2|           1|           1|
    |and_ln249_fu_974_p2       |       and|   0|  0|   2|           1|           1|
    |icmp_ln239_fu_421_p2      |      icmp|   0|  0|  25|          18|          18|
    |icmp_ln240_fu_448_p2      |      icmp|   0|  0|  19|          12|          11|
    |icmp_ln241_fu_468_p2      |      icmp|   0|  0|  13|           4|           5|
    |icmp_ln247_1_fu_762_p2    |      icmp|   0|  0|  30|          23|           1|
    |icmp_ln247_2_fu_774_p2    |      icmp|   0|  0|  15|           8|           2|
    |icmp_ln247_3_fu_780_p2    |      icmp|   0|  0|  30|          23|           1|
    |icmp_ln247_fu_756_p2      |      icmp|   0|  0|  15|           8|           2|
    |icmp_ln248_1_fu_850_p2    |      icmp|   0|  0|  30|          23|           1|
    |icmp_ln248_2_fu_862_p2    |      icmp|   0|  0|  15|           8|           2|
    |icmp_ln248_3_fu_868_p2    |      icmp|   0|  0|  30|          23|           1|
    |icmp_ln248_fu_844_p2      |      icmp|   0|  0|  15|           8|           2|
    |icmp_ln249_1_fu_944_p2    |      icmp|   0|  0|  30|          23|           1|
    |icmp_ln249_2_fu_956_p2    |      icmp|   0|  0|  15|           8|           2|
    |icmp_ln249_3_fu_962_p2    |      icmp|   0|  0|  30|          23|           1|
    |icmp_ln249_fu_938_p2      |      icmp|   0|  0|  15|           8|           2|
    |empty_fu_494_p2           |        or|   0|  0|   2|           1|           1|
    |or_ln247_1_fu_786_p2      |        or|   0|  0|   2|           1|           1|
    |or_ln247_fu_768_p2        |        or|   0|  0|   2|           1|           1|
    |or_ln248_1_fu_874_p2      |        or|   0|  0|   2|           1|           1|
    |or_ln248_fu_856_p2        |        or|   0|  0|   2|           1|           1|
    |or_ln249_1_fu_968_p2      |        or|   0|  0|   2|           1|           1|
    |or_ln249_fu_950_p2        |        or|   0|  0|   2|           1|           1|
    |m_mid2_fu_500_p3          |    select|   0|  0|   4|           1|           1|
    |mx_fu_804_p3              |    select|   0|  0|  32|           1|          32|
    |my_fu_892_p3              |    select|   0|  0|  32|           1|          32|
    |select_ln239_1_fu_480_p3  |    select|   0|  0|   7|           1|           7|
    |select_ln239_fu_454_p3    |    select|   0|  0|   8|           1|           1|
    |select_ln240_1_fu_570_p3  |    select|   0|  0|  12|           1|           1|
    |select_ln240_fu_508_p3    |    select|   0|  0|   8|           1|           8|
    |select_ln249_fu_986_p3    |    select|   0|  0|  32|           1|          32|
    |ap_enable_pp0             |       xor|   0|  0|   2|           1|           2|
    |xor_ln239_fu_462_p2       |       xor|   0|  0|   2|           1|           2|
    +--------------------------+----------+----+---+----+------------+------------+
    |Total                     |          |   0|  0| 676|         361|         257|
    +--------------------------+----------+----+---+----+------------+------------+

    * Multiplexer: 
    +----------------------------------+----+-----------+-----+-----------+
    |               Name               | LUT| Input Size| Bits| Total Bits|
    +----------------------------------+----+-----------+-----+-----------+
    |ap_NS_fsm                         |  17|          4|    1|          4|
    |ap_done_int                       |   9|          2|    1|          2|
    |ap_enable_reg_pp0_iter0           |   9|          2|    1|          2|
    |ap_enable_reg_pp0_iter1           |   9|          2|    1|          2|
    |ap_enable_reg_pp0_iter4           |   9|          2|    1|          2|
    |ap_loop_exit_ready_pp0_iter1_reg  |   9|          2|    1|          2|
    |ap_loop_exit_ready_pp0_iter2_reg  |   9|          2|    1|          2|
    |ap_loop_exit_ready_pp0_iter3_reg  |   9|          2|    1|          2|
    |feat1_61_address0_local           |  13|          3|   18|         54|
    |feat1_61_address1_local           |  13|          3|   18|         54|
    |feat1_62_address0_local           |  13|          3|   18|         54|
    |feat1_62_address1_local           |  13|          3|   18|         54|
    |feat1_63_address0_local           |  13|          3|   18|         54|
    |feat1_63_address1_local           |  13|          3|   18|         54|
    |feat1_address0_local              |  13|          3|   18|         54|
    |feat1_address1_local              |  13|          3|   18|         54|
    |grp_fu_340_p0                     |  17|          4|   32|        128|
    |grp_fu_340_p1                     |  17|          4|   32|        128|
    |i_fu_116                          |   9|          2|    7|         14|
    |indvar_flatten12_fu_120           |   9|          2|   18|         36|
    |indvar_flatten_fu_112             |   9|          2|   12|         24|
    |j_fu_108                          |   9|          2|    8|         16|
    |m_fu_104                          |   9|          2|    4|          8|
    +----------------------------------+----+-----------+-----+-----------+
    |Total                             | 263|         60|  265|        804|
    +----------------------------------+----+-----------+-----+-----------+

    * Register: 
    +----------------------------------+----+----+-----+-----------+
    |               Name               | FF | LUT| Bits| Const Bits|
    +----------------------------------+----+----+-----+-----------+
    |add_ln244_reg_1088                |  17|   0|   17|          0|
    |add_ln246_reg_1093                |  17|   0|   17|          0|
    |ap_CS_fsm                         |   3|   0|    3|          0|
    |ap_done_reg                       |   1|   0|    1|          0|
    |ap_enable_reg_pp0_iter0_reg       |   1|   0|    1|          0|
    |ap_enable_reg_pp0_iter1           |   1|   0|    1|          0|
    |ap_enable_reg_pp0_iter2           |   1|   0|    1|          0|
    |ap_enable_reg_pp0_iter3           |   1|   0|    1|          0|
    |ap_enable_reg_pp0_iter4           |   1|   0|    1|          0|
    |ap_loop_exit_ready_pp0_iter1_reg  |   1|   0|    1|          0|
    |ap_loop_exit_ready_pp0_iter2_reg  |   1|   0|    1|          0|
    |ap_loop_exit_ready_pp0_iter3_reg  |   1|   0|    1|          0|
    |i_fu_116                          |   7|   0|    7|          0|
    |icmp_ln239_reg_1050               |   1|   0|    1|          0|
    |indvar_flatten12_fu_120           |  18|   0|   18|          0|
    |indvar_flatten_fu_112             |  12|   0|   12|          0|
    |j_fu_108                          |   8|   0|    8|          0|
    |m0_reg_1178                       |  32|   0|   32|          0|
    |m1_reg_1192                       |  32|   0|   32|          0|
    |m2_reg_1185                       |  32|   0|   32|          0|
    |m2_reg_1185_pp0_iter2_reg         |  32|   0|   32|          0|
    |m3_reg_1199                       |  32|   0|   32|          0|
    |m_fu_104                          |   4|   0|    4|          0|
    |mul_ln243_reg_1067                |  17|   0|   17|          0|
    |mx_reg_1206                       |  32|   0|   32|          0|
    |mx_reg_1206_pp0_iter3_reg         |  32|   0|   32|          0|
    |my_reg_1213                       |  32|   0|   32|          0|
    |my_reg_1213_pp0_iter3_reg         |  32|   0|   32|          0|
    |select_ln239_1_reg_1054           |   7|   0|    7|          0|
    |select_ln240_reg_1060             |   8|   0|    8|          0|
    |select_ln249_reg_1230             |  32|   0|   32|          0|
    |trunc_ln241_3_reg_1082            |   2|   0|    2|          0|
    |trunc_ln241_reg_1073              |   1|   0|    1|          0|
    |icmp_ln239_reg_1050               |  64|  32|    1|          0|
    |select_ln239_1_reg_1054           |  64|  32|    7|          0|
    |select_ln240_reg_1060             |  64|  32|    8|          0|
    |trunc_ln241_3_reg_1082            |  64|  32|    2|          0|
    |trunc_ln241_reg_1073              |  64|  32|    1|          0|
    +----------------------------------+----+----+-----+-----------+
    |Total                             | 771| 160|  470|          0|
    +----------------------------------+----+----+-----+-----------+



================================================================
== Interface
================================================================
* Summary: 
+----------------------+-----+-----+------------+--------------+--------------+
|       RTL Ports      | Dir | Bits|  Protocol  | Source Object|    C Type    |
+----------------------+-----+-----+------------+--------------+--------------+
|ap_clk                |   in|    1|  ap_ctrl_hs|         pool1|  return value|
|ap_rst                |   in|    1|  ap_ctrl_hs|         pool1|  return value|
|ap_start              |   in|    1|  ap_ctrl_hs|         pool1|  return value|
|ap_done               |  out|    1|  ap_ctrl_hs|         pool1|  return value|
|ap_idle               |  out|    1|  ap_ctrl_hs|         pool1|  return value|
|ap_ready              |  out|    1|  ap_ctrl_hs|         pool1|  return value|
|grp_fu_9582_p_din0    |  out|   32|  ap_ctrl_hs|         pool1|  return value|
|grp_fu_9582_p_din1    |  out|   32|  ap_ctrl_hs|         pool1|  return value|
|grp_fu_9582_p_opcode  |  out|    5|  ap_ctrl_hs|         pool1|  return value|
|grp_fu_9582_p_dout0   |   in|    1|  ap_ctrl_hs|         pool1|  return value|
|grp_fu_9582_p_ce      |  out|    1|  ap_ctrl_hs|         pool1|  return value|
|feat1_p_address0      |  out|   16|   ap_memory|       feat1_p|         array|
|feat1_p_ce0           |  out|    1|   ap_memory|       feat1_p|         array|
|feat1_p_we0           |  out|    1|   ap_memory|       feat1_p|         array|
|feat1_p_d0            |  out|   32|   ap_memory|       feat1_p|         array|
|feat1_p_64_address0   |  out|   16|   ap_memory|    feat1_p_64|         array|
|feat1_p_64_ce0        |  out|    1|   ap_memory|    feat1_p_64|         array|
|feat1_p_64_we0        |  out|    1|   ap_memory|    feat1_p_64|         array|
|feat1_p_64_d0         |  out|   32|   ap_memory|    feat1_p_64|         array|
|feat1_p_65_address0   |  out|   16|   ap_memory|    feat1_p_65|         array|
|feat1_p_65_ce0        |  out|    1|   ap_memory|    feat1_p_65|         array|
|feat1_p_65_we0        |  out|    1|   ap_memory|    feat1_p_65|         array|
|feat1_p_65_d0         |  out|   32|   ap_memory|    feat1_p_65|         array|
|feat1_p_66_address0   |  out|   16|   ap_memory|    feat1_p_66|         array|
|feat1_p_66_ce0        |  out|    1|   ap_memory|    feat1_p_66|         array|
|feat1_p_66_we0        |  out|    1|   ap_memory|    feat1_p_66|         array|
|feat1_p_66_d0         |  out|   32|   ap_memory|    feat1_p_66|         array|
|feat1_address0        |  out|   18|   ap_memory|         feat1|         array|
|feat1_ce0             |  out|    1|   ap_memory|         feat1|         array|
|feat1_q0              |   in|   32|   ap_memory|         feat1|         array|
|feat1_address1        |  out|   18|   ap_memory|         feat1|         array|
|feat1_ce1             |  out|    1|   ap_memory|         feat1|         array|
|feat1_q1              |   in|   32|   ap_memory|         feat1|         array|
|feat1_61_address0     |  out|   18|   ap_memory|      feat1_61|         array|
|feat1_61_ce0          |  out|    1|   ap_memory|      feat1_61|         array|
|feat1_61_q0           |   in|   32|   ap_memory|      feat1_61|         array|
|feat1_61_address1     |  out|   18|   ap_memory|      feat1_61|         array|
|feat1_61_ce1          |  out|    1|   ap_memory|      feat1_61|         array|
|feat1_61_q1           |   in|   32|   ap_memory|      feat1_61|         array|
|feat1_62_address0     |  out|   18|   ap_memory|      feat1_62|         array|
|feat1_62_ce0          |  out|    1|   ap_memory|      feat1_62|         array|
|feat1_62_q0           |   in|   32|   ap_memory|      feat1_62|         array|
|feat1_62_address1     |  out|   18|   ap_memory|      feat1_62|         array|
|feat1_62_ce1          |  out|    1|   ap_memory|      feat1_62|         array|
|feat1_62_q1           |   in|   32|   ap_memory|      feat1_62|         array|
|feat1_63_address0     |  out|   18|   ap_memory|      feat1_63|         array|
|feat1_63_ce0          |  out|    1|   ap_memory|      feat1_63|         array|
|feat1_63_q0           |   in|   32|   ap_memory|      feat1_63|         array|
|feat1_63_address1     |  out|   18|   ap_memory|      feat1_63|         array|
|feat1_63_ce1          |  out|    1|   ap_memory|      feat1_63|         array|
|feat1_63_q1           |   in|   32|   ap_memory|      feat1_63|         array|
+----------------------+-----+-----+------------+--------------+--------------+

