Component: Arm Compiler for Embedded 6.24 Tool: armlink [5f371500]

==============================================================================

Section Cross References

    startup_stm32f446xx.o(STACK) refers (Special) to heapauxi.o(.text) for __use_two_region_memory
    startup_stm32f446xx.o(HEAP) refers (Special) to heapauxi.o(.text) for __use_two_region_memory
    startup_stm32f446xx.o(RESET) refers (Special) to heapauxi.o(.text) for __use_two_region_memory
    startup_stm32f446xx.o(RESET) refers to startup_stm32f446xx.o(STACK) for __initial_sp
    startup_stm32f446xx.o(RESET) refers to startup_stm32f446xx.o(.text) for Reset_Handler
    startup_stm32f446xx.o(RESET) refers to stm32f4xx_it.o(.text.NMI_Handler) for NMI_Handler
    startup_stm32f446xx.o(RESET) refers to stm32f4xx_it.o(.text.HardFault_Handler) for HardFault_Handler
    startup_stm32f446xx.o(RESET) refers to stm32f4xx_it.o(.text.MemManage_Handler) for MemManage_Handler
    startup_stm32f446xx.o(RESET) refers to stm32f4xx_it.o(.text.BusFault_Handler) for BusFault_Handler
    startup_stm32f446xx.o(RESET) refers to stm32f4xx_it.o(.text.UsageFault_Handler) for UsageFault_Handler
    startup_stm32f446xx.o(RESET) refers to irq_armv7m.o(.text) for SVC_Handler
    startup_stm32f446xx.o(RESET) refers to stm32f4xx_it.o(.text.DebugMon_Handler) for DebugMon_Handler
    startup_stm32f446xx.o(RESET) refers to stm32f4xx_it.o(.text.DMA1_Stream6_IRQHandler) for DMA1_Stream6_IRQHandler
    startup_stm32f446xx.o(RESET) refers to stm32f4xx_it.o(.text.TIM2_IRQHandler) for TIM2_IRQHandler
    startup_stm32f446xx.o(RESET) refers to stm32f4xx_it.o(.text.USART2_IRQHandler) for USART2_IRQHandler
    startup_stm32f446xx.o(RESET) refers to stm32f4xx_it.o(.text.TIM6_DAC_IRQHandler) for TIM6_DAC_IRQHandler
    startup_stm32f446xx.o(RESET) refers to stm32f4xx_it.o(.text.DMA2_Stream0_IRQHandler) for DMA2_Stream0_IRQHandler
    startup_stm32f446xx.o(RESET) refers to stm32f4xx_it.o(.text.DMA2_Stream3_IRQHandler) for DMA2_Stream3_IRQHandler
    startup_stm32f446xx.o(.text) refers (Special) to heapauxi.o(.text) for __use_two_region_memory
    startup_stm32f446xx.o(.text) refers to system_stm32f4xx.o(.text.SystemInit) for SystemInit
    startup_stm32f446xx.o(.text) refers to __main.o(!!!main) for __main
    startup_stm32f446xx.o(.text) refers to startup_stm32f446xx.o(HEAP) for Heap_Mem
    startup_stm32f446xx.o(.text) refers to startup_stm32f446xx.o(STACK) for Stack_Mem
    main.o(.text.main) refers to stm32f4xx_hal.o(.text.HAL_Init) for HAL_Init
    main.o(.text.main) refers to main.o(.text.SystemClock_Config) for SystemClock_Config
    main.o(.text.main) refers to gpio.o(.text.MX_GPIO_Init) for MX_GPIO_Init
    main.o(.text.main) refers to dma.o(.text.MX_DMA_Init) for MX_DMA_Init
    main.o(.text.main) refers to spi.o(.text.MX_SPI1_Init) for MX_SPI1_Init
    main.o(.text.main) refers to usart.o(.text.MX_USART2_UART_Init) for MX_USART2_UART_Init
    main.o(.text.main) refers to tim.o(.text.MX_TIM1_Init) for MX_TIM1_Init
    main.o(.text.main) refers to tim.o(.text.MX_TIM2_Init) for MX_TIM2_Init
    main.o(.ARM.exidx.text.main) refers to main.o(.text.main) for [Anonymous Symbol]
    main.o(.text.SystemClock_Config) refers to rt_memclr_w.o(.text) for __aeabi_memclr4
    main.o(.text.SystemClock_Config) refers to stm32f4xx_hal_rcc_ex.o(.text.HAL_RCC_OscConfig) for HAL_RCC_OscConfig
    main.o(.text.SystemClock_Config) refers to stm32f4xx_hal_rcc.o(.text.HAL_RCC_ClockConfig) for HAL_RCC_ClockConfig
    main.o(.ARM.exidx.text.SystemClock_Config) refers to main.o(.text.SystemClock_Config) for [Anonymous Symbol]
    main.o(.ARM.exidx.text.Error_Handler) refers to main.o(.text.Error_Handler) for [Anonymous Symbol]
    main.o(.text.HAL_TIM_PeriodElapsedCallback) refers to stm32f4xx_hal.o(.text.HAL_IncTick) for HAL_IncTick
    main.o(.ARM.exidx.text.HAL_TIM_PeriodElapsedCallback) refers to main.o(.text.HAL_TIM_PeriodElapsedCallback) for [Anonymous Symbol]
    gpio.o(.text.MX_GPIO_Init) refers to stm32f4xx_hal_gpio.o(.text.HAL_GPIO_WritePin) for HAL_GPIO_WritePin
    gpio.o(.text.MX_GPIO_Init) refers to stm32f4xx_hal_gpio.o(.text.HAL_GPIO_Init) for HAL_GPIO_Init
    gpio.o(.ARM.exidx.text.MX_GPIO_Init) refers to gpio.o(.text.MX_GPIO_Init) for [Anonymous Symbol]
    dma.o(.text.MX_DMA_Init) refers to stm32f4xx_hal_cortex.o(.text.HAL_NVIC_SetPriority) for HAL_NVIC_SetPriority
    dma.o(.text.MX_DMA_Init) refers to stm32f4xx_hal_cortex.o(.text.HAL_NVIC_EnableIRQ) for HAL_NVIC_EnableIRQ
    dma.o(.ARM.exidx.text.MX_DMA_Init) refers to dma.o(.text.MX_DMA_Init) for [Anonymous Symbol]
    spi.o(.text.MX_SPI1_Init) refers to spi.o(.bss.hspi1) for hspi1
    spi.o(.text.MX_SPI1_Init) refers to stm32f4xx_hal_spi.o(.text.HAL_SPI_Init) for HAL_SPI_Init
    spi.o(.text.MX_SPI1_Init) refers to main.o(.text.Error_Handler) for Error_Handler
    spi.o(.ARM.exidx.text.MX_SPI1_Init) refers to spi.o(.text.MX_SPI1_Init) for [Anonymous Symbol]
[...]
    [Anonymous Symbol]                       0x080033f4   Section        0  rtx_mempool.o(.text.osRtxMemoryPoolFree)
    [Anonymous Symbol]                       0x08003450   Section        0  rtx_mempool.o(.text.osRtxMemoryPoolInit)
    osRtxMessageQueuePostProcess             0x08003511   Thumb Code   568  rtx_msgqueue.o(.text.osRtxMessageQueuePostProcess)
    [Anonymous Symbol]                       0x08003510   Section        0  rtx_msgqueue.o(.text.osRtxMessageQueuePostProcess)
    [Anonymous Symbol]                       0x08003748   Section        0  rtx_msgqueue.o(.text.osRtxMessageQueueTimerSetup)
    [Anonymous Symbol]                       0x08003774   Section        0  rtx_mutex.o(.text.osRtxMutexOwnerRestore)
    [Anonymous Symbol]                       0x080037c8   Section        0  rtx_system.o(.text.osRtxPendSV_Handler)
    [Anonymous Symbol]                       0x0800388c   Section        0  rtx_system.o(.text.osRtxPostProcess)
    [Anonymous Symbol]                       0x08003904   Section        0  rtx_thread.o(.text.osRtxThreadDelayTick)
    [Anonymous Symbol]                       0x08003b50   Section        0  rtx_thread.o(.text.osRtxThreadDispatch)
    [Anonymous Symbol]                       0x08003d28   Section        0  rtx_thread.o(.text.osRtxThreadListGet)
    [Anonymous Symbol]                       0x08003d3c   Section        0  rtx_thread.o(.text.osRtxThreadListPut)
    [Anonymous Symbol]                       0x08003d9c   Section        0  rtx_thread.o(.text.osRtxThreadListRemove)
    [Anonymous Symbol]                       0x08003db4   Section        0  rtx_thread.o(.text.osRtxThreadListSort)
    [Anonymous Symbol]                       0x08003e58   Section        0  rtx_thread.o(.text.osRtxThreadReadyPut)
    [Anonymous Symbol]                       0x08003ec8   Section        0  rtx_thread.o(.text.osRtxThreadRegPtr)
    [Anonymous Symbol]                       0x08003edc   Section        0  rtx_thread.o(.text.osRtxThreadStackCheck)
    [Anonymous Symbol]                       0x08003efc   Section        0  rtx_thread.o(.text.osRtxThreadSwitch)
    [Anonymous Symbol]                       0x08003f20   Section        0  rtx_thread.o(.text.osRtxThreadWaitEnter)
    [Anonymous Symbol]                       0x08004070   Section        0  rtx_thread.o(.text.osRtxThreadWaitExit)
    [Anonymous Symbol]                       0x0800415c   Section        0  rtx_system.o(.text.osRtxTick_Handler)
    [Anonymous Symbol]                       0x080041e0   Section        0  rtx_timer.o(.text.osRtxTimerSetup)
    [Anonymous Symbol]                       0x08004208   Section        0  rtx_timer.o(.text.osRtxTimerThread)
    osRtxTimerTick                           0x08004235   Thumb Code   266  rtx_timer.o(.text.osRtxTimerTick)
    [Anonymous Symbol]                       0x08004234   Section        0  rtx_timer.o(.text.osRtxTimerTick)
    svcRtxKernelGetState                     0x08004341   Thumb Code    22  rtx_kernel.o(.text.svcRtxKernelGetState)
    [Anonymous Symbol]                       0x08004340   Section        0  rtx_kernel.o(.text.svcRtxKernelGetState)
    svcRtxKernelInitialize                   0x08004359   Thumb Code   350  rtx_kernel.o(.text.svcRtxKernelInitialize)
    [Anonymous Symbol]                       0x08004358   Section        0  rtx_kernel.o(.text.svcRtxKernelInitialize)
    svcRtxMessageQueueGet                    0x080044b9   Thumb Code   516  rtx_msgqueue.o(.text.svcRtxMessageQueueGet)
    [Anonymous Symbol]                       0x080044b8   Section        0  rtx_msgqueue.o(.text.svcRtxMessageQueueGet)
    svcRtxMessageQueueNew                    0x080046bd   Thumb Code   356  rtx_msgqueue.o(.text.svcRtxMessageQueueNew)
    [Anonymous Symbol]                       0x080046bc   Section        0  rtx_msgqueue.o(.text.svcRtxMessageQueueNew)
    svcRtxMessageQueuePut                    0x08004821   Thumb Code   418  rtx_msgqueue.o(.text.svcRtxMessageQueuePut)
    [Anonymous Symbol]                       0x08004820   Section        0  rtx_msgqueue.o(.text.svcRtxMessageQueuePut)
    svcRtxMutexAcquire                       0x080049c5   Thumb Code   232  rtx_mutex.o(.text.svcRtxMutexAcquire)
    [Anonymous Symbol]                       0x080049c4   Section        0  rtx_mutex.o(.text.svcRtxMutexAcquire)
    svcRtxMutexDelete                        0x08004aad   Thumb Code   212  rtx_mutex.o(.text.svcRtxMutexDelete)
    [Anonymous Symbol]                       0x08004aac   Section        0  rtx_mutex.o(.text.svcRtxMutexDelete)
    svcRtxMutexNew                           0x08004b81   Thumb Code   168  rtx_mutex.o(.text.svcRtxMutexNew)
    [Anonymous Symbol]                       0x08004b80   Section        0  rtx_mutex.o(.text.svcRtxMutexNew)
    svcRtxMutexRelease                       0x08004c29   Thumb Code   244  rtx_mutex.o(.text.svcRtxMutexRelease)
    [Anonymous Symbol]                       0x08004c28   Section        0  rtx_mutex.o(.text.svcRtxMutexRelease)
    $v0                                      0x08004d1c   Number         0  fpinit.o(x$fpl$fpinit)
    x$fpl$fpinit                             0x08004d1c   Section       26  fpinit.o(x$fpl$fpinit)
    __tagsym$$used.4                         0x08004d38   Number         0  rtx_lib.o(.rodata)
    __tagsym$$used.5                         0x08004da8   Number         0  rtx_lib.o(.rodata)
    DMA_CalcBaseAndBitshift.flagBitshiftOffset 0x08004df8   Data           8  stm32f4xx_hal_dma.o(.rodata.cst8)
    [Anonymous Symbol]                       0x08004df8   Section        0  stm32f4xx_hal_dma.o(.rodata.cst8)
    os_idle_thread_attr                      0x08004e04   Data          36  rtx_lib.o(.rodata.os_idle_thread_attr)
    [Anonymous Symbol]                       0x08004e04   Section        0  rtx_lib.o(.rodata.os_idle_thread_attr)
    os_timer_mq_attr                         0x08004e28   Data          24  rtx_lib.o(.rodata.os_timer_mq_attr)
    [Anonymous Symbol]                       0x08004e28   Section        0  rtx_lib.o(.rodata.os_timer_mq_attr)
    os_timer_thread_attr                     0x08004e40   Data          36  rtx_lib.o(.rodata.os_timer_thread_attr)
    [Anonymous Symbol]                       0x08004e40   Section        0  rtx_lib.o(.rodata.os_timer_thread_attr)
    .L.str                                   0x08004e64   Data          11  rtx_kernel.o(.rodata.str1.4)
    [Anonymous Symbol]                       0x08004e64   Section        0  rtx_kernel.o(.rodata.str1.4)
    .L_MergedGlobals                         0x20000000   Data           8  stm32f4xx_hal.o(.data..L_MergedGlobals)
    [Anonymous Symbol]                       0x20000000   Section        0  stm32f4xx_hal.o(.data..L_MergedGlobals)
    .bss                                     0x200000b0   Section       96  libspace.o(.bss)
    os_isr_queue                             0x200003a8   Data          64  rtx_lib.o(.bss.os)
    [Anonymous Symbol]                       0x200003a8   Section        0  rtx_lib.o(.bss.os)
    os_mem                                   0x200003e8   Data       32768  rtx_lib.o(.bss.os)
    os_timer_mq_cb                           0x200083e8   Data          52  rtx_lib.o(.bss.os.msgqueue.cb)
    [Anonymous Symbol]                       0x200083e8   Section        0  rtx_lib.o(.bss.os.msgqueue.cb)
    os_timer_mq_data                         0x2000841c   Data          80  rtx_lib.o(.bss.os.msgqueue.mem)
    [Anonymous Symbol]                       0x2000841c   Section        0  rtx_lib.o(.bss.os.msgqueue.mem)
    os_idle_thread_cb                        0x2000846c   Data          80  rtx_lib.o(.bss.os.thread.cb)
    [Anonymous Symbol]                       0x2000846c   Section        0  rtx_lib.o(.bss.os.thread.cb)
    os_timer_thread_cb                       0x200084bc   Data          80  rtx_lib.o(.bss.os.thread.cb)
    os_idle_thread_stack                     0x20008510   Data         512  rtx_lib.o(.bss.os.thread.idle.stack)
    [Anonymous Symbol]                       0x20008510   Section        0  rtx_lib.o(.bss.os.thread.idle.stack)
    os_timer_thread_stack                    0x20008710   Data         512  rtx_lib.o(.bss.os.thread.timer.stack)
    [Anonymous Symbol]                       0x20008710   Section        0  rtx_lib.o(.bss.os.thread.timer.stack)
    os_kernel_is_active.os_kernel_active     0x20008910   Data           1  rtx_lib.o(.bss.os_kernel_is_active.os_kernel_active)
    [Anonymous Symbol]                       0x20008910   Section        0  rtx_lib.o(.bss.os_kernel_is_active.os_kernel_active)
    Heap_Mem                                 0x20008918   Data         512  startup_stm32f446xx.o(HEAP)
    HEAP                                     0x20008918   Section      512  startup_stm32f446xx.o(HEAP)
    Stack_Mem                                0x20008b18   Data        1024  startup_stm32f446xx.o(STACK)
    STACK                                    0x20008b18   Section     1024  startup_stm32f446xx.o(STACK)
    __initial_sp                             0x20008f18   Data           0  startup_stm32f446xx.o(STACK)
    FPCCR                                    0xe000ef34   Number         0  irq_armv7m.o ABSOLUTE

    Global Symbols

    Symbol Name                              Value     Ov Type        Size  Object(Section)

    BuildAttributes$$THM_ISAv4$E$P$D$K$B$S$7EM$VFPi3$EXTD16$VFPS$VFMA$PE$A:L22UL41UL21$X:L11$S22US41US21$IEEE1$IW$~IW$USESV6$~STKCKD$USESV7$~SHL$OTIME$ROPI$IEEEX$EBA8$UX$STANDARDLIB$REQ8$PRES8$EABIv2 0x00000000   Number         0  anon$$obj.o ABSOLUTE
    .bss.os.evflags.cb$$Base                  - Undefined Weak Reference
    .bss.os.evflags.cb$$Limit                 - Undefined Weak Reference
    .bss.os.mempool.cb$$Base                  - Undefined Weak Reference
    .bss.os.mempool.cb$$Limit                 - Undefined Weak Reference
    .bss.os.mutex.cb$$Base                    - Undefined Weak Reference
    .bss.os.mutex.cb$$Limit                   - Undefined Weak Reference
    .bss.os.semaphore.cb$$Base                - Undefined Weak Reference
    .bss.os.semaphore.cb$$Limit               - Undefined Weak Reference
    .bss.os.timer.cb$$Base                    - Undefined Weak Reference
    .bss.os.timer.cb$$Limit                   - Undefined Weak Reference
    __ARM_exceptions_init                     - Undefined Weak Reference
    __alloca_initialize                       - Undefined Weak Reference
    __arm_preinit_                            - Undefined Weak Reference
    __arm_relocate_pie_                       - Undefined Weak Reference
    __cpp_initialize__aeabi_                  - Undefined Weak Reference
    __cxa_finalize                            - Undefined Weak Reference
    __rt_locale                               - Undefined Weak Reference
    __sigvec_lookup                           - Undefined Weak Reference
    _atexit_init                              - Undefined Weak Reference
    _call_atexit_fns                          - Undefined Weak Reference
    _clock_init                               - Undefined Weak Reference
    _fp_trap_init                             - Undefined Weak Reference
    _fp_trap_shutdown                         - Undefined Weak Reference
    _get_lc_collate                           - Undefined Weak Reference
    _get_lc_ctype                             - Undefined Weak Reference
    _get_lc_monetary                          - Undefined Weak Reference
    _get_lc_numeric                           - Undefined Weak Reference
    _get_lc_time                              - Undefined Weak Reference
    _getenv_init                              - Undefined Weak Reference
    _handle_redirection                       - Undefined Weak Reference
    _init_alloc                               - Undefined Weak Reference
    _init_user_alloc                          - Undefined Weak Reference
    _initio                                   - Undefined Weak Reference
    _rand_init                                - Undefined Weak Reference
    _signal_finish                            - Undefined Weak Reference
    _signal_init                              - Undefined Weak Reference
    _terminate_alloc                          - Undefined Weak Reference
    _terminate_user_alloc                     - Undefined Weak Reference
    _terminateio                              - Undefined Weak Reference
    __Vectors_Size                           0x000001c4   Number         0  startup_stm32f446xx.o ABSOLUTE
    __Vectors                                0x08000000   Data           4  startup_stm32f446xx.o(RESET)
    __Vectors_End                            0x080001c4   Data           0  startup_stm32f446xx.o(RESET)
    __main                                   0x080001c5   Thumb Code     8  __main.o(!!!main)
    __scatterload                            0x080001cd   Thumb Code     0  __scatter.o(!!!scatter)
    __scatterload_rt2                        0x080001cd   Thumb Code    84  __scatter.o(!!!scatter)
    __scatterload_rt2_thumb_only             0x080001cd   Thumb Code     0  __scatter.o(!!!scatter)
    __scatterload_loop                       0x080001d7   Thumb Code     0  __scatter.o(!!!scatter)
    __scatterload_copy                       0x08000229   Thumb Code    26  __scatter_copy.o(!!handler_copy)
    __scatterload_null                       0x08000245   Thumb Code     2  __scatter.o(!!handler_null)
    __scatterload_zeroinit                   0x08000249   Thumb Code    28  __scatter_zi.o(!!handler_zi)
    __rt_lib_init                            0x08000265   Thumb Code     0  libinit.o(.ARM.Collect$$libinit$$00000000)
    __rt_lib_init_fp_1                       0x08000267   Thumb Code     0  libinit2.o(.ARM.Collect$$libinit$$00000001)
    __rt_lib_init_alloca_1                   0x0800026b   Thumb Code     0  libinit2.o(.ARM.Collect$$libinit$$00000030)
    __rt_lib_init_argv_1                     0x0800026b   Thumb Code     0  libinit2.o(.ARM.Collect$$libinit$$0000002E)
    __rt_lib_init_atexit_1                   0x0800026b   Thumb Code     0  libinit2.o(.ARM.Collect$$libinit$$0000001D)
    __rt_lib_init_clock_1                    0x0800026b   Thumb Code     0  libinit2.o(.ARM.Collect$$libinit$$00000023)
    __rt_lib_init_cpp_1                      0x0800026b   Thumb Code     0  libinit2.o(.ARM.Collect$$libinit$$00000034)
    __rt_lib_init_exceptions_1               0x0800026b   Thumb Code     0  libinit2.o(.ARM.Collect$$libinit$$00000032)
    __rt_lib_init_fp_trap_1                  0x0800026b   Thumb Code     0  libinit2.o(.ARM.Collect$$libinit$$00000021)
    __rt_lib_init_getenv_1                   0x0800026b   Thumb Code     0  libinit2.o(.ARM.Collect$$libinit$$00000025)
    __rt_lib_init_heap_1                     0x0800026b   Thumb Code     0  libinit2.o(.ARM.Collect$$libinit$$0000000C)
    __rt_lib_init_lc_collate_1               0x0800026b   Thumb Code     0  libinit2.o(.ARM.Collect$$libinit$$00000013)
    __rt_lib_init_lc_ctype_1                 0x0800026b   Thumb Code     0  libinit2.o(.ARM.Collect$$libinit$$00000015)
    __rt_lib_init_lc_monetary_1              0x0800026b   Thumb Code     0  libinit2.o(.ARM.Collect$$libinit$$00000017)
    __rt_lib_init_lc_numeric_1               0x0800026b   Thumb Code     0  libinit2.o(.ARM.Collect$$libinit$$00000019)
    __rt_lib_init_lc_time_1                  0x0800026b   Thumb Code     0  libinit2.o(.ARM.Collect$$libinit$$0000001B)
    __rt_lib_init_preinit_1                  0x0800026b   Thumb Code     0  libinit2.o(.ARM.Collect$$libinit$$00000006)
    __rt_lib_init_rand_1                     0x0800026b   Thumb Code     0  libinit2.o(.ARM.Collect$$libinit$$00000010)
    __rt_lib_init_relocate_pie_1             0x0800026b   Thumb Code     0  libinit2.o(.ARM.Collect$$libinit$$00000004)
    __rt_lib_init_return                     0x0800026b   Thumb Code     0  libinit2.o(.ARM.Collect$$libinit$$00000035)
    __rt_lib_init_signal_1                   0x0800026b   Thumb Code     0  libinit2.o(.ARM.Collect$$libinit$$0000001F)
    __rt_lib_init_stdio_1                    0x0800026b   Thumb Code     0  libinit2.o(.ARM.Collect$$libinit$$00000027)
    __rt_lib_init_user_alloc_1               0x0800026b   Thumb Code     0  libinit2.o(.ARM.Collect$$libinit$$0000000E)
    __rt_lib_shutdown                        0x0800026d   Thumb Code     0  libshutdown.o(.ARM.Collect$$libshutdown$$00000000)
    __rt_lib_shutdown_cpp_1                  0x0800026f   Thumb Code     0  libshutdown2.o(.ARM.Collect$$libshutdown$$00000002)
    __rt_lib_shutdown_fp_trap_1              0x0800026f   Thumb Code     0  libshutdown2.o(.ARM.Collect$$libshutdown$$00000007)
    __rt_lib_shutdown_heap_1                 0x0800026f   Thumb Code     0  libshutdown2.o(.ARM.Collect$$libshutdown$$0000000F)
    __rt_lib_shutdown_return                 0x0800026f   Thumb Code     0  libshutdown2.o(.ARM.Collect$$libshutdown$$00000010)
    __rt_lib_shutdown_signal_1               0x0800026f   Thumb Code     0  libshutdown2.o(.ARM.Collect$$libshutdown$$0000000A)
    __rt_lib_shutdown_stdio_1                0x0800026f   Thumb Code     0  libshutdown2.o(.ARM.Collect$$libshutdown$$00000004)
    __rt_lib_shutdown_user_alloc_1           0x0800026f   Thumb Code     0  libshutdown2.o(.ARM.Collect$$libshutdown$$0000000C)
    __rt_entry                               0x08000271   Thumb Code     0  __rtentry.o(.ARM.Collect$$rtentry$$00000000)
    __rt_entry_presh_1                       0x08000271   Thumb Code     0  __rtentry2.o(.ARM.Collect$$rtentry$$00000002)
    __rt_entry_sh                            0x08000271   Thumb Code     0  __rtentry4.o(.ARM.Collect$$rtentry$$00000004)
    __rt_entry_postsh_1                      0x08000277   Thumb Code     0  __rtentry2.o(.ARM.Collect$$rtentry$$00000008)
    __rt_entry_li                            0x0800027f   Thumb Code     0  __rtentry2.o(.ARM.Collect$$rtentry$$0000000A)
    __rt_entry_main                          0x08000283   Thumb Code     0  __rtentry2.o(.ARM.Collect$$rtentry$$0000000D)
    __rt_entry_postli_1                      0x08000283   Thumb Code     0  __rtentry2.o(.ARM.Collect$$rtentry$$0000000C)
    __rt_exit                                0x0800028b   Thumb Code     0  rtexit.o(.ARM.Collect$$rtexit$$00000000)
    __rt_exit_ls                             0x0800028d   Thumb Code     0  rtexit2.o(.ARM.Collect$$rtexit$$00000003)
    __rt_exit_prels_1                        0x0800028d   Thumb Code     0  rtexit2.o(.ARM.Collect$$rtexit$$00000002)
    __rt_exit_exit                           0x08000291   Thumb Code     0  rtexit2.o(.ARM.Collect$$rtexit$$00000004)
    Reset_Handler                            0x08000299   Thumb Code     8  startup_stm32f446xx.o(.text)
    ADC_IRQHandler                           0x080002b3   Thumb Code     0  startup_stm32f446xx.o(.text)
    CAN1_RX0_IRQHandler                      0x080002b3   Thumb Code     0  startup_stm32f446xx.o(.text)
    CAN1_RX1_IRQHandler                      0x080002b3   Thumb Code     0  startup_stm32f446xx.o(.text)
    CAN1_SCE_IRQHandler                      0x080002b3   Thumb Code     0  startup_stm32f446xx.o(.text)
    CAN1_TX_IRQHandler                       0x080002b3   Thumb Code     0  startup_stm32f446xx.o(.text)
    CAN2_RX0_IRQHandler                      0x080002b3   Thumb Code     0  startup_stm32f446xx.o(.text)
    CAN2_RX1_IRQHandler                      0x080002b3   Thumb Code     0  startup_stm32f446xx.o(.text)
    CAN2_SCE_IRQHandler                      0x080002b3   Thumb Code     0  startup_stm32f446xx.o(.text)
    CAN2_TX_IRQHandler                       0x080002b3   Thumb Code     0  startup_stm32f446xx.o(.text)
    CEC_IRQHandler                           0x080002b3   Thumb Code     0  startup_stm32f446xx.o(.text)
    DCMI_IRQHandler                          0x080002b3   Thumb Code     0  startup_stm32f446xx.o(.text)
    DMA1_Stream0_IRQHandler                  0x080002b3   Thumb Code     0  startup_stm32f446xx.o(.text)
    DMA1_Stream1_IRQHandler                  0x080002b3   Thumb Code     0  startup_stm32f446xx.o(.text)
    DMA1_Stream2_IRQHandler                  0x080002b3   Thumb Code     0  startup_stm32f446xx.o(.text)
    DMA1_Stream3_IRQHandler                  0x080002b3   Thumb Code     0  startup_stm32f446xx.o(.text)
    DMA1_Stream4_IRQHandler                  0x080002b3   Thumb Code     0  startup_stm32f446xx.o(.text)
    DMA1_Stream5_IRQHandler                  0x080002b3   Thumb Code     0  startup_stm32f446xx.o(.text)
    DMA1_Stream7_IRQHandler                  0x080002b3   Thumb Code     0  startup_stm32f446xx.o(.text)
    DMA2_Stream1_IRQHandler                  0x080002b3   Thumb Code     0  startup_stm32f446xx.o(.text)
    DMA2_Stream2_IRQHandler                  0x080002b3   Thumb Code     0  startup_stm32f446xx.o(.text)
    DMA2_Stream4_IRQHandler                  0x080002b3   Thumb Code     0  startup_stm32f446xx.o(.text)
    DMA2_Stream5_IRQHandler                  0x080002b3   Thumb Code     0  startup_stm32f446xx.o(.text)
    DMA2_Stream6_IRQHandler                  0x080002b3   Thumb Code     0  startup_stm32f446xx.o(.text)
    DMA2_Stream7_IRQHandler                  0x080002b3   Thumb Code     0  startup_stm32f446xx.o(.text)
    EXTI0_IRQHandler                         0x080002b3   Thumb Code     0  startup_stm32f446xx.o(.text)
    EXTI15_10_IRQHandler                     0x080002b3   Thumb Code     0  startup_stm32f446xx.o(.text)
    EXTI1_IRQHandler                         0x080002b3   Thumb Code     0  startup_stm32f446xx.o(.text)
    EXTI2_IRQHandler                         0x080002b3   Thumb Code     0  startup_stm32f446xx.o(.text)
    EXTI3_IRQHandler                         0x080002b3   Thumb Code     0  startup_stm32f446xx.o(.text)
    EXTI4_IRQHandler                         0x080002b3   Thumb Code     0  startup_stm32f446xx.o(.text)
    EXTI9_5_IRQHandler                       0x080002b3   Thumb Code     0  startup_stm32f446xx.o(.text)
    FLASH_IRQHandler                         0x080002b3   Thumb Code     0  startup_stm32f446xx.o(.text)
    FMC_IRQHandler                           0x080002b3   Thumb Code     0  startup_stm32f446xx.o(.text)
    FMPI2C1_ER_IRQHandler                    0x080002b3   Thumb Code     0  startup_stm32f446xx.o(.text)
    FMPI2C1_EV_IRQHandler                    0x080002b3   Thumb Code     0  startup_stm32f446xx.o(.text)
    FPU_IRQHandler                           0x080002b3   Thumb Code     0  startup_stm32f446xx.o(.text)
    I2C1_ER_IRQHandler                       0x080002b3   Thumb Code     0  startup_stm32f446xx.o(.text)
    I2C1_EV_IRQHandler                       0x080002b3   Thumb Code     0  startup_stm32f446xx.o(.text)
    I2C2_ER_IRQHandler                       0x080002b3   Thumb Code     0  startup_stm32f446xx.o(.text)
    I2C2_EV_IRQHandler                       0x080002b3   Thumb Code     0  startup_stm32f446xx.o(.text)
    I2C3_ER_IRQHandler                       0x080002b3   Thumb Code     0  startup_stm32f446xx.o(.text)
    I2C3_EV_IRQHandler                       0x080002b3   Thumb Code     0  startup_stm32f446xx.o(.text)
    OTG_FS_IRQHandler                        0x080002b3   Thumb Code     0  startup_stm32f446xx.o(.text)
    OTG_FS_WKUP_IRQHandler                   0x080002b3   Thumb Code     0  startup_stm32f446xx.o(.text)
    OTG_HS_EP1_IN_IRQHandler                 0x080002b3   Thumb Code     0  startup_stm32f446xx.o(.text)
    OTG_HS_EP1_OUT_IRQHandler                0x080002b3   Thumb Code     0  startup_stm32f446xx.o(.text)
    OTG_HS_IRQHandler                        0x080002b3   Thumb Code     0  startup_stm32f446xx.o(.text)
    OTG_HS_WKUP_IRQHandler                   0x080002b3   Thumb Code     0  startup_stm32f446xx.o(.text)
    PVD_IRQHandler                           0x080002b3   Thumb Code     0  startup_stm32f446xx.o(.text)
    QUADSPI_IRQHandler                       0x080002b3   Thumb Code     0  startup_stm32f446xx.o(.text)
    RCC_IRQHandler                           0x080002b3   Thumb Code     0  startup_stm32f446xx.o(.text)
    RTC_Alarm_IRQHandler                     0x080002b3   Thumb Code     0  startup_stm32f446xx.o(.text)
    RTC_WKUP_IRQHandler                      0x080002b3   Thumb Code     0  startup_stm32f446xx.o(.text)
    SAI1_IRQHandler                          0x080002b3   Thumb Code     0  startup_stm32f446xx.o(.text)
    SAI2_IRQHandler                          0x080002b3   Thumb Code     0  startup_stm32f446xx.o(.text)
    SDIO_IRQHandler                          0x080002b3   Thumb Code     0  startup_stm32f446xx.o(.text)
    SPDIF_RX_IRQHandler                      0x080002b3   Thumb Code     0  startup_stm32f446xx.o(.text)
    SPI1_IRQHandler                          0x080002b3   Thumb Code     0  startup_stm32f446xx.o(.text)
    SPI2_IRQHandler                          0x080002b3   Thumb Code     0  startup_stm32f446xx.o(.text)
    SPI3_IRQHandler                          0x080002b3   Thumb Code     0  startup_stm32f446xx.o(.text)
    SPI4_IRQHandler                          0x080002b3   Thumb Code     0  startup_stm32f446xx.o(.text)
    TAMP_STAMP_IRQHandler                    0x080002b3   Thumb Code     0  startup_stm32f446xx.o(.text)
    TIM1_BRK_TIM9_IRQHandler                 0x080002b3   Thumb Code     0  startup_stm32f446xx.o(.text)
    TIM1_CC_IRQHandler                       0x080002b3   Thumb Code     0  startup_stm32f446xx.o(.text)
    TIM1_TRG_COM_TIM11_IRQHandler            0x080002b3   Thumb Code     0  startup_stm32f446xx.o(.text)
    TIM1_UP_TIM10_IRQHandler                 0x080002b3   Thumb Code     0  startup_stm32f446xx.o(.text)
    TIM3_IRQHandler                          0x080002b3   Thumb Code     0  startup_stm32f446xx.o(.text)
    TIM4_IRQHandler                          0x080002b3   Thumb Code     0  startup_stm32f446xx.o(.text)
    TIM5_IRQHandler                          0x080002b3   Thumb Code     0  startup_stm32f446xx.o(.text)
    TIM7_IRQHandler                          0x080002b3   Thumb Code     0  startup_stm32f446xx.o(.text)
    TIM8_BRK_TIM12_IRQHandler                0x080002b3   Thumb Code     0  startup_stm32f446xx.o(.text)
    TIM8_CC_IRQHandler                       0x080002b3   Thumb Code     0  startup_stm32f446xx.o(.text)
    TIM8_TRG_COM_TIM14_IRQHandler            0x080002b3   Thumb Code     0  startup_stm32f446xx.o(.text)
    TIM8_UP_TIM13_IRQHandler                 0x080002b3   Thumb Code     0  startup_stm32f446xx.o(.text)
    UART4_IRQHandler                         0x080002b3   Thumb Code     0  startup_stm32f446xx.o(.text)
    UART5_IRQHandler                         0x080002b3   Thumb Code     0  startup_stm32f446xx.o(.text)
    USART1_IRQHandler                        0x080002b3   Thumb Code     0  startup_stm32f446xx.o(.text)
    USART3_IRQHandler                        0x080002b3   Thumb Code     0  startup_stm32f446xx.o(.text)
    USART6_IRQHandler                        0x080002b3   Thumb Code     0  startup_stm32f446xx.o(.text)
    WWDG_IRQHandler                          0x080002b3   Thumb Code     0  startup_stm32f446xx.o(.text)
    __user_initial_stackheap                 0x080002b5   Thumb Code     0  startup_stm32f446xx.o(.text)
    SVC_Handler                              0x080002d9   Thumb Code   208  irq_armv7m.o(.text)
    PendSV_Handler                           0x080003a9   Thumb Code    16  irq_armv7m.o(.text)
    SysTick_Handler                          0x080003b9   Thumb Code    16  irq_armv7m.o(.text)
    __aeabi_uldivmod                         0x080003d9   Thumb Code     0  lludivv7m.o(.text)
    _ll_udiv                                 0x080003d9   Thumb Code   240  lludivv7m.o(.text)
    __aeabi_memcpy                           0x080004c9   Thumb Code     0  rt_memcpy_v6.o(.text)
    __rt_memcpy                              0x080004c9   Thumb Code   138  rt_memcpy_v6.o(.text)
    _memcpy_lastbytes                        0x0800052f   Thumb Code     0  rt_memcpy_v6.o(.text)
    __aeabi_memcpy4                          0x08000553   Thumb Code     0  rt_memcpy_w.o(.text)
    __aeabi_memcpy8                          0x08000553   Thumb Code     0  rt_memcpy_w.o(.text)
    __rt_memcpy_w                            0x08000553   Thumb Code   100  rt_memcpy_w.o(.text)
    _memcpy_lastbytes_aligned                0x0800059b   Thumb Code     0  rt_memcpy_w.o(.text)
    __aeabi_memclr                           0x080005b7   Thumb Code     0  rt_memclr.o(.text)
    __rt_memclr                              0x080005b7   Thumb Code     0  rt_memclr.o(.text)
    _memset                                  0x080005bb   Thumb Code    64  rt_memclr.o(.text)
    __aeabi_memclr4                          0x080005fb   Thumb Code     0  rt_memclr_w.o(.text)
    __aeabi_memclr8                          0x080005fb   Thumb Code     0  rt_memclr_w.o(.text)
    __rt_memclr_w                            0x080005fb   Thumb Code     0  rt_memclr_w.o(.text)
    _memset_w                                0x080005ff   Thumb Code    74  rt_memclr_w.o(.text)
    __use_two_region_memory                  0x08000649   Thumb Code     2  heapauxi.o(.text)
    __rt_heap_escrow$2region                 0x0800064b   Thumb Code     2  heapauxi.o(.text)
    __rt_heap_expand$2region                 0x0800064d   Thumb Code     2  heapauxi.o(.text)
    __user_libspace                          0x08000651   Thumb Code     8  libspace.o(.text)
    __user_perproc_libspace                  0x08000651   Thumb Code     0  libspace.o(.text)
    __user_setup_stackheap                   0x08000659   Thumb Code    74  sys_stackheap_outer.o(.text)
    exit                                     0x080006a3   Thumb Code    18  exit.o(.text)
    _sys_exit                                0x080006b5   Thumb Code     8  sys_exit.o(.text)
    __I$use$semihosting                      0x080006c1   Thumb Code     0  use_no_semi.o(.text)
    __use_no_semihosting_swi                 0x080006c1   Thumb Code     2  use_no_semi.o(.text)
    __semihosting_library_function           0x080006c3   Thumb Code     0  indicate_semi.o(.text)
    _fp_init                                 0x080006c5   Thumb Code    22  rtx_lib.o(.text.$Sub$$_fp_init)
    BusFault_Handler                         0x080006dd   Thumb Code     2  stm32f4xx_it.o(.text.BusFault_Handler)
    DMA1_Stream6_IRQHandler                  0x080006e1   Thumb Code    12  stm32f4xx_it.o(.text.DMA1_Stream6_IRQHandler)
    DMA2_Stream0_IRQHandler                  0x080006ed   Thumb Code    12  stm32f4xx_it.o(.text.DMA2_Stream0_IRQHandler)
    DMA2_Stream3_IRQHandler                  0x080006f9   Thumb Code    12  stm32f4xx_it.o(.text.DMA2_Stream3_IRQHandler)
    DebugMon_Handler                         0x08000705   Thumb Code     2  stm32f4xx_it.o(.text.DebugMon_Handler)
    Error_Handler                            0x08000709   Thumb Code     6  main.o(.text.Error_Handler)
    EvrRtxDelayCompleted                     0x08000711   Thumb Code     2  rtx_evr.o(.text.EvrRtxDelayCompleted)
    EvrRtxEventFlagsWaitTimeout              0x08000715   Thumb Code     2  rtx_evr.o(.text.EvrRtxEventFlagsWaitTimeout)
    EvrRtxKernelError                        0x08000719   Thumb Code     2  rtx_evr.o(.text.EvrRtxKernelError)
    EvrRtxKernelErrorNotify                  0x0800071d   Thumb Code     2  rtx_evr.o(.text.EvrRtxKernelErrorNotify)
    EvrRtxKernelGetState                     0x08000721   Thumb Code     2  rtx_evr.o(.text.EvrRtxKernelGetState)
    EvrRtxKernelInitialize                   0x08000725   Thumb Code     2  rtx_evr.o(.text.EvrRtxKernelInitialize)
    EvrRtxKernelInitialized                  0x08000729   Thumb Code     2  rtx_evr.o(.text.EvrRtxKernelInitialized)
    EvrRtxMemoryAlloc                        0x0800072d   Thumb Code     2  rtx_evr.o(.text.EvrRtxMemoryAlloc)
    EvrRtxMemoryBlockAlloc                   0x08000731   Thumb Code     2  rtx_evr.o(.text.EvrRtxMemoryBlockAlloc)
    EvrRtxMemoryBlockFree                    0x08000735   Thumb Code     2  rtx_evr.o(.text.EvrRtxMemoryBlockFree)
    EvrRtxMemoryBlockInit                    0x08000739   Thumb Code     2  rtx_evr.o(.text.EvrRtxMemoryBlockInit)
    EvrRtxMemoryFree                         0x0800073d   Thumb Code     2  rtx_evr.o(.text.EvrRtxMemoryFree)
    EvrRtxMemoryInit                         0x08000741   Thumb Code     2  rtx_evr.o(.text.EvrRtxMemoryInit)
    EvrRtxMemoryPoolAllocTimeout             0x08000745   Thumb Code     2  rtx_evr.o(.text.EvrRtxMemoryPoolAllocTimeout)
    EvrRtxMessageQueueCreated                0x08000749   Thumb Code     2  rtx_evr.o(.text.EvrRtxMessageQueueCreated)
    EvrRtxMessageQueueError                  0x0800074d   Thumb Code     2  rtx_evr.o(.text.EvrRtxMessageQueueError)
    EvrRtxMessageQueueGet                    0x08000751   Thumb Code     2  rtx_evr.o(.text.EvrRtxMessageQueueGet)
    EvrRtxMessageQueueGetPending             0x08000755   Thumb Code     2  rtx_evr.o(.text.EvrRtxMessageQueueGetPending)
    EvrRtxMessageQueueGetTimeout             0x08000759   Thumb Code     2  rtx_evr.o(.text.EvrRtxMessageQueueGetTimeout)
    EvrRtxMessageQueueInsertPending          0x0800075d   Thumb Code     2  rtx_evr.o(.text.EvrRtxMessageQueueInsertPending)
    EvrRtxMessageQueueInserted               0x08000761   Thumb Code     2  rtx_evr.o(.text.EvrRtxMessageQueueInserted)
    EvrRtxMessageQueueNotInserted            0x08000765   Thumb Code     2  rtx_evr.o(.text.EvrRtxMessageQueueNotInserted)
    EvrRtxMessageQueueNotRetrieved           0x08000769   Thumb Code     2  rtx_evr.o(.text.EvrRtxMessageQueueNotRetrieved)
    EvrRtxMessageQueuePut                    0x0800076d   Thumb Code     2  rtx_evr.o(.text.EvrRtxMessageQueuePut)
    EvrRtxMessageQueuePutPending             0x08000771   Thumb Code     2  rtx_evr.o(.text.EvrRtxMessageQueuePutPending)
    EvrRtxMessageQueuePutTimeout             0x08000775   Thumb Code     2  rtx_evr.o(.text.EvrRtxMessageQueuePutTimeout)
    EvrRtxMessageQueueRetrieved              0x08000779   Thumb Code     2  rtx_evr.o(.text.EvrRtxMessageQueueRetrieved)
    EvrRtxMutexAcquire                       0x0800077d   Thumb Code     2  rtx_evr.o(.text.EvrRtxMutexAcquire)
    EvrRtxMutexAcquirePending                0x08000781   Thumb Code     2  rtx_evr.o(.text.EvrRtxMutexAcquirePending)
    EvrRtxMutexAcquireTimeout                0x08000785   Thumb Code     2  rtx_evr.o(.text.EvrRtxMutexAcquireTimeout)
    EvrRtxMutexAcquired                      0x08000789   Thumb Code     2  rtx_evr.o(.text.EvrRtxMutexAcquired)
    EvrRtxMutexCreated                       0x0800078d   Thumb Code     2  rtx_evr.o(.text.EvrRtxMutexCreated)
    EvrRtxMutexDelete                        0x08000791   Thumb Code     2  rtx_evr.o(.text.EvrRtxMutexDelete)
    EvrRtxMutexDestroyed                     0x08000795   Thumb Code     2  rtx_evr.o(.text.EvrRtxMutexDestroyed)
    EvrRtxMutexError                         0x08000799   Thumb Code     2  rtx_evr.o(.text.EvrRtxMutexError)
    EvrRtxMutexNew                           0x0800079d   Thumb Code     2  rtx_evr.o(.text.EvrRtxMutexNew)
    EvrRtxMutexNotAcquired                   0x080007a1   Thumb Code     2  rtx_evr.o(.text.EvrRtxMutexNotAcquired)
    EvrRtxMutexRelease                       0x080007a5   Thumb Code     2  rtx_evr.o(.text.EvrRtxMutexRelease)
    EvrRtxMutexReleased                      0x080007a9   Thumb Code     2  rtx_evr.o(.text.EvrRtxMutexReleased)
    EvrRtxSemaphoreAcquireTimeout            0x080007ad   Thumb Code     2  rtx_evr.o(.text.EvrRtxSemaphoreAcquireTimeout)
    EvrRtxThreadBlocked                      0x080007b1   Thumb Code     2  rtx_evr.o(.text.EvrRtxThreadBlocked)
    EvrRtxThreadFlagsWaitTimeout             0x080007b5   Thumb Code     2  rtx_evr.o(.text.EvrRtxThreadFlagsWaitTimeout)
    EvrRtxThreadPreempted                    0x080007b9   Thumb Code     2  rtx_evr.o(.text.EvrRtxThreadPreempted)
    EvrRtxThreadSwitched                     0x080007bd   Thumb Code     2  rtx_evr.o(.text.EvrRtxThreadSwitched)
    EvrRtxThreadUnblocked                    0x080007c1   Thumb Code     2  rtx_evr.o(.text.EvrRtxThreadUnblocked)
    EvrRtxTimerCallback                      0x080007c5   Thumb Code     2  rtx_evr.o(.text.EvrRtxTimerCallback)
    HAL_DMA_Abort                            0x080007c9   Thumb Code   142  stm32f4xx_hal_dma.o(.text.HAL_DMA_Abort)
    HAL_DMA_Abort_IT                         0x08000859   Thumb Code    36  stm32f4xx_hal_dma.o(.text.HAL_DMA_Abort_IT)
    HAL_DMA_IRQHandler                       0x0800087d   Thumb Code   452  stm32f4xx_hal_dma.o(.text.HAL_DMA_IRQHandler)
    HAL_DMA_Init                             0x08000a41   Thumb Code   354  stm32f4xx_hal_dma.o(.text.HAL_DMA_Init)
    HAL_GPIO_Init                            0x08000ba5   Thumb Code   414  stm32f4xx_hal_gpio.o(.text.HAL_GPIO_Init)
    HAL_GPIO_WritePin                        0x08000d45   Thumb Code    10  stm32f4xx_hal_gpio.o(.text.HAL_GPIO_WritePin)
    HAL_GetTick                              0x08000d51   Thumb Code    12  stm32f4xx_hal.o(.text.HAL_GetTick)
    HAL_IncTick                              0x08000d5d   Thumb Code    26  stm32f4xx_hal.o(.text.HAL_IncTick)
    HAL_Init                                 0x08000d79   Thumb Code    54  stm32f4xx_hal.o(.text.HAL_Init)
    HAL_InitTick                             0x08000db1   Thumb Code   178  stm32f4xx_hal_timebase_tim.o(.text.HAL_InitTick)
    HAL_MspInit                              0x08000e65   Thumb Code    56  stm32f4xx_hal_msp.o(.text.HAL_MspInit)
    HAL_NVIC_EnableIRQ                       0x08000e9d   Thumb Code    34  stm32f4xx_hal_cortex.o(.text.HAL_NVIC_EnableIRQ)
    HAL_NVIC_SetPriority                     0x08000ec1   Thumb Code    86  stm32f4xx_hal_cortex.o(.text.HAL_NVIC_SetPriority)
    HAL_NVIC_SetPriorityGrouping             0x08000f19   Thumb Code    32  stm32f4xx_hal_cortex.o(.text.HAL_NVIC_SetPriorityGrouping)
    HAL_RCC_ClockConfig                      0x08000f39   Thumb Code   356  stm32f4xx_hal_rcc.o(.text.HAL_RCC_ClockConfig)
    HAL_RCC_GetClockConfig                   0x0800109d   Thumb Code    62  stm32f4xx_hal_rcc.o(.text.HAL_RCC_GetClockConfig)
    HAL_RCC_GetPCLK1Freq                     0x080010dd   Thumb Code    38  stm32f4xx_hal_rcc.o(.text.HAL_RCC_GetPCLK1Freq)
    HAL_RCC_GetPCLK2Freq                     0x08001105   Thumb Code    38  stm32f4xx_hal_rcc.o(.text.HAL_RCC_GetPCLK2Freq)
    HAL_RCC_GetSysClockFreq                  0x0800112d   Thumb Code   160  stm32f4xx_hal_rcc_ex.o(.text.HAL_RCC_GetSysClockFreq)
    HAL_RCC_OscConfig                        0x080011cd   Thumb Code   988  stm32f4xx_hal_rcc_ex.o(.text.HAL_RCC_OscConfig)
    HAL_SPI_Init                             0x080015a9   Thumb Code   176  stm32f4xx_hal_spi.o(.text.HAL_SPI_Init)
    HAL_SPI_MspInit                          0x08001659   Thumb Code   298  spi.o(.text.HAL_SPI_MspInit)
    HAL_TIMEx_BreakCallback                  0x08001785   Thumb Code     2  stm32f4xx_hal_tim_ex.o(.text.HAL_TIMEx_BreakCallback)
    HAL_TIMEx_CommutCallback                 0x08001789   Thumb Code     2  stm32f4xx_hal_tim_ex.o(.text.HAL_TIMEx_CommutCallback)
    HAL_TIMEx_ConfigBreakDeadTime            0x0800178d   Thumb Code    76  stm32f4xx_hal_tim_ex.o(.text.HAL_TIMEx_ConfigBreakDeadTime)
    HAL_TIMEx_MasterConfigSynchronization    0x080017d9   Thumb Code   186  stm32f4xx_hal_tim_ex.o(.text.HAL_TIMEx_MasterConfigSynchronization)
    HAL_TIM_Base_Init                        0x08001895   Thumb Code    90  stm32f4xx_hal_tim.o(.text.HAL_TIM_Base_Init)
    HAL_TIM_Base_MspInit                     0x080018f1   Thumb Code   108  tim.o(.text.HAL_TIM_Base_MspInit)
    HAL_TIM_Base_Start_IT                    0x0800195d   Thumb Code   170  stm32f4xx_hal_tim.o(.text.HAL_TIM_Base_Start_IT)
    HAL_TIM_ConfigClockSource                0x08001a09   Thumb Code   416  stm32f4xx_hal_tim.o(.text.HAL_TIM_ConfigClockSource)
    HAL_TIM_IC_CaptureCallback               0x08001ba9   Thumb Code     2  stm32f4xx_hal_tim.o(.text.HAL_TIM_IC_CaptureCallback)
    HAL_TIM_IRQHandler                       0x08001bad   Thumb Code   334  stm32f4xx_hal_tim.o(.text.HAL_TIM_IRQHandler)
    HAL_TIM_OC_DelayElapsedCallback          0x08001cfd   Thumb Code     2  stm32f4xx_hal_tim.o(.text.HAL_TIM_OC_DelayElapsedCallback)
    HAL_TIM_PWM_ConfigChannel                0x08001d01   Thumb Code   544  stm32f4xx_hal_tim.o(.text.HAL_TIM_PWM_ConfigChannel)
    HAL_TIM_PWM_Init                         0x08001f21   Thumb Code    90  stm32f4xx_hal_tim.o(.text.HAL_TIM_PWM_Init)
    HAL_TIM_PWM_MspInit                      0x08001f7d   Thumb Code     2  stm32f4xx_hal_tim.o(.text.HAL_TIM_PWM_MspInit)
    HAL_TIM_PWM_PulseFinishedCallback        0x08001f81   Thumb Code     2  stm32f4xx_hal_tim.o(.text.HAL_TIM_PWM_PulseFinishedCallback)
    HAL_TIM_PeriodElapsedCallback            0x08001f85   Thumb Code    20  main.o(.text.HAL_TIM_PeriodElapsedCallback)
    HAL_TIM_TriggerCallback                  0x08001f99   Thumb Code     2  stm32f4xx_hal_tim.o(.text.HAL_TIM_TriggerCallback)
    HAL_UARTEx_RxEventCallback               0x08001f9d   Thumb Code     2  stm32f4xx_hal_uart.o(.text.HAL_UARTEx_RxEventCallback)
    HAL_UART_ErrorCallback                   0x08001fa1   Thumb Code     2  stm32f4xx_hal_uart.o(.text.HAL_UART_ErrorCallback)
    HAL_UART_IRQHandler                      0x08001fa5   Thumb Code  1428  stm32f4xx_hal_uart.o(.text.HAL_UART_IRQHandler)
    HAL_UART_Init                            0x08002539   Thumb Code    96  stm32f4xx_hal_uart.o(.text.HAL_UART_Init)
    HAL_UART_MspInit                         0x08002599   Thumb Code   192  usart.o(.text.HAL_UART_MspInit)
    HAL_UART_RxCpltCallback                  0x08002659   Thumb Code     2  stm32f4xx_hal_uart.o(.text.HAL_UART_RxCpltCallback)
    HAL_UART_TxCpltCallback                  0x0800265d   Thumb Code     2  stm32f4xx_hal_uart.o(.text.HAL_UART_TxCpltCallback)
    HardFault_Handler                        0x08002661   Thumb Code     2  stm32f4xx_it.o(.text.HardFault_Handler)
    MX_DMA_Init                              0x08002665   Thumb Code   108  dma.o(.text.MX_DMA_Init)
    MX_GPIO_Init                             0x080026d1   Thumb Code   150  gpio.o(.text.MX_GPIO_Init)
    MX_SPI1_Init                             0x08002769   Thumb Code    76  spi.o(.text.MX_SPI1_Init)
    MX_TIM1_Init                             0x080027b5   Thumb Code   416  tim.o(.text.MX_TIM1_Init)
    MX_TIM2_Init                             0x08002955   Thumb Code   112  tim.o(.text.MX_TIM2_Init)
    MX_USART2_UART_Init                      0x080029c5   Thumb Code    60  usart.o(.text.MX_USART2_UART_Init)
    MemManage_Handler                        0x08002a01   Thumb Code     2  stm32f4xx_it.o(.text.MemManage_Handler)
    NMI_Handler                              0x08002a05   Thumb Code     2  stm32f4xx_it.o(.text.NMI_Handler)
    OS_Tick_AcknowledgeIRQ                   0x08002a09   Thumb Code    12  os_systick.o(.text.OS_Tick_AcknowledgeIRQ)
    SystemClock_Config                       0x08002a15   Thumb Code   168  main.o(.text.SystemClock_Config)
    SystemInit                               0x08002abd   Thumb Code    18  system_stm32f4xx.o(.text.SystemInit)
    TIM2_IRQHandler                          0x08002ad1   Thumb Code    12  stm32f4xx_it.o(.text.TIM2_IRQHandler)
    TIM6_DAC_IRQHandler                      0x08002add   Thumb Code    12  stm32f4xx_it.o(.text.TIM6_DAC_IRQHandler)
    TIM_Base_SetConfig                       0x08002ae9   Thumb Code   314  stm32f4xx_hal_tim.o(.text.TIM_Base_SetConfig)
    USART2_IRQHandler                        0x08002e19   Thumb Code    12  stm32f4xx_it.o(.text.USART2_IRQHandler)
    UsageFault_Handler                       0x08002e25   Thumb Code     2  stm32f4xx_it.o(.text.UsageFault_Handler)
    _mutex_acquire                           0x08002e29   Thumb Code    66  rtx_lib.o(.text._mutex_acquire)
    _mutex_free                              0x08002e6d   Thumb Code     6  rtx_lib.o(.text._mutex_free)
    _mutex_initialize                        0x08002e75   Thumb Code    32  rtx_lib.o(.text._mutex_initialize)
    _mutex_release                           0x08002e95   Thumb Code    58  rtx_lib.o(.text._mutex_release)
    _platform_post_stackheap_init            0x08002ed1   Thumb Code     4  rtx_lib.o(.text._platform_post_stackheap_init)
    main                                     0x08002ed5   Thumb Code    34  main.o(.text.main)
    osKernelGetState                         0x08002ef9   Thumb Code    60  rtx_kernel.o(.text.osKernelGetState)
    osKernelInitialize                       0x08002f35   Thumb Code    56  rtx_kernel.o(.text.osKernelInitialize)
    osMessageQueueGet                        0x08002f6d   Thumb Code   218  rtx_msgqueue.o(.text.osMessageQueueGet)
    osMessageQueuePut                        0x08003049   Thumb Code   166  rtx_msgqueue.o(.text.osMessageQueuePut)
    osMutexAcquire                           0x080030f1   Thumb Code    60  rtx_mutex.o(.text.osMutexAcquire)
    osMutexDelete                            0x0800312d   Thumb Code    58  rtx_mutex.o(.text.osMutexDelete)
    osMutexNew                               0x08003169   Thumb Code    58  rtx_mutex.o(.text.osMutexNew)
    osMutexRelease                           0x080031a5   Thumb Code    58  rtx_mutex.o(.text.osMutexRelease)
    osRtxErrorNotify                         0x080031e1   Thumb Code     2  rtx_config.o(.text.osRtxErrorNotify)
    osRtxKernelBeforeInit                    0x080031e5   Thumb Code     2  rtx_kernel.o(.text.osRtxKernelBeforeInit)
    osRtxKernelErrorNotify                   0x080031e9   Thumb Code    22  rtx_kernel.o(.text.osRtxKernelErrorNotify)
    osRtxMemoryAlloc                         0x08003201   Thumb Code   210  rtx_memory.o(.text.osRtxMemoryAlloc)
    osRtxMemoryFree                          0x080032d5   Thumb Code   140  rtx_memory.o(.text.osRtxMemoryFree)
    osRtxMemoryInit                          0x08003361   Thumb Code    72  rtx_memory.o(.text.osRtxMemoryInit)
    osRtxMemoryPoolAlloc                     0x080033a9   Thumb Code    74  rtx_mempool.o(.text.osRtxMemoryPoolAlloc)
    osRtxMemoryPoolFree                      0x080033f5   Thumb Code    92  rtx_mempool.o(.text.osRtxMemoryPoolFree)
    osRtxMemoryPoolInit                      0x08003451   Thumb Code   190  rtx_mempool.o(.text.osRtxMemoryPoolInit)
    osRtxMessageQueueTimerSetup              0x08003749   Thumb Code    44  rtx_msgqueue.o(.text.osRtxMessageQueueTimerSetup)
    osRtxMutexOwnerRestore                   0x08003775   Thumb Code    84  rtx_mutex.o(.text.osRtxMutexOwnerRestore)
    osRtxPendSV_Handler                      0x080037c9   Thumb Code   160  rtx_system.o(.text.osRtxPendSV_Handler)
    osRtxPostProcess                         0x0800388d   Thumb Code   120  rtx_system.o(.text.osRtxPostProcess)
    osRtxThreadDelayTick                     0x08003905   Thumb Code   588  rtx_thread.o(.text.osRtxThreadDelayTick)
    osRtxThreadDispatch                      0x08003b51   Thumb Code   472  rtx_thread.o(.text.osRtxThreadDispatch)
    osRtxThreadListGet                       0x08003d29   Thumb Code    20  rtx_thread.o(.text.osRtxThreadListGet)
    osRtxThreadListPut                       0x08003d3d   Thumb Code    96  rtx_thread.o(.text.osRtxThreadListPut)
    osRtxThreadListRemove                    0x08003d9d   Thumb Code    24  rtx_thread.o(.text.osRtxThreadListRemove)
    osRtxThreadListSort                      0x08003db5   Thumb Code   164  rtx_thread.o(.text.osRtxThreadListSort)
    osRtxThreadReadyPut                      0x08003e59   Thumb Code   112  rtx_thread.o(.text.osRtxThreadReadyPut)
    osRtxThreadRegPtr                        0x08003ec9   Thumb Code    20  rtx_thread.o(.text.osRtxThreadRegPtr)
    osRtxThreadStackCheck                    0x08003edd   Thumb Code    32  rtx_thread.o(.text.osRtxThreadStackCheck)
    osRtxThreadSwitch                        0x08003efd   Thumb Code    36  rtx_thread.o(.text.osRtxThreadSwitch)
    osRtxThreadWaitEnter                     0x08003f21   Thumb Code   334  rtx_thread.o(.text.osRtxThreadWaitEnter)
    osRtxThreadWaitExit                      0x08004071   Thumb Code   236  rtx_thread.o(.text.osRtxThreadWaitExit)
    osRtxTick_Handler                        0x0800415d   Thumb Code   130  rtx_system.o(.text.osRtxTick_Handler)
    osRtxTimerSetup                          0x080041e1   Thumb Code    38  rtx_timer.o(.text.osRtxTimerSetup)
    osRtxTimerThread                         0x08004209   Thumb Code    42  rtx_timer.o(.text.osRtxTimerThread)
    $Super$$_fp_init                         0x08004d1d   Thumb Code    26  fpinit.o(x$fpl$fpinit)
    __fplib_config_fpu_vfp                   0x08004d35   Thumb Code     0  fpinit.o(x$fpl$fpinit)
    __fplib_config_pureend_doubles           0x08004d35   Thumb Code     0  fpinit.o(x$fpl$fpinit)
    osRtxConfig                              0x08004d38   Data         112  rtx_lib.o(.rodata)
    os_cb_sections                           0x08004da8   Data          56  rtx_lib.o(.rodata)
    AHBPrescTable                            0x08004de0   Data          16  system_stm32f4xx.o(.rodata.AHBPrescTable)
    APBPrescTable                            0x08004df0   Data           8  system_stm32f4xx.o(.rodata.APBPrescTable)
    osRtxUserSVC                             0x08004e00   Data           4  rtx_lib.o(.rodata.osRtxUserSVC)
    Region$$Table$$Base                      0x08004e70   Number         0  anon$$obj.o(Region$$Table)
    Region$$Table$$Limit                     0x08004e90   Number         0  anon$$obj.o(Region$$Table)
    uwTickFreq                               0x20000000   Data           1  stm32f4xx_hal.o(.data..L_MergedGlobals)
    uwTickPrio                               0x20000004   Data           4  stm32f4xx_hal.o(.data..L_MergedGlobals)
    SystemCoreClock                          0x20000008   Data           4  system_stm32f4xx.o(.data.SystemCoreClock)
    osRtxInfo                                0x2000000c   Data         164  rtx_kernel.o(.data.os)
    __libspace_start                         0x200000b0   Data          96  libspace.o(.bss)
    __temporary_stack_top$libspace           0x20000110   Data           0  libspace.o(.bss)
    hdma_spi1_rx                             0x20000110   Data          96  spi.o(.bss.hdma_spi1_rx)
    hdma_spi1_tx                             0x20000170   Data          96  spi.o(.bss.hdma_spi1_tx)
    hdma_usart2_tx                           0x200001d0   Data          96  usart.o(.bss.hdma_usart2_tx)
    hspi1                                    0x20000230   Data          88  spi.o(.bss.hspi1)
    htim1                                    0x20000288   Data          72  tim.o(.bss.htim1)
    htim2                                    0x200002d0   Data          72  tim.o(.bss.htim2)
    htim6                                    0x20000318   Data          72  stm32f4xx_hal_timebase_tim.o(.bss.htim6)
    huart2                                   0x20000360   Data          72  usart.o(.bss.huart2)
    .bss.os.msgqueue.cb$$Base                0x200083e8   Number         0  rtx_lib.o(.bss.os.msgqueue.cb)
    .bss.os.msgqueue.cb$$Limit               0x2000841c   Number         0  rtx_lib.o(.bss.os.msgqueue.cb)
    .bss.os.thread.cb$$Base                  0x2000846c   Number         0  rtx_lib.o(.bss.os.thread.cb)
    .bss.os.thread.cb$$Limit                 0x2000850c   Number         0  rtx_lib.o(.bss.os.thread.cb)
    uwTick                                   0x20008914   Data           4  stm32f4xx_hal.o(.bss.uwTick)



==============================================================================

Memory Map of the image

  Image Entry point : 0x080001c5

  Load Region LR_IROM1 (Base: 0x08000000, Size: 0x00004f40, Max: 0x00080000, ABSOLUTE)

    Execution Region ER_IROM1 (Exec base: 0x08000000, Load base: 0x08000000, Size: 0x00004e90, Max: 0x00080000, ABSOLUTE)

    Exec Addr    Load Addr    Size         Type   Attr      Idx    E Section Name        Object

    0x08000000   0x08000000   0x000001c4   Data   RO            3    RESET               startup_stm32f446xx.o
    0x080001c4   0x080001c4   0x00000008   Code   RO         4162  * !!!main             c_w.l(__main.o)
    0x080001cc   0x080001cc   0x0000005c   Code   RO         4523    !!!scatter          c_w.l(__scatter.o)
    0x08000228   0x08000228   0x0000001a   Code   RO         4527    !!handler_copy      c_w.l(__scatter_copy.o)
    0x08000242   0x08000242   0x00000002   PAD
    0x08000244   0x08000244   0x00000002   Code   RO         4524    !!handler_null      c_w.l(__scatter.o)
    0x08000246   0x08000246   0x00000002   PAD
    0x08000248   0x08000248   0x0000001c   Code   RO         4529    !!handler_zi        c_w.l(__scatter_zi.o)
    0x08000264   0x08000264   0x00000002   Code   RO         4390    .ARM.Collect$$libinit$$00000000  c_w.l(libinit.o)
    0x08000266   0x08000266   0x00000004   Code   RO         4399    .ARM.Collect$$libinit$$00000001  c_w.l(libinit2.o)
    0x0800026a   0x0800026a   0x00000000   Code   RO         4402    .ARM.Collect$$libinit$$00000004  c_w.l(libinit2.o)
    0x0800026a   0x0800026a   0x00000000   Code   RO         4404    .ARM.Collect$$libinit$$00000006  c_w.l(libinit2.o)
    0x0800026a   0x0800026a   0x00000000   Code   RO         4407    .ARM.Collect$$libinit$$0000000C  c_w.l(libinit2.o)
    0x0800026a   0x0800026a   0x00000000   Code   RO         4409    .ARM.Collect$$libinit$$0000000E  c_w.l(libinit2.o)
    0x0800026a   0x0800026a   0x00000000   Code   RO         4411    .ARM.Collect$$libinit$$00000010  c_w.l(libinit2.o)
    0x0800026a   0x0800026a   0x00000000   Code   RO         4414    .ARM.Collect$$libinit$$00000013  c_w.l(libinit2.o)
    0x0800026a   0x0800026a   0x00000000   Code   RO         4416    .ARM.Collect$$libinit$$00000015  c_w.l(libinit2.o)
    0x0800026a   0x0800026a   0x00000000   Code   RO         4418    .ARM.Collect$$libinit$$00000017  c_w.l(libinit2.o)
    0x0800026a   0x0800026a   0x00000000   Code   RO         4420    .ARM.Collect$$libinit$$00000019  c_w.l(libinit2.o)
    0x0800026a   0x0800026a   0x00000000   Code   RO         4422    .ARM.Collect$$libinit$$0000001B  c_w.l(libinit2.o)
    0x0800026a   0x0800026a   0x00000000   Code   RO         4424    .ARM.Collect$$libinit$$0000001D  c_w.l(libinit2.o)
    0x0800026a   0x0800026a   0x00000000   Code   RO         4426    .ARM.Collect$$libinit$$0000001F  c_w.l(libinit2.o)
    0x0800026a   0x0800026a   0x00000000   Code   RO         4428    .ARM.Collect$$libinit$$00000021  c_w.l(libinit2.o)
    0x0800026a   0x0800026a   0x00000000   Code   RO         4430    .ARM.Collect$$libinit$$00000023  c_w.l(libinit2.o)
    0x0800026a   0x0800026a   0x00000000   Code   RO         4432    .ARM.Collect$$libinit$$00000025  c_w.l(libinit2.o)
    0x0800026a   0x0800026a   0x00000000   Code   RO         4434    .ARM.Collect$$libinit$$00000027  c_w.l(libinit2.o)
    0x0800026a   0x0800026a   0x00000000   Code   RO         4438    .ARM.Collect$$libinit$$0000002E  c_w.l(libinit2.o)
    0x0800026a   0x0800026a   0x00000000   Code   RO         4440    .ARM.Collect$$libinit$$00000030  c_w.l(libinit2.o)
    0x0800026a   0x0800026a   0x00000000   Code   RO         4442    .ARM.Collect$$libinit$$00000032  c_w.l(libinit2.o)
    0x0800026a   0x0800026a   0x00000000   Code   RO         4444    .ARM.Collect$$libinit$$00000034  c_w.l(libinit2.o)
    0x0800026a   0x0800026a   0x00000002   Code   RO         4445    .ARM.Collect$$libinit$$00000035  c_w.l(libinit2.o)
    0x0800026c   0x0800026c   0x00000002   Code   RO         4478    .ARM.Collect$$libshutdown$$00000000  c_w.l(libshutdown.o)
    0x0800026e   0x0800026e   0x00000000   Code   RO         4506    .ARM.Collect$$libshutdown$$00000002  c_w.l(libshutdown2.o)
    0x0800026e   0x0800026e   0x00000000   Code   RO         4508    .ARM.Collect$$libshutdown$$00000004  c_w.l(libshutdown2.o)
    0x0800026e   0x0800026e   0x00000000   Code   RO         4511    .ARM.Collect$$libshutdown$$00000007  c_w.l(libshutdown2.o)
    0x0800026e   0x0800026e   0x00000000   Code   RO         4514    .ARM.Collect$$libshutdown$$0000000A  c_w.l(libshutdown2.o)
    0x0800026e   0x0800026e   0x00000000   Code   RO         4516    .ARM.Collect$$libshutdown$$0000000C  c_w.l(libshutdown2.o)
    0x0800026e   0x0800026e   0x00000000   Code   RO         4519    .ARM.Collect$$libshutdown$$0000000F  c_w.l(libshutdown2.o)
    0x0800026e   0x0800026e   0x00000002   Code   RO         4520    .ARM.Collect$$libshutdown$$00000010  c_w.l(libshutdown2.o)
    0x08000270   0x08000270   0x00000000   Code   RO         4265    .ARM.Collect$$rtentry$$00000000  c_w.l(__rtentry.o)
    0x08000270   0x08000270   0x00000000   Code   RO         4345    .ARM.Collect$$rtentry$$00000002  c_w.l(__rtentry2.o)
    0x08000270   0x08000270   0x00000006   Code   RO         4357    .ARM.Collect$$rtentry$$00000004  c_w.l(__rtentry4.o)
    0x08000276   0x08000276   0x00000008   Code   RO         4346    .ARM.Collect$$rtentry$$00000008  c_w.l(__rtentry2.o)
    0x0800027e   0x0800027e   0x00000004   Code   RO         4348    .ARM.Collect$$rtentry$$0000000A  c_w.l(__rtentry2.o)
    0x08000282   0x08000282   0x00000000   Code   RO         4350    .ARM.Collect$$rtentry$$0000000C  c_w.l(__rtentry2.o)
    0x08000282   0x08000282   0x00000008   Code   RO         4351    .ARM.Collect$$rtentry$$0000000D  c_w.l(__rtentry2.o)
    0x0800028a   0x0800028a   0x00000002   Code   RO         4391    .ARM.Collect$$rtexit$$00000000  c_w.l(rtexit.o)
    0x0800028c   0x0800028c   0x00000000   Code   RO         4451    .ARM.Collect$$rtexit$$00000002  c_w.l(rtexit2.o)
    0x0800028c   0x0800028c   0x00000004   Code   RO         4452    .ARM.Collect$$rtexit$$00000003  c_w.l(rtexit2.o)
    0x08000290   0x08000290   0x00000006   Code   RO         4453    .ARM.Collect$$rtexit$$00000004  c_w.l(rtexit2.o)
    0x08000296   0x08000296   0x00000002   PAD
    0x08000298   0x08000298   0x00000040   Code   RO            4    .text               startup_stm32f446xx.o
    0x080002d8   0x080002d8   0x00000100   Code   RO         3145    .text               irq_armv7m.o
    0x080003d8   0x080003d8   0x000000f0   Code   RO         4144    .text               c_w.l(lludivv7m.o)
    0x080004c8   0x080004c8   0x0000008a   Code   RO         4148    .text               c_w.l(rt_memcpy_v6.o)
    0x08000552   0x08000552   0x00000064   Code   RO         4150    .text               c_w.l(rt_memcpy_w.o)
    0x080005b6   0x080005b6   0x00000044   Code   RO         4156    .text               c_w.l(rt_memclr.o)
    0x080005fa   0x080005fa   0x0000004e   Code   RO         4158    .text               c_w.l(rt_memclr_w.o)
    0x08000648   0x08000648   0x00000006   Code   RO         4160    .text               c_w.l(heapauxi.o)
    0x0800064e   0x0800064e   0x00000002   PAD
    0x08000650   0x08000650   0x00000008   Code   RO         4376    .text               c_w.l(libspace.o)
    0x08000658   0x08000658   0x0000004a   Code   RO         4379    .text               c_w.l(sys_stackheap_outer.o)
    0x080006a2   0x080006a2   0x00000012   Code   RO         4381    .text               c_w.l(exit.o)
    0x080006b4   0x080006b4   0x0000000c   Code   RO         4446    .text               c_w.l(sys_exit.o)
    0x080006c0   0x080006c0   0x00000002   Code   RO         4467    .text               c_w.l(use_no_semi.o)
    0x080006c2   0x080006c2   0x00000000   Code   RO         4469    .text               c_w.l(indicate_semi.o)
    0x080006c2   0x080006c2   0x00000002   PAD
    0x080006c4   0x080006c4   0x00000016   Code   RO         3662    .text.$Sub$$_fp_init  rtx_lib.o
    0x080006da   0x080006da   0x00000002   PAD
    0x080006dc   0x080006dc   0x00000002   Code   RO          105    .text.BusFault_Handler  stm32f4xx_it.o
    0x080006de   0x080006de   0x00000002   PAD
    0x080006e0   0x080006e0   0x0000000c   Code   RO          111    .text.DMA1_Stream6_IRQHandler  stm32f4xx_it.o
    0x080006ec   0x080006ec   0x0000000c   Code   RO          119    .text.DMA2_Stream0_IRQHandler  stm32f4xx_it.o
    0x080006f8   0x080006f8   0x0000000c   Code   RO          121    .text.DMA2_Stream3_IRQHandler  stm32f4xx_it.o
    0x08000704   0x08000704   0x00000002   Code   RO          109    .text.DebugMon_Handler  stm32f4xx_it.o
    0x08000706   0x08000706   0x00000002   PAD
    0x08000708   0x08000708   0x00000006   Code   RO           15    .text.Error_Handler  main.o
    0x0800070e   0x0800070e   0x00000002   PAD
    0x08000710   0x08000710   0x00000002   Code   RO         3383    .text.EvrRtxDelayCompleted  rtx_evr.o
    0x08000712   0x08000712   0x00000002   PAD
    0x08000714   0x08000714   0x00000002   Code   RO         3431    .text.EvrRtxEventFlagsWaitTimeout  rtx_evr.o
    0x08000716   0x08000716   0x00000002   PAD
    0x08000718   0x08000718   0x00000002   Code   RO         3219    .text.EvrRtxKernelError  rtx_evr.o
    0x0800071a   0x0800071a   0x00000002   PAD
    0x0800071c   0x0800071c   0x00000002   Code   RO         3267    .text.EvrRtxKernelErrorNotify  rtx_evr.o
    0x0800071e   0x0800071e   0x00000002   PAD
    0x08000720   0x08000720   0x00000002   Code   RO         3229    .text.EvrRtxKernelGetState  rtx_evr.o
    0x08000722   0x08000722   0x00000002   PAD
    0x08000724   0x08000724   0x00000002   Code   RO         3221    .text.EvrRtxKernelInitialize  rtx_evr.o
    0x08000726   0x08000726   0x00000002   PAD
    0x08000728   0x08000728   0x00000002   Code   RO         3223    .text.EvrRtxKernelInitialized  rtx_evr.o
    0x0800072a   0x0800072a   0x00000002   PAD
    0x0800072c   0x0800072c   0x00000002   Code   RO         3209    .text.EvrRtxMemoryAlloc  rtx_evr.o
    0x0800072e   0x0800072e   0x00000002   PAD
    0x08000730   0x08000730   0x00000002   Code   RO         3215    .text.EvrRtxMemoryBlockAlloc  rtx_evr.o
    0x08000732   0x08000732   0x00000002   PAD
    0x08000734   0x08000734   0x00000002   Code   RO         3217    .text.EvrRtxMemoryBlockFree  rtx_evr.o
    0x08000736   0x08000736   0x00000002   PAD
    0x08000738   0x08000738   0x00000002   Code   RO         3213    .text.EvrRtxMemoryBlockInit  rtx_evr.o
    0x0800073a   0x0800073a   0x00000002   PAD
    0x0800073c   0x0800073c   0x00000002   Code   RO         3211    .text.EvrRtxMemoryFree  rtx_evr.o
    0x0800073e   0x0800073e   0x00000002   PAD
    0x08000740   0x08000740   0x00000002   Code   RO         3207    .text.EvrRtxMemoryInit  rtx_evr.o
    0x08000742   0x08000742   0x00000002   PAD
    0x08000744   0x08000744   0x00000002   Code   RO         3509    .text.EvrRtxMemoryPoolAllocTimeout  rtx_evr.o
    0x08000746   0x08000746   0x00000002   PAD
    0x08000748   0x08000748   0x00000002   Code   RO         3537    .text.EvrRtxMessageQueueCreated  rtx_evr.o
    0x0800074a   0x0800074a   0x00000002   PAD
    0x0800074c   0x0800074c   0x00000002   Code   RO         3533    .text.EvrRtxMessageQueueError  rtx_evr.o
    0x0800074e   0x0800074e   0x00000002   PAD
    0x08000750   0x08000750   0x00000002   Code   RO         3553    .text.EvrRtxMessageQueueGet  rtx_evr.o
    0x08000752   0x08000752   0x00000002   PAD
    0x08000754   0x08000754   0x00000002   Code   RO         3555    .text.EvrRtxMessageQueueGetPending  rtx_evr.o
    0x08000756   0x08000756   0x00000002   PAD
    0x08000758   0x08000758   0x00000002   Code   RO         3557    .text.EvrRtxMessageQueueGetTimeout  rtx_evr.o
    0x0800075a   0x0800075a   0x00000002   PAD
    0x0800075c   0x0800075c   0x00000002   Code   RO         3547    .text.EvrRtxMessageQueueInsertPending  rtx_evr.o
    0x0800075e   0x0800075e   0x00000002   PAD
    0x08000760   0x08000760   0x00000002   Code   RO         3549    .text.EvrRtxMessageQueueInserted  rtx_evr.o
    0x08000762   0x08000762   0x00000002   PAD
    0x08000764   0x08000764   0x00000002   Code   RO         3551    .text.EvrRtxMessageQueueNotInserted  rtx_evr.o
    0x08000766   0x08000766   0x00000002   PAD
    0x08000768   0x08000768   0x00000002   Code   RO         3561    .text.EvrRtxMessageQueueNotRetrieved  rtx_evr.o
    0x0800076a   0x0800076a   0x00000002   PAD
    0x0800076c   0x0800076c   0x00000002   Code   RO         3541    .text.EvrRtxMessageQueuePut  rtx_evr.o
    0x0800076e   0x0800076e   0x00000002   PAD
    0x08000770   0x08000770   0x00000002   Code   RO         3543    .text.EvrRtxMessageQueuePutPending  rtx_evr.o
    0x08000772   0x08000772   0x00000002   PAD
    0x08000774   0x08000774   0x00000002   Code   RO         3545    .text.EvrRtxMessageQueuePutTimeout  rtx_evr.o
    0x08000776   0x08000776   0x00000002   PAD
    0x08000778   0x08000778   0x00000002   Code   RO         3559    .text.EvrRtxMessageQueueRetrieved  rtx_evr.o
    0x0800077a   0x0800077a   0x00000002   PAD
    0x0800077c   0x0800077c   0x00000002   Code   RO         3449    .text.EvrRtxMutexAcquire  rtx_evr.o
    0x0800077e   0x0800077e   0x00000002   PAD
    0x08000780   0x08000780   0x00000002   Code   RO         3451    .text.EvrRtxMutexAcquirePending  rtx_evr.o
    0x08000782   0x08000782   0x00000002   PAD
    0x08000784   0x08000784   0x00000002   Code   RO         3453    .text.EvrRtxMutexAcquireTimeout  rtx_evr.o
    0x08000786   0x08000786   0x00000002   PAD
    0x08000788   0x08000788   0x00000002   Code   RO         3455    .text.EvrRtxMutexAcquired  rtx_evr.o
    0x0800078a   0x0800078a   0x00000002   PAD
    0x0800078c   0x0800078c   0x00000002   Code   RO         3445    .text.EvrRtxMutexCreated  rtx_evr.o
    0x0800078e   0x0800078e   0x00000002   PAD
    0x08000790   0x08000790   0x00000002   Code   RO         3465    .text.EvrRtxMutexDelete  rtx_evr.o
    0x08000792   0x08000792   0x00000002   PAD
    0x08000794   0x08000794   0x00000002   Code   RO         3467    .text.EvrRtxMutexDestroyed  rtx_evr.o
    0x08000796   0x08000796   0x00000002   PAD
    0x08000798   0x08000798   0x00000002   Code   RO         3441    .text.EvrRtxMutexError  rtx_evr.o
    0x0800079a   0x0800079a   0x00000002   PAD
    0x0800079c   0x0800079c   0x00000002   Code   RO         3443    .text.EvrRtxMutexNew  rtx_evr.o
    0x0800079e   0x0800079e   0x00000002   PAD
    0x080007a0   0x080007a0   0x00000002   Code   RO         3457    .text.EvrRtxMutexNotAcquired  rtx_evr.o
    0x080007a2   0x080007a2   0x00000002   PAD
    0x080007a4   0x080007a4   0x00000002   Code   RO         3459    .text.EvrRtxMutexRelease  rtx_evr.o
    0x080007a6   0x080007a6   0x00000002   PAD
    0x080007a8   0x080007a8   0x00000002   Code   RO         3461    .text.EvrRtxMutexReleased  rtx_evr.o
    0x080007aa   0x080007aa   0x00000002   PAD
    0x080007ac   0x080007ac   0x00000002   Code   RO         3481    .text.EvrRtxSemaphoreAcquireTimeout  rtx_evr.o
    0x080007ae   0x080007ae   0x00000002   PAD
    0x080007b0   0x080007b0   0x00000002   Code   RO         3317    .text.EvrRtxThreadBlocked  rtx_evr.o
    0x080007b2   0x080007b2   0x00000002   PAD
    0x080007b4   0x080007b4   0x00000002   Code   RO         3367    .text.EvrRtxThreadFlagsWaitTimeout  rtx_evr.o
    0x080007b6   0x080007b6   0x00000002   PAD
    0x080007b8   0x080007b8   0x00000002   Code   RO         3321    .text.EvrRtxThreadPreempted  rtx_evr.o
    0x080007ba   0x080007ba   0x00000002   PAD
    0x080007bc   0x080007bc   0x00000002   Code   RO         3323    .text.EvrRtxThreadSwitched  rtx_evr.o
    0x080007be   0x080007be   0x00000002   PAD
    0x080007c0   0x080007c0   0x00000002   Code   RO         3319    .text.EvrRtxThreadUnblocked  rtx_evr.o
    0x080007c2   0x080007c2   0x00000002   PAD
    0x080007c4   0x080007c4   0x00000002   Code   RO         3387    .text.EvrRtxTimerCallback  rtx_evr.o
    0x080007c6   0x080007c6   0x00000002   PAD
    0x080007c8   0x080007c8   0x0000008e   Code   RO          776    .text.HAL_DMA_Abort  stm32f4xx_hal_dma.o
    0x08000856   0x08000856   0x00000002   PAD
    0x08000858   0x08000858   0x00000024   Code   RO          778    .text.HAL_DMA_Abort_IT  stm32f4xx_hal_dma.o
    0x0800087c   0x0800087c   0x000001c4   Code   RO          782    .text.HAL_DMA_IRQHandler  stm32f4xx_hal_dma.o
    0x08000a40   0x08000a40   0x00000162   Code   RO          768    .text.HAL_DMA_Init  stm32f4xx_hal_dma.o
    0x08000ba2   0x08000ba2   0x00000002   PAD
    0x08000ba4   0x08000ba4   0x0000019e   Code   RO          730    .text.HAL_GPIO_Init  stm32f4xx_hal_gpio.o
    0x08000d42   0x08000d42   0x00000002   PAD
    0x08000d44   0x08000d44   0x0000000a   Code   RO          736    .text.HAL_GPIO_WritePin  stm32f4xx_hal_gpio.o
    0x08000d4e   0x08000d4e   0x00000002   PAD
    0x08000d50   0x08000d50   0x0000000c   Code   RO          933    .text.HAL_GetTick   stm32f4xx_hal.o
    0x08000d5c   0x08000d5c   0x0000001a   Code   RO          931    .text.HAL_IncTick   stm32f4xx_hal.o
    0x08000d76   0x08000d76   0x00000002   PAD
    0x08000d78   0x08000d78   0x00000036   Code   RO          921    .text.HAL_Init      stm32f4xx_hal.o
    0x08000dae   0x08000dae   0x00000002   PAD
    0x08000db0   0x08000db0   0x000000b2   Code   RO          138    .text.HAL_InitTick  stm32f4xx_hal_timebase_tim.o
    0x08000e62   0x08000e62   0x00000002   PAD
    0x08000e64   0x08000e64   0x00000038   Code   RO          130    .text.HAL_MspInit   stm32f4xx_hal_msp.o
    0x08000e9c   0x08000e9c   0x00000022   Code   RO          873    .text.HAL_NVIC_EnableIRQ  stm32f4xx_hal_cortex.o
    0x08000ebe   0x08000ebe   0x00000002   PAD
    0x08000ec0   0x08000ec0   0x00000056   Code   RO          871    .text.HAL_NVIC_SetPriority  stm32f4xx_hal_cortex.o
    0x08000f16   0x08000f16   0x00000002   PAD
    0x08000f18   0x08000f18   0x00000020   Code   RO          869    .text.HAL_NVIC_SetPriorityGrouping  stm32f4xx_hal_cortex.o
    0x08000f38   0x08000f38   0x00000164   Code   RO          590    .text.HAL_RCC_ClockConfig  stm32f4xx_hal_rcc.o
    0x0800109c   0x0800109c   0x0000003e   Code   RO          608    .text.HAL_RCC_GetClockConfig  stm32f4xx_hal_rcc.o
    0x080010da   0x080010da   0x00000002   PAD
    0x080010dc   0x080010dc   0x00000026   Code   RO          602    .text.HAL_RCC_GetPCLK1Freq  stm32f4xx_hal_rcc.o
    0x08001102   0x08001102   0x00000002   PAD
    0x08001104   0x08001104   0x00000026   Code   RO          604    .text.HAL_RCC_GetPCLK2Freq  stm32f4xx_hal_rcc.o
    0x0800112a   0x0800112a   0x00000002   PAD
    0x0800112c   0x0800112c   0x000000a0   Code   RO          638    .text.HAL_RCC_GetSysClockFreq  stm32f4xx_hal_rcc_ex.o
    0x080011cc   0x080011cc   0x000003dc   Code   RO          642    .text.HAL_RCC_OscConfig  stm32f4xx_hal_rcc_ex.o
    0x080015a8   0x080015a8   0x000000b0   Code   RO          472    .text.HAL_SPI_Init  stm32f4xx_hal_spi.o
    0x08001658   0x08001658   0x0000012a   Code   RO           48    .text.HAL_SPI_MspInit  spi.o
    0x08001782   0x08001782   0x00000002   PAD
    0x08001784   0x08001784   0x00000002   Code   RO          458    .text.HAL_TIMEx_BreakCallback  stm32f4xx_hal_tim_ex.o
    0x08001786   0x08001786   0x00000002   PAD
    0x08001788   0x08001788   0x00000002   Code   RO          454    .text.HAL_TIMEx_CommutCallback  stm32f4xx_hal_tim_ex.o
    0x0800178a   0x0800178a   0x00000002   PAD
    0x0800178c   0x0800178c   0x0000004c   Code   RO          450    .text.HAL_TIMEx_ConfigBreakDeadTime  stm32f4xx_hal_tim_ex.o
    0x080017d8   0x080017d8   0x000000ba   Code   RO          448    .text.HAL_TIMEx_MasterConfigSynchronization  stm32f4xx_hal_tim_ex.o
    0x08001892   0x08001892   0x00000002   PAD
    0x08001894   0x08001894   0x0000005a   Code   RO          153    .text.HAL_TIM_Base_Init  stm32f4xx_hal_tim.o
    0x080018ee   0x080018ee   0x00000002   PAD
    0x080018f0   0x080018f0   0x0000006c   Code   RO           69    .text.HAL_TIM_Base_MspInit  tim.o
    0x0800195c   0x0800195c   0x000000aa   Code   RO          167    .text.HAL_TIM_Base_Start_IT  stm32f4xx_hal_tim.o
    0x08001a06   0x08001a06   0x00000002   PAD
    0x08001a08   0x08001a08   0x000001a0   Code   RO          333    .text.HAL_TIM_ConfigClockSource  stm32f4xx_hal_tim.o
    0x08001ba8   0x08001ba8   0x00000002   Code   RO          289    .text.HAL_TIM_IC_CaptureCallback  stm32f4xx_hal_tim.o
    0x08001baa   0x08001baa   0x00000002   PAD
    0x08001bac   0x08001bac   0x0000014e   Code   RO          287    .text.HAL_TIM_IRQHandler  stm32f4xx_hal_tim.o
    0x08001cfa   0x08001cfa   0x00000002   PAD
    0x08001cfc   0x08001cfc   0x00000002   Code   RO          291    .text.HAL_TIM_OC_DelayElapsedCallback  stm32f4xx_hal_tim.o
    0x08001cfe   0x08001cfe   0x00000002   PAD
    0x08001d00   0x08001d00   0x00000220   Code   RO          307    .text.HAL_TIM_PWM_ConfigChannel  stm32f4xx_hal_tim.o
    0x08001f20   0x08001f20   0x0000005a   Code   RO          207    .text.HAL_TIM_PWM_Init  stm32f4xx_hal_tim.o
    0x08001f7a   0x08001f7a   0x00000002   PAD
    0x08001f7c   0x08001f7c   0x00000002   Code   RO          209    .text.HAL_TIM_PWM_MspInit  stm32f4xx_hal_tim.o
    0x08001f7e   0x08001f7e   0x00000002   PAD
    0x08001f80   0x08001f80   0x00000002   Code   RO          293    .text.HAL_TIM_PWM_PulseFinishedCallback  stm32f4xx_hal_tim.o
    0x08001f82   0x08001f82   0x00000002   PAD
    0x08001f84   0x08001f84   0x00000014   Code   RO           17    .text.HAL_TIM_PeriodElapsedCallback  main.o
    0x08001f98   0x08001f98   0x00000002   Code   RO          297    .text.HAL_TIM_TriggerCallback  stm32f4xx_hal_tim.o
    0x08001f9a   0x08001f9a   0x00000002   PAD
    0x08001f9c   0x08001f9c   0x00000002   Code   RO         1097    .text.HAL_UARTEx_RxEventCallback  stm32f4xx_hal_uart.o
    0x08001f9e   0x08001f9e   0x00000002   PAD
    0x08001fa0   0x08001fa0   0x00000002   Code   RO         1095    .text.HAL_UART_ErrorCallback  stm32f4xx_hal_uart.o
    0x08001fa2   0x08001fa2   0x00000002   PAD
    0x08001fa4   0x08001fa4   0x00000594   Code   RO         1089    .text.HAL_UART_IRQHandler  stm32f4xx_hal_uart.o
    0x08002538   0x08002538   0x00000060   Code   RO         1011    .text.HAL_UART_Init  stm32f4xx_hal_uart.o
    0x08002598   0x08002598   0x000000c0   Code   RO           85    .text.HAL_UART_MspInit  usart.o
    0x08002658   0x08002658   0x00000002   Code   RO         1103    .text.HAL_UART_RxCpltCallback  stm32f4xx_hal_uart.o
    0x0800265a   0x0800265a   0x00000002   PAD
    0x0800265c   0x0800265c   0x00000002   Code   RO         1099    .text.HAL_UART_TxCpltCallback  stm32f4xx_hal_uart.o
    0x0800265e   0x0800265e   0x00000002   PAD
    0x08002660   0x08002660   0x00000002   Code   RO          101    .text.HardFault_Handler  stm32f4xx_it.o
    0x08002662   0x08002662   0x00000002   PAD
    0x08002664   0x08002664   0x0000006c   Code   RO           37    .text.MX_DMA_Init   dma.o
    0x080026d0   0x080026d0   0x00000096   Code   RO           28    .text.MX_GPIO_Init  gpio.o
    0x08002766   0x08002766   0x00000002   PAD
    0x08002768   0x08002768   0x0000004c   Code   RO           46    .text.MX_SPI1_Init  spi.o
    0x080027b4   0x080027b4   0x000001a0   Code   RO           63    .text.MX_TIM1_Init  tim.o
    0x08002954   0x08002954   0x00000070   Code   RO           67    .text.MX_TIM2_Init  tim.o
    0x080029c4   0x080029c4   0x0000003c   Code   RO           83    .text.MX_USART2_UART_Init  usart.o
    0x08002a00   0x08002a00   0x00000002   Code   RO          103    .text.MemManage_Handler  stm32f4xx_it.o
    0x08002a02   0x08002a02   0x00000002   PAD
    0x08002a04   0x08002a04   0x00000002   Code   RO           99    .text.NMI_Handler   stm32f4xx_it.o
    0x08002a06   0x08002a06   0x00000002   PAD
    0x08002a08   0x08002a08   0x0000000c   Code   RO         4111    .text.OS_Tick_AcknowledgeIRQ  os_systick.o
    0x08002a14   0x08002a14   0x000000a8   Code   RO           13    .text.SystemClock_Config  main.o
    0x08002abc   0x08002abc   0x00000012   Code   RO         1133    .text.SystemInit    system_stm32f4xx.o
    0x08002ace   0x08002ace   0x00000002   PAD
    0x08002ad0   0x08002ad0   0x0000000c   Code   RO          113    .text.TIM2_IRQHandler  stm32f4xx_it.o
    0x08002adc   0x08002adc   0x0000000c   Code   RO          117    .text.TIM6_DAC_IRQHandler  stm32f4xx_it.o
    0x08002ae8   0x08002ae8   0x0000013a   Code   RO          157    .text.TIM_Base_SetConfig  stm32f4xx_hal_tim.o
    0x08002c22   0x08002c22   0x00000002   PAD
    0x08002c24   0x08002c24   0x0000000a   Code   RO         1093    .text.UART_DMAAbortOnError  stm32f4xx_hal_uart.o
    0x08002c2e   0x08002c2e   0x00000002   PAD
    0x08002c30   0x08002c30   0x000000fe   Code   RO         1091    .text.UART_Receive_IT  stm32f4xx_hal_uart.o
    0x08002d2e   0x08002d2e   0x00000002   PAD
    0x08002d30   0x08002d30   0x000000e6   Code   RO         1015    .text.UART_SetConfig  stm32f4xx_hal_uart.o
    0x08002e16   0x08002e16   0x00000002   PAD
    0x08002e18   0x08002e18   0x0000000c   Code   RO          115    .text.USART2_IRQHandler  stm32f4xx_it.o
    0x08002e24   0x08002e24   0x00000002   Code   RO          107    .text.UsageFault_Handler  stm32f4xx_it.o
    0x08002e26   0x08002e26   0x00000002   PAD
    0x08002e28   0x08002e28   0x00000042   Code   RO         3670    .text._mutex_acquire  rtx_lib.o
    0x08002e6a   0x08002e6a   0x00000002   PAD
    0x08002e6c   0x08002e6c   0x00000006   Code   RO         3674    .text._mutex_free   rtx_lib.o
    0x08002e72   0x08002e72   0x00000002   PAD
    0x08002e74   0x08002e74   0x00000020   Code   RO         3668    .text._mutex_initialize  rtx_lib.o
    0x08002e94   0x08002e94   0x0000003a   Code   RO         3672    .text._mutex_release  rtx_lib.o
    0x08002ece   0x08002ece   0x00000002   PAD
    0x08002ed0   0x08002ed0   0x00000004   Code   RO         3660    .text._platform_post_stackheap_init  rtx_lib.o
    0x08002ed4   0x08002ed4   0x00000022   Code   RO           11    .text.main          main.o
    0x08002ef6   0x08002ef6   0x00000002   PAD
    0x08002ef8   0x08002ef8   0x0000003c   Code   RO         3596    .text.osKernelGetState  rtx_kernel.o
    0x08002f34   0x08002f34   0x00000038   Code   RO         3590    .text.osKernelInitialize  rtx_kernel.o
    0x08002f6c   0x08002f6c   0x000000da   Code   RO         3777    .text.osMessageQueueGet  rtx_msgqueue.o
    0x08003046   0x08003046   0x00000002   PAD
    0x08003048   0x08003048   0x000000a6   Code   RO         3775    .text.osMessageQueuePut  rtx_msgqueue.o
    0x080030ee   0x080030ee   0x00000002   PAD
    0x080030f0   0x080030f0   0x0000003c   Code   RO         3827    .text.osMutexAcquire  rtx_mutex.o
    0x0800312c   0x0800312c   0x0000003a   Code   RO         3833    .text.osMutexDelete  rtx_mutex.o
    0x08003166   0x08003166   0x00000002   PAD
    0x08003168   0x08003168   0x0000003a   Code   RO         3821    .text.osMutexNew    rtx_mutex.o
    0x080031a2   0x080031a2   0x00000002   PAD
    0x080031a4   0x080031a4   0x0000003a   Code   RO         3829    .text.osMutexRelease  rtx_mutex.o
    0x080031de   0x080031de   0x00000002   PAD
    0x080031e0   0x080031e0   0x00000002   Code   RO         4134    .text.osRtxErrorNotify  rtx_config.o
    0x080031e2   0x080031e2   0x00000002   PAD
    0x080031e4   0x080031e4   0x00000002   Code   RO         3586    .text.osRtxKernelBeforeInit  rtx_kernel.o
    0x080031e6   0x080031e6   0x00000002   PAD
    0x080031e8   0x080031e8   0x00000016   Code   RO         3588    .text.osRtxKernelErrorNotify  rtx_kernel.o
    0x080031fe   0x080031fe   0x00000002   PAD
    0x08003200   0x08003200   0x000000d2   Code   RO         3701    .text.osRtxMemoryAlloc  rtx_memory.o
    0x080032d2   0x080032d2   0x00000002   PAD
    0x080032d4   0x080032d4   0x0000008c   Code   RO         3703    .text.osRtxMemoryFree  rtx_memory.o
    0x08003360   0x08003360   0x00000048   Code   RO         3699    .text.osRtxMemoryInit  rtx_memory.o
    0x080033a8   0x080033a8   0x0000004a   Code   RO         3715    .text.osRtxMemoryPoolAlloc  rtx_mempool.o
    0x080033f2   0x080033f2   0x00000002   PAD
    0x080033f4   0x080033f4   0x0000005c   Code   RO         3717    .text.osRtxMemoryPoolFree  rtx_mempool.o
    0x08003450   0x08003450   0x000000be   Code   RO         3713    .text.osRtxMemoryPoolInit  rtx_mempool.o
    0x0800350e   0x0800350e   0x00000002   PAD
    0x08003510   0x08003510   0x00000238   Code   RO         3799    .text.osRtxMessageQueuePostProcess  rtx_msgqueue.o
    0x08003748   0x08003748   0x0000002c   Code   RO         3765    .text.osRtxMessageQueueTimerSetup  rtx_msgqueue.o
    0x08003774   0x08003774   0x00000054   Code   RO         3819    .text.osRtxMutexOwnerRestore  rtx_mutex.o
    0x080037c8   0x080037c8   0x000000c4   Code   RO         3889    .text.osRtxPendSV_Handler  rtx_system.o
    0x0800388c   0x0800388c   0x00000078   Code   RO         3891    .text.osRtxPostProcess  rtx_system.o
    0x08003904   0x08003904   0x0000024c   Code   RO         3913    .text.osRtxThreadDelayTick  rtx_thread.o
    0x08003b50   0x08003b50   0x000001d8   Code   RO         3919    .text.osRtxThreadDispatch  rtx_thread.o
    0x08003d28   0x08003d28   0x00000014   Code   RO         3903    .text.osRtxThreadListGet  rtx_thread.o
    0x08003d3c   0x08003d3c   0x00000060   Code   RO         3901    .text.osRtxThreadListPut  rtx_thread.o
    0x08003d9c   0x08003d9c   0x00000018   Code   RO         3907    .text.osRtxThreadListRemove  rtx_thread.o
    0x08003db4   0x08003db4   0x000000a4   Code   RO         3905    .text.osRtxThreadListSort  rtx_thread.o
    0x08003e58   0x08003e58   0x00000070   Code   RO         3909    .text.osRtxThreadReadyPut  rtx_thread.o
    0x08003ec8   0x08003ec8   0x00000014   Code   RO         3915    .text.osRtxThreadRegPtr  rtx_thread.o
    0x08003edc   0x08003edc   0x00000020   Code   RO         3925    .text.osRtxThreadStackCheck  rtx_thread.o
    0x08003efc   0x08003efc   0x00000024   Code   RO         3917    .text.osRtxThreadSwitch  rtx_thread.o
    0x08003f20   0x08003f20   0x0000014e   Code   RO         3923    .text.osRtxThreadWaitEnter  rtx_thread.o
    0x0800406e   0x0800406e   0x00000002   PAD
    0x08004070   0x08004070   0x000000ec   Code   RO         3921    .text.osRtxThreadWaitExit  rtx_thread.o
    0x0800415c   0x0800415c   0x00000082   Code   RO         3887    .text.osRtxTick_Handler  rtx_system.o
    0x080041de   0x080041de   0x00000002   PAD
    0x080041e0   0x080041e0   0x00000026   Code   RO         4067    .text.osRtxTimerSetup  rtx_timer.o
    0x08004206   0x08004206   0x00000002   PAD
    0x08004208   0x08004208   0x0000002a   Code   RO         4071    .text.osRtxTimerThread  rtx_timer.o
    0x08004232   0x08004232   0x00000002   PAD
    0x08004234   0x08004234   0x0000010a   Code   RO         4069    .text.osRtxTimerTick  rtx_timer.o
    0x0800433e   0x0800433e   0x00000002   PAD
    0x08004340   0x08004340   0x00000016   Code   RO         3598    .text.svcRtxKernelGetState  rtx_kernel.o
    0x08004356   0x08004356   0x00000002   PAD
    0x08004358   0x08004358   0x0000015e   Code   RO         3636    .text.svcRtxKernelInitialize  rtx_kernel.o
    0x080044b6   0x080044b6   0x00000002   PAD
    0x080044b8   0x080044b8   0x00000204   Code   RO         3803    .text.svcRtxMessageQueueGet  rtx_msgqueue.o
    0x080046bc   0x080046bc   0x00000164   Code   RO         3767    .text.svcRtxMessageQueueNew  rtx_msgqueue.o
    0x08004820   0x08004820   0x000001a2   Code   RO         3801    .text.svcRtxMessageQueuePut  rtx_msgqueue.o
    0x080049c2   0x080049c2   0x00000002   PAD
    0x080049c4   0x080049c4   0x000000e8   Code   RO         3837    .text.svcRtxMutexAcquire  rtx_mutex.o
    0x08004aac   0x08004aac   0x000000d4   Code   RO         3843    .text.svcRtxMutexDelete  rtx_mutex.o
    0x08004b80   0x08004b80   0x000000a8   Code   RO         3835    .text.svcRtxMutexNew  rtx_mutex.o
    0x08004c28   0x08004c28   0x000000f4   Code   RO         3839    .text.svcRtxMutexRelease  rtx_mutex.o
    0x08004d1c   0x08004d1c   0x0000001a   Code   RO         4198    x$fpl$fpinit        fz_wm.l(fpinit.o)
    0x08004d36   0x08004d36   0x00000002   PAD
    0x08004d38   0x08004d38   0x00000070   Data   RO         3680    .rodata             rtx_lib.o
    0x08004da8   0x08004da8   0x00000038   Data   RO         3683    .rodata             rtx_lib.o
    0x08004de0   0x08004de0   0x00000010   Data   RO         1138    .rodata.AHBPrescTable  system_stm32f4xx.o
    0x08004df0   0x08004df0   0x00000008   Data   RO         1139    .rodata.APBPrescTable  system_stm32f4xx.o
    0x08004df8   0x08004df8   0x00000008   Data   RO          792    .rodata.cst8        stm32f4xx_hal_dma.o
    0x08004e00   0x08004e00   0x00000004   Data   RO         3682    .rodata.osRtxUserSVC  rtx_lib.o
    0x08004e04   0x08004e04   0x00000024   Data   RO         3677    .rodata.os_idle_thread_attr  rtx_lib.o
    0x08004e28   0x08004e28   0x00000018   Data   RO         3679    .rodata.os_timer_mq_attr  rtx_lib.o
    0x08004e40   0x08004e40   0x00000024   Data   RO         3678    .rodata.os_timer_thread_attr  rtx_lib.o
    0x08004e64   0x08004e64   0x0000000b   Data   RO         3650    .rodata.str1.4      rtx_kernel.o
    0x08004e6f   0x08004e6f   0x00000001   PAD
    0x08004e70   0x08004e70   0x00000020   Data   RO         4522    Region$$Table       anon$$obj.o


    Execution Region RW_IRAM1 (Exec base: 0x20000000, Load base: 0x08004e90, Size: 0x00008f18, Max: 0x00020000, ABSOLUTE)

    Exec Addr    Load Addr    Size         Type   Attr      Idx    E Section Name        Object

    0x20000000   0x08004e90   0x00000008   Data   RW          976    .data..L_MergedGlobals  stm32f4xx_hal.o
    0x20000008   0x08004e98   0x00000004   Data   RW         1137    .data.SystemCoreClock  system_stm32f4xx.o
    0x2000000c   0x08004e9c   0x000000a4   Data   RW         3651    .data.os            rtx_kernel.o
    0x200000b0        -       0x00000060   Zero   RW         4377    .bss                c_w.l(libspace.o)
    0x20000110        -       0x00000060   Zero   RW           54    .bss.hdma_spi1_rx   spi.o
    0x20000170        -       0x00000060   Zero   RW           53    .bss.hdma_spi1_tx   spi.o
    0x200001d0        -       0x00000060   Zero   RW           90    .bss.hdma_usart2_tx  usart.o
    0x20000230        -       0x00000058   Zero   RW           52    .bss.hspi1          spi.o
    0x20000288        -       0x00000048   Zero   RW           73    .bss.htim1          tim.o
    0x200002d0        -       0x00000048   Zero   RW           74    .bss.htim2          tim.o
    0x20000318        -       0x00000048   Zero   RW          144    .bss.htim6          stm32f4xx_hal_timebase_tim.o
    0x20000360        -       0x00000048   Zero   RW           89    .bss.huart2         usart.o
    0x200003a8        -       0x00008040   Zero   RW         3676    .bss.os             rtx_lib.o
    0x200083e8        -       0x00000034   Zero   RW         3688    .bss.os.msgqueue.cb  rtx_lib.o
    0x2000841c        -       0x00000050   Zero   RW         3689    .bss.os.msgqueue.mem  rtx_lib.o
    0x2000846c        -       0x000000a0   Zero   RW         3685    .bss.os.thread.cb   rtx_lib.o
    0x2000850c   0x08004f40   0x00000004   PAD
    0x20008510        -       0x00000200   Zero   RW         3686    .bss.os.thread.idle.stack  rtx_lib.o
    0x20008710        -       0x00000200   Zero   RW         3687    .bss.os.thread.timer.stack  rtx_lib.o
    0x20008910        -       0x00000001   Zero   RW         3690    .bss.os_kernel_is_active.os_kernel_active  rtx_lib.o
    0x20008911   0x08004f40   0x00000003   PAD
    0x20008914        -       0x00000004   Zero   RW          975    .bss.uwTick         stm32f4xx_hal.o
    0x20008918        -       0x00000200   Zero   RW            2    HEAP                startup_stm32f446xx.o
    0x20008b18        -       0x00000400   Zero   RW            1    STACK               startup_stm32f446xx.o


==============================================================================

Image component sizes


      Code (inc. data)   RO Data    RW Data    ZI Data      Debug   Object Name

       108          0          0          0          0       3731   dma.o
       150          0          0          0          0       2231   gpio.o
       256         16          0          0          0        815   irq_armv7m.o
       228          0          0          0          0       6100   main.o
        12          0          0          0          0       4916   os_systick.o
         2          0          0          0          0        743   rtx_config.o
        92          0          0          0          0      25232   rtx_evr.o
       512          0         11        164          0      22269   rtx_kernel.o
       188          0        268          0      34149       9259   rtx_lib.o
       422          0          0          0          0       3339   rtx_memory.o
       356          0          0          0          0      20881   rtx_mempool.o
      2286          0          0          0          0      24918   rtx_msgqueue.o
      1174          0          0          0          0      11965   rtx_mutex.o
       446         36          0          0          0       5519   rtx_system.o
      2134         10          0          0          0      59047   rtx_thread.o
       346          0          0          0          0      13150   rtx_timer.o
       374          0          0          0        280       5423   spi.o
        64         26        452          0       1536        864   startup_stm32f446xx.o
        92          0          0          8          4       7545   stm32f4xx_hal.o
       152          0          0          0          0      10875   stm32f4xx_hal_cortex.o
       984          6          8          0          0      10620   stm32f4xx_hal_dma.o
       424          0          0          0          0       5597   stm32f4xx_hal_gpio.o
        56          0          0          0          0       1580   stm32f4xx_hal_msp.o
       494          0          0          0          0       7741   stm32f4xx_hal_rcc.o
      1148          4          0          0          0      11441   stm32f4xx_hal_rcc_ex.o
       176          0          0          0          0      26277   stm32f4xx_hal_spi.o
      1968          6          0          0          0      58533   stm32f4xx_hal_tim.o
       266          0          0          0          0      21980   stm32f4xx_hal_tim_ex.o
       178          0          0          0         72       7482   stm32f4xx_hal_timebase_tim.o
      2026          0          0          0          0      32848   stm32f4xx_hal_uart.o
        84          0          0          0          0       5933   stm32f4xx_it.o
        18          0         24          4          0       2723   system_stm32f4xx.o
       636          0          0          0        144       9744   tim.o
       252          0          0          0        168       7275   usart.o

    ----------------------------------------------------------------------
     18328        104        796        176      36360     448596   Object Totals
         0          0         32          0          0          0   (incl. Generated)
       224          0          1          0          7          0   (incl. Padding)

    ----------------------------------------------------------------------

      Code (inc. data)   RO Data    RW Data    ZI Data      Debug   Library Member Name

         8          0          0          0          0         68   __main.o
         0          0          0          0          0          0   __rtentry.o
        20          0          0          0          0          0   __rtentry2.o
         6          0          0          0          0          0   __rtentry4.o
        94          8          0          0          0          0   __scatter.o
        26          0          0          0          0          0   __scatter_copy.o
        28          0          0          0          0          0   __scatter_zi.o
        18          0          0          0          0         80   exit.o
         6          0          0          0          0        152   heapauxi.o
         0          0          0          0          0          0   indicate_semi.o
         2          0          0          0          0          0   libinit.o
         6          0          0          0          0          0   libinit2.o
         2          0          0          0          0          0   libshutdown.o
         2          0          0          0          0          0   libshutdown2.o
         8          4          0          0         96         68   libspace.o
       240          0          0          0          0        100   lludivv7m.o
        68          0          0          0          0         68   rt_memclr.o
        78          0          0          0          0         80   rt_memclr_w.o
       138          0          0          0          0         68   rt_memcpy_v6.o
       100          0          0          0          0         80   rt_memcpy_w.o
         2          0          0          0          0          0   rtexit.o
        10          0          0          0          0          0   rtexit2.o
        12          4          0          0          0         68   sys_exit.o
        74          0          0          0          0         80   sys_stackheap_outer.o
         2          0          0          0          0         68   use_no_semi.o
        26          0          0          0          0        116   fpinit.o

    ----------------------------------------------------------------------
       988         16          0          0         96       1096   Library Totals
        12          0          0          0          0          0   (incl. Padding)

    ----------------------------------------------------------------------

      Code (inc. data)   RO Data    RW Data    ZI Data      Debug   Library Name

       950         16          0          0         96        980   c_w.l
        26          0          0          0          0        116   fz_wm.l

    ----------------------------------------------------------------------
       988         16          0          0         96       1096   Library Totals

    ----------------------------------------------------------------------

==============================================================================


      Code (inc. data)   RO Data    RW Data    ZI Data      Debug   

     19316        120        796        176      36456     448724   Grand Totals
     19316        120        796        176      36456     448724   ELF Image Totals
     19316        120        796        176          0          0   ROM Totals

==============================================================================

    Total RO  Size (Code + RO Data)                20112 (  19.64kB)
    Total RW  Size (RW Data + ZI Data)             36632 (  35.77kB)
    Total ROM Size (Code + RO Data + RW Data)      20288 (  19.81kB)

==============================================================================

