  **** HLS Build v2025.1 6135595
INFO: [HLS 200-2005] Using work_dir C:/Users/ozair/Documents/Code_Drive/Drone/cnn/cnn 
INFO: [HLS 200-2176] Writing Vitis IDE component file C:/Users/ozair/Documents/Code_Drive/Drone/cnn/cnn/vitis-comp.json
INFO: [HLS 200-10] Creating and opening component 'C:/Users/ozair/Documents/Code_Drive/Drone/cnn/cnn'.
INFO: [HLS 200-1505] Using default flow_target 'vivado'
Resolution: For help on HLS 200-1505 see docs.xilinx.com/access/sources/dita/topic?Doc_Version=2025.1%20English&url=ug1448-hls-guidance&resourceid=200-1505.html
INFO: [HLS 200-2174] Applying component config ini file C:/Users/ozair/Documents/Code_Drive/Drone/hls_files/hls_run.tcl
WARNING: [HLS 200-1921] Skipping unknown config ini [hls] entry 'top=cnn_accel' from C:/Users/ozair/Documents/Code_Drive/Drone/hls_files/hls_run.tcl(4)
INFO: [HLS 200-1465] Applying config ini 'syn.file=./conv_pool.cpp' from C:/Users/ozair/Documents/Code_Drive/Drone/hls_files/hls_run.tcl(3)
INFO: [HLS 200-10] Adding design file 'C:/Users/ozair/Documents/Code_Drive/Drone/hls_files/conv_pool.cpp' to the project
INFO: [HLS 200-1465] Applying config ini 'tb.file=./testbench.cpp' from C:/Users/ozair/Documents/Code_Drive/Drone/hls_files/hls_run.tcl(5)
INFO: [HLS 200-10] Adding test bench file 'C:/Users/ozair/Documents/Code_Drive/Drone/hls_files/testbench.cpp' to the project
INFO: [HLS 200-1465] Applying config ini 'flow_target=vivado' from C:/Users/ozair/Documents/Code_Drive/Drone/hls_files/hls_run.tcl(6)
INFO: [HLS 200-1505] Using flow_target 'vivado'
Resolution: For help on HLS 200-1505 see docs.xilinx.com/access/sources/dita/topic?Doc_Version=2025.1%20English&url=ug1448-hls-guidance&resourceid=200-1505.html
INFO: [HLS 200-1465] Applying config ini 'part=xc7a100tfgg484-2L' from C:/Users/ozair/Documents/Code_Drive/Drone/hls_files/hls_run.tcl(1)
INFO: [HLS 200-1611] Setting target device to 'xc7a100t-fgg484-2L'
INFO: [HLS 200-1465] Applying config ini 'clock=10ns' from C:/Users/ozair/Documents/Code_Drive/Drone/hls_files/hls_run.tcl(7)
INFO: [SYN 201-201] Setting up clock 'default' with a period of 10ns.
INFO: [HLS 200-1465] Applying config ini 'csim.clean=0' from C:/Users/ozair/Documents/Code_Drive/Drone/hls_files/hls_run.tcl(11)
INFO: [HLS 200-1465] Applying config ini 'csim.code_analyzer=1' from C:/Users/ozair/Documents/Code_Drive/Drone/hls_files/hls_run.tcl(10)
INFO: [HLS 200-1465] Applying config ini 'csim.setup=0' from C:/Users/ozair/Documents/Code_Drive/Drone/hls_files/hls_run.tcl(9)
INFO: [HLS 200-1465] Applying config ini 'package.output.format=ip_catalog' from C:/Users/ozair/Documents/Code_Drive/Drone/hls_files/hls_run.tcl(8)
INFO: [HLS 200-1465] Applying config ini 'sim.O=0' from C:/Users/ozair/Documents/Code_Drive/Drone/hls_files/hls_run.tcl(12)
INFO: [HLS 200-2176] Writing Vitis IDE component file C:/Users/ozair/Documents/Code_Drive/Drone/cnn/cnn/vitis-comp.json
INFO: [SIM 211-200] Executing Code Analyzer instead of classic HLS C simulation
slxcmd:0:0: error: No top-level hardware function has been defined
ERROR: [SIM 211-200] Code Analyzer execution failed. Consider running the classic C simulation instead by disabling the hls.csim.code_analyzer option in the config file.
ERROR: Problem running csim: child process exited abnormally
INFO: [HLS 200-112] Total CPU user time: 1 seconds. Total CPU system time: 1 seconds. Total elapsed time: 4.63 seconds; peak allocated memory: 144.965 MB.
