07/02/25 14:44:15: Running xcd server. This server was built by gradle.
07/02/25 14:44:15: Server was asked to start on port: '64226'
07/02/25 14:44:15: Server is using token UUID: '8d4d0d54-5774-11f0-ade0-0433c2229f97'
07/02/25 14:44:15: SESSION_MGR: creating session with session uuid: '6d04a3e9-ade5-4ab9-8d63-1f78fcd2ec76' and name 'default'
07/02/25 14:44:15: Attempting to start server on port '64226'
07/02/25 14:44:15: Running Dispatch Server
07/02/25 14:44:15: Version 2.2.0
07/02/25 14:44:16: Dispatch Server: Accepted socket connection from client
07/02/25 14:44:16: Starting Socket connection
07/02/25 14:44:16: EXCHANGE_TOKEN received, server token: 8d4d0d54-5774-11f0-ade0-0433c2229f97, passed token: 8d4d0d54-5774-11f0-ade0-0433c2229f97
07/02/25 14:44:16: SESSION_MGR: creating session with session uuid: 'd9aefe9e-6445-4544-960b-b82bd140d247' and name 'Code Analyzer'
07/02/25 14:44:16: KERNEL_SVC: creating session with uuid: 'd9aefe9e-6445-4544-960b-b82bd140d247' and name 'Code Analyzer'
07/02/25 14:44:16: GUIDANCE_SMGR: creating guidance session with uuid: 'd9aefe9e-6445-4544-960b-b82bd140d247' and name 'Code Analyzer'
07/02/25 14:44:16: SESSION_MGR: closing session for UUID 'd9aefe9e-6445-4544-960b-b82bd140d247' with name ''
07/02/25 14:44:16: KERNEL_SVC: closing session for UUID 'd9aefe9e-6445-4544-960b-b82bd140d247' with name ''
07/02/25 14:44:16: GUIDANCE_SMGR: closing session for UUID 'd9aefe9e-6445-4544-960b-b82bd140d247' with name ''
07/02/25 14:44:16: STOP_SERVER received, server token: 8d4d0d54-5774-11f0-ade0-0433c2229f97, passed token: 8d4d0d54-5774-11f0-ade0-0433c2229f97
07/02/25 14:44:16: Socket received request to stop server.
07/02/25 14:44:16: Dispatch Server: do_await_stop
07/02/25 14:44:16: SERVER: destructor for server bound to port 64226
07/02/25 14:44:16: Server exiting with status 0.
07/02/25 14:44:16: Closing log file.
07/02/25 15:01:18: Running xcd server. This server was built by gradle.
07/02/25 15:01:18: Server was asked to start on port: '64337'
07/02/25 15:01:18: Server is using token UUID: 'ee998ffc-5776-11f0-b1be-0433c2229f97'
07/02/25 15:01:18: SESSION_MGR: creating session with session uuid: '6d04a3e9-ade5-4ab9-8d63-1f78fcd2ec76' and name 'default'
07/02/25 15:01:18: Attempting to start server on port '64337'
07/02/25 15:01:18: Running Dispatch Server
07/02/25 15:01:18: Version 2.2.0
07/02/25 15:01:18: Dispatch Server: Accepted socket connection from client
07/02/25 15:01:18: Starting Socket connection
07/02/25 15:01:18: EXCHANGE_TOKEN received, server token: ee998ffc-5776-11f0-b1be-0433c2229f97, passed token: ee998ffc-5776-11f0-b1be-0433c2229f97
07/02/25 15:01:18: SESSION_MGR: creating session with session uuid: '7ee3a290-7349-4da7-b4a8-915a4625fdd3' and name 'Code Analyzer'
07/02/25 15:01:18: KERNEL_SVC: creating session with uuid: '7ee3a290-7349-4da7-b4a8-915a4625fdd3' and name 'Code Analyzer'
07/02/25 15:01:18: GUIDANCE_SMGR: creating guidance session with uuid: '7ee3a290-7349-4da7-b4a8-915a4625fdd3' and name 'Code Analyzer'
07/02/25 15:01:18: SESSION_MGR: closing session for UUID '7ee3a290-7349-4da7-b4a8-915a4625fdd3' with name ''
07/02/25 15:01:18: KERNEL_SVC: closing session for UUID '7ee3a290-7349-4da7-b4a8-915a4625fdd3' with name ''
07/02/25 15:01:18: GUIDANCE_SMGR: closing session for UUID '7ee3a290-7349-4da7-b4a8-915a4625fdd3' with name ''
07/02/25 15:01:18: STOP_SERVER received, server token: ee998ffc-5776-11f0-b1be-0433c2229f97, passed token: ee998ffc-5776-11f0-b1be-0433c2229f97
07/02/25 15:01:18: Socket received request to stop server.
07/02/25 15:01:18: Dispatch Server: do_await_stop
07/02/25 15:01:18: SERVER: destructor for server bound to port 64337
07/02/25 15:01:18: Server exiting with status 0.
07/02/25 15:01:18: Closing log file.
07/02/25 15:10:11: Running xcd server. This server was built by gradle.
07/02/25 15:10:11: Server was asked to start on port: '64397'
07/02/25 15:10:11: Server is using token UUID: '2c88b9d2-5778-11f0-9056-0433c2229f97'
07/02/25 15:10:11: SESSION_MGR: creating session with session uuid: '6d04a3e9-ade5-4ab9-8d63-1f78fcd2ec76' and name 'default'
07/02/25 15:10:11: Attempting to start server on port '64397'
07/02/25 15:10:11: Running Dispatch Server
07/02/25 15:10:11: Version 2.2.0
07/02/25 15:10:11: Dispatch Server: Accepted socket connection from client
07/02/25 15:10:11: Starting Socket connection
07/02/25 15:10:11: EXCHANGE_TOKEN received, server token: 2c88b9d2-5778-11f0-9056-0433c2229f97, passed token: 2c88b9d2-5778-11f0-9056-0433c2229f97
07/02/25 15:10:11: SESSION_MGR: creating session with session uuid: 'aae0f484-92e5-4064-9e85-6b0842832e2c' and name 'Code Analyzer'
07/02/25 15:10:11: KERNEL_SVC: creating session with uuid: 'aae0f484-92e5-4064-9e85-6b0842832e2c' and name 'Code Analyzer'
07/02/25 15:10:11: GUIDANCE_SMGR: creating guidance session with uuid: 'aae0f484-92e5-4064-9e85-6b0842832e2c' and name 'Code Analyzer'
07/02/25 15:10:11: SESSION_MGR: closing session for UUID 'aae0f484-92e5-4064-9e85-6b0842832e2c' with name ''
07/02/25 15:10:11: KERNEL_SVC: closing session for UUID 'aae0f484-92e5-4064-9e85-6b0842832e2c' with name ''
07/02/25 15:10:11: GUIDANCE_SMGR: closing session for UUID 'aae0f484-92e5-4064-9e85-6b0842832e2c' with name ''
07/02/25 15:10:11: STOP_SERVER received, server token: 2c88b9d2-5778-11f0-9056-0433c2229f97, passed token: 2c88b9d2-5778-11f0-9056-0433c2229f97
07/02/25 15:10:11: Socket received request to stop server.
07/02/25 15:10:11: Dispatch Server: do_await_stop
07/02/25 15:10:11: SERVER: destructor for server bound to port 64397
07/02/25 15:10:11: Server exiting with status 0.
07/02/25 15:10:11: Closing log file.
07/02/25 15:11:27: Running xcd server. This server was built by gradle.
07/02/25 15:11:27: Server was asked to start on port: '64410'
07/02/25 15:11:27: Server is using token UUID: '59e50e0f-5778-11f0-959c-0433c2229f97'
07/02/25 15:11:27: SESSION_MGR: creating session with session uuid: '6d04a3e9-ade5-4ab9-8d63-1f78fcd2ec76' and name 'default'
07/02/25 15:11:27: Attempting to start server on port '64410'
07/02/25 15:11:27: Running Dispatch Server
07/02/25 15:11:27: Version 2.2.0
07/02/25 15:11:27: Dispatch Server: Accepted socket connection from client
07/02/25 15:11:27: Starting Socket connection
07/02/25 15:11:27: EXCHANGE_TOKEN received, server token: 59e50e0f-5778-11f0-959c-0433c2229f97, passed token: 59e50e0f-5778-11f0-959c-0433c2229f97
07/02/25 15:11:27: SESSION_MGR: creating session with session uuid: '820e18e3-0984-48a7-949b-e2d7bbd956ae' and name 'Code Analyzer'
07/02/25 15:11:27: KERNEL_SVC: creating session with uuid: '820e18e3-0984-48a7-949b-e2d7bbd956ae' and name 'Code Analyzer'
07/02/25 15:11:27: GUIDANCE_SMGR: creating guidance session with uuid: '820e18e3-0984-48a7-949b-e2d7bbd956ae' and name 'Code Analyzer'
07/02/25 15:11:27: SESSION_MGR: closing session for UUID '820e18e3-0984-48a7-949b-e2d7bbd956ae' with name ''
07/02/25 15:11:27: KERNEL_SVC: closing session for UUID '820e18e3-0984-48a7-949b-e2d7bbd956ae' with name ''
07/02/25 15:11:27: GUIDANCE_SMGR: closing session for UUID '820e18e3-0984-48a7-949b-e2d7bbd956ae' with name ''
07/02/25 15:11:27: STOP_SERVER received, server token: 59e50e0f-5778-11f0-959c-0433c2229f97, passed token: 59e50e0f-5778-11f0-959c-0433c2229f97
07/02/25 15:11:27: Socket received request to stop server.
07/02/25 15:11:27: Dispatch Server: do_await_stop
07/02/25 15:11:27: SERVER: destructor for server bound to port 64410
07/02/25 15:11:27: Server exiting with status 0.
07/02/25 15:11:27: Closing log file.
07/02/25 15:31:31: Running xcd server. This server was built by gradle.
07/02/25 15:31:31: Server was asked to start on port: '64504'
07/02/25 15:31:31: Server is using token UUID: '27bd7e03-577b-11f0-9ba6-0433c2229f97'
07/02/25 15:31:31: SESSION_MGR: creating session with session uuid: '6d04a3e9-ade5-4ab9-8d63-1f78fcd2ec76' and name 'default'
07/02/25 15:31:31: Attempting to start server on port '64504'
07/02/25 15:31:31: Running Dispatch Server
07/02/25 15:31:31: Version 2.2.0
07/02/25 15:31:31: Dispatch Server: Accepted socket connection from client
07/02/25 15:31:31: Starting Socket connection
07/02/25 15:31:31: EXCHANGE_TOKEN received, server token: 27bd7e03-577b-11f0-9ba6-0433c2229f97, passed token: 27bd7e03-577b-11f0-9ba6-0433c2229f97
07/02/25 15:31:31: SESSION_MGR: creating session with session uuid: 'b0bc2dae-6a1e-4777-ad41-9d6f3f1b91d3' and name 'Code Analyzer'
07/02/25 15:31:31: KERNEL_SVC: creating session with uuid: 'b0bc2dae-6a1e-4777-ad41-9d6f3f1b91d3' and name 'Code Analyzer'
07/02/25 15:31:31: GUIDANCE_SMGR: creating guidance session with uuid: 'b0bc2dae-6a1e-4777-ad41-9d6f3f1b91d3' and name 'Code Analyzer'
07/02/25 15:32:25: SESSION_MGR: closing session for UUID 'b0bc2dae-6a1e-4777-ad41-9d6f3f1b91d3' with name ''
07/02/25 15:32:25: KERNEL_SVC: closing session for UUID 'b0bc2dae-6a1e-4777-ad41-9d6f3f1b91d3' with name ''
07/02/25 15:32:25: GUIDANCE_SMGR: closing session for UUID 'b0bc2dae-6a1e-4777-ad41-9d6f3f1b91d3' with name ''
07/02/25 15:32:25: STOP_SERVER received, server token: 27bd7e03-577b-11f0-9ba6-0433c2229f97, passed token: 27bd7e03-577b-11f0-9ba6-0433c2229f97
07/02/25 15:32:25: Socket received request to stop server.
07/02/25 15:32:25: Dispatch Server: do_await_stop
07/02/25 15:32:25: SERVER: destructor for server bound to port 64504
07/02/25 15:32:25: Server exiting with status 0.
07/02/25 15:32:25: Closing log file.
